Running Mode: Nested CV with Predefined Hyperparameters
Arguements: Namespace(batch_size=128, best_params_file='config/best_params.yml', bin_alt=None, binning=None, cat_dims=[2], cat_idx=[0], class_comp=False, class_weights=None, config='config/black_friday.yml', data_parallel=False, dataset='Black_Friday', direction='minimize', dropna_idx=None, early_stopping_rounds=20, epochs=100, frequency_reg=False, gpu_ids=[0, 1], logging_period=100, miss_cat_idx=None, miss_num_idx=None, model_name='CatBoost', n_trials=100, nominal_idx=[0, 2, 3, 4, 5, 6, 7, 8], num_bins=10, num_classes=1, num_features=9, num_idx=None, num_splits=5, objective='regression', one_hot_encode=True, optimize_hyperparameters=False, ordinal_encode=True, ordinal_idx=[1], outer_splits=3, parameters={'Abalone': {'FTTransformer': {'learning_rate': 0.003346353491248373, 'weight_decay': 1.6039854113455462e-05}, 'MLP': {'d_block': 256, 'd_in': 10, 'd_out': 1, 'dropout': 0.03190847875416855, 'n_blocks': 2}, 'ResMLP': {'d_block': 256, 'd_hidden': 4, 'd_hidden_multiplier': 2.8762609772024286, 'd_in': 10, 'd_out': 13, 'dropout1': 0.36451371991488923, 'dropout2': 0.16141544478285838, 'n_blocks': 6}, 'SAINT': {'dim': 32, 'depth': 3, 'heads': 8, 'dropout': 0.8}, 'CatBoost': {'learning_rate': 0.21504074295681935, 'max_depth': 5, 'l2_leaf_reg': 10.538309275911207}, 'LightGBM': {'num_leaves': 10, 'lambda_l1': 0.0004905461472416862, 'lambda_l2': 4.8560469792408415e-05, 'learning_rate': 0.2628126398294097}, 'XGBoost': {'max_depth': 3, 'alpha': 0.31754394496574395, 'lambda': 0.00023658169410883335, 'eta': 0.052419276591241695}}, 'Allstate_Claims': {'FTTransformer': {'learning_rate': 0.0010788862572108022, 'weight_decay': 0.00025889495174850674}, 'MLP': {'d_block': 256, 'd_in': 1073, 'd_out': 1, 'dropout': 0.07682853251149886, 'n_blocks': 6}, 'ResMLP': {'d_block': 256, 'd_hidden': 6, 'd_hidden_multiplier': 1.6908700578519567, 'd_in': 1093, 'd_out': 311, 'dropout1': 0.40497738257298865, 'dropout2': 0.15707213143131246, 'n_blocks': 2}, 'SAINT': {'dim': 32, 'depth': 2, 'heads': 4, 'dropout': 0.4}, 'CatBoost': {'learning_rate': 0.2502833800217669, 'max_depth': 7, 'l2_leaf_reg': 2.463939819180679}, 'LightGBM': {'num_leaves': 30, 'lambda_l1': 3.1061998576175134e-08, 'lambda_l2': 4.235283519033495e-06, 'learning_rate': 0.08129154436932463}, 'XGBoost': {'max_depth': 4, 'alpha': 3.404949917072644e-07, 'lambda': 9.528801580499112e-08, 'eta': 0.14336552603624825}}, 'Black_Friday': {'FTTransformer': {'learning_rate': 0.00018442395349507182, "weight_decay'": 0.001611408166564025}, 'MLP': {'d_block': 256, 'd_in': 75, 'd_out': 1, 'dropout': 0.10721970311199958, 'n_blocks': 6}, 'ResMLP': {'d_block': 256, 'd_hidden': 2, 'd_hidden_multiplier': 3.238707896287477, 'd_in': 75, 'd_out': 36, 'dropout1': 0.1447794249707017, 'dropout2': 0.10652983108653614, 'n_blocks': 2}, 'SAINT': {'depth': 3, 'dim': 32, 'dropout': 0.5, 'heads': 2}, 'CatBoost': {'learning_rate': 0.0699928966757608, 'max_depth': 12, 'l2_leaf_reg': 0.60066810485453}, 'LightGBM': {'num_leaves': 82, 'lambda_l1': 0.15733308546736582, 'lambda_l2': 1.465534875984741e-07, 'learning_rate': 0.10434694857266238}, 'XGBoost': {'max_depth': 7, 'alpha': 6.986726717707178e-07, 'lambda': 5.465344165680221e-06, 'eta': 0.29400950414189186}}, 'Boston': {'FTTransformer': {'learning_rate': 0.005961637956043898, 'weight_decay': 8.92702675678448e-05}, 'MLP': {'d_block': 256, 'd_in': 14, 'd_out': 1, 'dropout': 0.19313939240578717, 'n_blocks': 2}, 'ResMLP': {'d_block': 256, 'd_hidden': 3, 'd_hidden_multiplier': 2.4381847417017717, 'd_in': 14, 'd_out': 10, 'dropout1': 0.4292852059127049, 'dropout2': 0.26527704540625047, 'n_blocks': 4}, 'SAINT': {'dim': 64, 'depth': 1, 'heads': 8, 'dropout': 0.3}, 'CatBoost': {'learning_rate': 0.2665320756964617, 'max_depth': 4, 'l2_leaf_reg': 0.804730457673769}, 'LightGBM': {'num_leaves': 3607, 'lambda_l1': 0.00017081282281981877, 'lambda_l2': 7.183937753408192e-07, 'learning_rate': 0.08999848013822337}, 'XGBoost': {'max_depth': 2, 'alpha': 8.462153008039433e-06, 'lambda': 1.9404218709476588e-05, 'eta': 0.09910985949066609}}, 'Brazillian_Houses': {'FTTransformer': {'learning_rate': 0.007246604745497065, 'weight_decay': 0.0029245663761010127}, 'MLP': {'d_block': 256, 'd_in': 17, 'd_out': 1, 'dropout': 0.07678813857296692, 'n_blocks': 5}, 'ResMLP': {'d_block': 256, 'd_hidden': 4, 'd_hidden_multiplier': 4.057211730145489, 'd_in': 17, 'd_out': 1095, 'dropout1': 0.4371413695633215, 'dropout2': 0.29149024331234025, 'n_blocks': 3}, 'SAINT': {'dim': 32, 'depth': 12, 'heads': 2, 'dropout': 0.2}, 'CatBoost': {'learning_rate': 0.016216033040678132, 'max_depth': 7, 'l2_leaf_reg': 0.6067570402684513}, 'LightGBM': {'num_leaves': 39, 'lambda_l1': 9.081048923197494e-06, 'lambda_l2': 2.8888932831719614, 'learning_rate': 0.060673244626302573}, 'XGBoost': {'max_depth': 2, 'alpha': 2.2083853825308624e-08, 'lambda': 0.0017040890821263966, 'eta': 0.24058442782041825}}, 'Diamonds': {'FTTransformer': {'learning_rate': 0.007101255154561158, 'weight_decay': 0.0009434149491471733}, 'MLP': {'d_block': 256, 'd_in': 9, 'd_out': 1, 'dropout': 0.23677836111066783, 'n_blocks': 6}, 'ResMLP': {'d_block': 256, 'd_hidden': 2, 'd_hidden_multiplier': 2.723561499824081, 'd_in': 9, 'd_out': 34, 'dropout1': 0.21310736716949388, 'dropout2': 0.09647228888528614, 'n_blocks': 5}, 'SAINT': {'depth': 1, 'dim': 256, 'dropout': 0.5, 'heads': 2}, 'CatBoost': {'learning_rate': 0.15112337670160492, 'max_depth': 10, 'l2_leaf_reg': 15.996172615472394}, 'LightGBM': {'num_leaves': 41, 'lambda_l1': 0.001764257201033146, 'lambda_l2': 1.3434715639555923e-05, 'learning_rate': 0.1759097275434853}, 'XGBoost': {'max_depth': 8, 'alpha': 0.016557454766339894, 'lambda': 2.1467882724430124e-07, 'eta': 0.13685411433920083}}, 'House_Prices_Nominal': {'FTTransformer': {'learning_rate': 0.0003973965546674877, 'weight_decay': 0.0012259613827403538}, 'MLP': {'d_block': 256, 'd_in': 109, 'd_out': 1, 'dropout': 0.20383999785660487, 'n_blocks': 2}, 'ResMLP': {'d_block': 256, 'd_hidden': 2, 'd_hidden_multiplier': 1.3709674297417445, 'd_in': 109, 'd_out': 17, 'dropout1': 0.4328849233188455, 'dropout2': 0.03863249998871383, 'n_blocks': 4}, 'SAINT': {'depth': 1, 'dim': 256, 'dropout': 0.1, 'heads': 8}, 'CatBoost': {'learning_rate': 0.23431250104041895, 'max_depth': 2, 'l2_leaf_reg': 1.6951988388463495}, 'LightGBM': {'num_leaves': 8, 'lambda_l1': 1.877030904417553e-05, 'lambda_l2': 0.110105768744722, 'learning_rate': 0.08355115347016198}, 'XGBoost': {'max_depth': 5, 'alpha': 0.017077444591583498, 'lambda': 0.0013165910056231439, 'eta': 0.18394165476867871}}, 'House_Sales': {'FTTransformer': {'learning_rate': 0.0008304138365966551, 'weight_decay': 1.4243260329863695e-05}, 'MLP': {'d_block': 256, 'd_in': 90, 'd_out': 1, 'dropout': 0.013522222134953151, 'n_blocks': 3}, 'ResMLP': {'d_block': 256, 'd_hidden': 3, 'd_hidden_multiplier': 4.237481136393337, 'd_in': 90, 'd_out': 131, 'dropout1': 0.04569104969076137, 'dropout2': 0.010941575331359225, 'n_blocks': 4}, 'SAINT': {'depth': 6, 'dim': 64, 'dropout': 0, 'heads': 8}, 'CatBoost': {'learning_rate': 0.2493128987457134, 'max_depth': 6, 'l2_leaf_reg': 1.701138175278075}, 'LightGBM': {'num_leaves': 16, 'lambda_l1': 0.0025789430178050363, 'lambda_l2': 3.5374912505595794e-05, 'learning_rate': 0.23810449603002587}, 'XGBoost': {'max_depth': 2, 'alpha': 0.009341918576561432, 'lambda': 1.6477053019350504e-06, 'eta': 0.25069941667869916}}, 'MIP': {'FTTransformer': {'learning_rate': 0.005478197312390903, 'weight_decay': 1.7129302740564993e-05}, 'MLP': {'d_block': 64, 'd_in': 151, 'd_out': 1, 'dropout': 0.2651113818434264, 'n_blocks': 6}, 'ResMLP': {'d_block': 256, 'd_hidden': 4, 'd_hidden_multiplier': 2.8943918828322444, 'd_in': 151, 'd_out': 80, 'dropout1': 0.46585676851386065, 'dropout2': 0.1740730761384721, 'n_blocks': 5}, 'SAINT': {'depth': 12, 'dim': 256, 'dropout': 0.3, 'heads': 2}, 'CatBoost': {'learning_rate': 0.07829044547427533, 'max_depth': 2, 'l2_leaf_reg': 0.8972340047247755}, 'LightGBM': {'num_leaves': 292, 'lambda_l1': 5.101905453725273e-08, 'lambda_l2': 2.8789360978920297e-05, 'learning_rate': 0.11093227123635475}, 'XGBoost': {'max_depth': 2, 'alpha': 0.00035509999996169325, 'lambda': 1.935368584660575e-07, 'eta': 0.07213372586209671}}, 'Mercedes_Benz': {'FTTransformer': {'learning_rate': 0.0003973965546674877, 'weight_decay': 0.0012259613827403538}, 'MLP': {'d_block': 256, 'd_in': 549, 'd_out': 1, 'dropout': 0.29646621574612675, 'n_blocks': 2}, 'ResMLP': {'d_block': 256, 'd_hidden': 2, 'd_hidden_multiplier': 2.2490677131211343, 'd_in': 547, 'd_out': 18, 'dropout1': 0.00954377334572581, 'dropout2': 0.17621231533002782, 'n_blocks': 4}, 'SAINT': {'dim': 256, 'depth': 2, 'heads': 4, 'dropout': 0.2}, 'CatBoost': {'learning_rate': 0.28010137414964426, 'max_depth': 2, 'l2_leaf_reg': 4.625185470081477}, 'LightGBM': {'num_leaves': 3, 'lambda_l1': 0.000776649282257678, 'lambda_l2': 0.0002397670653631374, 'learning_rate': 0.0613527271188514}, 'XGBoost': {'max_depth': 3, 'alpha': 1.80613318106913e-08, 'lambda': 0.4033325485614207, 'eta': 0.04373143886440441}}, 'Moneyball': {'FTTransformer': {'learning_rate': 0.008974241215295128, 'weight_decay': 7.459646430671164e-05}, 'MLP': {'d_block': 256, 'd_in': 48, 'd_out': 1, 'dropout': 0.04372445488402272, 'n_blocks': 6}, 'ResMLP': {'d_block': 256, 'd_hidden': 7, 'd_hidden_multiplier': 2.290032735440481, 'd_in': 48, 'd_out': 10, 'dropout1': 0.4078828219530447, 'dropout2': 0.16833482708406416, 'n_blocks': 2}, 'SAINT': {'dim': 128, 'depth': 6, 'heads': 2, 'dropout': 0.1}, 'CatBoost': {'learning_rate': 0.29875843445424805, 'max_depth': 6, 'l2_leaf_reg': 14.821662580370248}, 'LightGBM': {'num_leaves': 1215, 'lambda_l1': 0.0023925668929126614, 'lambda_l2': 3.895014161842395e-07, 'learning_rate': 0.08438882165065448}, 'XGBoost': {'max_depth': 2, 'alpha': 3.914045316230592e-05, 'lambda': 0.319811266659572, 'eta': 0.09464240000522656}}, 'SAT11': {'FTTransformer': {'learning_rate': 0.004544327453839196, 'weight_decay': 0.000312514807931228}, 'MLP': {'d_block': 256, 'd_in': 130, 'd_out': 1, 'dropout': 0.1541837529458395, 'n_blocks': 2}, 'ResMLP': {'d_block': 128, 'd_hidden': 2, 'd_hidden_multiplier': 1.2674975187110258, 'd_in': 130, 'd_out': 3, 'dropout1': 0.3407681665344991, 'dropout2': 0.21986827250639, 'n_blocks': 4}, 'SAINT': {'depth': 6, 'dim': 256, 'dropout': 0.1, 'heads': 4}, 'CatBoost': {'learning_rate': 0.21908640123079498, 'max_depth': 11, 'l2_leaf_reg': 9.313881685748441}, 'LightGBM': {'num_leaves': 762, 'lambda_l1': 1.87284499986866e-07, 'lambda_l2': 0.03085239769819928, 'learning_rate': 0.07085988305636355}, 'XGBoost': {'max_depth': 6, 'alpha': 1.2990735895136888e-06, 'lambda': 1.8060446939267034e-08, 'eta': 0.1331690599779273}}, 'Sensory': {'FTTransformer': {'learning_rate': 0.007837909586982108, 'weight_decay': 7.3601111536878155e-06}, 'MLP': {'d_block': 256, 'd_in': 36, 'd_out': 1, 'dropout': 0.16215696303563998, 'n_blocks': 2}, 'ResMLP': {'d_block': 256, 'd_hidden': 3, 'd_hidden_multiplier': 2.544110387653899, 'd_in': 36, 'd_out': 6, 'dropout1': 0.12905452512026205, 'dropout2': 0.02854369523746009, 'n_blocks': 5}, 'SAINT': {'dim': 64, 'depth': 1, 'heads': 2, 'dropout': 0.1}, 'CatBoost': {'learning_rate': 0.22802467975527588, 'max_depth': 2, 'l2_leaf_reg': 7.622245724828566}, 'LightGBM': {'num_leaves': 1297, 'lambda_l1': 1.7985521100597463e-06, 'lambda_l2': 0.14135964366804374, 'learning_rate': 0.14793326802930828}, 'XGBoost': {'max_depth': 2, 'alpha': 3.8628734334151045e-07, 'lambda': 0.04825003662277624, 'eta': 0.055937333566860314}}, 'Socmob': {'FTTransformer': {'learning_rate': 0.005567330402018387, 'weight_decay': 0.00020066904579140864}, 'MLP': {'d_block': 256, 'd_in': 39, 'd_out': 1, 'dropout': 0.2713416938393725, 'n_blocks': 3}, 'ResMLP': {'d_block': 256, 'd_hidden': 2, 'd_hidden_multiplier': 2.2103839284834628, 'd_in': 39, 'd_out': 40, 'dropout1': 0.3964088449977436, 'dropout2': 0.03875240542559993, 'n_blocks': 3}, 'SAINT': {'dim': 128, 'depth': 3, 'heads': 2, 'dropout': 0.6}, 'CatBoost': {'learning_rate': 0.06922414781810075, 'max_depth': 4, 'l2_leaf_reg': 2.5924822649610864}, 'LightGBM': {'num_leaves': 9, 'lambda_l1': 1.0423507318474041e-08, 'lambda_l2': 8.917849337877523e-06, 'learning_rate': 0.09425267922362643}, 'XGBoost': {'max_depth': 2, 'alpha': 6.105162617992694e-06, 'lambda': 6.755503372760612e-08, 'eta': 0.11623060221352166}}}, save_results=False, scale=False, seed=221, shuffle=True, strategy=None, target_encode=False, test_seed=None, use_gpu=True, val_batch_size=256, weighted_loss=False, y_distribution='multimodal')
--- Running Nested Cross-Validation with Predefined Hyperparameters ---
Dataset: Black_Friday, Model: CatBoost, Objective: regression
Loading dataset Black_Friday...
Dataset loaded! 

(166821, 9)
X : [['M' '36-45' '14' 'B' '4+' '0' 1 2 15]
 ['M' '51-55' '16' 'B' '1' '1' 1 2 5]
 ['M' '46-50' '12' 'C' '3' '1' 3 4 12]
 ['M' '55+' '1' 'B' '3' '1' 1 2 6]
 ['M' '0-17' '10' 'B' '2' '0' 1 15 16]]
X : [11918. 11662.  7984.  8164.  3970.]
Started Classification Module ...... 
Parameters Used HERE: {'learning_rate': 0.0699928966757608, 'max_depth': 12, 'l2_leaf_reg': 0.60066810485453}
~~~~~~~~~~~~~~~~~~~~~~~~~~~~~~~~~~~~~~~~~~~~~~~~~~~~~~~~~~~~~~~~~~~~~~~~~~~~~~~
TESTING MODEL
X_train shape: (83410, 9)
y_train shape: (83410,)
X_test shape: (83411, 9)
y_test shape: (83411,)
In Test Model, Seed is  0
--- Test Run 1/3 ---
~~~~~~~~~~~~~~~~~~~~~~~~~~~~~~~~~~~~~~~~~~~~~~~~~~~~~~~~~~~~~~~~~~~~~~~~~~~~~~~
BEFORE ANY ENCODING
num_features :9
num_classes : 1
cat_idx : [0]
nominal_idx : [0, 2, 3, 4, 5, 6, 7, 8]
ordinal_idx : [1]
num_idx : None
cat_dims : [2]
bin_alt : None 


X_train shape : (83410, 9)
~~~~~~~~~~~~~~~~~~~~~~~~~~~~~~~~~~~~~~~~~~~~~~~~~~~~~~~~~~~~~~~~~~~~~~~~~~~~~~~
~~~~~~~~~~~~~~~~~~~~~~~~~~~~~~~~~~~~~~~~~~~~~~~~~~~~~~~~~~~~~~~~~~~~~~~~~~~~~~~
AFTER getting cat idx
Nominal Index : [0, 2, 3, 4, 5, 6, 7, 8]
Ordinal Index : [1]
Cat Idx : [0]
Cat dims : [2]
~~~~~~~~~~~~~~~~~~~~~~~~~~~~~~~~~~~~~~~~~~~~~~~~~~~~~~~~~~~~~~~~~~~~~~~~~~~~~~~
BEFORE getting cat idx
Nominal Index : [0, 2, 3, 4, 5, 6, 7, 8]
Ordinal Index : [1]
Cat Idx : [0, 1, 2, 3, 4, 5, 6, 7, 8]
Cat dims : []
No one Hot for this Baby!!! 

~~~~~~~~~~~~~~~~~~~~~~~~~~~~~~~~~~~~~~~~~~~~~~~~~~~~~~~~~~~~~~~~~~~~~~~~~~~~~~~ 


AFTER SEPARATING CATEGORICALS AND NUMERICALS
Ordinal Index : [1]
Numerical Index V1 : []
Cat Idx V1 : [0, 1, 2, 3, 4, 5, 6, 7, 8] 
Cat Dims V1 : [2, 7, 21, 3, 5, 2, 12, 14, 15]
 

~~~~~~~~~~~~~~~~~~~~~~~~~~~~~~~~~~~~~~~~~~~~~~~~~~~~~~~~~~~~~~~~~~~~~~~~~~~~~~~ 


~~~~~~~~~~~~~~~~~~~~~~~~~~~~~~~~~~~~~~~~~~~~~~~~~~~~~~~~~~~~~~~~~~~~~~~~~~~~~~~
After OHE
Numerical Index V2 : [] 


OHE Idx : [0, 2, 3, 4, 5, 6, 7, 8]


Ordinal Idx V2: [1]


Cat Dims V2 : [2, 7, 21, 3, 5, 2, 12, 14, 15]
Cat Idx V2 : [0, 1, 2, 3, 4, 5, 6, 7, 8] 
 

Train: [[1.0 6.0 9.0 0.0 4.0]
 [1.0 3.0 6.0 0.0 1.0]
 [0.0 3.0 14.0 2.0 3.0]
 [1.0 2.0 18.0 1.0 1.0]
 [1.0 2.0 8.0 1.0 3.0]
 [1.0 3.0 8.0 1.0 3.0]
 [1.0 2.0 12.0 0.0 1.0]
 [1.0 1.0 15.0 0.0 2.0]
 [1.0 3.0 9.0 0.0 3.0]
 [1.0 2.0 4.0 0.0 1.0]] 
 
 
Val : (83410, 9) 
 

~~~~~~~~~~~~~~~~~~~~~~~~~~~~~~~~~~~~~~~~~~~~~~~~~~~~~~~~~~~~~~~~~~~~~~~~~~~~~~~
Cat Idx V3 : [0, 1, 2, 3, 4, 5, 6, 7, 8] 
 

~~~~~~~~~~~~~~~~~~~~~~~~~~~~~~~~~~~~~~~~~~~~~~~~~~~~~~~~~~~~~~~~~~~~~~~~~~~~~~~
After ORDINAL
Numerical Index V2 : [] 


OHE Idx : [0, 2, 3, 4, 5, 6, 7, 8]


Ordinal Idx V2: [1]


Cat Dims V2 : [2, 7, 21, 3, 5, 2, 12, 14, 15, 3, 8, 22, 4, 6, 3, 13, 15, 16]
Cat Idx V2 : [0, 1, 2, 3, 4, 5, 6, 7, 8] 
 

Train: [[1.0 6.0 9.0 0.0 4.0 1.0 5.0 5.0 9.0]
 [1.0 3.0 6.0 0.0 1.0 0.0 0.0 0.0 12.0]
 [0.0 3.0 14.0 2.0 3.0 1.0 0.0 0.0 5.0]
 [1.0 2.0 18.0 1.0 1.0 1.0 0.0 0.0 3.0]
 [1.0 2.0 8.0 1.0 3.0 0.0 0.0 0.0 11.0]
 [1.0 3.0 8.0 1.0 3.0 0.0 0.0 0.0 11.0]
 [1.0 2.0 12.0 0.0 1.0 1.0 0.0 0.0 11.0]
 [1.0 1.0 15.0 0.0 2.0 0.0 4.0 11.0 12.0]
 [1.0 3.0 9.0 0.0 3.0 1.0 1.0 5.0 14.0]
 [1.0 2.0 4.0 0.0 1.0 1.0 1.0 2.0 5.0]] 
 
 
Val : (83410, 9) 
 

FINISHED ENCODING
~~~~~~~~~~~~~~~~~~~~~~~~~~~~~~~~~~~~~~~~~~~~~~~~~~~~~~~~~~~~~~~~~~~~~~~~~~~~~~~


~~~~~~~~~~~~~~~~~~~~~~~~~~~~~~~~~~~~~~~~~~~~~~~~~~~~~~~~~~~~~~~~~~~~~~~~~~~~~~~
Test numpy array issues
X dtype: object
X Val dtype: object
X dtype: float32
X Val dtype: float32
After encoding : : WE ARE IN TRAIN.PY
~~~~~~~~~~~~~~~~~~~~~~~~~~~~~~~~~~~~~~~~~~~~~~~~~~~~~~~~~~~~~~~~~~~~~~~~~~~~~~~
num_features :9
num_classes : 1
cat_idx : [0, 1, 2, 3, 4, 5, 6, 7, 8]
nominal_idx : [0, 2, 3, 4, 5, 6, 7, 8]
ordinal_idx : [1]
num_idx : []
cat_dims : [2, 7, 21, 3, 5, 2, 12, 14, 15, 3, 8, 22, 4, 6, 3, 13, 15, 16]
~~~~~~~~~~~~~~~~~~~~~~~~~~~~~~~~~~~~~~~~~~~~~~~~~~~~~~~~~~~~~~~~~~~~~~~~~~~~~~~


~~~~~~~~~~~~~~~~~~~~~~~~~~~~~~~~~~~~~~~~~~~~~~~~~~~~~~~~~~~~~~~~~~~~~~~~~~~~~~~
BINNING INIT
BINNING END
~~~~~~~~~~~~~~~~~~~~~~~~~~~~~~~~~~~~~~~~~~~~~~~~~~~~~~~~~~~~~~~~~~~~~~~~~~~~~~~ 


Model : <catboost.core.CatBoostRegressor object at 0x7f772e09fa60>
Current Working Directory: /home/mburu/Master_Thesis/master-thesis-da/DNN_Trial
Model Parameters: {'learning_rate': 0.0699928966757608, 'max_depth': 12, 'l2_leaf_reg': 0.60066810485453, 'iterations': 100, 'od_type': 'Iter', 'od_wait': 20, 'verbose': 100, 'train_dir': 'output/CatBoost/Black_Friday/catboost_info', 'task_type': 'GPU', 'devices': [[0, 1]], 'cat_features': [0, 1, 2, 3, 4, 5, 6, 7, 8]}
Parameters Passed: {'learning_rate': 0.0699928966757608, 'max_depth': 12, 'l2_leaf_reg': 0.60066810485453, 'iterations': 100, 'od_type': 'Iter', 'od_wait': 20, 'verbose': 100, 'train_dir': 'output/CatBoost/Black_Friday/catboost_info', 'task_type': 'GPU', 'devices': [[0, 1]], 'cat_features': [0, 1, 2, 3, 4, 5, 6, 7, 8]}
{'learning_rate': 0.0699928966757608, 'max_depth': 12, 'l2_leaf_reg': 0.60066810485453, 'iterations': 100, 'od_type': 'Iter', 'od_wait': 20, 'verbose': 100, 'train_dir': 'output/CatBoost/Black_Friday/catboost_info', 'task_type': 'GPU', 'devices': [[0, 1]], 'cat_features': [0, 1, 2, 3, 4, 5, 6, 7, 8]}
0:	learn: 0.9694049	total: 8.63ms	remaining: 855ms
99:	learn: 0.6446298	total: 2.19s	remaining: 0us
Prediction shape : (83411,)
Prediction shape : (83411,)
Prediction Results : [12516.04689319 13837.13538994 10957.1762943   5735.04039247
 11851.8788212   6083.82654292 14663.70557663 14445.15159074
 14135.8303233  15067.57559752]
State of save is True b4 loss saving
Saving loss to file: output/CatBoost/Black_Friday/logging/loss_0.txt
Log file exists at: output/CatBoost/Black_Friday/logging/loss_0.txt
File name : output/CatBoost/Black_Friday/logging/loss_0.txt . The file was saved
Saving loss to file: output/CatBoost/Black_Friday/logging/test_loss_0.txt
Log file exists at: output/CatBoost/Black_Friday/logging/test_loss_0.txt
File name : output/CatBoost/Black_Friday/logging/test_loss_0.txt . The file was saved
Saved Losses and Regularization
±±±±±±±±±±±±±±±±±±±±±±±±±±±±±±±±±±±±±±±±±±±±±±±±±±±±±±±±±±±±±±±±±±±±±±±±±±± 

B4 Evaluation
Number of classes : 1
Prediction shape : (83411,)
±±±±±±±±±±±±±±±±±±±±±±±±±±±±±±±±±±±±±±±±±±±±±±±±±±±±±±±±±±±±±±±±±±±±±±±±±±± 

We are not in Class comp
After Evaluation
ERRORS: {'MSE': 12591555.467142189, 'R2': 0.513974491168979}
{'MSE - mean': 12591555.467142189, 'MSE - std': 0.0, 'R2 - mean': 0.513974491168979, 'R2 - std': 0.0} 
 

In Test Model, Seed is  1
--- Test Run 2/3 ---
~~~~~~~~~~~~~~~~~~~~~~~~~~~~~~~~~~~~~~~~~~~~~~~~~~~~~~~~~~~~~~~~~~~~~~~~~~~~~~~
BEFORE ANY ENCODING
num_features :9
num_classes : 1
cat_idx : [0]
nominal_idx : [0, 2, 3, 4, 5, 6, 7, 8]
ordinal_idx : [1]
num_idx : None
cat_dims : [2]
bin_alt : None 


X_train shape : (83410, 9)
~~~~~~~~~~~~~~~~~~~~~~~~~~~~~~~~~~~~~~~~~~~~~~~~~~~~~~~~~~~~~~~~~~~~~~~~~~~~~~~
~~~~~~~~~~~~~~~~~~~~~~~~~~~~~~~~~~~~~~~~~~~~~~~~~~~~~~~~~~~~~~~~~~~~~~~~~~~~~~~
AFTER getting cat idx
Nominal Index : [0, 2, 3, 4, 5, 6, 7, 8]
Ordinal Index : [1]
Cat Idx : [0]
Cat dims : [2]
~~~~~~~~~~~~~~~~~~~~~~~~~~~~~~~~~~~~~~~~~~~~~~~~~~~~~~~~~~~~~~~~~~~~~~~~~~~~~~~
BEFORE getting cat idx
Nominal Index : [0, 2, 3, 4, 5, 6, 7, 8]
Ordinal Index : [1]
Cat Idx : [0, 1, 2, 3, 4, 5, 6, 7, 8]
Cat dims : []
No one Hot for this Baby!!! 

~~~~~~~~~~~~~~~~~~~~~~~~~~~~~~~~~~~~~~~~~~~~~~~~~~~~~~~~~~~~~~~~~~~~~~~~~~~~~~~ 


AFTER SEPARATING CATEGORICALS AND NUMERICALS
Ordinal Index : [1]
Numerical Index V1 : []
Cat Idx V1 : [0, 1, 2, 3, 4, 5, 6, 7, 8] 
Cat Dims V1 : [2, 7, 21, 3, 5, 2, 12, 14, 15]
 

~~~~~~~~~~~~~~~~~~~~~~~~~~~~~~~~~~~~~~~~~~~~~~~~~~~~~~~~~~~~~~~~~~~~~~~~~~~~~~~ 


~~~~~~~~~~~~~~~~~~~~~~~~~~~~~~~~~~~~~~~~~~~~~~~~~~~~~~~~~~~~~~~~~~~~~~~~~~~~~~~
After OHE
Numerical Index V2 : [] 


OHE Idx : [0, 2, 3, 4, 5, 6, 7, 8]


Ordinal Idx V2: [1]


Cat Dims V2 : [2, 7, 21, 3, 5, 2, 12, 14, 15]
Cat Idx V2 : [0, 1, 2, 3, 4, 5, 6, 7, 8] 
 

Train: [[0.0 2.0 6.0 1.0 4.0]
 [1.0 2.0 12.0 0.0 0.0]
 [1.0 6.0 7.0 2.0 4.0]
 [1.0 3.0 4.0 1.0 2.0]
 [1.0 2.0 0.0 0.0 0.0]
 [1.0 2.0 9.0 1.0 3.0]
 [1.0 2.0 15.0 2.0 0.0]
 [1.0 5.0 17.0 1.0 4.0]
 [1.0 0.0 2.0 1.0 0.0]
 [0.0 2.0 15.0 0.0 0.0]] 
 
 
Val : (83410, 9) 
 

~~~~~~~~~~~~~~~~~~~~~~~~~~~~~~~~~~~~~~~~~~~~~~~~~~~~~~~~~~~~~~~~~~~~~~~~~~~~~~~
Cat Idx V3 : [0, 1, 2, 3, 4, 5, 6, 7, 8] 
 

~~~~~~~~~~~~~~~~~~~~~~~~~~~~~~~~~~~~~~~~~~~~~~~~~~~~~~~~~~~~~~~~~~~~~~~~~~~~~~~
After ORDINAL
Numerical Index V2 : [] 


OHE Idx : [0, 2, 3, 4, 5, 6, 7, 8]


Ordinal Idx V2: [1]


Cat Dims V2 : [2, 7, 21, 3, 5, 2, 12, 14, 15, 3, 8, 22, 4, 6, 3, 13, 15, 16]
Cat Idx V2 : [0, 1, 2, 3, 4, 5, 6, 7, 8] 
 

Train: [[0.0 2.0 6.0 1.0 4.0 1.0 4.0 5.0 10.0]
 [1.0 2.0 12.0 0.0 0.0 0.0 0.0 4.0 11.0]
 [1.0 6.0 7.0 2.0 4.0 1.0 0.0 0.0 5.0]
 [1.0 3.0 4.0 1.0 2.0 1.0 0.0 5.0 13.0]
 [1.0 2.0 0.0 0.0 0.0 0.0 0.0 0.0 11.0]
 [1.0 2.0 9.0 1.0 3.0 0.0 0.0 4.0 11.0]
 [1.0 2.0 15.0 2.0 0.0 1.0 0.0 8.0 11.0]
 [1.0 5.0 17.0 1.0 4.0 1.0 0.0 4.0 11.0]
 [1.0 0.0 2.0 1.0 0.0 0.0 6.0 11.0 13.0]
 [0.0 2.0 15.0 0.0 0.0 0.0 5.0 7.0 9.0]] 
 
 
Val : (83410, 9) 
 

FINISHED ENCODING
~~~~~~~~~~~~~~~~~~~~~~~~~~~~~~~~~~~~~~~~~~~~~~~~~~~~~~~~~~~~~~~~~~~~~~~~~~~~~~~


~~~~~~~~~~~~~~~~~~~~~~~~~~~~~~~~~~~~~~~~~~~~~~~~~~~~~~~~~~~~~~~~~~~~~~~~~~~~~~~
Test numpy array issues
X dtype: object
X Val dtype: object
X dtype: float32
X Val dtype: float32
After encoding : : WE ARE IN TRAIN.PY
~~~~~~~~~~~~~~~~~~~~~~~~~~~~~~~~~~~~~~~~~~~~~~~~~~~~~~~~~~~~~~~~~~~~~~~~~~~~~~~
num_features :9
num_classes : 1
cat_idx : [0, 1, 2, 3, 4, 5, 6, 7, 8]
nominal_idx : [0, 2, 3, 4, 5, 6, 7, 8]
ordinal_idx : [1]
num_idx : []
cat_dims : [2, 7, 21, 3, 5, 2, 12, 14, 15, 3, 8, 22, 4, 6, 3, 13, 15, 16]
~~~~~~~~~~~~~~~~~~~~~~~~~~~~~~~~~~~~~~~~~~~~~~~~~~~~~~~~~~~~~~~~~~~~~~~~~~~~~~~


~~~~~~~~~~~~~~~~~~~~~~~~~~~~~~~~~~~~~~~~~~~~~~~~~~~~~~~~~~~~~~~~~~~~~~~~~~~~~~~
BINNING INIT
BINNING END
~~~~~~~~~~~~~~~~~~~~~~~~~~~~~~~~~~~~~~~~~~~~~~~~~~~~~~~~~~~~~~~~~~~~~~~~~~~~~~~ 


Model : <catboost.core.CatBoostRegressor object at 0x7f772e09fb50>
Current Working Directory: /home/mburu/Master_Thesis/master-thesis-da/DNN_Trial
Model Parameters: {'learning_rate': 0.0699928966757608, 'max_depth': 12, 'l2_leaf_reg': 0.60066810485453, 'iterations': 100, 'od_type': 'Iter', 'od_wait': 20, 'verbose': 100, 'train_dir': 'output/CatBoost/Black_Friday/catboost_info', 'task_type': 'GPU', 'devices': [[0, 1]], 'cat_features': [0, 1, 2, 3, 4, 5, 6, 7, 8]}
Parameters Passed: {'learning_rate': 0.0699928966757608, 'max_depth': 12, 'l2_leaf_reg': 0.60066810485453, 'iterations': 100, 'od_type': 'Iter', 'od_wait': 20, 'verbose': 100, 'train_dir': 'output/CatBoost/Black_Friday/catboost_info', 'task_type': 'GPU', 'devices': [[0, 1]], 'cat_features': [0, 1, 2, 3, 4, 5, 6, 7, 8]}
{'learning_rate': 0.0699928966757608, 'max_depth': 12, 'l2_leaf_reg': 0.60066810485453, 'iterations': 100, 'od_type': 'Iter', 'od_wait': 20, 'verbose': 100, 'train_dir': 'output/CatBoost/Black_Friday/catboost_info', 'task_type': 'GPU', 'devices': [[0, 1]], 'cat_features': [0, 1, 2, 3, 4, 5, 6, 7, 8]}
0:	learn: 0.9697858	total: 3.54ms	remaining: 350ms
99:	learn: 0.6432194	total: 2.18s	remaining: 0us
Prediction shape : (83411,)
Prediction shape : (83411,)
Prediction Results : [12351.39619712 13303.0942432  12024.50255443  5679.02733143
 12127.34109855  6534.60650942 15123.94349055 14405.46148379
 14290.35366407 15012.4555557 ]
State of save is True b4 loss saving
Saving loss to file: output/CatBoost/Black_Friday/logging/loss_1.txt
Log file exists at: output/CatBoost/Black_Friday/logging/loss_1.txt
File name : output/CatBoost/Black_Friday/logging/loss_1.txt . The file was saved
Saving loss to file: output/CatBoost/Black_Friday/logging/test_loss_1.txt
Log file exists at: output/CatBoost/Black_Friday/logging/test_loss_1.txt
File name : output/CatBoost/Black_Friday/logging/test_loss_1.txt . The file was saved
Saved Losses and Regularization
±±±±±±±±±±±±±±±±±±±±±±±±±±±±±±±±±±±±±±±±±±±±±±±±±±±±±±±±±±±±±±±±±±±±±±±±±±± 

B4 Evaluation
Number of classes : 1
Prediction shape : (83411,)
±±±±±±±±±±±±±±±±±±±±±±±±±±±±±±±±±±±±±±±±±±±±±±±±±±±±±±±±±±±±±±±±±±±±±±±±±±± 

We are not in Class comp
After Evaluation
ERRORS: {'MSE': 12648312.00183454, 'R2': 0.5117837273888155}
{'MSE - mean': 12619933.734488364, 'MSE - std': 28378.267346175388, 'R2 - mean': 0.5128791092788972, 'R2 - std': 0.001095381890081737} 
 

In Test Model, Seed is  2
--- Test Run 3/3 ---
~~~~~~~~~~~~~~~~~~~~~~~~~~~~~~~~~~~~~~~~~~~~~~~~~~~~~~~~~~~~~~~~~~~~~~~~~~~~~~~
BEFORE ANY ENCODING
num_features :9
num_classes : 1
cat_idx : [0]
nominal_idx : [0, 2, 3, 4, 5, 6, 7, 8]
ordinal_idx : [1]
num_idx : None
cat_dims : [2]
bin_alt : None 


X_train shape : (83410, 9)
~~~~~~~~~~~~~~~~~~~~~~~~~~~~~~~~~~~~~~~~~~~~~~~~~~~~~~~~~~~~~~~~~~~~~~~~~~~~~~~
~~~~~~~~~~~~~~~~~~~~~~~~~~~~~~~~~~~~~~~~~~~~~~~~~~~~~~~~~~~~~~~~~~~~~~~~~~~~~~~
AFTER getting cat idx
Nominal Index : [0, 2, 3, 4, 5, 6, 7, 8]
Ordinal Index : [1]
Cat Idx : [0]
Cat dims : [2]
~~~~~~~~~~~~~~~~~~~~~~~~~~~~~~~~~~~~~~~~~~~~~~~~~~~~~~~~~~~~~~~~~~~~~~~~~~~~~~~
BEFORE getting cat idx
Nominal Index : [0, 2, 3, 4, 5, 6, 7, 8]
Ordinal Index : [1]
Cat Idx : [0, 1, 2, 3, 4, 5, 6, 7, 8]
Cat dims : []
No one Hot for this Baby!!! 

~~~~~~~~~~~~~~~~~~~~~~~~~~~~~~~~~~~~~~~~~~~~~~~~~~~~~~~~~~~~~~~~~~~~~~~~~~~~~~~ 


AFTER SEPARATING CATEGORICALS AND NUMERICALS
Ordinal Index : [1]
Numerical Index V1 : []
Cat Idx V1 : [0, 1, 2, 3, 4, 5, 6, 7, 8] 
Cat Dims V1 : [2, 7, 21, 3, 5, 2, 12, 14, 15]
 

~~~~~~~~~~~~~~~~~~~~~~~~~~~~~~~~~~~~~~~~~~~~~~~~~~~~~~~~~~~~~~~~~~~~~~~~~~~~~~~ 


~~~~~~~~~~~~~~~~~~~~~~~~~~~~~~~~~~~~~~~~~~~~~~~~~~~~~~~~~~~~~~~~~~~~~~~~~~~~~~~
After OHE
Numerical Index V2 : [] 


OHE Idx : [0, 2, 3, 4, 5, 6, 7, 8]


Ordinal Idx V2: [1]


Cat Dims V2 : [2, 7, 21, 3, 5, 2, 12, 14, 15]
Cat Idx V2 : [0, 1, 2, 3, 4, 5, 6, 7, 8] 
 

Train: [[1.0 2.0 6.0 2.0 1.0]
 [0.0 2.0 14.0 0.0 1.0]
 [0.0 2.0 1.0 0.0 2.0]
 [0.0 2.0 16.0 2.0 1.0]
 [1.0 5.0 13.0 2.0 0.0]
 [1.0 4.0 19.0 1.0 1.0]
 [1.0 5.0 0.0 2.0 4.0]
 [1.0 2.0 0.0 0.0 2.0]
 [1.0 5.0 0.0 2.0 4.0]
 [1.0 1.0 15.0 1.0 2.0]] 
 
 
Val : (83410, 9) 
 

~~~~~~~~~~~~~~~~~~~~~~~~~~~~~~~~~~~~~~~~~~~~~~~~~~~~~~~~~~~~~~~~~~~~~~~~~~~~~~~
Cat Idx V3 : [0, 1, 2, 3, 4, 5, 6, 7, 8] 
 

~~~~~~~~~~~~~~~~~~~~~~~~~~~~~~~~~~~~~~~~~~~~~~~~~~~~~~~~~~~~~~~~~~~~~~~~~~~~~~~
After ORDINAL
Numerical Index V2 : [] 


OHE Idx : [0, 2, 3, 4, 5, 6, 7, 8]


Ordinal Idx V2: [1]


Cat Dims V2 : [2, 7, 21, 3, 5, 2, 12, 14, 15, 3, 8, 22, 4, 6, 3, 13, 15, 16]
Cat Idx V2 : [0, 1, 2, 3, 4, 5, 6, 7, 8] 
 

Train: [[1.0 2.0 6.0 2.0 1.0 1.0 0.0 3.0 11.0]
 [0.0 2.0 14.0 0.0 1.0 1.0 0.0 0.0 12.0]
 [0.0 2.0 1.0 0.0 2.0 1.0 0.0 4.0 10.0]
 [0.0 2.0 16.0 2.0 1.0 0.0 0.0 12.0 14.0]
 [1.0 5.0 13.0 2.0 0.0 1.0 6.0 11.0 13.0]
 [1.0 4.0 19.0 1.0 1.0 1.0 5.0 7.0 12.0]
 [1.0 5.0 0.0 2.0 4.0 1.0 4.0 5.0 13.0]
 [1.0 2.0 0.0 0.0 2.0 0.0 0.0 0.0 11.0]
 [1.0 5.0 0.0 2.0 4.0 1.0 2.0 2.0 2.0]
 [1.0 1.0 15.0 1.0 2.0 1.0 1.0 3.0 4.0]] 
 
 
Val : (83410, 9) 
 

FINISHED ENCODING
~~~~~~~~~~~~~~~~~~~~~~~~~~~~~~~~~~~~~~~~~~~~~~~~~~~~~~~~~~~~~~~~~~~~~~~~~~~~~~~


~~~~~~~~~~~~~~~~~~~~~~~~~~~~~~~~~~~~~~~~~~~~~~~~~~~~~~~~~~~~~~~~~~~~~~~~~~~~~~~
Test numpy array issues
X dtype: object
X Val dtype: object
X dtype: float32
X Val dtype: float32
After encoding : : WE ARE IN TRAIN.PY
~~~~~~~~~~~~~~~~~~~~~~~~~~~~~~~~~~~~~~~~~~~~~~~~~~~~~~~~~~~~~~~~~~~~~~~~~~~~~~~
num_features :9
num_classes : 1
cat_idx : [0, 1, 2, 3, 4, 5, 6, 7, 8]
nominal_idx : [0, 2, 3, 4, 5, 6, 7, 8]
ordinal_idx : [1]
num_idx : []
cat_dims : [2, 7, 21, 3, 5, 2, 12, 14, 15, 3, 8, 22, 4, 6, 3, 13, 15, 16]
~~~~~~~~~~~~~~~~~~~~~~~~~~~~~~~~~~~~~~~~~~~~~~~~~~~~~~~~~~~~~~~~~~~~~~~~~~~~~~~


~~~~~~~~~~~~~~~~~~~~~~~~~~~~~~~~~~~~~~~~~~~~~~~~~~~~~~~~~~~~~~~~~~~~~~~~~~~~~~~
BINNING INIT
BINNING END
~~~~~~~~~~~~~~~~~~~~~~~~~~~~~~~~~~~~~~~~~~~~~~~~~~~~~~~~~~~~~~~~~~~~~~~~~~~~~~~ 


Model : <catboost.core.CatBoostRegressor object at 0x7f772e09fe50>
Current Working Directory: /home/mburu/Master_Thesis/master-thesis-da/DNN_Trial
Model Parameters: {'learning_rate': 0.0699928966757608, 'max_depth': 12, 'l2_leaf_reg': 0.60066810485453, 'iterations': 100, 'od_type': 'Iter', 'od_wait': 20, 'verbose': 100, 'train_dir': 'output/CatBoost/Black_Friday/catboost_info', 'task_type': 'GPU', 'devices': [[0, 1]], 'cat_features': [0, 1, 2, 3, 4, 5, 6, 7, 8]}
Parameters Passed: {'learning_rate': 0.0699928966757608, 'max_depth': 12, 'l2_leaf_reg': 0.60066810485453, 'iterations': 100, 'od_type': 'Iter', 'od_wait': 20, 'verbose': 100, 'train_dir': 'output/CatBoost/Black_Friday/catboost_info', 'task_type': 'GPU', 'devices': [[0, 1]], 'cat_features': [0, 1, 2, 3, 4, 5, 6, 7, 8]}
{'learning_rate': 0.0699928966757608, 'max_depth': 12, 'l2_leaf_reg': 0.60066810485453, 'iterations': 100, 'od_type': 'Iter', 'od_wait': 20, 'verbose': 100, 'train_dir': 'output/CatBoost/Black_Friday/catboost_info', 'task_type': 'GPU', 'devices': [[0, 1]], 'cat_features': [0, 1, 2, 3, 4, 5, 6, 7, 8]}
0:	learn: 0.9693625	total: 3.21ms	remaining: 318ms
99:	learn: 0.6425756	total: 2.13s	remaining: 0us
Prediction shape : (83411,)
Prediction shape : (83411,)
Prediction Results : [12377.08907033 13725.73595777 11086.17070829  5955.38214542
 12393.64204542  6335.56842696 14488.76711586 14559.18963822
 13505.22553799 14683.8933092 ]
State of save is True b4 loss saving
Saving loss to file: output/CatBoost/Black_Friday/logging/loss_2.txt
Log file exists at: output/CatBoost/Black_Friday/logging/loss_2.txt
File name : output/CatBoost/Black_Friday/logging/loss_2.txt . The file was saved
Saving loss to file: output/CatBoost/Black_Friday/logging/test_loss_2.txt
Log file exists at: output/CatBoost/Black_Friday/logging/test_loss_2.txt
File name : output/CatBoost/Black_Friday/logging/test_loss_2.txt . The file was saved
Saved Losses and Regularization
±±±±±±±±±±±±±±±±±±±±±±±±±±±±±±±±±±±±±±±±±±±±±±±±±±±±±±±±±±±±±±±±±±±±±±±±±±± 

B4 Evaluation
Number of classes : 1
Prediction shape : (83411,)
±±±±±±±±±±±±±±±±±±±±±±±±±±±±±±±±±±±±±±±±±±±±±±±±±±±±±±±±±±±±±±±±±±±±±±±±±±± 

We are not in Class comp
After Evaluation
ERRORS: {'MSE': 12604791.301112916, 'R2': 0.513463596946481}
{'MSE - mean': 12614886.256696546, 'MSE - std': 24245.37280592775, 'R2 - mean': 0.5130739385014252, 'R2 - std': 0.0009358549613309214} 
 

In Test Model, Seed is  3
--- Test Run 4/3 ---
~~~~~~~~~~~~~~~~~~~~~~~~~~~~~~~~~~~~~~~~~~~~~~~~~~~~~~~~~~~~~~~~~~~~~~~~~~~~~~~
BEFORE ANY ENCODING
num_features :9
num_classes : 1
cat_idx : [0]
nominal_idx : [0, 2, 3, 4, 5, 6, 7, 8]
ordinal_idx : [1]
num_idx : None
cat_dims : [2]
bin_alt : None 


X_train shape : (83410, 9)
~~~~~~~~~~~~~~~~~~~~~~~~~~~~~~~~~~~~~~~~~~~~~~~~~~~~~~~~~~~~~~~~~~~~~~~~~~~~~~~
~~~~~~~~~~~~~~~~~~~~~~~~~~~~~~~~~~~~~~~~~~~~~~~~~~~~~~~~~~~~~~~~~~~~~~~~~~~~~~~
AFTER getting cat idx
Nominal Index : [0, 2, 3, 4, 5, 6, 7, 8]
Ordinal Index : [1]
Cat Idx : [0]
Cat dims : [2]
~~~~~~~~~~~~~~~~~~~~~~~~~~~~~~~~~~~~~~~~~~~~~~~~~~~~~~~~~~~~~~~~~~~~~~~~~~~~~~~
BEFORE getting cat idx
Nominal Index : [0, 2, 3, 4, 5, 6, 7, 8]
Ordinal Index : [1]
Cat Idx : [0, 1, 2, 3, 4, 5, 6, 7, 8]
Cat dims : []
No one Hot for this Baby!!! 

~~~~~~~~~~~~~~~~~~~~~~~~~~~~~~~~~~~~~~~~~~~~~~~~~~~~~~~~~~~~~~~~~~~~~~~~~~~~~~~ 


AFTER SEPARATING CATEGORICALS AND NUMERICALS
Ordinal Index : [1]
Numerical Index V1 : []
Cat Idx V1 : [0, 1, 2, 3, 4, 5, 6, 7, 8] 
Cat Dims V1 : [2, 7, 21, 3, 5, 2, 12, 14, 15]
 

~~~~~~~~~~~~~~~~~~~~~~~~~~~~~~~~~~~~~~~~~~~~~~~~~~~~~~~~~~~~~~~~~~~~~~~~~~~~~~~ 


~~~~~~~~~~~~~~~~~~~~~~~~~~~~~~~~~~~~~~~~~~~~~~~~~~~~~~~~~~~~~~~~~~~~~~~~~~~~~~~
After OHE
Numerical Index V2 : [] 


OHE Idx : [0, 2, 3, 4, 5, 6, 7, 8]


Ordinal Idx V2: [1]


Cat Dims V2 : [2, 7, 21, 3, 5, 2, 12, 14, 15]
Cat Idx V2 : [0, 1, 2, 3, 4, 5, 6, 7, 8] 
 

Train: [[1.0 1.0 13.0 2.0 3.0]
 [1.0 2.0 9.0 1.0 1.0]
 [0.0 2.0 9.0 2.0 2.0]
 [1.0 1.0 15.0 2.0 4.0]
 [1.0 3.0 18.0 2.0 2.0]
 [1.0 3.0 13.0 0.0 2.0]
 [1.0 3.0 12.0 0.0 0.0]
 [0.0 1.0 15.0 1.0 2.0]
 [0.0 1.0 0.0 1.0 0.0]
 [0.0 1.0 15.0 1.0 3.0]] 
 
 
Val : (83410, 9) 
 

~~~~~~~~~~~~~~~~~~~~~~~~~~~~~~~~~~~~~~~~~~~~~~~~~~~~~~~~~~~~~~~~~~~~~~~~~~~~~~~
Cat Idx V3 : [0, 1, 2, 3, 4, 5, 6, 7, 8] 
 

~~~~~~~~~~~~~~~~~~~~~~~~~~~~~~~~~~~~~~~~~~~~~~~~~~~~~~~~~~~~~~~~~~~~~~~~~~~~~~~
After ORDINAL
Numerical Index V2 : [] 


OHE Idx : [0, 2, 3, 4, 5, 6, 7, 8]


Ordinal Idx V2: [1]


Cat Dims V2 : [2, 7, 21, 3, 5, 2, 12, 14, 15, 3, 8, 22, 4, 6, 3, 13, 15, 16]
Cat Idx V2 : [0, 1, 2, 3, 4, 5, 6, 7, 8] 
 

Train: [[1.0 1.0 13.0 2.0 3.0 0.0 0.0 12.0 12.0]
 [1.0 2.0 9.0 1.0 1.0 1.0 0.0 0.0 11.0]
 [0.0 2.0 9.0 2.0 2.0 1.0 0.0 3.0 10.0]
 [1.0 1.0 15.0 2.0 4.0 0.0 0.0 0.0 11.0]
 [1.0 3.0 18.0 2.0 2.0 1.0 0.0 4.0 4.0]
 [1.0 3.0 13.0 0.0 2.0 1.0 3.0 3.0 5.0]
 [1.0 3.0 12.0 0.0 0.0 0.0 0.0 10.0 12.0]
 [0.0 1.0 15.0 1.0 2.0 1.0 4.0 5.0 10.0]
 [0.0 1.0 0.0 1.0 0.0 0.0 10.0 11.0 12.0]
 [0.0 1.0 15.0 1.0 3.0 0.0 4.0 11.0 13.0]] 
 
 
Val : (83410, 9) 
 

FINISHED ENCODING
~~~~~~~~~~~~~~~~~~~~~~~~~~~~~~~~~~~~~~~~~~~~~~~~~~~~~~~~~~~~~~~~~~~~~~~~~~~~~~~


~~~~~~~~~~~~~~~~~~~~~~~~~~~~~~~~~~~~~~~~~~~~~~~~~~~~~~~~~~~~~~~~~~~~~~~~~~~~~~~
Test numpy array issues
X dtype: object
X Val dtype: object
X dtype: float32
X Val dtype: float32
After encoding : : WE ARE IN TRAIN.PY
~~~~~~~~~~~~~~~~~~~~~~~~~~~~~~~~~~~~~~~~~~~~~~~~~~~~~~~~~~~~~~~~~~~~~~~~~~~~~~~
num_features :9
num_classes : 1
cat_idx : [0, 1, 2, 3, 4, 5, 6, 7, 8]
nominal_idx : [0, 2, 3, 4, 5, 6, 7, 8]
ordinal_idx : [1]
num_idx : []
cat_dims : [2, 7, 21, 3, 5, 2, 12, 14, 15, 3, 8, 22, 4, 6, 3, 13, 15, 16]
~~~~~~~~~~~~~~~~~~~~~~~~~~~~~~~~~~~~~~~~~~~~~~~~~~~~~~~~~~~~~~~~~~~~~~~~~~~~~~~


~~~~~~~~~~~~~~~~~~~~~~~~~~~~~~~~~~~~~~~~~~~~~~~~~~~~~~~~~~~~~~~~~~~~~~~~~~~~~~~
BINNING INIT
BINNING END
~~~~~~~~~~~~~~~~~~~~~~~~~~~~~~~~~~~~~~~~~~~~~~~~~~~~~~~~~~~~~~~~~~~~~~~~~~~~~~~ 


Model : <catboost.core.CatBoostRegressor object at 0x7f772e09feb0>
Current Working Directory: /home/mburu/Master_Thesis/master-thesis-da/DNN_Trial
Model Parameters: {'learning_rate': 0.0699928966757608, 'max_depth': 12, 'l2_leaf_reg': 0.60066810485453, 'iterations': 100, 'od_type': 'Iter', 'od_wait': 20, 'verbose': 100, 'train_dir': 'output/CatBoost/Black_Friday/catboost_info', 'task_type': 'GPU', 'devices': [[0, 1]], 'cat_features': [0, 1, 2, 3, 4, 5, 6, 7, 8]}
Parameters Passed: {'learning_rate': 0.0699928966757608, 'max_depth': 12, 'l2_leaf_reg': 0.60066810485453, 'iterations': 100, 'od_type': 'Iter', 'od_wait': 20, 'verbose': 100, 'train_dir': 'output/CatBoost/Black_Friday/catboost_info', 'task_type': 'GPU', 'devices': [[0, 1]], 'cat_features': [0, 1, 2, 3, 4, 5, 6, 7, 8]}
{'learning_rate': 0.0699928966757608, 'max_depth': 12, 'l2_leaf_reg': 0.60066810485453, 'iterations': 100, 'od_type': 'Iter', 'od_wait': 20, 'verbose': 100, 'train_dir': 'output/CatBoost/Black_Friday/catboost_info', 'task_type': 'GPU', 'devices': [[0, 1]], 'cat_features': [0, 1, 2, 3, 4, 5, 6, 7, 8]}
0:	learn: 0.9695881	total: 4.2ms	remaining: 416ms
99:	learn: 0.6475568	total: 2.13s	remaining: 0us
Prediction shape : (83411,)
Prediction shape : (83411,)
Prediction Results : [12236.30915827 13417.44833981 10894.63887418  5208.75001445
 11504.49227899  6274.00362816 14913.82749549 14555.36182467
 13975.21162854 15057.0773437 ]
State of save is True b4 loss saving
Saving loss to file: output/CatBoost/Black_Friday/logging/loss_3.txt
Log file exists at: output/CatBoost/Black_Friday/logging/loss_3.txt
File name : output/CatBoost/Black_Friday/logging/loss_3.txt . The file was saved
Saving loss to file: output/CatBoost/Black_Friday/logging/test_loss_3.txt
Log file exists at: output/CatBoost/Black_Friday/logging/test_loss_3.txt
File name : output/CatBoost/Black_Friday/logging/test_loss_3.txt . The file was saved
Saved Losses and Regularization
±±±±±±±±±±±±±±±±±±±±±±±±±±±±±±±±±±±±±±±±±±±±±±±±±±±±±±±±±±±±±±±±±±±±±±±±±±± 

B4 Evaluation
Number of classes : 1
Prediction shape : (83411,)
±±±±±±±±±±±±±±±±±±±±±±±±±±±±±±±±±±±±±±±±±±±±±±±±±±±±±±±±±±±±±±±±±±±±±±±±±±± 

We are not in Class comp
After Evaluation
ERRORS: {'MSE': 12649992.788357917, 'R2': 0.5117188501679358}
{'MSE - mean': 12623662.889611889, 'MSE - std': 25922.31534538961, 'R2 - mean': 0.5127351664180528, 'R2 - std': 0.0010005838070362065} 
 

In Test Model, Seed is  4
--- Test Run 5/3 ---
~~~~~~~~~~~~~~~~~~~~~~~~~~~~~~~~~~~~~~~~~~~~~~~~~~~~~~~~~~~~~~~~~~~~~~~~~~~~~~~
BEFORE ANY ENCODING
num_features :9
num_classes : 1
cat_idx : [0]
nominal_idx : [0, 2, 3, 4, 5, 6, 7, 8]
ordinal_idx : [1]
num_idx : None
cat_dims : [2]
bin_alt : None 


X_train shape : (83410, 9)
~~~~~~~~~~~~~~~~~~~~~~~~~~~~~~~~~~~~~~~~~~~~~~~~~~~~~~~~~~~~~~~~~~~~~~~~~~~~~~~
~~~~~~~~~~~~~~~~~~~~~~~~~~~~~~~~~~~~~~~~~~~~~~~~~~~~~~~~~~~~~~~~~~~~~~~~~~~~~~~
AFTER getting cat idx
Nominal Index : [0, 2, 3, 4, 5, 6, 7, 8]
Ordinal Index : [1]
Cat Idx : [0]
Cat dims : [2]
~~~~~~~~~~~~~~~~~~~~~~~~~~~~~~~~~~~~~~~~~~~~~~~~~~~~~~~~~~~~~~~~~~~~~~~~~~~~~~~
BEFORE getting cat idx
Nominal Index : [0, 2, 3, 4, 5, 6, 7, 8]
Ordinal Index : [1]
Cat Idx : [0, 1, 2, 3, 4, 5, 6, 7, 8]
Cat dims : []
No one Hot for this Baby!!! 

~~~~~~~~~~~~~~~~~~~~~~~~~~~~~~~~~~~~~~~~~~~~~~~~~~~~~~~~~~~~~~~~~~~~~~~~~~~~~~~ 


AFTER SEPARATING CATEGORICALS AND NUMERICALS
Ordinal Index : [1]
Numerical Index V1 : []
Cat Idx V1 : [0, 1, 2, 3, 4, 5, 6, 7, 8] 
Cat Dims V1 : [2, 7, 21, 3, 5, 2, 12, 14, 15]
 

~~~~~~~~~~~~~~~~~~~~~~~~~~~~~~~~~~~~~~~~~~~~~~~~~~~~~~~~~~~~~~~~~~~~~~~~~~~~~~~ 


~~~~~~~~~~~~~~~~~~~~~~~~~~~~~~~~~~~~~~~~~~~~~~~~~~~~~~~~~~~~~~~~~~~~~~~~~~~~~~~
After OHE
Numerical Index V2 : [] 


OHE Idx : [0, 2, 3, 4, 5, 6, 7, 8]


Ordinal Idx V2: [1]


Cat Dims V2 : [2, 7, 21, 3, 5, 2, 12, 14, 15]
Cat Idx V2 : [0, 1, 2, 3, 4, 5, 6, 7, 8] 
 

Train: [[1.0 3.0 12.0 2.0 2.0]
 [1.0 3.0 0.0 2.0 1.0]
 [1.0 2.0 16.0 1.0 3.0]
 [1.0 5.0 18.0 2.0 4.0]
 [1.0 2.0 17.0 0.0 3.0]
 [1.0 2.0 1.0 2.0 4.0]
 [1.0 2.0 9.0 1.0 4.0]
 [1.0 6.0 5.0 2.0 2.0]
 [0.0 2.0 17.0 2.0 0.0]
 [1.0 3.0 1.0 1.0 3.0]] 
 
 
Val : (83410, 9) 
 

~~~~~~~~~~~~~~~~~~~~~~~~~~~~~~~~~~~~~~~~~~~~~~~~~~~~~~~~~~~~~~~~~~~~~~~~~~~~~~~
Cat Idx V3 : [0, 1, 2, 3, 4, 5, 6, 7, 8] 
 

~~~~~~~~~~~~~~~~~~~~~~~~~~~~~~~~~~~~~~~~~~~~~~~~~~~~~~~~~~~~~~~~~~~~~~~~~~~~~~~
After ORDINAL
Numerical Index V2 : [] 


OHE Idx : [0, 2, 3, 4, 5, 6, 7, 8]


Ordinal Idx V2: [1]


Cat Dims V2 : [2, 7, 21, 3, 5, 2, 12, 14, 15, 3, 8, 22, 4, 6, 3, 13, 15, 16]
Cat Idx V2 : [0, 1, 2, 3, 4, 5, 6, 7, 8] 
 

Train: [[1.0 3.0 12.0 2.0 2.0 0.0 0.0 12.0 12.0]
 [1.0 3.0 0.0 2.0 1.0 0.0 0.0 0.0 9.0]
 [1.0 2.0 16.0 1.0 3.0 0.0 4.0 11.0 13.0]
 [1.0 5.0 18.0 2.0 4.0 1.0 0.0 0.0 11.0]
 [1.0 2.0 17.0 0.0 3.0 0.0 4.0 5.0 10.0]
 [1.0 2.0 1.0 2.0 4.0 0.0 4.0 5.0 10.0]
 [1.0 2.0 9.0 1.0 4.0 0.0 1.0 2.0 2.0]
 [1.0 6.0 5.0 2.0 2.0 1.0 0.0 0.0 10.0]
 [0.0 2.0 17.0 2.0 0.0 0.0 2.0 2.0 2.0]
 [1.0 3.0 1.0 1.0 3.0 1.0 6.0 10.0 10.0]] 
 
 
Val : (83410, 9) 
 

FINISHED ENCODING
~~~~~~~~~~~~~~~~~~~~~~~~~~~~~~~~~~~~~~~~~~~~~~~~~~~~~~~~~~~~~~~~~~~~~~~~~~~~~~~


~~~~~~~~~~~~~~~~~~~~~~~~~~~~~~~~~~~~~~~~~~~~~~~~~~~~~~~~~~~~~~~~~~~~~~~~~~~~~~~
Test numpy array issues
X dtype: object
X Val dtype: object
X dtype: float32
X Val dtype: float32
After encoding : : WE ARE IN TRAIN.PY
~~~~~~~~~~~~~~~~~~~~~~~~~~~~~~~~~~~~~~~~~~~~~~~~~~~~~~~~~~~~~~~~~~~~~~~~~~~~~~~
num_features :9
num_classes : 1
cat_idx : [0, 1, 2, 3, 4, 5, 6, 7, 8]
nominal_idx : [0, 2, 3, 4, 5, 6, 7, 8]
ordinal_idx : [1]
num_idx : []
cat_dims : [2, 7, 21, 3, 5, 2, 12, 14, 15, 3, 8, 22, 4, 6, 3, 13, 15, 16]
~~~~~~~~~~~~~~~~~~~~~~~~~~~~~~~~~~~~~~~~~~~~~~~~~~~~~~~~~~~~~~~~~~~~~~~~~~~~~~~


~~~~~~~~~~~~~~~~~~~~~~~~~~~~~~~~~~~~~~~~~~~~~~~~~~~~~~~~~~~~~~~~~~~~~~~~~~~~~~~
BINNING INIT
BINNING END
~~~~~~~~~~~~~~~~~~~~~~~~~~~~~~~~~~~~~~~~~~~~~~~~~~~~~~~~~~~~~~~~~~~~~~~~~~~~~~~ 


Model : <catboost.core.CatBoostRegressor object at 0x7f772e09f9d0>
Current Working Directory: /home/mburu/Master_Thesis/master-thesis-da/DNN_Trial
Model Parameters: {'learning_rate': 0.0699928966757608, 'max_depth': 12, 'l2_leaf_reg': 0.60066810485453, 'iterations': 100, 'od_type': 'Iter', 'od_wait': 20, 'verbose': 100, 'train_dir': 'output/CatBoost/Black_Friday/catboost_info', 'task_type': 'GPU', 'devices': [[0, 1]], 'cat_features': [0, 1, 2, 3, 4, 5, 6, 7, 8]}
Parameters Passed: {'learning_rate': 0.0699928966757608, 'max_depth': 12, 'l2_leaf_reg': 0.60066810485453, 'iterations': 100, 'od_type': 'Iter', 'od_wait': 20, 'verbose': 100, 'train_dir': 'output/CatBoost/Black_Friday/catboost_info', 'task_type': 'GPU', 'devices': [[0, 1]], 'cat_features': [0, 1, 2, 3, 4, 5, 6, 7, 8]}
{'learning_rate': 0.0699928966757608, 'max_depth': 12, 'l2_leaf_reg': 0.60066810485453, 'iterations': 100, 'od_type': 'Iter', 'od_wait': 20, 'verbose': 100, 'train_dir': 'output/CatBoost/Black_Friday/catboost_info', 'task_type': 'GPU', 'devices': [[0, 1]], 'cat_features': [0, 1, 2, 3, 4, 5, 6, 7, 8]}
0:	learn: 0.9708325	total: 4.27ms	remaining: 423ms
99:	learn: 0.6525156	total: 2.19s	remaining: 0us
Prediction shape : (83411,)
Prediction shape : (83411,)
Prediction Results : [12786.97976675 13148.94087142 11516.73830748  5789.10003909
 11881.84182838  6687.87045401 15135.19308917 14108.17009717
 13828.93765016 14801.75160292]
State of save is True b4 loss saving
Saving loss to file: output/CatBoost/Black_Friday/logging/loss_4.txt
Log file exists at: output/CatBoost/Black_Friday/logging/loss_4.txt
File name : output/CatBoost/Black_Friday/logging/loss_4.txt . The file was saved
Saving loss to file: output/CatBoost/Black_Friday/logging/test_loss_4.txt
Log file exists at: output/CatBoost/Black_Friday/logging/test_loss_4.txt
File name : output/CatBoost/Black_Friday/logging/test_loss_4.txt . The file was saved
Saved Losses and Regularization
±±±±±±±±±±±±±±±±±±±±±±±±±±±±±±±±±±±±±±±±±±±±±±±±±±±±±±±±±±±±±±±±±±±±±±±±±±± 

B4 Evaluation
Number of classes : 1
Prediction shape : (83411,)
±±±±±±±±±±±±±±±±±±±±±±±±±±±±±±±±±±±±±±±±±±±±±±±±±±±±±±±±±±±±±±±±±±±±±±±±±±± 

We are not in Class comp
After Evaluation
ERRORS: {'MSE': 12597410.675103076, 'R2': 0.5137484841092534}
{'MSE - mean': 12618412.446710126, 'MSE - std': 25452.735588760374, 'R2 - mean': 0.512937829956293, 'R2 - std': 0.0009824583466236504} 
 

Saving model.....
Results After CV: {'MSE - mean': 12618412.446710126, 'MSE - std': 25452.735588760374, 'R2 - mean': 0.512937829956293, 'R2 - std': 0.0009824583466236504}
Train time: 4.3656223398
Inference time: 0.7239040018000018
Finished cross validation

--- Testin on Final Model Finished ---
Aggregated Results: {'MSE - mean': 12618412.446710126, 'MSE - std': 25452.735588760374, 'R2 - mean': 0.512937829956293, 'R2 - std': 0.0009824583466236504}
Avg Outer Fold Train Time: 4.3656 sec
Avg Outer Fold Inference Time: 0.7239 sec
