/home/mburu/.local/lib/python3.8/site-packages/sklearn/preprocessing/_discretization.py:322: UserWarning: Bins whose width are too small (i.e., <= 1e-8) in feature 0 are removed. Consider decreasing the number of bins.
  warnings.warn(
/home/mburu/.local/lib/python3.8/site-packages/sklearn/preprocessing/_discretization.py:322: UserWarning: Bins whose width are too small (i.e., <= 1e-8) in feature 0 are removed. Consider decreasing the number of bins.
  warnings.warn(
/home/mburu/.local/lib/python3.8/site-packages/sklearn/preprocessing/_discretization.py:322: UserWarning: Bins whose width are too small (i.e., <= 1e-8) in feature 0 are removed. Consider decreasing the number of bins.
  warnings.warn(
/home/mburu/.local/lib/python3.8/site-packages/sklearn/preprocessing/_discretization.py:322: UserWarning: Bins whose width are too small (i.e., <= 1e-8) in feature 0 are removed. Consider decreasing the number of bins.
  warnings.warn(
/home/mburu/.local/lib/python3.8/site-packages/sklearn/preprocessing/_discretization.py:322: UserWarning: Bins whose width are too small (i.e., <= 1e-8) in feature 0 are removed. Consider decreasing the number of bins.
  warnings.warn(
/home/mburu/.local/lib/python3.8/site-packages/sklearn/preprocessing/_discretization.py:322: UserWarning: Bins whose width are too small (i.e., <= 1e-8) in feature 0 are removed. Consider decreasing the number of bins.
  warnings.warn(
/home/mburu/.local/lib/python3.8/site-packages/sklearn/preprocessing/_discretization.py:322: UserWarning: Bins whose width are too small (i.e., <= 1e-8) in feature 0 are removed. Consider decreasing the number of bins.
  warnings.warn(
/home/mburu/.local/lib/python3.8/site-packages/sklearn/preprocessing/_discretization.py:322: UserWarning: Bins whose width are too small (i.e., <= 1e-8) in feature 0 are removed. Consider decreasing the number of bins.
  warnings.warn(
/home/mburu/.local/lib/python3.8/site-packages/sklearn/preprocessing/_discretization.py:322: UserWarning: Bins whose width are too small (i.e., <= 1e-8) in feature 0 are removed. Consider decreasing the number of bins.
  warnings.warn(
/home/mburu/.local/lib/python3.8/site-packages/sklearn/preprocessing/_discretization.py:322: UserWarning: Bins whose width are too small (i.e., <= 1e-8) in feature 0 are removed. Consider decreasing the number of bins.
  warnings.warn(
/home/mburu/.local/lib/python3.8/site-packages/sklearn/preprocessing/_discretization.py:322: UserWarning: Bins whose width are too small (i.e., <= 1e-8) in feature 0 are removed. Consider decreasing the number of bins.
  warnings.warn(
/home/mburu/.local/lib/python3.8/site-packages/sklearn/preprocessing/_discretization.py:322: UserWarning: Bins whose width are too small (i.e., <= 1e-8) in feature 0 are removed. Consider decreasing the number of bins.
  warnings.warn(
/home/mburu/.local/lib/python3.8/site-packages/sklearn/base.py:1152: ConvergenceWarning: Number of distinct clusters (23) found smaller than n_clusters (60). Possibly due to duplicate points in X.
  return fit_method(estimator, *args, **kwargs)
/home/mburu/.local/lib/python3.8/site-packages/sklearn/preprocessing/_discretization.py:322: UserWarning: Bins whose width are too small (i.e., <= 1e-8) in feature 0 are removed. Consider decreasing the number of bins.
  warnings.warn(
/home/mburu/.local/lib/python3.8/site-packages/sklearn/base.py:1152: ConvergenceWarning: Number of distinct clusters (23) found smaller than n_clusters (60). Possibly due to duplicate points in X.
  return fit_method(estimator, *args, **kwargs)
/home/mburu/.local/lib/python3.8/site-packages/sklearn/preprocessing/_discretization.py:322: UserWarning: Bins whose width are too small (i.e., <= 1e-8) in feature 0 are removed. Consider decreasing the number of bins.
  warnings.warn(
/home/mburu/.local/lib/python3.8/site-packages/sklearn/base.py:1152: ConvergenceWarning: Number of distinct clusters (21) found smaller than n_clusters (45). Possibly due to duplicate points in X.
  return fit_method(estimator, *args, **kwargs)
/home/mburu/.local/lib/python3.8/site-packages/sklearn/preprocessing/_discretization.py:322: UserWarning: Bins whose width are too small (i.e., <= 1e-8) in feature 0 are removed. Consider decreasing the number of bins.
  warnings.warn(
/home/mburu/.local/lib/python3.8/site-packages/sklearn/base.py:1152: ConvergenceWarning: Number of distinct clusters (23) found smaller than n_clusters (60). Possibly due to duplicate points in X.
  return fit_method(estimator, *args, **kwargs)
/home/mburu/.local/lib/python3.8/site-packages/sklearn/preprocessing/_discretization.py:322: UserWarning: Bins whose width are too small (i.e., <= 1e-8) in feature 0 are removed. Consider decreasing the number of bins.
  warnings.warn(
/home/mburu/.local/lib/python3.8/site-packages/sklearn/base.py:1152: ConvergenceWarning: Number of distinct clusters (23) found smaller than n_clusters (60). Possibly due to duplicate points in X.
  return fit_method(estimator, *args, **kwargs)
/home/mburu/.local/lib/python3.8/site-packages/sklearn/preprocessing/_discretization.py:322: UserWarning: Bins whose width are too small (i.e., <= 1e-8) in feature 0 are removed. Consider decreasing the number of bins.
  warnings.warn(
/home/mburu/.local/lib/python3.8/site-packages/sklearn/base.py:1152: ConvergenceWarning: Number of distinct clusters (21) found smaller than n_clusters (45). Possibly due to duplicate points in X.
  return fit_method(estimator, *args, **kwargs)
/home/mburu/.local/lib/python3.8/site-packages/sklearn/preprocessing/_discretization.py:322: UserWarning: Bins whose width are too small (i.e., <= 1e-8) in feature 0 are removed. Consider decreasing the number of bins.
  warnings.warn(
/home/mburu/anaconda3/envs/TabSurvey/lib/python3.8/site-packages/numpy/lib/function_base.py:518: RuntimeWarning: Mean of empty slice.
  avg = a.mean(axis, **keepdims_kw)
/home/mburu/anaconda3/envs/TabSurvey/lib/python3.8/site-packages/numpy/core/_methods.py:190: RuntimeWarning: invalid value encountered in double_scalars
  ret = ret.dtype.type(ret / rcount)
/home/mburu/anaconda3/envs/TabSurvey/lib/python3.8/site-packages/numpy/lib/function_base.py:518: RuntimeWarning: Mean of empty slice.
  avg = a.mean(axis, **keepdims_kw)
/home/mburu/anaconda3/envs/TabSurvey/lib/python3.8/site-packages/numpy/core/_methods.py:190: RuntimeWarning: invalid value encountered in double_scalars
  ret = ret.dtype.type(ret / rcount)
/home/mburu/anaconda3/envs/TabSurvey/lib/python3.8/site-packages/numpy/lib/function_base.py:518: RuntimeWarning: Mean of empty slice.
  avg = a.mean(axis, **keepdims_kw)
/home/mburu/anaconda3/envs/TabSurvey/lib/python3.8/site-packages/numpy/core/_methods.py:190: RuntimeWarning: invalid value encountered in double_scalars
  ret = ret.dtype.type(ret / rcount)
/home/mburu/anaconda3/envs/TabSurvey/lib/python3.8/site-packages/numpy/lib/function_base.py:518: RuntimeWarning: Mean of empty slice.
  avg = a.mean(axis, **keepdims_kw)
/home/mburu/anaconda3/envs/TabSurvey/lib/python3.8/site-packages/numpy/core/_methods.py:190: RuntimeWarning: invalid value encountered in double_scalars
  ret = ret.dtype.type(ret / rcount)
/home/mburu/anaconda3/envs/TabSurvey/lib/python3.8/site-packages/numpy/lib/function_base.py:518: RuntimeWarning: Mean of empty slice.
  avg = a.mean(axis, **keepdims_kw)
/home/mburu/anaconda3/envs/TabSurvey/lib/python3.8/site-packages/numpy/core/_methods.py:190: RuntimeWarning: invalid value encountered in double_scalars
  ret = ret.dtype.type(ret / rcount)
/home/mburu/anaconda3/envs/TabSurvey/lib/python3.8/site-packages/numpy/lib/function_base.py:518: RuntimeWarning: Mean of empty slice.
  avg = a.mean(axis, **keepdims_kw)
/home/mburu/anaconda3/envs/TabSurvey/lib/python3.8/site-packages/numpy/core/_methods.py:190: RuntimeWarning: invalid value encountered in double_scalars
  ret = ret.dtype.type(ret / rcount)
/home/mburu/anaconda3/envs/TabSurvey/lib/python3.8/site-packages/numpy/lib/function_base.py:518: RuntimeWarning: Mean of empty slice.
  avg = a.mean(axis, **keepdims_kw)
/home/mburu/anaconda3/envs/TabSurvey/lib/python3.8/site-packages/numpy/core/_methods.py:190: RuntimeWarning: invalid value encountered in double_scalars
  ret = ret.dtype.type(ret / rcount)
/home/mburu/anaconda3/envs/TabSurvey/lib/python3.8/site-packages/numpy/lib/function_base.py:518: RuntimeWarning: Mean of empty slice.
  avg = a.mean(axis, **keepdims_kw)
/home/mburu/anaconda3/envs/TabSurvey/lib/python3.8/site-packages/numpy/core/_methods.py:190: RuntimeWarning: invalid value encountered in double_scalars
  ret = ret.dtype.type(ret / rcount)
/home/mburu/anaconda3/envs/TabSurvey/lib/python3.8/site-packages/numpy/lib/function_base.py:518: RuntimeWarning: Mean of empty slice.
  avg = a.mean(axis, **keepdims_kw)
/home/mburu/anaconda3/envs/TabSurvey/lib/python3.8/site-packages/numpy/core/_methods.py:190: RuntimeWarning: invalid value encountered in double_scalars
  ret = ret.dtype.type(ret / rcount)
/home/mburu/anaconda3/envs/TabSurvey/lib/python3.8/site-packages/numpy/lib/function_base.py:518: RuntimeWarning: Mean of empty slice.
  avg = a.mean(axis, **keepdims_kw)
/home/mburu/anaconda3/envs/TabSurvey/lib/python3.8/site-packages/numpy/core/_methods.py:190: RuntimeWarning: invalid value encountered in double_scalars
  ret = ret.dtype.type(ret / rcount)
/home/mburu/anaconda3/envs/TabSurvey/lib/python3.8/site-packages/numpy/lib/function_base.py:518: RuntimeWarning: Mean of empty slice.
  avg = a.mean(axis, **keepdims_kw)
/home/mburu/anaconda3/envs/TabSurvey/lib/python3.8/site-packages/numpy/core/_methods.py:190: RuntimeWarning: invalid value encountered in double_scalars
  ret = ret.dtype.type(ret / rcount)
/home/mburu/anaconda3/envs/TabSurvey/lib/python3.8/site-packages/numpy/lib/function_base.py:518: RuntimeWarning: Mean of empty slice.
  avg = a.mean(axis, **keepdims_kw)
/home/mburu/anaconda3/envs/TabSurvey/lib/python3.8/site-packages/numpy/core/_methods.py:190: RuntimeWarning: invalid value encountered in double_scalars
  ret = ret.dtype.type(ret / rcount)
Traceback (most recent call last):
  File "train.py", line 1346, in <module>
    main_once(arguments)
  File "train.py", line 1306, in main_once
    sc, timer, results = test_model(model_name, parameters, X, y, X_test, y_test, args, visual=False, save_model=True)
  File "train.py", line 1100, in test_model
    error_results = sc.eval(y_test_class, prediction, curr_model.prediction_probabilities, labels=np.unique(y_train_class))
  File "/home/mburu/Master_Thesis/master-thesis-da/DNN_Trial/utils/scorer.py", line 124, in eval
    auc = roc_auc_score(y_true, y_probabilities, multi_class='ovo', average="macro", labels=labels)
  File "/home/mburu/.local/lib/python3.8/site-packages/sklearn/utils/_param_validation.py", line 214, in wrapper
    return func(*args, **kwargs)
  File "/home/mburu/.local/lib/python3.8/site-packages/sklearn/metrics/_ranking.py", line 627, in roc_auc_score
    return _average_binary_score(
  File "/home/mburu/.local/lib/python3.8/site-packages/sklearn/metrics/_base.py", line 75, in _average_binary_score
    return binary_metric(y_true, y_score, sample_weight=sample_weight)
  File "/home/mburu/.local/lib/python3.8/site-packages/sklearn/metrics/_ranking.py", line 382, in _binary_roc_auc_score
    raise ValueError(
ValueError: Only one class present in y_true. ROC AUC score is not defined in that case.
srun: error: stud-000: task 0: Exited with exit code 1
Traceback (most recent call last):
  File "train.py", line 1346, in <module>
    main_once(arguments)
  File "train.py", line 1306, in main_once
    sc, timer, results = test_model(model_name, parameters, X, y, X_test, y_test, args, visual=False, save_model=True)
  File "train.py", line 1100, in test_model
    error_results = sc.eval(y_test_class, prediction, curr_model.prediction_probabilities, labels=np.unique(y_train_class))
  File "/home/mburu/Master_Thesis/master-thesis-da/DNN_Trial/utils/scorer.py", line 124, in eval
    auc = roc_auc_score(y_true, y_probabilities, multi_class='ovo', average="macro", labels=labels)
  File "/home/mburu/.local/lib/python3.8/site-packages/sklearn/utils/_param_validation.py", line 214, in wrapper
    return func(*args, **kwargs)
  File "/home/mburu/.local/lib/python3.8/site-packages/sklearn/metrics/_ranking.py", line 627, in roc_auc_score
    return _average_binary_score(
  File "/home/mburu/.local/lib/python3.8/site-packages/sklearn/metrics/_base.py", line 75, in _average_binary_score
    return binary_metric(y_true, y_score, sample_weight=sample_weight)
  File "/home/mburu/.local/lib/python3.8/site-packages/sklearn/metrics/_ranking.py", line 382, in _binary_roc_auc_score
    raise ValueError(
ValueError: Only one class present in y_true. ROC AUC score is not defined in that case.
srun: error: stud-000: task 0: Exited with exit code 1
/home/mburu/.local/lib/python3.8/site-packages/sklearn/preprocessing/_discretization.py:322: UserWarning: Bins whose width are too small (i.e., <= 1e-8) in feature 0 are removed. Consider decreasing the number of bins.
  warnings.warn(
/home/mburu/.local/lib/python3.8/site-packages/sklearn/preprocessing/_discretization.py:322: UserWarning: Bins whose width are too small (i.e., <= 1e-8) in feature 0 are removed. Consider decreasing the number of bins.
  warnings.warn(
/home/mburu/.local/lib/python3.8/site-packages/sklearn/preprocessing/_discretization.py:322: UserWarning: Bins whose width are too small (i.e., <= 1e-8) in feature 0 are removed. Consider decreasing the number of bins.
  warnings.warn(
/home/mburu/.local/lib/python3.8/site-packages/sklearn/preprocessing/_discretization.py:322: UserWarning: Bins whose width are too small (i.e., <= 1e-8) in feature 0 are removed. Consider decreasing the number of bins.
  warnings.warn(
/home/mburu/.local/lib/python3.8/site-packages/sklearn/preprocessing/_discretization.py:322: UserWarning: Bins whose width are too small (i.e., <= 1e-8) in feature 0 are removed. Consider decreasing the number of bins.
  warnings.warn(
/home/mburu/.local/lib/python3.8/site-packages/sklearn/preprocessing/_discretization.py:322: UserWarning: Bins whose width are too small (i.e., <= 1e-8) in feature 0 are removed. Consider decreasing the number of bins.
  warnings.warn(
/home/mburu/anaconda3/envs/TabSurvey/lib/python3.8/site-packages/numpy/lib/function_base.py:518: RuntimeWarning: Mean of empty slice.
  avg = a.mean(axis, **keepdims_kw)
/home/mburu/anaconda3/envs/TabSurvey/lib/python3.8/site-packages/numpy/core/_methods.py:190: RuntimeWarning: invalid value encountered in double_scalars
  ret = ret.dtype.type(ret / rcount)
/home/mburu/anaconda3/envs/TabSurvey/lib/python3.8/site-packages/numpy/lib/function_base.py:518: RuntimeWarning: Mean of empty slice.
  avg = a.mean(axis, **keepdims_kw)
/home/mburu/anaconda3/envs/TabSurvey/lib/python3.8/site-packages/numpy/core/_methods.py:190: RuntimeWarning: invalid value encountered in double_scalars
  ret = ret.dtype.type(ret / rcount)
/home/mburu/anaconda3/envs/TabSurvey/lib/python3.8/site-packages/numpy/lib/function_base.py:518: RuntimeWarning: Mean of empty slice.
  avg = a.mean(axis, **keepdims_kw)
/home/mburu/anaconda3/envs/TabSurvey/lib/python3.8/site-packages/numpy/core/_methods.py:190: RuntimeWarning: invalid value encountered in double_scalars
  ret = ret.dtype.type(ret / rcount)
/home/mburu/anaconda3/envs/TabSurvey/lib/python3.8/site-packages/numpy/lib/function_base.py:518: RuntimeWarning: Mean of empty slice.
  avg = a.mean(axis, **keepdims_kw)
/home/mburu/anaconda3/envs/TabSurvey/lib/python3.8/site-packages/numpy/core/_methods.py:190: RuntimeWarning: invalid value encountered in double_scalars
  ret = ret.dtype.type(ret / rcount)
/home/mburu/anaconda3/envs/TabSurvey/lib/python3.8/site-packages/numpy/lib/function_base.py:518: RuntimeWarning: Mean of empty slice.
  avg = a.mean(axis, **keepdims_kw)
/home/mburu/anaconda3/envs/TabSurvey/lib/python3.8/site-packages/numpy/core/_methods.py:190: RuntimeWarning: invalid value encountered in double_scalars
  ret = ret.dtype.type(ret / rcount)
/home/mburu/anaconda3/envs/TabSurvey/lib/python3.8/site-packages/numpy/lib/function_base.py:518: RuntimeWarning: Mean of empty slice.
  avg = a.mean(axis, **keepdims_kw)
/home/mburu/anaconda3/envs/TabSurvey/lib/python3.8/site-packages/numpy/core/_methods.py:190: RuntimeWarning: invalid value encountered in double_scalars
  ret = ret.dtype.type(ret / rcount)
/home/mburu/anaconda3/envs/TabSurvey/lib/python3.8/site-packages/numpy/lib/function_base.py:518: RuntimeWarning: Mean of empty slice.
  avg = a.mean(axis, **keepdims_kw)
/home/mburu/anaconda3/envs/TabSurvey/lib/python3.8/site-packages/numpy/core/_methods.py:190: RuntimeWarning: invalid value encountered in double_scalars
  ret = ret.dtype.type(ret / rcount)
/home/mburu/anaconda3/envs/TabSurvey/lib/python3.8/site-packages/numpy/lib/function_base.py:518: RuntimeWarning: Mean of empty slice.
  avg = a.mean(axis, **keepdims_kw)
/home/mburu/anaconda3/envs/TabSurvey/lib/python3.8/site-packages/numpy/core/_methods.py:190: RuntimeWarning: invalid value encountered in double_scalars
  ret = ret.dtype.type(ret / rcount)
/home/mburu/anaconda3/envs/TabSurvey/lib/python3.8/site-packages/numpy/lib/function_base.py:518: RuntimeWarning: Mean of empty slice.
  avg = a.mean(axis, **keepdims_kw)
/home/mburu/anaconda3/envs/TabSurvey/lib/python3.8/site-packages/numpy/core/_methods.py:190: RuntimeWarning: invalid value encountered in double_scalars
  ret = ret.dtype.type(ret / rcount)
/home/mburu/anaconda3/envs/TabSurvey/lib/python3.8/site-packages/numpy/lib/function_base.py:518: RuntimeWarning: Mean of empty slice.
  avg = a.mean(axis, **keepdims_kw)
/home/mburu/anaconda3/envs/TabSurvey/lib/python3.8/site-packages/numpy/core/_methods.py:190: RuntimeWarning: invalid value encountered in double_scalars
  ret = ret.dtype.type(ret / rcount)
/home/mburu/anaconda3/envs/TabSurvey/lib/python3.8/site-packages/numpy/lib/function_base.py:518: RuntimeWarning: Mean of empty slice.
  avg = a.mean(axis, **keepdims_kw)
/home/mburu/anaconda3/envs/TabSurvey/lib/python3.8/site-packages/numpy/core/_methods.py:190: RuntimeWarning: invalid value encountered in double_scalars
  ret = ret.dtype.type(ret / rcount)
/home/mburu/anaconda3/envs/TabSurvey/lib/python3.8/site-packages/numpy/lib/function_base.py:518: RuntimeWarning: Mean of empty slice.
  avg = a.mean(axis, **keepdims_kw)
/home/mburu/anaconda3/envs/TabSurvey/lib/python3.8/site-packages/numpy/core/_methods.py:190: RuntimeWarning: invalid value encountered in double_scalars
  ret = ret.dtype.type(ret / rcount)
/home/mburu/anaconda3/envs/TabSurvey/lib/python3.8/site-packages/numpy/lib/function_base.py:518: RuntimeWarning: Mean of empty slice.
  avg = a.mean(axis, **keepdims_kw)
/home/mburu/anaconda3/envs/TabSurvey/lib/python3.8/site-packages/numpy/core/_methods.py:190: RuntimeWarning: invalid value encountered in double_scalars
  ret = ret.dtype.type(ret / rcount)
/home/mburu/anaconda3/envs/TabSurvey/lib/python3.8/site-packages/numpy/lib/function_base.py:518: RuntimeWarning: Mean of empty slice.
  avg = a.mean(axis, **keepdims_kw)
/home/mburu/anaconda3/envs/TabSurvey/lib/python3.8/site-packages/numpy/core/_methods.py:190: RuntimeWarning: invalid value encountered in double_scalars
  ret = ret.dtype.type(ret / rcount)
/home/mburu/anaconda3/envs/TabSurvey/lib/python3.8/site-packages/numpy/lib/function_base.py:518: RuntimeWarning: Mean of empty slice.
  avg = a.mean(axis, **keepdims_kw)
/home/mburu/anaconda3/envs/TabSurvey/lib/python3.8/site-packages/numpy/core/_methods.py:190: RuntimeWarning: invalid value encountered in double_scalars
  ret = ret.dtype.type(ret / rcount)
/home/mburu/anaconda3/envs/TabSurvey/lib/python3.8/site-packages/numpy/lib/function_base.py:518: RuntimeWarning: Mean of empty slice.
  avg = a.mean(axis, **keepdims_kw)
/home/mburu/anaconda3/envs/TabSurvey/lib/python3.8/site-packages/numpy/core/_methods.py:190: RuntimeWarning: invalid value encountered in double_scalars
  ret = ret.dtype.type(ret / rcount)
/home/mburu/anaconda3/envs/TabSurvey/lib/python3.8/site-packages/numpy/lib/function_base.py:518: RuntimeWarning: Mean of empty slice.
  avg = a.mean(axis, **keepdims_kw)
/home/mburu/anaconda3/envs/TabSurvey/lib/python3.8/site-packages/numpy/core/_methods.py:190: RuntimeWarning: invalid value encountered in double_scalars
  ret = ret.dtype.type(ret / rcount)
/home/mburu/anaconda3/envs/TabSurvey/lib/python3.8/site-packages/numpy/lib/function_base.py:518: RuntimeWarning: Mean of empty slice.
  avg = a.mean(axis, **keepdims_kw)
/home/mburu/anaconda3/envs/TabSurvey/lib/python3.8/site-packages/numpy/core/_methods.py:190: RuntimeWarning: invalid value encountered in double_scalars
  ret = ret.dtype.type(ret / rcount)
/home/mburu/anaconda3/envs/TabSurvey/lib/python3.8/site-packages/numpy/lib/function_base.py:518: RuntimeWarning: Mean of empty slice.
  avg = a.mean(axis, **keepdims_kw)
/home/mburu/anaconda3/envs/TabSurvey/lib/python3.8/site-packages/numpy/core/_methods.py:190: RuntimeWarning: invalid value encountered in double_scalars
  ret = ret.dtype.type(ret / rcount)
/home/mburu/anaconda3/envs/TabSurvey/lib/python3.8/site-packages/numpy/lib/function_base.py:518: RuntimeWarning: Mean of empty slice.
  avg = a.mean(axis, **keepdims_kw)
/home/mburu/anaconda3/envs/TabSurvey/lib/python3.8/site-packages/numpy/core/_methods.py:190: RuntimeWarning: invalid value encountered in double_scalars
  ret = ret.dtype.type(ret / rcount)
/home/mburu/anaconda3/envs/TabSurvey/lib/python3.8/site-packages/numpy/lib/function_base.py:518: RuntimeWarning: Mean of empty slice.
  avg = a.mean(axis, **keepdims_kw)
/home/mburu/anaconda3/envs/TabSurvey/lib/python3.8/site-packages/numpy/core/_methods.py:190: RuntimeWarning: invalid value encountered in double_scalars
  ret = ret.dtype.type(ret / rcount)
/home/mburu/anaconda3/envs/TabSurvey/lib/python3.8/site-packages/numpy/lib/function_base.py:518: RuntimeWarning: Mean of empty slice.
  avg = a.mean(axis, **keepdims_kw)
/home/mburu/anaconda3/envs/TabSurvey/lib/python3.8/site-packages/numpy/core/_methods.py:190: RuntimeWarning: invalid value encountered in double_scalars
  ret = ret.dtype.type(ret / rcount)
/home/mburu/anaconda3/envs/TabSurvey/lib/python3.8/site-packages/numpy/lib/function_base.py:518: RuntimeWarning: Mean of empty slice.
  avg = a.mean(axis, **keepdims_kw)
/home/mburu/anaconda3/envs/TabSurvey/lib/python3.8/site-packages/numpy/core/_methods.py:190: RuntimeWarning: invalid value encountered in double_scalars
  ret = ret.dtype.type(ret / rcount)
/home/mburu/anaconda3/envs/TabSurvey/lib/python3.8/site-packages/numpy/lib/function_base.py:518: RuntimeWarning: Mean of empty slice.
  avg = a.mean(axis, **keepdims_kw)
/home/mburu/anaconda3/envs/TabSurvey/lib/python3.8/site-packages/numpy/core/_methods.py:190: RuntimeWarning: invalid value encountered in double_scalars
  ret = ret.dtype.type(ret / rcount)
/home/mburu/anaconda3/envs/TabSurvey/lib/python3.8/site-packages/numpy/lib/function_base.py:518: RuntimeWarning: Mean of empty slice.
  avg = a.mean(axis, **keepdims_kw)
/home/mburu/anaconda3/envs/TabSurvey/lib/python3.8/site-packages/numpy/core/_methods.py:190: RuntimeWarning: invalid value encountered in double_scalars
  ret = ret.dtype.type(ret / rcount)
/home/mburu/anaconda3/envs/TabSurvey/lib/python3.8/site-packages/numpy/lib/function_base.py:518: RuntimeWarning: Mean of empty slice.
  avg = a.mean(axis, **keepdims_kw)
/home/mburu/anaconda3/envs/TabSurvey/lib/python3.8/site-packages/numpy/core/_methods.py:190: RuntimeWarning: invalid value encountered in double_scalars
  ret = ret.dtype.type(ret / rcount)
/home/mburu/anaconda3/envs/TabSurvey/lib/python3.8/site-packages/numpy/lib/function_base.py:518: RuntimeWarning: Mean of empty slice.
  avg = a.mean(axis, **keepdims_kw)
/home/mburu/anaconda3/envs/TabSurvey/lib/python3.8/site-packages/numpy/core/_methods.py:190: RuntimeWarning: invalid value encountered in double_scalars
  ret = ret.dtype.type(ret / rcount)
/home/mburu/anaconda3/envs/TabSurvey/lib/python3.8/site-packages/numpy/lib/function_base.py:518: RuntimeWarning: Mean of empty slice.
  avg = a.mean(axis, **keepdims_kw)
/home/mburu/anaconda3/envs/TabSurvey/lib/python3.8/site-packages/numpy/core/_methods.py:190: RuntimeWarning: invalid value encountered in double_scalars
  ret = ret.dtype.type(ret / rcount)
/home/mburu/anaconda3/envs/TabSurvey/lib/python3.8/site-packages/numpy/lib/function_base.py:518: RuntimeWarning: Mean of empty slice.
  avg = a.mean(axis, **keepdims_kw)
/home/mburu/anaconda3/envs/TabSurvey/lib/python3.8/site-packages/numpy/core/_methods.py:190: RuntimeWarning: invalid value encountered in double_scalars
  ret = ret.dtype.type(ret / rcount)
/home/mburu/anaconda3/envs/TabSurvey/lib/python3.8/site-packages/numpy/lib/function_base.py:518: RuntimeWarning: Mean of empty slice.
  avg = a.mean(axis, **keepdims_kw)
/home/mburu/anaconda3/envs/TabSurvey/lib/python3.8/site-packages/numpy/core/_methods.py:190: RuntimeWarning: invalid value encountered in double_scalars
  ret = ret.dtype.type(ret / rcount)
/home/mburu/anaconda3/envs/TabSurvey/lib/python3.8/site-packages/numpy/lib/function_base.py:518: RuntimeWarning: Mean of empty slice.
  avg = a.mean(axis, **keepdims_kw)
/home/mburu/anaconda3/envs/TabSurvey/lib/python3.8/site-packages/numpy/core/_methods.py:190: RuntimeWarning: invalid value encountered in double_scalars
  ret = ret.dtype.type(ret / rcount)
/home/mburu/anaconda3/envs/TabSurvey/lib/python3.8/site-packages/numpy/lib/function_base.py:518: RuntimeWarning: Mean of empty slice.
  avg = a.mean(axis, **keepdims_kw)
/home/mburu/anaconda3/envs/TabSurvey/lib/python3.8/site-packages/numpy/core/_methods.py:190: RuntimeWarning: invalid value encountered in double_scalars
  ret = ret.dtype.type(ret / rcount)
/home/mburu/anaconda3/envs/TabSurvey/lib/python3.8/site-packages/numpy/lib/function_base.py:518: RuntimeWarning: Mean of empty slice.
  avg = a.mean(axis, **keepdims_kw)
/home/mburu/anaconda3/envs/TabSurvey/lib/python3.8/site-packages/numpy/core/_methods.py:190: RuntimeWarning: invalid value encountered in double_scalars
  ret = ret.dtype.type(ret / rcount)
/home/mburu/anaconda3/envs/TabSurvey/lib/python3.8/site-packages/numpy/lib/function_base.py:518: RuntimeWarning: Mean of empty slice.
  avg = a.mean(axis, **keepdims_kw)
/home/mburu/anaconda3/envs/TabSurvey/lib/python3.8/site-packages/numpy/core/_methods.py:190: RuntimeWarning: invalid value encountered in double_scalars
  ret = ret.dtype.type(ret / rcount)
/home/mburu/anaconda3/envs/TabSurvey/lib/python3.8/site-packages/numpy/lib/function_base.py:518: RuntimeWarning: Mean of empty slice.
  avg = a.mean(axis, **keepdims_kw)
/home/mburu/anaconda3/envs/TabSurvey/lib/python3.8/site-packages/numpy/core/_methods.py:190: RuntimeWarning: invalid value encountered in double_scalars
  ret = ret.dtype.type(ret / rcount)
/home/mburu/anaconda3/envs/TabSurvey/lib/python3.8/site-packages/numpy/lib/function_base.py:518: RuntimeWarning: Mean of empty slice.
  avg = a.mean(axis, **keepdims_kw)
/home/mburu/anaconda3/envs/TabSurvey/lib/python3.8/site-packages/numpy/core/_methods.py:190: RuntimeWarning: invalid value encountered in double_scalars
  ret = ret.dtype.type(ret / rcount)
/home/mburu/anaconda3/envs/TabSurvey/lib/python3.8/site-packages/numpy/lib/function_base.py:518: RuntimeWarning: Mean of empty slice.
  avg = a.mean(axis, **keepdims_kw)
/home/mburu/anaconda3/envs/TabSurvey/lib/python3.8/site-packages/numpy/core/_methods.py:190: RuntimeWarning: invalid value encountered in double_scalars
  ret = ret.dtype.type(ret / rcount)
/home/mburu/anaconda3/envs/TabSurvey/lib/python3.8/site-packages/numpy/lib/function_base.py:518: RuntimeWarning: Mean of empty slice.
  avg = a.mean(axis, **keepdims_kw)
/home/mburu/anaconda3/envs/TabSurvey/lib/python3.8/site-packages/numpy/core/_methods.py:190: RuntimeWarning: invalid value encountered in double_scalars
  ret = ret.dtype.type(ret / rcount)
/home/mburu/anaconda3/envs/TabSurvey/lib/python3.8/site-packages/numpy/lib/function_base.py:518: RuntimeWarning: Mean of empty slice.
  avg = a.mean(axis, **keepdims_kw)
/home/mburu/anaconda3/envs/TabSurvey/lib/python3.8/site-packages/numpy/core/_methods.py:190: RuntimeWarning: invalid value encountered in double_scalars
  ret = ret.dtype.type(ret / rcount)
/home/mburu/anaconda3/envs/TabSurvey/lib/python3.8/site-packages/numpy/lib/function_base.py:518: RuntimeWarning: Mean of empty slice.
  avg = a.mean(axis, **keepdims_kw)
/home/mburu/anaconda3/envs/TabSurvey/lib/python3.8/site-packages/numpy/core/_methods.py:190: RuntimeWarning: invalid value encountered in double_scalars
  ret = ret.dtype.type(ret / rcount)
/home/mburu/anaconda3/envs/TabSurvey/lib/python3.8/site-packages/numpy/lib/function_base.py:518: RuntimeWarning: Mean of empty slice.
  avg = a.mean(axis, **keepdims_kw)
/home/mburu/anaconda3/envs/TabSurvey/lib/python3.8/site-packages/numpy/core/_methods.py:190: RuntimeWarning: invalid value encountered in double_scalars
  ret = ret.dtype.type(ret / rcount)
/home/mburu/anaconda3/envs/TabSurvey/lib/python3.8/site-packages/numpy/lib/function_base.py:518: RuntimeWarning: Mean of empty slice.
  avg = a.mean(axis, **keepdims_kw)
/home/mburu/anaconda3/envs/TabSurvey/lib/python3.8/site-packages/numpy/core/_methods.py:190: RuntimeWarning: invalid value encountered in double_scalars
  ret = ret.dtype.type(ret / rcount)
/home/mburu/anaconda3/envs/TabSurvey/lib/python3.8/site-packages/numpy/lib/function_base.py:518: RuntimeWarning: Mean of empty slice.
  avg = a.mean(axis, **keepdims_kw)
/home/mburu/anaconda3/envs/TabSurvey/lib/python3.8/site-packages/numpy/core/_methods.py:190: RuntimeWarning: invalid value encountered in double_scalars
  ret = ret.dtype.type(ret / rcount)
/home/mburu/anaconda3/envs/TabSurvey/lib/python3.8/site-packages/numpy/lib/function_base.py:518: RuntimeWarning: Mean of empty slice.
  avg = a.mean(axis, **keepdims_kw)
/home/mburu/anaconda3/envs/TabSurvey/lib/python3.8/site-packages/numpy/core/_methods.py:190: RuntimeWarning: invalid value encountered in double_scalars
  ret = ret.dtype.type(ret / rcount)
/home/mburu/anaconda3/envs/TabSurvey/lib/python3.8/site-packages/numpy/lib/function_base.py:518: RuntimeWarning: Mean of empty slice.
  avg = a.mean(axis, **keepdims_kw)
/home/mburu/anaconda3/envs/TabSurvey/lib/python3.8/site-packages/numpy/core/_methods.py:190: RuntimeWarning: invalid value encountered in double_scalars
  ret = ret.dtype.type(ret / rcount)
/home/mburu/anaconda3/envs/TabSurvey/lib/python3.8/site-packages/numpy/lib/function_base.py:518: RuntimeWarning: Mean of empty slice.
  avg = a.mean(axis, **keepdims_kw)
/home/mburu/anaconda3/envs/TabSurvey/lib/python3.8/site-packages/numpy/core/_methods.py:190: RuntimeWarning: invalid value encountered in double_scalars
  ret = ret.dtype.type(ret / rcount)
/home/mburu/anaconda3/envs/TabSurvey/lib/python3.8/site-packages/numpy/lib/function_base.py:518: RuntimeWarning: Mean of empty slice.
  avg = a.mean(axis, **keepdims_kw)
/home/mburu/anaconda3/envs/TabSurvey/lib/python3.8/site-packages/numpy/core/_methods.py:190: RuntimeWarning: invalid value encountered in double_scalars
  ret = ret.dtype.type(ret / rcount)
/home/mburu/anaconda3/envs/TabSurvey/lib/python3.8/site-packages/numpy/lib/function_base.py:518: RuntimeWarning: Mean of empty slice.
  avg = a.mean(axis, **keepdims_kw)
/home/mburu/anaconda3/envs/TabSurvey/lib/python3.8/site-packages/numpy/core/_methods.py:190: RuntimeWarning: invalid value encountered in double_scalars
  ret = ret.dtype.type(ret / rcount)
/home/mburu/anaconda3/envs/TabSurvey/lib/python3.8/site-packages/numpy/lib/function_base.py:518: RuntimeWarning: Mean of empty slice.
  avg = a.mean(axis, **keepdims_kw)
/home/mburu/anaconda3/envs/TabSurvey/lib/python3.8/site-packages/numpy/core/_methods.py:190: RuntimeWarning: invalid value encountered in double_scalars
  ret = ret.dtype.type(ret / rcount)
/home/mburu/anaconda3/envs/TabSurvey/lib/python3.8/site-packages/numpy/lib/function_base.py:518: RuntimeWarning: Mean of empty slice.
  avg = a.mean(axis, **keepdims_kw)
/home/mburu/anaconda3/envs/TabSurvey/lib/python3.8/site-packages/numpy/core/_methods.py:190: RuntimeWarning: invalid value encountered in double_scalars
  ret = ret.dtype.type(ret / rcount)
/home/mburu/anaconda3/envs/TabSurvey/lib/python3.8/site-packages/numpy/lib/function_base.py:518: RuntimeWarning: Mean of empty slice.
  avg = a.mean(axis, **keepdims_kw)
/home/mburu/anaconda3/envs/TabSurvey/lib/python3.8/site-packages/numpy/core/_methods.py:190: RuntimeWarning: invalid value encountered in double_scalars
  ret = ret.dtype.type(ret / rcount)
/home/mburu/anaconda3/envs/TabSurvey/lib/python3.8/site-packages/numpy/lib/function_base.py:518: RuntimeWarning: Mean of empty slice.
  avg = a.mean(axis, **keepdims_kw)
/home/mburu/anaconda3/envs/TabSurvey/lib/python3.8/site-packages/numpy/core/_methods.py:190: RuntimeWarning: invalid value encountered in double_scalars
  ret = ret.dtype.type(ret / rcount)
/home/mburu/anaconda3/envs/TabSurvey/lib/python3.8/site-packages/numpy/lib/function_base.py:518: RuntimeWarning: Mean of empty slice.
  avg = a.mean(axis, **keepdims_kw)
/home/mburu/anaconda3/envs/TabSurvey/lib/python3.8/site-packages/numpy/core/_methods.py:190: RuntimeWarning: invalid value encountered in double_scalars
  ret = ret.dtype.type(ret / rcount)
/home/mburu/anaconda3/envs/TabSurvey/lib/python3.8/site-packages/numpy/lib/function_base.py:518: RuntimeWarning: Mean of empty slice.
  avg = a.mean(axis, **keepdims_kw)
/home/mburu/anaconda3/envs/TabSurvey/lib/python3.8/site-packages/numpy/core/_methods.py:190: RuntimeWarning: invalid value encountered in double_scalars
  ret = ret.dtype.type(ret / rcount)
/home/mburu/anaconda3/envs/TabSurvey/lib/python3.8/site-packages/numpy/lib/function_base.py:518: RuntimeWarning: Mean of empty slice.
  avg = a.mean(axis, **keepdims_kw)
/home/mburu/anaconda3/envs/TabSurvey/lib/python3.8/site-packages/numpy/core/_methods.py:190: RuntimeWarning: invalid value encountered in double_scalars
  ret = ret.dtype.type(ret / rcount)
/home/mburu/anaconda3/envs/TabSurvey/lib/python3.8/site-packages/numpy/lib/function_base.py:518: RuntimeWarning: Mean of empty slice.
  avg = a.mean(axis, **keepdims_kw)
/home/mburu/anaconda3/envs/TabSurvey/lib/python3.8/site-packages/numpy/core/_methods.py:190: RuntimeWarning: invalid value encountered in double_scalars
  ret = ret.dtype.type(ret / rcount)
/home/mburu/anaconda3/envs/TabSurvey/lib/python3.8/site-packages/numpy/lib/function_base.py:518: RuntimeWarning: Mean of empty slice.
  avg = a.mean(axis, **keepdims_kw)
/home/mburu/anaconda3/envs/TabSurvey/lib/python3.8/site-packages/numpy/core/_methods.py:190: RuntimeWarning: invalid value encountered in double_scalars
  ret = ret.dtype.type(ret / rcount)
/home/mburu/anaconda3/envs/TabSurvey/lib/python3.8/site-packages/numpy/lib/function_base.py:518: RuntimeWarning: Mean of empty slice.
  avg = a.mean(axis, **keepdims_kw)
/home/mburu/anaconda3/envs/TabSurvey/lib/python3.8/site-packages/numpy/core/_methods.py:190: RuntimeWarning: invalid value encountered in double_scalars
  ret = ret.dtype.type(ret / rcount)
/home/mburu/anaconda3/envs/TabSurvey/lib/python3.8/site-packages/numpy/lib/function_base.py:518: RuntimeWarning: Mean of empty slice.
  avg = a.mean(axis, **keepdims_kw)
/home/mburu/anaconda3/envs/TabSurvey/lib/python3.8/site-packages/numpy/core/_methods.py:190: RuntimeWarning: invalid value encountered in double_scalars
  ret = ret.dtype.type(ret / rcount)
/home/mburu/anaconda3/envs/TabSurvey/lib/python3.8/site-packages/numpy/lib/function_base.py:518: RuntimeWarning: Mean of empty slice.
  avg = a.mean(axis, **keepdims_kw)
/home/mburu/anaconda3/envs/TabSurvey/lib/python3.8/site-packages/numpy/core/_methods.py:190: RuntimeWarning: invalid value encountered in double_scalars
  ret = ret.dtype.type(ret / rcount)
/home/mburu/anaconda3/envs/TabSurvey/lib/python3.8/site-packages/numpy/lib/function_base.py:518: RuntimeWarning: Mean of empty slice.
  avg = a.mean(axis, **keepdims_kw)
/home/mburu/anaconda3/envs/TabSurvey/lib/python3.8/site-packages/numpy/core/_methods.py:190: RuntimeWarning: invalid value encountered in double_scalars
  ret = ret.dtype.type(ret / rcount)
/home/mburu/anaconda3/envs/TabSurvey/lib/python3.8/site-packages/numpy/lib/function_base.py:518: RuntimeWarning: Mean of empty slice.
  avg = a.mean(axis, **keepdims_kw)
/home/mburu/anaconda3/envs/TabSurvey/lib/python3.8/site-packages/numpy/core/_methods.py:190: RuntimeWarning: invalid value encountered in double_scalars
  ret = ret.dtype.type(ret / rcount)
/home/mburu/anaconda3/envs/TabSurvey/lib/python3.8/site-packages/numpy/lib/function_base.py:518: RuntimeWarning: Mean of empty slice.
  avg = a.mean(axis, **keepdims_kw)
/home/mburu/anaconda3/envs/TabSurvey/lib/python3.8/site-packages/numpy/core/_methods.py:190: RuntimeWarning: invalid value encountered in double_scalars
  ret = ret.dtype.type(ret / rcount)
/home/mburu/anaconda3/envs/TabSurvey/lib/python3.8/site-packages/numpy/lib/function_base.py:518: RuntimeWarning: Mean of empty slice.
  avg = a.mean(axis, **keepdims_kw)
/home/mburu/anaconda3/envs/TabSurvey/lib/python3.8/site-packages/numpy/core/_methods.py:190: RuntimeWarning: invalid value encountered in double_scalars
  ret = ret.dtype.type(ret / rcount)
/home/mburu/anaconda3/envs/TabSurvey/lib/python3.8/site-packages/numpy/lib/function_base.py:518: RuntimeWarning: Mean of empty slice.
  avg = a.mean(axis, **keepdims_kw)
/home/mburu/anaconda3/envs/TabSurvey/lib/python3.8/site-packages/numpy/core/_methods.py:190: RuntimeWarning: invalid value encountered in double_scalars
  ret = ret.dtype.type(ret / rcount)
/home/mburu/anaconda3/envs/TabSurvey/lib/python3.8/site-packages/numpy/lib/function_base.py:518: RuntimeWarning: Mean of empty slice.
  avg = a.mean(axis, **keepdims_kw)
/home/mburu/anaconda3/envs/TabSurvey/lib/python3.8/site-packages/numpy/core/_methods.py:190: RuntimeWarning: invalid value encountered in double_scalars
  ret = ret.dtype.type(ret / rcount)
/home/mburu/anaconda3/envs/TabSurvey/lib/python3.8/site-packages/numpy/lib/function_base.py:518: RuntimeWarning: Mean of empty slice.
  avg = a.mean(axis, **keepdims_kw)
/home/mburu/anaconda3/envs/TabSurvey/lib/python3.8/site-packages/numpy/core/_methods.py:190: RuntimeWarning: invalid value encountered in double_scalars
  ret = ret.dtype.type(ret / rcount)
/home/mburu/anaconda3/envs/TabSurvey/lib/python3.8/site-packages/numpy/lib/function_base.py:518: RuntimeWarning: Mean of empty slice.
  avg = a.mean(axis, **keepdims_kw)
/home/mburu/anaconda3/envs/TabSurvey/lib/python3.8/site-packages/numpy/core/_methods.py:190: RuntimeWarning: invalid value encountered in double_scalars
  ret = ret.dtype.type(ret / rcount)
/home/mburu/anaconda3/envs/TabSurvey/lib/python3.8/site-packages/numpy/lib/function_base.py:518: RuntimeWarning: Mean of empty slice.
  avg = a.mean(axis, **keepdims_kw)
/home/mburu/anaconda3/envs/TabSurvey/lib/python3.8/site-packages/numpy/core/_methods.py:190: RuntimeWarning: invalid value encountered in double_scalars
  ret = ret.dtype.type(ret / rcount)
/home/mburu/anaconda3/envs/TabSurvey/lib/python3.8/site-packages/numpy/lib/function_base.py:518: RuntimeWarning: Mean of empty slice.
  avg = a.mean(axis, **keepdims_kw)
/home/mburu/anaconda3/envs/TabSurvey/lib/python3.8/site-packages/numpy/core/_methods.py:190: RuntimeWarning: invalid value encountered in double_scalars
  ret = ret.dtype.type(ret / rcount)
/home/mburu/anaconda3/envs/TabSurvey/lib/python3.8/site-packages/numpy/lib/function_base.py:518: RuntimeWarning: Mean of empty slice.
  avg = a.mean(axis, **keepdims_kw)
/home/mburu/anaconda3/envs/TabSurvey/lib/python3.8/site-packages/numpy/core/_methods.py:190: RuntimeWarning: invalid value encountered in double_scalars
  ret = ret.dtype.type(ret / rcount)
/home/mburu/anaconda3/envs/TabSurvey/lib/python3.8/site-packages/numpy/lib/function_base.py:518: RuntimeWarning: Mean of empty slice.
  avg = a.mean(axis, **keepdims_kw)
/home/mburu/anaconda3/envs/TabSurvey/lib/python3.8/site-packages/numpy/core/_methods.py:190: RuntimeWarning: invalid value encountered in double_scalars
  ret = ret.dtype.type(ret / rcount)
/home/mburu/anaconda3/envs/TabSurvey/lib/python3.8/site-packages/numpy/lib/function_base.py:518: RuntimeWarning: Mean of empty slice.
  avg = a.mean(axis, **keepdims_kw)
/home/mburu/anaconda3/envs/TabSurvey/lib/python3.8/site-packages/numpy/core/_methods.py:190: RuntimeWarning: invalid value encountered in double_scalars
  ret = ret.dtype.type(ret / rcount)
/home/mburu/anaconda3/envs/TabSurvey/lib/python3.8/site-packages/numpy/lib/function_base.py:518: RuntimeWarning: Mean of empty slice.
  avg = a.mean(axis, **keepdims_kw)
/home/mburu/anaconda3/envs/TabSurvey/lib/python3.8/site-packages/numpy/core/_methods.py:190: RuntimeWarning: invalid value encountered in double_scalars
  ret = ret.dtype.type(ret / rcount)
/home/mburu/anaconda3/envs/TabSurvey/lib/python3.8/site-packages/numpy/lib/function_base.py:518: RuntimeWarning: Mean of empty slice.
  avg = a.mean(axis, **keepdims_kw)
/home/mburu/anaconda3/envs/TabSurvey/lib/python3.8/site-packages/numpy/core/_methods.py:190: RuntimeWarning: invalid value encountered in double_scalars
  ret = ret.dtype.type(ret / rcount)
/home/mburu/anaconda3/envs/TabSurvey/lib/python3.8/site-packages/numpy/lib/function_base.py:518: RuntimeWarning: Mean of empty slice.
  avg = a.mean(axis, **keepdims_kw)
/home/mburu/anaconda3/envs/TabSurvey/lib/python3.8/site-packages/numpy/core/_methods.py:190: RuntimeWarning: invalid value encountered in double_scalars
  ret = ret.dtype.type(ret / rcount)
/home/mburu/anaconda3/envs/TabSurvey/lib/python3.8/site-packages/numpy/lib/function_base.py:518: RuntimeWarning: Mean of empty slice.
  avg = a.mean(axis, **keepdims_kw)
/home/mburu/anaconda3/envs/TabSurvey/lib/python3.8/site-packages/numpy/core/_methods.py:190: RuntimeWarning: invalid value encountered in double_scalars
  ret = ret.dtype.type(ret / rcount)
/home/mburu/anaconda3/envs/TabSurvey/lib/python3.8/site-packages/numpy/lib/function_base.py:518: RuntimeWarning: Mean of empty slice.
  avg = a.mean(axis, **keepdims_kw)
/home/mburu/anaconda3/envs/TabSurvey/lib/python3.8/site-packages/numpy/core/_methods.py:190: RuntimeWarning: invalid value encountered in double_scalars
  ret = ret.dtype.type(ret / rcount)
/home/mburu/anaconda3/envs/TabSurvey/lib/python3.8/site-packages/numpy/lib/function_base.py:518: RuntimeWarning: Mean of empty slice.
  avg = a.mean(axis, **keepdims_kw)
/home/mburu/anaconda3/envs/TabSurvey/lib/python3.8/site-packages/numpy/core/_methods.py:190: RuntimeWarning: invalid value encountered in double_scalars
  ret = ret.dtype.type(ret / rcount)
/home/mburu/anaconda3/envs/TabSurvey/lib/python3.8/site-packages/numpy/lib/function_base.py:518: RuntimeWarning: Mean of empty slice.
  avg = a.mean(axis, **keepdims_kw)
/home/mburu/anaconda3/envs/TabSurvey/lib/python3.8/site-packages/numpy/core/_methods.py:190: RuntimeWarning: invalid value encountered in double_scalars
  ret = ret.dtype.type(ret / rcount)
/home/mburu/anaconda3/envs/TabSurvey/lib/python3.8/site-packages/numpy/lib/function_base.py:518: RuntimeWarning: Mean of empty slice.
  avg = a.mean(axis, **keepdims_kw)
/home/mburu/anaconda3/envs/TabSurvey/lib/python3.8/site-packages/numpy/core/_methods.py:190: RuntimeWarning: invalid value encountered in double_scalars
  ret = ret.dtype.type(ret / rcount)
/home/mburu/anaconda3/envs/TabSurvey/lib/python3.8/site-packages/numpy/lib/function_base.py:518: RuntimeWarning: Mean of empty slice.
  avg = a.mean(axis, **keepdims_kw)
/home/mburu/anaconda3/envs/TabSurvey/lib/python3.8/site-packages/numpy/core/_methods.py:190: RuntimeWarning: invalid value encountered in double_scalars
  ret = ret.dtype.type(ret / rcount)
/home/mburu/anaconda3/envs/TabSurvey/lib/python3.8/site-packages/numpy/lib/function_base.py:518: RuntimeWarning: Mean of empty slice.
  avg = a.mean(axis, **keepdims_kw)
/home/mburu/anaconda3/envs/TabSurvey/lib/python3.8/site-packages/numpy/core/_methods.py:190: RuntimeWarning: invalid value encountered in double_scalars
  ret = ret.dtype.type(ret / rcount)
/home/mburu/anaconda3/envs/TabSurvey/lib/python3.8/site-packages/numpy/lib/function_base.py:518: RuntimeWarning: Mean of empty slice.
  avg = a.mean(axis, **keepdims_kw)
/home/mburu/anaconda3/envs/TabSurvey/lib/python3.8/site-packages/numpy/core/_methods.py:190: RuntimeWarning: invalid value encountered in double_scalars
  ret = ret.dtype.type(ret / rcount)
/home/mburu/anaconda3/envs/TabSurvey/lib/python3.8/site-packages/numpy/lib/function_base.py:518: RuntimeWarning: Mean of empty slice.
  avg = a.mean(axis, **keepdims_kw)
/home/mburu/anaconda3/envs/TabSurvey/lib/python3.8/site-packages/numpy/core/_methods.py:190: RuntimeWarning: invalid value encountered in double_scalars
  ret = ret.dtype.type(ret / rcount)
/home/mburu/anaconda3/envs/TabSurvey/lib/python3.8/site-packages/numpy/lib/function_base.py:518: RuntimeWarning: Mean of empty slice.
  avg = a.mean(axis, **keepdims_kw)
/home/mburu/anaconda3/envs/TabSurvey/lib/python3.8/site-packages/numpy/core/_methods.py:190: RuntimeWarning: invalid value encountered in double_scalars
  ret = ret.dtype.type(ret / rcount)
/home/mburu/anaconda3/envs/TabSurvey/lib/python3.8/site-packages/numpy/lib/function_base.py:518: RuntimeWarning: Mean of empty slice.
  avg = a.mean(axis, **keepdims_kw)
/home/mburu/anaconda3/envs/TabSurvey/lib/python3.8/site-packages/numpy/core/_methods.py:190: RuntimeWarning: invalid value encountered in double_scalars
  ret = ret.dtype.type(ret / rcount)
/home/mburu/anaconda3/envs/TabSurvey/lib/python3.8/site-packages/numpy/lib/function_base.py:518: RuntimeWarning: Mean of empty slice.
  avg = a.mean(axis, **keepdims_kw)
/home/mburu/anaconda3/envs/TabSurvey/lib/python3.8/site-packages/numpy/core/_methods.py:190: RuntimeWarning: invalid value encountered in double_scalars
  ret = ret.dtype.type(ret / rcount)
/home/mburu/anaconda3/envs/TabSurvey/lib/python3.8/site-packages/numpy/lib/function_base.py:518: RuntimeWarning: Mean of empty slice.
  avg = a.mean(axis, **keepdims_kw)
/home/mburu/anaconda3/envs/TabSurvey/lib/python3.8/site-packages/numpy/core/_methods.py:190: RuntimeWarning: invalid value encountered in double_scalars
  ret = ret.dtype.type(ret / rcount)
/home/mburu/anaconda3/envs/TabSurvey/lib/python3.8/site-packages/numpy/lib/function_base.py:518: RuntimeWarning: Mean of empty slice.
  avg = a.mean(axis, **keepdims_kw)
/home/mburu/anaconda3/envs/TabSurvey/lib/python3.8/site-packages/numpy/core/_methods.py:190: RuntimeWarning: invalid value encountered in double_scalars
  ret = ret.dtype.type(ret / rcount)
/home/mburu/anaconda3/envs/TabSurvey/lib/python3.8/site-packages/numpy/lib/function_base.py:518: RuntimeWarning: Mean of empty slice.
  avg = a.mean(axis, **keepdims_kw)
/home/mburu/anaconda3/envs/TabSurvey/lib/python3.8/site-packages/numpy/core/_methods.py:190: RuntimeWarning: invalid value encountered in double_scalars
  ret = ret.dtype.type(ret / rcount)
/home/mburu/anaconda3/envs/TabSurvey/lib/python3.8/site-packages/numpy/lib/function_base.py:518: RuntimeWarning: Mean of empty slice.
  avg = a.mean(axis, **keepdims_kw)
/home/mburu/anaconda3/envs/TabSurvey/lib/python3.8/site-packages/numpy/core/_methods.py:190: RuntimeWarning: invalid value encountered in double_scalars
  ret = ret.dtype.type(ret / rcount)
/home/mburu/.local/lib/python3.8/site-packages/sklearn/preprocessing/_discretization.py:322: UserWarning: Bins whose width are too small (i.e., <= 1e-8) in feature 0 are removed. Consider decreasing the number of bins.
  warnings.warn(
/home/mburu/anaconda3/envs/TabSurvey/lib/python3.8/site-packages/numpy/lib/function_base.py:518: RuntimeWarning: Mean of empty slice.
  avg = a.mean(axis, **keepdims_kw)
/home/mburu/anaconda3/envs/TabSurvey/lib/python3.8/site-packages/numpy/core/_methods.py:190: RuntimeWarning: invalid value encountered in double_scalars
  ret = ret.dtype.type(ret / rcount)
/home/mburu/.local/lib/python3.8/site-packages/sklearn/preprocessing/_discretization.py:322: UserWarning: Bins whose width are too small (i.e., <= 1e-8) in feature 0 are removed. Consider decreasing the number of bins.
  warnings.warn(
/home/mburu/anaconda3/envs/TabSurvey/lib/python3.8/site-packages/numpy/lib/function_base.py:518: RuntimeWarning: Mean of empty slice.
  avg = a.mean(axis, **keepdims_kw)
/home/mburu/anaconda3/envs/TabSurvey/lib/python3.8/site-packages/numpy/core/_methods.py:190: RuntimeWarning: invalid value encountered in double_scalars
  ret = ret.dtype.type(ret / rcount)
/home/mburu/.local/lib/python3.8/site-packages/sklearn/preprocessing/_discretization.py:322: UserWarning: Bins whose width are too small (i.e., <= 1e-8) in feature 0 are removed. Consider decreasing the number of bins.
  warnings.warn(
/home/mburu/anaconda3/envs/TabSurvey/lib/python3.8/site-packages/numpy/lib/function_base.py:518: RuntimeWarning: Mean of empty slice.
  avg = a.mean(axis, **keepdims_kw)
/home/mburu/anaconda3/envs/TabSurvey/lib/python3.8/site-packages/numpy/core/_methods.py:190: RuntimeWarning: invalid value encountered in double_scalars
  ret = ret.dtype.type(ret / rcount)
/home/mburu/.local/lib/python3.8/site-packages/sklearn/preprocessing/_discretization.py:322: UserWarning: Bins whose width are too small (i.e., <= 1e-8) in feature 0 are removed. Consider decreasing the number of bins.
  warnings.warn(
/home/mburu/anaconda3/envs/TabSurvey/lib/python3.8/site-packages/numpy/lib/function_base.py:518: RuntimeWarning: Mean of empty slice.
  avg = a.mean(axis, **keepdims_kw)
/home/mburu/anaconda3/envs/TabSurvey/lib/python3.8/site-packages/numpy/core/_methods.py:190: RuntimeWarning: invalid value encountered in double_scalars
  ret = ret.dtype.type(ret / rcount)
/home/mburu/.local/lib/python3.8/site-packages/sklearn/preprocessing/_discretization.py:322: UserWarning: Bins whose width are too small (i.e., <= 1e-8) in feature 0 are removed. Consider decreasing the number of bins.
  warnings.warn(
/home/mburu/anaconda3/envs/TabSurvey/lib/python3.8/site-packages/numpy/lib/function_base.py:518: RuntimeWarning: Mean of empty slice.
  avg = a.mean(axis, **keepdims_kw)
/home/mburu/anaconda3/envs/TabSurvey/lib/python3.8/site-packages/numpy/core/_methods.py:190: RuntimeWarning: invalid value encountered in double_scalars
  ret = ret.dtype.type(ret / rcount)
/home/mburu/.local/lib/python3.8/site-packages/sklearn/preprocessing/_discretization.py:322: UserWarning: Bins whose width are too small (i.e., <= 1e-8) in feature 0 are removed. Consider decreasing the number of bins.
  warnings.warn(
/home/mburu/anaconda3/envs/TabSurvey/lib/python3.8/site-packages/numpy/lib/function_base.py:518: RuntimeWarning: Mean of empty slice.
  avg = a.mean(axis, **keepdims_kw)
/home/mburu/anaconda3/envs/TabSurvey/lib/python3.8/site-packages/numpy/core/_methods.py:190: RuntimeWarning: invalid value encountered in double_scalars
  ret = ret.dtype.type(ret / rcount)
/home/mburu/anaconda3/envs/TabSurvey/lib/python3.8/site-packages/numpy/lib/function_base.py:518: RuntimeWarning: Mean of empty slice.
  avg = a.mean(axis, **keepdims_kw)
/home/mburu/anaconda3/envs/TabSurvey/lib/python3.8/site-packages/numpy/core/_methods.py:190: RuntimeWarning: invalid value encountered in double_scalars
  ret = ret.dtype.type(ret / rcount)
/home/mburu/anaconda3/envs/TabSurvey/lib/python3.8/site-packages/numpy/lib/function_base.py:518: RuntimeWarning: Mean of empty slice.
  avg = a.mean(axis, **keepdims_kw)
/home/mburu/anaconda3/envs/TabSurvey/lib/python3.8/site-packages/numpy/core/_methods.py:190: RuntimeWarning: invalid value encountered in double_scalars
  ret = ret.dtype.type(ret / rcount)
/home/mburu/anaconda3/envs/TabSurvey/lib/python3.8/site-packages/numpy/lib/function_base.py:518: RuntimeWarning: Mean of empty slice.
  avg = a.mean(axis, **keepdims_kw)
/home/mburu/anaconda3/envs/TabSurvey/lib/python3.8/site-packages/numpy/core/_methods.py:190: RuntimeWarning: invalid value encountered in double_scalars
  ret = ret.dtype.type(ret / rcount)
/home/mburu/anaconda3/envs/TabSurvey/lib/python3.8/site-packages/numpy/lib/function_base.py:518: RuntimeWarning: Mean of empty slice.
  avg = a.mean(axis, **keepdims_kw)
/home/mburu/anaconda3/envs/TabSurvey/lib/python3.8/site-packages/numpy/core/_methods.py:190: RuntimeWarning: invalid value encountered in double_scalars
  ret = ret.dtype.type(ret / rcount)
/home/mburu/anaconda3/envs/TabSurvey/lib/python3.8/site-packages/numpy/lib/function_base.py:518: RuntimeWarning: Mean of empty slice.
  avg = a.mean(axis, **keepdims_kw)
/home/mburu/anaconda3/envs/TabSurvey/lib/python3.8/site-packages/numpy/core/_methods.py:190: RuntimeWarning: invalid value encountered in double_scalars
  ret = ret.dtype.type(ret / rcount)
/home/mburu/anaconda3/envs/TabSurvey/lib/python3.8/site-packages/numpy/lib/function_base.py:518: RuntimeWarning: Mean of empty slice.
  avg = a.mean(axis, **keepdims_kw)
/home/mburu/anaconda3/envs/TabSurvey/lib/python3.8/site-packages/numpy/core/_methods.py:190: RuntimeWarning: invalid value encountered in double_scalars
  ret = ret.dtype.type(ret / rcount)
/home/mburu/anaconda3/envs/TabSurvey/lib/python3.8/site-packages/numpy/lib/function_base.py:518: RuntimeWarning: Mean of empty slice.
  avg = a.mean(axis, **keepdims_kw)
/home/mburu/anaconda3/envs/TabSurvey/lib/python3.8/site-packages/numpy/core/_methods.py:190: RuntimeWarning: invalid value encountered in double_scalars
  ret = ret.dtype.type(ret / rcount)
/home/mburu/anaconda3/envs/TabSurvey/lib/python3.8/site-packages/numpy/lib/function_base.py:518: RuntimeWarning: Mean of empty slice.
  avg = a.mean(axis, **keepdims_kw)
/home/mburu/anaconda3/envs/TabSurvey/lib/python3.8/site-packages/numpy/core/_methods.py:190: RuntimeWarning: invalid value encountered in double_scalars
  ret = ret.dtype.type(ret / rcount)
/home/mburu/anaconda3/envs/TabSurvey/lib/python3.8/site-packages/numpy/lib/function_base.py:518: RuntimeWarning: Mean of empty slice.
  avg = a.mean(axis, **keepdims_kw)
/home/mburu/anaconda3/envs/TabSurvey/lib/python3.8/site-packages/numpy/core/_methods.py:190: RuntimeWarning: invalid value encountered in double_scalars
  ret = ret.dtype.type(ret / rcount)
/home/mburu/anaconda3/envs/TabSurvey/lib/python3.8/site-packages/numpy/lib/function_base.py:518: RuntimeWarning: Mean of empty slice.
  avg = a.mean(axis, **keepdims_kw)
/home/mburu/anaconda3/envs/TabSurvey/lib/python3.8/site-packages/numpy/core/_methods.py:190: RuntimeWarning: invalid value encountered in double_scalars
  ret = ret.dtype.type(ret / rcount)
/home/mburu/anaconda3/envs/TabSurvey/lib/python3.8/site-packages/numpy/lib/function_base.py:518: RuntimeWarning: Mean of empty slice.
  avg = a.mean(axis, **keepdims_kw)
/home/mburu/anaconda3/envs/TabSurvey/lib/python3.8/site-packages/numpy/core/_methods.py:190: RuntimeWarning: invalid value encountered in double_scalars
  ret = ret.dtype.type(ret / rcount)
/home/mburu/anaconda3/envs/TabSurvey/lib/python3.8/site-packages/numpy/lib/function_base.py:518: RuntimeWarning: Mean of empty slice.
  avg = a.mean(axis, **keepdims_kw)
/home/mburu/anaconda3/envs/TabSurvey/lib/python3.8/site-packages/numpy/core/_methods.py:190: RuntimeWarning: invalid value encountered in double_scalars
  ret = ret.dtype.type(ret / rcount)
Traceback (most recent call last):
  File "train.py", line 1346, in <module>
    main_once(arguments)
  File "train.py", line 1306, in main_once
    sc, timer, results = test_model(model_name, parameters, X, y, X_test, y_test, args, visual=False, save_model=True)
  File "train.py", line 1100, in test_model
    error_results = sc.eval(y_test_class, prediction, curr_model.prediction_probabilities, labels=np.unique(y_train_class))
  File "/home/mburu/Master_Thesis/master-thesis-da/DNN_Trial/utils/scorer.py", line 124, in eval
    auc = roc_auc_score(y_true, y_probabilities, multi_class='ovo', average="macro", labels=labels)
  File "/home/mburu/.local/lib/python3.8/site-packages/sklearn/utils/_param_validation.py", line 214, in wrapper
    return func(*args, **kwargs)
  File "/home/mburu/.local/lib/python3.8/site-packages/sklearn/metrics/_ranking.py", line 627, in roc_auc_score
    return _average_binary_score(
  File "/home/mburu/.local/lib/python3.8/site-packages/sklearn/metrics/_base.py", line 75, in _average_binary_score
    return binary_metric(y_true, y_score, sample_weight=sample_weight)
  File "/home/mburu/.local/lib/python3.8/site-packages/sklearn/metrics/_ranking.py", line 382, in _binary_roc_auc_score
    raise ValueError(
ValueError: Only one class present in y_true. ROC AUC score is not defined in that case.
srun: error: stud-000: task 0: Exited with exit code 1
Traceback (most recent call last):
  File "train.py", line 1346, in <module>
    main_once(arguments)
  File "train.py", line 1306, in main_once
    sc, timer, results = test_model(model_name, parameters, X, y, X_test, y_test, args, visual=False, save_model=True)
  File "train.py", line 1100, in test_model
    error_results = sc.eval(y_test_class, prediction, curr_model.prediction_probabilities, labels=np.unique(y_train_class))
  File "/home/mburu/Master_Thesis/master-thesis-da/DNN_Trial/utils/scorer.py", line 124, in eval
    auc = roc_auc_score(y_true, y_probabilities, multi_class='ovo', average="macro", labels=labels)
  File "/home/mburu/.local/lib/python3.8/site-packages/sklearn/utils/_param_validation.py", line 214, in wrapper
    return func(*args, **kwargs)
  File "/home/mburu/.local/lib/python3.8/site-packages/sklearn/metrics/_ranking.py", line 627, in roc_auc_score
    return _average_binary_score(
  File "/home/mburu/.local/lib/python3.8/site-packages/sklearn/metrics/_base.py", line 75, in _average_binary_score
    return binary_metric(y_true, y_score, sample_weight=sample_weight)
  File "/home/mburu/.local/lib/python3.8/site-packages/sklearn/metrics/_ranking.py", line 382, in _binary_roc_auc_score
    raise ValueError(
ValueError: Only one class present in y_true. ROC AUC score is not defined in that case.
srun: error: stud-000: task 0: Exited with exit code 1
/home/mburu/.local/lib/python3.8/site-packages/sklearn/preprocessing/_discretization.py:322: UserWarning: Bins whose width are too small (i.e., <= 1e-8) in feature 0 are removed. Consider decreasing the number of bins.
  warnings.warn(
/home/mburu/.local/lib/python3.8/site-packages/sklearn/preprocessing/_discretization.py:322: UserWarning: Bins whose width are too small (i.e., <= 1e-8) in feature 0 are removed. Consider decreasing the number of bins.
  warnings.warn(
/home/mburu/.local/lib/python3.8/site-packages/sklearn/preprocessing/_discretization.py:322: UserWarning: Bins whose width are too small (i.e., <= 1e-8) in feature 0 are removed. Consider decreasing the number of bins.
  warnings.warn(
/home/mburu/.local/lib/python3.8/site-packages/sklearn/preprocessing/_discretization.py:322: UserWarning: Bins whose width are too small (i.e., <= 1e-8) in feature 0 are removed. Consider decreasing the number of bins.
  warnings.warn(
/home/mburu/anaconda3/envs/TabSurvey/lib/python3.8/site-packages/numpy/lib/function_base.py:518: RuntimeWarning: Mean of empty slice.
  avg = a.mean(axis, **keepdims_kw)
/home/mburu/anaconda3/envs/TabSurvey/lib/python3.8/site-packages/numpy/core/_methods.py:190: RuntimeWarning: invalid value encountered in double_scalars
  ret = ret.dtype.type(ret / rcount)
/home/mburu/anaconda3/envs/TabSurvey/lib/python3.8/site-packages/numpy/lib/function_base.py:518: RuntimeWarning: Mean of empty slice.
  avg = a.mean(axis, **keepdims_kw)
/home/mburu/anaconda3/envs/TabSurvey/lib/python3.8/site-packages/numpy/core/_methods.py:190: RuntimeWarning: invalid value encountered in double_scalars
  ret = ret.dtype.type(ret / rcount)
/home/mburu/anaconda3/envs/TabSurvey/lib/python3.8/site-packages/numpy/lib/function_base.py:518: RuntimeWarning: Mean of empty slice.
  avg = a.mean(axis, **keepdims_kw)
/home/mburu/anaconda3/envs/TabSurvey/lib/python3.8/site-packages/numpy/core/_methods.py:190: RuntimeWarning: invalid value encountered in double_scalars
  ret = ret.dtype.type(ret / rcount)
/home/mburu/anaconda3/envs/TabSurvey/lib/python3.8/site-packages/numpy/lib/function_base.py:518: RuntimeWarning: Mean of empty slice.
  avg = a.mean(axis, **keepdims_kw)
/home/mburu/anaconda3/envs/TabSurvey/lib/python3.8/site-packages/numpy/core/_methods.py:190: RuntimeWarning: invalid value encountered in double_scalars
  ret = ret.dtype.type(ret / rcount)
/home/mburu/anaconda3/envs/TabSurvey/lib/python3.8/site-packages/numpy/lib/function_base.py:518: RuntimeWarning: Mean of empty slice.
  avg = a.mean(axis, **keepdims_kw)
/home/mburu/anaconda3/envs/TabSurvey/lib/python3.8/site-packages/numpy/core/_methods.py:190: RuntimeWarning: invalid value encountered in double_scalars
  ret = ret.dtype.type(ret / rcount)
/home/mburu/anaconda3/envs/TabSurvey/lib/python3.8/site-packages/numpy/lib/function_base.py:518: RuntimeWarning: Mean of empty slice.
  avg = a.mean(axis, **keepdims_kw)
/home/mburu/anaconda3/envs/TabSurvey/lib/python3.8/site-packages/numpy/core/_methods.py:190: RuntimeWarning: invalid value encountered in double_scalars
  ret = ret.dtype.type(ret / rcount)
/home/mburu/anaconda3/envs/TabSurvey/lib/python3.8/site-packages/numpy/lib/function_base.py:518: RuntimeWarning: Mean of empty slice.
  avg = a.mean(axis, **keepdims_kw)
/home/mburu/anaconda3/envs/TabSurvey/lib/python3.8/site-packages/numpy/core/_methods.py:190: RuntimeWarning: invalid value encountered in double_scalars
  ret = ret.dtype.type(ret / rcount)
/home/mburu/anaconda3/envs/TabSurvey/lib/python3.8/site-packages/numpy/lib/function_base.py:518: RuntimeWarning: Mean of empty slice.
  avg = a.mean(axis, **keepdims_kw)
/home/mburu/anaconda3/envs/TabSurvey/lib/python3.8/site-packages/numpy/core/_methods.py:190: RuntimeWarning: invalid value encountered in double_scalars
  ret = ret.dtype.type(ret / rcount)
/home/mburu/anaconda3/envs/TabSurvey/lib/python3.8/site-packages/numpy/lib/function_base.py:518: RuntimeWarning: Mean of empty slice.
  avg = a.mean(axis, **keepdims_kw)
/home/mburu/anaconda3/envs/TabSurvey/lib/python3.8/site-packages/numpy/core/_methods.py:190: RuntimeWarning: invalid value encountered in double_scalars
  ret = ret.dtype.type(ret / rcount)
/home/mburu/anaconda3/envs/TabSurvey/lib/python3.8/site-packages/numpy/lib/function_base.py:518: RuntimeWarning: Mean of empty slice.
  avg = a.mean(axis, **keepdims_kw)
/home/mburu/anaconda3/envs/TabSurvey/lib/python3.8/site-packages/numpy/core/_methods.py:190: RuntimeWarning: invalid value encountered in double_scalars
  ret = ret.dtype.type(ret / rcount)
/home/mburu/anaconda3/envs/TabSurvey/lib/python3.8/site-packages/numpy/lib/function_base.py:518: RuntimeWarning: Mean of empty slice.
  avg = a.mean(axis, **keepdims_kw)
/home/mburu/anaconda3/envs/TabSurvey/lib/python3.8/site-packages/numpy/core/_methods.py:190: RuntimeWarning: invalid value encountered in double_scalars
  ret = ret.dtype.type(ret / rcount)
/home/mburu/anaconda3/envs/TabSurvey/lib/python3.8/site-packages/numpy/lib/function_base.py:518: RuntimeWarning: Mean of empty slice.
  avg = a.mean(axis, **keepdims_kw)
/home/mburu/anaconda3/envs/TabSurvey/lib/python3.8/site-packages/numpy/core/_methods.py:190: RuntimeWarning: invalid value encountered in double_scalars
  ret = ret.dtype.type(ret / rcount)
/home/mburu/anaconda3/envs/TabSurvey/lib/python3.8/site-packages/numpy/lib/function_base.py:518: RuntimeWarning: Mean of empty slice.
  avg = a.mean(axis, **keepdims_kw)
/home/mburu/anaconda3/envs/TabSurvey/lib/python3.8/site-packages/numpy/core/_methods.py:190: RuntimeWarning: invalid value encountered in double_scalars
  ret = ret.dtype.type(ret / rcount)
/home/mburu/anaconda3/envs/TabSurvey/lib/python3.8/site-packages/numpy/lib/function_base.py:518: RuntimeWarning: Mean of empty slice.
  avg = a.mean(axis, **keepdims_kw)
/home/mburu/anaconda3/envs/TabSurvey/lib/python3.8/site-packages/numpy/core/_methods.py:190: RuntimeWarning: invalid value encountered in double_scalars
  ret = ret.dtype.type(ret / rcount)
/home/mburu/anaconda3/envs/TabSurvey/lib/python3.8/site-packages/numpy/lib/function_base.py:518: RuntimeWarning: Mean of empty slice.
  avg = a.mean(axis, **keepdims_kw)
/home/mburu/anaconda3/envs/TabSurvey/lib/python3.8/site-packages/numpy/core/_methods.py:190: RuntimeWarning: invalid value encountered in double_scalars
  ret = ret.dtype.type(ret / rcount)
/home/mburu/anaconda3/envs/TabSurvey/lib/python3.8/site-packages/numpy/lib/function_base.py:518: RuntimeWarning: Mean of empty slice.
  avg = a.mean(axis, **keepdims_kw)
/home/mburu/anaconda3/envs/TabSurvey/lib/python3.8/site-packages/numpy/core/_methods.py:190: RuntimeWarning: invalid value encountered in double_scalars
  ret = ret.dtype.type(ret / rcount)
/home/mburu/anaconda3/envs/TabSurvey/lib/python3.8/site-packages/numpy/lib/function_base.py:518: RuntimeWarning: Mean of empty slice.
  avg = a.mean(axis, **keepdims_kw)
/home/mburu/anaconda3/envs/TabSurvey/lib/python3.8/site-packages/numpy/core/_methods.py:190: RuntimeWarning: invalid value encountered in double_scalars
  ret = ret.dtype.type(ret / rcount)
/home/mburu/anaconda3/envs/TabSurvey/lib/python3.8/site-packages/numpy/lib/function_base.py:518: RuntimeWarning: Mean of empty slice.
  avg = a.mean(axis, **keepdims_kw)
/home/mburu/anaconda3/envs/TabSurvey/lib/python3.8/site-packages/numpy/core/_methods.py:190: RuntimeWarning: invalid value encountered in double_scalars
  ret = ret.dtype.type(ret / rcount)
/home/mburu/anaconda3/envs/TabSurvey/lib/python3.8/site-packages/numpy/lib/function_base.py:518: RuntimeWarning: Mean of empty slice.
  avg = a.mean(axis, **keepdims_kw)
/home/mburu/anaconda3/envs/TabSurvey/lib/python3.8/site-packages/numpy/core/_methods.py:190: RuntimeWarning: invalid value encountered in double_scalars
  ret = ret.dtype.type(ret / rcount)
/home/mburu/anaconda3/envs/TabSurvey/lib/python3.8/site-packages/numpy/lib/function_base.py:518: RuntimeWarning: Mean of empty slice.
  avg = a.mean(axis, **keepdims_kw)
/home/mburu/anaconda3/envs/TabSurvey/lib/python3.8/site-packages/numpy/core/_methods.py:190: RuntimeWarning: invalid value encountered in double_scalars
  ret = ret.dtype.type(ret / rcount)
/home/mburu/anaconda3/envs/TabSurvey/lib/python3.8/site-packages/numpy/lib/function_base.py:518: RuntimeWarning: Mean of empty slice.
  avg = a.mean(axis, **keepdims_kw)
/home/mburu/anaconda3/envs/TabSurvey/lib/python3.8/site-packages/numpy/core/_methods.py:190: RuntimeWarning: invalid value encountered in double_scalars
  ret = ret.dtype.type(ret / rcount)
/home/mburu/anaconda3/envs/TabSurvey/lib/python3.8/site-packages/numpy/lib/function_base.py:518: RuntimeWarning: Mean of empty slice.
  avg = a.mean(axis, **keepdims_kw)
/home/mburu/anaconda3/envs/TabSurvey/lib/python3.8/site-packages/numpy/core/_methods.py:190: RuntimeWarning: invalid value encountered in double_scalars
  ret = ret.dtype.type(ret / rcount)
/home/mburu/anaconda3/envs/TabSurvey/lib/python3.8/site-packages/numpy/lib/function_base.py:518: RuntimeWarning: Mean of empty slice.
  avg = a.mean(axis, **keepdims_kw)
/home/mburu/anaconda3/envs/TabSurvey/lib/python3.8/site-packages/numpy/core/_methods.py:190: RuntimeWarning: invalid value encountered in double_scalars
  ret = ret.dtype.type(ret / rcount)
/home/mburu/anaconda3/envs/TabSurvey/lib/python3.8/site-packages/numpy/lib/function_base.py:518: RuntimeWarning: Mean of empty slice.
  avg = a.mean(axis, **keepdims_kw)
/home/mburu/anaconda3/envs/TabSurvey/lib/python3.8/site-packages/numpy/core/_methods.py:190: RuntimeWarning: invalid value encountered in double_scalars
  ret = ret.dtype.type(ret / rcount)
/home/mburu/anaconda3/envs/TabSurvey/lib/python3.8/site-packages/numpy/lib/function_base.py:518: RuntimeWarning: Mean of empty slice.
  avg = a.mean(axis, **keepdims_kw)
/home/mburu/anaconda3/envs/TabSurvey/lib/python3.8/site-packages/numpy/core/_methods.py:190: RuntimeWarning: invalid value encountered in double_scalars
  ret = ret.dtype.type(ret / rcount)
/home/mburu/anaconda3/envs/TabSurvey/lib/python3.8/site-packages/numpy/lib/function_base.py:518: RuntimeWarning: Mean of empty slice.
  avg = a.mean(axis, **keepdims_kw)
/home/mburu/anaconda3/envs/TabSurvey/lib/python3.8/site-packages/numpy/core/_methods.py:190: RuntimeWarning: invalid value encountered in double_scalars
  ret = ret.dtype.type(ret / rcount)
/home/mburu/anaconda3/envs/TabSurvey/lib/python3.8/site-packages/numpy/lib/function_base.py:518: RuntimeWarning: Mean of empty slice.
  avg = a.mean(axis, **keepdims_kw)
/home/mburu/anaconda3/envs/TabSurvey/lib/python3.8/site-packages/numpy/core/_methods.py:190: RuntimeWarning: invalid value encountered in double_scalars
  ret = ret.dtype.type(ret / rcount)
/home/mburu/anaconda3/envs/TabSurvey/lib/python3.8/site-packages/numpy/lib/function_base.py:518: RuntimeWarning: Mean of empty slice.
  avg = a.mean(axis, **keepdims_kw)
/home/mburu/anaconda3/envs/TabSurvey/lib/python3.8/site-packages/numpy/core/_methods.py:190: RuntimeWarning: invalid value encountered in double_scalars
  ret = ret.dtype.type(ret / rcount)
/home/mburu/anaconda3/envs/TabSurvey/lib/python3.8/site-packages/numpy/lib/function_base.py:518: RuntimeWarning: Mean of empty slice.
  avg = a.mean(axis, **keepdims_kw)
/home/mburu/anaconda3/envs/TabSurvey/lib/python3.8/site-packages/numpy/core/_methods.py:190: RuntimeWarning: invalid value encountered in double_scalars
  ret = ret.dtype.type(ret / rcount)
/home/mburu/anaconda3/envs/TabSurvey/lib/python3.8/site-packages/numpy/lib/function_base.py:518: RuntimeWarning: Mean of empty slice.
  avg = a.mean(axis, **keepdims_kw)
/home/mburu/anaconda3/envs/TabSurvey/lib/python3.8/site-packages/numpy/core/_methods.py:190: RuntimeWarning: invalid value encountered in double_scalars
  ret = ret.dtype.type(ret / rcount)
/home/mburu/anaconda3/envs/TabSurvey/lib/python3.8/site-packages/numpy/lib/function_base.py:518: RuntimeWarning: Mean of empty slice.
  avg = a.mean(axis, **keepdims_kw)
/home/mburu/anaconda3/envs/TabSurvey/lib/python3.8/site-packages/numpy/core/_methods.py:190: RuntimeWarning: invalid value encountered in double_scalars
  ret = ret.dtype.type(ret / rcount)
/home/mburu/anaconda3/envs/TabSurvey/lib/python3.8/site-packages/numpy/lib/function_base.py:518: RuntimeWarning: Mean of empty slice.
  avg = a.mean(axis, **keepdims_kw)
/home/mburu/anaconda3/envs/TabSurvey/lib/python3.8/site-packages/numpy/core/_methods.py:190: RuntimeWarning: invalid value encountered in double_scalars
  ret = ret.dtype.type(ret / rcount)
/home/mburu/anaconda3/envs/TabSurvey/lib/python3.8/site-packages/numpy/lib/function_base.py:518: RuntimeWarning: Mean of empty slice.
  avg = a.mean(axis, **keepdims_kw)
/home/mburu/anaconda3/envs/TabSurvey/lib/python3.8/site-packages/numpy/core/_methods.py:190: RuntimeWarning: invalid value encountered in double_scalars
  ret = ret.dtype.type(ret / rcount)
/home/mburu/anaconda3/envs/TabSurvey/lib/python3.8/site-packages/numpy/lib/function_base.py:518: RuntimeWarning: Mean of empty slice.
  avg = a.mean(axis, **keepdims_kw)
/home/mburu/anaconda3/envs/TabSurvey/lib/python3.8/site-packages/numpy/core/_methods.py:190: RuntimeWarning: invalid value encountered in double_scalars
  ret = ret.dtype.type(ret / rcount)
/home/mburu/anaconda3/envs/TabSurvey/lib/python3.8/site-packages/numpy/lib/function_base.py:518: RuntimeWarning: Mean of empty slice.
  avg = a.mean(axis, **keepdims_kw)
/home/mburu/anaconda3/envs/TabSurvey/lib/python3.8/site-packages/numpy/core/_methods.py:190: RuntimeWarning: invalid value encountered in double_scalars
  ret = ret.dtype.type(ret / rcount)
/home/mburu/anaconda3/envs/TabSurvey/lib/python3.8/site-packages/numpy/lib/function_base.py:518: RuntimeWarning: Mean of empty slice.
  avg = a.mean(axis, **keepdims_kw)
/home/mburu/anaconda3/envs/TabSurvey/lib/python3.8/site-packages/numpy/core/_methods.py:190: RuntimeWarning: invalid value encountered in double_scalars
  ret = ret.dtype.type(ret / rcount)
/home/mburu/.local/lib/python3.8/site-packages/sklearn/preprocessing/_discretization.py:322: UserWarning: Bins whose width are too small (i.e., <= 1e-8) in feature 0 are removed. Consider decreasing the number of bins.
  warnings.warn(
/home/mburu/anaconda3/envs/TabSurvey/lib/python3.8/site-packages/numpy/lib/function_base.py:518: RuntimeWarning: Mean of empty slice.
  avg = a.mean(axis, **keepdims_kw)
/home/mburu/anaconda3/envs/TabSurvey/lib/python3.8/site-packages/numpy/core/_methods.py:190: RuntimeWarning: invalid value encountered in double_scalars
  ret = ret.dtype.type(ret / rcount)
/home/mburu/.local/lib/python3.8/site-packages/sklearn/preprocessing/_discretization.py:322: UserWarning: Bins whose width are too small (i.e., <= 1e-8) in feature 0 are removed. Consider decreasing the number of bins.
  warnings.warn(
/home/mburu/anaconda3/envs/TabSurvey/lib/python3.8/site-packages/numpy/lib/function_base.py:518: RuntimeWarning: Mean of empty slice.
  avg = a.mean(axis, **keepdims_kw)
/home/mburu/anaconda3/envs/TabSurvey/lib/python3.8/site-packages/numpy/core/_methods.py:190: RuntimeWarning: invalid value encountered in double_scalars
  ret = ret.dtype.type(ret / rcount)
/home/mburu/.local/lib/python3.8/site-packages/sklearn/preprocessing/_discretization.py:322: UserWarning: Bins whose width are too small (i.e., <= 1e-8) in feature 0 are removed. Consider decreasing the number of bins.
  warnings.warn(
/home/mburu/anaconda3/envs/TabSurvey/lib/python3.8/site-packages/numpy/lib/function_base.py:518: RuntimeWarning: Mean of empty slice.
  avg = a.mean(axis, **keepdims_kw)
/home/mburu/anaconda3/envs/TabSurvey/lib/python3.8/site-packages/numpy/core/_methods.py:190: RuntimeWarning: invalid value encountered in double_scalars
  ret = ret.dtype.type(ret / rcount)
/home/mburu/.local/lib/python3.8/site-packages/sklearn/preprocessing/_discretization.py:322: UserWarning: Bins whose width are too small (i.e., <= 1e-8) in feature 0 are removed. Consider decreasing the number of bins.
  warnings.warn(
/home/mburu/anaconda3/envs/TabSurvey/lib/python3.8/site-packages/numpy/lib/function_base.py:518: RuntimeWarning: Mean of empty slice.
  avg = a.mean(axis, **keepdims_kw)
/home/mburu/anaconda3/envs/TabSurvey/lib/python3.8/site-packages/numpy/core/_methods.py:190: RuntimeWarning: invalid value encountered in double_scalars
  ret = ret.dtype.type(ret / rcount)
/home/mburu/.local/lib/python3.8/site-packages/sklearn/preprocessing/_discretization.py:322: UserWarning: Bins whose width are too small (i.e., <= 1e-8) in feature 0 are removed. Consider decreasing the number of bins.
  warnings.warn(
/home/mburu/anaconda3/envs/TabSurvey/lib/python3.8/site-packages/numpy/lib/function_base.py:518: RuntimeWarning: Mean of empty slice.
  avg = a.mean(axis, **keepdims_kw)
/home/mburu/anaconda3/envs/TabSurvey/lib/python3.8/site-packages/numpy/core/_methods.py:190: RuntimeWarning: invalid value encountered in double_scalars
  ret = ret.dtype.type(ret / rcount)
/home/mburu/.local/lib/python3.8/site-packages/sklearn/preprocessing/_discretization.py:322: UserWarning: Bins whose width are too small (i.e., <= 1e-8) in feature 0 are removed. Consider decreasing the number of bins.
  warnings.warn(
/home/mburu/anaconda3/envs/TabSurvey/lib/python3.8/site-packages/numpy/lib/function_base.py:518: RuntimeWarning: Mean of empty slice.
  avg = a.mean(axis, **keepdims_kw)
/home/mburu/anaconda3/envs/TabSurvey/lib/python3.8/site-packages/numpy/core/_methods.py:190: RuntimeWarning: invalid value encountered in double_scalars
  ret = ret.dtype.type(ret / rcount)
/home/mburu/anaconda3/envs/TabSurvey/lib/python3.8/site-packages/numpy/lib/function_base.py:518: RuntimeWarning: Mean of empty slice.
  avg = a.mean(axis, **keepdims_kw)
/home/mburu/anaconda3/envs/TabSurvey/lib/python3.8/site-packages/numpy/core/_methods.py:190: RuntimeWarning: invalid value encountered in double_scalars
  ret = ret.dtype.type(ret / rcount)
/home/mburu/anaconda3/envs/TabSurvey/lib/python3.8/site-packages/numpy/lib/function_base.py:518: RuntimeWarning: Mean of empty slice.
  avg = a.mean(axis, **keepdims_kw)
/home/mburu/anaconda3/envs/TabSurvey/lib/python3.8/site-packages/numpy/core/_methods.py:190: RuntimeWarning: invalid value encountered in double_scalars
  ret = ret.dtype.type(ret / rcount)
/home/mburu/anaconda3/envs/TabSurvey/lib/python3.8/site-packages/numpy/lib/function_base.py:518: RuntimeWarning: Mean of empty slice.
  avg = a.mean(axis, **keepdims_kw)
/home/mburu/anaconda3/envs/TabSurvey/lib/python3.8/site-packages/numpy/core/_methods.py:190: RuntimeWarning: invalid value encountered in double_scalars
  ret = ret.dtype.type(ret / rcount)
/home/mburu/anaconda3/envs/TabSurvey/lib/python3.8/site-packages/numpy/lib/function_base.py:518: RuntimeWarning: Mean of empty slice.
  avg = a.mean(axis, **keepdims_kw)
/home/mburu/anaconda3/envs/TabSurvey/lib/python3.8/site-packages/numpy/core/_methods.py:190: RuntimeWarning: invalid value encountered in double_scalars
  ret = ret.dtype.type(ret / rcount)
/home/mburu/anaconda3/envs/TabSurvey/lib/python3.8/site-packages/numpy/lib/function_base.py:518: RuntimeWarning: Mean of empty slice.
  avg = a.mean(axis, **keepdims_kw)
/home/mburu/anaconda3/envs/TabSurvey/lib/python3.8/site-packages/numpy/core/_methods.py:190: RuntimeWarning: invalid value encountered in double_scalars
  ret = ret.dtype.type(ret / rcount)
/home/mburu/anaconda3/envs/TabSurvey/lib/python3.8/site-packages/numpy/lib/function_base.py:518: RuntimeWarning: Mean of empty slice.
  avg = a.mean(axis, **keepdims_kw)
/home/mburu/anaconda3/envs/TabSurvey/lib/python3.8/site-packages/numpy/core/_methods.py:190: RuntimeWarning: invalid value encountered in double_scalars
  ret = ret.dtype.type(ret / rcount)
/home/mburu/anaconda3/envs/TabSurvey/lib/python3.8/site-packages/numpy/lib/function_base.py:518: RuntimeWarning: Mean of empty slice.
  avg = a.mean(axis, **keepdims_kw)
/home/mburu/anaconda3/envs/TabSurvey/lib/python3.8/site-packages/numpy/core/_methods.py:190: RuntimeWarning: invalid value encountered in double_scalars
  ret = ret.dtype.type(ret / rcount)
/home/mburu/anaconda3/envs/TabSurvey/lib/python3.8/site-packages/numpy/lib/function_base.py:518: RuntimeWarning: Mean of empty slice.
  avg = a.mean(axis, **keepdims_kw)
/home/mburu/anaconda3/envs/TabSurvey/lib/python3.8/site-packages/numpy/core/_methods.py:190: RuntimeWarning: invalid value encountered in double_scalars
  ret = ret.dtype.type(ret / rcount)
/home/mburu/anaconda3/envs/TabSurvey/lib/python3.8/site-packages/numpy/lib/function_base.py:518: RuntimeWarning: Mean of empty slice.
  avg = a.mean(axis, **keepdims_kw)
/home/mburu/anaconda3/envs/TabSurvey/lib/python3.8/site-packages/numpy/core/_methods.py:190: RuntimeWarning: invalid value encountered in double_scalars
  ret = ret.dtype.type(ret / rcount)
/home/mburu/anaconda3/envs/TabSurvey/lib/python3.8/site-packages/numpy/lib/function_base.py:518: RuntimeWarning: Mean of empty slice.
  avg = a.mean(axis, **keepdims_kw)
/home/mburu/anaconda3/envs/TabSurvey/lib/python3.8/site-packages/numpy/core/_methods.py:190: RuntimeWarning: invalid value encountered in double_scalars
  ret = ret.dtype.type(ret / rcount)
/home/mburu/anaconda3/envs/TabSurvey/lib/python3.8/site-packages/numpy/lib/function_base.py:518: RuntimeWarning: Mean of empty slice.
  avg = a.mean(axis, **keepdims_kw)
/home/mburu/anaconda3/envs/TabSurvey/lib/python3.8/site-packages/numpy/core/_methods.py:190: RuntimeWarning: invalid value encountered in double_scalars
  ret = ret.dtype.type(ret / rcount)
/home/mburu/anaconda3/envs/TabSurvey/lib/python3.8/site-packages/numpy/lib/function_base.py:518: RuntimeWarning: Mean of empty slice.
  avg = a.mean(axis, **keepdims_kw)
/home/mburu/anaconda3/envs/TabSurvey/lib/python3.8/site-packages/numpy/core/_methods.py:190: RuntimeWarning: invalid value encountered in double_scalars
  ret = ret.dtype.type(ret / rcount)
/home/mburu/.local/lib/python3.8/site-packages/sklearn/preprocessing/_discretization.py:322: UserWarning: Bins whose width are too small (i.e., <= 1e-8) in feature 0 are removed. Consider decreasing the number of bins.
  warnings.warn(
/home/mburu/anaconda3/envs/TabSurvey/lib/python3.8/site-packages/numpy/lib/function_base.py:518: RuntimeWarning: Mean of empty slice.
  avg = a.mean(axis, **keepdims_kw)
/home/mburu/anaconda3/envs/TabSurvey/lib/python3.8/site-packages/numpy/core/_methods.py:190: RuntimeWarning: invalid value encountered in double_scalars
  ret = ret.dtype.type(ret / rcount)
/home/mburu/.local/lib/python3.8/site-packages/sklearn/preprocessing/_discretization.py:322: UserWarning: Bins whose width are too small (i.e., <= 1e-8) in feature 0 are removed. Consider decreasing the number of bins.
  warnings.warn(
/home/mburu/anaconda3/envs/TabSurvey/lib/python3.8/site-packages/numpy/lib/function_base.py:518: RuntimeWarning: Mean of empty slice.
  avg = a.mean(axis, **keepdims_kw)
/home/mburu/anaconda3/envs/TabSurvey/lib/python3.8/site-packages/numpy/core/_methods.py:190: RuntimeWarning: invalid value encountered in double_scalars
  ret = ret.dtype.type(ret / rcount)
/home/mburu/.local/lib/python3.8/site-packages/sklearn/preprocessing/_discretization.py:322: UserWarning: Bins whose width are too small (i.e., <= 1e-8) in feature 0 are removed. Consider decreasing the number of bins.
  warnings.warn(
/home/mburu/anaconda3/envs/TabSurvey/lib/python3.8/site-packages/numpy/lib/function_base.py:518: RuntimeWarning: Mean of empty slice.
  avg = a.mean(axis, **keepdims_kw)
/home/mburu/anaconda3/envs/TabSurvey/lib/python3.8/site-packages/numpy/core/_methods.py:190: RuntimeWarning: invalid value encountered in double_scalars
  ret = ret.dtype.type(ret / rcount)
/home/mburu/.local/lib/python3.8/site-packages/sklearn/preprocessing/_discretization.py:322: UserWarning: Bins whose width are too small (i.e., <= 1e-8) in feature 0 are removed. Consider decreasing the number of bins.
  warnings.warn(
/home/mburu/anaconda3/envs/TabSurvey/lib/python3.8/site-packages/numpy/lib/function_base.py:518: RuntimeWarning: Mean of empty slice.
  avg = a.mean(axis, **keepdims_kw)
/home/mburu/anaconda3/envs/TabSurvey/lib/python3.8/site-packages/numpy/core/_methods.py:190: RuntimeWarning: invalid value encountered in double_scalars
  ret = ret.dtype.type(ret / rcount)
/home/mburu/.local/lib/python3.8/site-packages/sklearn/preprocessing/_discretization.py:322: UserWarning: Bins whose width are too small (i.e., <= 1e-8) in feature 0 are removed. Consider decreasing the number of bins.
  warnings.warn(
/home/mburu/anaconda3/envs/TabSurvey/lib/python3.8/site-packages/numpy/lib/function_base.py:518: RuntimeWarning: Mean of empty slice.
  avg = a.mean(axis, **keepdims_kw)
/home/mburu/anaconda3/envs/TabSurvey/lib/python3.8/site-packages/numpy/core/_methods.py:190: RuntimeWarning: invalid value encountered in double_scalars
  ret = ret.dtype.type(ret / rcount)
/home/mburu/.local/lib/python3.8/site-packages/sklearn/preprocessing/_discretization.py:322: UserWarning: Bins whose width are too small (i.e., <= 1e-8) in feature 0 are removed. Consider decreasing the number of bins.
  warnings.warn(
/home/mburu/anaconda3/envs/TabSurvey/lib/python3.8/site-packages/numpy/lib/function_base.py:518: RuntimeWarning: Mean of empty slice.
  avg = a.mean(axis, **keepdims_kw)
/home/mburu/anaconda3/envs/TabSurvey/lib/python3.8/site-packages/numpy/core/_methods.py:190: RuntimeWarning: invalid value encountered in double_scalars
  ret = ret.dtype.type(ret / rcount)
/home/mburu/.local/lib/python3.8/site-packages/sklearn/base.py:1152: ConvergenceWarning: Number of distinct clusters (10) found smaller than n_clusters (15). Possibly due to duplicate points in X.
  return fit_method(estimator, *args, **kwargs)
/home/mburu/.local/lib/python3.8/site-packages/sklearn/preprocessing/_discretization.py:322: UserWarning: Bins whose width are too small (i.e., <= 1e-8) in feature 0 are removed. Consider decreasing the number of bins.
  warnings.warn(
/home/mburu/anaconda3/envs/TabSurvey/lib/python3.8/site-packages/numpy/lib/function_base.py:518: RuntimeWarning: Mean of empty slice.
  avg = a.mean(axis, **keepdims_kw)
/home/mburu/anaconda3/envs/TabSurvey/lib/python3.8/site-packages/numpy/core/_methods.py:190: RuntimeWarning: invalid value encountered in double_scalars
  ret = ret.dtype.type(ret / rcount)
/home/mburu/.local/lib/python3.8/site-packages/sklearn/base.py:1152: ConvergenceWarning: Number of distinct clusters (10) found smaller than n_clusters (15). Possibly due to duplicate points in X.
  return fit_method(estimator, *args, **kwargs)
/home/mburu/.local/lib/python3.8/site-packages/sklearn/preprocessing/_discretization.py:322: UserWarning: Bins whose width are too small (i.e., <= 1e-8) in feature 0 are removed. Consider decreasing the number of bins.
  warnings.warn(
/home/mburu/anaconda3/envs/TabSurvey/lib/python3.8/site-packages/numpy/lib/function_base.py:518: RuntimeWarning: Mean of empty slice.
  avg = a.mean(axis, **keepdims_kw)
/home/mburu/anaconda3/envs/TabSurvey/lib/python3.8/site-packages/numpy/core/_methods.py:190: RuntimeWarning: invalid value encountered in double_scalars
  ret = ret.dtype.type(ret / rcount)
/home/mburu/.local/lib/python3.8/site-packages/sklearn/base.py:1152: ConvergenceWarning: Number of distinct clusters (10) found smaller than n_clusters (15). Possibly due to duplicate points in X.
  return fit_method(estimator, *args, **kwargs)
/home/mburu/.local/lib/python3.8/site-packages/sklearn/preprocessing/_discretization.py:322: UserWarning: Bins whose width are too small (i.e., <= 1e-8) in feature 0 are removed. Consider decreasing the number of bins.
  warnings.warn(
/home/mburu/anaconda3/envs/TabSurvey/lib/python3.8/site-packages/numpy/lib/function_base.py:518: RuntimeWarning: Mean of empty slice.
  avg = a.mean(axis, **keepdims_kw)
/home/mburu/anaconda3/envs/TabSurvey/lib/python3.8/site-packages/numpy/core/_methods.py:190: RuntimeWarning: invalid value encountered in double_scalars
  ret = ret.dtype.type(ret / rcount)
/home/mburu/.local/lib/python3.8/site-packages/sklearn/base.py:1152: ConvergenceWarning: Number of distinct clusters (10) found smaller than n_clusters (15). Possibly due to duplicate points in X.
  return fit_method(estimator, *args, **kwargs)
/home/mburu/.local/lib/python3.8/site-packages/sklearn/preprocessing/_discretization.py:322: UserWarning: Bins whose width are too small (i.e., <= 1e-8) in feature 0 are removed. Consider decreasing the number of bins.
  warnings.warn(
/home/mburu/anaconda3/envs/TabSurvey/lib/python3.8/site-packages/numpy/lib/function_base.py:518: RuntimeWarning: Mean of empty slice.
  avg = a.mean(axis, **keepdims_kw)
/home/mburu/anaconda3/envs/TabSurvey/lib/python3.8/site-packages/numpy/core/_methods.py:190: RuntimeWarning: invalid value encountered in double_scalars
  ret = ret.dtype.type(ret / rcount)
/home/mburu/.local/lib/python3.8/site-packages/sklearn/base.py:1152: ConvergenceWarning: Number of distinct clusters (10) found smaller than n_clusters (15). Possibly due to duplicate points in X.
  return fit_method(estimator, *args, **kwargs)
/home/mburu/.local/lib/python3.8/site-packages/sklearn/preprocessing/_discretization.py:322: UserWarning: Bins whose width are too small (i.e., <= 1e-8) in feature 0 are removed. Consider decreasing the number of bins.
  warnings.warn(
/home/mburu/anaconda3/envs/TabSurvey/lib/python3.8/site-packages/numpy/lib/function_base.py:518: RuntimeWarning: Mean of empty slice.
  avg = a.mean(axis, **keepdims_kw)
/home/mburu/anaconda3/envs/TabSurvey/lib/python3.8/site-packages/numpy/core/_methods.py:190: RuntimeWarning: invalid value encountered in double_scalars
  ret = ret.dtype.type(ret / rcount)
/home/mburu/.local/lib/python3.8/site-packages/sklearn/base.py:1152: ConvergenceWarning: Number of distinct clusters (10) found smaller than n_clusters (15). Possibly due to duplicate points in X.
  return fit_method(estimator, *args, **kwargs)
/home/mburu/.local/lib/python3.8/site-packages/sklearn/preprocessing/_discretization.py:322: UserWarning: Bins whose width are too small (i.e., <= 1e-8) in feature 0 are removed. Consider decreasing the number of bins.
  warnings.warn(
/home/mburu/anaconda3/envs/TabSurvey/lib/python3.8/site-packages/numpy/lib/function_base.py:518: RuntimeWarning: Mean of empty slice.
  avg = a.mean(axis, **keepdims_kw)
/home/mburu/anaconda3/envs/TabSurvey/lib/python3.8/site-packages/numpy/core/_methods.py:190: RuntimeWarning: invalid value encountered in double_scalars
  ret = ret.dtype.type(ret / rcount)
/home/mburu/.local/lib/python3.8/site-packages/sklearn/preprocessing/_discretization.py:322: UserWarning: Bins whose width are too small (i.e., <= 1e-8) in feature 0 are removed. Consider decreasing the number of bins.
  warnings.warn(
/home/mburu/.local/lib/python3.8/site-packages/sklearn/preprocessing/_discretization.py:322: UserWarning: Bins whose width are too small (i.e., <= 1e-8) in feature 0 are removed. Consider decreasing the number of bins.
  warnings.warn(
/home/mburu/.local/lib/python3.8/site-packages/sklearn/preprocessing/_discretization.py:322: UserWarning: Bins whose width are too small (i.e., <= 1e-8) in feature 0 are removed. Consider decreasing the number of bins.
  warnings.warn(
/home/mburu/.local/lib/python3.8/site-packages/sklearn/preprocessing/_discretization.py:322: UserWarning: Bins whose width are too small (i.e., <= 1e-8) in feature 0 are removed. Consider decreasing the number of bins.
  warnings.warn(
/home/mburu/.local/lib/python3.8/site-packages/sklearn/preprocessing/_discretization.py:322: UserWarning: Bins whose width are too small (i.e., <= 1e-8) in feature 0 are removed. Consider decreasing the number of bins.
  warnings.warn(
/home/mburu/.local/lib/python3.8/site-packages/sklearn/preprocessing/_discretization.py:322: UserWarning: Bins whose width are too small (i.e., <= 1e-8) in feature 0 are removed. Consider decreasing the number of bins.
  warnings.warn(
/home/mburu/.local/lib/python3.8/site-packages/sklearn/preprocessing/_discretization.py:322: UserWarning: Bins whose width are too small (i.e., <= 1e-8) in feature 0 are removed. Consider decreasing the number of bins.
  warnings.warn(
/home/mburu/.local/lib/python3.8/site-packages/sklearn/preprocessing/_discretization.py:322: UserWarning: Bins whose width are too small (i.e., <= 1e-8) in feature 0 are removed. Consider decreasing the number of bins.
  warnings.warn(
/home/mburu/.local/lib/python3.8/site-packages/sklearn/preprocessing/_discretization.py:322: UserWarning: Bins whose width are too small (i.e., <= 1e-8) in feature 0 are removed. Consider decreasing the number of bins.
  warnings.warn(
/home/mburu/.local/lib/python3.8/site-packages/sklearn/preprocessing/_discretization.py:322: UserWarning: Bins whose width are too small (i.e., <= 1e-8) in feature 0 are removed. Consider decreasing the number of bins.
  warnings.warn(
/home/mburu/.local/lib/python3.8/site-packages/sklearn/preprocessing/_discretization.py:322: UserWarning: Bins whose width are too small (i.e., <= 1e-8) in feature 0 are removed. Consider decreasing the number of bins.
  warnings.warn(
/home/mburu/.local/lib/python3.8/site-packages/sklearn/preprocessing/_discretization.py:322: UserWarning: Bins whose width are too small (i.e., <= 1e-8) in feature 0 are removed. Consider decreasing the number of bins.
  warnings.warn(
