[I 2025-05-05 04:50:25,174] A new study created in memory with name: XGBoost_Brazillian_Houses_outer1
[W 2025-05-05 04:50:25,387] Trial 0 failed with parameters: {'max_depth': 2, 'alpha': 6.0525760544394255e-06, 'lambda': 0.1711208650747198, 'eta': 0.016553327053592415} because of the following error: TypeError('encoding without a string argument').
Traceback (most recent call last):
  File "/home/mburu/.local/lib/python3.8/site-packages/optuna/study/_optimize.py", line 197, in _run_trial
    value_or_values = func(trial)
  File "train.py", line 1026, in __call__
    inner_sc, avg_score, time = evaluate_hyperparameters_cv(
  File "train.py", line 353, in evaluate_hyperparameters_cv
    _,_ = curr_model.fit(X_train_inner_proc, y_train_inner_proc, X_val_inner_proc, y_val_inner_proc)
  File "/home/mburu/Master_Thesis/master-thesis-da/DNN_Trial/models/tree_models.py", line 47, in fit
    train = xgb.DMatrix(X, label=y, enable_categorical=True, feature_types=feature_types)
  File "/home/mburu/anaconda3/envs/TabSurvey/lib/python3.8/site-packages/xgboost/core.py", line 726, in inner_f
    return func(**kwargs)
  File "/home/mburu/anaconda3/envs/TabSurvey/lib/python3.8/site-packages/xgboost/core.py", line 904, in __init__
    self.feature_types = feature_types
  File "/home/mburu/anaconda3/envs/TabSurvey/lib/python3.8/site-packages/xgboost/core.py", line 1417, in feature_types
    feature_types_bytes = [bytes(f, encoding="utf-8") for f in feature_types]
  File "/home/mburu/anaconda3/envs/TabSurvey/lib/python3.8/site-packages/xgboost/core.py", line 1417, in <listcomp>
    feature_types_bytes = [bytes(f, encoding="utf-8") for f in feature_types]
TypeError: encoding without a string argument
[W 2025-05-05 04:50:25,388] Trial 0 failed with value None.
Traceback (most recent call last):
  File "train.py", line 1194, in <module>
    main(arguments)
  File "train.py", line 1065, in main
    agg_scorer, avg_train_time, avg_test_time = nested_cross_validation(
  File "train.py", line 512, in nested_cross_validation
    study.optimize(objective, n_trials=args.n_trials, n_jobs=1) # n_jobs=1 unless Objective and preprocessing are thread-safe
  File "/home/mburu/.local/lib/python3.8/site-packages/optuna/study/study.py", line 475, in optimize
    _optimize(
  File "/home/mburu/.local/lib/python3.8/site-packages/optuna/study/_optimize.py", line 63, in _optimize
    _optimize_sequential(
  File "/home/mburu/.local/lib/python3.8/site-packages/optuna/study/_optimize.py", line 160, in _optimize_sequential
    frozen_trial = _run_trial(study, func, catch)
  File "/home/mburu/.local/lib/python3.8/site-packages/optuna/study/_optimize.py", line 248, in _run_trial
    raise func_err
  File "/home/mburu/.local/lib/python3.8/site-packages/optuna/study/_optimize.py", line 197, in _run_trial
    value_or_values = func(trial)
  File "train.py", line 1026, in __call__
    inner_sc, avg_score, time = evaluate_hyperparameters_cv(
  File "train.py", line 353, in evaluate_hyperparameters_cv
    _,_ = curr_model.fit(X_train_inner_proc, y_train_inner_proc, X_val_inner_proc, y_val_inner_proc)
  File "/home/mburu/Master_Thesis/master-thesis-da/DNN_Trial/models/tree_models.py", line 47, in fit
    train = xgb.DMatrix(X, label=y, enable_categorical=True, feature_types=feature_types)
  File "/home/mburu/anaconda3/envs/TabSurvey/lib/python3.8/site-packages/xgboost/core.py", line 726, in inner_f
    return func(**kwargs)
  File "/home/mburu/anaconda3/envs/TabSurvey/lib/python3.8/site-packages/xgboost/core.py", line 904, in __init__
    self.feature_types = feature_types
  File "/home/mburu/anaconda3/envs/TabSurvey/lib/python3.8/site-packages/xgboost/core.py", line 1417, in feature_types
    feature_types_bytes = [bytes(f, encoding="utf-8") for f in feature_types]
  File "/home/mburu/anaconda3/envs/TabSurvey/lib/python3.8/site-packages/xgboost/core.py", line 1417, in <listcomp>
    feature_types_bytes = [bytes(f, encoding="utf-8") for f in feature_types]
TypeError: encoding without a string argument
srun: error: stud-000: task 0: Exited with exit code 1
[I 2025-05-05 04:50:34,779] A new study created in memory with name: XGBoost_House_Sales_outer1
[I 2025-05-05 04:50:36,236] Trial 0 finished with value: 0.0 and parameters: {'max_depth': 2, 'alpha': 0.040541909660480144, 'lambda': 0.17061985864412868, 'eta': 0.04804921250007815}. Best is trial 0 with value: 0.0.
[I 2025-05-05 04:50:37,925] Trial 1 finished with value: 0.0 and parameters: {'max_depth': 5, 'alpha': 4.0974322595516e-05, 'lambda': 2.2091085539916858e-05, 'eta': 0.1322813335603833}. Best is trial 0 with value: 0.0.
[I 2025-05-05 04:50:55,183] Trial 2 finished with value: 0.0 and parameters: {'max_depth': 12, 'alpha': 1.3489302880734371e-08, 'lambda': 0.00029177604209788425, 'eta': 0.10502254405192914}. Best is trial 0 with value: 0.0.
[I 2025-05-05 04:50:56,593] Trial 3 finished with value: 0.0 and parameters: {'max_depth': 4, 'alpha': 0.0002989217463075622, 'lambda': 0.033005581781086195, 'eta': 0.06778843722399622}. Best is trial 0 with value: 0.0.
[I 2025-05-05 04:50:58,682] Trial 4 finished with value: 0.0 and parameters: {'max_depth': 6, 'alpha': 0.0004746715866838439, 'lambda': 2.3268066954199195e-05, 'eta': 0.043975440186942716}. Best is trial 0 with value: 0.0.
[I 2025-05-05 04:50:58,941] A new study created in memory with name: XGBoost_House_Sales_outer2
[I 2025-05-05 04:50:59,948] Trial 0 finished with value: 0.0 and parameters: {'max_depth': 2, 'alpha': 0.0005270563115672353, 'lambda': 0.7564264084725191, 'eta': 0.02332528324027396}. Best is trial 0 with value: 0.0.
[I 2025-05-05 04:51:13,047] Trial 1 finished with value: 0.0 and parameters: {'max_depth': 11, 'alpha': 0.005820402944981221, 'lambda': 1.3854153214930111e-05, 'eta': 0.061154501792017125}. Best is trial 0 with value: 0.0.
[I 2025-05-05 04:51:16,661] Trial 2 finished with value: 0.0 and parameters: {'max_depth': 8, 'alpha': 3.6478825341390284e-06, 'lambda': 0.0016719871126190421, 'eta': 0.05952111893726219}. Best is trial 0 with value: 0.0.
[I 2025-05-05 04:51:17,684] Trial 3 finished with value: 0.0 and parameters: {'max_depth': 2, 'alpha': 5.2874586019579145e-06, 'lambda': 2.431161402242147e-06, 'eta': 0.11808088133795118}. Best is trial 0 with value: 0.0.
[I 2025-05-05 04:51:21,419] Trial 4 finished with value: 0.0 and parameters: {'max_depth': 8, 'alpha': 1.0509565004373523e-07, 'lambda': 0.01269532039164482, 'eta': 0.026380427629431276}. Best is trial 0 with value: 0.0.
[I 2025-05-05 04:51:21,641] A new study created in memory with name: XGBoost_House_Sales_outer3
[I 2025-05-05 04:51:22,664] Trial 0 finished with value: 0.0 and parameters: {'max_depth': 2, 'alpha': 1.7815738330301252e-06, 'lambda': 0.0001434473590578816, 'eta': 0.033998610316575306}. Best is trial 0 with value: 0.0.
[I 2025-05-05 04:51:24,469] Trial 1 finished with value: 0.0 and parameters: {'max_depth': 4, 'alpha': 0.9578729209524882, 'lambda': 0.001653271089534652, 'eta': 0.25561446286943695}. Best is trial 0 with value: 0.0.
[I 2025-05-05 04:51:26,206] Trial 2 finished with value: 0.0 and parameters: {'max_depth': 5, 'alpha': 9.276400526418263e-08, 'lambda': 6.302157119303753e-06, 'eta': 0.285792226744581}. Best is trial 0 with value: 0.0.
[I 2025-05-05 04:51:29,194] Trial 3 finished with value: 0.0 and parameters: {'max_depth': 9, 'alpha': 0.0001806403795677007, 'lambda': 0.8781795388880723, 'eta': 0.17025381691081895}. Best is trial 0 with value: 0.0.
[I 2025-05-05 04:51:30,221] Trial 4 finished with value: 0.0 and parameters: {'max_depth': 2, 'alpha': 3.6708071014958644e-06, 'lambda': 1.9980032900379964e-07, 'eta': 0.08729898039909849}. Best is trial 0 with value: 0.0.
[I 2025-05-05 04:51:30,441] A new study created in memory with name: XGBoost_House_Sales_outer4
[I 2025-05-05 04:51:38,537] Trial 0 finished with value: 0.0 and parameters: {'max_depth': 10, 'alpha': 8.509608264955433e-07, 'lambda': 0.4024314568171468, 'eta': 0.012635447283384654}. Best is trial 0 with value: 0.0.
[I 2025-05-05 04:51:39,560] Trial 1 finished with value: 0.0 and parameters: {'max_depth': 2, 'alpha': 0.02030102151264833, 'lambda': 3.1705358083710574e-05, 'eta': 0.16734372287632135}. Best is trial 0 with value: 0.0.
[I 2025-05-05 04:51:53,331] Trial 2 finished with value: 0.0 and parameters: {'max_depth': 12, 'alpha': 0.0043916464307720265, 'lambda': 7.77847981808455e-07, 'eta': 0.15602472611681423}. Best is trial 0 with value: 0.0.
[I 2025-05-05 04:51:55,056] Trial 3 finished with value: 0.0 and parameters: {'max_depth': 5, 'alpha': 3.579238548074763e-05, 'lambda': 9.63574262660447e-05, 'eta': 0.1127575184587786}. Best is trial 0 with value: 0.0.
[I 2025-05-05 04:51:56,736] Trial 4 finished with value: 0.0 and parameters: {'max_depth': 4, 'alpha': 0.002410703646342838, 'lambda': 0.00018701646389248665, 'eta': 0.26376509626252603}. Best is trial 0 with value: 0.0.
[I 2025-05-05 04:51:58,581] A new study created in memory with name: XGBoost_House_Sales_outer5
[I 2025-05-05 04:52:00,694] Trial 0 finished with value: 0.0 and parameters: {'max_depth': 6, 'alpha': 0.28571006905409846, 'lambda': 0.00031991433655373657, 'eta': 0.021472406277688025}. Best is trial 0 with value: 0.0.
[I 2025-05-05 04:52:01,909] Trial 1 finished with value: 0.0 and parameters: {'max_depth': 3, 'alpha': 0.024439497834815794, 'lambda': 1.213644142295825e-08, 'eta': 0.04927140961022176}. Best is trial 0 with value: 0.0.
[I 2025-05-05 04:52:05,652] Trial 2 finished with value: 0.0 and parameters: {'max_depth': 10, 'alpha': 0.0004598655418151679, 'lambda': 1.1308927814909704e-05, 'eta': 0.2712423157925093}. Best is trial 0 with value: 0.0.
[I 2025-05-05 04:52:06,868] Trial 3 finished with value: 0.0 and parameters: {'max_depth': 3, 'alpha': 0.0007915030370607136, 'lambda': 1.8321578680478014e-05, 'eta': 0.21034358966959354}. Best is trial 0 with value: 0.0.
[I 2025-05-05 04:52:08,580] Trial 4 finished with value: 0.0 and parameters: {'max_depth': 5, 'alpha': 0.13452312682773365, 'lambda': 0.2824175084456913, 'eta': 0.014644538078094994}. Best is trial 0 with value: 0.0.
Traceback (most recent call last):
  File "train.py", line 1194, in <module>
    main(arguments)
  File "train.py", line 1065, in main
    agg_scorer, avg_train_time, avg_test_time = nested_cross_validation(
  File "train.py", line 707, in nested_cross_validation
    best_hp_idx = best_loss_dict.index(min(best_loss_dict))
ValueError: min() arg is an empty sequence
srun: error: stud-000: task 0: Exited with exit code 1
