[I 2025-05-05 04:48:57,849] A new study created in memory with name: XGBoost_Mercedes_Benz_outer1
[I 2025-05-05 04:49:02,597] Trial 0 finished with value: 0.0 and parameters: {'max_depth': 12, 'alpha': 0.2133214337243954, 'lambda': 0.00010190850603683779, 'eta': 0.15683509083146022}. Best is trial 0 with value: 0.0.
[I 2025-05-05 04:49:03,963] Trial 1 finished with value: 0.0 and parameters: {'max_depth': 5, 'alpha': 0.004465531602550735, 'lambda': 2.5393596392029233e-05, 'eta': 0.18208998563035247}. Best is trial 0 with value: 0.0.
[I 2025-05-05 04:49:07,185] Trial 2 finished with value: 0.0 and parameters: {'max_depth': 8, 'alpha': 5.4280043485952065e-05, 'lambda': 0.0017076309856337967, 'eta': 0.051511567991907904}. Best is trial 0 with value: 0.0.
[I 2025-05-05 04:49:09,270] Trial 3 finished with value: 0.0 and parameters: {'max_depth': 3, 'alpha': 3.6817419200431927e-08, 'lambda': 0.23126951988496383, 'eta': 0.026654868546003005}. Best is trial 0 with value: 0.0.
[I 2025-05-05 04:49:10,589] Trial 4 finished with value: 0.0 and parameters: {'max_depth': 2, 'alpha': 5.772387822799643e-07, 'lambda': 5.6231601560009174e-05, 'eta': 0.12904691141720528}. Best is trial 0 with value: 0.0.
[I 2025-05-05 04:49:11,458] A new study created in memory with name: XGBoost_Mercedes_Benz_outer2
[I 2025-05-05 04:49:12,804] Trial 0 finished with value: 0.0 and parameters: {'max_depth': 3, 'alpha': 0.013865255865531856, 'lambda': 8.766048519400193e-05, 'eta': 0.1318326922026057}. Best is trial 0 with value: 0.0.
[I 2025-05-05 04:49:15,105] Trial 1 finished with value: 0.0 and parameters: {'max_depth': 9, 'alpha': 6.73579445412284e-06, 'lambda': 1.499148234628625e-07, 'eta': 0.2784969322466605}. Best is trial 0 with value: 0.0.
[I 2025-05-05 04:49:19,014] Trial 2 finished with value: 0.0 and parameters: {'max_depth': 12, 'alpha': 1.3930934429206659e-08, 'lambda': 0.08347052707215172, 'eta': 0.29295240271211015}. Best is trial 0 with value: 0.0.
[I 2025-05-05 04:49:20,455] Trial 3 finished with value: 0.0 and parameters: {'max_depth': 4, 'alpha': 1.842342785564407e-06, 'lambda': 4.0439054936153815e-05, 'eta': 0.09953978179168481}. Best is trial 0 with value: 0.0.
[I 2025-05-05 04:49:22,759] Trial 4 finished with value: 0.0 and parameters: {'max_depth': 4, 'alpha': 0.0002731186347489221, 'lambda': 1.0192129882510451e-07, 'eta': 0.012564126149144638}. Best is trial 0 with value: 0.0.
[I 2025-05-05 04:49:23,058] A new study created in memory with name: XGBoost_Mercedes_Benz_outer3
[I 2025-05-05 04:49:24,479] Trial 0 finished with value: 0.0 and parameters: {'max_depth': 3, 'alpha': 0.00028173382934846425, 'lambda': 0.11579167749140427, 'eta': 0.13929487170336435}. Best is trial 0 with value: 0.0.
[I 2025-05-05 04:49:26,824] Trial 1 finished with value: 0.0 and parameters: {'max_depth': 4, 'alpha': 6.18932958953399e-07, 'lambda': 7.081820261735434e-05, 'eta': 0.01081127796620566}. Best is trial 0 with value: 0.0.
[I 2025-05-05 04:49:28,239] Trial 2 finished with value: 0.0 and parameters: {'max_depth': 5, 'alpha': 0.033109338563014165, 'lambda': 2.329450222671728e-06, 'eta': 0.18829338221677008}. Best is trial 0 with value: 0.0.
[I 2025-05-05 04:49:32,123] Trial 3 finished with value: 0.0 and parameters: {'max_depth': 11, 'alpha': 0.0041143414169830484, 'lambda': 5.1433499364572236e-05, 'eta': 0.1337861049420088}. Best is trial 0 with value: 0.0.
[I 2025-05-05 04:49:36,103] Trial 4 finished with value: 0.0 and parameters: {'max_depth': 11, 'alpha': 0.004522383358286713, 'lambda': 0.005332756089422392, 'eta': 0.13717077111973983}. Best is trial 0 with value: 0.0.
[I 2025-05-05 04:49:36,442] A new study created in memory with name: XGBoost_Mercedes_Benz_outer4
[I 2025-05-05 04:49:38,109] Trial 0 finished with value: 0.0 and parameters: {'max_depth': 4, 'alpha': 1.4732703817381834e-05, 'lambda': 0.04191327868193909, 'eta': 0.06645531501988143}. Best is trial 0 with value: 0.0.
[I 2025-05-05 04:49:42,913] Trial 1 finished with value: 0.0 and parameters: {'max_depth': 11, 'alpha': 5.7998083368084266e-08, 'lambda': 2.154343996612492e-06, 'eta': 0.08768724084036471}. Best is trial 0 with value: 0.0.
[I 2025-05-05 04:49:45,333] Trial 2 finished with value: 0.0 and parameters: {'max_depth': 5, 'alpha': 4.750599075612316e-07, 'lambda': 0.0005747391262339234, 'eta': 0.029793425769188017}. Best is trial 0 with value: 0.0.
[I 2025-05-05 04:49:47,207] Trial 3 finished with value: 0.0 and parameters: {'max_depth': 2, 'alpha': 2.12604007089202e-08, 'lambda': 1.330947103210579e-07, 'eta': 0.014093345074005162}. Best is trial 0 with value: 0.0.
[I 2025-05-05 04:49:55,426] Trial 4 finished with value: 0.0 and parameters: {'max_depth': 11, 'alpha': 0.0004461012765939215, 'lambda': 1.8065980460305346e-08, 'eta': 0.0317725163995022}. Best is trial 0 with value: 0.0.
[I 2025-05-05 04:49:55,825] A new study created in memory with name: XGBoost_Mercedes_Benz_outer5
[I 2025-05-05 04:50:00,612] Trial 0 finished with value: 0.0 and parameters: {'max_depth': 9, 'alpha': 4.55347998473085e-06, 'lambda': 0.0004936052485719258, 'eta': 0.041185297074379415}. Best is trial 0 with value: 0.0.
[I 2025-05-05 04:50:01,977] Trial 1 finished with value: 0.0 and parameters: {'max_depth': 5, 'alpha': 6.588076319679284e-07, 'lambda': 3.016845608675456e-07, 'eta': 0.2003357417114743}. Best is trial 0 with value: 0.0.
[I 2025-05-05 04:50:03,261] Trial 2 finished with value: 0.0 and parameters: {'max_depth': 4, 'alpha': 0.045990908517088355, 'lambda': 0.00016269935347664794, 'eta': 0.18484765085308622}. Best is trial 0 with value: 0.0.
[I 2025-05-05 04:50:04,521] Trial 3 finished with value: 0.0 and parameters: {'max_depth': 4, 'alpha': 3.8511706577064935e-05, 'lambda': 0.0004800274100715777, 'eta': 0.2942189551450728}. Best is trial 0 with value: 0.0.
[I 2025-05-05 04:50:09,132] Trial 4 finished with value: 0.0 and parameters: {'max_depth': 8, 'alpha': 0.00011400625198678434, 'lambda': 0.000674994798643512, 'eta': 0.013879165917800668}. Best is trial 0 with value: 0.0.
Traceback (most recent call last):
  File "train.py", line 1194, in <module>
    main(arguments)
  File "train.py", line 1065, in main
    agg_scorer, avg_train_time, avg_test_time = nested_cross_validation(
  File "train.py", line 707, in nested_cross_validation
    best_hp_idx = best_loss_dict.index(min(best_loss_dict))
ValueError: min() arg is an empty sequence
srun: error: stud-000: task 0: Exited with exit code 1
