/opt/miniconda3/envs/TabSurvey/lib/python3.10/site-packages/scipy/stats/_morestats.py:1816: UserWarning: p-value may not be accurate for N > 5000.
  warnings.warn("p-value may not be accurate for N > 5000.")
/opt/miniconda3/envs/TabSurvey/lib/python3.10/site-packages/scipy/stats/_morestats.py:1816: UserWarning: p-value may not be accurate for N > 5000.
  warnings.warn("p-value may not be accurate for N > 5000.")
/opt/miniconda3/envs/TabSurvey/lib/python3.10/site-packages/scipy/stats/_morestats.py:1816: UserWarning: p-value may not be accurate for N > 5000.
  warnings.warn("p-value may not be accurate for N > 5000.")
/opt/miniconda3/envs/TabSurvey/lib/python3.10/site-packages/scipy/stats/_morestats.py:1816: UserWarning: p-value may not be accurate for N > 5000.
  warnings.warn("p-value may not be accurate for N > 5000.")
/Users/johnmburu/Desktop/Master Thesis/master-thesis-da
±±±±±±±±±±±±±±±±±±±±±±±±±±±±±±±±±±±±±±±±±±±±±±±±±±±±±±±±±±±±±±±±±
Loading 42688-Brazilian_houses.csv...
Skewness: 58.95253087871186, Kurtosis: 3924.183023339622, Shapiro p-value: ShapiroResult(statistic=0.09535682201385498, pvalue=0.0), Normal p-value: NormaltestResult(statistic=35680.564668479965, pvalue=0.0)
Number of peaks: 7
Detected distribution for 42688-Brazilian_houses.csv: bimodal 
±±±±±±±±±±±±±±±±±±±±±±±±±±±±±±±±±±±±±±±±±±±±±±±±±±±±±±±±±±±±±±±±± 
 

±±±±±±±±±±±±±±±±±±±±±±±±±±±±±±±±±±±±±±±±±±±±±±±±±±±±±±±±±±±±±±±±±
Loading 41540-black_friday.csv...
Skewness: -0.08458691309147885, Kurtosis: -0.8686632219393986, Shapiro p-value: ShapiroResult(statistic=0.9703351259231567, pvalue=0.0), Normal p-value: NormaltestResult(statistic=19904.5649718535, pvalue=0.0)
Number of peaks: 12
Detected distribution for 41540-black_friday.csv: bimodal 
±±±±±±±±±±±±±±±±±±±±±±±±±±±±±±±±±±±±±±±±±±±±±±±±±±±±±±±±±±±±±±±±± 
 

±±±±±±±±±±±±±±±±±±±±±±±±±±±±±±±±±±±±±±±±±±±±±±±±±±±±±±±±±±±±±±±±±
Loading 42563-house_prices_nominal.csv...
Skewness: 1.880940746034036, Kurtosis: 6.509812011089439, Shapiro p-value: ShapiroResult(statistic=0.8696730732917786, pvalue=3.207315030383503e-33), Normal p-value: NormaltestResult(statistic=610.8359109472653, pvalue=2.283848353787728e-133)
Number of peaks: 27
Detected distribution for 42563-house_prices_nominal.csv: bimodal 
±±±±±±±±±±±±±±±±±±±±±±±±±±±±±±±±±±±±±±±±±±±±±±±±±±±±±±±±±±±±±±±±± 
 

±±±±±±±±±±±±±±±±±±±±±±±±±±±±±±±±±±±±±±±±±±±±±±±±±±±±±±±±±±±±±±±±±
Loading 42570-Mercedes_Benz_Greener_Manufacturing.csv...
Skewness: 1.2060958289669412, Kurtosis: 7.899893252938124, Shapiro p-value: ShapiroResult(statistic=0.9385833740234375, pvalue=1.2462767388522627e-38), Normal p-value: NormaltestResult(statistic=1302.0131961998502, pvalue=1.8682146036517085e-283)
Number of peaks: 19
Detected distribution for 42570-Mercedes_Benz_Greener_Manufacturing.csv: bimodal 
±±±±±±±±±±±±±±±±±±±±±±±±±±±±±±±±±±±±±±±±±±±±±±±±±±±±±±±±±±±±±±±±± 
 

±±±±±±±±±±±±±±±±±±±±±±±±±±±±±±±±±±±±±±±±±±±±±±±±±±±±±±±±±±±±±±±±±
Loading 42726-abalone.csv...
Skewness: 1.1137017739656028, Kurtosis: 2.3264623620128333, Shapiro p-value: ShapiroResult(statistic=0.9311693906784058, pvalue=3.283718743390917e-40), Normal p-value: NormaltestResult(statistic=813.4491787063884, pvalue=2.300144867340782e-177)
Number of peaks: 26
Detected distribution for 42726-abalone.csv: bimodal 
±±±±±±±±±±±±±±±±±±±±±±±±±±±±±±±±±±±±±±±±±±±±±±±±±±±±±±±±±±±±±±±±± 
 

±±±±±±±±±±±±±±±±±±±±±±±±±±±±±±±±±±±±±±±±±±±±±±±±±±±±±±±±±±±±±±±±±
Loading 541-socmob.csv...
Skewness: 4.429230601271715, Kurtosis: 24.983565714514842, Shapiro p-value: ShapiroResult(statistic=0.47371137142181396, pvalue=0.0), Normal p-value: NormaltestResult(statistic=1079.0793531595573, pvalue=4.7961824272754536e-235)
Number of peaks: 25
Detected distribution for 541-socmob.csv: bimodal 
±±±±±±±±±±±±±±±±±±±±±±±±±±±±±±±±±±±±±±±±±±±±±±±±±±±±±±±±±±±±±±±±± 
 

±±±±±±±±±±±±±±±±±±±±±±±±±±±±±±±±±±±±±±±±±±±±±±±±±±±±±±±±±±±±±±±±±
Loading 546-sensory.csv...
Skewness: -0.04038412601221919, Kurtosis: 0.05470823542821002, Shapiro p-value: ShapiroResult(statistic=0.9686357378959656, pvalue=9.354036434316981e-10), Normal p-value: NormaltestResult(statistic=0.33192025913465495, pvalue=0.8470800069625134)
Number of peaks: 9
Detected distribution for 546-sensory.csv: bimodal 
±±±±±±±±±±±±±±±±±±±±±±±±±±±±±±±±±±±±±±±±±±±±±±±±±±±±±±±±±±±±±±±±± 
 

±±±±±±±±±±±±±±±±±±±±±±±±±±±±±±±±±±±±±±±±±±±±±±±±±±±±±±±±±±±±±±±±±
Loading 43071-MIP-2016-regression.csv...
Skewness: 1.4958758199114335, Kurtosis: 0.2441762550527291, Shapiro p-value: ShapiroResult(statistic=0.5090113878250122, pvalue=0.0), Normal p-value: NormaltestResult(statistic=233.25163408073408, pvalue=2.2389851436409585e-51)
Number of peaks: 2
Detected distribution for 43071-MIP-2016-regression.csv: bimodal 
±±±±±±±±±±±±±±±±±±±±±±±±±±±±±±±±±±±±±±±±±±±±±±±±±±±±±±±±±±±±±±±±± 
 

±±±±±±±±±±±±±±±±±±±±±±±±±±±±±±±±±±±±±±±±±±±±±±±±±±±±±±±±±±±±±±±±±
Loading 41021-Moneyball.csv...
Skewness: 0.17429532064927028, Kurtosis: -0.025359287631994576, Shapiro p-value: ShapiroResult(statistic=0.9972384572029114, pvalue=0.03141391649842262), Normal p-value: NormaltestResult(statistic=6.2276816673565065, pvalue=0.044429979044865)
Number of peaks: 21
Detected distribution for 41021-Moneyball.csv: bimodal 
±±±±±±±±±±±±±±±±±±±±±±±±±±±±±±±±±±±±±±±±±±±±±±±±±±±±±±±±±±±±±±±±± 
 

±±±±±±±±±±±±±±±±±±±±±±±±±±±±±±±±±±±±±±±±±±±±±±±±±±±±±±±±±±±±±±±±±
Loading 42731-house_sales.csv...
Skewness: 4.023789858140135, Kurtosis: 34.577262255687536, Shapiro p-value: ShapiroResult(statistic=0.7120144367218018, pvalue=0.0), Normal p-value: NormaltestResult(statistic=19121.788941861127, pvalue=0.0)
Number of peaks: 45
Detected distribution for 42731-house_sales.csv: bimodal 
±±±±±±±±±±±±±±±±±±±±±±±±±±±±±±±±±±±±±±±±±±±±±±±±±±±±±±±±±±±±±±±±± 
 

±±±±±±±±±±±±±±±±±±±±±±±±±±±±±±±±±±±±±±±±±±±±±±±±±±±±±±±±±±±±±±±±±
Loading 42571-Allstate_Claims_Severity.csv...
Skewness: 3.7949281496777445, Kurtosis: 48.07825942144164, Shapiro p-value: ShapiroResult(statistic=0.7253067493438721, pvalue=0.0), Normal p-value: NormaltestResult(statistic=166643.90564318886, pvalue=0.0)
Number of peaks: 50
Detected distribution for 42571-Allstate_Claims_Severity.csv: bimodal 
±±±±±±±±±±±±±±±±±±±±±±±±±±±±±±±±±±±±±±±±±±±±±±±±±±±±±±±±±±±±±±±±± 
 

±±±±±±±±±±±±±±±±±±±±±±±±±±±±±±±±±±±±±±±±±±±±±±±±±±±±±±±±±±±±±±±±±
Loading 531-boston.csv...
Skewness: 1.104810822864635, Kurtosis: 1.4686287722747462, Shapiro p-value: ShapiroResult(statistic=0.9171744585037231, pvalue=4.939735212127101e-16), Normal p-value: NormaltestResult(statistic=90.9746873700967, pvalue=1.7583188871696095e-20)
Number of peaks: 17
Detected distribution for 531-boston.csv: bimodal 
±±±±±±±±±±±±±±±±±±±±±±±±±±±±±±±±±±±±±±±±±±±±±±±±±±±±±±±±±±±±±±±±± 
 

±±±±±±±±±±±±±±±±±±±±±±±±±±±±±±±±±±±±±±±±±±±±±±±±±±±±±±±±±±±±±±±±±
Loading 41980-SAT11-HAND-runtime-regression.csv...
Skewness: -0.6277816616406369, Kurtosis: -1.5239086277814875, Shapiro p-value: ShapiroResult(statistic=0.6677696704864502, pvalue=0.0), Normal p-value: NormaltestResult(statistic=26293.74221590969, pvalue=0.0)
Number of peaks: 6
Detected distribution for 41980-SAT11-HAND-runtime-regression.csv: bimodal 
±±±±±±±±±±±±±±±±±±±±±±±±±±±±±±±±±±±±±±±±±±±±±±±±±±±±±±±±±±±±±±±±± 
 

±±±±±±±±±±±±±±±±±±±±±±±±±±±±±±±±±±±±±±±±±±±±±±±±±±±±±±±±±±±±±±±±±
/opt/miniconda3/envs/TabSurvey/lib/python3.10/site-packages/scipy/stats/_morestats.py:1816: UserWarning: p-value may not be accurate for N > 5000.
  warnings.warn("p-value may not be accurate for N > 5000.")
/opt/miniconda3/envs/TabSurvey/lib/python3.10/site-packages/scipy/stats/_morestats.py:1816: UserWarning: p-value may not be accurate for N > 5000.
  warnings.warn("p-value may not be accurate for N > 5000.")
Loading 42729-nyc-taxi-green-dec-2016.csv...
Skewness: 14.465814509774539, Kurtosis: 692.8494822490966, Shapiro p-value: ShapiroResult(statistic=0.5780959129333496, pvalue=0.0), Normal p-value: NormaltestResult(statistic=1120762.2538208365, pvalue=0.0)
Number of peaks: 101
Detected distribution for 42729-nyc-taxi-green-dec-2016.csv: bimodal 
±±±±±±±±±±±±±±±±±±±±±±±±±±±±±±±±±±±±±±±±±±±±±±±±±±±±±±±±±±±±±±±±± 
 

±±±±±±±±±±±±±±±±±±±±±±±±±±±±±±±±±±±±±±±±±±±±±±±±±±±±±±±±±±±±±±±±±
Loading 42225-diamonds.csv...
Skewness: 1.6183502776053016, Kurtosis: 2.177382669056634, Shapiro p-value: ShapiroResult(statistic=0.798107922077179, pvalue=0.0), Normal p-value: NormaltestResult(statistic=15096.649759774145, pvalue=0.0)
Number of peaks: 13
Detected distribution for 42225-diamonds.csv: bimodal 
±±±±±±±±±±±±±±±±±±±±±±±±±±±±±±±±±±±±±±±±±±±±±±±±±±±±±±±±±±±±±±±±± 
 

