[I 2025-05-03 22:20:36,485] A new study created in memory with name: FTTransformer_Diamonds_outer1
[I 2025-05-03 22:20:37,511] Trial 0 finished with value: 0.0 and parameters: {'learning_rate': 7.444993909079051e-05, 'weight_decay': 0.0008645662682995503}. Best is trial 0 with value: 0.0.
[I 2025-05-03 22:20:37,872] Trial 1 finished with value: 0.0 and parameters: {'learning_rate': 3.5722525054135425e-05, 'weight_decay': 3.465780836080262e-05}. Best is trial 0 with value: 0.0.
[I 2025-05-03 22:20:38,200] Trial 2 finished with value: 0.0 and parameters: {'learning_rate': 0.0008560924186970804, 'weight_decay': 0.0059649417171399955}. Best is trial 0 with value: 0.0.
[I 2025-05-03 22:20:38,537] Trial 3 finished with value: 0.0 and parameters: {'learning_rate': 0.0002356623676754641, 'weight_decay': 6.907721406580806e-05}. Best is trial 0 with value: 0.0.
[I 2025-05-03 22:20:38,868] Trial 4 finished with value: 0.0 and parameters: {'learning_rate': 6.937901717975037e-05, 'weight_decay': 5.925736733169755e-06}. Best is trial 0 with value: 0.0.
[I 2025-05-03 22:20:38,953] A new study created in memory with name: FTTransformer_Diamonds_outer2
[I 2025-05-03 22:20:39,287] Trial 0 finished with value: 0.0 and parameters: {'learning_rate': 9.598494493845765e-05, 'weight_decay': 0.0005670997382695255}. Best is trial 0 with value: 0.0.
[I 2025-05-03 22:20:39,628] Trial 1 finished with value: 0.0 and parameters: {'learning_rate': 0.0008204077319350529, 'weight_decay': 1.3299490729029362e-06}. Best is trial 0 with value: 0.0.
[I 2025-05-03 22:20:39,971] Trial 2 finished with value: 0.0 and parameters: {'learning_rate': 9.603370998664126e-05, 'weight_decay': 0.005175180866349846}. Best is trial 0 with value: 0.0.
[I 2025-05-03 22:20:40,313] Trial 3 finished with value: 0.0 and parameters: {'learning_rate': 0.0020998284748768763, 'weight_decay': 0.0015899534497140664}. Best is trial 0 with value: 0.0.
[I 2025-05-03 22:20:40,661] Trial 4 finished with value: 0.0 and parameters: {'learning_rate': 0.005752344191176134, 'weight_decay': 1.5519297419527762e-06}. Best is trial 0 with value: 0.0.
[I 2025-05-03 22:20:40,745] A new study created in memory with name: FTTransformer_Diamonds_outer3
[I 2025-05-03 22:20:41,091] Trial 0 finished with value: 0.0 and parameters: {'learning_rate': 0.0006921924022489055, 'weight_decay': 7.5962694247370555e-06}. Best is trial 0 with value: 0.0.
[I 2025-05-03 22:20:41,436] Trial 1 finished with value: 0.0 and parameters: {'learning_rate': 0.008139942681580073, 'weight_decay': 1.6755845963130472e-06}. Best is trial 0 with value: 0.0.
[I 2025-05-03 22:20:41,784] Trial 2 finished with value: 0.0 and parameters: {'learning_rate': 0.0001348885496241005, 'weight_decay': 0.00034259239935352796}. Best is trial 0 with value: 0.0.
[I 2025-05-03 22:20:42,120] Trial 3 finished with value: 0.0 and parameters: {'learning_rate': 3.231507369013727e-05, 'weight_decay': 0.00012616243460605286}. Best is trial 0 with value: 0.0.
[I 2025-05-03 22:20:42,451] Trial 4 finished with value: 0.0 and parameters: {'learning_rate': 0.0001333364317399744, 'weight_decay': 0.005127039986423582}. Best is trial 0 with value: 0.0.
[I 2025-05-03 22:20:42,533] A new study created in memory with name: FTTransformer_Diamonds_outer4
[I 2025-05-03 22:20:42,876] Trial 0 finished with value: 0.0 and parameters: {'learning_rate': 2.340102569582214e-05, 'weight_decay': 1.730562130230951e-05}. Best is trial 0 with value: 0.0.
[I 2025-05-03 22:20:43,227] Trial 1 finished with value: 0.0 and parameters: {'learning_rate': 0.0024061111597427397, 'weight_decay': 0.00012570950790327074}. Best is trial 0 with value: 0.0.
[I 2025-05-03 22:20:43,569] Trial 2 finished with value: 0.0 and parameters: {'learning_rate': 0.001394617656619707, 'weight_decay': 0.000829387186498124}. Best is trial 0 with value: 0.0.
[I 2025-05-03 22:20:43,911] Trial 3 finished with value: 0.0 and parameters: {'learning_rate': 0.006720130919462019, 'weight_decay': 2.1792014636983403e-06}. Best is trial 0 with value: 0.0.
[I 2025-05-03 22:20:44,253] Trial 4 finished with value: 0.0 and parameters: {'learning_rate': 0.002550673617970474, 'weight_decay': 1.2266246456246662e-06}. Best is trial 0 with value: 0.0.
[I 2025-05-03 22:20:44,337] A new study created in memory with name: FTTransformer_Diamonds_outer5
[I 2025-05-03 22:20:44,684] Trial 0 finished with value: 0.0 and parameters: {'learning_rate': 0.00045018684830656815, 'weight_decay': 0.0017321182091970765}. Best is trial 0 with value: 0.0.
[I 2025-05-03 22:20:45,025] Trial 1 finished with value: 0.0 and parameters: {'learning_rate': 0.002664100508751975, 'weight_decay': 6.919573324400519e-05}. Best is trial 0 with value: 0.0.
[I 2025-05-03 22:20:45,364] Trial 2 finished with value: 0.0 and parameters: {'learning_rate': 2.6818104060374053e-05, 'weight_decay': 0.0005209197918737406}. Best is trial 0 with value: 0.0.
[I 2025-05-03 22:20:45,707] Trial 3 finished with value: 0.0 and parameters: {'learning_rate': 0.00020331455832887541, 'weight_decay': 0.0028031819783081537}. Best is trial 0 with value: 0.0.
[I 2025-05-03 22:20:46,048] Trial 4 finished with value: 0.0 and parameters: {'learning_rate': 0.0019976777139476655, 'weight_decay': 1.3299264406007227e-06}. Best is trial 0 with value: 0.0.
Traceback (most recent call last):
  File "train.py", line 1192, in <module>
    main(arguments)
  File "train.py", line 1063, in main
    agg_scorer, avg_train_time, avg_test_time = nested_cross_validation(
  File "train.py", line 705, in nested_cross_validation
    best_hp_idx = best_loss_dict.index(min(best_loss_dict))
ValueError: min() arg is an empty sequence
srun: error: stud-000: task 0: Exited with exit code 1
