[I 2025-05-01 02:23:50,211] A new study created in memory with name: LightGBM_Boston_outer1
[W 2025-05-01 02:23:50,347] Trial 0 failed with parameters: {'num_leaves': 37, 'lambda_l1': 2.3093717831134727e-07, 'lambda_l2': 6.456776288272998e-07, 'learning_rate': 0.1630079946973187} because of the following error: AttributeError("'float' object has no attribute 'get_results'").
Traceback (most recent call last):
  File "/home/mburu/.local/lib/python3.8/site-packages/optuna/study/_optimize.py", line 197, in _run_trial
    value_or_values = func(trial)
  File "train.py", line 980, in __call__
    print(f"Trial Results B4 Saving: {inner_sc.get_results()}")
AttributeError: 'float' object has no attribute 'get_results'
[W 2025-05-01 02:23:50,348] Trial 0 failed with value None.
[I 2025-05-01 02:23:50,348] A new study created in memory with name: LightGBM_Boston_outer2
[W 2025-05-01 02:23:50,457] Trial 0 failed with parameters: {'num_leaves': 8, 'lambda_l1': 4.8646132391772975e-05, 'lambda_l2': 3.548594440713827e-08, 'learning_rate': 0.04482001586254742} because of the following error: AttributeError("'float' object has no attribute 'get_results'").
Traceback (most recent call last):
  File "/home/mburu/.local/lib/python3.8/site-packages/optuna/study/_optimize.py", line 197, in _run_trial
    value_or_values = func(trial)
  File "train.py", line 980, in __call__
    print(f"Trial Results B4 Saving: {inner_sc.get_results()}")
AttributeError: 'float' object has no attribute 'get_results'
[W 2025-05-01 02:23:50,458] Trial 0 failed with value None.
[I 2025-05-01 02:23:50,458] A new study created in memory with name: LightGBM_Boston_outer3
[W 2025-05-01 02:23:50,536] Trial 0 failed with parameters: {'num_leaves': 3, 'lambda_l1': 0.0003769406683965178, 'lambda_l2': 3.7209704940003434e-05, 'learning_rate': 0.2125590998633127} because of the following error: AttributeError("'float' object has no attribute 'get_results'").
Traceback (most recent call last):
  File "/home/mburu/.local/lib/python3.8/site-packages/optuna/study/_optimize.py", line 197, in _run_trial
    value_or_values = func(trial)
  File "train.py", line 980, in __call__
    print(f"Trial Results B4 Saving: {inner_sc.get_results()}")
AttributeError: 'float' object has no attribute 'get_results'
[W 2025-05-01 02:23:50,536] Trial 0 failed with value None.
[I 2025-05-01 02:23:50,537] A new study created in memory with name: LightGBM_Boston_outer4
[W 2025-05-01 02:23:50,658] Trial 0 failed with parameters: {'num_leaves': 220, 'lambda_l1': 1.3944032644748092e-07, 'lambda_l2': 1.1917025416341076, 'learning_rate': 0.02400599358096458} because of the following error: AttributeError("'float' object has no attribute 'get_results'").
Traceback (most recent call last):
  File "/home/mburu/.local/lib/python3.8/site-packages/optuna/study/_optimize.py", line 197, in _run_trial
    value_or_values = func(trial)
  File "train.py", line 980, in __call__
    print(f"Trial Results B4 Saving: {inner_sc.get_results()}")
AttributeError: 'float' object has no attribute 'get_results'
[W 2025-05-01 02:23:50,659] Trial 0 failed with value None.
[I 2025-05-01 02:23:50,659] A new study created in memory with name: LightGBM_Boston_outer5
[W 2025-05-01 02:23:50,752] Trial 0 failed with parameters: {'num_leaves': 64, 'lambda_l1': 0.015145773832640182, 'lambda_l2': 0.022569670180720428, 'learning_rate': 0.13733786441295792} because of the following error: AttributeError("'float' object has no attribute 'get_results'").
Traceback (most recent call last):
  File "/home/mburu/.local/lib/python3.8/site-packages/optuna/study/_optimize.py", line 197, in _run_trial
    value_or_values = func(trial)
  File "train.py", line 980, in __call__
    print(f"Trial Results B4 Saving: {inner_sc.get_results()}")
AttributeError: 'float' object has no attribute 'get_results'
[W 2025-05-01 02:23:50,752] Trial 0 failed with value None.
Traceback (most recent call last):
  File "train.py", line 1124, in <module>
    main(arguments)
  File "train.py", line 995, in main
    agg_scorer, avg_train_time, avg_test_time = nested_cross_validation(
  File "train.py", line 646, in nested_cross_validation
    best_hp_idx = best_loss_dict.index(min(best_loss_dict))
ValueError: min() arg is an empty sequence
srun: error: stud-000: task 0: Exited with exit code 1
[I 2025-05-01 02:23:54,849] A new study created in memory with name: LightGBM_Socmob_outer1
[W 2025-05-01 02:23:55,100] Trial 0 failed with parameters: {'num_leaves': 3317, 'lambda_l1': 0.012684909980336157, 'lambda_l2': 0.21827057084449772, 'learning_rate': 0.022894326354889197} because of the following error: AttributeError("'float' object has no attribute 'get_results'").
Traceback (most recent call last):
  File "/home/mburu/.local/lib/python3.8/site-packages/optuna/study/_optimize.py", line 197, in _run_trial
    value_or_values = func(trial)
  File "train.py", line 980, in __call__
    print(f"Trial Results B4 Saving: {inner_sc.get_results()}")
AttributeError: 'float' object has no attribute 'get_results'
[W 2025-05-01 02:23:55,101] Trial 0 failed with value None.
[I 2025-05-01 02:23:55,102] A new study created in memory with name: LightGBM_Socmob_outer2
[W 2025-05-01 02:23:55,195] Trial 0 failed with parameters: {'num_leaves': 3, 'lambda_l1': 0.28869612610623224, 'lambda_l2': 1.0583544643382165e-06, 'learning_rate': 0.03951735248577936} because of the following error: AttributeError("'float' object has no attribute 'get_results'").
Traceback (most recent call last):
  File "/home/mburu/.local/lib/python3.8/site-packages/optuna/study/_optimize.py", line 197, in _run_trial
    value_or_values = func(trial)
  File "train.py", line 980, in __call__
    print(f"Trial Results B4 Saving: {inner_sc.get_results()}")
AttributeError: 'float' object has no attribute 'get_results'
[W 2025-05-01 02:23:55,195] Trial 0 failed with value None.
[I 2025-05-01 02:23:55,195] A new study created in memory with name: LightGBM_Socmob_outer3
[W 2025-05-01 02:23:55,282] Trial 0 failed with parameters: {'num_leaves': 2, 'lambda_l1': 1.8579127946829586, 'lambda_l2': 1.0553453606943414e-06, 'learning_rate': 0.03757542712593026} because of the following error: AttributeError("'float' object has no attribute 'get_results'").
Traceback (most recent call last):
  File "/home/mburu/.local/lib/python3.8/site-packages/optuna/study/_optimize.py", line 197, in _run_trial
    value_or_values = func(trial)
  File "train.py", line 980, in __call__
    print(f"Trial Results B4 Saving: {inner_sc.get_results()}")
AttributeError: 'float' object has no attribute 'get_results'
[W 2025-05-01 02:23:55,282] Trial 0 failed with value None.
[I 2025-05-01 02:23:55,282] A new study created in memory with name: LightGBM_Socmob_outer4
[W 2025-05-01 02:23:55,435] Trial 0 failed with parameters: {'num_leaves': 180, 'lambda_l1': 0.30728690301246026, 'lambda_l2': 0.01602436833245905, 'learning_rate': 0.10183152854780475} because of the following error: AttributeError("'float' object has no attribute 'get_results'").
Traceback (most recent call last):
  File "/home/mburu/.local/lib/python3.8/site-packages/optuna/study/_optimize.py", line 197, in _run_trial
    value_or_values = func(trial)
  File "train.py", line 980, in __call__
    print(f"Trial Results B4 Saving: {inner_sc.get_results()}")
AttributeError: 'float' object has no attribute 'get_results'
[W 2025-05-01 02:23:55,435] Trial 0 failed with value None.
[I 2025-05-01 02:23:55,435] A new study created in memory with name: LightGBM_Socmob_outer5
[W 2025-05-01 02:23:55,597] Trial 0 failed with parameters: {'num_leaves': 557, 'lambda_l1': 9.71015932807009e-08, 'lambda_l2': 0.00014248662511982617, 'learning_rate': 0.015954545836898114} because of the following error: AttributeError("'float' object has no attribute 'get_results'").
Traceback (most recent call last):
  File "/home/mburu/.local/lib/python3.8/site-packages/optuna/study/_optimize.py", line 197, in _run_trial
    value_or_values = func(trial)
  File "train.py", line 980, in __call__
    print(f"Trial Results B4 Saving: {inner_sc.get_results()}")
AttributeError: 'float' object has no attribute 'get_results'
[W 2025-05-01 02:23:55,597] Trial 0 failed with value None.
Traceback (most recent call last):
  File "train.py", line 1124, in <module>
    main(arguments)
  File "train.py", line 995, in main
    agg_scorer, avg_train_time, avg_test_time = nested_cross_validation(
  File "train.py", line 646, in nested_cross_validation
    best_hp_idx = best_loss_dict.index(min(best_loss_dict))
ValueError: min() arg is an empty sequence
srun: error: stud-000: task 0: Exited with exit code 1
[I 2025-05-01 02:23:59,771] A new study created in memory with name: LightGBM_Sensory_outer1
[W 2025-05-01 02:23:59,885] Trial 0 failed with parameters: {'num_leaves': 374, 'lambda_l1': 0.0003725064101367074, 'lambda_l2': 9.755448222606227e-07, 'learning_rate': 0.015770653581382337} because of the following error: AttributeError("'float' object has no attribute 'get_results'").
Traceback (most recent call last):
  File "/home/mburu/.local/lib/python3.8/site-packages/optuna/study/_optimize.py", line 197, in _run_trial
    value_or_values = func(trial)
  File "train.py", line 980, in __call__
    print(f"Trial Results B4 Saving: {inner_sc.get_results()}")
AttributeError: 'float' object has no attribute 'get_results'
[W 2025-05-01 02:23:59,886] Trial 0 failed with value None.
[I 2025-05-01 02:23:59,886] A new study created in memory with name: LightGBM_Sensory_outer2
[W 2025-05-01 02:23:59,957] Trial 0 failed with parameters: {'num_leaves': 8, 'lambda_l1': 5.724347057151451, 'lambda_l2': 0.002456864349412726, 'learning_rate': 0.04869874729520838} because of the following error: AttributeError("'float' object has no attribute 'get_results'").
Traceback (most recent call last):
  File "/home/mburu/.local/lib/python3.8/site-packages/optuna/study/_optimize.py", line 197, in _run_trial
    value_or_values = func(trial)
  File "train.py", line 980, in __call__
    print(f"Trial Results B4 Saving: {inner_sc.get_results()}")
AttributeError: 'float' object has no attribute 'get_results'
[W 2025-05-01 02:23:59,958] Trial 0 failed with value None.
[I 2025-05-01 02:23:59,958] A new study created in memory with name: LightGBM_Sensory_outer3
[W 2025-05-01 02:24:00,021] Trial 0 failed with parameters: {'num_leaves': 6, 'lambda_l1': 0.0006477298105708313, 'lambda_l2': 2.8407638122357985e-08, 'learning_rate': 0.22947200455047284} because of the following error: AttributeError("'float' object has no attribute 'get_results'").
Traceback (most recent call last):
  File "/home/mburu/.local/lib/python3.8/site-packages/optuna/study/_optimize.py", line 197, in _run_trial
    value_or_values = func(trial)
  File "train.py", line 980, in __call__
    print(f"Trial Results B4 Saving: {inner_sc.get_results()}")
AttributeError: 'float' object has no attribute 'get_results'
[W 2025-05-01 02:24:00,021] Trial 0 failed with value None.
[I 2025-05-01 02:24:00,022] A new study created in memory with name: LightGBM_Sensory_outer4
[W 2025-05-01 02:24:00,143] Trial 0 failed with parameters: {'num_leaves': 2506, 'lambda_l1': 4.11308981965035e-05, 'lambda_l2': 0.13194601849336207, 'learning_rate': 0.17222318723257057} because of the following error: AttributeError("'float' object has no attribute 'get_results'").
Traceback (most recent call last):
  File "/home/mburu/.local/lib/python3.8/site-packages/optuna/study/_optimize.py", line 197, in _run_trial
    value_or_values = func(trial)
  File "train.py", line 980, in __call__
    print(f"Trial Results B4 Saving: {inner_sc.get_results()}")
AttributeError: 'float' object has no attribute 'get_results'
[W 2025-05-01 02:24:00,144] Trial 0 failed with value None.
[I 2025-05-01 02:24:00,144] A new study created in memory with name: LightGBM_Sensory_outer5
[W 2025-05-01 02:24:00,200] Trial 0 failed with parameters: {'num_leaves': 2, 'lambda_l1': 2.3307627414338368e-07, 'lambda_l2': 0.08261462400332567, 'learning_rate': 0.08758514644539714} because of the following error: AttributeError("'float' object has no attribute 'get_results'").
Traceback (most recent call last):
  File "/home/mburu/.local/lib/python3.8/site-packages/optuna/study/_optimize.py", line 197, in _run_trial
    value_or_values = func(trial)
  File "train.py", line 980, in __call__
    print(f"Trial Results B4 Saving: {inner_sc.get_results()}")
AttributeError: 'float' object has no attribute 'get_results'
[W 2025-05-01 02:24:00,200] Trial 0 failed with value None.
Traceback (most recent call last):
  File "train.py", line 1124, in <module>
    main(arguments)
  File "train.py", line 995, in main
    agg_scorer, avg_train_time, avg_test_time = nested_cross_validation(
  File "train.py", line 646, in nested_cross_validation
    best_hp_idx = best_loss_dict.index(min(best_loss_dict))
ValueError: min() arg is an empty sequence
srun: error: stud-000: task 0: Exited with exit code 1
[I 2025-05-01 02:24:04,415] A new study created in memory with name: LightGBM_Moneyball_outer1
[W 2025-05-01 02:24:04,532] Trial 0 failed with parameters: {'num_leaves': 267, 'lambda_l1': 0.1477989615337252, 'lambda_l2': 0.22214868884090386, 'learning_rate': 0.019447454573960254} because of the following error: AttributeError("'float' object has no attribute 'get_results'").
Traceback (most recent call last):
  File "/home/mburu/.local/lib/python3.8/site-packages/optuna/study/_optimize.py", line 197, in _run_trial
    value_or_values = func(trial)
  File "train.py", line 980, in __call__
    print(f"Trial Results B4 Saving: {inner_sc.get_results()}")
AttributeError: 'float' object has no attribute 'get_results'
[W 2025-05-01 02:24:04,532] Trial 0 failed with value None.
[I 2025-05-01 02:24:04,533] A new study created in memory with name: LightGBM_Moneyball_outer2
[W 2025-05-01 02:24:04,647] Trial 0 failed with parameters: {'num_leaves': 2467, 'lambda_l1': 1.2221539126431829e-08, 'lambda_l2': 0.0008256436016365032, 'learning_rate': 0.2939018184069543} because of the following error: AttributeError("'float' object has no attribute 'get_results'").
Traceback (most recent call last):
  File "/home/mburu/.local/lib/python3.8/site-packages/optuna/study/_optimize.py", line 197, in _run_trial
    value_or_values = func(trial)
  File "train.py", line 980, in __call__
    print(f"Trial Results B4 Saving: {inner_sc.get_results()}")
AttributeError: 'float' object has no attribute 'get_results'
[W 2025-05-01 02:24:04,647] Trial 0 failed with value None.
[I 2025-05-01 02:24:04,647] A new study created in memory with name: LightGBM_Moneyball_outer3
[W 2025-05-01 02:24:04,798] Trial 0 failed with parameters: {'num_leaves': 1508, 'lambda_l1': 0.04859001049159077, 'lambda_l2': 1.748717160994595e-08, 'learning_rate': 0.027929755046387235} because of the following error: AttributeError("'float' object has no attribute 'get_results'").
Traceback (most recent call last):
  File "/home/mburu/.local/lib/python3.8/site-packages/optuna/study/_optimize.py", line 197, in _run_trial
    value_or_values = func(trial)
  File "train.py", line 980, in __call__
    print(f"Trial Results B4 Saving: {inner_sc.get_results()}")
AttributeError: 'float' object has no attribute 'get_results'
[W 2025-05-01 02:24:04,798] Trial 0 failed with value None.
[I 2025-05-01 02:24:04,798] A new study created in memory with name: LightGBM_Moneyball_outer4
[W 2025-05-01 02:24:04,964] Trial 0 failed with parameters: {'num_leaves': 2118, 'lambda_l1': 0.10311491425558215, 'lambda_l2': 0.0168065897940599, 'learning_rate': 0.08676077734115772} because of the following error: AttributeError("'float' object has no attribute 'get_results'").
Traceback (most recent call last):
  File "/home/mburu/.local/lib/python3.8/site-packages/optuna/study/_optimize.py", line 197, in _run_trial
    value_or_values = func(trial)
  File "train.py", line 980, in __call__
    print(f"Trial Results B4 Saving: {inner_sc.get_results()}")
AttributeError: 'float' object has no attribute 'get_results'
[W 2025-05-01 02:24:04,965] Trial 0 failed with value None.
[I 2025-05-01 02:24:04,965] A new study created in memory with name: LightGBM_Moneyball_outer5
[W 2025-05-01 02:24:05,086] Trial 0 failed with parameters: {'num_leaves': 841, 'lambda_l1': 2.3150099999880247e-05, 'lambda_l2': 2.8356205532235865e-06, 'learning_rate': 0.10192500710870034} because of the following error: AttributeError("'float' object has no attribute 'get_results'").
Traceback (most recent call last):
  File "/home/mburu/.local/lib/python3.8/site-packages/optuna/study/_optimize.py", line 197, in _run_trial
    value_or_values = func(trial)
  File "train.py", line 980, in __call__
    print(f"Trial Results B4 Saving: {inner_sc.get_results()}")
AttributeError: 'float' object has no attribute 'get_results'
[W 2025-05-01 02:24:05,086] Trial 0 failed with value None.
Traceback (most recent call last):
  File "train.py", line 1124, in <module>
    main(arguments)
  File "train.py", line 995, in main
    agg_scorer, avg_train_time, avg_test_time = nested_cross_validation(
  File "train.py", line 646, in nested_cross_validation
    best_hp_idx = best_loss_dict.index(min(best_loss_dict))
ValueError: min() arg is an empty sequence
srun: error: stud-000: task 0: Exited with exit code 1
[I 2025-05-01 02:24:09,508] A new study created in memory with name: LightGBM_Black_Friday_outer1
[W 2025-05-01 02:24:11,932] Trial 0 failed with parameters: {'num_leaves': 50, 'lambda_l1': 0.0009973140297242747, 'lambda_l2': 8.162659860027457, 'learning_rate': 0.27635113807034795} because of the following error: AttributeError("'float' object has no attribute 'get_results'").
Traceback (most recent call last):
  File "/home/mburu/.local/lib/python3.8/site-packages/optuna/study/_optimize.py", line 197, in _run_trial
    value_or_values = func(trial)
  File "train.py", line 980, in __call__
    print(f"Trial Results B4 Saving: {inner_sc.get_results()}")
AttributeError: 'float' object has no attribute 'get_results'
[W 2025-05-01 02:24:11,933] Trial 0 failed with value None.
[I 2025-05-01 02:24:11,947] A new study created in memory with name: LightGBM_Black_Friday_outer2
[W 2025-05-01 02:24:18,548] Trial 0 failed with parameters: {'num_leaves': 694, 'lambda_l1': 0.40763970032748753, 'lambda_l2': 1.2631360802396996e-06, 'learning_rate': 0.02331965622101932} because of the following error: AttributeError("'float' object has no attribute 'get_results'").
Traceback (most recent call last):
  File "/home/mburu/.local/lib/python3.8/site-packages/optuna/study/_optimize.py", line 197, in _run_trial
    value_or_values = func(trial)
  File "train.py", line 980, in __call__
    print(f"Trial Results B4 Saving: {inner_sc.get_results()}")
AttributeError: 'float' object has no attribute 'get_results'
[W 2025-05-01 02:24:18,548] Trial 0 failed with value None.
[I 2025-05-01 02:24:18,567] A new study created in memory with name: LightGBM_Black_Friday_outer3
[W 2025-05-01 02:24:20,220] Trial 0 failed with parameters: {'num_leaves': 2, 'lambda_l1': 7.970676919712586e-05, 'lambda_l2': 1.578611258402967e-05, 'learning_rate': 0.018790510291817573} because of the following error: AttributeError("'float' object has no attribute 'get_results'").
Traceback (most recent call last):
  File "/home/mburu/.local/lib/python3.8/site-packages/optuna/study/_optimize.py", line 197, in _run_trial
    value_or_values = func(trial)
  File "train.py", line 980, in __call__
    print(f"Trial Results B4 Saving: {inner_sc.get_results()}")
AttributeError: 'float' object has no attribute 'get_results'
[W 2025-05-01 02:24:20,220] Trial 0 failed with value None.
[I 2025-05-01 02:24:20,234] A new study created in memory with name: LightGBM_Black_Friday_outer4
[W 2025-05-01 02:24:30,744] Trial 0 failed with parameters: {'num_leaves': 1774, 'lambda_l1': 0.04990565662373294, 'lambda_l2': 0.0041422652878179474, 'learning_rate': 0.03879465788226793} because of the following error: AttributeError("'float' object has no attribute 'get_results'").
Traceback (most recent call last):
  File "/home/mburu/.local/lib/python3.8/site-packages/optuna/study/_optimize.py", line 197, in _run_trial
    value_or_values = func(trial)
  File "train.py", line 980, in __call__
    print(f"Trial Results B4 Saving: {inner_sc.get_results()}")
AttributeError: 'float' object has no attribute 'get_results'
[W 2025-05-01 02:24:30,744] Trial 0 failed with value None.
[I 2025-05-01 02:24:30,760] A new study created in memory with name: LightGBM_Black_Friday_outer5
[W 2025-05-01 02:24:38,910] Trial 0 failed with parameters: {'num_leaves': 929, 'lambda_l1': 1.0433798427302635e-07, 'lambda_l2': 0.18546104499692645, 'learning_rate': 0.02427276592579748} because of the following error: AttributeError("'float' object has no attribute 'get_results'").
Traceback (most recent call last):
  File "/home/mburu/.local/lib/python3.8/site-packages/optuna/study/_optimize.py", line 197, in _run_trial
    value_or_values = func(trial)
  File "train.py", line 980, in __call__
    print(f"Trial Results B4 Saving: {inner_sc.get_results()}")
AttributeError: 'float' object has no attribute 'get_results'
[W 2025-05-01 02:24:38,911] Trial 0 failed with value None.
Traceback (most recent call last):
  File "train.py", line 1124, in <module>
    main(arguments)
  File "train.py", line 995, in main
    agg_scorer, avg_train_time, avg_test_time = nested_cross_validation(
  File "train.py", line 646, in nested_cross_validation
    best_hp_idx = best_loss_dict.index(min(best_loss_dict))
ValueError: min() arg is an empty sequence
srun: error: stud-000: task 0: Exited with exit code 1
