[I 2025-05-05 04:23:52,675] A new study created in memory with name: LightGBM_Boston_outer1
[I 2025-05-05 04:23:52,855] Trial 0 finished with value: 0.0 and parameters: {'num_leaves': 13, 'lambda_l1': 0.5560509995668651, 'lambda_l2': 0.0022183848607790382, 'learning_rate': 0.02457584147815553}. Best is trial 0 with value: 0.0.
[I 2025-05-05 04:23:52,966] Trial 1 finished with value: 0.0 and parameters: {'num_leaves': 6, 'lambda_l1': 0.02911258292739598, 'lambda_l2': 2.7192249046259678e-08, 'learning_rate': 0.11326569174954845}. Best is trial 0 with value: 0.0.
[I 2025-05-05 04:23:53,083] Trial 2 finished with value: 0.0 and parameters: {'num_leaves': 97, 'lambda_l1': 2.0415287343280838e-08, 'lambda_l2': 0.32623236917950976, 'learning_rate': 0.09111546197799505}. Best is trial 0 with value: 0.0.
[I 2025-05-05 04:23:53,249] Trial 3 finished with value: 0.0 and parameters: {'num_leaves': 1012, 'lambda_l1': 4.245307447579959e-07, 'lambda_l2': 0.5374075177861841, 'learning_rate': 0.03547780778647001}. Best is trial 0 with value: 0.0.
[I 2025-05-05 04:23:53,346] Trial 4 finished with value: 0.0 and parameters: {'num_leaves': 2, 'lambda_l1': 6.205165556735327e-05, 'lambda_l2': 0.019548165987235286, 'learning_rate': 0.010959657866292731}. Best is trial 0 with value: 0.0.
[I 2025-05-05 04:23:53,375] A new study created in memory with name: LightGBM_Boston_outer2
[I 2025-05-05 04:23:53,500] Trial 0 finished with value: 0.0 and parameters: {'num_leaves': 14, 'lambda_l1': 0.001998764616267044, 'lambda_l2': 9.011243403215038e-05, 'learning_rate': 0.019260726930954757}. Best is trial 0 with value: 0.0.
[I 2025-05-05 04:23:53,612] Trial 1 finished with value: 0.0 and parameters: {'num_leaves': 4, 'lambda_l1': 2.3567970475065155e-08, 'lambda_l2': 0.6563389945104781, 'learning_rate': 0.04941007055694505}. Best is trial 0 with value: 0.0.
[I 2025-05-05 04:23:53,730] Trial 2 finished with value: 0.0 and parameters: {'num_leaves': 10, 'lambda_l1': 2.6736634107962884, 'lambda_l2': 3.6567932953356377e-07, 'learning_rate': 0.04415448716279212}. Best is trial 0 with value: 0.0.
[I 2025-05-05 04:23:53,857] Trial 3 finished with value: 0.0 and parameters: {'num_leaves': 8, 'lambda_l1': 0.01252501005423777, 'lambda_l2': 0.00033036823220483494, 'learning_rate': 0.027023209040235967}. Best is trial 0 with value: 0.0.
[I 2025-05-05 04:23:53,935] Trial 4 finished with value: 0.0 and parameters: {'num_leaves': 3, 'lambda_l1': 6.954211813204386e-06, 'lambda_l2': 0.0590857067175423, 'learning_rate': 0.2711297673025386}. Best is trial 0 with value: 0.0.
[I 2025-05-05 04:23:53,963] A new study created in memory with name: LightGBM_Boston_outer3
[I 2025-05-05 04:23:54,048] Trial 0 finished with value: 0.0 and parameters: {'num_leaves': 91, 'lambda_l1': 2.400737928959872, 'lambda_l2': 1.5877751988967616e-07, 'learning_rate': 0.2432812316921524}. Best is trial 0 with value: 0.0.
[I 2025-05-05 04:23:54,171] Trial 1 finished with value: 0.0 and parameters: {'num_leaves': 111, 'lambda_l1': 1.5736103313126548, 'lambda_l2': 0.0004067598995449136, 'learning_rate': 0.06400696845695868}. Best is trial 0 with value: 0.0.
[I 2025-05-05 04:23:54,287] Trial 2 finished with value: 0.0 and parameters: {'num_leaves': 82, 'lambda_l1': 5.074957870247333e-06, 'lambda_l2': 0.003913242599273121, 'learning_rate': 0.07501554315747157}. Best is trial 0 with value: 0.0.
[I 2025-05-05 04:23:54,418] Trial 3 finished with value: 0.0 and parameters: {'num_leaves': 689, 'lambda_l1': 5.8478506216255794e-06, 'lambda_l2': 0.4467378592969609, 'learning_rate': 0.09821579825674488}. Best is trial 0 with value: 0.0.
[I 2025-05-05 04:23:54,541] Trial 4 finished with value: 0.0 and parameters: {'num_leaves': 120, 'lambda_l1': 2.4569721059190756e-08, 'lambda_l2': 0.012641528886389529, 'learning_rate': 0.04799572269813031}. Best is trial 0 with value: 0.0.
[I 2025-05-05 04:23:54,560] A new study created in memory with name: LightGBM_Boston_outer4
[I 2025-05-05 04:23:54,698] Trial 0 finished with value: 0.0 and parameters: {'num_leaves': 320, 'lambda_l1': 0.027553254780258, 'lambda_l2': 0.00020721751310032296, 'learning_rate': 0.05727327813733607}. Best is trial 0 with value: 0.0.
[I 2025-05-05 04:23:54,829] Trial 1 finished with value: 0.0 and parameters: {'num_leaves': 26, 'lambda_l1': 0.000340739323611986, 'lambda_l2': 6.913043624423764e-07, 'learning_rate': 0.034867707018109075}. Best is trial 0 with value: 0.0.
[I 2025-05-05 04:23:54,978] Trial 2 finished with value: 0.0 and parameters: {'num_leaves': 797, 'lambda_l1': 0.0021922983582145796, 'lambda_l2': 0.17529057003134035, 'learning_rate': 0.021820923426760716}. Best is trial 0 with value: 0.0.
[I 2025-05-05 04:23:55,127] Trial 3 finished with value: 0.0 and parameters: {'num_leaves': 1139, 'lambda_l1': 1.2167356184706117e-06, 'lambda_l2': 4.179078206812044e-06, 'learning_rate': 0.07156512191716918}. Best is trial 0 with value: 0.0.
[I 2025-05-05 04:23:55,252] Trial 4 finished with value: 0.0 and parameters: {'num_leaves': 23, 'lambda_l1': 4.0224297130414117e-07, 'lambda_l2': 2.5378341912014724e-08, 'learning_rate': 0.014573914266956717}. Best is trial 0 with value: 0.0.
[I 2025-05-05 04:23:55,283] A new study created in memory with name: LightGBM_Boston_outer5
[I 2025-05-05 04:23:55,503] Trial 0 finished with value: 0.0 and parameters: {'num_leaves': 2894, 'lambda_l1': 3.244478549891587e-07, 'lambda_l2': 4.0287636932392546e-05, 'learning_rate': 0.06636335726422923}. Best is trial 0 with value: 0.0.
[I 2025-05-05 04:23:55,628] Trial 1 finished with value: 0.0 and parameters: {'num_leaves': 30, 'lambda_l1': 0.3420071842150708, 'lambda_l2': 0.0003538648252247514, 'learning_rate': 0.022777665335466966}. Best is trial 0 with value: 0.0.
[I 2025-05-05 04:23:55,769] Trial 2 finished with value: 0.0 and parameters: {'num_leaves': 678, 'lambda_l1': 1.0309642378201493e-06, 'lambda_l2': 1.4040120335529915e-06, 'learning_rate': 0.01402764750815158}. Best is trial 0 with value: 0.0.
[I 2025-05-05 04:23:55,890] Trial 3 finished with value: 0.0 and parameters: {'num_leaves': 20, 'lambda_l1': 1.7952959748408138e-07, 'lambda_l2': 1.9773069624821413e-07, 'learning_rate': 0.06130128044713822}. Best is trial 0 with value: 0.0.
[I 2025-05-05 04:23:55,980] Trial 4 finished with value: 0.0 and parameters: {'num_leaves': 89, 'lambda_l1': 1.7811819599220077e-06, 'lambda_l2': 0.031562493164200435, 'learning_rate': 0.17809541662369652}. Best is trial 0 with value: 0.0.
Traceback (most recent call last):
  File "train.py", line 1194, in <module>
    main(arguments)
  File "train.py", line 1065, in main
    agg_scorer, avg_train_time, avg_test_time = nested_cross_validation(
  File "train.py", line 707, in nested_cross_validation
    best_hp_idx = best_loss_dict.index(min(best_loss_dict))
ValueError: min() arg is an empty sequence
srun: error: stud-000: task 0: Exited with exit code 1
[I 2025-05-05 04:24:03,861] A new study created in memory with name: LightGBM_Socmob_outer1
[I 2025-05-05 04:24:04,210] Trial 0 finished with value: 0.0 and parameters: {'num_leaves': 1732, 'lambda_l1': 1.2844213090160858e-06, 'lambda_l2': 5.799041217601701e-05, 'learning_rate': 0.04233297668207113}. Best is trial 0 with value: 0.0.
[I 2025-05-05 04:24:04,456] Trial 1 finished with value: 0.0 and parameters: {'num_leaves': 2234, 'lambda_l1': 1.9653639733604014e-07, 'lambda_l2': 1.417983205538474, 'learning_rate': 0.03536464078486382}. Best is trial 0 with value: 0.0.
[I 2025-05-05 04:24:04,627] Trial 2 finished with value: 0.0 and parameters: {'num_leaves': 34, 'lambda_l1': 0.022795693647869913, 'lambda_l2': 7.083350370185217e-07, 'learning_rate': 0.21621348928891435}. Best is trial 0 with value: 0.0.
[I 2025-05-05 04:24:04,849] Trial 3 finished with value: 0.0 and parameters: {'num_leaves': 1616, 'lambda_l1': 0.00484478523647779, 'lambda_l2': 1.831189517089343e-06, 'learning_rate': 0.08984578721586325}. Best is trial 0 with value: 0.0.
[I 2025-05-05 04:24:05,030] Trial 4 finished with value: 0.0 and parameters: {'num_leaves': 521, 'lambda_l1': 1.4139846015843816, 'lambda_l2': 3.164327661517655e-08, 'learning_rate': 0.015603882627544835}. Best is trial 0 with value: 0.0.
[I 2025-05-05 04:24:05,088] A new study created in memory with name: LightGBM_Socmob_outer2
[I 2025-05-05 04:24:05,219] Trial 0 finished with value: 0.0 and parameters: {'num_leaves': 16, 'lambda_l1': 5.7273428386677665, 'lambda_l2': 1.1308766697532274e-07, 'learning_rate': 0.26398222325103005}. Best is trial 0 with value: 0.0.
[I 2025-05-05 04:24:05,333] Trial 1 finished with value: 0.0 and parameters: {'num_leaves': 4, 'lambda_l1': 0.39326431728688055, 'lambda_l2': 7.43144599068877e-05, 'learning_rate': 0.21723343656889202}. Best is trial 0 with value: 0.0.
[I 2025-05-05 04:24:05,450] Trial 2 finished with value: 0.0 and parameters: {'num_leaves': 3, 'lambda_l1': 0.19948586681116967, 'lambda_l2': 1.1047154358981592e-06, 'learning_rate': 0.19403658506401952}. Best is trial 0 with value: 0.0.
[I 2025-05-05 04:24:05,624] Trial 3 finished with value: 0.0 and parameters: {'num_leaves': 125, 'lambda_l1': 0.0019239214499852863, 'lambda_l2': 0.35668990664318245, 'learning_rate': 0.031395196139189216}. Best is trial 0 with value: 0.0.
[I 2025-05-05 04:24:05,847] Trial 4 finished with value: 0.0 and parameters: {'num_leaves': 1157, 'lambda_l1': 2.8499657267669736e-05, 'lambda_l2': 1.1451595424505938e-06, 'learning_rate': 0.0250461230445155}. Best is trial 0 with value: 0.0.
[I 2025-05-05 04:24:05,871] A new study created in memory with name: LightGBM_Socmob_outer3
[I 2025-05-05 04:24:05,998] Trial 0 finished with value: 0.0 and parameters: {'num_leaves': 4, 'lambda_l1': 0.6423221056107679, 'lambda_l2': 0.008327379756116542, 'learning_rate': 0.013698672200396458}. Best is trial 0 with value: 0.0.
[I 2025-05-05 04:24:06,161] Trial 1 finished with value: 0.0 and parameters: {'num_leaves': 12, 'lambda_l1': 0.0007240001379770676, 'lambda_l2': 0.5104778694794312, 'learning_rate': 0.011570668483919492}. Best is trial 0 with value: 0.0.
[I 2025-05-05 04:24:06,363] Trial 2 finished with value: 0.0 and parameters: {'num_leaves': 830, 'lambda_l1': 2.0202790398627376e-07, 'lambda_l2': 4.799333830688734e-08, 'learning_rate': 0.015229451293874988}. Best is trial 0 with value: 0.0.
[I 2025-05-05 04:24:06,525] Trial 3 finished with value: 0.0 and parameters: {'num_leaves': 27, 'lambda_l1': 1.4287746229284495, 'lambda_l2': 6.318089879886212e-07, 'learning_rate': 0.013930579388411614}. Best is trial 0 with value: 0.0.
[I 2025-05-05 04:24:06,643] Trial 4 finished with value: 0.0 and parameters: {'num_leaves': 3, 'lambda_l1': 6.85006533492445e-05, 'lambda_l2': 3.077604917540689e-08, 'learning_rate': 0.060393927309782075}. Best is trial 0 with value: 0.0.
[I 2025-05-05 04:24:06,671] A new study created in memory with name: LightGBM_Socmob_outer4
[I 2025-05-05 04:24:06,828] Trial 0 finished with value: 0.0 and parameters: {'num_leaves': 378, 'lambda_l1': 0.21364339771913363, 'lambda_l2': 9.560840233768008e-05, 'learning_rate': 0.17622268363547056}. Best is trial 0 with value: 0.0.
[I 2025-05-05 04:24:06,971] Trial 1 finished with value: 0.0 and parameters: {'num_leaves': 6, 'lambda_l1': 1.3194877937490262e-05, 'lambda_l2': 0.011125401652866476, 'learning_rate': 0.028162427852377773}. Best is trial 0 with value: 0.0.
[I 2025-05-05 04:24:07,155] Trial 2 finished with value: 0.0 and parameters: {'num_leaves': 37, 'lambda_l1': 0.0017520134386051535, 'lambda_l2': 1.0155298666067488e-07, 'learning_rate': 0.04271266091704428}. Best is trial 0 with value: 0.0.
[I 2025-05-05 04:24:07,333] Trial 3 finished with value: 0.0 and parameters: {'num_leaves': 456, 'lambda_l1': 0.000615201540615684, 'lambda_l2': 1.2046699436248397e-08, 'learning_rate': 0.12438902165606233}. Best is trial 0 with value: 0.0.
[I 2025-05-05 04:24:07,489] Trial 4 finished with value: 0.0 and parameters: {'num_leaves': 789, 'lambda_l1': 6.66752941220068e-07, 'lambda_l2': 2.480398677156577e-06, 'learning_rate': 0.2147079401067482}. Best is trial 0 with value: 0.0.
[I 2025-05-05 04:24:07,528] A new study created in memory with name: LightGBM_Socmob_outer5
[I 2025-05-05 04:24:07,710] Trial 0 finished with value: 0.0 and parameters: {'num_leaves': 19, 'lambda_l1': 0.010155351569549718, 'lambda_l2': 5.7626452596597665e-08, 'learning_rate': 0.04189425362271678}. Best is trial 0 with value: 0.0.
[I 2025-05-05 04:24:07,896] Trial 1 finished with value: 0.0 and parameters: {'num_leaves': 180, 'lambda_l1': 1.067419547187401e-08, 'lambda_l2': 0.17362188574320056, 'learning_rate': 0.06068078465092373}. Best is trial 0 with value: 0.0.
[I 2025-05-05 04:24:08,041] Trial 2 finished with value: 0.0 and parameters: {'num_leaves': 28, 'lambda_l1': 0.2908437157279926, 'lambda_l2': 5.822503044731768, 'learning_rate': 0.16038480024682233}. Best is trial 0 with value: 0.0.
[I 2025-05-05 04:24:08,209] Trial 3 finished with value: 0.0 and parameters: {'num_leaves': 53, 'lambda_l1': 8.910621348756065, 'lambda_l2': 0.013556309804632148, 'learning_rate': 0.027611710319788818}. Best is trial 0 with value: 0.0.
[I 2025-05-05 04:24:08,393] Trial 4 finished with value: 0.0 and parameters: {'num_leaves': 85, 'lambda_l1': 0.03327855379196076, 'lambda_l2': 9.562479012154234e-07, 'learning_rate': 0.03378929695952625}. Best is trial 0 with value: 0.0.
Traceback (most recent call last):
  File "train.py", line 1194, in <module>
    main(arguments)
  File "train.py", line 1065, in main
    agg_scorer, avg_train_time, avg_test_time = nested_cross_validation(
  File "train.py", line 707, in nested_cross_validation
    best_hp_idx = best_loss_dict.index(min(best_loss_dict))
ValueError: min() arg is an empty sequence
srun: error: stud-000: task 0: Exited with exit code 1
[I 2025-05-05 04:24:16,422] A new study created in memory with name: LightGBM_Sensory_outer1
[I 2025-05-05 04:24:16,580] Trial 0 finished with value: 0.0 and parameters: {'num_leaves': 28, 'lambda_l1': 2.1819459399317294e-08, 'lambda_l2': 2.9371069263700096, 'learning_rate': 0.03014877224984618}. Best is trial 0 with value: 0.0.
[I 2025-05-05 04:24:16,703] Trial 1 finished with value: 0.0 and parameters: {'num_leaves': 474, 'lambda_l1': 0.0008165545272909824, 'lambda_l2': 0.00846202618440013, 'learning_rate': 0.0780488406344137}. Best is trial 0 with value: 0.0.
[I 2025-05-05 04:24:16,825] Trial 2 finished with value: 0.0 and parameters: {'num_leaves': 1038, 'lambda_l1': 6.989700593797493e-06, 'lambda_l2': 0.02883364060738768, 'learning_rate': 0.2403945664131828}. Best is trial 0 with value: 0.0.
[I 2025-05-05 04:24:16,950] Trial 3 finished with value: 0.0 and parameters: {'num_leaves': 31, 'lambda_l1': 0.13165539598586568, 'lambda_l2': 4.911916115094445e-08, 'learning_rate': 0.04755439546423012}. Best is trial 0 with value: 0.0.
[I 2025-05-05 04:24:17,089] Trial 4 finished with value: 0.0 and parameters: {'num_leaves': 1807, 'lambda_l1': 0.04139247752932012, 'lambda_l2': 0.05707722014043929, 'learning_rate': 0.2709941351578543}. Best is trial 0 with value: 0.0.
[I 2025-05-05 04:24:17,121] A new study created in memory with name: LightGBM_Sensory_outer2
[I 2025-05-05 04:24:17,246] Trial 0 finished with value: 0.0 and parameters: {'num_leaves': 133, 'lambda_l1': 6.576453242788863e-07, 'lambda_l2': 1.4610616804387762e-06, 'learning_rate': 0.014261349825486422}. Best is trial 0 with value: 0.0.
[I 2025-05-05 04:24:17,359] Trial 1 finished with value: 0.0 and parameters: {'num_leaves': 5, 'lambda_l1': 0.0002082286607642307, 'lambda_l2': 5.026485425813518e-07, 'learning_rate': 0.01561409311557763}. Best is trial 0 with value: 0.0.
[I 2025-05-05 04:24:17,462] Trial 2 finished with value: 0.0 and parameters: {'num_leaves': 28, 'lambda_l1': 0.7120426359884108, 'lambda_l2': 6.303524307108069e-07, 'learning_rate': 0.06031218887096017}. Best is trial 0 with value: 0.0.
[I 2025-05-05 04:24:17,590] Trial 3 finished with value: 0.0 and parameters: {'num_leaves': 938, 'lambda_l1': 4.638533304582247e-07, 'lambda_l2': 2.2309980790880735e-05, 'learning_rate': 0.02592964218801835}. Best is trial 0 with value: 0.0.
[I 2025-05-05 04:24:17,686] Trial 4 finished with value: 0.0 and parameters: {'num_leaves': 6, 'lambda_l1': 9.340820692101903e-07, 'lambda_l2': 2.484994716576182e-06, 'learning_rate': 0.04868825740117873}. Best is trial 0 with value: 0.0.
[I 2025-05-05 04:24:17,719] A new study created in memory with name: LightGBM_Sensory_outer3
[I 2025-05-05 04:24:17,823] Trial 0 finished with value: 0.0 and parameters: {'num_leaves': 2, 'lambda_l1': 0.0003453688474968221, 'lambda_l2': 0.3167917944482415, 'learning_rate': 0.028486086632396723}. Best is trial 0 with value: 0.0.
[I 2025-05-05 04:24:17,936] Trial 1 finished with value: 0.0 and parameters: {'num_leaves': 1078, 'lambda_l1': 0.030568189906214415, 'lambda_l2': 0.002852898295971897, 'learning_rate': 0.17119030464979446}. Best is trial 0 with value: 0.0.
[I 2025-05-05 04:24:18,034] Trial 2 finished with value: 0.0 and parameters: {'num_leaves': 126, 'lambda_l1': 5.893449843703562e-05, 'lambda_l2': 3.1692527218603512, 'learning_rate': 0.09605941564889427}. Best is trial 0 with value: 0.0.
[I 2025-05-05 04:24:18,180] Trial 3 finished with value: 0.0 and parameters: {'num_leaves': 948, 'lambda_l1': 1.902387315104159e-05, 'lambda_l2': 0.003936267540377739, 'learning_rate': 0.015846533078260658}. Best is trial 0 with value: 0.0.
[I 2025-05-05 04:24:18,301] Trial 4 finished with value: 0.0 and parameters: {'num_leaves': 1826, 'lambda_l1': 0.3150994199420274, 'lambda_l2': 0.06437925362131158, 'learning_rate': 0.12775436223624784}. Best is trial 0 with value: 0.0.
[I 2025-05-05 04:24:18,325] A new study created in memory with name: LightGBM_Sensory_outer4
[I 2025-05-05 04:24:18,433] Trial 0 finished with value: 0.0 and parameters: {'num_leaves': 25, 'lambda_l1': 3.719335614121598, 'lambda_l2': 0.22158781652475482, 'learning_rate': 0.062348698961330516}. Best is trial 0 with value: 0.0.
[I 2025-05-05 04:24:18,520] Trial 1 finished with value: 0.0 and parameters: {'num_leaves': 2, 'lambda_l1': 0.0005520337012670086, 'lambda_l2': 3.981421577451435e-08, 'learning_rate': 0.11536026311602077}. Best is trial 0 with value: 0.0.
[I 2025-05-05 04:24:18,627] Trial 2 finished with value: 0.0 and parameters: {'num_leaves': 3, 'lambda_l1': 2.397154010906447e-07, 'lambda_l2': 0.0003671604999308289, 'learning_rate': 0.03272755146791786}. Best is trial 0 with value: 0.0.
[I 2025-05-05 04:24:18,729] Trial 3 finished with value: 0.0 and parameters: {'num_leaves': 187, 'lambda_l1': 0.003864073767562967, 'lambda_l2': 0.21268468762654175, 'learning_rate': 0.1428111487327805}. Best is trial 0 with value: 0.0.
[I 2025-05-05 04:24:18,831] Trial 4 finished with value: 0.0 and parameters: {'num_leaves': 115, 'lambda_l1': 0.033871029450839876, 'lambda_l2': 0.004347801346299784, 'learning_rate': 0.11424360155170343}. Best is trial 0 with value: 0.0.
[I 2025-05-05 04:24:18,854] A new study created in memory with name: LightGBM_Sensory_outer5
[I 2025-05-05 04:24:19,019] Trial 0 finished with value: 0.0 and parameters: {'num_leaves': 1784, 'lambda_l1': 0.05396091279371154, 'lambda_l2': 2.1472105499898114e-06, 'learning_rate': 0.016221443585057723}. Best is trial 0 with value: 0.0.
[I 2025-05-05 04:24:19,108] Trial 1 finished with value: 0.0 and parameters: {'num_leaves': 2, 'lambda_l1': 0.0017807595250883992, 'lambda_l2': 4.677419288141641, 'learning_rate': 0.06699012794180322}. Best is trial 0 with value: 0.0.
[I 2025-05-05 04:24:19,236] Trial 2 finished with value: 0.0 and parameters: {'num_leaves': 15, 'lambda_l1': 0.0019816870761930486, 'lambda_l2': 0.02078320967226788, 'learning_rate': 0.010102910167833793}. Best is trial 0 with value: 0.0.
[I 2025-05-05 04:24:19,337] Trial 3 finished with value: 0.0 and parameters: {'num_leaves': 35, 'lambda_l1': 4.5691727610966016e-06, 'lambda_l2': 1.26918757410058, 'learning_rate': 0.206258428527228}. Best is trial 0 with value: 0.0.
[I 2025-05-05 04:24:19,441] Trial 4 finished with value: 0.0 and parameters: {'num_leaves': 52, 'lambda_l1': 3.674202514211992e-06, 'lambda_l2': 0.08754926720918917, 'learning_rate': 0.2391537843852161}. Best is trial 0 with value: 0.0.
Traceback (most recent call last):
  File "train.py", line 1194, in <module>
    main(arguments)
  File "train.py", line 1065, in main
    agg_scorer, avg_train_time, avg_test_time = nested_cross_validation(
  File "train.py", line 707, in nested_cross_validation
    best_hp_idx = best_loss_dict.index(min(best_loss_dict))
ValueError: min() arg is an empty sequence
srun: error: stud-000: task 0: Exited with exit code 1
[I 2025-05-05 04:24:24,371] A new study created in memory with name: LightGBM_Moneyball_outer1
[I 2025-05-05 04:24:24,559] Trial 0 finished with value: 0.0 and parameters: {'num_leaves': 58, 'lambda_l1': 1.4006416971633072e-05, 'lambda_l2': 0.020170938387699622, 'learning_rate': 0.13493133993537576}. Best is trial 0 with value: 0.0.
[I 2025-05-05 04:24:24,760] Trial 1 finished with value: 0.0 and parameters: {'num_leaves': 90, 'lambda_l1': 0.0012505393959430994, 'lambda_l2': 4.926612389655587e-06, 'learning_rate': 0.08171386859314528}. Best is trial 0 with value: 0.0.
[I 2025-05-05 04:24:24,903] Trial 2 finished with value: 0.0 and parameters: {'num_leaves': 5, 'lambda_l1': 1.3783234886833475e-06, 'lambda_l2': 1.682820574511985e-07, 'learning_rate': 0.02571981328641233}. Best is trial 0 with value: 0.0.
[I 2025-05-05 04:24:25,055] Trial 3 finished with value: 0.0 and parameters: {'num_leaves': 53, 'lambda_l1': 0.15817895001424456, 'lambda_l2': 7.365218719312249e-08, 'learning_rate': 0.15998959258008652}. Best is trial 0 with value: 0.0.
[I 2025-05-05 04:24:25,233] Trial 4 finished with value: 0.0 and parameters: {'num_leaves': 60, 'lambda_l1': 2.0476864230331313e-05, 'lambda_l2': 5.871903115511219, 'learning_rate': 0.0236671388391426}. Best is trial 0 with value: 0.0.
[I 2025-05-05 04:24:25,271] A new study created in memory with name: LightGBM_Moneyball_outer2
[I 2025-05-05 04:24:25,440] Trial 0 finished with value: 0.0 and parameters: {'num_leaves': 31, 'lambda_l1': 0.0003614121602542212, 'lambda_l2': 2.9132767127814077e-06, 'learning_rate': 0.07708286113423309}. Best is trial 0 with value: 0.0.
[I 2025-05-05 04:24:25,704] Trial 1 finished with value: 0.0 and parameters: {'num_leaves': 1105, 'lambda_l1': 2.570368351695869e-06, 'lambda_l2': 0.0331512980459997, 'learning_rate': 0.04245584770074182}. Best is trial 0 with value: 0.0.
[I 2025-05-05 04:24:25,825] Trial 2 finished with value: 0.0 and parameters: {'num_leaves': 63, 'lambda_l1': 0.007583497868738661, 'lambda_l2': 3.440048462492069e-05, 'learning_rate': 0.22579473989679288}. Best is trial 0 with value: 0.0.
[I 2025-05-05 04:24:26,024] Trial 3 finished with value: 0.0 and parameters: {'num_leaves': 206, 'lambda_l1': 0.011505330585815375, 'lambda_l2': 0.0005226134607633556, 'learning_rate': 0.06683072874273434}. Best is trial 0 with value: 0.0.
[I 2025-05-05 04:24:26,234] Trial 4 finished with value: 0.0 and parameters: {'num_leaves': 72, 'lambda_l1': 0.2544099201349596, 'lambda_l2': 2.4265381176381262e-08, 'learning_rate': 0.03239990910581217}. Best is trial 0 with value: 0.0.
[I 2025-05-05 04:24:26,284] A new study created in memory with name: LightGBM_Moneyball_outer3
[I 2025-05-05 04:24:26,431] Trial 0 finished with value: 0.0 and parameters: {'num_leaves': 5, 'lambda_l1': 0.0709584173084852, 'lambda_l2': 0.0016918055110891896, 'learning_rate': 0.06717391993349174}. Best is trial 0 with value: 0.0.
[I 2025-05-05 04:24:26,623] Trial 1 finished with value: 0.0 and parameters: {'num_leaves': 86, 'lambda_l1': 0.000125475106098, 'lambda_l2': 4.6984145522423795, 'learning_rate': 0.086431954592059}. Best is trial 0 with value: 0.0.
[I 2025-05-05 04:24:26,840] Trial 2 finished with value: 0.0 and parameters: {'num_leaves': 173, 'lambda_l1': 1.6395652627227333e-06, 'lambda_l2': 0.0009206210088381093, 'learning_rate': 0.029724614589794963}. Best is trial 0 with value: 0.0.
[I 2025-05-05 04:24:26,947] Trial 3 finished with value: 0.0 and parameters: {'num_leaves': 2, 'lambda_l1': 1.1213391936747112e-06, 'lambda_l2': 0.002755595894656739, 'learning_rate': 0.09216046890379664}. Best is trial 0 with value: 0.0.
[I 2025-05-05 04:24:27,073] Trial 4 finished with value: 0.0 and parameters: {'num_leaves': 52, 'lambda_l1': 0.002567855115990042, 'lambda_l2': 2.2309732668325502e-08, 'learning_rate': 0.23136978935751973}. Best is trial 0 with value: 0.0.
[I 2025-05-05 04:24:27,102] A new study created in memory with name: LightGBM_Moneyball_outer4
[I 2025-05-05 04:24:27,311] Trial 0 finished with value: 0.0 and parameters: {'num_leaves': 156, 'lambda_l1': 0.31807404349388135, 'lambda_l2': 0.00034960263526922206, 'learning_rate': 0.017185307990694447}. Best is trial 0 with value: 0.0.
[I 2025-05-05 04:24:27,540] Trial 1 finished with value: 0.0 and parameters: {'num_leaves': 1579, 'lambda_l1': 4.153659224975026, 'lambda_l2': 4.2597676924446136e-05, 'learning_rate': 0.07978545848711455}. Best is trial 0 with value: 0.0.
[I 2025-05-05 04:24:27,707] Trial 2 finished with value: 0.0 and parameters: {'num_leaves': 13, 'lambda_l1': 2.095193754211659e-08, 'lambda_l2': 0.8474498468274292, 'learning_rate': 0.10629131192215502}. Best is trial 0 with value: 0.0.
[I 2025-05-05 04:24:27,860] Trial 3 finished with value: 0.0 and parameters: {'num_leaves': 21, 'lambda_l1': 0.00016342980658768272, 'lambda_l2': 5.472040387724114e-07, 'learning_rate': 0.15560729930983583}. Best is trial 0 with value: 0.0.
[I 2025-05-05 04:24:27,981] Trial 4 finished with value: 0.0 and parameters: {'num_leaves': 3, 'lambda_l1': 8.803505711705591e-05, 'lambda_l2': 1.2047711235287009, 'learning_rate': 0.014079380534855926}. Best is trial 0 with value: 0.0.
[I 2025-05-05 04:24:28,030] A new study created in memory with name: LightGBM_Moneyball_outer5
[I 2025-05-05 04:24:28,168] Trial 0 finished with value: 0.0 and parameters: {'num_leaves': 465, 'lambda_l1': 0.004094564385069459, 'lambda_l2': 0.0037394210302090195, 'learning_rate': 0.176605414774201}. Best is trial 0 with value: 0.0.
[I 2025-05-05 04:24:28,364] Trial 1 finished with value: 0.0 and parameters: {'num_leaves': 39, 'lambda_l1': 8.07203515051909e-06, 'lambda_l2': 0.0013344231497060034, 'learning_rate': 0.07059818005016656}. Best is trial 0 with value: 0.0.
[I 2025-05-05 04:24:28,581] Trial 2 finished with value: 0.0 and parameters: {'num_leaves': 58, 'lambda_l1': 7.889311958513103e-07, 'lambda_l2': 0.0005833575006400343, 'learning_rate': 0.026015034467434906}. Best is trial 0 with value: 0.0.
[I 2025-05-05 04:24:28,690] Trial 3 finished with value: 0.0 and parameters: {'num_leaves': 2, 'lambda_l1': 1.9347054233676014e-07, 'lambda_l2': 0.00034596608796354954, 'learning_rate': 0.06699601535768127}. Best is trial 0 with value: 0.0.
[I 2025-05-05 04:24:28,892] Trial 4 finished with value: 0.0 and parameters: {'num_leaves': 23, 'lambda_l1': 0.003344405396460305, 'lambda_l2': 2.297621982115606, 'learning_rate': 0.07360909740364267}. Best is trial 0 with value: 0.0.
Traceback (most recent call last):
  File "train.py", line 1194, in <module>
    main(arguments)
  File "train.py", line 1065, in main
    agg_scorer, avg_train_time, avg_test_time = nested_cross_validation(
  File "train.py", line 707, in nested_cross_validation
    best_hp_idx = best_loss_dict.index(min(best_loss_dict))
ValueError: min() arg is an empty sequence
srun: error: stud-000: task 0: Exited with exit code 1
[I 2025-05-05 04:24:34,242] A new study created in memory with name: LightGBM_Black_Friday_outer1
[I 2025-05-05 04:24:47,437] Trial 0 finished with value: 0.0 and parameters: {'num_leaves': 955, 'lambda_l1': 5.794129394746658e-06, 'lambda_l2': 3.0951697618695884e-08, 'learning_rate': 0.025558561985166768}. Best is trial 0 with value: 0.0.
[I 2025-05-05 04:24:56,026] Trial 1 finished with value: 0.0 and parameters: {'num_leaves': 894, 'lambda_l1': 0.00028746345502200267, 'lambda_l2': 2.508593898967361, 'learning_rate': 0.013954232530990377}. Best is trial 0 with value: 0.0.
[I 2025-05-05 04:25:01,127] Trial 2 finished with value: 0.0 and parameters: {'num_leaves': 835, 'lambda_l1': 2.3272731318357153e-05, 'lambda_l2': 0.22833178312522254, 'learning_rate': 0.2561552108223643}. Best is trial 0 with value: 0.0.
[I 2025-05-05 04:25:03,963] Trial 3 finished with value: 0.0 and parameters: {'num_leaves': 5, 'lambda_l1': 1.4966430206784825e-05, 'lambda_l2': 2.0927530853685024e-08, 'learning_rate': 0.06152688380141267}. Best is trial 0 with value: 0.0.
[I 2025-05-05 04:25:10,204] Trial 4 finished with value: 0.0 and parameters: {'num_leaves': 967, 'lambda_l1': 9.764198961160996e-06, 'lambda_l2': 8.63916748342211e-08, 'learning_rate': 0.18312052735525597}. Best is trial 0 with value: 0.0.
[I 2025-05-05 04:25:13,006] A new study created in memory with name: LightGBM_Black_Friday_outer2
[I 2025-05-05 04:25:16,226] Trial 0 finished with value: 0.0 and parameters: {'num_leaves': 20, 'lambda_l1': 1.4743205639045758e-08, 'lambda_l2': 0.000897663959939057, 'learning_rate': 0.08888648995149799}. Best is trial 0 with value: 0.0.
[I 2025-05-05 04:25:23,746] Trial 1 finished with value: 0.0 and parameters: {'num_leaves': 2603, 'lambda_l1': 1.6180246370345144e-06, 'lambda_l2': 1.1323215674368115e-05, 'learning_rate': 0.2269349664871527}. Best is trial 0 with value: 0.0.
[I 2025-05-05 04:25:30,452] Trial 2 finished with value: 0.0 and parameters: {'num_leaves': 260, 'lambda_l1': 0.0020869641717368697, 'lambda_l2': 3.284028396492659e-07, 'learning_rate': 0.018512461057482436}. Best is trial 0 with value: 0.0.
[I 2025-05-05 04:25:33,189] Trial 3 finished with value: 0.0 and parameters: {'num_leaves': 5, 'lambda_l1': 4.054572277302362e-07, 'lambda_l2': 4.7985430679636295e-08, 'learning_rate': 0.2521064314079674}. Best is trial 0 with value: 0.0.
[I 2025-05-05 04:25:36,143] Trial 4 finished with value: 0.0 and parameters: {'num_leaves': 7, 'lambda_l1': 4.4728757280870945e-06, 'lambda_l2': 7.749405277411377e-05, 'learning_rate': 0.099940321355397}. Best is trial 0 with value: 0.0.
[I 2025-05-05 04:25:36,924] A new study created in memory with name: LightGBM_Black_Friday_outer3
[I 2025-05-05 04:25:55,363] Trial 0 finished with value: 0.0 and parameters: {'num_leaves': 1969, 'lambda_l1': 5.199353993114716e-08, 'lambda_l2': 1.1585247347526588e-06, 'learning_rate': 0.03536270155182748}. Best is trial 0 with value: 0.0.
[I 2025-05-05 04:25:59,430] Trial 1 finished with value: 0.0 and parameters: {'num_leaves': 64, 'lambda_l1': 2.222199056158164e-08, 'lambda_l2': 8.503431701932141e-08, 'learning_rate': 0.023732501789744734}. Best is trial 0 with value: 0.0.
[I 2025-05-05 04:26:13,676] Trial 2 finished with value: 0.0 and parameters: {'num_leaves': 1089, 'lambda_l1': 4.710014430478676e-06, 'lambda_l2': 0.0004978153815757803, 'learning_rate': 0.010678628180430402}. Best is trial 0 with value: 0.0.
[I 2025-05-05 04:26:17,637] Trial 3 finished with value: 0.0 and parameters: {'num_leaves': 253, 'lambda_l1': 0.30418519008750683, 'lambda_l2': 0.048723141063208734, 'learning_rate': 0.16961478122864346}. Best is trial 0 with value: 0.0.
[I 2025-05-05 04:26:34,037] Trial 4 finished with value: 0.0 and parameters: {'num_leaves': 3162, 'lambda_l1': 1.044189851328907e-08, 'lambda_l2': 4.357381988690907e-05, 'learning_rate': 0.02092955588455145}. Best is trial 0 with value: 0.0.
[I 2025-05-05 04:26:38,430] A new study created in memory with name: LightGBM_Black_Friday_outer4
[I 2025-05-05 04:26:41,383] Trial 0 finished with value: 0.0 and parameters: {'num_leaves': 13, 'lambda_l1': 0.0022183540165813397, 'lambda_l2': 0.41232993909199644, 'learning_rate': 0.06396117141902806}. Best is trial 0 with value: 0.0.
[I 2025-05-05 04:26:46,601] Trial 1 finished with value: 0.0 and parameters: {'num_leaves': 211, 'lambda_l1': 0.0002953210410228952, 'lambda_l2': 8.601849189951928, 'learning_rate': 0.013221039742783469}. Best is trial 0 with value: 0.0.
[I 2025-05-05 04:26:50,042] Trial 2 finished with value: 0.0 and parameters: {'num_leaves': 92, 'lambda_l1': 0.0001856859548331846, 'lambda_l2': 0.09223741948235427, 'learning_rate': 0.16258667147590103}. Best is trial 0 with value: 0.0.
[I 2025-05-05 04:26:52,918] Trial 3 finished with value: 0.0 and parameters: {'num_leaves': 109, 'lambda_l1': 4.944214911039484e-06, 'lambda_l2': 0.03398200784152265, 'learning_rate': 0.2922835979913586}. Best is trial 0 with value: 0.0.
[I 2025-05-05 04:26:56,650] Trial 4 finished with value: 0.0 and parameters: {'num_leaves': 147, 'lambda_l1': 2.2340626470978615e-07, 'lambda_l2': 4.881493245393623, 'learning_rate': 0.17081557922560595}. Best is trial 0 with value: 0.0.
[I 2025-05-05 04:26:57,355] A new study created in memory with name: LightGBM_Black_Friday_outer5
[I 2025-05-05 04:27:00,300] Trial 0 finished with value: 0.0 and parameters: {'num_leaves': 25, 'lambda_l1': 1.5961248366783953e-08, 'lambda_l2': 2.0120177535963248e-08, 'learning_rate': 0.16063838082816578}. Best is trial 0 with value: 0.0.
[I 2025-05-05 04:27:02,808] Trial 1 finished with value: 0.0 and parameters: {'num_leaves': 3, 'lambda_l1': 0.09241955901508568, 'lambda_l2': 2.368362908827583e-07, 'learning_rate': 0.11864849824096681}. Best is trial 0 with value: 0.0.
[I 2025-05-05 04:27:06,303] Trial 2 finished with value: 0.0 and parameters: {'num_leaves': 72, 'lambda_l1': 0.035212492404991455, 'lambda_l2': 2.9422129149506408e-06, 'learning_rate': 0.16246447174551826}. Best is trial 0 with value: 0.0.
[I 2025-05-05 04:27:09,054] Trial 3 finished with value: 0.0 and parameters: {'num_leaves': 11, 'lambda_l1': 0.0048027106087669665, 'lambda_l2': 0.1387723521536846, 'learning_rate': 0.1490080003036407}. Best is trial 0 with value: 0.0.
[I 2025-05-05 04:27:12,039] Trial 4 finished with value: 0.0 and parameters: {'num_leaves': 121, 'lambda_l1': 5.375003646207644e-05, 'lambda_l2': 2.1334940676065293e-07, 'learning_rate': 0.2853852806068103}. Best is trial 0 with value: 0.0.
Traceback (most recent call last):
  File "train.py", line 1194, in <module>
    main(arguments)
  File "train.py", line 1065, in main
    agg_scorer, avg_train_time, avg_test_time = nested_cross_validation(
  File "train.py", line 707, in nested_cross_validation
    best_hp_idx = best_loss_dict.index(min(best_loss_dict))
ValueError: min() arg is an empty sequence
srun: error: stud-000: task 0: Exited with exit code 1
