[I 2025-05-05 04:23:52,578] A new study created in memory with name: LightGBM_Brazillian_Houses_outer1
[I 2025-05-05 04:23:53,950] Trial 0 finished with value: 0.0 and parameters: {'num_leaves': 57, 'lambda_l1': 0.0005818944656525147, 'lambda_l2': 4.5211548306553035e-06, 'learning_rate': 0.013001959965305452}. Best is trial 0 with value: 0.0.
[I 2025-05-05 04:23:56,093] Trial 1 finished with value: 0.0 and parameters: {'num_leaves': 1136, 'lambda_l1': 0.003984297183566514, 'lambda_l2': 0.00024671516886420034, 'learning_rate': 0.19554193089269448}. Best is trial 0 with value: 0.0.
[I 2025-05-05 04:23:56,965] Trial 2 finished with value: 0.0 and parameters: {'num_leaves': 20, 'lambda_l1': 7.465379615727366e-07, 'lambda_l2': 3.312907908936672e-06, 'learning_rate': 0.19414194277721414}. Best is trial 0 with value: 0.0.
[I 2025-05-05 04:23:57,763] Trial 3 finished with value: 0.0 and parameters: {'num_leaves': 11, 'lambda_l1': 0.005756891763614856, 'lambda_l2': 0.0009532829340491563, 'learning_rate': 0.02355771463113267}. Best is trial 0 with value: 0.0.
[I 2025-05-05 04:23:59,896] Trial 4 finished with value: 0.0 and parameters: {'num_leaves': 2827, 'lambda_l1': 0.00022522306744163331, 'lambda_l2': 0.009400454815018526, 'learning_rate': 0.020688118536437584}. Best is trial 0 with value: 0.0.
[I 2025-05-05 04:24:00,249] A new study created in memory with name: LightGBM_Brazillian_Houses_outer2
[I 2025-05-05 04:24:00,992] Trial 0 finished with value: 0.0 and parameters: {'num_leaves': 5, 'lambda_l1': 1.1852535419926407e-05, 'lambda_l2': 1.4188943449404345e-07, 'learning_rate': 0.03956337072812943}. Best is trial 0 with value: 0.0.
[I 2025-05-05 04:24:02,786] Trial 1 finished with value: 0.0 and parameters: {'num_leaves': 284, 'lambda_l1': 1.3157178076405631, 'lambda_l2': 0.0030081159248862488, 'learning_rate': 0.0775729612217185}. Best is trial 0 with value: 0.0.
[I 2025-05-05 04:24:03,511] Trial 2 finished with value: 0.0 and parameters: {'num_leaves': 4, 'lambda_l1': 2.6646390827438486e-08, 'lambda_l2': 0.23444477786984724, 'learning_rate': 0.05672300779189825}. Best is trial 0 with value: 0.0.
[I 2025-05-05 04:24:05,248] Trial 3 finished with value: 0.0 and parameters: {'num_leaves': 359, 'lambda_l1': 5.299932368573979, 'lambda_l2': 6.491041987004197e-05, 'learning_rate': 0.1947238984066759}. Best is trial 0 with value: 0.0.
[I 2025-05-05 04:24:06,612] Trial 4 finished with value: 0.0 and parameters: {'num_leaves': 59, 'lambda_l1': 0.06740265242536812, 'lambda_l2': 2.551241820802571e-08, 'learning_rate': 0.010675272422592322}. Best is trial 0 with value: 0.0.
[I 2025-05-05 04:24:06,810] A new study created in memory with name: LightGBM_Brazillian_Houses_outer3
[I 2025-05-05 04:24:08,629] Trial 0 finished with value: 0.0 and parameters: {'num_leaves': 807, 'lambda_l1': 0.013800740857698257, 'lambda_l2': 0.000943314561581324, 'learning_rate': 0.19938763596832654}. Best is trial 0 with value: 0.0.
[I 2025-05-05 04:24:09,777] Trial 1 finished with value: 0.0 and parameters: {'num_leaves': 43, 'lambda_l1': 4.441165286474833e-06, 'lambda_l2': 1.934852824972711e-07, 'learning_rate': 0.08695988644191226}. Best is trial 0 with value: 0.0.
[I 2025-05-05 04:24:10,501] Trial 2 finished with value: 0.0 and parameters: {'num_leaves': 7, 'lambda_l1': 1.0030099433683294e-08, 'lambda_l2': 1.4195577595295632, 'learning_rate': 0.03163481975563274}. Best is trial 0 with value: 0.0.
[I 2025-05-05 04:24:11,165] Trial 3 finished with value: 0.0 and parameters: {'num_leaves': 4, 'lambda_l1': 1.0956451492143729e-08, 'lambda_l2': 5.389565213560812, 'learning_rate': 0.19873511578064942}. Best is trial 0 with value: 0.0.
[I 2025-05-05 04:24:12,761] Trial 4 finished with value: 0.0 and parameters: {'num_leaves': 214, 'lambda_l1': 0.012799412013919086, 'lambda_l2': 0.1842728826012925, 'learning_rate': 0.047851800496737734}. Best is trial 0 with value: 0.0.
[I 2025-05-05 04:24:13,275] A new study created in memory with name: LightGBM_Brazillian_Houses_outer4
[I 2025-05-05 04:24:14,872] Trial 0 finished with value: 0.0 and parameters: {'num_leaves': 607, 'lambda_l1': 1.6139697855313922e-08, 'lambda_l2': 0.41320962993091914, 'learning_rate': 0.04294226620315579}. Best is trial 0 with value: 0.0.
[I 2025-05-05 04:24:16,747] Trial 1 finished with value: 0.0 and parameters: {'num_leaves': 703, 'lambda_l1': 4.442036976242421e-06, 'lambda_l2': 9.541404748654056e-06, 'learning_rate': 0.027092187922267443}. Best is trial 0 with value: 0.0.
[I 2025-05-05 04:24:17,608] Trial 2 finished with value: 0.0 and parameters: {'num_leaves': 15, 'lambda_l1': 1.2126474952731967, 'lambda_l2': 0.13813861449707918, 'learning_rate': 0.21418788004504452}. Best is trial 0 with value: 0.0.
[I 2025-05-05 04:24:18,399] Trial 3 finished with value: 0.0 and parameters: {'num_leaves': 2, 'lambda_l1': 0.31224676422877806, 'lambda_l2': 5.134734795491988e-05, 'learning_rate': 0.013427085570024784}. Best is trial 0 with value: 0.0.
[I 2025-05-05 04:24:19,070] Trial 4 finished with value: 0.0 and parameters: {'num_leaves': 2, 'lambda_l1': 1.7592179427478405e-08, 'lambda_l2': 0.7946742994652994, 'learning_rate': 0.20735208603753116}. Best is trial 0 with value: 0.0.
[I 2025-05-05 04:24:19,476] A new study created in memory with name: LightGBM_Brazillian_Houses_outer5
[I 2025-05-05 04:24:20,233] Trial 0 finished with value: 0.0 and parameters: {'num_leaves': 5, 'lambda_l1': 0.046519341159017, 'lambda_l2': 1.588900067849783e-07, 'learning_rate': 0.017269046008731477}. Best is trial 0 with value: 0.0.
[I 2025-05-05 04:24:21,223] Trial 1 finished with value: 0.0 and parameters: {'num_leaves': 21, 'lambda_l1': 0.0015608737859223053, 'lambda_l2': 0.01459785473296333, 'learning_rate': 0.05078511092553444}. Best is trial 0 with value: 0.0.
[I 2025-05-05 04:24:22,011] Trial 2 finished with value: 0.0 and parameters: {'num_leaves': 8, 'lambda_l1': 0.44886987061647887, 'lambda_l2': 0.18512165652642792, 'learning_rate': 0.013873025318741447}. Best is trial 0 with value: 0.0.
[I 2025-05-05 04:24:23,837] Trial 3 finished with value: 0.0 and parameters: {'num_leaves': 507, 'lambda_l1': 1.514905171067389e-08, 'lambda_l2': 0.0024165969198307884, 'learning_rate': 0.03303915640311409}. Best is trial 0 with value: 0.0.
[I 2025-05-05 04:24:24,517] Trial 4 finished with value: 0.0 and parameters: {'num_leaves': 3, 'lambda_l1': 0.005664962661374414, 'lambda_l2': 2.3173251885077147e-08, 'learning_rate': 0.24271357986511527}. Best is trial 0 with value: 0.0.
Traceback (most recent call last):
  File "train.py", line 1194, in <module>
    main(arguments)
  File "train.py", line 1065, in main
    agg_scorer, avg_train_time, avg_test_time = nested_cross_validation(
  File "train.py", line 707, in nested_cross_validation
    best_hp_idx = best_loss_dict.index(min(best_loss_dict))
ValueError: min() arg is an empty sequence
srun: error: stud-000: task 0: Exited with exit code 1
[I 2025-05-05 04:24:29,172] A new study created in memory with name: LightGBM_Abalone_outer1
[I 2025-05-05 04:24:29,550] Trial 0 finished with value: 0.0 and parameters: {'num_leaves': 1216, 'lambda_l1': 0.00045013730060107444, 'lambda_l2': 6.697511614547592, 'learning_rate': 0.1183373874128907}. Best is trial 0 with value: 0.0.
[I 2025-05-05 04:24:29,848] Trial 1 finished with value: 0.0 and parameters: {'num_leaves': 2360, 'lambda_l1': 0.04215746980643437, 'lambda_l2': 1.9120291180209755e-05, 'learning_rate': 0.17456905140722526}. Best is trial 0 with value: 0.0.
[I 2025-05-05 04:24:30,136] Trial 2 finished with value: 0.0 and parameters: {'num_leaves': 22, 'lambda_l1': 0.003412669548479178, 'lambda_l2': 2.5808949938553206e-07, 'learning_rate': 0.04626727649017817}. Best is trial 0 with value: 0.0.
[I 2025-05-05 04:24:30,625] Trial 3 finished with value: 0.0 and parameters: {'num_leaves': 119, 'lambda_l1': 0.004804423316761456, 'lambda_l2': 0.14111471072416235, 'learning_rate': 0.026672663956271395}. Best is trial 0 with value: 0.0.
[I 2025-05-05 04:24:30,808] Trial 4 finished with value: 0.0 and parameters: {'num_leaves': 7, 'lambda_l1': 0.04704440501626099, 'lambda_l2': 0.0003331492942960442, 'learning_rate': 0.01344235881219755}. Best is trial 0 with value: 0.0.
[I 2025-05-05 04:24:30,885] A new study created in memory with name: LightGBM_Abalone_outer2
[I 2025-05-05 04:24:31,429] Trial 0 finished with value: 0.0 and parameters: {'num_leaves': 1601, 'lambda_l1': 6.090880700928616e-07, 'lambda_l2': 1.746954566915191e-07, 'learning_rate': 0.04412971797168545}. Best is trial 0 with value: 0.0.
[I 2025-05-05 04:24:31,595] Trial 1 finished with value: 0.0 and parameters: {'num_leaves': 6, 'lambda_l1': 8.280323701059113e-08, 'lambda_l2': 0.013819649896894617, 'learning_rate': 0.013890566428722141}. Best is trial 0 with value: 0.0.
[I 2025-05-05 04:24:31,759] Trial 2 finished with value: 0.0 and parameters: {'num_leaves': 9, 'lambda_l1': 6.108613275508088e-06, 'lambda_l2': 0.035145262251749465, 'learning_rate': 0.09953125499888793}. Best is trial 0 with value: 0.0.
[I 2025-05-05 04:24:32,222] Trial 3 finished with value: 0.0 and parameters: {'num_leaves': 321, 'lambda_l1': 1.2655724399130684e-06, 'lambda_l2': 3.258163596486854, 'learning_rate': 0.026241101231372375}. Best is trial 0 with value: 0.0.
[I 2025-05-05 04:24:32,544] Trial 4 finished with value: 0.0 and parameters: {'num_leaves': 3782, 'lambda_l1': 0.038649069615177396, 'lambda_l2': 5.087295527888101, 'learning_rate': 0.2254994313603374}. Best is trial 0 with value: 0.0.
[I 2025-05-05 04:24:32,672] A new study created in memory with name: LightGBM_Abalone_outer3
[I 2025-05-05 04:24:33,147] Trial 0 finished with value: 0.0 and parameters: {'num_leaves': 160, 'lambda_l1': 0.15003814634739418, 'lambda_l2': 5.213948268407012e-06, 'learning_rate': 0.012383553229302442}. Best is trial 0 with value: 0.0.
[I 2025-05-05 04:24:33,267] Trial 1 finished with value: 0.0 and parameters: {'num_leaves': 2, 'lambda_l1': 0.0008961931156496505, 'lambda_l2': 5.813977001802963e-05, 'learning_rate': 0.021070740948605154}. Best is trial 0 with value: 0.0.
[I 2025-05-05 04:24:33,381] Trial 2 finished with value: 0.0 and parameters: {'num_leaves': 2, 'lambda_l1': 1.5806650474781607e-07, 'lambda_l2': 1.5543770045462629e-06, 'learning_rate': 0.08584366795539335}. Best is trial 0 with value: 0.0.
[I 2025-05-05 04:24:33,990] Trial 3 finished with value: 0.0 and parameters: {'num_leaves': 1543, 'lambda_l1': 0.0012030456812905847, 'lambda_l2': 3.9850726802360605e-05, 'learning_rate': 0.028513355117745436}. Best is trial 0 with value: 0.0.
[I 2025-05-05 04:24:34,468] Trial 4 finished with value: 0.0 and parameters: {'num_leaves': 106, 'lambda_l1': 0.00017249496074538137, 'lambda_l2': 0.0001423035815639341, 'learning_rate': 0.02285473567926217}. Best is trial 0 with value: 0.0.
[I 2025-05-05 04:24:34,579] A new study created in memory with name: LightGBM_Abalone_outer4
[I 2025-05-05 04:24:34,795] Trial 0 finished with value: 0.0 and parameters: {'num_leaves': 11, 'lambda_l1': 4.673056168554696e-06, 'lambda_l2': 2.487713038040498e-08, 'learning_rate': 0.04527414074619907}. Best is trial 0 with value: 0.0.
[I 2025-05-05 04:24:35,048] Trial 1 finished with value: 0.0 and parameters: {'num_leaves': 50, 'lambda_l1': 0.07902932190989914, 'lambda_l2': 0.0007704508755200651, 'learning_rate': 0.11871143889015094}. Best is trial 0 with value: 0.0.
[I 2025-05-05 04:24:35,407] Trial 2 finished with value: 0.0 and parameters: {'num_leaves': 30, 'lambda_l1': 0.09907872806676762, 'lambda_l2': 0.781638464140465, 'learning_rate': 0.020871757274994143}. Best is trial 0 with value: 0.0.
[I 2025-05-05 04:24:35,741] Trial 3 finished with value: 0.0 and parameters: {'num_leaves': 640, 'lambda_l1': 0.0008597252068177093, 'lambda_l2': 1.0730367222135934e-08, 'learning_rate': 0.07593580398698892}. Best is trial 0 with value: 0.0.
[I 2025-05-05 04:24:36,022] Trial 4 finished with value: 0.0 and parameters: {'num_leaves': 488, 'lambda_l1': 1.2893726784897886e-06, 'lambda_l2': 3.7985674991732514e-08, 'learning_rate': 0.09243770147145286}. Best is trial 0 with value: 0.0.
[I 2025-05-05 04:24:36,068] A new study created in memory with name: LightGBM_Abalone_outer5
[I 2025-05-05 04:24:36,384] Trial 0 finished with value: 0.0 and parameters: {'num_leaves': 23, 'lambda_l1': 1.3020045215920364, 'lambda_l2': 0.24792178044067265, 'learning_rate': 0.01818963162967799}. Best is trial 0 with value: 0.0.
[I 2025-05-05 04:24:36,855] Trial 1 finished with value: 0.0 and parameters: {'num_leaves': 149, 'lambda_l1': 7.192697180561539e-08, 'lambda_l2': 9.4412916101041e-07, 'learning_rate': 0.027401130475047438}. Best is trial 0 with value: 0.0.
[I 2025-05-05 04:24:36,976] Trial 2 finished with value: 0.0 and parameters: {'num_leaves': 2, 'lambda_l1': 1.5789430999207865, 'lambda_l2': 1.1415163110441655, 'learning_rate': 0.09506281929550844}. Best is trial 0 with value: 0.0.
[I 2025-05-05 04:24:37,104] Trial 3 finished with value: 0.0 and parameters: {'num_leaves': 3, 'lambda_l1': 0.01759697542091764, 'lambda_l2': 0.000752881021088563, 'learning_rate': 0.014704780238838332}. Best is trial 0 with value: 0.0.
[I 2025-05-05 04:24:37,238] Trial 4 finished with value: 0.0 and parameters: {'num_leaves': 4, 'lambda_l1': 0.09705101285149761, 'lambda_l2': 6.387801684776734e-05, 'learning_rate': 0.14541684855516945}. Best is trial 0 with value: 0.0.
Traceback (most recent call last):
  File "train.py", line 1194, in <module>
    main(arguments)
  File "train.py", line 1065, in main
    agg_scorer, avg_train_time, avg_test_time = nested_cross_validation(
  File "train.py", line 707, in nested_cross_validation
    best_hp_idx = best_loss_dict.index(min(best_loss_dict))
ValueError: min() arg is an empty sequence
srun: error: stud-000: task 0: Exited with exit code 1
[I 2025-05-05 04:24:41,949] A new study created in memory with name: LightGBM_House_Sales_outer1
[I 2025-05-05 04:24:44,104] Trial 0 finished with value: 0.0 and parameters: {'num_leaves': 104, 'lambda_l1': 1.7065572456492817e-07, 'lambda_l2': 1.7383933501615655e-08, 'learning_rate': 0.04021850063365208}. Best is trial 0 with value: 0.0.
[I 2025-05-05 04:24:44,643] Trial 1 finished with value: 0.0 and parameters: {'num_leaves': 6, 'lambda_l1': 2.865653587456462e-06, 'lambda_l2': 0.0011590386201839652, 'learning_rate': 0.02853073227865376}. Best is trial 0 with value: 0.0.
[I 2025-05-05 04:24:47,540] Trial 2 finished with value: 0.0 and parameters: {'num_leaves': 855, 'lambda_l1': 0.00017900952717548815, 'lambda_l2': 8.516502238098932e-07, 'learning_rate': 0.11695265248166678}. Best is trial 0 with value: 0.0.
[I 2025-05-05 04:24:48,381] Trial 3 finished with value: 0.0 and parameters: {'num_leaves': 22, 'lambda_l1': 0.07100689180089514, 'lambda_l2': 5.8350018579993676e-08, 'learning_rate': 0.1164008420150994}. Best is trial 0 with value: 0.0.
[I 2025-05-05 04:24:51,080] Trial 4 finished with value: 0.0 and parameters: {'num_leaves': 164, 'lambda_l1': 3.873492922007942e-06, 'lambda_l2': 0.003231219793277562, 'learning_rate': 0.05141166807592943}. Best is trial 0 with value: 0.0.
[I 2025-05-05 04:24:51,563] A new study created in memory with name: LightGBM_House_Sales_outer2
[I 2025-05-05 04:24:54,723] Trial 0 finished with value: 0.0 and parameters: {'num_leaves': 945, 'lambda_l1': 0.5296948484522129, 'lambda_l2': 5.665649377114959e-07, 'learning_rate': 0.10823727812309648}. Best is trial 0 with value: 0.0.
[I 2025-05-05 04:24:55,310] Trial 1 finished with value: 0.0 and parameters: {'num_leaves': 8, 'lambda_l1': 0.008297698610547105, 'lambda_l2': 2.78670183697651, 'learning_rate': 0.018587274223098225}. Best is trial 0 with value: 0.0.
[I 2025-05-05 04:24:58,769] Trial 2 finished with value: 0.0 and parameters: {'num_leaves': 2555, 'lambda_l1': 5.509949958916206, 'lambda_l2': 0.00954976070205599, 'learning_rate': 0.10173626716642617}. Best is trial 0 with value: 0.0.
[I 2025-05-05 04:24:59,123] Trial 3 finished with value: 0.0 and parameters: {'num_leaves': 2, 'lambda_l1': 0.03904683040514227, 'lambda_l2': 0.0012139092418954763, 'learning_rate': 0.05808938500803666}. Best is trial 0 with value: 0.0.
[I 2025-05-05 04:25:01,480] Trial 4 finished with value: 0.0 and parameters: {'num_leaves': 259, 'lambda_l1': 0.030123138382496837, 'lambda_l2': 1.023339875535225e-06, 'learning_rate': 0.15194042456444776}. Best is trial 0 with value: 0.0.
[I 2025-05-05 04:25:02,326] A new study created in memory with name: LightGBM_House_Sales_outer3
[I 2025-05-05 04:25:03,120] Trial 0 finished with value: 0.0 and parameters: {'num_leaves': 57, 'lambda_l1': 0.1903638820555527, 'lambda_l2': 2.6012656564730423, 'learning_rate': 0.2413925046090503}. Best is trial 0 with value: 0.0.
[I 2025-05-05 04:25:03,616] Trial 1 finished with value: 0.0 and parameters: {'num_leaves': 6, 'lambda_l1': 3.4138517875758713e-08, 'lambda_l2': 0.00018920963134044615, 'learning_rate': 0.011552481426609267}. Best is trial 0 with value: 0.0.
[I 2025-05-05 04:25:04,131] Trial 2 finished with value: 0.0 and parameters: {'num_leaves': 7, 'lambda_l1': 0.08680517918793237, 'lambda_l2': 2.465758908610435e-05, 'learning_rate': 0.04133021683304929}. Best is trial 0 with value: 0.0.
[I 2025-05-05 04:25:04,834] Trial 3 finished with value: 0.0 and parameters: {'num_leaves': 22, 'lambda_l1': 0.026893696762911985, 'lambda_l2': 0.0002606670921390909, 'learning_rate': 0.213319232576656}. Best is trial 0 with value: 0.0.
[I 2025-05-05 04:25:05,256] Trial 4 finished with value: 0.0 and parameters: {'num_leaves': 4, 'lambda_l1': 2.1700427303943198e-08, 'lambda_l2': 1.1063201687477052e-05, 'learning_rate': 0.2805471179313349}. Best is trial 0 with value: 0.0.
[I 2025-05-05 04:25:05,432] A new study created in memory with name: LightGBM_House_Sales_outer4
[I 2025-05-05 04:25:06,977] Trial 0 finished with value: 0.0 and parameters: {'num_leaves': 78, 'lambda_l1': 0.22347136117323385, 'lambda_l2': 2.3724184887701867, 'learning_rate': 0.014120888094024437}. Best is trial 0 with value: 0.0.
[I 2025-05-05 04:25:07,955] Trial 1 finished with value: 0.0 and parameters: {'num_leaves': 33, 'lambda_l1': 3.701868374858564e-05, 'lambda_l2': 1.7130887248735698e-07, 'learning_rate': 0.05575740421356063}. Best is trial 0 with value: 0.0.
[I 2025-05-05 04:25:09,084] Trial 2 finished with value: 0.0 and parameters: {'num_leaves': 110, 'lambda_l1': 1.4451698773553545, 'lambda_l2': 4.0373141000941473e-07, 'learning_rate': 0.19559114089835217}. Best is trial 0 with value: 0.0.
[I 2025-05-05 04:25:09,600] Trial 3 finished with value: 0.0 and parameters: {'num_leaves': 8, 'lambda_l1': 0.00011131956347330168, 'lambda_l2': 3.044036800877626, 'learning_rate': 0.1768758928295433}. Best is trial 0 with value: 0.0.
[I 2025-05-05 04:25:10,652] Trial 4 finished with value: 0.0 and parameters: {'num_leaves': 44, 'lambda_l1': 0.1689953071712683, 'lambda_l2': 0.6416331112648191, 'learning_rate': 0.12286931503144745}. Best is trial 0 with value: 0.0.
[I 2025-05-05 04:25:10,997] A new study created in memory with name: LightGBM_House_Sales_outer5
[I 2025-05-05 04:25:11,433] Trial 0 finished with value: 0.0 and parameters: {'num_leaves': 4, 'lambda_l1': 1.8032739260442314e-05, 'lambda_l2': 0.000704920438372685, 'learning_rate': 0.010618346645743466}. Best is trial 0 with value: 0.0.
[I 2025-05-05 04:25:12,056] Trial 1 finished with value: 0.0 and parameters: {'num_leaves': 11, 'lambda_l1': 0.0009229168590161492, 'lambda_l2': 0.04265097662484425, 'learning_rate': 0.010233164309171879}. Best is trial 0 with value: 0.0.
[I 2025-05-05 04:25:12,638] Trial 2 finished with value: 0.0 and parameters: {'num_leaves': 18, 'lambda_l1': 9.902382367182662e-07, 'lambda_l2': 0.6976871342650227, 'learning_rate': 0.29885189677900786}. Best is trial 0 with value: 0.0.
[I 2025-05-05 04:25:15,466] Trial 3 finished with value: 0.0 and parameters: {'num_leaves': 842, 'lambda_l1': 2.1505948134726633e-05, 'lambda_l2': 0.8555663221827369, 'learning_rate': 0.024251596975056307}. Best is trial 0 with value: 0.0.
[I 2025-05-05 04:25:15,985] Trial 4 finished with value: 0.0 and parameters: {'num_leaves': 8, 'lambda_l1': 4.879619992360006e-07, 'lambda_l2': 4.4807484949160195, 'learning_rate': 0.18171956133455605}. Best is trial 0 with value: 0.0.
Traceback (most recent call last):
  File "train.py", line 1194, in <module>
    main(arguments)
  File "train.py", line 1065, in main
    agg_scorer, avg_train_time, avg_test_time = nested_cross_validation(
  File "train.py", line 707, in nested_cross_validation
    best_hp_idx = best_loss_dict.index(min(best_loss_dict))
ValueError: min() arg is an empty sequence
srun: error: stud-000: task 0: Exited with exit code 1
[I 2025-05-05 04:25:21,346] A new study created in memory with name: LightGBM_MIP_outer1
[I 2025-05-05 04:25:21,907] Trial 0 finished with value: 0.0 and parameters: {'num_leaves': 7, 'lambda_l1': 6.997391398634499e-08, 'lambda_l2': 2.784359859419038e-06, 'learning_rate': 0.05587405257605758}. Best is trial 0 with value: 0.0.
[I 2025-05-05 04:25:22,437] Trial 1 finished with value: 0.0 and parameters: {'num_leaves': 1124, 'lambda_l1': 1.1607547336879958, 'lambda_l2': 3.237916125700257e-08, 'learning_rate': 0.0805899271657968}. Best is trial 0 with value: 0.0.
[I 2025-05-05 04:25:22,810] Trial 2 finished with value: 0.0 and parameters: {'num_leaves': 183, 'lambda_l1': 0.32186814841324646, 'lambda_l2': 1.0316220086454557e-05, 'learning_rate': 0.10542917255104582}. Best is trial 0 with value: 0.0.
[I 2025-05-05 04:25:23,038] Trial 3 finished with value: 0.0 and parameters: {'num_leaves': 7, 'lambda_l1': 1.4405735133651624e-05, 'lambda_l2': 0.03016108956154172, 'learning_rate': 0.24092299410383014}. Best is trial 0 with value: 0.0.
[I 2025-05-05 04:25:23,452] Trial 4 finished with value: 0.0 and parameters: {'num_leaves': 199, 'lambda_l1': 0.06925602273778263, 'lambda_l2': 0.030884139879931365, 'learning_rate': 0.04958277392360054}. Best is trial 0 with value: 0.0.
[I 2025-05-05 04:25:23,510] A new study created in memory with name: LightGBM_MIP_outer2
[I 2025-05-05 04:25:23,711] Trial 0 finished with value: 0.0 and parameters: {'num_leaves': 2, 'lambda_l1': 0.010417511296509545, 'lambda_l2': 5.421219939489522e-06, 'learning_rate': 0.01680872196808598}. Best is trial 0 with value: 0.0.
[I 2025-05-05 04:25:23,979] Trial 1 finished with value: 0.0 and parameters: {'num_leaves': 14, 'lambda_l1': 0.09591190007365569, 'lambda_l2': 3.661471380534802e-08, 'learning_rate': 0.26745063629319266}. Best is trial 0 with value: 0.0.
[I 2025-05-05 04:25:24,415] Trial 2 finished with value: 0.0 and parameters: {'num_leaves': 451, 'lambda_l1': 0.007129989775874945, 'lambda_l2': 0.2207460504006449, 'learning_rate': 0.061639846328013635}. Best is trial 0 with value: 0.0.
[I 2025-05-05 04:25:24,668] Trial 3 finished with value: 0.0 and parameters: {'num_leaves': 7, 'lambda_l1': 6.723773573877734e-05, 'lambda_l2': 1.345611007151007e-08, 'learning_rate': 0.2205833790412856}. Best is trial 0 with value: 0.0.
[I 2025-05-05 04:25:24,991] Trial 4 finished with value: 0.0 and parameters: {'num_leaves': 8, 'lambda_l1': 9.084071000023919e-08, 'lambda_l2': 4.4229265070882154e-05, 'learning_rate': 0.07254451239090053}. Best is trial 0 with value: 0.0.
[I 2025-05-05 04:25:25,033] A new study created in memory with name: LightGBM_MIP_outer3
[I 2025-05-05 04:25:25,253] Trial 0 finished with value: 0.0 and parameters: {'num_leaves': 3, 'lambda_l1': 0.0006088946113902439, 'lambda_l2': 2.2361429129298202e-05, 'learning_rate': 0.18770629725044652}. Best is trial 0 with value: 0.0.
[I 2025-05-05 04:25:25,640] Trial 1 finished with value: 0.0 and parameters: {'num_leaves': 16, 'lambda_l1': 7.803344022094955e-06, 'lambda_l2': 0.4532895181473993, 'learning_rate': 0.011182592956971816}. Best is trial 0 with value: 0.0.
[I 2025-05-05 04:25:26,051] Trial 2 finished with value: 0.0 and parameters: {'num_leaves': 21, 'lambda_l1': 6.682859715791042e-07, 'lambda_l2': 1.4786858179046604e-06, 'learning_rate': 0.02026849611529392}. Best is trial 0 with value: 0.0.
[I 2025-05-05 04:25:26,237] Trial 3 finished with value: 0.0 and parameters: {'num_leaves': 2, 'lambda_l1': 0.011869233307940633, 'lambda_l2': 4.634664779244047e-07, 'learning_rate': 0.2628402559207434}. Best is trial 0 with value: 0.0.
[I 2025-05-05 04:25:26,883] Trial 4 finished with value: 0.0 and parameters: {'num_leaves': 2012, 'lambda_l1': 2.997294950912151e-06, 'lambda_l2': 2.8749858391552394e-05, 'learning_rate': 0.03278042507452311}. Best is trial 0 with value: 0.0.
[I 2025-05-05 04:25:26,922] A new study created in memory with name: LightGBM_MIP_outer4
[I 2025-05-05 04:25:27,373] Trial 0 finished with value: 0.0 and parameters: {'num_leaves': 1921, 'lambda_l1': 9.671882792390592, 'lambda_l2': 7.540417475637083e-06, 'learning_rate': 0.2087871127116091}. Best is trial 0 with value: 0.0.
[I 2025-05-05 04:25:27,597] Trial 1 finished with value: 0.0 and parameters: {'num_leaves': 3, 'lambda_l1': 2.1679127801990647e-05, 'lambda_l2': 3.334947325144782, 'learning_rate': 0.1110964976473069}. Best is trial 0 with value: 0.0.
[I 2025-05-05 04:25:28,112] Trial 2 finished with value: 0.0 and parameters: {'num_leaves': 41, 'lambda_l1': 3.4762659163224696, 'lambda_l2': 8.664486965753486e-08, 'learning_rate': 0.010322428876880898}. Best is trial 0 with value: 0.0.
[I 2025-05-05 04:25:28,312] Trial 3 finished with value: 0.0 and parameters: {'num_leaves': 2, 'lambda_l1': 0.002807560667317388, 'lambda_l2': 1.0398161879777246e-06, 'learning_rate': 0.06209811863543923}. Best is trial 0 with value: 0.0.
[I 2025-05-05 04:25:28,718] Trial 4 finished with value: 0.0 and parameters: {'num_leaves': 43, 'lambda_l1': 4.724296231439557e-06, 'lambda_l2': 2.9981249070199573e-06, 'learning_rate': 0.013087006075206398}. Best is trial 0 with value: 0.0.
[I 2025-05-05 04:25:28,827] A new study created in memory with name: LightGBM_MIP_outer5
[I 2025-05-05 04:25:29,159] Trial 0 finished with value: 0.0 and parameters: {'num_leaves': 9, 'lambda_l1': 1.1951423228508886e-07, 'lambda_l2': 3.762609299614104e-05, 'learning_rate': 0.014186062594303848}. Best is trial 0 with value: 0.0.
[I 2025-05-05 04:25:29,407] Trial 1 finished with value: 0.0 and parameters: {'num_leaves': 5, 'lambda_l1': 0.00015492169513998266, 'lambda_l2': 9.044923953003884e-07, 'learning_rate': 0.03148079328336421}. Best is trial 0 with value: 0.0.
[I 2025-05-05 04:25:29,805] Trial 2 finished with value: 0.0 and parameters: {'num_leaves': 1012, 'lambda_l1': 0.046581676513173485, 'lambda_l2': 3.333684776611019e-08, 'learning_rate': 0.14653329946701274}. Best is trial 0 with value: 0.0.
[I 2025-05-05 04:25:30,063] Trial 3 finished with value: 0.0 and parameters: {'num_leaves': 5, 'lambda_l1': 0.00010274323720762393, 'lambda_l2': 7.62175367796441e-08, 'learning_rate': 0.02853141497473863}. Best is trial 0 with value: 0.0.
[I 2025-05-05 04:25:30,426] Trial 4 finished with value: 0.0 and parameters: {'num_leaves': 19, 'lambda_l1': 0.004367506434640253, 'lambda_l2': 0.3787864223023876, 'learning_rate': 0.059687660671280396}. Best is trial 0 with value: 0.0.
Traceback (most recent call last):
  File "train.py", line 1194, in <module>
    main(arguments)
  File "train.py", line 1065, in main
    agg_scorer, avg_train_time, avg_test_time = nested_cross_validation(
  File "train.py", line 707, in nested_cross_validation
    best_hp_idx = best_loss_dict.index(min(best_loss_dict))
ValueError: min() arg is an empty sequence
srun: error: stud-000: task 0: Exited with exit code 1
