[I 2025-05-03 23:04:37,382] A new study created in memory with name: LightGBM_SAT11_outer1
[I 2025-05-03 23:04:38,331] Trial 0 finished with value: 0.0 and parameters: {'num_leaves': 563, 'lambda_l1': 0.014192976891286844, 'lambda_l2': 7.282356470549401, 'learning_rate': 0.13345695683033387}. Best is trial 0 with value: 0.0.
[I 2025-05-03 23:04:38,618] Trial 1 finished with value: 0.0 and parameters: {'num_leaves': 39, 'lambda_l1': 2.5929454674367407, 'lambda_l2': 0.00017782276190164215, 'learning_rate': 0.16852751312109604}. Best is trial 0 with value: 0.0.
[I 2025-05-03 23:04:39,938] Trial 2 finished with value: 0.0 and parameters: {'num_leaves': 3972, 'lambda_l1': 1.2620762541967494e-07, 'lambda_l2': 2.0041571616745427e-07, 'learning_rate': 0.0421133839816548}. Best is trial 0 with value: 0.0.
[I 2025-05-03 23:04:40,611] Trial 3 finished with value: 0.0 and parameters: {'num_leaves': 273, 'lambda_l1': 0.04751409492345861, 'lambda_l2': 0.01231178623937963, 'learning_rate': 0.013864235883044237}. Best is trial 0 with value: 0.0.
[I 2025-05-03 23:04:41,217] Trial 4 finished with value: 0.0 and parameters: {'num_leaves': 216, 'lambda_l1': 0.00047881348630793324, 'lambda_l2': 2.9316060005096684e-07, 'learning_rate': 0.04954408813667686}. Best is trial 0 with value: 0.0.
[I 2025-05-03 23:04:41,383] A new study created in memory with name: LightGBM_SAT11_outer2
[I 2025-05-03 23:04:42,242] Trial 0 finished with value: 0.0 and parameters: {'num_leaves': 3080, 'lambda_l1': 0.0007022855143957084, 'lambda_l2': 4.760538550124501, 'learning_rate': 0.143398998859275}. Best is trial 0 with value: 0.0.
[I 2025-05-03 23:04:42,482] Trial 1 finished with value: 0.0 and parameters: {'num_leaves': 2, 'lambda_l1': 4.861077146566037e-06, 'lambda_l2': 8.217319969970112e-08, 'learning_rate': 0.05414521341148165}. Best is trial 0 with value: 0.0.
[I 2025-05-03 23:04:42,843] Trial 2 finished with value: 0.0 and parameters: {'num_leaves': 5, 'lambda_l1': 0.0052924291470136595, 'lambda_l2': 8.300422236306844e-06, 'learning_rate': 0.016534828819511595}. Best is trial 0 with value: 0.0.
[I 2025-05-03 23:04:43,234] Trial 3 finished with value: 0.0 and parameters: {'num_leaves': 17, 'lambda_l1': 5.351277682215829e-08, 'lambda_l2': 1.6968216301095331, 'learning_rate': 0.2695294505915001}. Best is trial 0 with value: 0.0.
[I 2025-05-03 23:04:43,669] Trial 4 finished with value: 0.0 and parameters: {'num_leaves': 595, 'lambda_l1': 0.001477685323847689, 'lambda_l2': 1.7691590747112685e-06, 'learning_rate': 0.2509089850714525}. Best is trial 0 with value: 0.0.
[I 2025-05-03 23:04:43,844] A new study created in memory with name: LightGBM_SAT11_outer3
[I 2025-05-03 23:04:44,277] Trial 0 finished with value: 0.0 and parameters: {'num_leaves': 95, 'lambda_l1': 0.09619710972189821, 'lambda_l2': 1.6553162041407062e-05, 'learning_rate': 0.09935263985783123}. Best is trial 0 with value: 0.0.
[I 2025-05-03 23:04:44,657] Trial 1 finished with value: 0.0 and parameters: {'num_leaves': 10, 'lambda_l1': 0.007583271327732747, 'lambda_l2': 0.0001072482423688115, 'learning_rate': 0.14715016297208233}. Best is trial 0 with value: 0.0.
[I 2025-05-03 23:04:45,165] Trial 2 finished with value: 0.0 and parameters: {'num_leaves': 23, 'lambda_l1': 0.0028863764089991626, 'lambda_l2': 1.2285332761852354e-07, 'learning_rate': 0.1308566572774873}. Best is trial 0 with value: 0.0.
[I 2025-05-03 23:04:45,528] Trial 3 finished with value: 0.0 and parameters: {'num_leaves': 15, 'lambda_l1': 2.083585902429999e-07, 'lambda_l2': 6.035207708254133e-06, 'learning_rate': 0.2818079468944833}. Best is trial 0 with value: 0.0.
[I 2025-05-03 23:04:46,027] Trial 4 finished with value: 0.0 and parameters: {'num_leaves': 127, 'lambda_l1': 3.6890318807891525e-05, 'lambda_l2': 1.0698300935056522e-07, 'learning_rate': 0.04918464635695516}. Best is trial 0 with value: 0.0.
[I 2025-05-03 23:04:46,170] A new study created in memory with name: LightGBM_SAT11_outer4
[I 2025-05-03 23:04:46,970] Trial 0 finished with value: 0.0 and parameters: {'num_leaves': 2844, 'lambda_l1': 1.8778076168060673e-08, 'lambda_l2': 3.0251707409982864, 'learning_rate': 0.2502445307535278}. Best is trial 0 with value: 0.0.
[I 2025-05-03 23:04:47,542] Trial 1 finished with value: 0.0 and parameters: {'num_leaves': 169, 'lambda_l1': 6.658075995307473e-08, 'lambda_l2': 1.6974671495960147e-07, 'learning_rate': 0.010896325994642688}. Best is trial 0 with value: 0.0.
[I 2025-05-03 23:04:47,798] Trial 2 finished with value: 0.0 and parameters: {'num_leaves': 3, 'lambda_l1': 2.1275008546563793e-07, 'lambda_l2': 1.7115657828580385e-07, 'learning_rate': 0.01993853845292729}. Best is trial 0 with value: 0.0.
[I 2025-05-03 23:04:48,012] Trial 3 finished with value: 0.0 and parameters: {'num_leaves': 19, 'lambda_l1': 7.175577648455831, 'lambda_l2': 7.543850790498665, 'learning_rate': 0.2579897437170079}. Best is trial 0 with value: 0.0.
[I 2025-05-03 23:04:48,560] Trial 4 finished with value: 0.0 and parameters: {'num_leaves': 20, 'lambda_l1': 2.4087533349475984e-08, 'lambda_l2': 1.565430785993093e-07, 'learning_rate': 0.010668284190926598}. Best is trial 0 with value: 0.0.
[I 2025-05-03 23:04:48,724] A new study created in memory with name: LightGBM_SAT11_outer5
[I 2025-05-03 23:04:49,111] Trial 0 finished with value: 0.0 and parameters: {'num_leaves': 63, 'lambda_l1': 0.08946666099360175, 'lambda_l2': 1.0219100519844722, 'learning_rate': 0.28806036312941935}. Best is trial 0 with value: 0.0.
[I 2025-05-03 23:04:49,649] Trial 1 finished with value: 0.0 and parameters: {'num_leaves': 299, 'lambda_l1': 0.027523023457087036, 'lambda_l2': 1.5255446823142386e-06, 'learning_rate': 0.1436821879200591}. Best is trial 0 with value: 0.0.
[I 2025-05-03 23:04:49,948] Trial 2 finished with value: 0.0 and parameters: {'num_leaves': 5, 'lambda_l1': 1.636300844877694e-08, 'lambda_l2': 0.01050685562558059, 'learning_rate': 0.20870990380195617}. Best is trial 0 with value: 0.0.
[I 2025-05-03 23:04:50,772] Trial 3 finished with value: 0.0 and parameters: {'num_leaves': 805, 'lambda_l1': 5.7750795264566396e-08, 'lambda_l2': 1.7025173216169456e-05, 'learning_rate': 0.010773033154413048}. Best is trial 0 with value: 0.0.
[I 2025-05-03 23:04:50,984] Trial 4 finished with value: 0.0 and parameters: {'num_leaves': 2, 'lambda_l1': 1.3751593468161862, 'lambda_l2': 2.4419641598037507, 'learning_rate': 0.022144554828297247}. Best is trial 0 with value: 0.0.
Traceback (most recent call last):
  File "train.py", line 1192, in <module>
    main(arguments)
  File "train.py", line 1063, in main
    agg_scorer, avg_train_time, avg_test_time = nested_cross_validation(
  File "train.py", line 705, in nested_cross_validation
    best_hp_idx = best_loss_dict.index(min(best_loss_dict))
ValueError: min() arg is an empty sequence
srun: error: stud-000: task 0: Exited with exit code 1
[I 2025-05-03 23:04:55,264] A new study created in memory with name: LightGBM_Diamonds_outer1
[I 2025-05-03 23:04:55,392] Trial 0 finished with value: 0.0 and parameters: {'num_leaves': 1727, 'lambda_l1': 3.599636054012822e-05, 'lambda_l2': 0.3792218989496081, 'learning_rate': 0.0601135998583086}. Best is trial 0 with value: 0.0.
[I 2025-05-03 23:04:55,514] Trial 1 finished with value: 0.0 and parameters: {'num_leaves': 93, 'lambda_l1': 3.138976420890088e-05, 'lambda_l2': 2.710683341979886e-05, 'learning_rate': 0.011241122757474076}. Best is trial 0 with value: 0.0.
[I 2025-05-03 23:04:55,635] Trial 2 finished with value: 0.0 and parameters: {'num_leaves': 152, 'lambda_l1': 0.019999137855403325, 'lambda_l2': 0.0015343692537438038, 'learning_rate': 0.11476068970202095}. Best is trial 0 with value: 0.0.
[I 2025-05-03 23:04:55,757] Trial 3 finished with value: 0.0 and parameters: {'num_leaves': 405, 'lambda_l1': 5.484509102925218, 'lambda_l2': 1.2633223523678485e-08, 'learning_rate': 0.03130146708928614}. Best is trial 0 with value: 0.0.
[I 2025-05-03 23:04:55,877] Trial 4 finished with value: 0.0 and parameters: {'num_leaves': 3220, 'lambda_l1': 0.037586428118432776, 'lambda_l2': 1.566273073843247e-07, 'learning_rate': 0.0960760241640813}. Best is trial 0 with value: 0.0.
[I 2025-05-03 23:04:55,908] A new study created in memory with name: LightGBM_Diamonds_outer2
[I 2025-05-03 23:04:56,031] Trial 0 finished with value: 0.0 and parameters: {'num_leaves': 231, 'lambda_l1': 1.0552771958142686e-07, 'lambda_l2': 1.72120439472779e-06, 'learning_rate': 0.010091835868921284}. Best is trial 0 with value: 0.0.
[I 2025-05-03 23:04:56,157] Trial 1 finished with value: 0.0 and parameters: {'num_leaves': 1658, 'lambda_l1': 1.6672979220331754, 'lambda_l2': 5.52441632544491e-07, 'learning_rate': 0.012936874931929096}. Best is trial 0 with value: 0.0.
[I 2025-05-03 23:04:56,277] Trial 2 finished with value: 0.0 and parameters: {'num_leaves': 2, 'lambda_l1': 0.0002355518340408683, 'lambda_l2': 0.05435525978318517, 'learning_rate': 0.01654010398168957}. Best is trial 0 with value: 0.0.
[I 2025-05-03 23:04:56,396] Trial 3 finished with value: 0.0 and parameters: {'num_leaves': 6, 'lambda_l1': 4.724839985024807e-05, 'lambda_l2': 0.006714706999984375, 'learning_rate': 0.1553335470215665}. Best is trial 0 with value: 0.0.
[I 2025-05-03 23:04:56,512] Trial 4 finished with value: 0.0 and parameters: {'num_leaves': 152, 'lambda_l1': 0.007404009772173227, 'lambda_l2': 7.340880781864322e-06, 'learning_rate': 0.10000586549255852}. Best is trial 0 with value: 0.0.
[I 2025-05-03 23:04:56,542] A new study created in memory with name: LightGBM_Diamonds_outer3
[I 2025-05-03 23:04:56,659] Trial 0 finished with value: 0.0 and parameters: {'num_leaves': 32, 'lambda_l1': 0.8953599384635947, 'lambda_l2': 5.72575331489859e-07, 'learning_rate': 0.021785364862464886}. Best is trial 0 with value: 0.0.
[I 2025-05-03 23:04:56,783] Trial 1 finished with value: 0.0 and parameters: {'num_leaves': 926, 'lambda_l1': 0.00011607850865477329, 'lambda_l2': 5.265697599141061, 'learning_rate': 0.08234401795690041}. Best is trial 0 with value: 0.0.
[I 2025-05-03 23:04:56,901] Trial 2 finished with value: 0.0 and parameters: {'num_leaves': 42, 'lambda_l1': 0.05610159358734516, 'lambda_l2': 3.98402413492155e-05, 'learning_rate': 0.17293103185541336}. Best is trial 0 with value: 0.0.
[I 2025-05-03 23:04:57,017] Trial 3 finished with value: 0.0 and parameters: {'num_leaves': 10, 'lambda_l1': 1.2998152146661597, 'lambda_l2': 3.504369276284762e-07, 'learning_rate': 0.1599345303292309}. Best is trial 0 with value: 0.0.
[I 2025-05-03 23:04:57,134] Trial 4 finished with value: 0.0 and parameters: {'num_leaves': 16, 'lambda_l1': 4.7954937435694225e-08, 'lambda_l2': 2.85954601117338e-05, 'learning_rate': 0.122581145707019}. Best is trial 0 with value: 0.0.
[I 2025-05-03 23:04:57,162] A new study created in memory with name: LightGBM_Diamonds_outer4
[I 2025-05-03 23:04:57,280] Trial 0 finished with value: 0.0 and parameters: {'num_leaves': 193, 'lambda_l1': 0.013998521559823564, 'lambda_l2': 8.884811906250576e-08, 'learning_rate': 0.06138745166981318}. Best is trial 0 with value: 0.0.
[I 2025-05-03 23:04:57,429] Trial 1 finished with value: 0.0 and parameters: {'num_leaves': 34, 'lambda_l1': 4.64029004139525, 'lambda_l2': 2.8138682125673073e-06, 'learning_rate': 0.012586509518781725}. Best is trial 0 with value: 0.0.
[I 2025-05-03 23:04:57,602] Trial 2 finished with value: 0.0 and parameters: {'num_leaves': 233, 'lambda_l1': 4.889702902006679e-06, 'lambda_l2': 0.00011782390197269063, 'learning_rate': 0.03551655781416817}. Best is trial 0 with value: 0.0.
[I 2025-05-03 23:04:57,727] Trial 3 finished with value: 0.0 and parameters: {'num_leaves': 395, 'lambda_l1': 0.07168382558871889, 'lambda_l2': 7.65960546761041e-08, 'learning_rate': 0.011816827474750161}. Best is trial 0 with value: 0.0.
[I 2025-05-03 23:04:57,844] Trial 4 finished with value: 0.0 and parameters: {'num_leaves': 283, 'lambda_l1': 2.3093464679719726e-08, 'lambda_l2': 0.00015996633170094294, 'learning_rate': 0.26911365222833145}. Best is trial 0 with value: 0.0.
[I 2025-05-03 23:04:57,874] A new study created in memory with name: LightGBM_Diamonds_outer5
[I 2025-05-03 23:04:57,993] Trial 0 finished with value: 0.0 and parameters: {'num_leaves': 3937, 'lambda_l1': 9.864432014121721, 'lambda_l2': 0.0003385996372055594, 'learning_rate': 0.2143347709330048}. Best is trial 0 with value: 0.0.
[I 2025-05-03 23:04:58,109] Trial 1 finished with value: 0.0 and parameters: {'num_leaves': 2018, 'lambda_l1': 1.1124215098315897, 'lambda_l2': 3.833312068893042e-07, 'learning_rate': 0.2653254127623631}. Best is trial 0 with value: 0.0.
[I 2025-05-03 23:04:58,229] Trial 2 finished with value: 0.0 and parameters: {'num_leaves': 5, 'lambda_l1': 6.164154011941665e-08, 'lambda_l2': 9.256462523835223e-05, 'learning_rate': 0.1877242665624734}. Best is trial 0 with value: 0.0.
[I 2025-05-03 23:04:58,350] Trial 3 finished with value: 0.0 and parameters: {'num_leaves': 9, 'lambda_l1': 0.03862550241754181, 'lambda_l2': 1.5864700016852366e-06, 'learning_rate': 0.02479685802558662}. Best is trial 0 with value: 0.0.
[I 2025-05-03 23:04:58,468] Trial 4 finished with value: 0.0 and parameters: {'num_leaves': 2, 'lambda_l1': 5.379765796221818e-08, 'lambda_l2': 4.4326409992654574e-07, 'learning_rate': 0.022685996685821955}. Best is trial 0 with value: 0.0.
Traceback (most recent call last):
  File "train.py", line 1192, in <module>
    main(arguments)
  File "train.py", line 1063, in main
    agg_scorer, avg_train_time, avg_test_time = nested_cross_validation(
  File "train.py", line 705, in nested_cross_validation
    best_hp_idx = best_loss_dict.index(min(best_loss_dict))
ValueError: min() arg is an empty sequence
srun: error: stud-000: task 0: Exited with exit code 1
[I 2025-05-03 23:05:05,484] A new study created in memory with name: LightGBM_House_Prices_Nominal_outer1
[I 2025-05-03 23:05:05,499] Trial 0 finished with value: 0.0 and parameters: {'num_leaves': 12, 'lambda_l1': 7.484719035680387e-07, 'lambda_l2': 0.0062753157908289345, 'learning_rate': 0.010412709512003166}. Best is trial 0 with value: 0.0.
[I 2025-05-03 23:05:05,513] Trial 1 finished with value: 0.0 and parameters: {'num_leaves': 22, 'lambda_l1': 2.44723653593903e-05, 'lambda_l2': 9.239768009693971e-08, 'learning_rate': 0.03485879330822015}. Best is trial 0 with value: 0.0.
[I 2025-05-03 23:05:05,526] Trial 2 finished with value: 0.0 and parameters: {'num_leaves': 6, 'lambda_l1': 1.7403575119404414e-06, 'lambda_l2': 0.18732719967150166, 'learning_rate': 0.016834127105753428}. Best is trial 0 with value: 0.0.
[I 2025-05-03 23:05:05,539] Trial 3 finished with value: 0.0 and parameters: {'num_leaves': 6, 'lambda_l1': 0.02549540834804666, 'lambda_l2': 3.10928586248147e-07, 'learning_rate': 0.010542128370375424}. Best is trial 0 with value: 0.0.
[I 2025-05-03 23:05:05,552] Trial 4 finished with value: 0.0 and parameters: {'num_leaves': 377, 'lambda_l1': 3.6705023000447e-08, 'lambda_l2': 1.1277036606603696e-08, 'learning_rate': 0.0534876158422037}. Best is trial 0 with value: 0.0.
[I 2025-05-03 23:05:05,555] A new study created in memory with name: LightGBM_House_Prices_Nominal_outer2
[I 2025-05-03 23:05:05,566] Trial 0 finished with value: 0.0 and parameters: {'num_leaves': 147, 'lambda_l1': 0.00015992332291048768, 'lambda_l2': 2.1636225631297747e-07, 'learning_rate': 0.09107258346954246}. Best is trial 0 with value: 0.0.
[I 2025-05-03 23:05:05,576] Trial 1 finished with value: 0.0 and parameters: {'num_leaves': 947, 'lambda_l1': 5.093802961555756e-07, 'lambda_l2': 0.004326780075959321, 'learning_rate': 0.06293205131057075}. Best is trial 0 with value: 0.0.
[I 2025-05-03 23:05:05,588] Trial 2 finished with value: 0.0 and parameters: {'num_leaves': 34, 'lambda_l1': 0.17667150205485216, 'lambda_l2': 8.057461196811744, 'learning_rate': 0.027806964885376192}. Best is trial 0 with value: 0.0.
[I 2025-05-03 23:05:05,598] Trial 3 finished with value: 0.0 and parameters: {'num_leaves': 266, 'lambda_l1': 2.6540157683782003e-08, 'lambda_l2': 0.00017042560175386192, 'learning_rate': 0.21818632941678687}. Best is trial 0 with value: 0.0.
[I 2025-05-03 23:05:05,608] Trial 4 finished with value: 0.0 and parameters: {'num_leaves': 12, 'lambda_l1': 0.05931196046160139, 'lambda_l2': 0.9227686497641725, 'learning_rate': 0.032547841730916745}. Best is trial 0 with value: 0.0.
[I 2025-05-03 23:05:05,612] A new study created in memory with name: LightGBM_House_Prices_Nominal_outer3
[I 2025-05-03 23:05:05,626] Trial 0 finished with value: 0.0 and parameters: {'num_leaves': 21, 'lambda_l1': 3.0313034705665434, 'lambda_l2': 0.0047263294335056025, 'learning_rate': 0.046193829004223405}. Best is trial 0 with value: 0.0.
[I 2025-05-03 23:05:05,640] Trial 1 finished with value: 0.0 and parameters: {'num_leaves': 2, 'lambda_l1': 0.00035431420747536983, 'lambda_l2': 5.660900502553788e-05, 'learning_rate': 0.05975527140022608}. Best is trial 0 with value: 0.0.
[I 2025-05-03 23:05:05,654] Trial 2 finished with value: 0.0 and parameters: {'num_leaves': 401, 'lambda_l1': 5.0215113438567676e-08, 'lambda_l2': 1.0129505916800937e-07, 'learning_rate': 0.10456973820332705}. Best is trial 0 with value: 0.0.
[I 2025-05-03 23:05:05,668] Trial 3 finished with value: 0.0 and parameters: {'num_leaves': 5, 'lambda_l1': 0.8788479911186845, 'lambda_l2': 3.5480869508541667e-07, 'learning_rate': 0.060836413481968755}. Best is trial 0 with value: 0.0.
[I 2025-05-03 23:05:05,682] Trial 4 finished with value: 0.0 and parameters: {'num_leaves': 1959, 'lambda_l1': 0.0034783700075646743, 'lambda_l2': 0.17695740958083278, 'learning_rate': 0.023386204715823075}. Best is trial 0 with value: 0.0.
[I 2025-05-03 23:05:05,684] A new study created in memory with name: LightGBM_House_Prices_Nominal_outer4
[I 2025-05-03 23:05:05,699] Trial 0 finished with value: 0.0 and parameters: {'num_leaves': 263, 'lambda_l1': 3.6738171076177553e-06, 'lambda_l2': 0.0028940590417113484, 'learning_rate': 0.011547332044993338}. Best is trial 0 with value: 0.0.
[I 2025-05-03 23:05:05,713] Trial 1 finished with value: 0.0 and parameters: {'num_leaves': 24, 'lambda_l1': 1.4658136739451678e-07, 'lambda_l2': 4.6792136120814465e-05, 'learning_rate': 0.03267187628454202}. Best is trial 0 with value: 0.0.
[I 2025-05-03 23:05:05,728] Trial 2 finished with value: 0.0 and parameters: {'num_leaves': 177, 'lambda_l1': 2.5932707236679155e-05, 'lambda_l2': 2.1464025836541095e-08, 'learning_rate': 0.013217227359871325}. Best is trial 0 with value: 0.0.
[I 2025-05-03 23:05:05,743] Trial 3 finished with value: 0.0 and parameters: {'num_leaves': 3, 'lambda_l1': 4.280496240730874e-07, 'lambda_l2': 2.4677954149180703, 'learning_rate': 0.03244300571419275}. Best is trial 0 with value: 0.0.
[I 2025-05-03 23:05:05,757] Trial 4 finished with value: 0.0 and parameters: {'num_leaves': 1192, 'lambda_l1': 0.049249940720365995, 'lambda_l2': 7.335099601809107e-08, 'learning_rate': 0.01736344124559754}. Best is trial 0 with value: 0.0.
[I 2025-05-03 23:05:05,761] A new study created in memory with name: LightGBM_House_Prices_Nominal_outer5
[I 2025-05-03 23:05:05,774] Trial 0 finished with value: 0.0 and parameters: {'num_leaves': 172, 'lambda_l1': 1.2221709968772182e-06, 'lambda_l2': 8.852369075726147e-07, 'learning_rate': 0.11385654534793951}. Best is trial 0 with value: 0.0.
[I 2025-05-03 23:05:05,787] Trial 1 finished with value: 0.0 and parameters: {'num_leaves': 34, 'lambda_l1': 0.0006013728858514003, 'lambda_l2': 4.284751231317472e-08, 'learning_rate': 0.2427819861479206}. Best is trial 0 with value: 0.0.
[I 2025-05-03 23:05:05,799] Trial 2 finished with value: 0.0 and parameters: {'num_leaves': 19, 'lambda_l1': 5.733377673601934e-06, 'lambda_l2': 3.740234230782866e-07, 'learning_rate': 0.06057793653897225}. Best is trial 0 with value: 0.0.
[I 2025-05-03 23:05:05,812] Trial 3 finished with value: 0.0 and parameters: {'num_leaves': 6, 'lambda_l1': 0.00115825425743032, 'lambda_l2': 1.2998680525189437e-05, 'learning_rate': 0.09160252435399308}. Best is trial 0 with value: 0.0.
[I 2025-05-03 23:05:05,824] Trial 4 finished with value: 0.0 and parameters: {'num_leaves': 55, 'lambda_l1': 0.0025122191169218407, 'lambda_l2': 0.00012156672716814964, 'learning_rate': 0.18667509534335064}. Best is trial 0 with value: 0.0.
Traceback (most recent call last):
  File "train.py", line 1192, in <module>
    main(arguments)
  File "train.py", line 1063, in main
    agg_scorer, avg_train_time, avg_test_time = nested_cross_validation(
  File "train.py", line 705, in nested_cross_validation
    best_hp_idx = best_loss_dict.index(min(best_loss_dict))
ValueError: min() arg is an empty sequence
srun: error: stud-000: task 0: Exited with exit code 1
[I 2025-05-03 23:05:11,242] A new study created in memory with name: LightGBM_Mercedes_Benz_outer1
[I 2025-05-03 23:05:11,265] Trial 0 finished with value: 0.0 and parameters: {'num_leaves': 3, 'lambda_l1': 1.5961589446565099, 'lambda_l2': 2.732686492662425e-08, 'learning_rate': 0.03958215156094733}. Best is trial 0 with value: 0.0.
[I 2025-05-03 23:05:11,280] Trial 1 finished with value: 0.0 and parameters: {'num_leaves': 2023, 'lambda_l1': 2.4102351746101346e-05, 'lambda_l2': 0.00021012086685707194, 'learning_rate': 0.038601723768216877}. Best is trial 0 with value: 0.0.
[I 2025-05-03 23:05:11,294] Trial 2 finished with value: 0.0 and parameters: {'num_leaves': 19, 'lambda_l1': 0.0003152041608300805, 'lambda_l2': 3.2819953363845515e-05, 'learning_rate': 0.11050418928695768}. Best is trial 0 with value: 0.0.
[I 2025-05-03 23:05:11,309] Trial 3 finished with value: 0.0 and parameters: {'num_leaves': 2, 'lambda_l1': 0.10629721710340526, 'lambda_l2': 0.0009385948313505412, 'learning_rate': 0.049722302449928465}. Best is trial 0 with value: 0.0.
[I 2025-05-03 23:05:11,323] Trial 4 finished with value: 0.0 and parameters: {'num_leaves': 910, 'lambda_l1': 0.0023649189922232625, 'lambda_l2': 1.145899787292796e-07, 'learning_rate': 0.024041102586120976}. Best is trial 0 with value: 0.0.
[I 2025-05-03 23:05:11,326] A new study created in memory with name: LightGBM_Mercedes_Benz_outer2
[I 2025-05-03 23:05:11,346] Trial 0 finished with value: 0.0 and parameters: {'num_leaves': 2, 'lambda_l1': 0.02121397372166445, 'lambda_l2': 0.01504305032679825, 'learning_rate': 0.26538129462962096}. Best is trial 0 with value: 0.0.
[I 2025-05-03 23:05:11,362] Trial 1 finished with value: 0.0 and parameters: {'num_leaves': 3101, 'lambda_l1': 4.908200298454782e-08, 'lambda_l2': 0.305837371180116, 'learning_rate': 0.018607495614511707}. Best is trial 0 with value: 0.0.
[I 2025-05-03 23:05:11,377] Trial 2 finished with value: 0.0 and parameters: {'num_leaves': 112, 'lambda_l1': 0.7496215829135772, 'lambda_l2': 5.6486354910631934e-08, 'learning_rate': 0.036972773187065516}. Best is trial 0 with value: 0.0.
[I 2025-05-03 23:05:11,394] Trial 3 finished with value: 0.0 and parameters: {'num_leaves': 1767, 'lambda_l1': 0.025620043213531958, 'lambda_l2': 0.3453677905797905, 'learning_rate': 0.0669339138979962}. Best is trial 0 with value: 0.0.
[I 2025-05-03 23:05:11,410] Trial 4 finished with value: 0.0 and parameters: {'num_leaves': 26, 'lambda_l1': 0.3320392781566256, 'lambda_l2': 0.9470720526682658, 'learning_rate': 0.01151972576571292}. Best is trial 0 with value: 0.0.
[I 2025-05-03 23:05:11,412] A new study created in memory with name: LightGBM_Mercedes_Benz_outer3
[I 2025-05-03 23:05:11,431] Trial 0 finished with value: 0.0 and parameters: {'num_leaves': 19, 'lambda_l1': 0.0800524147043738, 'lambda_l2': 0.45778225622015245, 'learning_rate': 0.043446001624945906}. Best is trial 0 with value: 0.0.
[I 2025-05-03 23:05:11,446] Trial 1 finished with value: 0.0 and parameters: {'num_leaves': 556, 'lambda_l1': 0.021010241527480513, 'lambda_l2': 4.5150904869794214e-06, 'learning_rate': 0.1044263465985862}. Best is trial 0 with value: 0.0.
[I 2025-05-03 23:05:11,462] Trial 2 finished with value: 0.0 and parameters: {'num_leaves': 49, 'lambda_l1': 4.755462705552835, 'lambda_l2': 6.155344696641818, 'learning_rate': 0.0647803265514495}. Best is trial 0 with value: 0.0.
[I 2025-05-03 23:05:11,479] Trial 3 finished with value: 0.0 and parameters: {'num_leaves': 11, 'lambda_l1': 5.276923961981398, 'lambda_l2': 2.4182966054840764, 'learning_rate': 0.033016958610572314}. Best is trial 0 with value: 0.0.
[I 2025-05-03 23:05:11,495] Trial 4 finished with value: 0.0 and parameters: {'num_leaves': 104, 'lambda_l1': 0.44621070003771574, 'lambda_l2': 4.789278411059144e-06, 'learning_rate': 0.014205236713207146}. Best is trial 0 with value: 0.0.
[I 2025-05-03 23:05:12,111] A new study created in memory with name: LightGBM_Mercedes_Benz_outer4
[I 2025-05-03 23:05:12,132] Trial 0 finished with value: 0.0 and parameters: {'num_leaves': 6, 'lambda_l1': 0.010603851569698654, 'lambda_l2': 0.02590623247071607, 'learning_rate': 0.24588138016589026}. Best is trial 0 with value: 0.0.
[I 2025-05-03 23:05:12,147] Trial 1 finished with value: 0.0 and parameters: {'num_leaves': 9, 'lambda_l1': 1.31444746317583e-05, 'lambda_l2': 0.002480657353082097, 'learning_rate': 0.2668774078282771}. Best is trial 0 with value: 0.0.
[I 2025-05-03 23:05:12,163] Trial 2 finished with value: 0.0 and parameters: {'num_leaves': 859, 'lambda_l1': 0.0016874035210607385, 'lambda_l2': 2.954452946595111e-07, 'learning_rate': 0.19934256125529065}. Best is trial 0 with value: 0.0.
[I 2025-05-03 23:05:12,178] Trial 3 finished with value: 0.0 and parameters: {'num_leaves': 186, 'lambda_l1': 9.094090396290195e-06, 'lambda_l2': 3.4212388299567048e-06, 'learning_rate': 0.013208212114340848}. Best is trial 0 with value: 0.0.
[I 2025-05-03 23:05:12,194] Trial 4 finished with value: 0.0 and parameters: {'num_leaves': 7, 'lambda_l1': 2.549941434292861e-08, 'lambda_l2': 3.910342010310647e-05, 'learning_rate': 0.014408194655026215}. Best is trial 0 with value: 0.0.
[I 2025-05-03 23:05:12,197] A new study created in memory with name: LightGBM_Mercedes_Benz_outer5
[I 2025-05-03 23:05:12,409] Trial 0 finished with value: 0.0 and parameters: {'num_leaves': 5, 'lambda_l1': 6.882058411227643e-08, 'lambda_l2': 0.018148223500009324, 'learning_rate': 0.01712652379955851}. Best is trial 0 with value: 0.0.
[I 2025-05-03 23:05:12,628] Trial 1 finished with value: 0.0 and parameters: {'num_leaves': 34, 'lambda_l1': 0.02019363170911473, 'lambda_l2': 0.007807571877323668, 'learning_rate': 0.14132080170608718}. Best is trial 0 with value: 0.0.
[I 2025-05-03 23:05:12,927] Trial 2 finished with value: 0.0 and parameters: {'num_leaves': 124, 'lambda_l1': 0.0001079940311440745, 'lambda_l2': 0.018389459624860587, 'learning_rate': 0.015030382138383966}. Best is trial 0 with value: 0.0.
[I 2025-05-03 23:05:13,232] Trial 3 finished with value: 0.0 and parameters: {'num_leaves': 706, 'lambda_l1': 6.552580939778569e-08, 'lambda_l2': 5.594592976912938e-05, 'learning_rate': 0.015282990713768619}. Best is trial 0 with value: 0.0.
[I 2025-05-03 23:05:13,444] Trial 4 finished with value: 0.0 and parameters: {'num_leaves': 89, 'lambda_l1': 0.6503891633623978, 'lambda_l2': 1.5794325012341613e-06, 'learning_rate': 0.23965789993400127}. Best is trial 0 with value: 0.0.
Traceback (most recent call last):
  File "train.py", line 1192, in <module>
    main(arguments)
  File "train.py", line 1063, in main
    agg_scorer, avg_train_time, avg_test_time = nested_cross_validation(
  File "train.py", line 705, in nested_cross_validation
    best_hp_idx = best_loss_dict.index(min(best_loss_dict))
ValueError: min() arg is an empty sequence
srun: error: stud-000: task 0: Exited with exit code 1
[I 2025-05-03 23:05:29,516] A new study created in memory with name: LightGBM_Allstate_Claims_outer1
[I 2025-05-03 23:05:37,605] Trial 0 finished with value: 0.0 and parameters: {'num_leaves': 255, 'lambda_l1': 0.0009054698993804899, 'lambda_l2': 7.887464198738688e-05, 'learning_rate': 0.039183682389002716}. Best is trial 0 with value: 0.0.
[I 2025-05-03 23:05:45,798] Trial 1 finished with value: 0.0 and parameters: {'num_leaves': 5, 'lambda_l1': 9.57932630771595, 'lambda_l2': 7.514562347411922, 'learning_rate': 0.022164004744965396}. Best is trial 0 with value: 0.0.
[I 2025-05-03 23:05:53,253] Trial 2 finished with value: 0.0 and parameters: {'num_leaves': 3, 'lambda_l1': 1.4244296309336761e-06, 'lambda_l2': 0.001132622980315238, 'learning_rate': 0.1874401581143259}. Best is trial 0 with value: 0.0.
[I 2025-05-03 23:06:00,722] Trial 3 finished with value: 0.0 and parameters: {'num_leaves': 29, 'lambda_l1': 1.4262044884593485e-07, 'lambda_l2': 0.008897230859817805, 'learning_rate': 0.06893413429764793}. Best is trial 0 with value: 0.0.
[I 2025-05-03 23:06:08,179] Trial 4 finished with value: 0.0 and parameters: {'num_leaves': 2, 'lambda_l1': 0.004859455345729075, 'lambda_l2': 0.00017996752972260222, 'learning_rate': 0.016359643211173957}. Best is trial 0 with value: 0.0.
[I 2025-05-03 23:06:10,463] A new study created in memory with name: LightGBM_Allstate_Claims_outer2
[I 2025-05-03 23:06:18,456] Trial 0 finished with value: 0.0 and parameters: {'num_leaves': 2067, 'lambda_l1': 4.2827898214183124e-06, 'lambda_l2': 0.5003801082308346, 'learning_rate': 0.022880861004199667}. Best is trial 0 with value: 0.0.
[I 2025-05-03 23:06:26,226] Trial 1 finished with value: 0.0 and parameters: {'num_leaves': 51, 'lambda_l1': 0.0019290701588115932, 'lambda_l2': 2.529377217013995e-08, 'learning_rate': 0.03312190653626211}. Best is trial 0 with value: 0.0.
[I 2025-05-03 23:06:33,823] Trial 2 finished with value: 0.0 and parameters: {'num_leaves': 250, 'lambda_l1': 0.011347963558688764, 'lambda_l2': 0.05060968476489586, 'learning_rate': 0.039742155140742856}. Best is trial 0 with value: 0.0.
[I 2025-05-03 23:06:41,406] Trial 3 finished with value: 0.0 and parameters: {'num_leaves': 227, 'lambda_l1': 4.286926694512684, 'lambda_l2': 0.02393294812532679, 'learning_rate': 0.19027868049836738}. Best is trial 0 with value: 0.0.
[I 2025-05-03 23:06:49,033] Trial 4 finished with value: 0.0 and parameters: {'num_leaves': 3551, 'lambda_l1': 0.00028230636610568984, 'lambda_l2': 3.407385533845356e-07, 'learning_rate': 0.08046233784215029}. Best is trial 0 with value: 0.0.
[I 2025-05-03 23:06:51,040] A new study created in memory with name: LightGBM_Allstate_Claims_outer3
[I 2025-05-03 23:06:59,265] Trial 0 finished with value: 0.0 and parameters: {'num_leaves': 3, 'lambda_l1': 0.02396436045721874, 'lambda_l2': 5.049098824389866e-06, 'learning_rate': 0.050213678211698344}. Best is trial 0 with value: 0.0.
[I 2025-05-03 23:07:07,104] Trial 1 finished with value: 0.0 and parameters: {'num_leaves': 1032, 'lambda_l1': 5.10563593378724e-05, 'lambda_l2': 1.027454306457758e-05, 'learning_rate': 0.02562561017997678}. Best is trial 0 with value: 0.0.
[I 2025-05-03 23:07:14,608] Trial 2 finished with value: 0.0 and parameters: {'num_leaves': 3, 'lambda_l1': 2.4734295440150965e-05, 'lambda_l2': 0.0033824819217970706, 'learning_rate': 0.09257178730220922}. Best is trial 0 with value: 0.0.
[I 2025-05-03 23:07:22,091] Trial 3 finished with value: 0.0 and parameters: {'num_leaves': 99, 'lambda_l1': 0.00018931383862123697, 'lambda_l2': 2.5212681689160174e-08, 'learning_rate': 0.01111977185413875}. Best is trial 0 with value: 0.0.
[I 2025-05-03 23:07:29,787] Trial 4 finished with value: 0.0 and parameters: {'num_leaves': 2, 'lambda_l1': 0.006498809957574951, 'lambda_l2': 2.25435595201125e-08, 'learning_rate': 0.260365636675006}. Best is trial 0 with value: 0.0.
[I 2025-05-03 23:07:31,685] A new study created in memory with name: LightGBM_Allstate_Claims_outer4
[I 2025-05-03 23:07:39,751] Trial 0 finished with value: 0.0 and parameters: {'num_leaves': 28, 'lambda_l1': 0.017339884432835552, 'lambda_l2': 5.645510600674284, 'learning_rate': 0.20582575922333893}. Best is trial 0 with value: 0.0.
[I 2025-05-03 23:07:47,455] Trial 1 finished with value: 0.0 and parameters: {'num_leaves': 905, 'lambda_l1': 1.887665150513171e-07, 'lambda_l2': 0.0014241756862420104, 'learning_rate': 0.14163785294428397}. Best is trial 0 with value: 0.0.
[I 2025-05-03 23:07:55,130] Trial 2 finished with value: 0.0 and parameters: {'num_leaves': 892, 'lambda_l1': 0.03834954794454789, 'lambda_l2': 0.04793156092451263, 'learning_rate': 0.2575124816008718}. Best is trial 0 with value: 0.0.
[I 2025-05-03 23:08:02,796] Trial 3 finished with value: 0.0 and parameters: {'num_leaves': 4, 'lambda_l1': 6.063517731669493, 'lambda_l2': 0.9300510742686375, 'learning_rate': 0.21911677811303176}. Best is trial 0 with value: 0.0.
[I 2025-05-03 23:08:10,856] Trial 4 finished with value: 0.0 and parameters: {'num_leaves': 32, 'lambda_l1': 3.421528975555392e-07, 'lambda_l2': 0.26053350129461716, 'learning_rate': 0.034816722262232654}. Best is trial 0 with value: 0.0.
[I 2025-05-03 23:08:12,804] A new study created in memory with name: LightGBM_Allstate_Claims_outer5
[I 2025-05-03 23:08:20,728] Trial 0 finished with value: 0.0 and parameters: {'num_leaves': 1374, 'lambda_l1': 8.807714065681311e-07, 'lambda_l2': 1.926717206860237e-08, 'learning_rate': 0.02060528453244511}. Best is trial 0 with value: 0.0.
[I 2025-05-03 23:08:28,327] Trial 1 finished with value: 0.0 and parameters: {'num_leaves': 54, 'lambda_l1': 1.033308054147933e-06, 'lambda_l2': 0.00020936361943383477, 'learning_rate': 0.2826037644684243}. Best is trial 0 with value: 0.0.
[I 2025-05-03 23:08:35,950] Trial 2 finished with value: 0.0 and parameters: {'num_leaves': 679, 'lambda_l1': 0.008661024071596319, 'lambda_l2': 2.168862470954667e-07, 'learning_rate': 0.22401163039776104}. Best is trial 0 with value: 0.0.
[I 2025-05-03 23:08:43,671] Trial 3 finished with value: 0.0 and parameters: {'num_leaves': 7, 'lambda_l1': 1.717073501170821e-05, 'lambda_l2': 0.0014895630584519138, 'learning_rate': 0.1334343831327211}. Best is trial 0 with value: 0.0.
[I 2025-05-03 23:08:51,190] Trial 4 finished with value: 0.0 and parameters: {'num_leaves': 110, 'lambda_l1': 1.0392065965031358e-07, 'lambda_l2': 2.609154017149019, 'learning_rate': 0.13431214111389092}. Best is trial 0 with value: 0.0.
Traceback (most recent call last):
  File "train.py", line 1192, in <module>
    main(arguments)
  File "train.py", line 1063, in main
    agg_scorer, avg_train_time, avg_test_time = nested_cross_validation(
  File "train.py", line 705, in nested_cross_validation
    best_hp_idx = best_loss_dict.index(min(best_loss_dict))
ValueError: min() arg is an empty sequence
srun: error: stud-000: task 0: Exited with exit code 1
