[I 2025-05-03 23:02:05,947] A new study created in memory with name: LightGBM_Boston_outer1
[I 2025-05-03 23:02:06,091] Trial 0 finished with value: 0.0 and parameters: {'num_leaves': 127, 'lambda_l1': 4.265744427751692e-05, 'lambda_l2': 2.3114336539018382e-07, 'learning_rate': 0.11110852317715676}. Best is trial 0 with value: 0.0.
[I 2025-05-03 23:02:06,224] Trial 1 finished with value: 0.0 and parameters: {'num_leaves': 199, 'lambda_l1': 0.0020368031505527133, 'lambda_l2': 1.220886593826323, 'learning_rate': 0.015396703996100635}. Best is trial 0 with value: 0.0.
[I 2025-05-03 23:02:06,317] Trial 2 finished with value: 0.0 and parameters: {'num_leaves': 2, 'lambda_l1': 9.12623562854449e-05, 'lambda_l2': 6.301294717904436e-08, 'learning_rate': 0.07678122163443442}. Best is trial 0 with value: 0.0.
[I 2025-05-03 23:02:06,558] Trial 3 finished with value: 0.0 and parameters: {'num_leaves': 3331, 'lambda_l1': 0.043858056716586324, 'lambda_l2': 0.0009180321358480421, 'learning_rate': 0.025055420044410314}. Best is trial 0 with value: 0.0.
[I 2025-05-03 23:02:06,691] Trial 4 finished with value: 0.0 and parameters: {'num_leaves': 473, 'lambda_l1': 0.07777031675135555, 'lambda_l2': 1.234152755507575e-07, 'learning_rate': 0.01646532878215195}. Best is trial 0 with value: 0.0.
[I 2025-05-03 23:02:06,713] A new study created in memory with name: LightGBM_Boston_outer2
[I 2025-05-03 23:02:06,806] Trial 0 finished with value: 0.0 and parameters: {'num_leaves': 153, 'lambda_l1': 0.008650256669165643, 'lambda_l2': 0.0004251807450192328, 'learning_rate': 0.12144221377550646}. Best is trial 0 with value: 0.0.
[I 2025-05-03 23:02:06,903] Trial 1 finished with value: 0.0 and parameters: {'num_leaves': 44, 'lambda_l1': 2.482858725332525e-05, 'lambda_l2': 1.0571376238865915e-07, 'learning_rate': 0.1531373637837226}. Best is trial 0 with value: 0.0.
[I 2025-05-03 23:02:06,996] Trial 2 finished with value: 0.0 and parameters: {'num_leaves': 5, 'lambda_l1': 3.988479012673958e-05, 'lambda_l2': 0.00013833516470342883, 'learning_rate': 0.1949330533874214}. Best is trial 0 with value: 0.0.
[I 2025-05-03 23:02:07,117] Trial 3 finished with value: 0.0 and parameters: {'num_leaves': 21, 'lambda_l1': 1.0484659857966073e-07, 'lambda_l2': 0.0001560020463420646, 'learning_rate': 0.03261292147770947}. Best is trial 0 with value: 0.0.
[I 2025-05-03 23:02:07,207] Trial 4 finished with value: 0.0 and parameters: {'num_leaves': 475, 'lambda_l1': 9.775863897353407e-07, 'lambda_l2': 0.010927040219286102, 'learning_rate': 0.24947064289210938}. Best is trial 0 with value: 0.0.
[I 2025-05-03 23:02:07,234] A new study created in memory with name: LightGBM_Boston_outer3
[I 2025-05-03 23:02:07,327] Trial 0 finished with value: 0.0 and parameters: {'num_leaves': 28, 'lambda_l1': 6.0260252171729025, 'lambda_l2': 3.2059422093402423e-06, 'learning_rate': 0.1208591115144191}. Best is trial 0 with value: 0.0.
[I 2025-05-03 23:02:07,444] Trial 1 finished with value: 0.0 and parameters: {'num_leaves': 18, 'lambda_l1': 0.0015669391987765545, 'lambda_l2': 9.976234196854534e-05, 'learning_rate': 0.08493119435721633}. Best is trial 0 with value: 0.0.
[I 2025-05-03 23:02:07,532] Trial 2 finished with value: 0.0 and parameters: {'num_leaves': 2, 'lambda_l1': 0.21281312306489955, 'lambda_l2': 1.095991049019812, 'learning_rate': 0.20160732632173498}. Best is trial 0 with value: 0.0.
[I 2025-05-03 23:02:07,697] Trial 3 finished with value: 0.0 and parameters: {'num_leaves': 1782, 'lambda_l1': 1.836368377182149e-08, 'lambda_l2': 0.07284757389189986, 'learning_rate': 0.011235611866432236}. Best is trial 0 with value: 0.0.
[I 2025-05-03 23:02:07,829] Trial 4 finished with value: 0.0 and parameters: {'num_leaves': 284, 'lambda_l1': 0.0028739734554360267, 'lambda_l2': 0.00013097289330376143, 'learning_rate': 0.032429292382910174}. Best is trial 0 with value: 0.0.
[I 2025-05-03 23:02:07,851] A new study created in memory with name: LightGBM_Boston_outer4
[I 2025-05-03 23:02:07,938] Trial 0 finished with value: 0.0 and parameters: {'num_leaves': 61, 'lambda_l1': 7.260451198191925e-07, 'lambda_l2': 1.1082532959124243, 'learning_rate': 0.16418958972346911}. Best is trial 0 with value: 0.0.
[I 2025-05-03 23:02:08,066] Trial 1 finished with value: 0.0 and parameters: {'num_leaves': 22, 'lambda_l1': 0.027889951297015114, 'lambda_l2': 0.0009440251791271022, 'learning_rate': 0.023138879655917915}. Best is trial 0 with value: 0.0.
[I 2025-05-03 23:02:08,224] Trial 2 finished with value: 0.0 and parameters: {'num_leaves': 2220, 'lambda_l1': 2.93706061368852e-06, 'lambda_l2': 7.583807954642401e-05, 'learning_rate': 0.08843567888323949}. Best is trial 0 with value: 0.0.
[I 2025-05-03 23:02:08,349] Trial 3 finished with value: 0.0 and parameters: {'num_leaves': 87, 'lambda_l1': 1.0144292858616126e-07, 'lambda_l2': 4.77433959689276e-05, 'learning_rate': 0.012458271461319437}. Best is trial 0 with value: 0.0.
[I 2025-05-03 23:02:08,470] Trial 4 finished with value: 0.0 and parameters: {'num_leaves': 1489, 'lambda_l1': 2.380812888788506e-05, 'lambda_l2': 0.5363662052914147, 'learning_rate': 0.1640515140350643}. Best is trial 0 with value: 0.0.
[I 2025-05-03 23:02:08,493] A new study created in memory with name: LightGBM_Boston_outer5
[I 2025-05-03 23:02:08,587] Trial 0 finished with value: 0.0 and parameters: {'num_leaves': 37, 'lambda_l1': 0.23940552701443113, 'lambda_l2': 8.042560720346306e-06, 'learning_rate': 0.261344773333925}. Best is trial 0 with value: 0.0.
[I 2025-05-03 23:02:08,686] Trial 1 finished with value: 0.0 and parameters: {'num_leaves': 13, 'lambda_l1': 0.00010210302739010559, 'lambda_l2': 0.15541278928254917, 'learning_rate': 0.09837303035405179}. Best is trial 0 with value: 0.0.
[I 2025-05-03 23:02:08,773] Trial 2 finished with value: 0.0 and parameters: {'num_leaves': 2, 'lambda_l1': 0.023736248161986676, 'lambda_l2': 0.09400619156586822, 'learning_rate': 0.02553091182076603}. Best is trial 0 with value: 0.0.
[I 2025-05-03 23:02:08,883] Trial 3 finished with value: 0.0 and parameters: {'num_leaves': 12, 'lambda_l1': 0.0158810433961787, 'lambda_l2': 6.5514869178605615, 'learning_rate': 0.10043806083839711}. Best is trial 0 with value: 0.0.
[I 2025-05-03 23:02:08,995] Trial 4 finished with value: 0.0 and parameters: {'num_leaves': 76, 'lambda_l1': 0.016010786923236025, 'lambda_l2': 5.930689978614031, 'learning_rate': 0.011681437452240482}. Best is trial 0 with value: 0.0.
Traceback (most recent call last):
  File "train.py", line 1192, in <module>
    main(arguments)
  File "train.py", line 1063, in main
    agg_scorer, avg_train_time, avg_test_time = nested_cross_validation(
  File "train.py", line 705, in nested_cross_validation
    best_hp_idx = best_loss_dict.index(min(best_loss_dict))
ValueError: min() arg is an empty sequence
srun: error: stud-000: task 0: Exited with exit code 1
[I 2025-05-03 23:02:15,590] A new study created in memory with name: LightGBM_Socmob_outer1
[I 2025-05-03 23:02:15,775] Trial 0 finished with value: 0.0 and parameters: {'num_leaves': 7, 'lambda_l1': 1.3763717940004836e-07, 'lambda_l2': 0.0006395151986917033, 'learning_rate': 0.05144203513327283}. Best is trial 0 with value: 0.0.
[I 2025-05-03 23:02:15,955] Trial 1 finished with value: 0.0 and parameters: {'num_leaves': 1030, 'lambda_l1': 0.003802415525675737, 'lambda_l2': 0.010945156594962325, 'learning_rate': 0.07514065047849874}. Best is trial 0 with value: 0.0.
[I 2025-05-03 23:02:16,099] Trial 2 finished with value: 0.0 and parameters: {'num_leaves': 168, 'lambda_l1': 5.946125506390939e-07, 'lambda_l2': 5.0154374670478505e-06, 'learning_rate': 0.12234880849401024}. Best is trial 0 with value: 0.0.
[I 2025-05-03 23:02:16,236] Trial 3 finished with value: 0.0 and parameters: {'num_leaves': 10, 'lambda_l1': 0.026639473197543194, 'lambda_l2': 0.0002774359513761218, 'learning_rate': 0.07682371277346375}. Best is trial 0 with value: 0.0.
[I 2025-05-03 23:02:16,381] Trial 4 finished with value: 0.0 and parameters: {'num_leaves': 125, 'lambda_l1': 0.0018108580466522967, 'lambda_l2': 2.860608842320574e-05, 'learning_rate': 0.010817285577391433}. Best is trial 0 with value: 0.0.
[I 2025-05-03 23:02:16,407] A new study created in memory with name: LightGBM_Socmob_outer2
[I 2025-05-03 23:02:16,513] Trial 0 finished with value: 0.0 and parameters: {'num_leaves': 535, 'lambda_l1': 2.460706601480828e-06, 'lambda_l2': 8.664063682721558e-05, 'learning_rate': 0.23796061422783021}. Best is trial 0 with value: 0.0.
[I 2025-05-03 23:02:16,651] Trial 1 finished with value: 0.0 and parameters: {'num_leaves': 45, 'lambda_l1': 1.3552878304492533e-07, 'lambda_l2': 1.4923502149970869, 'learning_rate': 0.06128270065562627}. Best is trial 0 with value: 0.0.
[I 2025-05-03 23:02:16,781] Trial 2 finished with value: 0.0 and parameters: {'num_leaves': 221, 'lambda_l1': 0.0017930892627466331, 'lambda_l2': 0.042436500557822276, 'learning_rate': 0.14927178952449532}. Best is trial 0 with value: 0.0.
[I 2025-05-03 23:02:16,944] Trial 3 finished with value: 0.0 and parameters: {'num_leaves': 870, 'lambda_l1': 0.11484371796273171, 'lambda_l2': 8.87975289751933e-07, 'learning_rate': 0.07097047329628645}. Best is trial 0 with value: 0.0.
[I 2025-05-03 23:02:17,145] Trial 4 finished with value: 0.0 and parameters: {'num_leaves': 2592, 'lambda_l1': 6.102137003425893e-06, 'lambda_l2': 0.9792513231329092, 'learning_rate': 0.010419261095106162}. Best is trial 0 with value: 0.0.
[I 2025-05-03 23:02:17,176] A new study created in memory with name: LightGBM_Socmob_outer3
[I 2025-05-03 23:02:17,327] Trial 0 finished with value: 0.0 and parameters: {'num_leaves': 150, 'lambda_l1': 1.3938109197256932e-06, 'lambda_l2': 5.123289723105463e-08, 'learning_rate': 0.09304019139511287}. Best is trial 0 with value: 0.0.
[I 2025-05-03 23:02:17,483] Trial 1 finished with value: 0.0 and parameters: {'num_leaves': 554, 'lambda_l1': 3.652871233150753e-08, 'lambda_l2': 0.19447276831433769, 'learning_rate': 0.033510269432572876}. Best is trial 0 with value: 0.0.
[I 2025-05-03 23:02:17,614] Trial 2 finished with value: 0.0 and parameters: {'num_leaves': 30, 'lambda_l1': 4.315474040637584, 'lambda_l2': 1.2881791807306844e-08, 'learning_rate': 0.021929471707277028}. Best is trial 0 with value: 0.0.
[I 2025-05-03 23:02:17,744] Trial 3 finished with value: 0.0 and parameters: {'num_leaves': 25, 'lambda_l1': 0.00026288525796178006, 'lambda_l2': 1.411358186193383e-05, 'learning_rate': 0.1860618397330414}. Best is trial 0 with value: 0.0.
[I 2025-05-03 23:02:17,899] Trial 4 finished with value: 0.0 and parameters: {'num_leaves': 337, 'lambda_l1': 1.3121434032547708e-07, 'lambda_l2': 5.349852829540283e-05, 'learning_rate': 0.040179071961446}. Best is trial 0 with value: 0.0.
[I 2025-05-03 23:02:17,934] A new study created in memory with name: LightGBM_Socmob_outer4
[I 2025-05-03 23:02:18,089] Trial 0 finished with value: 0.0 and parameters: {'num_leaves': 281, 'lambda_l1': 3.954913228213582e-06, 'lambda_l2': 5.085189602571277e-06, 'learning_rate': 0.03512243613551914}. Best is trial 0 with value: 0.0.
[I 2025-05-03 23:02:18,230] Trial 1 finished with value: 0.0 and parameters: {'num_leaves': 17, 'lambda_l1': 2.6836434688664528, 'lambda_l2': 1.3730475152492458, 'learning_rate': 0.07343375516593341}. Best is trial 0 with value: 0.0.
[I 2025-05-03 23:02:18,369] Trial 2 finished with value: 0.0 and parameters: {'num_leaves': 12, 'lambda_l1': 2.3473907950548374, 'lambda_l2': 0.0006371166180414063, 'learning_rate': 0.03176073821414651}. Best is trial 0 with value: 0.0.
[I 2025-05-03 23:02:18,453] Trial 3 finished with value: 0.0 and parameters: {'num_leaves': 2, 'lambda_l1': 1.899268615683459e-08, 'lambda_l2': 0.11565494733423, 'learning_rate': 0.03276121117288415}. Best is trial 0 with value: 0.0.
[I 2025-05-03 23:02:18,569] Trial 4 finished with value: 0.0 and parameters: {'num_leaves': 32, 'lambda_l1': 0.0003642362029254952, 'lambda_l2': 5.5656033652833266e-08, 'learning_rate': 0.17433174879991292}. Best is trial 0 with value: 0.0.
[I 2025-05-03 23:02:18,603] A new study created in memory with name: LightGBM_Socmob_outer5
[I 2025-05-03 23:02:18,688] Trial 0 finished with value: 0.0 and parameters: {'num_leaves': 2, 'lambda_l1': 2.3822519114539037e-05, 'lambda_l2': 1.6103835148286479e-06, 'learning_rate': 0.049114812634064156}. Best is trial 0 with value: 0.0.
[I 2025-05-03 23:02:18,865] Trial 1 finished with value: 0.0 and parameters: {'num_leaves': 1981, 'lambda_l1': 1.2222651518679905e-08, 'lambda_l2': 0.7672976658933676, 'learning_rate': 0.1581027759247949}. Best is trial 0 with value: 0.0.
[I 2025-05-03 23:02:18,963] Trial 2 finished with value: 0.0 and parameters: {'num_leaves': 3, 'lambda_l1': 0.012150294378416582, 'lambda_l2': 0.09972812081196267, 'learning_rate': 0.049291871484001167}. Best is trial 0 with value: 0.0.
[I 2025-05-03 23:02:19,060] Trial 3 finished with value: 0.0 and parameters: {'num_leaves': 3, 'lambda_l1': 3.494970233574451e-05, 'lambda_l2': 8.184749985881518e-08, 'learning_rate': 0.060679142999177565}. Best is trial 0 with value: 0.0.
[I 2025-05-03 23:02:19,273] Trial 4 finished with value: 0.0 and parameters: {'num_leaves': 3099, 'lambda_l1': 0.052007982587631486, 'lambda_l2': 2.256091933670264, 'learning_rate': 0.12142557119079003}. Best is trial 0 with value: 0.0.
Traceback (most recent call last):
  File "train.py", line 1192, in <module>
    main(arguments)
  File "train.py", line 1063, in main
    agg_scorer, avg_train_time, avg_test_time = nested_cross_validation(
  File "train.py", line 705, in nested_cross_validation
    best_hp_idx = best_loss_dict.index(min(best_loss_dict))
ValueError: min() arg is an empty sequence
srun: error: stud-000: task 0: Exited with exit code 1
[I 2025-05-03 23:02:26,115] A new study created in memory with name: LightGBM_Sensory_outer1
[I 2025-05-03 23:02:26,233] Trial 0 finished with value: 0.0 and parameters: {'num_leaves': 38, 'lambda_l1': 9.651204676964243e-05, 'lambda_l2': 0.00021507815554341344, 'learning_rate': 0.047606025831175305}. Best is trial 0 with value: 0.0.
[I 2025-05-03 23:02:26,310] Trial 1 finished with value: 0.0 and parameters: {'num_leaves': 45, 'lambda_l1': 7.23358365300754e-08, 'lambda_l2': 0.07487394202827428, 'learning_rate': 0.070683319113381}. Best is trial 0 with value: 0.0.
[I 2025-05-03 23:02:26,418] Trial 2 finished with value: 0.0 and parameters: {'num_leaves': 347, 'lambda_l1': 0.001995509932883568, 'lambda_l2': 0.9927075626919836, 'learning_rate': 0.014568605659860142}. Best is trial 0 with value: 0.0.
[I 2025-05-03 23:02:26,499] Trial 3 finished with value: 0.0 and parameters: {'num_leaves': 9, 'lambda_l1': 1.0474609795703638, 'lambda_l2': 0.010875160911982429, 'learning_rate': 0.06931025600700365}. Best is trial 0 with value: 0.0.
[I 2025-05-03 23:02:26,610] Trial 4 finished with value: 0.0 and parameters: {'num_leaves': 1946, 'lambda_l1': 0.1812965748724146, 'lambda_l2': 0.6160063281192809, 'learning_rate': 0.12092511195273598}. Best is trial 0 with value: 0.0.
[I 2025-05-03 23:02:26,633] A new study created in memory with name: LightGBM_Sensory_outer2
[I 2025-05-03 23:02:26,699] Trial 0 finished with value: 0.0 and parameters: {'num_leaves': 32, 'lambda_l1': 5.704964552877793e-08, 'lambda_l2': 1.4086847337198011e-05, 'learning_rate': 0.08017896022481791}. Best is trial 0 with value: 0.0.
[I 2025-05-03 23:02:26,789] Trial 1 finished with value: 0.0 and parameters: {'num_leaves': 36, 'lambda_l1': 0.21703563854397603, 'lambda_l2': 3.099341811226934e-05, 'learning_rate': 0.011855291067778726}. Best is trial 0 with value: 0.0.
[I 2025-05-03 23:02:26,877] Trial 2 finished with value: 0.0 and parameters: {'num_leaves': 22, 'lambda_l1': 2.336328625849589e-06, 'lambda_l2': 1.0615232285846705e-06, 'learning_rate': 0.01181847609918417}. Best is trial 0 with value: 0.0.
[I 2025-05-03 23:02:26,957] Trial 3 finished with value: 0.0 and parameters: {'num_leaves': 11, 'lambda_l1': 3.849433247712688, 'lambda_l2': 0.0918608721357203, 'learning_rate': 0.02190896684430009}. Best is trial 0 with value: 0.0.
[I 2025-05-03 23:02:27,071] Trial 4 finished with value: 0.0 and parameters: {'num_leaves': 3388, 'lambda_l1': 0.14753548814151582, 'lambda_l2': 8.235463104326547e-05, 'learning_rate': 0.07867551514739828}. Best is trial 0 with value: 0.0.
[I 2025-05-03 23:02:27,086] A new study created in memory with name: LightGBM_Sensory_outer3
[I 2025-05-03 23:02:27,182] Trial 0 finished with value: 0.0 and parameters: {'num_leaves': 71, 'lambda_l1': 0.051683393247637016, 'lambda_l2': 3.719719509121955e-08, 'learning_rate': 0.017847003574263554}. Best is trial 0 with value: 0.0.
[I 2025-05-03 23:02:27,240] Trial 1 finished with value: 0.0 and parameters: {'num_leaves': 140, 'lambda_l1': 1.5130681867313356, 'lambda_l2': 0.02302840406466548, 'learning_rate': 0.25317210453513606}. Best is trial 0 with value: 0.0.
[I 2025-05-03 23:02:27,335] Trial 2 finished with value: 0.0 and parameters: {'num_leaves': 1501, 'lambda_l1': 2.686221719642157e-07, 'lambda_l2': 1.1112516287842444e-07, 'learning_rate': 0.05256531533696696}. Best is trial 0 with value: 0.0.
[I 2025-05-03 23:02:27,424] Trial 3 finished with value: 0.0 and parameters: {'num_leaves': 2819, 'lambda_l1': 2.3241749637987033, 'lambda_l2': 3.029475556826103e-08, 'learning_rate': 0.2882628330242933}. Best is trial 0 with value: 0.0.
[I 2025-05-03 23:02:27,506] Trial 4 finished with value: 0.0 and parameters: {'num_leaves': 54, 'lambda_l1': 6.373519216831133e-08, 'lambda_l2': 0.00012656930735003118, 'learning_rate': 0.09267499450474198}. Best is trial 0 with value: 0.0.
[I 2025-05-03 23:02:27,519] A new study created in memory with name: LightGBM_Sensory_outer4
[I 2025-05-03 23:02:27,645] Trial 0 finished with value: 0.0 and parameters: {'num_leaves': 1685, 'lambda_l1': 0.0001251842469261854, 'lambda_l2': 8.78347725902791e-05, 'learning_rate': 0.02983131870442226}. Best is trial 0 with value: 0.0.
[I 2025-05-03 23:02:27,713] Trial 1 finished with value: 0.0 and parameters: {'num_leaves': 6, 'lambda_l1': 8.422517634163365e-07, 'lambda_l2': 0.034940944977947634, 'learning_rate': 0.15989839496399066}. Best is trial 0 with value: 0.0.
[I 2025-05-03 23:02:27,802] Trial 2 finished with value: 0.0 and parameters: {'num_leaves': 83, 'lambda_l1': 2.752344121288971e-07, 'lambda_l2': 1.1288408237021215e-07, 'learning_rate': 0.023695195951504988}. Best is trial 0 with value: 0.0.
[I 2025-05-03 23:02:27,890] Trial 3 finished with value: 0.0 and parameters: {'num_leaves': 343, 'lambda_l1': 1.7699080299197933, 'lambda_l2': 2.8582178064534373e-08, 'learning_rate': 0.025605151502406644}. Best is trial 0 with value: 0.0.
[I 2025-05-03 23:02:27,985] Trial 4 finished with value: 0.0 and parameters: {'num_leaves': 129, 'lambda_l1': 4.625614790212178e-06, 'lambda_l2': 0.016974729134126024, 'learning_rate': 0.018610132159382006}. Best is trial 0 with value: 0.0.
[I 2025-05-03 23:02:28,018] A new study created in memory with name: LightGBM_Sensory_outer5
[I 2025-05-03 23:02:28,089] Trial 0 finished with value: 0.0 and parameters: {'num_leaves': 388, 'lambda_l1': 1.0109787340391093e-06, 'lambda_l2': 1.5409665102223362e-07, 'learning_rate': 0.29546491579389533}. Best is trial 0 with value: 0.0.
[I 2025-05-03 23:02:28,169] Trial 1 finished with value: 0.0 and parameters: {'num_leaves': 4, 'lambda_l1': 0.4701643940076943, 'lambda_l2': 0.0007029841186748764, 'learning_rate': 0.013161020850079938}. Best is trial 0 with value: 0.0.
[I 2025-05-03 23:02:28,225] Trial 2 finished with value: 0.0 and parameters: {'num_leaves': 498, 'lambda_l1': 1.3526648439633338, 'lambda_l2': 8.80571831342878, 'learning_rate': 0.24993069180930436}. Best is trial 0 with value: 0.0.
[I 2025-05-03 23:02:28,320] Trial 3 finished with value: 0.0 and parameters: {'num_leaves': 292, 'lambda_l1': 2.5509575901980466e-08, 'lambda_l2': 2.0906778345359643e-06, 'learning_rate': 0.025744181426408847}. Best is trial 0 with value: 0.0.
[I 2025-05-03 23:02:28,418] Trial 4 finished with value: 0.0 and parameters: {'num_leaves': 536, 'lambda_l1': 1.0789414695911461e-08, 'lambda_l2': 2.0315196500892427, 'learning_rate': 0.012396066742583688}. Best is trial 0 with value: 0.0.
Traceback (most recent call last):
  File "train.py", line 1192, in <module>
    main(arguments)
  File "train.py", line 1063, in main
    agg_scorer, avg_train_time, avg_test_time = nested_cross_validation(
  File "train.py", line 705, in nested_cross_validation
    best_hp_idx = best_loss_dict.index(min(best_loss_dict))
ValueError: min() arg is an empty sequence
srun: error: stud-000: task 0: Exited with exit code 1
[I 2025-05-03 23:02:36,902] A new study created in memory with name: LightGBM_Moneyball_outer1
[I 2025-05-03 23:02:37,031] Trial 0 finished with value: 0.0 and parameters: {'num_leaves': 4, 'lambda_l1': 0.0005651406221307395, 'lambda_l2': 0.11464625464650222, 'learning_rate': 0.02823107231523188}. Best is trial 0 with value: 0.0.
[I 2025-05-03 23:02:37,132] Trial 1 finished with value: 0.0 and parameters: {'num_leaves': 8, 'lambda_l1': 1.2872831169587612e-05, 'lambda_l2': 0.02700553713355176, 'learning_rate': 0.04866462062157298}. Best is trial 0 with value: 0.0.
[I 2025-05-03 23:02:37,245] Trial 2 finished with value: 0.0 and parameters: {'num_leaves': 1317, 'lambda_l1': 0.16279089852857126, 'lambda_l2': 0.00012593345848892941, 'learning_rate': 0.12037457421107622}. Best is trial 0 with value: 0.0.
[I 2025-05-03 23:02:37,333] Trial 3 finished with value: 0.0 and parameters: {'num_leaves': 537, 'lambda_l1': 5.057979590990016e-07, 'lambda_l2': 0.005120710489228208, 'learning_rate': 0.11825996684141683}. Best is trial 0 with value: 0.0.
[I 2025-05-03 23:02:37,403] Trial 4 finished with value: 0.0 and parameters: {'num_leaves': 8, 'lambda_l1': 0.0007596156272878802, 'lambda_l2': 0.007297712048157309, 'learning_rate': 0.12021052990816695}. Best is trial 0 with value: 0.0.
[I 2025-05-03 23:02:37,425] A new study created in memory with name: LightGBM_Moneyball_outer2
[I 2025-05-03 23:02:37,530] Trial 0 finished with value: 0.0 and parameters: {'num_leaves': 6, 'lambda_l1': 6.847416527429291e-07, 'lambda_l2': 0.16412052738454264, 'learning_rate': 0.012482125657311527}. Best is trial 0 with value: 0.0.
[I 2025-05-03 23:02:37,718] Trial 1 finished with value: 0.0 and parameters: {'num_leaves': 3343, 'lambda_l1': 0.7044400130285767, 'lambda_l2': 1.0429672369928071e-07, 'learning_rate': 0.12679902659023048}. Best is trial 0 with value: 0.0.
[I 2025-05-03 23:02:37,807] Trial 2 finished with value: 0.0 and parameters: {'num_leaves': 18, 'lambda_l1': 0.002788858220456892, 'lambda_l2': 0.005975684246275863, 'learning_rate': 0.17202632159517037}. Best is trial 0 with value: 0.0.
[I 2025-05-03 23:02:37,901] Trial 3 finished with value: 0.0 and parameters: {'num_leaves': 64, 'lambda_l1': 6.197245361973274e-07, 'lambda_l2': 0.00030374800583669046, 'learning_rate': 0.14054472536677926}. Best is trial 0 with value: 0.0.
[I 2025-05-03 23:02:37,966] Trial 4 finished with value: 0.0 and parameters: {'num_leaves': 7, 'lambda_l1': 8.328017652035204, 'lambda_l2': 0.0001203618134401941, 'learning_rate': 0.21703708585356016}. Best is trial 0 with value: 0.0.
[I 2025-05-03 23:02:37,967] A new study created in memory with name: LightGBM_Moneyball_outer3
[I 2025-05-03 23:02:38,054] Trial 0 finished with value: 0.0 and parameters: {'num_leaves': 37, 'lambda_l1': 4.271776165702099, 'lambda_l2': 1.0462625059160826, 'learning_rate': 0.017852564543287243}. Best is trial 0 with value: 0.0.
[I 2025-05-03 23:02:38,256] Trial 1 finished with value: 0.0 and parameters: {'num_leaves': 4044, 'lambda_l1': 0.00017357881418008142, 'lambda_l2': 4.339912975510864e-06, 'learning_rate': 0.018909893460092624}. Best is trial 0 with value: 0.0.
[I 2025-05-03 23:02:38,370] Trial 2 finished with value: 0.0 and parameters: {'num_leaves': 209, 'lambda_l1': 0.00021024036918888505, 'lambda_l2': 5.3532719003622044e-05, 'learning_rate': 0.02586908795715148}. Best is trial 0 with value: 0.0.
[I 2025-05-03 23:02:38,435] Trial 3 finished with value: 0.0 and parameters: {'num_leaves': 68, 'lambda_l1': 0.002797303997082439, 'lambda_l2': 4.940969658271325e-05, 'learning_rate': 0.2850339742016122}. Best is trial 0 with value: 0.0.
[I 2025-05-03 23:02:38,542] Trial 4 finished with value: 0.0 and parameters: {'num_leaves': 22, 'lambda_l1': 2.1471400656558602e-07, 'lambda_l2': 6.863613185718229e-06, 'learning_rate': 0.03590625002364611}. Best is trial 0 with value: 0.0.
[I 2025-05-03 23:02:38,571] A new study created in memory with name: LightGBM_Moneyball_outer4
[I 2025-05-03 23:02:38,652] Trial 0 finished with value: 0.0 and parameters: {'num_leaves': 41, 'lambda_l1': 8.347224304966598e-05, 'lambda_l2': 0.05388520345205444, 'learning_rate': 0.280875246661444}. Best is trial 0 with value: 0.0.
[I 2025-05-03 23:02:38,734] Trial 1 finished with value: 0.0 and parameters: {'num_leaves': 3, 'lambda_l1': 3.020887598744465e-07, 'lambda_l2': 7.297808994032082e-05, 'learning_rate': 0.03965201681496993}. Best is trial 0 with value: 0.0.
[I 2025-05-03 23:02:38,857] Trial 2 finished with value: 0.0 and parameters: {'num_leaves': 15, 'lambda_l1': 0.003925122982950888, 'lambda_l2': 6.5022236049725385e-06, 'learning_rate': 0.09526093039275484}. Best is trial 0 with value: 0.0.
[I 2025-05-03 23:02:38,953] Trial 3 finished with value: 0.0 and parameters: {'num_leaves': 196, 'lambda_l1': 1.7392416667046052e-06, 'lambda_l2': 1.1624655816704965, 'learning_rate': 0.18297935428856368}. Best is trial 0 with value: 0.0.
[I 2025-05-03 23:02:39,112] Trial 4 finished with value: 0.0 and parameters: {'num_leaves': 1891, 'lambda_l1': 2.1932830308969235e-06, 'lambda_l2': 0.24569567946000892, 'learning_rate': 0.14537826652053062}. Best is trial 0 with value: 0.0.
[I 2025-05-03 23:02:39,143] A new study created in memory with name: LightGBM_Moneyball_outer5
[I 2025-05-03 23:02:39,224] Trial 0 finished with value: 0.0 and parameters: {'num_leaves': 3, 'lambda_l1': 0.0012295426946750687, 'lambda_l2': 3.28723525037401e-08, 'learning_rate': 0.04454277480818185}. Best is trial 0 with value: 0.0.
[I 2025-05-03 23:02:39,382] Trial 1 finished with value: 0.0 and parameters: {'num_leaves': 619, 'lambda_l1': 1.856910545320028e-05, 'lambda_l2': 6.0917516545006956e-05, 'learning_rate': 0.04412880205862887}. Best is trial 0 with value: 0.0.
[I 2025-05-03 23:02:39,471] Trial 2 finished with value: 0.0 and parameters: {'num_leaves': 15, 'lambda_l1': 2.816656473142355e-05, 'lambda_l2': 0.0028721592347202237, 'learning_rate': 0.22195510249899947}. Best is trial 0 with value: 0.0.
[I 2025-05-03 23:02:39,594] Trial 3 finished with value: 0.0 and parameters: {'num_leaves': 1936, 'lambda_l1': 4.0079209599943406e-08, 'lambda_l2': 1.832281032662389e-08, 'learning_rate': 0.17150518895827907}. Best is trial 0 with value: 0.0.
[I 2025-05-03 23:02:39,728] Trial 4 finished with value: 0.0 and parameters: {'num_leaves': 12, 'lambda_l1': 0.00017200946301736657, 'lambda_l2': 0.0022067718986614085, 'learning_rate': 0.010575325104857442}. Best is trial 0 with value: 0.0.
Traceback (most recent call last):
  File "train.py", line 1192, in <module>
    main(arguments)
  File "train.py", line 1063, in main
    agg_scorer, avg_train_time, avg_test_time = nested_cross_validation(
  File "train.py", line 705, in nested_cross_validation
    best_hp_idx = best_loss_dict.index(min(best_loss_dict))
ValueError: min() arg is an empty sequence
srun: error: stud-000: task 0: Exited with exit code 1
[I 2025-05-03 23:02:45,503] A new study created in memory with name: LightGBM_Black_Friday_outer1
[I 2025-05-03 23:02:52,896] Trial 0 finished with value: 0.0 and parameters: {'num_leaves': 493, 'lambda_l1': 0.02209373132840246, 'lambda_l2': 3.3913298310610063e-07, 'learning_rate': 0.040655808434525674}. Best is trial 0 with value: 0.0.
[I 2025-05-03 23:02:56,543] Trial 1 finished with value: 0.0 and parameters: {'num_leaves': 95, 'lambda_l1': 3.652045149305934e-05, 'lambda_l2': 0.013414182560466533, 'learning_rate': 0.01487377197746806}. Best is trial 0 with value: 0.0.
[I 2025-05-03 23:02:59,028] Trial 2 finished with value: 0.0 and parameters: {'num_leaves': 13, 'lambda_l1': 0.0015427741458018845, 'lambda_l2': 5.3732928410271974e-08, 'learning_rate': 0.023434529301843466}. Best is trial 0 with value: 0.0.
[I 2025-05-03 23:03:01,922] Trial 3 finished with value: 0.0 and parameters: {'num_leaves': 40, 'lambda_l1': 1.2020917980510056e-06, 'lambda_l2': 0.000952685348209489, 'learning_rate': 0.07051156443013412}. Best is trial 0 with value: 0.0.
[I 2025-05-03 23:03:03,904] Trial 4 finished with value: 0.0 and parameters: {'num_leaves': 2, 'lambda_l1': 2.674539336959582, 'lambda_l2': 0.009941723480575208, 'learning_rate': 0.03407316493719885}. Best is trial 0 with value: 0.0.
[I 2025-05-03 23:03:05,455] A new study created in memory with name: LightGBM_Black_Friday_outer2
[I 2025-05-03 23:03:07,407] Trial 0 finished with value: 0.0 and parameters: {'num_leaves': 2, 'lambda_l1': 9.503639899430226e-06, 'lambda_l2': 0.06141722758858577, 'learning_rate': 0.032660673906488545}. Best is trial 0 with value: 0.0.
[I 2025-05-03 23:03:22,493] Trial 1 finished with value: 0.0 and parameters: {'num_leaves': 3697, 'lambda_l1': 1.0756755378485604e-06, 'lambda_l2': 2.6086821242409163e-08, 'learning_rate': 0.01743853238897598}. Best is trial 0 with value: 0.0.
[I 2025-05-03 23:03:24,744] Trial 2 finished with value: 0.0 and parameters: {'num_leaves': 5, 'lambda_l1': 9.781286900031995e-05, 'lambda_l2': 0.16729801481196385, 'learning_rate': 0.012786777189227338}. Best is trial 0 with value: 0.0.
[I 2025-05-03 23:03:27,168] Trial 3 finished with value: 0.0 and parameters: {'num_leaves': 9, 'lambda_l1': 8.658795257981092e-07, 'lambda_l2': 0.3661434063796309, 'learning_rate': 0.02329481616017105}. Best is trial 0 with value: 0.0.
[I 2025-05-03 23:03:29,326] Trial 4 finished with value: 0.0 and parameters: {'num_leaves': 4, 'lambda_l1': 0.21112819959459683, 'lambda_l2': 5.5756121588335614e-08, 'learning_rate': 0.010785855567890579}. Best is trial 0 with value: 0.0.
[I 2025-05-03 23:03:29,834] A new study created in memory with name: LightGBM_Black_Friday_outer3
[I 2025-05-03 23:03:32,260] Trial 0 finished with value: 0.0 and parameters: {'num_leaves': 15, 'lambda_l1': 3.48825524889372e-07, 'lambda_l2': 8.864315177194566, 'learning_rate': 0.04552047383733015}. Best is trial 0 with value: 0.0.
[I 2025-05-03 23:03:35,277] Trial 1 finished with value: 0.0 and parameters: {'num_leaves': 50, 'lambda_l1': 6.599618841979722e-06, 'lambda_l2': 0.0005420147765570027, 'learning_rate': 0.041903539860980034}. Best is trial 0 with value: 0.0.
[I 2025-05-03 23:03:37,817] Trial 2 finished with value: 0.0 and parameters: {'num_leaves': 15, 'lambda_l1': 1.650954821050307e-07, 'lambda_l2': 0.14637507913153402, 'learning_rate': 0.01599696011533418}. Best is trial 0 with value: 0.0.
[I 2025-05-03 23:03:47,623] Trial 3 finished with value: 0.0 and parameters: {'num_leaves': 980, 'lambda_l1': 5.68290380354585e-07, 'lambda_l2': 7.117040767140043e-05, 'learning_rate': 0.05127300029362523}. Best is trial 0 with value: 0.0.
[I 2025-05-03 23:03:50,280] Trial 4 finished with value: 0.0 and parameters: {'num_leaves': 21, 'lambda_l1': 0.00017254108056727498, 'lambda_l2': 0.00018958136678553353, 'learning_rate': 0.07378639193271216}. Best is trial 0 with value: 0.0.
[I 2025-05-03 23:03:50,915] A new study created in memory with name: LightGBM_Black_Friday_outer4
[I 2025-05-03 23:03:53,515] Trial 0 finished with value: 0.0 and parameters: {'num_leaves': 15, 'lambda_l1': 4.342140871008115e-05, 'lambda_l2': 1.3887317520887599e-06, 'learning_rate': 0.03737692934802787}. Best is trial 0 with value: 0.0.
[I 2025-05-03 23:03:58,157] Trial 1 finished with value: 0.0 and parameters: {'num_leaves': 199, 'lambda_l1': 0.006513533346733642, 'lambda_l2': 1.0600439825146696e-06, 'learning_rate': 0.03385359590618111}. Best is trial 0 with value: 0.0.
[I 2025-05-03 23:04:06,441] Trial 2 finished with value: 0.0 and parameters: {'num_leaves': 1007, 'lambda_l1': 0.005893201242193578, 'lambda_l2': 0.010821328141505363, 'learning_rate': 0.07269631648154364}. Best is trial 0 with value: 0.0.
[I 2025-05-03 23:04:14,356] Trial 3 finished with value: 0.0 and parameters: {'num_leaves': 863, 'lambda_l1': 0.18928446525597342, 'lambda_l2': 1.0504878957439785, 'learning_rate': 0.07481061694453825}. Best is trial 0 with value: 0.0.
[I 2025-05-03 23:04:24,412] Trial 4 finished with value: 0.0 and parameters: {'num_leaves': 3188, 'lambda_l1': 0.998869305510203, 'lambda_l2': 0.009792833342388186, 'learning_rate': 0.027635080672531443}. Best is trial 0 with value: 0.0.
[I 2025-05-03 23:04:25,047] A new study created in memory with name: LightGBM_Black_Friday_outer5
[I 2025-05-03 23:04:28,548] Trial 0 finished with value: 0.0 and parameters: {'num_leaves': 156, 'lambda_l1': 1.6848751896614364e-07, 'lambda_l2': 0.33683927415992687, 'learning_rate': 0.15338607264159201}. Best is trial 0 with value: 0.0.
[I 2025-05-03 23:04:32,684] Trial 1 finished with value: 0.0 and parameters: {'num_leaves': 830, 'lambda_l1': 4.636213054608383e-07, 'lambda_l2': 2.622999620517362e-05, 'learning_rate': 0.2549928825335861}. Best is trial 0 with value: 0.0.
[I 2025-05-03 23:04:34,973] Trial 2 finished with value: 0.0 and parameters: {'num_leaves': 14, 'lambda_l1': 1.3993820821397186e-07, 'lambda_l2': 0.84488885932661, 'learning_rate': 0.17603604004623188}. Best is trial 0 with value: 0.0.
[I 2025-05-03 23:04:40,891] Trial 3 finished with value: 0.0 and parameters: {'num_leaves': 2982, 'lambda_l1': 7.325868060776338e-05, 'lambda_l2': 1.4499759599088018e-07, 'learning_rate': 0.29658537310299204}. Best is trial 0 with value: 0.0.
[I 2025-05-03 23:04:43,807] Trial 4 finished with value: 0.0 and parameters: {'num_leaves': 37, 'lambda_l1': 0.001000596239336995, 'lambda_l2': 1.5288580216863663, 'learning_rate': 0.07091690606077844}. Best is trial 0 with value: 0.0.
Traceback (most recent call last):
  File "train.py", line 1192, in <module>
    main(arguments)
  File "train.py", line 1063, in main
    agg_scorer, avg_train_time, avg_test_time = nested_cross_validation(
  File "train.py", line 705, in nested_cross_validation
    best_hp_idx = best_loss_dict.index(min(best_loss_dict))
ValueError: min() arg is an empty sequence
srun: error: stud-000: task 0: Exited with exit code 1
