[I 2025-05-03 23:02:40,754] A new study created in memory with name: LightGBM_Brazillian_Houses_outer1
[I 2025-05-03 23:02:41,789] Trial 0 finished with value: 0.0 and parameters: {'num_leaves': 33, 'lambda_l1': 1.4370302734510715e-06, 'lambda_l2': 5.059115511341668, 'learning_rate': 0.02884911360402438}. Best is trial 0 with value: 0.0.
[I 2025-05-03 23:02:43,886] Trial 1 finished with value: 0.0 and parameters: {'num_leaves': 3039, 'lambda_l1': 7.609117867038104e-05, 'lambda_l2': 0.00023365186654892355, 'learning_rate': 0.015510394089052547}. Best is trial 0 with value: 0.0.
[I 2025-05-03 23:02:44,679] Trial 2 finished with value: 0.0 and parameters: {'num_leaves': 14, 'lambda_l1': 6.314068863497063e-06, 'lambda_l2': 0.04595273081631667, 'learning_rate': 0.013254551723583278}. Best is trial 0 with value: 0.0.
[I 2025-05-03 23:02:45,257] Trial 3 finished with value: 0.0 and parameters: {'num_leaves': 2, 'lambda_l1': 3.1360087866526336e-05, 'lambda_l2': 0.14535242984474073, 'learning_rate': 0.06939475878200445}. Best is trial 0 with value: 0.0.
[I 2025-05-03 23:02:46,269] Trial 4 finished with value: 0.0 and parameters: {'num_leaves': 56, 'lambda_l1': 1.6670823239638422e-06, 'lambda_l2': 8.735795117537362, 'learning_rate': 0.017547354347984465}. Best is trial 0 with value: 0.0.
[I 2025-05-03 23:02:46,552] A new study created in memory with name: LightGBM_Brazillian_Houses_outer2
[I 2025-05-03 23:02:48,616] Trial 0 finished with value: 0.0 and parameters: {'num_leaves': 2462, 'lambda_l1': 0.16306846045853463, 'lambda_l2': 0.2396112573614252, 'learning_rate': 0.07342325774544257}. Best is trial 0 with value: 0.0.
[I 2025-05-03 23:02:49,862] Trial 1 finished with value: 0.0 and parameters: {'num_leaves': 242, 'lambda_l1': 8.798274844040877, 'lambda_l2': 2.784600551873701, 'learning_rate': 0.040081699547989395}. Best is trial 0 with value: 0.0.
[I 2025-05-03 23:02:51,791] Trial 2 finished with value: 0.0 and parameters: {'num_leaves': 1415, 'lambda_l1': 0.0003385393659687958, 'lambda_l2': 0.38652020175294394, 'learning_rate': 0.06401226291859144}. Best is trial 0 with value: 0.0.
[I 2025-05-03 23:02:52,785] Trial 3 finished with value: 0.0 and parameters: {'num_leaves': 22, 'lambda_l1': 3.408046965036861, 'lambda_l2': 3.835771892187239e-08, 'learning_rate': 0.019732962973316236}. Best is trial 0 with value: 0.0.
[I 2025-05-03 23:02:54,280] Trial 4 finished with value: 0.0 and parameters: {'num_leaves': 298, 'lambda_l1': 9.388801580460566, 'lambda_l2': 8.629782567462192e-06, 'learning_rate': 0.053884810770282794}. Best is trial 0 with value: 0.0.
[I 2025-05-03 23:02:54,787] A new study created in memory with name: LightGBM_Brazillian_Houses_outer3
[I 2025-05-03 23:02:56,867] Trial 0 finished with value: 0.0 and parameters: {'num_leaves': 1682, 'lambda_l1': 3.4020360331404284e-05, 'lambda_l2': 1.1990553167211839e-08, 'learning_rate': 0.1856674335695539}. Best is trial 0 with value: 0.0.
[I 2025-05-03 23:02:57,463] Trial 1 finished with value: 0.0 and parameters: {'num_leaves': 2, 'lambda_l1': 9.88988530622236e-08, 'lambda_l2': 1.621379801029597e-08, 'learning_rate': 0.03235208322591542}. Best is trial 0 with value: 0.0.
[I 2025-05-03 23:02:58,199] Trial 2 finished with value: 0.0 and parameters: {'num_leaves': 12, 'lambda_l1': 5.661998107462761e-08, 'lambda_l2': 1.0107603892907863e-05, 'learning_rate': 0.2743524875157854}. Best is trial 0 with value: 0.0.
[I 2025-05-03 23:02:59,951] Trial 3 finished with value: 0.0 and parameters: {'num_leaves': 157, 'lambda_l1': 0.0016185229263737673, 'lambda_l2': 0.06579160203812948, 'learning_rate': 0.06769935584509984}. Best is trial 0 with value: 0.0.
[I 2025-05-03 23:03:02,058] Trial 4 finished with value: 0.0 and parameters: {'num_leaves': 4057, 'lambda_l1': 1.5730691783428383e-05, 'lambda_l2': 0.00010927515968236318, 'learning_rate': 0.0161311645908123}. Best is trial 0 with value: 0.0.
[I 2025-05-03 23:03:02,605] A new study created in memory with name: LightGBM_Brazillian_Houses_outer4
[I 2025-05-03 23:03:04,138] Trial 0 finished with value: 0.0 and parameters: {'num_leaves': 226, 'lambda_l1': 4.905328702096322, 'lambda_l2': 0.0013335814794920367, 'learning_rate': 0.07761659492121491}. Best is trial 0 with value: 0.0.
[I 2025-05-03 23:03:05,293] Trial 1 finished with value: 0.0 and parameters: {'num_leaves': 47, 'lambda_l1': 0.0038630089302873604, 'lambda_l2': 0.6284816590703984, 'learning_rate': 0.29365324717997643}. Best is trial 0 with value: 0.0.
[I 2025-05-03 23:03:06,040] Trial 2 finished with value: 0.0 and parameters: {'num_leaves': 8, 'lambda_l1': 0.003992602036084053, 'lambda_l2': 0.3807853540595253, 'learning_rate': 0.02582226641471828}. Best is trial 0 with value: 0.0.
[I 2025-05-03 23:03:08,060] Trial 3 finished with value: 0.0 and parameters: {'num_leaves': 969, 'lambda_l1': 0.2864727702931649, 'lambda_l2': 3.943053248423601e-08, 'learning_rate': 0.2238190964231494}. Best is trial 0 with value: 0.0.
[I 2025-05-03 23:03:09,865] Trial 4 finished with value: 0.0 and parameters: {'num_leaves': 257, 'lambda_l1': 0.11021447176693963, 'lambda_l2': 0.0034615035811468627, 'learning_rate': 0.048183537538127465}. Best is trial 0 with value: 0.0.
[I 2025-05-03 23:03:10,268] A new study created in memory with name: LightGBM_Brazillian_Houses_outer5
[I 2025-05-03 23:03:12,099] Trial 0 finished with value: 0.0 and parameters: {'num_leaves': 246, 'lambda_l1': 0.00023533332701940229, 'lambda_l2': 1.2379342588988527e-05, 'learning_rate': 0.050605432321309894}. Best is trial 0 with value: 0.0.
[I 2025-05-03 23:03:13,751] Trial 1 finished with value: 0.0 and parameters: {'num_leaves': 330, 'lambda_l1': 1.4113547695758961, 'lambda_l2': 0.0028988957197050138, 'learning_rate': 0.0323493470835673}. Best is trial 0 with value: 0.0.
[I 2025-05-03 23:03:14,572] Trial 2 finished with value: 0.0 and parameters: {'num_leaves': 13, 'lambda_l1': 0.0019710533352618213, 'lambda_l2': 0.05747068594889613, 'learning_rate': 0.17018710341186105}. Best is trial 0 with value: 0.0.
[I 2025-05-03 23:03:15,724] Trial 3 finished with value: 0.0 and parameters: {'num_leaves': 38, 'lambda_l1': 0.00040849290041271085, 'lambda_l2': 1.3771043110455701e-06, 'learning_rate': 0.01322113992735515}. Best is trial 0 with value: 0.0.
[I 2025-05-03 23:03:17,010] Trial 4 finished with value: 0.0 and parameters: {'num_leaves': 51, 'lambda_l1': 0.007141236735077196, 'lambda_l2': 7.699349485254468e-08, 'learning_rate': 0.01576754664295356}. Best is trial 0 with value: 0.0.
Traceback (most recent call last):
  File "train.py", line 1192, in <module>
    main(arguments)
  File "train.py", line 1063, in main
    agg_scorer, avg_train_time, avg_test_time = nested_cross_validation(
  File "train.py", line 705, in nested_cross_validation
    best_hp_idx = best_loss_dict.index(min(best_loss_dict))
ValueError: min() arg is an empty sequence
srun: error: stud-000: task 0: Exited with exit code 1
[I 2025-05-03 23:03:22,315] A new study created in memory with name: LightGBM_Abalone_outer1
[I 2025-05-03 23:03:22,617] Trial 0 finished with value: 0.0 and parameters: {'num_leaves': 16, 'lambda_l1': 1.8908617280452218e-07, 'lambda_l2': 3.8305017831989554, 'learning_rate': 0.011407256188751479}. Best is trial 0 with value: 0.0.
[I 2025-05-03 23:03:23,084] Trial 1 finished with value: 0.0 and parameters: {'num_leaves': 59, 'lambda_l1': 5.621445995636617e-07, 'lambda_l2': 0.00021263000540056194, 'learning_rate': 0.03399501865494012}. Best is trial 0 with value: 0.0.
[I 2025-05-03 23:03:23,191] Trial 2 finished with value: 0.0 and parameters: {'num_leaves': 2, 'lambda_l1': 0.024513315917396125, 'lambda_l2': 0.010318777706220287, 'learning_rate': 0.07412386288533773}. Best is trial 0 with value: 0.0.
[I 2025-05-03 23:03:23,456] Trial 3 finished with value: 0.0 and parameters: {'num_leaves': 1669, 'lambda_l1': 0.19641395366857015, 'lambda_l2': 1.8642074345154036e-06, 'learning_rate': 0.2858981855114275}. Best is trial 0 with value: 0.0.
[I 2025-05-03 23:03:23,810] Trial 4 finished with value: 0.0 and parameters: {'num_leaves': 158, 'lambda_l1': 4.0051453594928965, 'lambda_l2': 2.4311466649251047e-08, 'learning_rate': 0.016843521783549142}. Best is trial 0 with value: 0.0.
[I 2025-05-03 23:03:23,863] A new study created in memory with name: LightGBM_Abalone_outer2
[I 2025-05-03 23:03:24,342] Trial 0 finished with value: 0.0 and parameters: {'num_leaves': 639, 'lambda_l1': 0.00030423760651783304, 'lambda_l2': 1.4051531019884598, 'learning_rate': 0.017397008032418042}. Best is trial 0 with value: 0.0.
[I 2025-05-03 23:03:24,560] Trial 1 finished with value: 0.0 and parameters: {'num_leaves': 121, 'lambda_l1': 0.08965137254585383, 'lambda_l2': 1.1002405548700553e-08, 'learning_rate': 0.133161689167816}. Best is trial 0 with value: 0.0.
[I 2025-05-03 23:03:24,872] Trial 2 finished with value: 0.0 and parameters: {'num_leaves': 185, 'lambda_l1': 6.425395699092757e-07, 'lambda_l2': 0.0006070739064649009, 'learning_rate': 0.08417935181657357}. Best is trial 0 with value: 0.0.
[I 2025-05-03 23:03:25,041] Trial 3 finished with value: 0.0 and parameters: {'num_leaves': 14, 'lambda_l1': 1.5509818928595178, 'lambda_l2': 2.6871974761315574e-06, 'learning_rate': 0.08824513760260852}. Best is trial 0 with value: 0.0.
[I 2025-05-03 23:03:25,177] Trial 4 finished with value: 0.0 and parameters: {'num_leaves': 6, 'lambda_l1': 0.08525471295132671, 'lambda_l2': 0.00026174997612070854, 'learning_rate': 0.12890096153883918}. Best is trial 0 with value: 0.0.
[I 2025-05-03 23:03:25,287] A new study created in memory with name: LightGBM_Abalone_outer3
[I 2025-05-03 23:03:25,430] Trial 0 finished with value: 0.0 and parameters: {'num_leaves': 5, 'lambda_l1': 2.871085772546554e-05, 'lambda_l2': 0.007034492132858811, 'learning_rate': 0.023587538651335855}. Best is trial 0 with value: 0.0.
[I 2025-05-03 23:03:25,734] Trial 1 finished with value: 0.0 and parameters: {'num_leaves': 45, 'lambda_l1': 7.009226463502611, 'lambda_l2': 1.856915863649235e-08, 'learning_rate': 0.02817249206497662}. Best is trial 0 with value: 0.0.
[I 2025-05-03 23:03:25,851] Trial 2 finished with value: 0.0 and parameters: {'num_leaves': 12, 'lambda_l1': 2.9536555341642016e-08, 'lambda_l2': 0.00030135259572098736, 'learning_rate': 0.18147287778768828}. Best is trial 0 with value: 0.0.
[I 2025-05-03 23:03:26,373] Trial 3 finished with value: 0.0 and parameters: {'num_leaves': 1023, 'lambda_l1': 0.013935029170544818, 'lambda_l2': 4.437299484222569e-05, 'learning_rate': 0.012569618864935407}. Best is trial 0 with value: 0.0.
[I 2025-05-03 23:03:26,846] Trial 4 finished with value: 0.0 and parameters: {'num_leaves': 247, 'lambda_l1': 2.4700385842114994e-08, 'lambda_l2': 9.896094345048104e-05, 'learning_rate': 0.014167144985326053}. Best is trial 0 with value: 0.0.
[I 2025-05-03 23:03:26,879] A new study created in memory with name: LightGBM_Abalone_outer4
[I 2025-05-03 23:03:27,022] Trial 0 finished with value: 0.0 and parameters: {'num_leaves': 8, 'lambda_l1': 2.286992185115719e-06, 'lambda_l2': 0.004236083492693942, 'learning_rate': 0.1159331068819544}. Best is trial 0 with value: 0.0.
[I 2025-05-03 23:03:27,370] Trial 1 finished with value: 0.0 and parameters: {'num_leaves': 31, 'lambda_l1': 0.2447067223475955, 'lambda_l2': 4.2961520958230375e-05, 'learning_rate': 0.018063919683699095}. Best is trial 0 with value: 0.0.
[I 2025-05-03 23:03:27,727] Trial 2 finished with value: 0.0 and parameters: {'num_leaves': 37, 'lambda_l1': 0.002201826619424706, 'lambda_l2': 0.0021833732494518717, 'learning_rate': 0.04511949359176702}. Best is trial 0 with value: 0.0.
[I 2025-05-03 23:03:28,046] Trial 3 finished with value: 0.0 and parameters: {'num_leaves': 26, 'lambda_l1': 0.00014165252710982308, 'lambda_l2': 2.5838998416997145, 'learning_rate': 0.03434005836590962}. Best is trial 0 with value: 0.0.
[I 2025-05-03 23:03:28,181] Trial 4 finished with value: 0.0 and parameters: {'num_leaves': 19, 'lambda_l1': 2.5467230552416242, 'lambda_l2': 0.006210285330206888, 'learning_rate': 0.20500142026090096}. Best is trial 0 with value: 0.0.
[I 2025-05-03 23:03:28,216] A new study created in memory with name: LightGBM_Abalone_outer5
[I 2025-05-03 23:03:28,365] Trial 0 finished with value: 0.0 and parameters: {'num_leaves': 5, 'lambda_l1': 5.954054918185064e-05, 'lambda_l2': 0.002411509103082421, 'learning_rate': 0.011141099385384252}. Best is trial 0 with value: 0.0.
[I 2025-05-03 23:03:28,664] Trial 1 finished with value: 0.0 and parameters: {'num_leaves': 36, 'lambda_l1': 0.00016659327288961, 'lambda_l2': 0.07058940564838778, 'learning_rate': 0.056440468021555654}. Best is trial 0 with value: 0.0.
[I 2025-05-03 23:03:28,907] Trial 2 finished with value: 0.0 and parameters: {'num_leaves': 19, 'lambda_l1': 9.302925676521838, 'lambda_l2': 0.0006915123171436652, 'learning_rate': 0.07286406735682582}. Best is trial 0 with value: 0.0.
[I 2025-05-03 23:03:29,582] Trial 3 finished with value: 0.0 and parameters: {'num_leaves': 2954, 'lambda_l1': 0.5553527704015442, 'lambda_l2': 2.261732817440407e-08, 'learning_rate': 0.014122380560459374}. Best is trial 0 with value: 0.0.
[I 2025-05-03 23:03:29,873] Trial 4 finished with value: 0.0 and parameters: {'num_leaves': 78, 'lambda_l1': 6.717008277911968e-08, 'lambda_l2': 1.2224159056295688e-08, 'learning_rate': 0.07212404475390742}. Best is trial 0 with value: 0.0.
Traceback (most recent call last):
  File "train.py", line 1192, in <module>
    main(arguments)
  File "train.py", line 1063, in main
    agg_scorer, avg_train_time, avg_test_time = nested_cross_validation(
  File "train.py", line 705, in nested_cross_validation
    best_hp_idx = best_loss_dict.index(min(best_loss_dict))
ValueError: min() arg is an empty sequence
srun: error: stud-000: task 0: Exited with exit code 1
[I 2025-05-03 23:03:34,051] A new study created in memory with name: LightGBM_House_Sales_outer1
[I 2025-05-03 23:03:35,680] Trial 0 finished with value: 0.0 and parameters: {'num_leaves': 65, 'lambda_l1': 0.04757604395020214, 'lambda_l2': 5.259636967169111e-06, 'learning_rate': 0.012921457120248114}. Best is trial 0 with value: 0.0.
[I 2025-05-03 23:03:36,392] Trial 1 finished with value: 0.0 and parameters: {'num_leaves': 14, 'lambda_l1': 6.528870854142993e-06, 'lambda_l2': 6.184049515314043e-08, 'learning_rate': 0.037131354905707493}. Best is trial 0 with value: 0.0.
[I 2025-05-03 23:03:37,494] Trial 2 finished with value: 0.0 and parameters: {'num_leaves': 37, 'lambda_l1': 0.005066449570522865, 'lambda_l2': 3.098723348511527, 'learning_rate': 0.040393995261822295}. Best is trial 0 with value: 0.0.
[I 2025-05-03 23:03:40,778] Trial 3 finished with value: 0.0 and parameters: {'num_leaves': 3334, 'lambda_l1': 3.507446011893284e-05, 'lambda_l2': 6.79050893965957, 'learning_rate': 0.05044171409745023}. Best is trial 0 with value: 0.0.
[I 2025-05-03 23:03:41,161] Trial 4 finished with value: 0.0 and parameters: {'num_leaves': 2, 'lambda_l1': 1.7781891237370354e-07, 'lambda_l2': 0.009633312381068989, 'learning_rate': 0.05013771259104206}. Best is trial 0 with value: 0.0.
[I 2025-05-03 23:03:41,509] A new study created in memory with name: LightGBM_House_Sales_outer2
[I 2025-05-03 23:03:42,439] Trial 0 finished with value: 0.0 and parameters: {'num_leaves': 35, 'lambda_l1': 0.00022560878989112397, 'lambda_l2': 0.29140540088640643, 'learning_rate': 0.13694605204811403}. Best is trial 0 with value: 0.0.
[I 2025-05-03 23:03:44,000] Trial 1 finished with value: 0.0 and parameters: {'num_leaves': 720, 'lambda_l1': 0.01253535424520881, 'lambda_l2': 8.308501816476688e-08, 'learning_rate': 0.2435973298354959}. Best is trial 0 with value: 0.0.
[I 2025-05-03 23:03:44,366] Trial 2 finished with value: 0.0 and parameters: {'num_leaves': 2, 'lambda_l1': 0.0027958821180914125, 'lambda_l2': 1.6345360384631132e-06, 'learning_rate': 0.21933721331111927}. Best is trial 0 with value: 0.0.
[I 2025-05-03 23:03:47,677] Trial 3 finished with value: 0.0 and parameters: {'num_leaves': 410, 'lambda_l1': 0.0018467597743534979, 'lambda_l2': 3.31863172710162e-07, 'learning_rate': 0.04295072096010921}. Best is trial 0 with value: 0.0.
[I 2025-05-03 23:03:49,495] Trial 4 finished with value: 0.0 and parameters: {'num_leaves': 100, 'lambda_l1': 1.3011604116749446e-06, 'lambda_l2': 4.756569192793776e-08, 'learning_rate': 0.0578123701624173}. Best is trial 0 with value: 0.0.
[I 2025-05-03 23:03:49,716] A new study created in memory with name: LightGBM_House_Sales_outer3
[I 2025-05-03 23:03:50,108] Trial 0 finished with value: 0.0 and parameters: {'num_leaves': 3, 'lambda_l1': 0.21939390609754725, 'lambda_l2': 7.328528499659872e-05, 'learning_rate': 0.12120456406743045}. Best is trial 0 with value: 0.0.
[I 2025-05-03 23:03:51,349] Trial 1 finished with value: 0.0 and parameters: {'num_leaves': 54, 'lambda_l1': 2.4074853155173903, 'lambda_l2': 0.03563305944195858, 'learning_rate': 0.08323906410853327}. Best is trial 0 with value: 0.0.
[I 2025-05-03 23:03:51,783] Trial 2 finished with value: 0.0 and parameters: {'num_leaves': 4, 'lambda_l1': 0.0019192000335337812, 'lambda_l2': 0.00016902602467348807, 'learning_rate': 0.05009566341291481}. Best is trial 0 with value: 0.0.
[I 2025-05-03 23:03:55,153] Trial 3 finished with value: 0.0 and parameters: {'num_leaves': 693, 'lambda_l1': 3.44771657207038e-07, 'lambda_l2': 0.038842313832482156, 'learning_rate': 0.05563215006760576}. Best is trial 0 with value: 0.0.
[I 2025-05-03 23:03:58,375] Trial 4 finished with value: 0.0 and parameters: {'num_leaves': 475, 'lambda_l1': 0.08196557637864214, 'lambda_l2': 1.7544267403847658e-05, 'learning_rate': 0.0274777541787292}. Best is trial 0 with value: 0.0.
[I 2025-05-03 23:03:58,470] A new study created in memory with name: LightGBM_House_Sales_outer4
[I 2025-05-03 23:04:00,799] Trial 0 finished with value: 0.0 and parameters: {'num_leaves': 3156, 'lambda_l1': 0.12275583821248537, 'lambda_l2': 0.00015153981146306047, 'learning_rate': 0.16976267228182587}. Best is trial 0 with value: 0.0.
[I 2025-05-03 23:04:04,064] Trial 1 finished with value: 0.0 and parameters: {'num_leaves': 799, 'lambda_l1': 1.323013386775033e-06, 'lambda_l2': 3.053142842701109e-08, 'learning_rate': 0.011459713804096092}. Best is trial 0 with value: 0.0.
[I 2025-05-03 23:04:05,656] Trial 2 finished with value: 0.0 and parameters: {'num_leaves': 183, 'lambda_l1': 0.002392477509141017, 'lambda_l2': 0.5730645878957802, 'learning_rate': 0.17353563034449426}. Best is trial 0 with value: 0.0.
[I 2025-05-03 23:04:06,017] Trial 3 finished with value: 0.0 and parameters: {'num_leaves': 2, 'lambda_l1': 0.00021407819823897749, 'lambda_l2': 1.1898553913489726e-07, 'learning_rate': 0.013504053667366898}. Best is trial 0 with value: 0.0.
[I 2025-05-03 23:04:06,885] Trial 4 finished with value: 0.0 and parameters: {'num_leaves': 25, 'lambda_l1': 0.0001899216227853115, 'lambda_l2': 1.4863845785345028e-07, 'learning_rate': 0.05614672021215198}. Best is trial 0 with value: 0.0.
[I 2025-05-03 23:04:07,459] A new study created in memory with name: LightGBM_House_Sales_outer5
[I 2025-05-03 23:04:09,668] Trial 0 finished with value: 0.0 and parameters: {'num_leaves': 137, 'lambda_l1': 8.282744504106998e-05, 'lambda_l2': 0.0003558091613498504, 'learning_rate': 0.07940908309721122}. Best is trial 0 with value: 0.0.
[I 2025-05-03 23:04:10,547] Trial 1 finished with value: 0.0 and parameters: {'num_leaves': 26, 'lambda_l1': 2.4250588156442262e-06, 'lambda_l2': 0.00038667600235366974, 'learning_rate': 0.07411540215711471}. Best is trial 0 with value: 0.0.
[I 2025-05-03 23:04:11,476] Trial 2 finished with value: 0.0 and parameters: {'num_leaves': 27, 'lambda_l1': 0.0009639667758093446, 'lambda_l2': 6.5656141284765335, 'learning_rate': 0.011671259650846918}. Best is trial 0 with value: 0.0.
[I 2025-05-03 23:04:14,992] Trial 3 finished with value: 0.0 and parameters: {'num_leaves': 2143, 'lambda_l1': 4.702184682453777, 'lambda_l2': 0.10021385318864455, 'learning_rate': 0.06229344171769335}. Best is trial 0 with value: 0.0.
[I 2025-05-03 23:04:15,747] Trial 4 finished with value: 0.0 and parameters: {'num_leaves': 16, 'lambda_l1': 0.0001688467660976126, 'lambda_l2': 1.038420448073454e-06, 'learning_rate': 0.022972793943587682}. Best is trial 0 with value: 0.0.
Traceback (most recent call last):
  File "train.py", line 1192, in <module>
    main(arguments)
  File "train.py", line 1063, in main
    agg_scorer, avg_train_time, avg_test_time = nested_cross_validation(
  File "train.py", line 705, in nested_cross_validation
    best_hp_idx = best_loss_dict.index(min(best_loss_dict))
ValueError: min() arg is an empty sequence
srun: error: stud-000: task 0: Exited with exit code 1
[I 2025-05-03 23:04:20,514] A new study created in memory with name: LightGBM_MIP_outer1
[I 2025-05-03 23:04:21,244] Trial 0 finished with value: 0.0 and parameters: {'num_leaves': 256, 'lambda_l1': 0.3404764475008163, 'lambda_l2': 0.3493017063128451, 'learning_rate': 0.04955132962419355}. Best is trial 0 with value: 0.0.
[I 2025-05-03 23:04:21,542] Trial 1 finished with value: 0.0 and parameters: {'num_leaves': 9, 'lambda_l1': 7.221959011456977, 'lambda_l2': 0.10791342751463662, 'learning_rate': 0.13422433653251917}. Best is trial 0 with value: 0.0.
[I 2025-05-03 23:04:21,844] Trial 2 finished with value: 0.0 and parameters: {'num_leaves': 238, 'lambda_l1': 3.0934436750462385e-07, 'lambda_l2': 0.0013980331159602242, 'learning_rate': 0.21581354775047962}. Best is trial 0 with value: 0.0.
[I 2025-05-03 23:04:22,228] Trial 3 finished with value: 0.0 and parameters: {'num_leaves': 48, 'lambda_l1': 0.002086567140244738, 'lambda_l2': 1.247656539376218e-08, 'learning_rate': 0.08259725455053074}. Best is trial 0 with value: 0.0.
[I 2025-05-03 23:04:22,630] Trial 4 finished with value: 0.0 and parameters: {'num_leaves': 40, 'lambda_l1': 4.92189202262822, 'lambda_l2': 3.0003390711893303e-05, 'learning_rate': 0.0323449384399825}. Best is trial 0 with value: 0.0.
[I 2025-05-03 23:04:22,733] A new study created in memory with name: LightGBM_MIP_outer2
[I 2025-05-03 23:04:23,132] Trial 0 finished with value: 0.0 and parameters: {'num_leaves': 10, 'lambda_l1': 1.5209682539641123, 'lambda_l2': 0.0012822057190811221, 'learning_rate': 0.0422951785571033}. Best is trial 0 with value: 0.0.
[I 2025-05-03 23:04:23,693] Trial 1 finished with value: 0.0 and parameters: {'num_leaves': 1060, 'lambda_l1': 0.00030997856210273565, 'lambda_l2': 1.0847221289392426e-07, 'learning_rate': 0.02477440661635329}. Best is trial 0 with value: 0.0.
[I 2025-05-03 23:04:24,018] Trial 2 finished with value: 0.0 and parameters: {'num_leaves': 13, 'lambda_l1': 0.1146196181847926, 'lambda_l2': 0.009207820961000897, 'learning_rate': 0.19409583482602985}. Best is trial 0 with value: 0.0.
[I 2025-05-03 23:04:24,450] Trial 3 finished with value: 0.0 and parameters: {'num_leaves': 296, 'lambda_l1': 0.002149527569045412, 'lambda_l2': 4.994957583460308e-08, 'learning_rate': 0.05932434321691083}. Best is trial 0 with value: 0.0.
[I 2025-05-03 23:04:24,725] Trial 4 finished with value: 0.0 and parameters: {'num_leaves': 5, 'lambda_l1': 0.00031210668358042304, 'lambda_l2': 0.41142913790640046, 'learning_rate': 0.020090883829216834}. Best is trial 0 with value: 0.0.
[I 2025-05-03 23:04:24,809] A new study created in memory with name: LightGBM_MIP_outer3
[I 2025-05-03 23:04:25,314] Trial 0 finished with value: 0.0 and parameters: {'num_leaves': 855, 'lambda_l1': 6.418393382183052e-06, 'lambda_l2': 0.2579471343080745, 'learning_rate': 0.031452895907347615}. Best is trial 0 with value: 0.0.
[I 2025-05-03 23:04:25,738] Trial 1 finished with value: 0.0 and parameters: {'num_leaves': 231, 'lambda_l1': 0.004663600613409214, 'lambda_l2': 1.0282007170491634e-06, 'learning_rate': 0.05139072014253428}. Best is trial 0 with value: 0.0.
[I 2025-05-03 23:04:25,974] Trial 2 finished with value: 0.0 and parameters: {'num_leaves': 3, 'lambda_l1': 4.2578829373470846e-05, 'lambda_l2': 5.403023220239913, 'learning_rate': 0.046365161995568324}. Best is trial 0 with value: 0.0.
[I 2025-05-03 23:04:26,420] Trial 3 finished with value: 0.0 and parameters: {'num_leaves': 378, 'lambda_l1': 4.011716863017206e-05, 'lambda_l2': 0.0001223416393687642, 'learning_rate': 0.07383776490358875}. Best is trial 0 with value: 0.0.
[I 2025-05-03 23:04:26,877] Trial 4 finished with value: 0.0 and parameters: {'num_leaves': 993, 'lambda_l1': 6.634337409345297e-08, 'lambda_l2': 0.012618861053986161, 'learning_rate': 0.1852056465464329}. Best is trial 0 with value: 0.0.
[I 2025-05-03 23:04:27,008] A new study created in memory with name: LightGBM_MIP_outer4
[I 2025-05-03 23:04:27,269] Trial 0 finished with value: 0.0 and parameters: {'num_leaves': 5, 'lambda_l1': 3.3434120419838887e-07, 'lambda_l2': 0.00025716472924687767, 'learning_rate': 0.09991664065779551}. Best is trial 0 with value: 0.0.
[I 2025-05-03 23:04:27,567] Trial 1 finished with value: 0.0 and parameters: {'num_leaves': 114, 'lambda_l1': 6.0400146408308956e-05, 'lambda_l2': 0.008636236301099715, 'learning_rate': 0.214174334107937}. Best is trial 0 with value: 0.0.
[I 2025-05-03 23:04:28,123] Trial 2 finished with value: 0.0 and parameters: {'num_leaves': 490, 'lambda_l1': 0.023196783808492327, 'lambda_l2': 3.977136444138515e-07, 'learning_rate': 0.09091874601378731}. Best is trial 0 with value: 0.0.
[I 2025-05-03 23:04:28,335] Trial 3 finished with value: 0.0 and parameters: {'num_leaves': 2, 'lambda_l1': 4.810741729338728e-06, 'lambda_l2': 5.374728952333249e-08, 'learning_rate': 0.015623181783682156}. Best is trial 0 with value: 0.0.
[I 2025-05-03 23:04:29,007] Trial 4 finished with value: 0.0 and parameters: {'num_leaves': 2025, 'lambda_l1': 1.6246017942458935e-06, 'lambda_l2': 0.06827324956923823, 'learning_rate': 0.03590935780748815}. Best is trial 0 with value: 0.0.
[I 2025-05-03 23:04:29,074] A new study created in memory with name: LightGBM_MIP_outer5
[I 2025-05-03 23:04:29,347] Trial 0 finished with value: 0.0 and parameters: {'num_leaves': 5, 'lambda_l1': 1.0998040707822208, 'lambda_l2': 1.0239411703502282e-08, 'learning_rate': 0.04782759632594617}. Best is trial 0 with value: 0.0.
[I 2025-05-03 23:04:29,716] Trial 1 finished with value: 0.0 and parameters: {'num_leaves': 210, 'lambda_l1': 1.4977105932529078, 'lambda_l2': 0.022052254142689697, 'learning_rate': 0.08732538940796306}. Best is trial 0 with value: 0.0.
[I 2025-05-03 23:04:30,096] Trial 2 finished with value: 0.0 and parameters: {'num_leaves': 355, 'lambda_l1': 8.651733487990329e-05, 'lambda_l2': 7.033948527583238e-05, 'learning_rate': 0.10252132430535563}. Best is trial 0 with value: 0.0.
[I 2025-05-03 23:04:30,655] Trial 3 finished with value: 0.0 and parameters: {'num_leaves': 2163, 'lambda_l1': 7.349676587266752e-08, 'lambda_l2': 2.1461453782148207e-08, 'learning_rate': 0.19184308574221662}. Best is trial 0 with value: 0.0.
[I 2025-05-03 23:04:31,036] Trial 4 finished with value: 0.0 and parameters: {'num_leaves': 71, 'lambda_l1': 0.6801071295729664, 'lambda_l2': 1.4698987888140206e-06, 'learning_rate': 0.012219288088048187}. Best is trial 0 with value: 0.0.
Traceback (most recent call last):
  File "train.py", line 1192, in <module>
    main(arguments)
  File "train.py", line 1063, in main
    agg_scorer, avg_train_time, avg_test_time = nested_cross_validation(
  File "train.py", line 705, in nested_cross_validation
    best_hp_idx = best_loss_dict.index(min(best_loss_dict))
ValueError: min() arg is an empty sequence
srun: error: stud-000: task 0: Exited with exit code 1
