[I 2025-05-05 04:25:49,272] A new study created in memory with name: LightGBM_SAT11_outer1
[I 2025-05-05 04:25:49,762] Trial 0 finished with value: 0.0 and parameters: {'num_leaves': 2, 'lambda_l1': 0.1155335582693532, 'lambda_l2': 1.3085412058171544e-05, 'learning_rate': 0.059918418813154434}. Best is trial 0 with value: 0.0.
[I 2025-05-05 04:25:50,192] Trial 1 finished with value: 0.0 and parameters: {'num_leaves': 11, 'lambda_l1': 0.983759729587627, 'lambda_l2': 3.7517449947830244e-08, 'learning_rate': 0.014565884808576297}. Best is trial 0 with value: 0.0.
[I 2025-05-05 04:25:50,446] Trial 2 finished with value: 0.0 and parameters: {'num_leaves': 3, 'lambda_l1': 0.2936363795161574, 'lambda_l2': 8.110919769496881e-07, 'learning_rate': 0.012233718059602642}. Best is trial 0 with value: 0.0.
[I 2025-05-05 04:25:51,294] Trial 3 finished with value: 0.0 and parameters: {'num_leaves': 1780, 'lambda_l1': 0.017536718912366033, 'lambda_l2': 0.018550113859255278, 'learning_rate': 0.14403555141752034}. Best is trial 0 with value: 0.0.
[I 2025-05-05 04:25:51,583] Trial 4 finished with value: 0.0 and parameters: {'num_leaves': 4, 'lambda_l1': 9.715155171666083, 'lambda_l2': 0.0004440930328924452, 'learning_rate': 0.05712992802436055}. Best is trial 0 with value: 0.0.
[I 2025-05-05 04:25:51,636] A new study created in memory with name: LightGBM_SAT11_outer2
[I 2025-05-05 04:25:51,869] Trial 0 finished with value: 0.0 and parameters: {'num_leaves': 2, 'lambda_l1': 4.714606311664557, 'lambda_l2': 0.5995988625326354, 'learning_rate': 0.19853735599354314}. Best is trial 0 with value: 0.0.
[I 2025-05-05 04:25:52,424] Trial 1 finished with value: 0.0 and parameters: {'num_leaves': 62, 'lambda_l1': 0.0005155521094450657, 'lambda_l2': 1.053311143043145, 'learning_rate': 0.021111002393382657}. Best is trial 0 with value: 0.0.
[I 2025-05-05 04:25:52,829] Trial 2 finished with value: 0.0 and parameters: {'num_leaves': 36, 'lambda_l1': 5.887862515878197, 'lambda_l2': 1.4434486909370703e-05, 'learning_rate': 0.01806800315787875}. Best is trial 0 with value: 0.0.
[I 2025-05-05 04:25:53,218] Trial 3 finished with value: 0.0 and parameters: {'num_leaves': 7, 'lambda_l1': 6.31504494510155e-05, 'lambda_l2': 6.719233518635395e-08, 'learning_rate': 0.01585884982192849}. Best is trial 0 with value: 0.0.
[I 2025-05-05 04:25:53,755] Trial 4 finished with value: 0.0 and parameters: {'num_leaves': 24, 'lambda_l1': 0.00010086466290803679, 'lambda_l2': 0.03937086315147271, 'learning_rate': 0.10435468823949935}. Best is trial 0 with value: 0.0.
[I 2025-05-05 04:25:53,800] A new study created in memory with name: LightGBM_SAT11_outer3
[I 2025-05-05 04:25:54,313] Trial 0 finished with value: 0.0 and parameters: {'num_leaves': 594, 'lambda_l1': 0.42058767143670067, 'lambda_l2': 6.48791888884715e-05, 'learning_rate': 0.10065410203876116}. Best is trial 0 with value: 0.0.
[I 2025-05-05 04:25:54,723] Trial 1 finished with value: 0.0 and parameters: {'num_leaves': 13, 'lambda_l1': 0.0010414643083197887, 'lambda_l2': 9.076024986484e-07, 'learning_rate': 0.2508706149551314}. Best is trial 0 with value: 0.0.
[I 2025-05-05 04:25:55,004] Trial 2 finished with value: 0.0 and parameters: {'num_leaves': 4, 'lambda_l1': 0.0254866233198303, 'lambda_l2': 4.135341673127649e-07, 'learning_rate': 0.012172549504374854}. Best is trial 0 with value: 0.0.
[I 2025-05-05 04:25:55,704] Trial 3 finished with value: 0.0 and parameters: {'num_leaves': 2001, 'lambda_l1': 1.3632606538326562, 'lambda_l2': 1.0781102068083753e-06, 'learning_rate': 0.08394567198774854}. Best is trial 0 with value: 0.0.
[I 2025-05-05 04:25:56,346] Trial 4 finished with value: 0.0 and parameters: {'num_leaves': 484, 'lambda_l1': 2.905610520686428e-07, 'lambda_l2': 0.4379272220371103, 'learning_rate': 0.0748899080583371}. Best is trial 0 with value: 0.0.
[I 2025-05-05 04:25:56,480] A new study created in memory with name: LightGBM_SAT11_outer4
[I 2025-05-05 04:25:57,074] Trial 0 finished with value: 0.0 and parameters: {'num_leaves': 250, 'lambda_l1': 0.003460066385345194, 'lambda_l2': 5.052143131420764e-06, 'learning_rate': 0.01280502845610033}. Best is trial 0 with value: 0.0.
[I 2025-05-05 04:25:57,694] Trial 1 finished with value: 0.0 and parameters: {'num_leaves': 411, 'lambda_l1': 0.004404345213868303, 'lambda_l2': 0.00023860330619251155, 'learning_rate': 0.02544234918470487}. Best is trial 0 with value: 0.0.
[I 2025-05-05 04:25:58,258] Trial 2 finished with value: 0.0 and parameters: {'num_leaves': 637, 'lambda_l1': 5.217365129343186e-05, 'lambda_l2': 6.284969045017884e-06, 'learning_rate': 0.06490305459912063}. Best is trial 0 with value: 0.0.
[I 2025-05-05 04:25:58,639] Trial 3 finished with value: 0.0 and parameters: {'num_leaves': 11, 'lambda_l1': 1.2391975593517592e-08, 'lambda_l2': 0.012336500774400731, 'learning_rate': 0.1030279511351896}. Best is trial 0 with value: 0.0.
[I 2025-05-05 04:25:59,180] Trial 4 finished with value: 0.0 and parameters: {'num_leaves': 301, 'lambda_l1': 0.166575701786516, 'lambda_l2': 0.0049790573127298475, 'learning_rate': 0.02027089975514384}. Best is trial 0 with value: 0.0.
[I 2025-05-05 04:25:59,326] A new study created in memory with name: LightGBM_SAT11_outer5
[I 2025-05-05 04:26:00,084] Trial 0 finished with value: 0.0 and parameters: {'num_leaves': 889, 'lambda_l1': 2.9190759576353307e-06, 'lambda_l2': 0.0002880666305170461, 'learning_rate': 0.06877371097687844}. Best is trial 0 with value: 0.0.
[I 2025-05-05 04:26:00,545] Trial 1 finished with value: 0.0 and parameters: {'num_leaves': 12, 'lambda_l1': 1.1113775862094942e-06, 'lambda_l2': 3.984872269212823e-07, 'learning_rate': 0.02851391583319705}. Best is trial 0 with value: 0.0.
[I 2025-05-05 04:26:00,885] Trial 2 finished with value: 0.0 and parameters: {'num_leaves': 9, 'lambda_l1': 1.7255155090029264e-08, 'lambda_l2': 0.970949755824211, 'learning_rate': 0.10656345809983454}. Best is trial 0 with value: 0.0.
[I 2025-05-05 04:26:01,114] Trial 3 finished with value: 0.0 and parameters: {'num_leaves': 401, 'lambda_l1': 8.381804284180587, 'lambda_l2': 0.007603605063006076, 'learning_rate': 0.20734006850863348}. Best is trial 0 with value: 0.0.
[I 2025-05-05 04:26:01,710] Trial 4 finished with value: 0.0 and parameters: {'num_leaves': 130, 'lambda_l1': 9.845960412136181e-07, 'lambda_l2': 4.966741858697134e-05, 'learning_rate': 0.010404793004548498}. Best is trial 0 with value: 0.0.
Traceback (most recent call last):
  File "train.py", line 1194, in <module>
    main(arguments)
  File "train.py", line 1065, in main
    agg_scorer, avg_train_time, avg_test_time = nested_cross_validation(
  File "train.py", line 707, in nested_cross_validation
    best_hp_idx = best_loss_dict.index(min(best_loss_dict))
ValueError: min() arg is an empty sequence
srun: error: stud-000: task 0: Exited with exit code 1
[I 2025-05-05 04:26:06,332] A new study created in memory with name: LightGBM_Diamonds_outer1
[I 2025-05-05 04:26:06,485] Trial 0 finished with value: 0.0 and parameters: {'num_leaves': 3641, 'lambda_l1': 6.936054907226326e-05, 'lambda_l2': 0.03258849054544986, 'learning_rate': 0.03196588189214149}. Best is trial 0 with value: 0.0.
[I 2025-05-05 04:26:06,634] Trial 1 finished with value: 0.0 and parameters: {'num_leaves': 1144, 'lambda_l1': 9.502390548194762e-05, 'lambda_l2': 1.1496242693320327e-05, 'learning_rate': 0.026629805721822223}. Best is trial 0 with value: 0.0.
[I 2025-05-05 04:26:06,784] Trial 2 finished with value: 0.0 and parameters: {'num_leaves': 608, 'lambda_l1': 4.1694993666768814e-07, 'lambda_l2': 3.1973329658149067e-07, 'learning_rate': 0.04622368819378915}. Best is trial 0 with value: 0.0.
[I 2025-05-05 04:26:06,929] Trial 3 finished with value: 0.0 and parameters: {'num_leaves': 24, 'lambda_l1': 0.023974272697312435, 'lambda_l2': 0.0010288445805474442, 'learning_rate': 0.15039539155180387}. Best is trial 0 with value: 0.0.
[I 2025-05-05 04:26:07,073] Trial 4 finished with value: 0.0 and parameters: {'num_leaves': 128, 'lambda_l1': 4.529945864168039e-06, 'lambda_l2': 1.967561104270396, 'learning_rate': 0.07130438663810411}. Best is trial 0 with value: 0.0.
[I 2025-05-05 04:26:07,109] A new study created in memory with name: LightGBM_Diamonds_outer2
[I 2025-05-05 04:26:07,256] Trial 0 finished with value: 0.0 and parameters: {'num_leaves': 9, 'lambda_l1': 6.761016840859734e-07, 'lambda_l2': 0.004241300413422916, 'learning_rate': 0.04947956218206367}. Best is trial 0 with value: 0.0.
[I 2025-05-05 04:26:07,400] Trial 1 finished with value: 0.0 and parameters: {'num_leaves': 2042, 'lambda_l1': 0.07972001150314208, 'lambda_l2': 2.4322884794371817, 'learning_rate': 0.023658253081623757}. Best is trial 0 with value: 0.0.
[I 2025-05-05 04:26:07,542] Trial 2 finished with value: 0.0 and parameters: {'num_leaves': 207, 'lambda_l1': 0.08347356449005476, 'lambda_l2': 6.614927697252762e-06, 'learning_rate': 0.07274785130635085}. Best is trial 0 with value: 0.0.
[I 2025-05-05 04:26:07,684] Trial 3 finished with value: 0.0 and parameters: {'num_leaves': 3, 'lambda_l1': 0.004921292863946515, 'lambda_l2': 0.018177831713839424, 'learning_rate': 0.25334778922082285}. Best is trial 0 with value: 0.0.
[I 2025-05-05 04:26:07,843] Trial 4 finished with value: 0.0 and parameters: {'num_leaves': 810, 'lambda_l1': 5.734843845381605, 'lambda_l2': 3.161143613552126e-06, 'learning_rate': 0.09153273791027662}. Best is trial 0 with value: 0.0.
[I 2025-05-05 04:26:07,877] A new study created in memory with name: LightGBM_Diamonds_outer3
[I 2025-05-05 04:26:08,021] Trial 0 finished with value: 0.0 and parameters: {'num_leaves': 3638, 'lambda_l1': 0.00611389882641962, 'lambda_l2': 0.027518658506543475, 'learning_rate': 0.2771300738117844}. Best is trial 0 with value: 0.0.
[I 2025-05-05 04:26:08,171] Trial 1 finished with value: 0.0 and parameters: {'num_leaves': 6, 'lambda_l1': 1.190661190142363e-08, 'lambda_l2': 3.609883056729932e-08, 'learning_rate': 0.2759783511663172}. Best is trial 0 with value: 0.0.
[I 2025-05-05 04:26:08,309] Trial 2 finished with value: 0.0 and parameters: {'num_leaves': 381, 'lambda_l1': 0.39989716311187934, 'lambda_l2': 0.4905065832201795, 'learning_rate': 0.02902781193881118}. Best is trial 0 with value: 0.0.
[I 2025-05-05 04:26:08,440] Trial 3 finished with value: 0.0 and parameters: {'num_leaves': 2734, 'lambda_l1': 1.124535777369733e-06, 'lambda_l2': 1.6698581201336535e-07, 'learning_rate': 0.0385926888318043}. Best is trial 0 with value: 0.0.
[I 2025-05-05 04:26:08,570] Trial 4 finished with value: 0.0 and parameters: {'num_leaves': 16, 'lambda_l1': 4.913262744711763, 'lambda_l2': 0.0006662238083050901, 'learning_rate': 0.010867124600139073}. Best is trial 0 with value: 0.0.
[I 2025-05-05 04:26:08,603] A new study created in memory with name: LightGBM_Diamonds_outer4
[I 2025-05-05 04:26:08,743] Trial 0 finished with value: 0.0 and parameters: {'num_leaves': 119, 'lambda_l1': 4.941893533767746e-06, 'lambda_l2': 0.001246421939300054, 'learning_rate': 0.24865637506614258}. Best is trial 0 with value: 0.0.
[I 2025-05-05 04:26:08,876] Trial 1 finished with value: 0.0 and parameters: {'num_leaves': 2, 'lambda_l1': 5.097057216017032e-07, 'lambda_l2': 1.4959131334448948e-06, 'learning_rate': 0.28242948590316375}. Best is trial 0 with value: 0.0.
[I 2025-05-05 04:26:09,007] Trial 2 finished with value: 0.0 and parameters: {'num_leaves': 120, 'lambda_l1': 7.079545175499758e-08, 'lambda_l2': 0.008855748261822203, 'learning_rate': 0.16920152585472117}. Best is trial 0 with value: 0.0.
[I 2025-05-05 04:26:09,170] Trial 3 finished with value: 0.0 and parameters: {'num_leaves': 6, 'lambda_l1': 3.4164329061483434, 'lambda_l2': 2.144016205319807e-07, 'learning_rate': 0.018174053859529537}. Best is trial 0 with value: 0.0.
[I 2025-05-05 04:26:09,314] Trial 4 finished with value: 0.0 and parameters: {'num_leaves': 2441, 'lambda_l1': 0.36386562098235653, 'lambda_l2': 0.9847868297087465, 'learning_rate': 0.010830612473208266}. Best is trial 0 with value: 0.0.
[I 2025-05-05 04:26:09,349] A new study created in memory with name: LightGBM_Diamonds_outer5
[I 2025-05-05 04:26:09,503] Trial 0 finished with value: 0.0 and parameters: {'num_leaves': 2947, 'lambda_l1': 4.20572919187775, 'lambda_l2': 0.0003097325916602832, 'learning_rate': 0.020309382455128346}. Best is trial 0 with value: 0.0.
[I 2025-05-05 04:26:09,650] Trial 1 finished with value: 0.0 and parameters: {'num_leaves': 5, 'lambda_l1': 1.91543596091427e-05, 'lambda_l2': 0.24392891516716872, 'learning_rate': 0.10402132316236387}. Best is trial 0 with value: 0.0.
[I 2025-05-05 04:26:09,806] Trial 2 finished with value: 0.0 and parameters: {'num_leaves': 706, 'lambda_l1': 5.089238628843131, 'lambda_l2': 1.119123947219251e-07, 'learning_rate': 0.06792375083875497}. Best is trial 0 with value: 0.0.
[I 2025-05-05 04:26:09,963] Trial 3 finished with value: 0.0 and parameters: {'num_leaves': 20, 'lambda_l1': 0.010108572299721863, 'lambda_l2': 0.020432443428148914, 'learning_rate': 0.02045239140527506}. Best is trial 0 with value: 0.0.
[I 2025-05-05 04:26:10,093] Trial 4 finished with value: 0.0 and parameters: {'num_leaves': 2605, 'lambda_l1': 0.011756730858276344, 'lambda_l2': 0.0029321761310478513, 'learning_rate': 0.022355856018472633}. Best is trial 0 with value: 0.0.
Traceback (most recent call last):
  File "train.py", line 1194, in <module>
    main(arguments)
  File "train.py", line 1065, in main
    agg_scorer, avg_train_time, avg_test_time = nested_cross_validation(
  File "train.py", line 707, in nested_cross_validation
    best_hp_idx = best_loss_dict.index(min(best_loss_dict))
ValueError: min() arg is an empty sequence
srun: error: stud-000: task 0: Exited with exit code 1
[I 2025-05-05 04:26:14,852] A new study created in memory with name: LightGBM_House_Prices_Nominal_outer1
[I 2025-05-05 04:26:15,130] Trial 0 finished with value: 0.0 and parameters: {'num_leaves': 2, 'lambda_l1': 1.7050666065997003e-08, 'lambda_l2': 2.383096690820722e-08, 'learning_rate': 0.013397062713555162}. Best is trial 0 with value: 0.0.
[I 2025-05-05 04:26:15,576] Trial 1 finished with value: 0.0 and parameters: {'num_leaves': 1126, 'lambda_l1': 3.7625400797380837, 'lambda_l2': 1.1054575658431772e-07, 'learning_rate': 0.021454016028341138}. Best is trial 0 with value: 0.0.
[I 2025-05-05 04:26:16,193] Trial 2 finished with value: 0.0 and parameters: {'num_leaves': 3326, 'lambda_l1': 0.2017225450444688, 'lambda_l2': 0.0005621179397945173, 'learning_rate': 0.013846534468666799}. Best is trial 0 with value: 0.0.
[I 2025-05-05 04:26:16,607] Trial 3 finished with value: 0.0 and parameters: {'num_leaves': 305, 'lambda_l1': 0.9846566199477667, 'lambda_l2': 3.4859402249766414e-05, 'learning_rate': 0.020970912440491603}. Best is trial 0 with value: 0.0.
[I 2025-05-05 04:26:17,069] Trial 4 finished with value: 0.0 and parameters: {'num_leaves': 488, 'lambda_l1': 8.713330004576118e-05, 'lambda_l2': 1.8799326944034607e-05, 'learning_rate': 0.030359444200455374}. Best is trial 0 with value: 0.0.
[I 2025-05-05 04:26:17,118] A new study created in memory with name: LightGBM_House_Prices_Nominal_outer2
[I 2025-05-05 04:26:17,557] Trial 0 finished with value: 0.0 and parameters: {'num_leaves': 2364, 'lambda_l1': 0.011342956983776162, 'lambda_l2': 0.00032408894372973655, 'learning_rate': 0.18348294121207612}. Best is trial 0 with value: 0.0.
[I 2025-05-05 04:26:17,965] Trial 1 finished with value: 0.0 and parameters: {'num_leaves': 68, 'lambda_l1': 0.7764435068848183, 'lambda_l2': 0.8853718966226315, 'learning_rate': 0.010169678724421262}. Best is trial 0 with value: 0.0.
[I 2025-05-05 04:26:18,413] Trial 2 finished with value: 0.0 and parameters: {'num_leaves': 149, 'lambda_l1': 0.009584984874461891, 'lambda_l2': 5.0096299409649264e-06, 'learning_rate': 0.017683779254508307}. Best is trial 0 with value: 0.0.
[I 2025-05-05 04:26:18,731] Trial 3 finished with value: 0.0 and parameters: {'num_leaves': 6, 'lambda_l1': 0.0011319035011775835, 'lambda_l2': 0.263303492012731, 'learning_rate': 0.02420853836030652}. Best is trial 0 with value: 0.0.
[I 2025-05-05 04:26:19,160] Trial 4 finished with value: 0.0 and parameters: {'num_leaves': 423, 'lambda_l1': 0.45295713659535936, 'lambda_l2': 3.4857300537298213, 'learning_rate': 0.04064645602195815}. Best is trial 0 with value: 0.0.
[I 2025-05-05 04:26:19,282] A new study created in memory with name: LightGBM_House_Prices_Nominal_outer3
[I 2025-05-05 04:26:19,659] Trial 0 finished with value: 0.0 and parameters: {'num_leaves': 55, 'lambda_l1': 0.00011763853090075706, 'lambda_l2': 0.00032072552802418465, 'learning_rate': 0.14060277531424673}. Best is trial 0 with value: 0.0.
[I 2025-05-05 04:26:20,173] Trial 1 finished with value: 0.0 and parameters: {'num_leaves': 1095, 'lambda_l1': 0.00011334842726828754, 'lambda_l2': 0.0041881302141669775, 'learning_rate': 0.05257618128487269}. Best is trial 0 with value: 0.0.
[I 2025-05-05 04:26:20,606] Trial 2 finished with value: 0.0 and parameters: {'num_leaves': 628, 'lambda_l1': 3.006843284384651e-06, 'lambda_l2': 0.0005926345579334252, 'learning_rate': 0.1083040620587319}. Best is trial 0 with value: 0.0.
[I 2025-05-05 04:26:21,072] Trial 3 finished with value: 0.0 and parameters: {'num_leaves': 506, 'lambda_l1': 0.0012482146461646785, 'lambda_l2': 1.0926496451957082e-07, 'learning_rate': 0.02721406675688731}. Best is trial 0 with value: 0.0.
[I 2025-05-05 04:26:21,298] Trial 4 finished with value: 0.0 and parameters: {'num_leaves': 2, 'lambda_l1': 0.7394117556137638, 'lambda_l2': 4.333940982712367e-08, 'learning_rate': 0.011049052866793783}. Best is trial 0 with value: 0.0.
[I 2025-05-05 04:26:21,389] A new study created in memory with name: LightGBM_House_Prices_Nominal_outer4
[I 2025-05-05 04:26:21,772] Trial 0 finished with value: 0.0 and parameters: {'num_leaves': 766, 'lambda_l1': 1.6332085673623285e-07, 'lambda_l2': 9.345046284667145e-07, 'learning_rate': 0.13928054059183675}. Best is trial 0 with value: 0.0.
[I 2025-05-05 04:26:22,212] Trial 1 finished with value: 0.0 and parameters: {'num_leaves': 582, 'lambda_l1': 1.1537309134555573e-05, 'lambda_l2': 0.0008794096745220918, 'learning_rate': 0.08855119727913353}. Best is trial 0 with value: 0.0.
[I 2025-05-05 04:26:22,464] Trial 2 finished with value: 0.0 and parameters: {'num_leaves': 3, 'lambda_l1': 9.465001746779614e-06, 'lambda_l2': 8.214685539529139e-06, 'learning_rate': 0.1991857851413957}. Best is trial 0 with value: 0.0.
[I 2025-05-05 04:26:22,738] Trial 3 finished with value: 0.0 and parameters: {'num_leaves': 4, 'lambda_l1': 0.0009133479187632724, 'lambda_l2': 2.4309051839104465, 'learning_rate': 0.04687219024465523}. Best is trial 0 with value: 0.0.
[I 2025-05-05 04:26:23,235] Trial 4 finished with value: 0.0 and parameters: {'num_leaves': 1230, 'lambda_l1': 2.426081444107344e-05, 'lambda_l2': 0.0012176567246062803, 'learning_rate': 0.027149413481786018}. Best is trial 0 with value: 0.0.
[I 2025-05-05 04:26:23,319] A new study created in memory with name: LightGBM_House_Prices_Nominal_outer5
[I 2025-05-05 04:26:23,838] Trial 0 finished with value: 0.0 and parameters: {'num_leaves': 3898, 'lambda_l1': 0.5717971216415433, 'lambda_l2': 1.0937424152646965e-07, 'learning_rate': 0.20726627456300514}. Best is trial 0 with value: 0.0.
[I 2025-05-05 04:26:24,089] Trial 1 finished with value: 0.0 and parameters: {'num_leaves': 3, 'lambda_l1': 0.0016383619638855017, 'lambda_l2': 0.012018664894945722, 'learning_rate': 0.047577722004787604}. Best is trial 0 with value: 0.0.
[I 2025-05-05 04:26:24,432] Trial 2 finished with value: 0.0 and parameters: {'num_leaves': 995, 'lambda_l1': 0.00021710555658119976, 'lambda_l2': 0.00038939209775553003, 'learning_rate': 0.19822811179147906}. Best is trial 0 with value: 0.0.
[I 2025-05-05 04:26:24,971] Trial 3 finished with value: 0.0 and parameters: {'num_leaves': 3990, 'lambda_l1': 0.10376522260214313, 'lambda_l2': 2.003975228788592e-08, 'learning_rate': 0.13334936832802266}. Best is trial 0 with value: 0.0.
[I 2025-05-05 04:26:25,337] Trial 4 finished with value: 0.0 and parameters: {'num_leaves': 1401, 'lambda_l1': 5.619201070462492e-08, 'lambda_l2': 5.689363014410906e-08, 'learning_rate': 0.22634283732869614}. Best is trial 0 with value: 0.0.
Traceback (most recent call last):
  File "train.py", line 1194, in <module>
    main(arguments)
  File "train.py", line 1065, in main
    agg_scorer, avg_train_time, avg_test_time = nested_cross_validation(
  File "train.py", line 707, in nested_cross_validation
    best_hp_idx = best_loss_dict.index(min(best_loss_dict))
ValueError: min() arg is an empty sequence
srun: error: stud-000: task 0: Exited with exit code 1
[I 2025-05-05 04:26:30,463] A new study created in memory with name: LightGBM_Mercedes_Benz_outer1
[I 2025-05-05 04:26:31,632] Trial 0 finished with value: 0.0 and parameters: {'num_leaves': 17, 'lambda_l1': 0.0003818171173909395, 'lambda_l2': 0.007621876095430135, 'learning_rate': 0.23863056584874415}. Best is trial 0 with value: 0.0.
[I 2025-05-05 04:26:32,468] Trial 1 finished with value: 0.0 and parameters: {'num_leaves': 2, 'lambda_l1': 0.000142841823635137, 'lambda_l2': 4.976789925922733e-06, 'learning_rate': 0.01727037568988414}. Best is trial 0 with value: 0.0.
[I 2025-05-05 04:26:33,559] Trial 2 finished with value: 0.0 and parameters: {'num_leaves': 2539, 'lambda_l1': 6.812448431567456e-07, 'lambda_l2': 4.6685051162487344e-05, 'learning_rate': 0.17456212288400907}. Best is trial 0 with value: 0.0.
[I 2025-05-05 04:26:34,530] Trial 3 finished with value: 0.0 and parameters: {'num_leaves': 9, 'lambda_l1': 0.0008288156163427677, 'lambda_l2': 1.8529459497827877e-07, 'learning_rate': 0.010772454202793784}. Best is trial 0 with value: 0.0.
[I 2025-05-05 04:26:35,371] Trial 4 finished with value: 0.0 and parameters: {'num_leaves': 12, 'lambda_l1': 6.12357405057193e-06, 'lambda_l2': 7.570784070983688e-08, 'learning_rate': 0.157512147696643}. Best is trial 0 with value: 0.0.
[I 2025-05-05 04:26:35,566] A new study created in memory with name: LightGBM_Mercedes_Benz_outer2
[I 2025-05-05 04:26:37,231] Trial 0 finished with value: 0.0 and parameters: {'num_leaves': 3044, 'lambda_l1': 4.6509504724485505e-06, 'lambda_l2': 0.0008999305946895636, 'learning_rate': 0.016780593263427523}. Best is trial 0 with value: 0.0.
[I 2025-05-05 04:26:38,155] Trial 1 finished with value: 0.0 and parameters: {'num_leaves': 6, 'lambda_l1': 0.0005335282967067889, 'lambda_l2': 0.05783743934786181, 'learning_rate': 0.03673435925182615}. Best is trial 0 with value: 0.0.
[I 2025-05-05 04:26:39,147] Trial 2 finished with value: 0.0 and parameters: {'num_leaves': 5, 'lambda_l1': 0.06934284834662284, 'lambda_l2': 0.1296039611353854, 'learning_rate': 0.05906393138398764}. Best is trial 0 with value: 0.0.
[I 2025-05-05 04:26:40,160] Trial 3 finished with value: 0.0 and parameters: {'num_leaves': 77, 'lambda_l1': 7.051878971131325, 'lambda_l2': 0.06176579893054042, 'learning_rate': 0.05040491817960454}. Best is trial 0 with value: 0.0.
[I 2025-05-05 04:26:41,714] Trial 4 finished with value: 0.0 and parameters: {'num_leaves': 1736, 'lambda_l1': 1.2559758178186064e-07, 'lambda_l2': 5.157701766893842e-06, 'learning_rate': 0.012142359767679535}. Best is trial 0 with value: 0.0.
[I 2025-05-05 04:26:42,103] A new study created in memory with name: LightGBM_Mercedes_Benz_outer3
[I 2025-05-05 04:26:43,361] Trial 0 finished with value: 0.0 and parameters: {'num_leaves': 2098, 'lambda_l1': 2.6319791678920323e-05, 'lambda_l2': 5.5396563992871413e-08, 'learning_rate': 0.0605521019410197}. Best is trial 0 with value: 0.0.
[I 2025-05-05 04:26:44,340] Trial 1 finished with value: 0.0 and parameters: {'num_leaves': 413, 'lambda_l1': 4.84626759757305, 'lambda_l2': 0.08443268613582798, 'learning_rate': 0.07356943684198726}. Best is trial 0 with value: 0.0.
[I 2025-05-05 04:26:45,668] Trial 2 finished with value: 0.0 and parameters: {'num_leaves': 433, 'lambda_l1': 8.497735636296989e-05, 'lambda_l2': 7.918921020043345e-07, 'learning_rate': 0.02932278620645432}. Best is trial 0 with value: 0.0.
[I 2025-05-05 04:26:46,935] Trial 3 finished with value: 0.0 and parameters: {'num_leaves': 2213, 'lambda_l1': 0.002229031212897919, 'lambda_l2': 0.0003730195037786923, 'learning_rate': 0.05555746095665412}. Best is trial 0 with value: 0.0.
[I 2025-05-05 04:26:47,740] Trial 4 finished with value: 0.0 and parameters: {'num_leaves': 2, 'lambda_l1': 1.0225149364403525e-05, 'lambda_l2': 7.239433407243131e-07, 'learning_rate': 0.24909742528064654}. Best is trial 0 with value: 0.0.
[I 2025-05-05 04:26:48,049] A new study created in memory with name: LightGBM_Mercedes_Benz_outer4
[I 2025-05-05 04:26:49,326] Trial 0 finished with value: 0.0 and parameters: {'num_leaves': 130, 'lambda_l1': 0.15474458877987243, 'lambda_l2': 7.591886071938361e-06, 'learning_rate': 0.030602087986089852}. Best is trial 0 with value: 0.0.
[I 2025-05-05 04:26:50,471] Trial 1 finished with value: 0.0 and parameters: {'num_leaves': 245, 'lambda_l1': 0.0014931905871408923, 'lambda_l2': 1.9325913113570475e-06, 'learning_rate': 0.054529337828539096}. Best is trial 0 with value: 0.0.
[I 2025-05-05 04:26:51,293] Trial 2 finished with value: 0.0 and parameters: {'num_leaves': 2, 'lambda_l1': 0.8764245593056892, 'lambda_l2': 8.741626212499794e-08, 'learning_rate': 0.08705231856183117}. Best is trial 0 with value: 0.0.
[I 2025-05-05 04:26:52,624] Trial 3 finished with value: 0.0 and parameters: {'num_leaves': 528, 'lambda_l1': 3.477512701985268e-06, 'lambda_l2': 0.007308881281983795, 'learning_rate': 0.029899311003246273}. Best is trial 0 with value: 0.0.
[I 2025-05-05 04:26:53,931] Trial 4 finished with value: 0.0 and parameters: {'num_leaves': 408, 'lambda_l1': 0.08956956758535427, 'lambda_l2': 5.4409795101055e-06, 'learning_rate': 0.012574625213480416}. Best is trial 0 with value: 0.0.
[I 2025-05-05 04:26:54,232] A new study created in memory with name: LightGBM_Mercedes_Benz_outer5
[I 2025-05-05 04:26:55,126] Trial 0 finished with value: 0.0 and parameters: {'num_leaves': 278, 'lambda_l1': 2.903593005530225, 'lambda_l2': 0.00026868575439847024, 'learning_rate': 0.2628744395355278}. Best is trial 0 with value: 0.0.
[I 2025-05-05 04:26:56,383] Trial 1 finished with value: 0.0 and parameters: {'num_leaves': 66, 'lambda_l1': 5.989434954094102e-05, 'lambda_l2': 0.41844972183488155, 'learning_rate': 0.038998171533777284}. Best is trial 0 with value: 0.0.
[I 2025-05-05 04:26:57,306] Trial 2 finished with value: 0.0 and parameters: {'num_leaves': 337, 'lambda_l1': 5.649070840281937, 'lambda_l2': 3.376234259887595e-06, 'learning_rate': 0.09711535067481392}. Best is trial 0 with value: 0.0.
[I 2025-05-05 04:26:58,691] Trial 3 finished with value: 0.0 and parameters: {'num_leaves': 398, 'lambda_l1': 6.469798939845156e-06, 'lambda_l2': 1.3029760932176464e-05, 'learning_rate': 0.019815465318238315}. Best is trial 0 with value: 0.0.
[I 2025-05-05 04:26:59,908] Trial 4 finished with value: 0.0 and parameters: {'num_leaves': 92, 'lambda_l1': 0.12166665763363063, 'lambda_l2': 0.2547447407771476, 'learning_rate': 0.03634254703109161}. Best is trial 0 with value: 0.0.
Traceback (most recent call last):
  File "train.py", line 1194, in <module>
    main(arguments)
  File "train.py", line 1065, in main
    agg_scorer, avg_train_time, avg_test_time = nested_cross_validation(
  File "train.py", line 707, in nested_cross_validation
    best_hp_idx = best_loss_dict.index(min(best_loss_dict))
ValueError: min() arg is an empty sequence
srun: error: stud-000: task 0: Exited with exit code 1
[I 2025-05-05 04:27:15,015] A new study created in memory with name: LightGBM_Allstate_Claims_outer1
[I 2025-05-05 04:27:51,611] Trial 0 finished with value: 0.0 and parameters: {'num_leaves': 38, 'lambda_l1': 3.0138942899876756e-06, 'lambda_l2': 3.5574406231657836, 'learning_rate': 0.010761145487555529}. Best is trial 0 with value: 0.0.
[I 2025-05-05 04:28:25,594] Trial 1 finished with value: 0.0 and parameters: {'num_leaves': 2, 'lambda_l1': 1.5089358189116006e-08, 'lambda_l2': 6.581784837139967e-05, 'learning_rate': 0.010677449863389244}. Best is trial 0 with value: 0.0.
[I 2025-05-05 04:29:16,848] Trial 2 finished with value: 0.0 and parameters: {'num_leaves': 294, 'lambda_l1': 1.3787919168693183e-06, 'lambda_l2': 1.1142864866675295e-05, 'learning_rate': 0.010784769146079917}. Best is trial 0 with value: 0.0.
[I 2025-05-05 04:29:53,276] Trial 3 finished with value: 0.0 and parameters: {'num_leaves': 6, 'lambda_l1': 0.002742531863009033, 'lambda_l2': 2.2333292433599922e-07, 'learning_rate': 0.016866304815351015}. Best is trial 0 with value: 0.0.
[I 2025-05-05 04:30:31,797] Trial 4 finished with value: 0.0 and parameters: {'num_leaves': 37, 'lambda_l1': 6.89039673868439e-05, 'lambda_l2': 0.00021425753288200296, 'learning_rate': 0.11839090155403603}. Best is trial 0 with value: 0.0.
[I 2025-05-05 04:30:41,942] A new study created in memory with name: LightGBM_Allstate_Claims_outer2
[I 2025-05-05 04:31:18,058] Trial 0 finished with value: 0.0 and parameters: {'num_leaves': 13, 'lambda_l1': 0.006855981083509333, 'lambda_l2': 2.6543596303152397e-08, 'learning_rate': 0.16496297610046184}. Best is trial 0 with value: 0.0.
[I 2025-05-05 04:32:04,102] Trial 1 finished with value: 0.0 and parameters: {'num_leaves': 368, 'lambda_l1': 5.566990706533139e-07, 'lambda_l2': 9.760321570431078, 'learning_rate': 0.13715060240331556}. Best is trial 0 with value: 0.0.
[I 2025-05-05 04:33:15,386] Trial 2 finished with value: 0.0 and parameters: {'num_leaves': 895, 'lambda_l1': 5.085932567060725e-06, 'lambda_l2': 0.5167669744878617, 'learning_rate': 0.015696298359591028}. Best is trial 0 with value: 0.0.
[I 2025-05-05 04:34:00,517] Trial 3 finished with value: 0.0 and parameters: {'num_leaves': 145, 'lambda_l1': 0.015518816378359546, 'lambda_l2': 6.990382810084389e-08, 'learning_rate': 0.03681926619072329}. Best is trial 0 with value: 0.0.
[I 2025-05-05 04:34:36,982] Trial 4 finished with value: 0.0 and parameters: {'num_leaves': 9, 'lambda_l1': 2.567472983630977e-07, 'lambda_l2': 4.019505953081457e-08, 'learning_rate': 0.1304523637204873}. Best is trial 0 with value: 0.0.
[I 2025-05-05 04:34:46,517] A new study created in memory with name: LightGBM_Allstate_Claims_outer3
[I 2025-05-05 04:36:24,766] Trial 0 finished with value: 0.0 and parameters: {'num_leaves': 3384, 'lambda_l1': 1.0166462937621454, 'lambda_l2': 0.0015976099098319945, 'learning_rate': 0.03573263956147218}. Best is trial 0 with value: 0.0.
[I 2025-05-05 04:37:35,515] Trial 1 finished with value: 0.0 and parameters: {'num_leaves': 920, 'lambda_l1': 0.0063200367014189735, 'lambda_l2': 4.3212617073669154e-08, 'learning_rate': 0.010946597953706163}. Best is trial 0 with value: 0.0.
[I 2025-05-05 04:38:25,200] Trial 2 finished with value: 0.0 and parameters: {'num_leaves': 215, 'lambda_l1': 6.920917528726266, 'lambda_l2': 3.53962945348296e-07, 'learning_rate': 0.013288977408116747}. Best is trial 0 with value: 0.0.
[I 2025-05-05 04:39:02,076] Trial 3 finished with value: 0.0 and parameters: {'num_leaves': 11, 'lambda_l1': 0.00029016324144013743, 'lambda_l2': 1.3143082049316686, 'learning_rate': 0.0926217867424703}. Best is trial 0 with value: 0.0.
[I 2025-05-05 04:39:45,100] Trial 4 finished with value: 0.0 and parameters: {'num_leaves': 79, 'lambda_l1': 0.0005126008957632369, 'lambda_l2': 2.0953619304174238e-05, 'learning_rate': 0.035121290291028534}. Best is trial 0 with value: 0.0.
[I 2025-05-05 04:40:10,586] A new study created in memory with name: LightGBM_Allstate_Claims_outer4
[I 2025-05-05 04:40:47,306] Trial 0 finished with value: 0.0 and parameters: {'num_leaves': 3, 'lambda_l1': 0.004627628920304562, 'lambda_l2': 4.105004699881213, 'learning_rate': 0.020440724317032203}. Best is trial 0 with value: 0.0.
[I 2025-05-05 04:41:41,685] Trial 1 finished with value: 0.0 and parameters: {'num_leaves': 342, 'lambda_l1': 6.568357631220592e-08, 'lambda_l2': 4.13694832773448, 'learning_rate': 0.04956528134256561}. Best is trial 0 with value: 0.0.
[I 2025-05-05 04:43:18,677] Trial 2 finished with value: 0.0 and parameters: {'num_leaves': 3089, 'lambda_l1': 4.465186092432811, 'lambda_l2': 0.007993315506661158, 'learning_rate': 0.011400481567879766}. Best is trial 0 with value: 0.0.
[I 2025-05-05 04:44:48,861] Trial 3 finished with value: 0.0 and parameters: {'num_leaves': 3247, 'lambda_l1': 2.506056901224878, 'lambda_l2': 1.397506271075191, 'learning_rate': 0.011152867757796253}. Best is trial 0 with value: 0.0.
[I 2025-05-05 04:45:26,331] Trial 4 finished with value: 0.0 and parameters: {'num_leaves': 2, 'lambda_l1': 1.0700894757294046e-06, 'lambda_l2': 0.6074491693017483, 'learning_rate': 0.07709149937979684}. Best is trial 0 with value: 0.0.
[I 2025-05-05 04:45:36,133] A new study created in memory with name: LightGBM_Allstate_Claims_outer5
[I 2025-05-05 04:46:11,389] Trial 0 finished with value: 0.0 and parameters: {'num_leaves': 15, 'lambda_l1': 0.708655168142239, 'lambda_l2': 0.029746412997958976, 'learning_rate': 0.09910340536668663}. Best is trial 0 with value: 0.0.
[I 2025-05-05 04:47:42,245] Trial 1 finished with value: 0.0 and parameters: {'num_leaves': 2078, 'lambda_l1': 0.031768331555124305, 'lambda_l2': 8.783990971059395e-07, 'learning_rate': 0.011726088282779655}. Best is trial 0 with value: 0.0.
[I 2025-05-05 04:48:17,613] Trial 2 finished with value: 0.0 and parameters: {'num_leaves': 43, 'lambda_l1': 0.05810922088147426, 'lambda_l2': 0.000533442692257753, 'learning_rate': 0.11559769876429539}. Best is trial 0 with value: 0.0.
[I 2025-05-05 04:49:09,241] Trial 3 finished with value: 0.0 and parameters: {'num_leaves': 2732, 'lambda_l1': 1.1826446944370186, 'lambda_l2': 0.0008351834891074518, 'learning_rate': 0.2367775864575057}. Best is trial 0 with value: 0.0.
[I 2025-05-05 04:49:48,345] Trial 4 finished with value: 0.0 and parameters: {'num_leaves': 92, 'lambda_l1': 0.0007191625785697372, 'lambda_l2': 0.35844071305390635, 'learning_rate': 0.10628260086758876}. Best is trial 0 with value: 0.0.
Traceback (most recent call last):
  File "train.py", line 1194, in <module>
    main(arguments)
  File "train.py", line 1065, in main
    agg_scorer, avg_train_time, avg_test_time = nested_cross_validation(
  File "train.py", line 707, in nested_cross_validation
    best_hp_idx = best_loss_dict.index(min(best_loss_dict))
ValueError: min() arg is an empty sequence
srun: error: stud-000: task 0: Exited with exit code 1
