Traceback (most recent call last):
  File "train.py", line 1250, in <module>
    main_once(arguments)
  File "train.py", line 1210, in main_once
    sc, timer, results = test_model(model_name, parameters, X, y, X_test, y_test, args, visual=False, save_model=True)
  File "train.py", line 924, in test_model
    loss_history, test_loss_history = curr_model.fit(X_train, y_train_class, X_test, y_test_class)  # X_test, y_test_class)
  File "/home/mburu/Master_Thesis/master-thesis-da/DNN_Trial/models/saint.py", line 152, in fit
    optimizer.step()
  File "/home/mburu/anaconda3/envs/TabSurvey/lib/python3.8/site-packages/torch/optim/optimizer.py", line 373, in wrapper
    out = func(*args, **kwargs)
  File "/home/mburu/anaconda3/envs/TabSurvey/lib/python3.8/site-packages/torch/optim/optimizer.py", line 76, in _use_grad
    ret = func(self, *args, **kwargs)
  File "/home/mburu/anaconda3/envs/TabSurvey/lib/python3.8/site-packages/torch/optim/adamw.py", line 184, in step
    adamw(
  File "/home/mburu/anaconda3/envs/TabSurvey/lib/python3.8/site-packages/torch/optim/adamw.py", line 335, in adamw
    func(
  File "/home/mburu/anaconda3/envs/TabSurvey/lib/python3.8/site-packages/torch/optim/adamw.py", line 599, in _multi_tensor_adamw
    exp_avg_sq_sqrt = torch._foreach_sqrt(device_exp_avg_sqs)
torch.cuda.OutOfMemoryError: CUDA out of memory. Tried to allocate 584.00 MiB. GPU 0 has a total capacty of 7.79 GiB of which 76.44 MiB is free. Including non-PyTorch memory, this process has 7.71 GiB memory in use. Of the allocated memory 7.31 GiB is allocated by PyTorch, and 270.26 MiB is reserved by PyTorch but unallocated. If reserved but unallocated memory is large try setting max_split_size_mb to avoid fragmentation.  See documentation for Memory Management and PYTORCH_CUDA_ALLOC_CONF
srun: error: stud-000: task 0: Exited with exit code 1
Traceback (most recent call last):
  File "train.py", line 1250, in <module>
    main_once(arguments)
  File "train.py", line 1210, in main_once
    sc, timer, results = test_model(model_name, parameters, X, y, X_test, y_test, args, visual=False, save_model=True)
  File "train.py", line 924, in test_model
    loss_history, test_loss_history = curr_model.fit(X_train, y_train_class, X_test, y_test_class)  # X_test, y_test_class)
  File "/home/mburu/Master_Thesis/master-thesis-da/DNN_Trial/models/saint.py", line 152, in fit
    optimizer.step()
  File "/home/mburu/anaconda3/envs/TabSurvey/lib/python3.8/site-packages/torch/optim/optimizer.py", line 373, in wrapper
    out = func(*args, **kwargs)
  File "/home/mburu/anaconda3/envs/TabSurvey/lib/python3.8/site-packages/torch/optim/optimizer.py", line 76, in _use_grad
    ret = func(self, *args, **kwargs)
  File "/home/mburu/anaconda3/envs/TabSurvey/lib/python3.8/site-packages/torch/optim/adamw.py", line 184, in step
    adamw(
  File "/home/mburu/anaconda3/envs/TabSurvey/lib/python3.8/site-packages/torch/optim/adamw.py", line 335, in adamw
    func(
  File "/home/mburu/anaconda3/envs/TabSurvey/lib/python3.8/site-packages/torch/optim/adamw.py", line 599, in _multi_tensor_adamw
    exp_avg_sq_sqrt = torch._foreach_sqrt(device_exp_avg_sqs)
torch.cuda.OutOfMemoryError: CUDA out of memory. Tried to allocate 584.00 MiB. GPU 0 has a total capacty of 7.79 GiB of which 76.44 MiB is free. Including non-PyTorch memory, this process has 7.71 GiB memory in use. Of the allocated memory 7.31 GiB is allocated by PyTorch, and 270.26 MiB is reserved by PyTorch but unallocated. If reserved but unallocated memory is large try setting max_split_size_mb to avoid fragmentation.  See documentation for Memory Management and PYTORCH_CUDA_ALLOC_CONF
srun: error: stud-000: task 0: Exited with exit code 1
