[I 2025-04-13 16:11:43,161] Using an existing study with name 'NODE_MIP' instead of creating a new one.
[W 2025-04-13 16:11:59,225] Trial 1 failed with parameters: {'num_layers': 8, 'total_tree_count': 1024, 'tree_depth': 8, 'tree_output_dim': 3} because of the following error: OutOfMemoryError('CUDA out of memory. Tried to allocate 968.00 MiB. GPU 0 has a total capacty of 7.79 GiB of which 88.44 MiB is free. Including non-PyTorch memory, this process has 7.70 GiB memory in use. Of the allocated memory 6.08 GiB is allocated by PyTorch, and 1.50 GiB is reserved by PyTorch but unallocated. If reserved but unallocated memory is large try setting max_split_size_mb to avoid fragmentation.  See documentation for Memory Management and PYTORCH_CUDA_ALLOC_CONF').
Traceback (most recent call last):
  File "/home/mburu/.local/lib/python3.8/site-packages/optuna/study/_optimize.py", line 197, in _run_trial
    value_or_values = func(trial)
  File "train.py", line 338, in __call__
    sc, time = cross_validation(model, self.X, self.y, args_cp, visual=False, save_model=False)#Dont save model during HPT
  File "train.py", line 228, in cross_validation
    loss_history, val_loss_history = curr_model.fit(X_train, y_train, X_test, y_test)  # X_val, y_val)
  File "/home/mburu/Master_Thesis/master-thesis-da/DNN_Trial/models/node.py", line 150, in fit
    metrics = self.trainer.train_on_batch(*batch, device=self.device)
  File "/home/mburu/Master_Thesis/master-thesis-da/DNN_Trial/models/node_lib/trainer.py", line 123, in train_on_batch
    loss = self.loss_function(self.model(x_batch), y_batch).mean()
  File "/home/mburu/anaconda3/envs/Tab4Node/lib/python3.8/site-packages/torch/nn/modules/module.py", line 1518, in _wrapped_call_impl
    return self._call_impl(*args, **kwargs)
  File "/home/mburu/anaconda3/envs/Tab4Node/lib/python3.8/site-packages/torch/nn/modules/module.py", line 1527, in _call_impl
    return forward_call(*args, **kwargs)
  File "/home/mburu/anaconda3/envs/Tab4Node/lib/python3.8/site-packages/torch/nn/modules/container.py", line 215, in forward
    input = module(input)
  File "/home/mburu/anaconda3/envs/Tab4Node/lib/python3.8/site-packages/torch/nn/modules/module.py", line 1518, in _wrapped_call_impl
    return self._call_impl(*args, **kwargs)
  File "/home/mburu/anaconda3/envs/Tab4Node/lib/python3.8/site-packages/torch/nn/modules/module.py", line 1527, in _call_impl
    return forward_call(*args, **kwargs)
  File "/home/mburu/Master_Thesis/master-thesis-da/DNN_Trial/models/node_lib/arch.py", line 31, in forward
    h = layer(layer_inp)
  File "/home/mburu/Master_Thesis/master-thesis-da/DNN_Trial/models/node_lib/nn_utils.py", line 221, in __call__
    return super().__call__(*args, **kwargs)
  File "/home/mburu/anaconda3/envs/Tab4Node/lib/python3.8/site-packages/torch/nn/modules/module.py", line 1518, in _wrapped_call_impl
    return self._call_impl(*args, **kwargs)
  File "/home/mburu/anaconda3/envs/Tab4Node/lib/python3.8/site-packages/torch/nn/modules/module.py", line 1527, in _call_impl
    return forward_call(*args, **kwargs)
  File "/home/mburu/Master_Thesis/master-thesis-da/DNN_Trial/models/node_lib/odst.py", line 84, in forward
    feature_selectors = self.choice_function(feature_logits, dim=0)
  File "/home/mburu/Master_Thesis/master-thesis-da/DNN_Trial/models/node_lib/nn_utils.py", line 186, in <lambda>
    entmax15 = lambda input, dim=-1: Entmax15Function.apply(input, dim)
  File "/home/mburu/anaconda3/envs/Tab4Node/lib/python3.8/site-packages/torch/autograd/function.py", line 539, in apply
    return super().apply(*args, **kwargs)  # type: ignore[misc]
  File "/home/mburu/Master_Thesis/master-thesis-da/DNN_Trial/models/node_lib/nn_utils.py", line 118, in forward
    tau_star, _ = Entmax15Function._threshold_and_support(input, dim)
  File "/home/mburu/Master_Thesis/master-thesis-da/DNN_Trial/models/node_lib/nn_utils.py", line 135, in _threshold_and_support
    Xsrt, _ = torch.sort(input, descending=True, dim=dim)
torch.cuda.OutOfMemoryError: CUDA out of memory. Tried to allocate 968.00 MiB. GPU 0 has a total capacty of 7.79 GiB of which 88.44 MiB is free. Including non-PyTorch memory, this process has 7.70 GiB memory in use. Of the allocated memory 6.08 GiB is allocated by PyTorch, and 1.50 GiB is reserved by PyTorch but unallocated. If reserved but unallocated memory is large try setting max_split_size_mb to avoid fragmentation.  See documentation for Memory Management and PYTORCH_CUDA_ALLOC_CONF
[W 2025-04-13 16:11:59,713] Trial 1 failed with value None.
Traceback (most recent call last):
  File "train.py", line 397, in <module>
    main(arguments)
  File "train.py", line 360, in main
    study.optimize(Objective(args, model_name, X, y), n_trials=args.n_trials)
  File "/home/mburu/.local/lib/python3.8/site-packages/optuna/study/study.py", line 475, in optimize
    _optimize(
  File "/home/mburu/.local/lib/python3.8/site-packages/optuna/study/_optimize.py", line 63, in _optimize
    _optimize_sequential(
  File "/home/mburu/.local/lib/python3.8/site-packages/optuna/study/_optimize.py", line 160, in _optimize_sequential
    frozen_trial = _run_trial(study, func, catch)
  File "/home/mburu/.local/lib/python3.8/site-packages/optuna/study/_optimize.py", line 248, in _run_trial
    raise func_err
  File "/home/mburu/.local/lib/python3.8/site-packages/optuna/study/_optimize.py", line 197, in _run_trial
    value_or_values = func(trial)
  File "train.py", line 338, in __call__
    sc, time = cross_validation(model, self.X, self.y, args_cp, visual=False, save_model=False)#Dont save model during HPT
  File "train.py", line 228, in cross_validation
    loss_history, val_loss_history = curr_model.fit(X_train, y_train, X_test, y_test)  # X_val, y_val)
  File "/home/mburu/Master_Thesis/master-thesis-da/DNN_Trial/models/node.py", line 150, in fit
    metrics = self.trainer.train_on_batch(*batch, device=self.device)
  File "/home/mburu/Master_Thesis/master-thesis-da/DNN_Trial/models/node_lib/trainer.py", line 123, in train_on_batch
    loss = self.loss_function(self.model(x_batch), y_batch).mean()
  File "/home/mburu/anaconda3/envs/Tab4Node/lib/python3.8/site-packages/torch/nn/modules/module.py", line 1518, in _wrapped_call_impl
    return self._call_impl(*args, **kwargs)
  File "/home/mburu/anaconda3/envs/Tab4Node/lib/python3.8/site-packages/torch/nn/modules/module.py", line 1527, in _call_impl
    return forward_call(*args, **kwargs)
  File "/home/mburu/anaconda3/envs/Tab4Node/lib/python3.8/site-packages/torch/nn/modules/container.py", line 215, in forward
    input = module(input)
  File "/home/mburu/anaconda3/envs/Tab4Node/lib/python3.8/site-packages/torch/nn/modules/module.py", line 1518, in _wrapped_call_impl
    return self._call_impl(*args, **kwargs)
  File "/home/mburu/anaconda3/envs/Tab4Node/lib/python3.8/site-packages/torch/nn/modules/module.py", line 1527, in _call_impl
    return forward_call(*args, **kwargs)
  File "/home/mburu/Master_Thesis/master-thesis-da/DNN_Trial/models/node_lib/arch.py", line 31, in forward
    h = layer(layer_inp)
  File "/home/mburu/Master_Thesis/master-thesis-da/DNN_Trial/models/node_lib/nn_utils.py", line 221, in __call__
    return super().__call__(*args, **kwargs)
  File "/home/mburu/anaconda3/envs/Tab4Node/lib/python3.8/site-packages/torch/nn/modules/module.py", line 1518, in _wrapped_call_impl
    return self._call_impl(*args, **kwargs)
  File "/home/mburu/anaconda3/envs/Tab4Node/lib/python3.8/site-packages/torch/nn/modules/module.py", line 1527, in _call_impl
    return forward_call(*args, **kwargs)
  File "/home/mburu/Master_Thesis/master-thesis-da/DNN_Trial/models/node_lib/odst.py", line 84, in forward
    feature_selectors = self.choice_function(feature_logits, dim=0)
  File "/home/mburu/Master_Thesis/master-thesis-da/DNN_Trial/models/node_lib/nn_utils.py", line 186, in <lambda>
    entmax15 = lambda input, dim=-1: Entmax15Function.apply(input, dim)
  File "/home/mburu/anaconda3/envs/Tab4Node/lib/python3.8/site-packages/torch/autograd/function.py", line 539, in apply
    return super().apply(*args, **kwargs)  # type: ignore[misc]
  File "/home/mburu/Master_Thesis/master-thesis-da/DNN_Trial/models/node_lib/nn_utils.py", line 118, in forward
    tau_star, _ = Entmax15Function._threshold_and_support(input, dim)
  File "/home/mburu/Master_Thesis/master-thesis-da/DNN_Trial/models/node_lib/nn_utils.py", line 135, in _threshold_and_support
    Xsrt, _ = torch.sort(input, descending=True, dim=dim)
torch.cuda.OutOfMemoryError: CUDA out of memory. Tried to allocate 968.00 MiB. GPU 0 has a total capacty of 7.79 GiB of which 88.44 MiB is free. Including non-PyTorch memory, this process has 7.70 GiB memory in use. Of the allocated memory 6.08 GiB is allocated by PyTorch, and 1.50 GiB is reserved by PyTorch but unallocated. If reserved but unallocated memory is large try setting max_split_size_mb to avoid fragmentation.  See documentation for Memory Management and PYTORCH_CUDA_ALLOC_CONF
srun: error: stud-000: task 0: Exited with exit code 1
