Namespace(batch_size=32, bin_alt=None, cat_dims=[2], cat_idx=[0], config='config/diamonds.yml', data_parallel=False, dataset='Diamonds', direction='maximize', dropna_idx=None, early_stopping_rounds=20, epochs=100, frequency_reg=False, gpu_ids=[0, 1], logging_period=100, miss_cat_idx=None, miss_num_idx=None, model_name='NODE', n_trials=20, nominal_idx=None, num_bins=10, num_classes=1, num_features=9, num_idx=None, num_splits=5, objective='probabilistic_regression', one_hot_encode=False, optimize_hyperparameters=True, ordinal_encode=True, ordinal_idx=[1, 2, 3], scale=True, seed=221, shuffle=True, target_encode=False, use_gpu=True, val_batch_size=64, y_distribution='normal')
Start hyperparameter optimization
Loading dataset Diamonds...
Dataset loaded! 

(53940, 9)
Using an existing study with name 'NODE_Diamonds' instead of creating a new one.
In get_device
On: cuda
On Device: cuda
Fold 1
num_features : 9
num_classes : 1
cat_idx : [0]
nominal_idx : None
ordinal_idx : [1, 2, 3]
num_idx : None
cat_dims : [2]
bin_alt : None
~~~~~~~~~~~~~~~~~~~~~~~~~~~~~~~~~~~~~~~~~~~~~~~~~~~~~~~~~~~~~~~~~~~~~~~~~~~~~~~
BEFORE ANY ENCODING
num_features :9
num_classes : 1
cat_idx : [0]
nominal_idx : None
ordinal_idx : [1, 2, 3]
num_idx : None
cat_dims : [2]
bin_alt : None 


X shape : (43152, 9)
~~~~~~~~~~~~~~~~~~~~~~~~~~~~~~~~~~~~~~~~~~~~~~~~~~~~~~~~~~~~~~~~~~~~~~~~~~~~~~~
~~~~~~~~~~~~~~~~~~~~~~~~~~~~~~~~~~~~~~~~~~~~~~~~~~~~~~~~~~~~~~~~~~~~~~~~~~~~~~~ 


AFTER SEPARATING CATEGORICALS AND NUMERICALS
Numerical Index V1 : [0, 4, 5, 6, 7, 8]
Cat Dims V1 : [6, 8, 9]
Cat Idx V1 : [1, 2, 3] 
 

~~~~~~~~~~~~~~~~~~~~~~~~~~~~~~~~~~~~~~~~~~~~~~~~~~~~~~~~~~~~~~~~~~~~~~~~~~~~~~~ 


Scaling the data...
~~~~~~~~~~~~~~~~~~~~~~~~~~~~~~~~~~~~~~~~~~~~~~~~~~~~~~~~~~~~~~~~~~~~~~~~~~~~~~~
After OHE
Numerical Index V2 : [0, 4, 5, 6, 7, 8] 


OHE Idx : None


Ordinal Idx V2: [1, 2, 3]


Cat Dims V2 : [6, 8, 9]
Cat Idx V2 : [1, 2, 3] 
 

Train: [[-1.1950384527976465 'Ideal' 'E' 'SI2' -0.17767576091934348]
 [-1.236976378485391 'Premium' 'E' 'SI1' -1.3637394355688461]
 [-1.069224675734413 'Premium' 'I' 'VS2' 0.45024030213039123]
 [-1.1740694899537742 'Very Good' 'J' 'VVS2' 0.7293141079302727]
 [-1.1740694899537742 'Very Good' 'I' 'VVS1' 0.3804718506804196]
 [-1.1321315642660297 'Very Good' 'H' 'SI1' 0.10139804488053805]
 [-1.2160074156415188 'Fair' 'E' 'VS2' 2.3339884912795954]
 [-1.1950384527976465 'Very Good' 'H' 'VS1' -1.6428132413687278]
 [-1.0482557128905408 'Good' 'J' 'SI1' 1.5665355253299222]
 [-1.1950384527976465 'Ideal' 'J' 'VS1' 0.7293141079302727]] 
 
 
Val : (43152, 9) 
 

~~~~~~~~~~~~~~~~~~~~~~~~~~~~~~~~~~~~~~~~~~~~~~~~~~~~~~~~~~~~~~~~~~~~~~~~~~~~~~~
~~~~~~~~~~~~~~~~~~~~~~~~~~~~~~~~~~~~~~~~~~~~~~~~~~~~~~~~~~~~~~~~~~~~~~~~~~~~~~~
After ORDINAL
Numerical Index V2 : [0, 4, 5, 6, 7, 8] 


OHE Idx : None


Ordinal Idx V2: [1, 2, 3]


Cat Dims V2 : [6, 8, 9]
Cat Idx V2 : [1, 2, 3] 
 

Train: [[-1.1950384527976465 5 6 2 -0.17767576091934348 -1.0997679290240274
  -1.5847483029459433 -1.5624470539339794 -1.5635817068251905]
 [-1.236976378485391 4 6 3 -1.3637394355688461 1.5843835902987453
  -1.6380368496537203 -1.6869504169773575 -1.7324417222907198]
 [-1.069224675734413 4 2 4 0.45024030213039123 0.24230783063735892
  -1.3627126916635395 -1.3401196199279468 -1.2821483477159754]
 [-1.1740694899537742 3 1 6 0.7293141079302727 -0.20505075591643654
  -1.5936297273972397 -1.580233248654462 -1.493223367047887]
 [-1.1740694899537742 3 2 7 0.3804718506804196 -0.20505075591643654
  -1.5847483029459433 -1.5624470539339794 -1.5072950350033474]
 [-1.1321315642660297 3 3 3 0.10139804488053805 -1.0997679290240274
  -1.4781712095303894 -1.4468367882508424 -1.4228650272705832]
 [-1.2160074156415188 1 6 4 2.3339884912795954 1.5843835902987453
  -1.6557996985563126 -1.7403090011388052 -1.4791516990924258]
 [-1.1950384527976465 3 3 5 -1.6428132413687278 1.5843835902987453
  -1.5403411806894627 -1.5001953724122905 -1.6198683786470336]
 [-1.0482557128905408 2 1 3 1.5665355253299222 -1.0997679290240274
  -1.318305569407059 -1.2956541331267404 -1.1414316681613677]
 [-1.1950384527976465 5 1 5 0.7293141079302727 -0.652409342470232
  -1.6025111518485355 -1.6335918328159098 -1.5213667029588085]] 
 
 
Val : (43152, 9) 
 

FINISHED ENCODING
~~~~~~~~~~~~~~~~~~~~~~~~~~~~~~~~~~~~~~~~~~~~~~~~~~~~~~~~~~~~~~~~~~~~~~~~~~~~~~~
Number of Classes B4 Bin Verifier: 14
Unique values in y_train: (array([ 0.,  1.,  2.,  3.,  4.,  5.,  6.,  7.,  8.,  9., 10., 11., 12.,
       13.]), 14)
Unique values in y_test: (array([ 0.,  1.,  2.,  3.,  4.,  5.,  6.,  7.,  8.,  9., 10., 11., 12.,
       13.]), 14)
No need to shift labels.
VERIFY SHIFT
Train after shift : [ 0  1  2  3  4  5  6  7  8  9 10 11 12 13], Length : 14
Test after shift : [ 0  1  2  3  4  5  6  7  8  9 10 11 12 13], Length : 14
Number of Classes After Bin Verifier: 14
In get_device
On: cuda
On Device: cuda
{'num_layers': 4, 'total_tree_count': 2048, 'tree_depth': 6, 'tree_output_dim': 2}
Saved logs/Diamonds_2025.04.14_07:46:11/checkpoint_temp_100.pth
Loaded logs/Diamonds_2025.04.14_07:46:11/checkpoint_avg.pth
Val LogLoss: 2.18232
Val Loss: 2.18232
Saved logs/Diamonds_2025.04.14_07:46:11/checkpoint_best.pth
Loaded logs/Diamonds_2025.04.14_07:46:11/checkpoint_temp_100.pth
Saved logs/Diamonds_2025.04.14_07:46:11/checkpoint_temp_200.pth
Trial 3 failed with parameters: {'num_layers': 4, 'total_tree_count': 2048, 'tree_depth': 6, 'tree_output_dim': 2} because of the following error: OutOfMemoryError('CUDA out of memory. Tried to allocate 182.00 MiB. GPU 0 has a total capacty of 7.79 GiB of which 66.44 MiB is free. Including non-PyTorch memory, this process has 7.72 GiB memory in use. Of the allocated memory 7.05 GiB is allocated by PyTorch, and 552.71 MiB is reserved by PyTorch but unallocated. If reserved but unallocated memory is large try setting max_split_size_mb to avoid fragmentation.  See documentation for Memory Management and PYTORCH_CUDA_ALLOC_CONF').
Traceback (most recent call last):
  File "/home/mburu/.local/lib/python3.8/site-packages/optuna/study/_optimize.py", line 197, in _run_trial
    value_or_values = func(trial)
  File "train.py", line 338, in __call__
    sc, time = cross_validation(model, self.X, self.y, args_cp, visual=False, save_model=False)#Dont save model during HPT
  File "train.py", line 228, in cross_validation
    loss_history, val_loss_history = curr_model.fit(X_train, y_train, X_test, y_test)  # X_val, y_val)
  File "/home/mburu/Master_Thesis/master-thesis-da/DNN_Trial/models/node.py", line 155, in fit
    self.trainer.average_checkpoints(out_tag='avg')
  File "/home/mburu/Master_Thesis/master-thesis-da/DNN_Trial/models/node_lib/trainer.py", line 96, in average_checkpoints
    averaged_ckpt['model'][key] = sum(values) / len(values)
torch.cuda.OutOfMemoryError: CUDA out of memory. Tried to allocate 182.00 MiB. GPU 0 has a total capacty of 7.79 GiB of which 66.44 MiB is free. Including non-PyTorch memory, this process has 7.72 GiB memory in use. Of the allocated memory 7.05 GiB is allocated by PyTorch, and 552.71 MiB is reserved by PyTorch but unallocated. If reserved but unallocated memory is large try setting max_split_size_mb to avoid fragmentation.  See documentation for Memory Management and PYTORCH_CUDA_ALLOC_CONF
Trial 3 failed with value None.
