Namespace(batch_size=64, bin_alt=None, cat_dims=[2], cat_idx=[0], config='config/mip_2016.yml', data_parallel=False, dataset='MIP', direction='maximize', dropna_idx=[0], early_stopping_rounds=20, epochs=100, frequency_reg=False, gpu_ids=[0, 1], logging_period=100, miss_cat_idx=None, miss_num_idx=None, model_name='NODE', n_trials=70, nominal_idx=[145, 146], num_bins=10, num_classes=1, num_features=147, num_idx=None, num_splits=5, objective='probabilistic_regression', one_hot_encode=True, optimize_hyperparameters=True, ordinal_encode=False, ordinal_idx=None, scale=True, seed=221, shuffle=True, target_encode=False, use_gpu=True, val_batch_size=128, y_distribution='bimodial')
Start hyperparameter optimization
Loading dataset MIP...
Dataset loaded! 

(1090, 146)
Using an existing study with name 'NODE_MIP' instead of creating a new one.
In get_device
On: cuda
On Device: cuda
Fold 1
num_features : 146
num_classes : 1
cat_idx : [0]
nominal_idx : [144, 145]
ordinal_idx : None
num_idx : None
cat_dims : [2]
bin_alt : None
~~~~~~~~~~~~~~~~~~~~~~~~~~~~~~~~~~~~~~~~~~~~~~~~~~~~~~~~~~~~~~~~~~~~~~~~~~~~~~~
BEFORE ANY ENCODING
num_features :146
num_classes : 1
cat_idx : [0]
nominal_idx : [144, 145]
ordinal_idx : None
num_idx : None
cat_dims : [2]
bin_alt : None 


X shape : (872, 146)
~~~~~~~~~~~~~~~~~~~~~~~~~~~~~~~~~~~~~~~~~~~~~~~~~~~~~~~~~~~~~~~~~~~~~~~~~~~~~~~
~~~~~~~~~~~~~~~~~~~~~~~~~~~~~~~~~~~~~~~~~~~~~~~~~~~~~~~~~~~~~~~~~~~~~~~~~~~~~~~ 


AFTER SEPARATING CATEGORICALS AND NUMERICALS
Numerical Index V1 : [0, 1, 2, 3, 4, 5, 6, 7, 8, 9, 10, 11, 12, 13, 14, 15, 16, 17, 18, 19, 20, 21, 22, 23, 24, 25, 26, 27, 28, 29, 30, 31, 32, 33, 34, 35, 36, 37, 38, 39, 40, 41, 42, 43, 44, 45, 46, 47, 48, 49, 50, 51, 52, 53, 54, 55, 56, 57, 58, 59, 60, 61, 62, 63, 64, 65, 66, 67, 68, 69, 70, 71, 72, 73, 74, 75, 76, 77, 78, 79, 80, 81, 82, 83, 84, 85, 86, 87, 88, 89, 90, 91, 92, 93, 94, 95, 96, 97, 98, 99, 100, 101, 102, 103, 104, 105, 106, 107, 108, 109, 110, 111, 112, 113, 114, 115, 116, 117, 118, 119, 120, 121, 122, 123, 124, 125, 126, 127, 128, 129, 130, 131, 132, 133, 134, 135, 136, 137, 138, 139, 140, 141, 142, 143]
Cat Dims V1 : []
Cat Idx V1 : [144, 145] 
 

~~~~~~~~~~~~~~~~~~~~~~~~~~~~~~~~~~~~~~~~~~~~~~~~~~~~~~~~~~~~~~~~~~~~~~~~~~~~~~~ 


Scaling the data...
One Hot Encoding...
~~~~~~~~~~~~~~~~~~~~~~~~~~~~~~~~~~~~~~~~~~~~~~~~~~~~~~~~~~~~~~~~~~~~~~~~~~~~~~~
After OHE
Numerical Index V2 : [0, 1, 2, 3, 4, 5, 6, 7, 8, 9, 10, 11, 12, 13, 14, 15, 16, 17, 18, 19, 20, 21, 22, 23, 24, 25, 26, 27, 28, 29, 30, 31, 32, 33, 34, 35, 36, 37, 38, 39, 40, 41, 42, 43, 44, 45, 46, 47, 48, 49, 50, 51, 52, 53, 54, 55, 56, 57, 58, 59, 60, 61, 62, 63, 64, 65, 66, 67, 68, 69, 70, 71, 72, 73, 74, 75, 76, 77, 78, 79, 80, 81, 82, 83, 84, 85, 86, 87, 88, 89, 90, 91, 92, 93, 94, 95, 96, 97, 98, 99, 100, 101, 102, 103, 104, 105, 106, 107, 108, 109, 110, 111, 112, 113, 114, 115, 116, 117, 118, 119, 120, 121, 122, 123, 124, 125, 126, 127, 128, 129, 130, 131, 132, 133, 134, 135, 136, 137, 138, 139, 140, 141, 142, 143] 


OHE Idx : [0, 1, 2, 3, 4, 5, 6]


Ordinal Idx V2: None


Cat Dims V2 : []
Cat Idx V2 : None 
 

Train: [[0.0 0.0 0.0 1.0 0.0]
 [0.0 0.0 1.0 0.0 0.0]
 [0.0 0.0 0.0 0.0 1.0]
 [0.0 1.0 0.0 0.0 0.0]
 [0.0 0.0 0.0 1.0 0.0]
 [0.0 0.0 1.0 0.0 0.0]
 [0.0 1.0 0.0 0.0 0.0]
 [0.0 0.0 0.0 1.0 0.0]
 [0.0 0.0 1.0 0.0 0.0]
 [0.0 0.0 0.0 0.0 1.0]] 
 
 
Val : (872, 151) 
 

~~~~~~~~~~~~~~~~~~~~~~~~~~~~~~~~~~~~~~~~~~~~~~~~~~~~~~~~~~~~~~~~~~~~~~~~~~~~~~~
~~~~~~~~~~~~~~~~~~~~~~~~~~~~~~~~~~~~~~~~~~~~~~~~~~~~~~~~~~~~~~~~~~~~~~~~~~~~~~~
After ORDINAL
Numerical Index V2 : [0, 1, 2, 3, 4, 5, 6, 7, 8, 9, 10, 11, 12, 13, 14, 15, 16, 17, 18, 19, 20, 21, 22, 23, 24, 25, 26, 27, 28, 29, 30, 31, 32, 33, 34, 35, 36, 37, 38, 39, 40, 41, 42, 43, 44, 45, 46, 47, 48, 49, 50, 51, 52, 53, 54, 55, 56, 57, 58, 59, 60, 61, 62, 63, 64, 65, 66, 67, 68, 69, 70, 71, 72, 73, 74, 75, 76, 77, 78, 79, 80, 81, 82, 83, 84, 85, 86, 87, 88, 89, 90, 91, 92, 93, 94, 95, 96, 97, 98, 99, 100, 101, 102, 103, 104, 105, 106, 107, 108, 109, 110, 111, 112, 113, 114, 115, 116, 117, 118, 119, 120, 121, 122, 123, 124, 125, 126, 127, 128, 129, 130, 131, 132, 133, 134, 135, 136, 137, 138, 139, 140, 141, 142, 143] 


OHE Idx : [0, 1, 2, 3, 4, 5, 6]


Ordinal Idx V2: None


Cat Dims V2 : []
Cat Idx V2 : None 
 

Train: [[0.0 0.0 0.0 ... -0.19374589191821132 -0.3222709797011101
  -0.1425475732690336]
 [0.0 0.0 1.0 ... -0.19374589191821132 -0.3222709797011101
  -0.1425475732690336]
 [0.0 0.0 0.0 ... -0.19374589191821132 -0.3222709797011101
  -0.1425475732690336]
 ...
 [0.0 0.0 0.0 ... -0.17479792177884007 0.9407415789477349
  0.026954450218144525]
 [0.0 0.0 1.0 ... -0.17479792177884007 0.9407415789477349
  0.026954450218144525]
 [0.0 0.0 0.0 ... -0.17479792177884007 0.9407415789477349
  0.026954450218144525]] 
 
 
Val : (872, 151) 
 

FINISHED ENCODING
~~~~~~~~~~~~~~~~~~~~~~~~~~~~~~~~~~~~~~~~~~~~~~~~~~~~~~~~~~~~~~~~~~~~~~~~~~~~~~~
Number of Classes B4 Bin Verifier: 91
Unique values in y_train: (array([ 0.,  1.,  2.,  3.,  4.,  5.,  6.,  7.,  8.,  9., 10., 11., 12.,
       13., 14., 15., 16., 17., 18., 19., 20., 21., 22., 23., 24., 25.,
       26., 27., 28., 29., 30., 31., 32., 33., 34., 35., 36., 37., 38.,
       39., 40., 41., 42., 43., 44., 45., 46., 47., 48., 49., 50., 51.,
       52., 53., 54., 55., 56., 57., 58., 59., 60., 61., 62., 63., 64.,
       65., 66., 67., 68., 69., 70., 71., 72., 73., 74., 75., 76., 77.,
       78., 79., 80., 81., 82., 83., 84., 85., 86., 87., 88., 89., 90.]), 91)
Unique values in y_test: (array([ 0.,  1.,  3.,  6., 17., 20., 21., 22., 24., 27., 31., 38., 41.,
       42., 43., 44., 45., 46., 47., 50., 52., 54., 55., 58., 59., 60.,
       61., 62., 64., 65., 66., 67., 69., 70., 71., 72., 73., 75., 77.,
       78., 80., 84., 85., 86.]), 44)
No need to shift labels.
VERIFY SHIFT
Train after shift : [ 0  1  2  3  4  5  6  7  8  9 10 11 12 13 14 15 16 17 18 19 20 21 22 23
 24 25 26 27 28 29 30 31 32 33 34 35 36 37 38 39 40 41 42 43 44 45 46 47
 48 49 50 51 52 53 54 55 56 57 58 59 60 61 62 63 64 65 66 67 68 69 70 71
 72 73 74 75 76 77 78 79 80 81 82 83 84 85 86 87 88 89 90], Length : 91
Test after shift : [ 0  1  3  6 17 20 21 22 24 27 31 38 41 42 43 44 45 46 47 50 52 54 55 58
 59 60 61 62 64 65 66 67 69 70 71 72 73 75 77 78 80 84 85 86], Length : 44
Number of Classes After Bin Verifier: 91
In get_device
On: cuda
On Device: cuda
{'num_layers': 8, 'total_tree_count': 1024, 'tree_depth': 8, 'tree_output_dim': 3}
Trial 1 failed with parameters: {'num_layers': 8, 'total_tree_count': 1024, 'tree_depth': 8, 'tree_output_dim': 3} because of the following error: OutOfMemoryError('CUDA out of memory. Tried to allocate 968.00 MiB. GPU 0 has a total capacty of 7.79 GiB of which 88.44 MiB is free. Including non-PyTorch memory, this process has 7.70 GiB memory in use. Of the allocated memory 6.08 GiB is allocated by PyTorch, and 1.50 GiB is reserved by PyTorch but unallocated. If reserved but unallocated memory is large try setting max_split_size_mb to avoid fragmentation.  See documentation for Memory Management and PYTORCH_CUDA_ALLOC_CONF').
Traceback (most recent call last):
  File "/home/mburu/.local/lib/python3.8/site-packages/optuna/study/_optimize.py", line 197, in _run_trial
    value_or_values = func(trial)
  File "train.py", line 338, in __call__
    sc, time = cross_validation(model, self.X, self.y, args_cp, visual=False, save_model=False)#Dont save model during HPT
  File "train.py", line 228, in cross_validation
    loss_history, val_loss_history = curr_model.fit(X_train, y_train, X_test, y_test)  # X_val, y_val)
  File "/home/mburu/Master_Thesis/master-thesis-da/DNN_Trial/models/node.py", line 150, in fit
    metrics = self.trainer.train_on_batch(*batch, device=self.device)
  File "/home/mburu/Master_Thesis/master-thesis-da/DNN_Trial/models/node_lib/trainer.py", line 123, in train_on_batch
    loss = self.loss_function(self.model(x_batch), y_batch).mean()
  File "/home/mburu/anaconda3/envs/Tab4Node/lib/python3.8/site-packages/torch/nn/modules/module.py", line 1518, in _wrapped_call_impl
    return self._call_impl(*args, **kwargs)
  File "/home/mburu/anaconda3/envs/Tab4Node/lib/python3.8/site-packages/torch/nn/modules/module.py", line 1527, in _call_impl
    return forward_call(*args, **kwargs)
  File "/home/mburu/anaconda3/envs/Tab4Node/lib/python3.8/site-packages/torch/nn/modules/container.py", line 215, in forward
    input = module(input)
  File "/home/mburu/anaconda3/envs/Tab4Node/lib/python3.8/site-packages/torch/nn/modules/module.py", line 1518, in _wrapped_call_impl
    return self._call_impl(*args, **kwargs)
  File "/home/mburu/anaconda3/envs/Tab4Node/lib/python3.8/site-packages/torch/nn/modules/module.py", line 1527, in _call_impl
    return forward_call(*args, **kwargs)
  File "/home/mburu/Master_Thesis/master-thesis-da/DNN_Trial/models/node_lib/arch.py", line 31, in forward
    h = layer(layer_inp)
  File "/home/mburu/Master_Thesis/master-thesis-da/DNN_Trial/models/node_lib/nn_utils.py", line 221, in __call__
    return super().__call__(*args, **kwargs)
  File "/home/mburu/anaconda3/envs/Tab4Node/lib/python3.8/site-packages/torch/nn/modules/module.py", line 1518, in _wrapped_call_impl
    return self._call_impl(*args, **kwargs)
  File "/home/mburu/anaconda3/envs/Tab4Node/lib/python3.8/site-packages/torch/nn/modules/module.py", line 1527, in _call_impl
    return forward_call(*args, **kwargs)
  File "/home/mburu/Master_Thesis/master-thesis-da/DNN_Trial/models/node_lib/odst.py", line 84, in forward
    feature_selectors = self.choice_function(feature_logits, dim=0)
  File "/home/mburu/Master_Thesis/master-thesis-da/DNN_Trial/models/node_lib/nn_utils.py", line 186, in <lambda>
    entmax15 = lambda input, dim=-1: Entmax15Function.apply(input, dim)
  File "/home/mburu/anaconda3/envs/Tab4Node/lib/python3.8/site-packages/torch/autograd/function.py", line 539, in apply
    return super().apply(*args, **kwargs)  # type: ignore[misc]
  File "/home/mburu/Master_Thesis/master-thesis-da/DNN_Trial/models/node_lib/nn_utils.py", line 118, in forward
    tau_star, _ = Entmax15Function._threshold_and_support(input, dim)
  File "/home/mburu/Master_Thesis/master-thesis-da/DNN_Trial/models/node_lib/nn_utils.py", line 135, in _threshold_and_support
    Xsrt, _ = torch.sort(input, descending=True, dim=dim)
torch.cuda.OutOfMemoryError: CUDA out of memory. Tried to allocate 968.00 MiB. GPU 0 has a total capacty of 7.79 GiB of which 88.44 MiB is free. Including non-PyTorch memory, this process has 7.70 GiB memory in use. Of the allocated memory 6.08 GiB is allocated by PyTorch, and 1.50 GiB is reserved by PyTorch but unallocated. If reserved but unallocated memory is large try setting max_split_size_mb to avoid fragmentation.  See documentation for Memory Management and PYTORCH_CUDA_ALLOC_CONF
Trial 1 failed with value None.
