/home/mburu/.local/lib/python3.8/site-packages/sklearn/preprocessing/_discretization.py:322: UserWarning: Bins whose width are too small (i.e., <= 1e-8) in feature 0 are removed. Consider decreasing the number of bins.
  warnings.warn(
/home/mburu/.local/lib/python3.8/site-packages/sklearn/preprocessing/_discretization.py:322: UserWarning: Bins whose width are too small (i.e., <= 1e-8) in feature 0 are removed. Consider decreasing the number of bins.
  warnings.warn(
/home/mburu/.local/lib/python3.8/site-packages/sklearn/preprocessing/_discretization.py:322: UserWarning: Bins whose width are too small (i.e., <= 1e-8) in feature 0 are removed. Consider decreasing the number of bins.
  warnings.warn(
usage: train.py [-h] [-config CONFIG] --model_name MODEL_NAME --dataset
                DATASET --objective
                {regression,probabilistic_regression,classification,binary}
                [--use_gpu] [--gpu_ids GPU_IDS] [--data_parallel]
                [--optimize_hyperparameters] [--n_trials N_TRIALS]
                [--direction {minimize,maximize}] --y_distribution
                {normal,skewed,bimodial} [--num_splits NUM_SPLITS]
                [--num_bins NUM_BINS] [--shuffle] [--seed SEED]
                [--weighted_loss] [--scale] [--target_encode]
                [--one_hot_encode] [--ordinal_encode] [--frequency_reg]
                [--class_comp] [--batch_size BATCH_SIZE]
                [--val_batch_size VAL_BATCH_SIZE]
                [--early_stopping_rounds EARLY_STOPPING_ROUNDS]
                [--epochs EPOCHS] [--logging_period LOGGING_PERIOD]
                --num_features NUM_FEATURES [--num_classes NUM_CLASSES]
                [--cat_idx CAT_IDX] [--nominal_idx NOMINAL_IDX]
                [--ordinal_idx ORDINAL_IDX] [--num_idx NUM_IDX]
                [--cat_dims CAT_DIMS] [--bin_alt BIN_ALT]
                [--dropna_idx DROPNA_IDX] [--miss_cat_idx MISS_CAT_IDX]
                [--miss_num_idx MISS_NUM_IDX] [--outer_splits OUTER_SPLITS]
                [--save_results] [--no_save_results]
train.py: error: argument --y_distribution: invalid choice: 'multimodial' (choose from 'normal', 'skewed', 'bimodial')
srun: error: stud-000: task 0: Exited with exit code 2
Traceback (most recent call last):
  File "train.py", line 1185, in <module>
    main_once(arguments)
  File "train.py", line 1145, in main_once
    sc, timer, results = test_model(model_name, parameters, X, y, X_test, y_test, args, visual=True, save_model=True)
  File "train.py", line 846, in test_model
    X_train, y_train, X_test, y_test = encoding(args, X_train, y_train, X_test, y_test)
  File "/home/mburu/Master_Thesis/master-thesis-da/DNN_Trial/utils/data_encoding.py", line 332, in encoding
    X_train[:, args.ordinal_idx] = encoder.fit_transform(X_train[:, args.ordinal_idx])
  File "/home/mburu/.local/lib/python3.8/site-packages/sklearn/utils/_set_output.py", line 157, in wrapped
    data_to_wrap = f(self, X, *args, **kwargs)
  File "/home/mburu/.local/lib/python3.8/site-packages/sklearn/base.py", line 916, in fit_transform
    return self.fit(X, **fit_params).transform(X)
  File "/home/mburu/.local/lib/python3.8/site-packages/sklearn/base.py", line 1152, in wrapper
    return fit_method(estimator, *args, **kwargs)
  File "/home/mburu/.local/lib/python3.8/site-packages/sklearn/preprocessing/_encoders.py", line 1499, in fit
    fit_results = self._fit(
  File "/home/mburu/.local/lib/python3.8/site-packages/sklearn/preprocessing/_encoders.py", line 113, in _fit
    cats = np.array(self.categories[i], dtype=Xi_dtype)
ValueError: could not convert string to float: 'not furnished'
srun: error: stud-000: task 0: Exited with exit code 1
Traceback (most recent call last):
  File "train.py", line 1185, in <module>
    main_once(arguments)
  File "train.py", line 1145, in main_once
    sc, timer, results = test_model(model_name, parameters, X, y, X_test, y_test, args, visual=True, save_model=True)
  File "train.py", line 846, in test_model
    X_train, y_train, X_test, y_test = encoding(args, X_train, y_train, X_test, y_test)
  File "/home/mburu/Master_Thesis/master-thesis-da/DNN_Trial/utils/data_encoding.py", line 274, in encoding
    X_train[:, args.ordinal_idx] = encoder.fit_transform(X_train[:, args.ordinal_idx])
  File "/home/mburu/.local/lib/python3.8/site-packages/sklearn/utils/_set_output.py", line 157, in wrapped
    data_to_wrap = f(self, X, *args, **kwargs)
  File "/home/mburu/.local/lib/python3.8/site-packages/sklearn/base.py", line 916, in fit_transform
    return self.fit(X, **fit_params).transform(X)
  File "/home/mburu/.local/lib/python3.8/site-packages/sklearn/base.py", line 1152, in wrapper
    return fit_method(estimator, *args, **kwargs)
  File "/home/mburu/.local/lib/python3.8/site-packages/sklearn/preprocessing/_encoders.py", line 1499, in fit
    fit_results = self._fit(
  File "/home/mburu/.local/lib/python3.8/site-packages/sklearn/preprocessing/_encoders.py", line 113, in _fit
    cats = np.array(self.categories[i], dtype=Xi_dtype)
ValueError: could not convert string to float: 'Fair'
srun: error: stud-000: task 0: Exited with exit code 1
Traceback (most recent call last):
  File "train.py", line 1185, in <module>
    main_once(arguments)
  File "train.py", line 1145, in main_once
    sc, timer, results = test_model(model_name, parameters, X, y, X_test, y_test, args, visual=True, save_model=True)
  File "train.py", line 846, in test_model
    X_train, y_train, X_test, y_test = encoding(args, X_train, y_train, X_test, y_test)
  File "/home/mburu/Master_Thesis/master-thesis-da/DNN_Trial/utils/data_encoding.py", line 324, in encoding
    X_train[:, args.ordinal_idx] = encoder.fit_transform(X_train[:, args.ordinal_idx])
  File "/home/mburu/.local/lib/python3.8/site-packages/sklearn/utils/_set_output.py", line 157, in wrapped
    data_to_wrap = f(self, X, *args, **kwargs)
  File "/home/mburu/.local/lib/python3.8/site-packages/sklearn/base.py", line 916, in fit_transform
    return self.fit(X, **fit_params).transform(X)
  File "/home/mburu/.local/lib/python3.8/site-packages/sklearn/base.py", line 1152, in wrapper
    return fit_method(estimator, *args, **kwargs)
  File "/home/mburu/.local/lib/python3.8/site-packages/sklearn/preprocessing/_encoders.py", line 1499, in fit
    fit_results = self._fit(
  File "/home/mburu/.local/lib/python3.8/site-packages/sklearn/preprocessing/_encoders.py", line 113, in _fit
    cats = np.array(self.categories[i], dtype=Xi_dtype)
ValueError: could not convert string to float: 'Grvl'
srun: error: stud-000: task 0: Exited with exit code 1
/home/mburu/.local/lib/python3.8/site-packages/sklearn/preprocessing/_discretization.py:322: UserWarning: Bins whose width are too small (i.e., <= 1e-8) in feature 0 are removed. Consider decreasing the number of bins.
  warnings.warn(
/home/mburu/.local/lib/python3.8/site-packages/sklearn/preprocessing/_discretization.py:322: UserWarning: Bins whose width are too small (i.e., <= 1e-8) in feature 0 are removed. Consider decreasing the number of bins.
  warnings.warn(
/home/mburu/.local/lib/python3.8/site-packages/sklearn/preprocessing/_discretization.py:322: UserWarning: Bins whose width are too small (i.e., <= 1e-8) in feature 0 are removed. Consider decreasing the number of bins.
  warnings.warn(
/home/mburu/.local/lib/python3.8/site-packages/sklearn/preprocessing/_discretization.py:322: UserWarning: Bins whose width are too small (i.e., <= 1e-8) in feature 0 are removed. Consider decreasing the number of bins.
  warnings.warn(
/home/mburu/.local/lib/python3.8/site-packages/sklearn/preprocessing/_discretization.py:322: UserWarning: Bins whose width are too small (i.e., <= 1e-8) in feature 0 are removed. Consider decreasing the number of bins.
  warnings.warn(
