/home/mburu/.local/lib/python3.8/site-packages/sklearn/preprocessing/_discretization.py:322: UserWarning: Bins whose width are too small (i.e., <= 1e-8) in feature 0 are removed. Consider decreasing the number of bins.
  warnings.warn(
/home/mburu/.local/lib/python3.8/site-packages/sklearn/preprocessing/_discretization.py:322: UserWarning: Bins whose width are too small (i.e., <= 1e-8) in feature 0 are removed. Consider decreasing the number of bins.
  warnings.warn(
/home/mburu/.local/lib/python3.8/site-packages/sklearn/preprocessing/_discretization.py:322: UserWarning: Bins whose width are too small (i.e., <= 1e-8) in feature 0 are removed. Consider decreasing the number of bins.
  warnings.warn(
Traceback (most recent call last):
  File "train.py", line 1223, in <module>
    main_once(arguments)
  File "train.py", line 1148, in main_once
    sc, timer = test_model(model_name, parameters, X, y, X_test, y_test, args, visual=True, save_model=True)
  File "train.py", line 842, in test_model
    X_train, y_train, X_test, y_test = encoding(args, X_train, y_train, X_test, y_test)
  File "/home/mburu/Master_Thesis/master-thesis-da/DNN_Trial/utils/data_encoding.py", line 260, in encoding
    X_train[:, args.ordinal_idx] = ordinal_encoder.fit_transform(X_train[:, args.ordinal_idx])
  File "/home/mburu/.local/lib/python3.8/site-packages/sklearn/utils/_set_output.py", line 157, in wrapped
    data_to_wrap = f(self, X, *args, **kwargs)
  File "/home/mburu/.local/lib/python3.8/site-packages/sklearn/base.py", line 916, in fit_transform
    return self.fit(X, **fit_params).transform(X)
  File "/home/mburu/.local/lib/python3.8/site-packages/sklearn/base.py", line 1152, in wrapper
    return fit_method(estimator, *args, **kwargs)
  File "/home/mburu/.local/lib/python3.8/site-packages/sklearn/preprocessing/_encoders.py", line 1499, in fit
    fit_results = self._fit(
  File "/home/mburu/.local/lib/python3.8/site-packages/sklearn/preprocessing/_encoders.py", line 113, in _fit
    cats = np.array(self.categories[i], dtype=Xi_dtype)
ValueError: could not convert string to float: '0-17'
srun: error: stud-000: task 0: Exited with exit code 1
Traceback (most recent call last):
  File "train.py", line 1223, in <module>
    main_once(arguments)
  File "train.py", line 1148, in main_once
    sc, timer = test_model(model_name, parameters, X, y, X_test, y_test, args, visual=True, save_model=True)
  File "train.py", line 842, in test_model
    X_train, y_train, X_test, y_test = encoding(args, X_train, y_train, X_test, y_test)
  File "/home/mburu/Master_Thesis/master-thesis-da/DNN_Trial/utils/data_encoding.py", line 332, in encoding
    X_train[:, args.ordinal_idx] = encoder.fit_transform(X_train[:, args.ordinal_idx])
  File "/home/mburu/.local/lib/python3.8/site-packages/sklearn/utils/_set_output.py", line 157, in wrapped
    data_to_wrap = f(self, X, *args, **kwargs)
  File "/home/mburu/.local/lib/python3.8/site-packages/sklearn/base.py", line 916, in fit_transform
    return self.fit(X, **fit_params).transform(X)
  File "/home/mburu/.local/lib/python3.8/site-packages/sklearn/base.py", line 1152, in wrapper
    return fit_method(estimator, *args, **kwargs)
  File "/home/mburu/.local/lib/python3.8/site-packages/sklearn/preprocessing/_encoders.py", line 1499, in fit
    fit_results = self._fit(
  File "/home/mburu/.local/lib/python3.8/site-packages/sklearn/preprocessing/_encoders.py", line 113, in _fit
    cats = np.array(self.categories[i], dtype=Xi_dtype)
ValueError: could not convert string to float: 'not furnished'
srun: error: stud-000: task 0: Exited with exit code 1
Traceback (most recent call last):
  File "train.py", line 1223, in <module>
    main_once(arguments)
  File "train.py", line 1148, in main_once
    sc, timer = test_model(model_name, parameters, X, y, X_test, y_test, args, visual=True, save_model=True)
  File "train.py", line 842, in test_model
    X_train, y_train, X_test, y_test = encoding(args, X_train, y_train, X_test, y_test)
  File "/home/mburu/Master_Thesis/master-thesis-da/DNN_Trial/utils/data_encoding.py", line 274, in encoding
    X_train[:, args.ordinal_idx] = encoder.fit_transform(X_train[:, args.ordinal_idx])
  File "/home/mburu/.local/lib/python3.8/site-packages/sklearn/utils/_set_output.py", line 157, in wrapped
    data_to_wrap = f(self, X, *args, **kwargs)
  File "/home/mburu/.local/lib/python3.8/site-packages/sklearn/base.py", line 916, in fit_transform
    return self.fit(X, **fit_params).transform(X)
  File "/home/mburu/.local/lib/python3.8/site-packages/sklearn/base.py", line 1152, in wrapper
    return fit_method(estimator, *args, **kwargs)
  File "/home/mburu/.local/lib/python3.8/site-packages/sklearn/preprocessing/_encoders.py", line 1499, in fit
    fit_results = self._fit(
  File "/home/mburu/.local/lib/python3.8/site-packages/sklearn/preprocessing/_encoders.py", line 113, in _fit
    cats = np.array(self.categories[i], dtype=Xi_dtype)
ValueError: could not convert string to float: 'Fair'
srun: error: stud-000: task 0: Exited with exit code 1
Traceback (most recent call last):
  File "train.py", line 1223, in <module>
    main_once(arguments)
  File "train.py", line 1148, in main_once
    sc, timer = test_model(model_name, parameters, X, y, X_test, y_test, args, visual=True, save_model=True)
  File "train.py", line 842, in test_model
    X_train, y_train, X_test, y_test = encoding(args, X_train, y_train, X_test, y_test)
  File "/home/mburu/Master_Thesis/master-thesis-da/DNN_Trial/utils/data_encoding.py", line 324, in encoding
    X_train[:, args.ordinal_idx] = encoder.fit_transform(X_train[:, args.ordinal_idx])
  File "/home/mburu/.local/lib/python3.8/site-packages/sklearn/utils/_set_output.py", line 157, in wrapped
    data_to_wrap = f(self, X, *args, **kwargs)
  File "/home/mburu/.local/lib/python3.8/site-packages/sklearn/base.py", line 916, in fit_transform
    return self.fit(X, **fit_params).transform(X)
  File "/home/mburu/.local/lib/python3.8/site-packages/sklearn/base.py", line 1152, in wrapper
    return fit_method(estimator, *args, **kwargs)
  File "/home/mburu/.local/lib/python3.8/site-packages/sklearn/preprocessing/_encoders.py", line 1499, in fit
    fit_results = self._fit(
  File "/home/mburu/.local/lib/python3.8/site-packages/sklearn/preprocessing/_encoders.py", line 113, in _fit
    cats = np.array(self.categories[i], dtype=Xi_dtype)
ValueError: could not convert string to float: 'Grvl'
srun: error: stud-000: task 0: Exited with exit code 1
/home/mburu/.local/lib/python3.8/site-packages/sklearn/preprocessing/_discretization.py:322: UserWarning: Bins whose width are too small (i.e., <= 1e-8) in feature 0 are removed. Consider decreasing the number of bins.
  warnings.warn(
/home/mburu/.local/lib/python3.8/site-packages/sklearn/preprocessing/_discretization.py:322: UserWarning: Bins whose width are too small (i.e., <= 1e-8) in feature 0 are removed. Consider decreasing the number of bins.
  warnings.warn(
/home/mburu/.local/lib/python3.8/site-packages/sklearn/preprocessing/_discretization.py:322: UserWarning: Bins whose width are too small (i.e., <= 1e-8) in feature 0 are removed. Consider decreasing the number of bins.
  warnings.warn(
