

----------------------------------------------------------------------------
Training ResMLP Vesion 1 with Dataset: config/black_friday.yml 



----------------------------------------------------------------------------
Running Mode: Nested CV with Predefined Hyperparameters
Arguements: Namespace(batch_size=64, best_params_file='config/best_params.yml', bin_alt=None, cat_dims=[2], cat_idx=[0], class_comp=True, config='config/black_friday.yml', data_parallel=False, dataset='Black_Friday', direction='minimize', dropna_idx=None, early_stopping_rounds=20, epochs=100, frequency_reg=False, gpu_ids=[0, 1], logging_period=100, miss_cat_idx=None, miss_num_idx=None, model_name='ResMLP', n_trials=100, nominal_idx=[0, 2, 3, 4, 5, 6, 7, 8], num_bins=10, num_classes=1, num_features=9, num_idx=None, num_splits=5, objective='probabilistic_regression', one_hot_encode=True, optimize_hyperparameters=False, ordinal_encode=True, ordinal_idx=[1], outer_splits=3, parameters={'Abalone': {'CatBoost': {'iterations': 100, 'l2_leaf_reg': 1.2142895041234418, 'learning_rate': 0.1780973833308435, 'max_depth': 4, 'od_type': 'Iter', 'od_wait': 20, 'verbose': 100}, 'FTTransformer': {'learning_rate': 0.0026312292554662967, 'weight_decay': 0.000741227822541328}, 'MLP': {'d_block': 256, 'd_in': 10, 'd_out': 7, 'dropout': 0.045537479089527655, 'n_blocks': 4}, 'ResMLP': {'d_block': 256, 'd_hidden': 5, 'd_hidden_multiplier': 2.070874813204879, 'd_in': 10, 'd_out': 7, 'dropout1': 0.2767197595784706, 'dropout2': 0.1295421415138883, 'n_blocks': 6}, 'SAINT': {'depth': 3, 'dim': 128, 'dropout': 0.8, 'heads': 4}, 'NODE': {'num_layers': 8, 'total_tree_count': 2048, 'tree_depth': 8, 'tree_output_dim': 3}}, 'Allstate_Claims': {'FTTransformer': {'learning_rate': 0.00014266378836134144, 'weight_decay': 7.973049353626902e-05}, 'MLP': {'d_block': 256, 'd_in': 1093, 'd_out': 311, 'dropout': 0.12920563775872115, 'n_blocks': 6}, 'ResMLP': {'d_block': 128, 'd_hidden': 8, 'd_hidden_multiplier': 1.3701994442389223, 'd_in': 1093, 'd_out': 311, 'dropout1': 0.38528007263059155, 'dropout2': 0.15678728297998543, 'n_blocks': 3}, 'SAINT': {'depth': 3, 'dim': 64, 'dropout': 0.7, 'heads': 4}, 'NODE': {'num_layers': 8, 'total_tree_count': 2048, 'tree_depth': 8, 'tree_output_dim': 3}}, 'Black_Friday': {'MLP': {'d_block': 256, 'd_in': 75, 'd_out': 36, 'dropout': 0.28716314068720666, 'n_blocks': 3}, 'ResMLP': {'d_block': 256, 'd_hidden': 5, 'd_hidden_multiplier': 3.1295693022802924, 'd_in': 75, 'd_out': 36, 'dropout1': 0.31999331016593385, 'dropout2': 0.17961742655097668, 'n_blocks': 4}, 'SAINT': {'depth': 3, 'dim': 64, 'dropout': 0.1, 'heads': 2}, 'NODE': {'num_layers': 4, 'total_tree_count': 1024, 'tree_depth': 8, 'tree_output_dim': 2}}, 'Boston': {'FTTransformer': {'learning_rate': 0.0003038703893093738, 'weight_decay': 8.778101233251167e-05}, 'MLP': {'d_block': 256, 'd_in': 14, 'd_out': 6, 'dropout': 0.02868322485344796, 'n_blocks': 2}, 'ResMLP': {'d_block': 256, 'd_hidden': 3, 'd_hidden_multiplier': 2.629805792810099, 'd_in': 14, 'd_out': 6, 'dropout1': 0.42545138307167646, 'dropout2': 0.08020072326197547, 'n_blocks': 6}, 'SAINT': {'depth': 1, 'dim': 64, 'dropout': 0.2, 'heads': 4}, 'NODE': {'num_layers': 4, 'total_tree_count': 1024, 'tree_depth': 8, 'tree_output_dim': 3}}, 'Brazillian_Houses': {'FTTransformer': {'learning_rate': 0.00012882433392871884, 'weight_decay': 0.0006194542036721904}, 'MLP': {'d_block': 256, 'd_in': 17, 'd_out': 1095, 'dropout': 0.26456213654515587, 'n_blocks': 2}, 'ResMLP': {'d_block': 256, 'd_hidden': 9, 'd_hidden_multiplier': 2.8578552359643927, 'd_in': 17, 'd_out': 1095, 'dropout1': 0.05920170022592163, 'dropout2': 0.19030616663715155, 'n_blocks': 2}, 'SAINT': {'depth': 1, 'dim': 64, 'dropout': 0.3, 'heads': 8}, 'NODE': {'num_layers': 2, 'total_tree_count': 1024, 'tree_depth': 6, 'tree_output_dim': 3}}, 'Diamonds': {'FTTransformer': {'learning_rate': 0.00013457653890213615, 'weight_decay': 8.376325678211951e-05}, 'MLP': {'d_block': 256, 'd_in': 9, 'd_out': 13, 'dropout': 0.07787642217098255, 'n_blocks': 3}, 'ResMLP': {'d_block': 128, 'd_hidden': 5, 'd_hidden_multiplier': 1.6469990033121622, 'd_in': 9, 'd_out': 13, 'dropout1': 0.1279373990844757, 'dropout2': 0.09909622892506705, 'n_blocks': 6}, 'SAINT': {'depth': 6, 'dim': 128, 'dropout': 0.6, 'heads': 2}, 'NODE': {'num_layers': 4, 'total_tree_count': 2048, 'tree_depth': 6, 'tree_output_dim': 2}}, 'House_Prices_Nominal': {'FTTransformer': {'learning_rate': 0.0001991206295866777, 'weight_decay': 0.0025487180826797907}, 'MLP': {'d_block': 256, 'd_in': 109, 'd_out': 7, 'dropout': 0.10539334128428231, 'n_blocks': 2}, 'ResMLP': {'d_block': 256, 'd_hidden': 6, 'd_hidden_multiplier': 4.285524104220049, 'd_in': 109, 'd_out': 7, 'dropout1': 0.07419545585050902, 'dropout2': 0.058496662836731425, 'n_blocks': 6}, 'SAINT': {'depth': 1, 'dim': 128, 'dropout': 0.7, 'heads': 2}, 'NODE': {'num_layers': 4, 'total_tree_count': 2048, 'tree_depth': 6, 'tree_output_dim': 3}}, 'House_Sales': {'FTTransformer': {'learning_rate': 0.00250136728702011, 'weight_decay': 0.00011052492730016369}, 'MLP': {'d_block': 256, 'd_in': 90, 'd_out': 128, 'dropout': 0.10700449012979917, 'n_blocks': 4}, 'ResMLP': {'d_block': 256, 'd_hidden': 2, 'd_hidden_multiplier': 4.550168594755401, 'd_in': 90, 'd_out': 133, 'dropout1': 0.20737998960685675, 'dropout2': 0.03151442135910869, 'n_blocks': 5}, 'SAINT': {'depth': 6, 'dim': 256, 'dropout': 0.6, 'heads': 8}, 'NODE': {'num_layers': 8, 'total_tree_count': 2048, 'tree_depth': 8, 'tree_output_dim': 3}}, 'MIP': {'FTTransformer': {'learning_rate': 0.005340493024514428, 'weight_decay': 5.660990217872578e-06}, 'MLP': {'d_block': 64, 'd_in': 151, 'd_out': 67, 'dropout': 0.10823216670029355, 'n_blocks': 2}, 'ResMLP': {'d_block': 256, 'd_hidden': 10, 'd_hidden_multiplier': 3.5463105818248644, 'd_in': 151, 'd_out': 78, 'dropout1': 0.3740596836340417, 'dropout2': 0.14785999544988046, 'n_blocks': 4}, 'SAINT': {'depth': 3, 'dim': 32, 'dropout': 0.6, 'heads': 2}, 'NODE': {'num_layers': 8, 'total_tree_count': 1024, 'tree_depth': 8, 'tree_output_dim': 3}}, 'Mercedes_Benz': {'FTTransformer': {'learning_rate': 0.0004452048953174126, 'weight_decay': 1.7644038793799652e-06}, 'MLP': {'d_block': 256, 'd_in': 547, 'd_out': 18, 'dropout': 0.17946730470146646, 'n_blocks': 2}, 'ResMLP': {'d_block': 256, 'd_hidden': 4, 'd_hidden_multiplier': 2.8190447590303593, 'd_in': 547, 'd_out': 18, 'dropout1': 0.39853029839247645, 'dropout2': 0.23047013110182565, 'n_blocks': 5}, 'SAINT': {'depth': 1, 'dim': 32, 'dropout': 0, 'heads': 4}, 'NODE': {'num_layers': 8, 'total_tree_count': 1024, 'tree_depth': 8, 'tree_output_dim': 2}}, 'Moneyball': {'FTTransformer': {'learning_rate': 0.0001397623116786567, 'weight_decay': 3.198059991694104e-06}, 'MLP': {'d_block': 256, 'd_in': 48, 'd_out': 7, 'dropout': 0.2819627248207455, 'n_blocks': 2}, 'ResMLP': {'d_block': 256, 'd_hidden': 2, 'd_hidden_multiplier': 3.500563709434268, 'd_in': 48, 'd_out': 7, 'dropout1': 0.3191866936907723, 'dropout2': 0.17129324989277947, 'n_blocks': 6}, 'SAINT': {'depth': 3, 'dim': 32, 'dropout': 0.3, 'heads': 4}, 'NODE': {'num_layers': 8, 'total_tree_count': 2084, 'tree_depth': 6, 'tree_output_dim': 3}}, 'SAT11': {'FTTransformer': {'learning_rate': 8.719401475807713e-05, 'weight_decay': 0.0007004339745422863}, 'MLP': {'d_block': 128, 'd_in': 130, 'd_out': 3, 'dropout': 0.15064221648941228, 'n_blocks': 2}, 'ResMLP': {'d_block': 256, 'd_hidden': 6, 'd_hidden_multiplier': 3.226913030082402, 'd_in': 130, 'd_out': 3, 'dropout1': 0.4143262004883449, 'dropout2': 0.10671304592041092, 'n_blocks': 5}, 'SAINT': {'depth': 2, 'dim': 32, 'dropout': 0.6, 'heads': 2}, 'NODE': {'num_layers': 2, 'total_tree_count': 1024, 'tree_depth': 8, 'tree_output_dim': 3}}, 'Sensory': {'FTTransformer': {'learning_rate': 4.126150574320677e-05, 'weight_decay': 5.170169005303637e-05}, 'MLP': {'d_block': 128, 'd_in': 36, 'd_out': 5, 'dropout': 0.29860532918127847, 'n_blocks': 2}, 'ResMLP': {'d_block': 128, 'd_hidden': 4, 'd_hidden_multiplier': 1.80130923504725, 'd_in': 36, 'd_out': 5, 'dropout1': 0.228729597309105, 'dropout2': 0.22695309081109494, 'n_blocks': 5}, 'SAINT': {'depth': 1, 'dim': 128, 'dropout': 0, 'heads': 8}, 'NODE': {'num_layers': 4, 'total_tree_count': 1024, 'tree_depth': 6, 'tree_output_dim': 3}}, 'Socmob': {'FTTransformer': {'learning_rate': 0.00029650381259646087, 'weight_decay': 6.736378376679642e-05}, 'MLP': {'d_block': 256, 'd_in': 39, 'd_out': 40, 'dropout': 0.10461609715865526, 'n_blocks': 2}, 'ResMLP': {'d_block': 256, 'd_hidden': 4, 'd_hidden_multiplier': 4.543534401999215, 'd_in': 39, 'd_out': 40, 'dropout1': 0.115735614381013, 'dropout2': 0.018124882849134806, 'n_blocks': 3}, 'SAINT': {'depth': 1, 'dim': 64, 'dropout': 0.2, 'heads': 2}, 'NODE': {'num_layers': 2, 'total_tree_count': 2048, 'tree_depth': 6, 'tree_output_dim': 2}}}, save_results=False, scale=False, seed=221, shuffle=True, target_encode=False, use_gpu=True, val_batch_size=128, weighted_loss=False, y_distribution='multimodal')
--- Running Nested Cross-Validation with Predefined Hyperparameters ---
Dataset: Black_Friday, Model: ResMLP, Objective: probabilistic_regression
Loading dataset Black_Friday...
Dataset loaded! 

(166821, 9)
Started Classification Module ...... 
~~~~~~~~~~~~~~~~~~~~~~~~~~~~~~~~~~~~~~~~~~~~~~~~~~~~~~~~~~~~~~~~~~~~~~~~~~~~~~~
TESTING MODEL
X_train shape: (83410, 9)
y_train shape: (83410,)
X_test shape: (83411, 9)
y_test shape: (83411,)
--- Test Run 1/3 ---
~~~~~~~~~~~~~~~~~~~~~~~~~~~~~~~~~~~~~~~~~~~~~~~~~~~~~~~~~~~~~~~~~~~~~~~~~~~~~~~
BEFORE ANY ENCODING
num_features :9
num_classes : 1
cat_idx : [0]
nominal_idx : [0, 2, 3, 4, 5, 6, 7, 8]
ordinal_idx : [1]
num_idx : None
cat_dims : [2]
bin_alt : None 


X_train shape : (83410, 9)
~~~~~~~~~~~~~~~~~~~~~~~~~~~~~~~~~~~~~~~~~~~~~~~~~~~~~~~~~~~~~~~~~~~~~~~~~~~~~~~
~~~~~~~~~~~~~~~~~~~~~~~~~~~~~~~~~~~~~~~~~~~~~~~~~~~~~~~~~~~~~~~~~~~~~~~~~~~~~~~
AFTER getting cat idx
Nominal Index : [0, 2, 3, 4, 5, 6, 7, 8]
Ordinal Index : [1]
Cat Idx : [0]
Cat dims : [2]
~~~~~~~~~~~~~~~~~~~~~~~~~~~~~~~~~~~~~~~~~~~~~~~~~~~~~~~~~~~~~~~~~~~~~~~~~~~~~~~
BEFORE getting cat idx
Nominal Index : [0, 2, 3, 4, 5, 6, 7, 8]
Ordinal Index : [1]
Cat Idx : [0, 1, 2, 3, 4, 5, 6, 7, 8]
Cat dims : []
~~~~~~~~~~~~~~~~~~~~~~~~~~~~~~~~~~~~~~~~~~~~~~~~~~~~~~~~~~~~~~~~~~~~~~~~~~~~~~~ 


AFTER SEPARATING CATEGORICALS AND NUMERICALS
Ordinal Index : [1]
Numerical Index V1 : []
Cat Idx V1 : [0, 1, 2, 3, 4, 5, 6, 7, 8] 
Cat Dims V1 : []
 

~~~~~~~~~~~~~~~~~~~~~~~~~~~~~~~~~~~~~~~~~~~~~~~~~~~~~~~~~~~~~~~~~~~~~~~~~~~~~~~ 


One Hot Encoding...
Ord : 1, Nom : 74, Num : 75
~~~~~~~~~~~~~~~~~~~~~~~~~~~~~~~~~~~~~~~~~~~~~~~~~~~~~~~~~~~~~~~~~~~~~~~~~~~~~~~
After OHE
Numerical Index V2 : [0, 1, 2, 3, 4, 5, 6, 7, 8, 9, 10, 11, 12, 13, 14, 15, 16, 17, 18, 19, 20, 21, 22, 23, 24, 25, 26, 27, 28, 29, 30, 31, 32, 33, 34, 35, 36, 37, 38, 39, 40, 41, 42, 43, 44, 45, 46, 47, 48, 49, 50, 51, 52, 53, 54, 55, 56, 57, 58, 59, 60, 61, 62, 63, 64, 65, 66, 67, 68, 69, 70, 71, 72, 73, 74] 


OHE Idx : [1, 2, 3, 4, 5, 6, 7, 8, 9, 10, 11, 12, 13, 14, 15, 16, 17, 18, 19, 20, 21, 22, 23, 24, 25, 26, 27, 28, 29, 30, 31, 32, 33, 34, 35, 36, 37, 38, 39, 40, 41, 42, 43, 44, 45, 46, 47, 48, 49, 50, 51, 52, 53, 54, 55, 56, 57, 58, 59, 60, 61, 62, 63, 64, 65, 66, 67, 68, 69, 70, 71, 72, 73, 74]


Ordinal Idx V2: [0]


Cat Dims V2 : []
Cat Idx V2 : [0, 1, 2, 3, 4, 5, 6, 7, 8] 
 

Train: [['55+' 0.0 1.0 0.0 0.0]
 ['36-45' 0.0 1.0 0.0 0.0]
 ['36-45' 1.0 0.0 0.0 0.0]
 ['26-35' 0.0 1.0 0.0 0.0]
 ['26-35' 0.0 1.0 0.0 0.0]
 ['36-45' 0.0 1.0 0.0 0.0]
 ['26-35' 0.0 1.0 0.0 0.0]
 ['18-25' 0.0 1.0 0.0 0.0]
 ['36-45' 0.0 1.0 0.0 0.0]
 ['26-35' 0.0 1.0 0.0 0.0]] 
 
 
Val : (83410, 75) 
 

~~~~~~~~~~~~~~~~~~~~~~~~~~~~~~~~~~~~~~~~~~~~~~~~~~~~~~~~~~~~~~~~~~~~~~~~~~~~~~~
Ordinal Encoding...
Cat Idx V3 : [0, 1, 2, 3, 4, 5, 6, 7, 8, 9, 10, 11, 12, 13, 14, 15, 16, 17, 18, 19, 20, 21, 22, 23, 24, 25, 26, 27, 28, 29, 30, 31, 32, 33, 34, 35, 36, 37, 38, 39, 40, 41, 42, 43, 44, 45, 46, 47, 48, 49, 50, 51, 52, 53, 54, 55, 56, 57, 58, 59, 60, 61, 62, 63, 64, 65, 66, 67, 68, 69, 70, 71, 72, 73, 74] 
 

~~~~~~~~~~~~~~~~~~~~~~~~~~~~~~~~~~~~~~~~~~~~~~~~~~~~~~~~~~~~~~~~~~~~~~~~~~~~~~~
After ORDINAL
Numerical Index V2 : [0, 1, 2, 3, 4, 5, 6, 7, 8, 9, 10, 11, 12, 13, 14, 15, 16, 17, 18, 19, 20, 21, 22, 23, 24, 25, 26, 27, 28, 29, 30, 31, 32, 33, 34, 35, 36, 37, 38, 39, 40, 41, 42, 43, 44, 45, 46, 47, 48, 49, 50, 51, 52, 53, 54, 55, 56, 57, 58, 59, 60, 61, 62, 63, 64, 65, 66, 67, 68, 69, 70, 71, 72, 73, 74] 


OHE Idx : [1, 2, 3, 4, 5, 6, 7, 8, 9, 10, 11, 12, 13, 14, 15, 16, 17, 18, 19, 20, 21, 22, 23, 24, 25, 26, 27, 28, 29, 30, 31, 32, 33, 34, 35, 36, 37, 38, 39, 40, 41, 42, 43, 44, 45, 46, 47, 48, 49, 50, 51, 52, 53, 54, 55, 56, 57, 58, 59, 60, 61, 62, 63, 64, 65, 66, 67, 68, 69, 70, 71, 72, 73, 74]


Ordinal Idx V2: [0]


Cat Dims V2 : [8, 3, 3, 3, 3, 3, 3, 3, 3, 3, 3, 3, 3, 3, 3, 3, 3, 3, 3, 3, 3, 3, 3, 3, 3, 3, 3, 3, 3, 3, 3, 3, 3, 3, 3, 3, 3, 3, 3, 3, 3, 3, 3, 3, 3, 3, 3, 3, 3, 3, 3, 3, 3, 3, 3, 3, 3, 3, 3, 3, 3, 3, 3, 3, 3, 3, 3, 3, 3, 3, 3, 3, 3, 3, 3]
Cat Idx V2 : [0, 1, 2, 3, 4, 5, 6, 7, 8, 9, 10, 11, 12, 13, 14, 15, 16, 17, 18, 19, 20, 21, 22, 23, 24, 25, 26, 27, 28, 29, 30, 31, 32, 33, 34, 35, 36, 37, 38, 39, 40, 41, 42, 43, 44, 45, 46, 47, 48, 49, 50, 51, 52, 53, 54, 55, 56, 57, 58, 59, 60, 61, 62, 63, 64, 65, 66, 67, 68, 69, 70, 71, 72, 73, 74] 
 

Train: [[7.0 0.0 1.0 0.0 0.0 0.0 0.0 0.0 0.0 0.0 0.0 0.0 1.0 0.0 0.0 0.0 0.0 0.0
  0.0 0.0 0.0 0.0 0.0 0.0 1.0 0.0 0.0 0.0 0.0 0.0 0.0 1.0 0.0 1.0 0.0 0.0
  0.0 0.0 0.0 1.0 0.0 0.0 0.0 0.0 0.0 0.0 0.0 0.0 0.0 0.0 0.0 1.0 0.0 0.0
  0.0 0.0 0.0 0.0 0.0 0.0 0.0 0.0 0.0 0.0 0.0 0.0 0.0 0.0 0.0 1.0 0.0 0.0
  0.0 0.0 0.0]
 [4.0 0.0 1.0 0.0 0.0 0.0 0.0 0.0 0.0 1.0 0.0 0.0 0.0 0.0 0.0 0.0 0.0 0.0
  0.0 0.0 0.0 0.0 0.0 0.0 1.0 0.0 0.0 0.0 1.0 0.0 0.0 0.0 1.0 0.0 1.0 0.0
  0.0 0.0 0.0 0.0 0.0 0.0 0.0 0.0 0.0 0.0 1.0 0.0 0.0 0.0 0.0 0.0 0.0 0.0
  0.0 0.0 0.0 0.0 0.0 0.0 0.0 0.0 0.0 0.0 0.0 0.0 0.0 0.0 0.0 0.0 0.0 0.0
  1.0 0.0 0.0]
 [4.0 1.0 0.0 0.0 0.0 0.0 0.0 0.0 0.0 0.0 0.0 0.0 0.0 0.0 0.0 0.0 0.0 1.0
  0.0 0.0 0.0 0.0 0.0 0.0 0.0 0.0 1.0 0.0 0.0 0.0 1.0 0.0 0.0 1.0 1.0 0.0
  0.0 0.0 0.0 0.0 0.0 0.0 0.0 0.0 0.0 0.0 1.0 0.0 0.0 0.0 0.0 0.0 0.0 0.0
  0.0 0.0 0.0 0.0 0.0 0.0 0.0 0.0 0.0 0.0 0.0 1.0 0.0 0.0 0.0 0.0 0.0 0.0
  0.0 0.0 0.0]
 [3.0 0.0 1.0 0.0 0.0 0.0 0.0 0.0 0.0 0.0 0.0 0.0 0.0 0.0 0.0 0.0 0.0 0.0
  0.0 0.0 0.0 1.0 0.0 0.0 0.0 1.0 0.0 0.0 1.0 0.0 0.0 0.0 0.0 1.0 1.0 0.0
  0.0 0.0 0.0 0.0 0.0 0.0 0.0 0.0 0.0 0.0 1.0 0.0 0.0 0.0 0.0 0.0 0.0 0.0
  0.0 0.0 0.0 0.0 0.0 0.0 0.0 0.0 0.0 1.0 0.0 0.0 0.0 0.0 0.0 0.0 0.0 0.0
  0.0 0.0 0.0]
 [3.0 0.0 1.0 0.0 0.0 0.0 0.0 0.0 0.0 0.0 0.0 1.0 0.0 0.0 0.0 0.0 0.0 0.0
  0.0 0.0 0.0 0.0 0.0 0.0 0.0 1.0 0.0 0.0 0.0 0.0 1.0 0.0 1.0 0.0 1.0 0.0
  0.0 0.0 0.0 0.0 0.0 0.0 0.0 0.0 0.0 0.0 1.0 0.0 0.0 0.0 0.0 0.0 0.0 0.0
  0.0 0.0 0.0 0.0 0.0 0.0 0.0 0.0 0.0 0.0 0.0 0.0 0.0 0.0 0.0 0.0 0.0 1.0
  0.0 0.0 0.0]
 [4.0 0.0 1.0 0.0 0.0 0.0 0.0 0.0 0.0 0.0 0.0 1.0 0.0 0.0 0.0 0.0 0.0 0.0
  0.0 0.0 0.0 0.0 0.0 0.0 0.0 1.0 0.0 0.0 0.0 0.0 1.0 0.0 1.0 0.0 1.0 0.0
  0.0 0.0 0.0 0.0 0.0 0.0 0.0 0.0 0.0 0.0 1.0 0.0 0.0 0.0 0.0 0.0 0.0 0.0
  0.0 0.0 0.0 0.0 0.0 0.0 0.0 0.0 0.0 0.0 0.0 0.0 0.0 0.0 0.0 0.0 0.0 1.0
  0.0 0.0 0.0]
 [3.0 0.0 1.0 0.0 0.0 0.0 0.0 0.0 0.0 0.0 0.0 0.0 0.0 0.0 0.0 1.0 0.0 0.0
  0.0 0.0 0.0 0.0 0.0 0.0 1.0 0.0 0.0 0.0 1.0 0.0 0.0 0.0 0.0 1.0 1.0 0.0
  0.0 0.0 0.0 0.0 0.0 0.0 0.0 0.0 0.0 0.0 1.0 0.0 0.0 0.0 0.0 0.0 0.0 0.0
  0.0 0.0 0.0 0.0 0.0 0.0 0.0 0.0 0.0 0.0 0.0 0.0 0.0 0.0 0.0 0.0 0.0 1.0
  0.0 0.0 0.0]
 [2.0 0.0 1.0 0.0 0.0 0.0 0.0 0.0 0.0 0.0 0.0 0.0 0.0 0.0 0.0 0.0 0.0 0.0
  1.0 0.0 0.0 0.0 0.0 0.0 1.0 0.0 0.0 0.0 0.0 1.0 0.0 0.0 1.0 0.0 0.0 0.0
  0.0 0.0 1.0 0.0 0.0 0.0 0.0 0.0 0.0 0.0 0.0 0.0 0.0 0.0 0.0 0.0 0.0 0.0
  0.0 0.0 0.0 1.0 0.0 0.0 0.0 0.0 0.0 0.0 0.0 0.0 0.0 0.0 0.0 0.0 0.0 0.0
  1.0 0.0 0.0]
 [4.0 0.0 1.0 0.0 0.0 0.0 0.0 0.0 0.0 0.0 0.0 0.0 1.0 0.0 0.0 0.0 0.0 0.0
  0.0 0.0 0.0 0.0 0.0 0.0 1.0 0.0 0.0 0.0 0.0 0.0 1.0 0.0 0.0 1.0 0.0 1.0
  0.0 0.0 0.0 0.0 0.0 0.0 0.0 0.0 0.0 0.0 0.0 0.0 0.0 0.0 0.0 1.0 0.0 0.0
  0.0 0.0 0.0 0.0 0.0 0.0 0.0 0.0 0.0 0.0 0.0 0.0 0.0 0.0 0.0 0.0 0.0 0.0
  0.0 0.0 1.0]
 [3.0 0.0 1.0 0.0 0.0 0.0 0.0 1.0 0.0 0.0 0.0 0.0 0.0 0.0 0.0 0.0 0.0 0.0
  0.0 0.0 0.0 0.0 0.0 0.0 1.0 0.0 0.0 0.0 1.0 0.0 0.0 0.0 0.0 1.0 0.0 1.0
  0.0 0.0 0.0 0.0 0.0 0.0 0.0 0.0 0.0 0.0 0.0 0.0 1.0 0.0 0.0 0.0 0.0 0.0
  0.0 0.0 0.0 0.0 0.0 0.0 0.0 0.0 0.0 0.0 0.0 1.0 0.0 0.0 0.0 0.0 0.0 0.0
  0.0 0.0 0.0]] 
 
 
Val : (83410, 75) 
 

FINISHED ENCODING
~~~~~~~~~~~~~~~~~~~~~~~~~~~~~~~~~~~~~~~~~~~~~~~~~~~~~~~~~~~~~~~~~~~~~~~~~~~~~~~


~~~~~~~~~~~~~~~~~~~~~~~~~~~~~~~~~~~~~~~~~~~~~~~~~~~~~~~~~~~~~~~~~~~~~~~~~~~~~~~
Test numpy array issues
X dtype: object
X Val dtype: object
X dtype: float32
X Val dtype: float32
After encoding : : WE ARE IN TRAIN.PY
~~~~~~~~~~~~~~~~~~~~~~~~~~~~~~~~~~~~~~~~~~~~~~~~~~~~~~~~~~~~~~~~~~~~~~~~~~~~~~~
num_features :75
num_classes : 1
cat_idx : [0, 1, 2, 3, 4, 5, 6, 7, 8, 9, 10, 11, 12, 13, 14, 15, 16, 17, 18, 19, 20, 21, 22, 23, 24, 25, 26, 27, 28, 29, 30, 31, 32, 33, 34, 35, 36, 37, 38, 39, 40, 41, 42, 43, 44, 45, 46, 47, 48, 49, 50, 51, 52, 53, 54, 55, 56, 57, 58, 59, 60, 61, 62, 63, 64, 65, 66, 67, 68, 69, 70, 71, 72, 73, 74]
nominal_idx : [1, 2, 3, 4, 5, 6, 7, 8, 9, 10, 11, 12, 13, 14, 15, 16, 17, 18, 19, 20, 21, 22, 23, 24, 25, 26, 27, 28, 29, 30, 31, 32, 33, 34, 35, 36, 37, 38, 39, 40, 41, 42, 43, 44, 45, 46, 47, 48, 49, 50, 51, 52, 53, 54, 55, 56, 57, 58, 59, 60, 61, 62, 63, 64, 65, 66, 67, 68, 69, 70, 71, 72, 73, 74]
ordinal_idx : [0]
num_idx : [0, 1, 2, 3, 4, 5, 6, 7, 8, 9, 10, 11, 12, 13, 14, 15, 16, 17, 18, 19, 20, 21, 22, 23, 24, 25, 26, 27, 28, 29, 30, 31, 32, 33, 34, 35, 36, 37, 38, 39, 40, 41, 42, 43, 44, 45, 46, 47, 48, 49, 50, 51, 52, 53, 54, 55, 56, 57, 58, 59, 60, 61, 62, 63, 64, 65, 66, 67, 68, 69, 70, 71, 72, 73, 74]
cat_dims : [8, 3, 3, 3, 3, 3, 3, 3, 3, 3, 3, 3, 3, 3, 3, 3, 3, 3, 3, 3, 3, 3, 3, 3, 3, 3, 3, 3, 3, 3, 3, 3, 3, 3, 3, 3, 3, 3, 3, 3, 3, 3, 3, 3, 3, 3, 3, 3, 3, 3, 3, 3, 3, 3, 3, 3, 3, 3, 3, 3, 3, 3, 3, 3, 3, 3, 3, 3, 3, 3, 3, 3, 3, 3, 3]
~~~~~~~~~~~~~~~~~~~~~~~~~~~~~~~~~~~~~~~~~~~~~~~~~~~~~~~~~~~~~~~~~~~~~~~~~~~~~~~


~~~~~~~~~~~~~~~~~~~~~~~~~~~~~~~~~~~~~~~~~~~~~~~~~~~~~~~~~~~~~~~~~~~~~~~~~~~~~~~
BINNING INIT
Number of bins: 15
Number of Classes B4 Bin Verifier: 15
Unique values in y: (array([ 0.,  1.,  2.,  3.,  4.,  5.,  6.,  7.,  8.,  9., 10., 11., 12.,
       13., 14.]), 15)
Unique values in y_val: (array([ 0.,  1.,  2.,  3.,  4.,  5.,  6.,  7.,  8.,  9., 10., 11., 12.,
       13., 14.]), 15)
No need to shift labels.
VERIFY SHIFT
Y shape : (83410,) , Y_val shape : (83411,)
Train after shift : [ 0  1  2  3  4  5  6  7  8  9 10 11 12 13 14], Length : 15
Number of Classes After Bin Verifier: 15 


BINNING END
~~~~~~~~~~~~~~~~~~~~~~~~~~~~~~~~~~~~~~~~~~~~~~~~~~~~~~~~~~~~~~~~~~~~~~~~~~~~~~~ 


In get_device
On Device: cuda
{'d_block': 256, 'd_hidden': 5, 'd_hidden_multiplier': 3.1295693022802924, 'd_in': 75, 'd_out': 15, 'dropout1': 0.31999331016593385, 'dropout2': 0.17961742655097668, 'n_blocks': 4}
Types in B4 Model
X : <class 'numpy.ndarray'>, y : <class 'numpy.ndarray'>, X : <class 'numpy.ndarray'>, X : <class 'numpy.ndarray'> 

In fit Nump iss
X : <class 'torch.Tensor'>, y : <class 'torch.Tensor'>, X : <class 'torch.Tensor'>, X : <class 'torch.Tensor'> 

State of save is True b4 loss saving
Saving loss to file: output/ResMLP/Black_Friday/logging/loss_0.txt
Log file exists at: output/ResMLP/Black_Friday/logging/loss_0.txt
File name : output/ResMLP/Black_Friday/logging/loss_0.txt . The file was saved
Saving loss to file: output/ResMLP/Black_Friday/logging/test_loss_0.txt
Log file exists at: output/ResMLP/Black_Friday/logging/test_loss_0.txt
File name : output/ResMLP/Black_Friday/logging/test_loss_0.txt . The file was saved
Saved Losses and Regularization
±±±±±±±±±±±±±±±±±±±±±±±±±±±±±±±±±±±±±±±±±±±±±±±±±±±±±±±±±±±±±±±±±±±±±±±±±±± 

B4 Evaluation
Number of classes : 15
Class labels : [0, 1, 2, 3, 4, 5, 6, 7, 8, 9, 10, 11, 12, 13, 14]
Unique y_true : 15
Unique train : 15

Prediction shape : (83411,)
±±±±±±±±±±±±±±±±±±±±±±±±±±±±±±±±±±±±±±±±±±±±±±±±±±±±±±±±±±±±±±±±±±±±±±±±±±± 

In the gulag
--- Test Run 2/3 ---
~~~~~~~~~~~~~~~~~~~~~~~~~~~~~~~~~~~~~~~~~~~~~~~~~~~~~~~~~~~~~~~~~~~~~~~~~~~~~~~
BEFORE ANY ENCODING
num_features :9
num_classes : 1
cat_idx : [0]
nominal_idx : [0, 2, 3, 4, 5, 6, 7, 8]
ordinal_idx : [1]
num_idx : None
cat_dims : [2]
bin_alt : None 


X_train shape : (83410, 9)
~~~~~~~~~~~~~~~~~~~~~~~~~~~~~~~~~~~~~~~~~~~~~~~~~~~~~~~~~~~~~~~~~~~~~~~~~~~~~~~
~~~~~~~~~~~~~~~~~~~~~~~~~~~~~~~~~~~~~~~~~~~~~~~~~~~~~~~~~~~~~~~~~~~~~~~~~~~~~~~
AFTER getting cat idx
Nominal Index : [0, 2, 3, 4, 5, 6, 7, 8]
Ordinal Index : [1]
Cat Idx : [0]
Cat dims : [2]
~~~~~~~~~~~~~~~~~~~~~~~~~~~~~~~~~~~~~~~~~~~~~~~~~~~~~~~~~~~~~~~~~~~~~~~~~~~~~~~
BEFORE getting cat idx
Nominal Index : [0, 2, 3, 4, 5, 6, 7, 8]
Ordinal Index : [1]
Cat Idx : [0, 1, 2, 3, 4, 5, 6, 7, 8]
Cat dims : []
~~~~~~~~~~~~~~~~~~~~~~~~~~~~~~~~~~~~~~~~~~~~~~~~~~~~~~~~~~~~~~~~~~~~~~~~~~~~~~~ 


AFTER SEPARATING CATEGORICALS AND NUMERICALS
Ordinal Index : [1]
Numerical Index V1 : []
Cat Idx V1 : [0, 1, 2, 3, 4, 5, 6, 7, 8] 
Cat Dims V1 : []
 

~~~~~~~~~~~~~~~~~~~~~~~~~~~~~~~~~~~~~~~~~~~~~~~~~~~~~~~~~~~~~~~~~~~~~~~~~~~~~~~ 


One Hot Encoding...
Ord : 1, Nom : 74, Num : 75
~~~~~~~~~~~~~~~~~~~~~~~~~~~~~~~~~~~~~~~~~~~~~~~~~~~~~~~~~~~~~~~~~~~~~~~~~~~~~~~
After OHE
Numerical Index V2 : [0, 1, 2, 3, 4, 5, 6, 7, 8, 9, 10, 11, 12, 13, 14, 15, 16, 17, 18, 19, 20, 21, 22, 23, 24, 25, 26, 27, 28, 29, 30, 31, 32, 33, 34, 35, 36, 37, 38, 39, 40, 41, 42, 43, 44, 45, 46, 47, 48, 49, 50, 51, 52, 53, 54, 55, 56, 57, 58, 59, 60, 61, 62, 63, 64, 65, 66, 67, 68, 69, 70, 71, 72, 73, 74] 


OHE Idx : [1, 2, 3, 4, 5, 6, 7, 8, 9, 10, 11, 12, 13, 14, 15, 16, 17, 18, 19, 20, 21, 22, 23, 24, 25, 26, 27, 28, 29, 30, 31, 32, 33, 34, 35, 36, 37, 38, 39, 40, 41, 42, 43, 44, 45, 46, 47, 48, 49, 50, 51, 52, 53, 54, 55, 56, 57, 58, 59, 60, 61, 62, 63, 64, 65, 66, 67, 68, 69, 70, 71, 72, 73, 74]


Ordinal Idx V2: [0]


Cat Dims V2 : []
Cat Idx V2 : [0, 1, 2, 3, 4, 5, 6, 7, 8] 
 

Train: [['26-35' 1.0 0.0 0.0 0.0]
 ['26-35' 0.0 1.0 0.0 0.0]
 ['55+' 0.0 1.0 0.0 0.0]
 ['36-45' 0.0 1.0 0.0 0.0]
 ['26-35' 0.0 1.0 1.0 0.0]
 ['26-35' 0.0 1.0 0.0 0.0]
 ['26-35' 0.0 1.0 0.0 0.0]
 ['51-55' 0.0 1.0 0.0 0.0]
 ['0-17' 0.0 1.0 0.0 0.0]
 ['26-35' 1.0 0.0 0.0 0.0]] 
 
 
Val : (83410, 75) 
 

~~~~~~~~~~~~~~~~~~~~~~~~~~~~~~~~~~~~~~~~~~~~~~~~~~~~~~~~~~~~~~~~~~~~~~~~~~~~~~~
Ordinal Encoding...
Cat Idx V3 : [0, 1, 2, 3, 4, 5, 6, 7, 8, 9, 10, 11, 12, 13, 14, 15, 16, 17, 18, 19, 20, 21, 22, 23, 24, 25, 26, 27, 28, 29, 30, 31, 32, 33, 34, 35, 36, 37, 38, 39, 40, 41, 42, 43, 44, 45, 46, 47, 48, 49, 50, 51, 52, 53, 54, 55, 56, 57, 58, 59, 60, 61, 62, 63, 64, 65, 66, 67, 68, 69, 70, 71, 72, 73, 74] 
 

~~~~~~~~~~~~~~~~~~~~~~~~~~~~~~~~~~~~~~~~~~~~~~~~~~~~~~~~~~~~~~~~~~~~~~~~~~~~~~~
After ORDINAL
Numerical Index V2 : [0, 1, 2, 3, 4, 5, 6, 7, 8, 9, 10, 11, 12, 13, 14, 15, 16, 17, 18, 19, 20, 21, 22, 23, 24, 25, 26, 27, 28, 29, 30, 31, 32, 33, 34, 35, 36, 37, 38, 39, 40, 41, 42, 43, 44, 45, 46, 47, 48, 49, 50, 51, 52, 53, 54, 55, 56, 57, 58, 59, 60, 61, 62, 63, 64, 65, 66, 67, 68, 69, 70, 71, 72, 73, 74] 


OHE Idx : [1, 2, 3, 4, 5, 6, 7, 8, 9, 10, 11, 12, 13, 14, 15, 16, 17, 18, 19, 20, 21, 22, 23, 24, 25, 26, 27, 28, 29, 30, 31, 32, 33, 34, 35, 36, 37, 38, 39, 40, 41, 42, 43, 44, 45, 46, 47, 48, 49, 50, 51, 52, 53, 54, 55, 56, 57, 58, 59, 60, 61, 62, 63, 64, 65, 66, 67, 68, 69, 70, 71, 72, 73, 74]


Ordinal Idx V2: [0]


Cat Dims V2 : [8, 3, 3, 3, 3, 3, 3, 3, 3, 3, 3, 3, 3, 3, 3, 3, 3, 3, 3, 3, 3, 3, 3, 3, 3, 3, 3, 3, 3, 3, 3, 3, 3, 3, 3, 3, 3, 3, 3, 3, 3, 3, 3, 3, 3, 3, 3, 3, 3, 3, 3, 3, 3, 3, 3, 3, 3, 3, 3, 3, 3, 3, 3, 3, 3, 3, 3, 3, 3, 3, 3, 3, 3, 3, 3]
Cat Idx V2 : [0, 1, 2, 3, 4, 5, 6, 7, 8, 9, 10, 11, 12, 13, 14, 15, 16, 17, 18, 19, 20, 21, 22, 23, 24, 25, 26, 27, 28, 29, 30, 31, 32, 33, 34, 35, 36, 37, 38, 39, 40, 41, 42, 43, 44, 45, 46, 47, 48, 49, 50, 51, 52, 53, 54, 55, 56, 57, 58, 59, 60, 61, 62, 63, 64, 65, 66, 67, 68, 69, 70, 71, 72, 73, 74] 
 

Train: [[3.0 1.0 0.0 0.0 0.0 0.0 0.0 0.0 0.0 1.0 0.0 0.0 0.0 0.0 0.0 0.0 0.0 0.0
  0.0 0.0 0.0 0.0 0.0 0.0 0.0 1.0 0.0 0.0 0.0 0.0 0.0 1.0 0.0 1.0 0.0 0.0
  0.0 0.0 1.0 0.0 0.0 0.0 0.0 0.0 0.0 0.0 0.0 0.0 0.0 0.0 0.0 1.0 0.0 0.0
  0.0 0.0 0.0 0.0 0.0 0.0 0.0 0.0 0.0 0.0 0.0 0.0 0.0 0.0 0.0 0.0 1.0 0.0
  0.0 0.0 0.0]
 [3.0 0.0 1.0 0.0 0.0 0.0 0.0 0.0 0.0 0.0 0.0 0.0 0.0 0.0 0.0 1.0 0.0 0.0
  0.0 0.0 0.0 0.0 0.0 0.0 1.0 0.0 0.0 1.0 0.0 0.0 0.0 0.0 1.0 0.0 1.0 0.0
  0.0 0.0 0.0 0.0 0.0 0.0 0.0 0.0 0.0 0.0 0.0 0.0 0.0 0.0 1.0 0.0 0.0 0.0
  0.0 0.0 0.0 0.0 0.0 0.0 0.0 0.0 0.0 0.0 0.0 0.0 0.0 0.0 0.0 0.0 0.0 1.0
  0.0 0.0 0.0]
 [7.0 0.0 1.0 0.0 0.0 0.0 0.0 0.0 0.0 0.0 1.0 0.0 0.0 0.0 0.0 0.0 0.0 0.0
  0.0 0.0 0.0 0.0 0.0 0.0 0.0 0.0 1.0 0.0 0.0 0.0 0.0 1.0 0.0 1.0 1.0 0.0
  0.0 0.0 0.0 0.0 0.0 0.0 0.0 0.0 0.0 0.0 1.0 0.0 0.0 0.0 0.0 0.0 0.0 0.0
  0.0 0.0 0.0 0.0 0.0 0.0 0.0 0.0 0.0 0.0 0.0 1.0 0.0 0.0 0.0 0.0 0.0 0.0
  0.0 0.0 0.0]
 [4.0 0.0 1.0 0.0 0.0 0.0 0.0 1.0 0.0 0.0 0.0 0.0 0.0 0.0 0.0 0.0 0.0 0.0
  0.0 0.0 0.0 0.0 0.0 0.0 0.0 1.0 0.0 0.0 0.0 1.0 0.0 0.0 0.0 1.0 1.0 0.0
  0.0 0.0 0.0 0.0 0.0 0.0 0.0 0.0 0.0 0.0 0.0 0.0 0.0 0.0 0.0 1.0 0.0 0.0
  0.0 0.0 0.0 0.0 0.0 0.0 0.0 0.0 0.0 0.0 0.0 0.0 0.0 0.0 0.0 0.0 0.0 0.0
  0.0 1.0 0.0]
 [3.0 0.0 1.0 1.0 0.0 0.0 0.0 0.0 0.0 0.0 0.0 0.0 0.0 0.0 0.0 0.0 0.0 0.0
  0.0 0.0 0.0 0.0 0.0 0.0 1.0 0.0 0.0 1.0 0.0 0.0 0.0 0.0 1.0 0.0 1.0 0.0
  0.0 0.0 0.0 0.0 0.0 0.0 0.0 0.0 0.0 0.0 1.0 0.0 0.0 0.0 0.0 0.0 0.0 0.0
  0.0 0.0 0.0 0.0 0.0 0.0 0.0 0.0 0.0 0.0 0.0 0.0 0.0 0.0 0.0 0.0 0.0 1.0
  0.0 0.0 0.0]
 [3.0 0.0 1.0 0.0 0.0 0.0 0.0 0.0 0.0 0.0 0.0 0.0 1.0 0.0 0.0 0.0 0.0 0.0
  0.0 0.0 0.0 0.0 0.0 0.0 0.0 1.0 0.0 0.0 0.0 0.0 1.0 0.0 1.0 0.0 1.0 0.0
  0.0 0.0 0.0 0.0 0.0 0.0 0.0 0.0 0.0 0.0 0.0 0.0 0.0 0.0 1.0 0.0 0.0 0.0
  0.0 0.0 0.0 0.0 0.0 0.0 0.0 0.0 0.0 0.0 0.0 0.0 0.0 0.0 0.0 0.0 0.0 1.0
  0.0 0.0 0.0]
 [3.0 0.0 1.0 0.0 0.0 0.0 0.0 0.0 0.0 0.0 0.0 0.0 0.0 0.0 0.0 0.0 0.0 0.0
  1.0 0.0 0.0 0.0 0.0 0.0 0.0 0.0 1.0 1.0 0.0 0.0 0.0 0.0 0.0 1.0 1.0 0.0
  0.0 0.0 0.0 0.0 0.0 0.0 0.0 0.0 0.0 0.0 0.0 0.0 0.0 0.0 0.0 0.0 0.0 0.0
  1.0 0.0 0.0 0.0 0.0 0.0 0.0 0.0 0.0 0.0 0.0 0.0 0.0 0.0 0.0 0.0 0.0 1.0
  0.0 0.0 0.0]
 [6.0 0.0 1.0 0.0 0.0 0.0 0.0 0.0 0.0 0.0 0.0 0.0 0.0 0.0 0.0 0.0 0.0 0.0
  0.0 0.0 1.0 0.0 0.0 0.0 0.0 1.0 0.0 0.0 0.0 0.0 0.0 1.0 0.0 1.0 1.0 0.0
  0.0 0.0 0.0 0.0 0.0 0.0 0.0 0.0 0.0 0.0 0.0 0.0 0.0 0.0 1.0 0.0 0.0 0.0
  0.0 0.0 0.0 0.0 0.0 0.0 0.0 0.0 0.0 0.0 0.0 0.0 0.0 0.0 0.0 0.0 0.0 1.0
  0.0 0.0 0.0]
 [1.0 0.0 1.0 0.0 0.0 1.0 0.0 0.0 0.0 0.0 0.0 0.0 0.0 0.0 0.0 0.0 0.0 0.0
  0.0 0.0 0.0 0.0 0.0 0.0 0.0 1.0 0.0 1.0 0.0 0.0 0.0 0.0 1.0 0.0 0.0 0.0
  0.0 0.0 0.0 0.0 1.0 0.0 0.0 0.0 0.0 0.0 0.0 0.0 0.0 0.0 0.0 0.0 0.0 0.0
  0.0 0.0 0.0 1.0 0.0 0.0 0.0 0.0 0.0 0.0 0.0 0.0 0.0 0.0 0.0 0.0 0.0 0.0
  0.0 1.0 0.0]
 [3.0 1.0 0.0 0.0 0.0 0.0 0.0 0.0 0.0 0.0 0.0 0.0 0.0 0.0 0.0 0.0 0.0 0.0
  1.0 0.0 0.0 0.0 0.0 0.0 1.0 0.0 0.0 1.0 0.0 0.0 0.0 0.0 1.0 0.0 0.0 0.0
  0.0 0.0 0.0 1.0 0.0 0.0 0.0 0.0 0.0 0.0 0.0 0.0 0.0 0.0 0.0 0.0 0.0 1.0
  0.0 0.0 0.0 0.0 0.0 0.0 0.0 0.0 0.0 0.0 0.0 0.0 0.0 0.0 0.0 1.0 0.0 0.0
  0.0 0.0 0.0]] 
 
 
Val : (83410, 75) 
 

FINISHED ENCODING
~~~~~~~~~~~~~~~~~~~~~~~~~~~~~~~~~~~~~~~~~~~~~~~~~~~~~~~~~~~~~~~~~~~~~~~~~~~~~~~


~~~~~~~~~~~~~~~~~~~~~~~~~~~~~~~~~~~~~~~~~~~~~~~~~~~~~~~~~~~~~~~~~~~~~~~~~~~~~~~
Test numpy array issues
X dtype: object
X Val dtype: object
X dtype: float32
X Val dtype: float32
After encoding : : WE ARE IN TRAIN.PY
~~~~~~~~~~~~~~~~~~~~~~~~~~~~~~~~~~~~~~~~~~~~~~~~~~~~~~~~~~~~~~~~~~~~~~~~~~~~~~~
num_features :75
num_classes : 1
cat_idx : [0, 1, 2, 3, 4, 5, 6, 7, 8, 9, 10, 11, 12, 13, 14, 15, 16, 17, 18, 19, 20, 21, 22, 23, 24, 25, 26, 27, 28, 29, 30, 31, 32, 33, 34, 35, 36, 37, 38, 39, 40, 41, 42, 43, 44, 45, 46, 47, 48, 49, 50, 51, 52, 53, 54, 55, 56, 57, 58, 59, 60, 61, 62, 63, 64, 65, 66, 67, 68, 69, 70, 71, 72, 73, 74]
nominal_idx : [1, 2, 3, 4, 5, 6, 7, 8, 9, 10, 11, 12, 13, 14, 15, 16, 17, 18, 19, 20, 21, 22, 23, 24, 25, 26, 27, 28, 29, 30, 31, 32, 33, 34, 35, 36, 37, 38, 39, 40, 41, 42, 43, 44, 45, 46, 47, 48, 49, 50, 51, 52, 53, 54, 55, 56, 57, 58, 59, 60, 61, 62, 63, 64, 65, 66, 67, 68, 69, 70, 71, 72, 73, 74]
ordinal_idx : [0]
num_idx : [0, 1, 2, 3, 4, 5, 6, 7, 8, 9, 10, 11, 12, 13, 14, 15, 16, 17, 18, 19, 20, 21, 22, 23, 24, 25, 26, 27, 28, 29, 30, 31, 32, 33, 34, 35, 36, 37, 38, 39, 40, 41, 42, 43, 44, 45, 46, 47, 48, 49, 50, 51, 52, 53, 54, 55, 56, 57, 58, 59, 60, 61, 62, 63, 64, 65, 66, 67, 68, 69, 70, 71, 72, 73, 74]
cat_dims : [8, 3, 3, 3, 3, 3, 3, 3, 3, 3, 3, 3, 3, 3, 3, 3, 3, 3, 3, 3, 3, 3, 3, 3, 3, 3, 3, 3, 3, 3, 3, 3, 3, 3, 3, 3, 3, 3, 3, 3, 3, 3, 3, 3, 3, 3, 3, 3, 3, 3, 3, 3, 3, 3, 3, 3, 3, 3, 3, 3, 3, 3, 3, 3, 3, 3, 3, 3, 3, 3, 3, 3, 3, 3, 3]
~~~~~~~~~~~~~~~~~~~~~~~~~~~~~~~~~~~~~~~~~~~~~~~~~~~~~~~~~~~~~~~~~~~~~~~~~~~~~~~


~~~~~~~~~~~~~~~~~~~~~~~~~~~~~~~~~~~~~~~~~~~~~~~~~~~~~~~~~~~~~~~~~~~~~~~~~~~~~~~
BINNING INIT
Number of bins: 15
Number of Classes B4 Bin Verifier: 15
Unique values in y: (array([ 0.,  1.,  2.,  3.,  4.,  5.,  6.,  7.,  8.,  9., 10., 11., 12.,
       13., 14.]), 15)
Unique values in y_val: (array([ 0.,  1.,  2.,  3.,  4.,  5.,  6.,  7.,  8.,  9., 10., 11., 12.,
       13., 14.]), 15)
No need to shift labels.
VERIFY SHIFT
Y shape : (83410,) , Y_val shape : (83411,)
Train after shift : [ 0  1  2  3  4  5  6  7  8  9 10 11 12 13 14], Length : 15
Number of Classes After Bin Verifier: 15 


BINNING END
~~~~~~~~~~~~~~~~~~~~~~~~~~~~~~~~~~~~~~~~~~~~~~~~~~~~~~~~~~~~~~~~~~~~~~~~~~~~~~~ 


In get_device
On Device: cuda
{'d_block': 256, 'd_hidden': 5, 'd_hidden_multiplier': 3.1295693022802924, 'd_in': 75, 'd_out': 15, 'dropout1': 0.31999331016593385, 'dropout2': 0.17961742655097668, 'n_blocks': 4}
Types in B4 Model
X : <class 'numpy.ndarray'>, y : <class 'numpy.ndarray'>, X : <class 'numpy.ndarray'>, X : <class 'numpy.ndarray'> 

In fit Nump iss
X : <class 'torch.Tensor'>, y : <class 'torch.Tensor'>, X : <class 'torch.Tensor'>, X : <class 'torch.Tensor'> 

State of save is True b4 loss saving
Saving loss to file: output/ResMLP/Black_Friday/logging/loss_1.txt
Log file exists at: output/ResMLP/Black_Friday/logging/loss_1.txt
File name : output/ResMLP/Black_Friday/logging/loss_1.txt . The file was saved
Saving loss to file: output/ResMLP/Black_Friday/logging/test_loss_1.txt
Log file exists at: output/ResMLP/Black_Friday/logging/test_loss_1.txt
File name : output/ResMLP/Black_Friday/logging/test_loss_1.txt . The file was saved
Saved Losses and Regularization
±±±±±±±±±±±±±±±±±±±±±±±±±±±±±±±±±±±±±±±±±±±±±±±±±±±±±±±±±±±±±±±±±±±±±±±±±±± 

B4 Evaluation
Number of classes : 15
Class labels : [0, 1, 2, 3, 4, 5, 6, 7, 8, 9, 10, 11, 12, 13, 14]
Unique y_true : 15
Unique train : 15

Prediction shape : (83411,)
±±±±±±±±±±±±±±±±±±±±±±±±±±±±±±±±±±±±±±±±±±±±±±±±±±±±±±±±±±±±±±±±±±±±±±±±±±± 

In the gulag
--- Test Run 3/3 ---
~~~~~~~~~~~~~~~~~~~~~~~~~~~~~~~~~~~~~~~~~~~~~~~~~~~~~~~~~~~~~~~~~~~~~~~~~~~~~~~
BEFORE ANY ENCODING
num_features :9
num_classes : 1
cat_idx : [0]
nominal_idx : [0, 2, 3, 4, 5, 6, 7, 8]
ordinal_idx : [1]
num_idx : None
cat_dims : [2]
bin_alt : None 


X_train shape : (83410, 9)
~~~~~~~~~~~~~~~~~~~~~~~~~~~~~~~~~~~~~~~~~~~~~~~~~~~~~~~~~~~~~~~~~~~~~~~~~~~~~~~
~~~~~~~~~~~~~~~~~~~~~~~~~~~~~~~~~~~~~~~~~~~~~~~~~~~~~~~~~~~~~~~~~~~~~~~~~~~~~~~
AFTER getting cat idx
Nominal Index : [0, 2, 3, 4, 5, 6, 7, 8]
Ordinal Index : [1]
Cat Idx : [0]
Cat dims : [2]
~~~~~~~~~~~~~~~~~~~~~~~~~~~~~~~~~~~~~~~~~~~~~~~~~~~~~~~~~~~~~~~~~~~~~~~~~~~~~~~
BEFORE getting cat idx
Nominal Index : [0, 2, 3, 4, 5, 6, 7, 8]
Ordinal Index : [1]
Cat Idx : [0, 1, 2, 3, 4, 5, 6, 7, 8]
Cat dims : []
~~~~~~~~~~~~~~~~~~~~~~~~~~~~~~~~~~~~~~~~~~~~~~~~~~~~~~~~~~~~~~~~~~~~~~~~~~~~~~~ 


AFTER SEPARATING CATEGORICALS AND NUMERICALS
Ordinal Index : [1]
Numerical Index V1 : []
Cat Idx V1 : [0, 1, 2, 3, 4, 5, 6, 7, 8] 
Cat Dims V1 : []
 

~~~~~~~~~~~~~~~~~~~~~~~~~~~~~~~~~~~~~~~~~~~~~~~~~~~~~~~~~~~~~~~~~~~~~~~~~~~~~~~ 


One Hot Encoding...
Ord : 1, Nom : 74, Num : 75
~~~~~~~~~~~~~~~~~~~~~~~~~~~~~~~~~~~~~~~~~~~~~~~~~~~~~~~~~~~~~~~~~~~~~~~~~~~~~~~
After OHE
Numerical Index V2 : [0, 1, 2, 3, 4, 5, 6, 7, 8, 9, 10, 11, 12, 13, 14, 15, 16, 17, 18, 19, 20, 21, 22, 23, 24, 25, 26, 27, 28, 29, 30, 31, 32, 33, 34, 35, 36, 37, 38, 39, 40, 41, 42, 43, 44, 45, 46, 47, 48, 49, 50, 51, 52, 53, 54, 55, 56, 57, 58, 59, 60, 61, 62, 63, 64, 65, 66, 67, 68, 69, 70, 71, 72, 73, 74] 


OHE Idx : [1, 2, 3, 4, 5, 6, 7, 8, 9, 10, 11, 12, 13, 14, 15, 16, 17, 18, 19, 20, 21, 22, 23, 24, 25, 26, 27, 28, 29, 30, 31, 32, 33, 34, 35, 36, 37, 38, 39, 40, 41, 42, 43, 44, 45, 46, 47, 48, 49, 50, 51, 52, 53, 54, 55, 56, 57, 58, 59, 60, 61, 62, 63, 64, 65, 66, 67, 68, 69, 70, 71, 72, 73, 74]


Ordinal Idx V2: [0]


Cat Dims V2 : []
Cat Idx V2 : [0, 1, 2, 3, 4, 5, 6, 7, 8] 
 

Train: [['26-35' 0.0 1.0 0.0 0.0]
 ['26-35' 1.0 0.0 0.0 0.0]
 ['26-35' 1.0 0.0 0.0 1.0]
 ['26-35' 1.0 0.0 0.0 0.0]
 ['51-55' 0.0 1.0 0.0 0.0]
 ['46-50' 0.0 1.0 0.0 0.0]
 ['51-55' 0.0 1.0 1.0 0.0]
 ['26-35' 0.0 1.0 1.0 0.0]
 ['51-55' 0.0 1.0 1.0 0.0]
 ['18-25' 0.0 1.0 0.0 0.0]] 
 
 
Val : (83410, 75) 
 

~~~~~~~~~~~~~~~~~~~~~~~~~~~~~~~~~~~~~~~~~~~~~~~~~~~~~~~~~~~~~~~~~~~~~~~~~~~~~~~
Ordinal Encoding...
Cat Idx V3 : [0, 1, 2, 3, 4, 5, 6, 7, 8, 9, 10, 11, 12, 13, 14, 15, 16, 17, 18, 19, 20, 21, 22, 23, 24, 25, 26, 27, 28, 29, 30, 31, 32, 33, 34, 35, 36, 37, 38, 39, 40, 41, 42, 43, 44, 45, 46, 47, 48, 49, 50, 51, 52, 53, 54, 55, 56, 57, 58, 59, 60, 61, 62, 63, 64, 65, 66, 67, 68, 69, 70, 71, 72, 73, 74] 
 

~~~~~~~~~~~~~~~~~~~~~~~~~~~~~~~~~~~~~~~~~~~~~~~~~~~~~~~~~~~~~~~~~~~~~~~~~~~~~~~
After ORDINAL
Numerical Index V2 : [0, 1, 2, 3, 4, 5, 6, 7, 8, 9, 10, 11, 12, 13, 14, 15, 16, 17, 18, 19, 20, 21, 22, 23, 24, 25, 26, 27, 28, 29, 30, 31, 32, 33, 34, 35, 36, 37, 38, 39, 40, 41, 42, 43, 44, 45, 46, 47, 48, 49, 50, 51, 52, 53, 54, 55, 56, 57, 58, 59, 60, 61, 62, 63, 64, 65, 66, 67, 68, 69, 70, 71, 72, 73, 74] 


OHE Idx : [1, 2, 3, 4, 5, 6, 7, 8, 9, 10, 11, 12, 13, 14, 15, 16, 17, 18, 19, 20, 21, 22, 23, 24, 25, 26, 27, 28, 29, 30, 31, 32, 33, 34, 35, 36, 37, 38, 39, 40, 41, 42, 43, 44, 45, 46, 47, 48, 49, 50, 51, 52, 53, 54, 55, 56, 57, 58, 59, 60, 61, 62, 63, 64, 65, 66, 67, 68, 69, 70, 71, 72, 73, 74]


Ordinal Idx V2: [0]


Cat Dims V2 : [8, 3, 3, 3, 3, 3, 3, 3, 3, 3, 3, 3, 3, 3, 3, 3, 3, 3, 3, 3, 3, 3, 3, 3, 3, 3, 3, 3, 3, 3, 3, 3, 3, 3, 3, 3, 3, 3, 3, 3, 3, 3, 3, 3, 3, 3, 3, 3, 3, 3, 3, 3, 3, 3, 3, 3, 3, 3, 3, 3, 3, 3, 3, 3, 3, 3, 3, 3, 3, 3, 3, 3, 3, 3, 3]
Cat Idx V2 : [0, 1, 2, 3, 4, 5, 6, 7, 8, 9, 10, 11, 12, 13, 14, 15, 16, 17, 18, 19, 20, 21, 22, 23, 24, 25, 26, 27, 28, 29, 30, 31, 32, 33, 34, 35, 36, 37, 38, 39, 40, 41, 42, 43, 44, 45, 46, 47, 48, 49, 50, 51, 52, 53, 54, 55, 56, 57, 58, 59, 60, 61, 62, 63, 64, 65, 66, 67, 68, 69, 70, 71, 72, 73, 74] 
 

Train: [[3.0 0.0 1.0 0.0 0.0 0.0 0.0 0.0 0.0 1.0 0.0 0.0 0.0 0.0 0.0 0.0 0.0 0.0
  0.0 0.0 0.0 0.0 0.0 0.0 0.0 0.0 1.0 0.0 1.0 0.0 0.0 0.0 0.0 1.0 1.0 0.0
  0.0 0.0 0.0 0.0 0.0 0.0 0.0 0.0 0.0 0.0 0.0 0.0 0.0 1.0 0.0 0.0 0.0 0.0
  0.0 0.0 0.0 0.0 0.0 0.0 0.0 0.0 0.0 0.0 0.0 0.0 0.0 0.0 0.0 0.0 0.0 1.0
  0.0 0.0 0.0]
 [3.0 1.0 0.0 0.0 0.0 0.0 0.0 0.0 0.0 0.0 0.0 0.0 0.0 0.0 0.0 0.0 0.0 1.0
  0.0 0.0 0.0 0.0 0.0 0.0 1.0 0.0 0.0 0.0 1.0 0.0 0.0 0.0 0.0 1.0 1.0 0.0
  0.0 0.0 0.0 0.0 0.0 0.0 0.0 0.0 0.0 0.0 1.0 0.0 0.0 0.0 0.0 0.0 0.0 0.0
  0.0 0.0 0.0 0.0 0.0 0.0 0.0 0.0 0.0 0.0 0.0 0.0 0.0 0.0 0.0 0.0 0.0 0.0
  1.0 0.0 0.0]
 [3.0 1.0 0.0 0.0 1.0 0.0 0.0 0.0 0.0 0.0 0.0 0.0 0.0 0.0 0.0 0.0 0.0 0.0
  0.0 0.0 0.0 0.0 0.0 0.0 1.0 0.0 0.0 0.0 0.0 1.0 0.0 0.0 0.0 1.0 1.0 0.0
  0.0 0.0 0.0 0.0 0.0 0.0 0.0 0.0 0.0 0.0 0.0 0.0 0.0 0.0 1.0 0.0 0.0 0.0
  0.0 0.0 0.0 0.0 0.0 0.0 0.0 0.0 0.0 0.0 0.0 0.0 0.0 0.0 0.0 0.0 1.0 0.0
  0.0 0.0 0.0]
 [3.0 1.0 0.0 0.0 0.0 0.0 0.0 0.0 0.0 0.0 0.0 0.0 0.0 0.0 0.0 0.0 0.0 0.0
  0.0 1.0 0.0 0.0 0.0 0.0 0.0 0.0 1.0 0.0 1.0 0.0 0.0 0.0 1.0 0.0 1.0 0.0
  0.0 0.0 0.0 0.0 0.0 0.0 0.0 0.0 0.0 0.0 0.0 0.0 0.0 0.0 0.0 0.0 0.0 0.0
  0.0 0.0 0.0 0.0 1.0 0.0 0.0 0.0 0.0 0.0 0.0 0.0 0.0 0.0 0.0 0.0 0.0 0.0
  0.0 0.0 1.0]
 [6.0 0.0 1.0 0.0 0.0 0.0 0.0 0.0 0.0 0.0 0.0 0.0 0.0 0.0 0.0 0.0 1.0 0.0
  0.0 0.0 0.0 0.0 0.0 0.0 0.0 0.0 1.0 1.0 0.0 0.0 0.0 0.0 0.0 1.0 0.0 0.0
  0.0 0.0 0.0 0.0 1.0 0.0 0.0 0.0 0.0 0.0 0.0 0.0 0.0 0.0 0.0 0.0 0.0 0.0
  0.0 0.0 0.0 1.0 0.0 0.0 0.0 0.0 0.0 0.0 0.0 0.0 0.0 0.0 0.0 0.0 0.0 0.0
  0.0 1.0 0.0]
 [5.0 0.0 1.0 0.0 0.0 0.0 0.0 0.0 0.0 0.0 0.0 0.0 0.0 0.0 0.0 0.0 0.0 0.0
  0.0 0.0 0.0 0.0 1.0 0.0 0.0 1.0 0.0 0.0 1.0 0.0 0.0 0.0 0.0 1.0 0.0 0.0
  0.0 0.0 0.0 1.0 0.0 0.0 0.0 0.0 0.0 0.0 0.0 0.0 0.0 0.0 0.0 0.0 0.0 1.0
  0.0 0.0 0.0 0.0 0.0 0.0 0.0 0.0 0.0 0.0 0.0 0.0 0.0 0.0 0.0 0.0 0.0 0.0
  1.0 0.0 0.0]
 [6.0 0.0 1.0 1.0 0.0 0.0 0.0 0.0 0.0 0.0 0.0 0.0 0.0 0.0 0.0 0.0 0.0 0.0
  0.0 0.0 0.0 0.0 0.0 0.0 0.0 0.0 1.0 0.0 0.0 0.0 0.0 1.0 0.0 1.0 0.0 0.0
  0.0 0.0 1.0 0.0 0.0 0.0 0.0 0.0 0.0 0.0 0.0 0.0 0.0 0.0 0.0 1.0 0.0 0.0
  0.0 0.0 0.0 0.0 0.0 0.0 0.0 0.0 0.0 0.0 0.0 0.0 0.0 0.0 0.0 0.0 0.0 0.0
  0.0 1.0 0.0]
 [3.0 0.0 1.0 1.0 0.0 0.0 0.0 0.0 0.0 0.0 0.0 0.0 0.0 0.0 0.0 0.0 0.0 0.0
  0.0 0.0 0.0 0.0 0.0 0.0 1.0 0.0 0.0 0.0 0.0 1.0 0.0 0.0 1.0 0.0 1.0 0.0
  0.0 0.0 0.0 0.0 0.0 0.0 0.0 0.0 0.0 0.0 1.0 0.0 0.0 0.0 0.0 0.0 0.0 0.0
  0.0 0.0 0.0 0.0 0.0 0.0 0.0 0.0 0.0 0.0 0.0 0.0 0.0 0.0 0.0 0.0 0.0 1.0
  0.0 0.0 0.0]
 [6.0 0.0 1.0 1.0 0.0 0.0 0.0 0.0 0.0 0.0 0.0 0.0 0.0 0.0 0.0 0.0 0.0 0.0
  0.0 0.0 0.0 0.0 0.0 0.0 0.0 0.0 1.0 0.0 0.0 0.0 0.0 1.0 0.0 1.0 0.0 0.0
  1.0 0.0 0.0 0.0 0.0 0.0 0.0 0.0 0.0 0.0 0.0 0.0 1.0 0.0 0.0 0.0 0.0 0.0
  0.0 0.0 0.0 0.0 0.0 0.0 0.0 0.0 1.0 0.0 0.0 0.0 0.0 0.0 0.0 0.0 0.0 0.0
  0.0 0.0 0.0]
 [2.0 0.0 1.0 0.0 0.0 0.0 0.0 0.0 0.0 0.0 0.0 0.0 0.0 0.0 0.0 0.0 0.0 0.0
  1.0 0.0 0.0 0.0 0.0 0.0 0.0 1.0 0.0 0.0 0.0 1.0 0.0 0.0 0.0 1.0 0.0 1.0
  0.0 0.0 0.0 0.0 0.0 0.0 0.0 0.0 0.0 0.0 0.0 0.0 0.0 1.0 0.0 0.0 0.0 0.0
  0.0 0.0 0.0 0.0 0.0 0.0 0.0 0.0 0.0 0.0 1.0 0.0 0.0 0.0 0.0 0.0 0.0 0.0
  0.0 0.0 0.0]] 
 
 
Val : (83410, 75) 
 

FINISHED ENCODING
~~~~~~~~~~~~~~~~~~~~~~~~~~~~~~~~~~~~~~~~~~~~~~~~~~~~~~~~~~~~~~~~~~~~~~~~~~~~~~~


~~~~~~~~~~~~~~~~~~~~~~~~~~~~~~~~~~~~~~~~~~~~~~~~~~~~~~~~~~~~~~~~~~~~~~~~~~~~~~~
Test numpy array issues
X dtype: object
X Val dtype: object
X dtype: float32
X Val dtype: float32
After encoding : : WE ARE IN TRAIN.PY
~~~~~~~~~~~~~~~~~~~~~~~~~~~~~~~~~~~~~~~~~~~~~~~~~~~~~~~~~~~~~~~~~~~~~~~~~~~~~~~
num_features :75
num_classes : 1
cat_idx : [0, 1, 2, 3, 4, 5, 6, 7, 8, 9, 10, 11, 12, 13, 14, 15, 16, 17, 18, 19, 20, 21, 22, 23, 24, 25, 26, 27, 28, 29, 30, 31, 32, 33, 34, 35, 36, 37, 38, 39, 40, 41, 42, 43, 44, 45, 46, 47, 48, 49, 50, 51, 52, 53, 54, 55, 56, 57, 58, 59, 60, 61, 62, 63, 64, 65, 66, 67, 68, 69, 70, 71, 72, 73, 74]
nominal_idx : [1, 2, 3, 4, 5, 6, 7, 8, 9, 10, 11, 12, 13, 14, 15, 16, 17, 18, 19, 20, 21, 22, 23, 24, 25, 26, 27, 28, 29, 30, 31, 32, 33, 34, 35, 36, 37, 38, 39, 40, 41, 42, 43, 44, 45, 46, 47, 48, 49, 50, 51, 52, 53, 54, 55, 56, 57, 58, 59, 60, 61, 62, 63, 64, 65, 66, 67, 68, 69, 70, 71, 72, 73, 74]
ordinal_idx : [0]
num_idx : [0, 1, 2, 3, 4, 5, 6, 7, 8, 9, 10, 11, 12, 13, 14, 15, 16, 17, 18, 19, 20, 21, 22, 23, 24, 25, 26, 27, 28, 29, 30, 31, 32, 33, 34, 35, 36, 37, 38, 39, 40, 41, 42, 43, 44, 45, 46, 47, 48, 49, 50, 51, 52, 53, 54, 55, 56, 57, 58, 59, 60, 61, 62, 63, 64, 65, 66, 67, 68, 69, 70, 71, 72, 73, 74]
cat_dims : [8, 3, 3, 3, 3, 3, 3, 3, 3, 3, 3, 3, 3, 3, 3, 3, 3, 3, 3, 3, 3, 3, 3, 3, 3, 3, 3, 3, 3, 3, 3, 3, 3, 3, 3, 3, 3, 3, 3, 3, 3, 3, 3, 3, 3, 3, 3, 3, 3, 3, 3, 3, 3, 3, 3, 3, 3, 3, 3, 3, 3, 3, 3, 3, 3, 3, 3, 3, 3, 3, 3, 3, 3, 3, 3]
~~~~~~~~~~~~~~~~~~~~~~~~~~~~~~~~~~~~~~~~~~~~~~~~~~~~~~~~~~~~~~~~~~~~~~~~~~~~~~~


~~~~~~~~~~~~~~~~~~~~~~~~~~~~~~~~~~~~~~~~~~~~~~~~~~~~~~~~~~~~~~~~~~~~~~~~~~~~~~~
BINNING INIT
Number of bins: 15
Number of Classes B4 Bin Verifier: 15
Unique values in y: (array([ 0.,  1.,  2.,  3.,  4.,  5.,  6.,  7.,  8.,  9., 10., 11., 12.,
       13., 14.]), 15)
Unique values in y_val: (array([ 0.,  1.,  2.,  3.,  4.,  5.,  6.,  7.,  8.,  9., 10., 11., 12.,
       13., 14.]), 15)
No need to shift labels.
VERIFY SHIFT
Y shape : (83410,) , Y_val shape : (83411,)
Train after shift : [ 0  1  2  3  4  5  6  7  8  9 10 11 12 13 14], Length : 15
Number of Classes After Bin Verifier: 15 


BINNING END
~~~~~~~~~~~~~~~~~~~~~~~~~~~~~~~~~~~~~~~~~~~~~~~~~~~~~~~~~~~~~~~~~~~~~~~~~~~~~~~ 


In get_device
On Device: cuda
{'d_block': 256, 'd_hidden': 5, 'd_hidden_multiplier': 3.1295693022802924, 'd_in': 75, 'd_out': 15, 'dropout1': 0.31999331016593385, 'dropout2': 0.17961742655097668, 'n_blocks': 4}
Types in B4 Model
X : <class 'numpy.ndarray'>, y : <class 'numpy.ndarray'>, X : <class 'numpy.ndarray'>, X : <class 'numpy.ndarray'> 

In fit Nump iss
X : <class 'torch.Tensor'>, y : <class 'torch.Tensor'>, X : <class 'torch.Tensor'>, X : <class 'torch.Tensor'> 

State of save is True b4 loss saving
Saving loss to file: output/ResMLP/Black_Friday/logging/loss_2.txt
Log file exists at: output/ResMLP/Black_Friday/logging/loss_2.txt
File name : output/ResMLP/Black_Friday/logging/loss_2.txt . The file was saved
Saving loss to file: output/ResMLP/Black_Friday/logging/test_loss_2.txt
Log file exists at: output/ResMLP/Black_Friday/logging/test_loss_2.txt
File name : output/ResMLP/Black_Friday/logging/test_loss_2.txt . The file was saved
Saved Losses and Regularization
±±±±±±±±±±±±±±±±±±±±±±±±±±±±±±±±±±±±±±±±±±±±±±±±±±±±±±±±±±±±±±±±±±±±±±±±±±± 

B4 Evaluation
Number of classes : 15
Class labels : [0, 1, 2, 3, 4, 5, 6, 7, 8, 9, 10, 11, 12, 13, 14]
Unique y_true : 15
Unique train : 15

Prediction shape : (83411,)
±±±±±±±±±±±±±±±±±±±±±±±±±±±±±±±±±±±±±±±±±±±±±±±±±±±±±±±±±±±±±±±±±±±±±±±±±±± 

In the gulag
MSE SCORES: [319116.057940236, 329690.95358016394, 332024.56587798294], R2 SCORES: [0.9876823364006707, 0.9872741525946555, 0.9871840767412454]
Saving model.....
Results After CV: {'MSE - mean': 326943.85913279426, 'MSE - std': 5616.4811179121625, 'R2 - mean': 0.9873801885788572, 'R2 - std': 0.00021679236535123719}
Train time: 10.794837981666667
Inference time: 0.22571520700000036
Finished cross validation
Visualizing Happening
Type of task : test
Train Loss Length: 185, Test Loss Length: 185, epochs: 185, min_idx: 185
Train Loss Length: 175, Test Loss Length: 175, epochs: 175, min_idx: 175
Train Loss Length: 198, Test Loss Length: 198, epochs: 198, min_idx: 198
Plots saved successfully!

--- Testin on Final Model Finished ---
Aggregated Results: {'MSE - mean': 326943.85913279426, 'MSE - std': 5616.4811179121625, 'R2 - mean': 0.9873801885788572, 'R2 - std': 0.00021679236535123719}
Avg Outer Fold Train Time: 10.7948 sec
Avg Outer Fold Inference Time: 0.2257 sec


----------------------------------------------------------------------------
Training ResMLP Vesion 1 with Dataset: config/house_prices_nominal.yml 



----------------------------------------------------------------------------
Running Mode: Nested CV with Predefined Hyperparameters
Arguements: Namespace(batch_size=64, best_params_file='config/best_params.yml', bin_alt=None, cat_dims=[2], cat_idx=[0], class_comp=True, config='config/house_prices_nominal.yml', data_parallel=False, dataset='House_Prices_Nominal', direction='minimize', dropna_idx=[0], early_stopping_rounds=20, epochs=100, frequency_reg=False, gpu_ids=[0, 1], logging_period=100, miss_cat_idx=[6, 25, 30, 31, 32, 33, 35, 42, 57, 58, 60, 63, 64, 72, 73, 74], miss_num_idx=[3, 26, 59], model_name='ResMLP', n_trials=100, nominal_idx=[2, 7, 12], num_bins=10, num_classes=1, num_features=80, num_idx=None, num_splits=5, objective='probabilistic_regression', one_hot_encode=True, optimize_hyperparameters=False, ordinal_encode=True, ordinal_idx=[5, 6, 8, 9, 10, 11, 13, 14, 15, 16, 21, 22, 23, 24, 25, 27, 28, 29, 30, 31, 32, 33, 35, 39, 40, 41, 42, 53, 55, 57, 58, 60, 63, 64, 65, 72, 73, 74, 78, 79], outer_splits=3, parameters={'Abalone': {'CatBoost': {'iterations': 100, 'l2_leaf_reg': 1.2142895041234418, 'learning_rate': 0.1780973833308435, 'max_depth': 4, 'od_type': 'Iter', 'od_wait': 20, 'verbose': 100}, 'FTTransformer': {'learning_rate': 0.0026312292554662967, 'weight_decay': 0.000741227822541328}, 'MLP': {'d_block': 256, 'd_in': 10, 'd_out': 7, 'dropout': 0.045537479089527655, 'n_blocks': 4}, 'ResMLP': {'d_block': 256, 'd_hidden': 5, 'd_hidden_multiplier': 2.070874813204879, 'd_in': 10, 'd_out': 7, 'dropout1': 0.2767197595784706, 'dropout2': 0.1295421415138883, 'n_blocks': 6}, 'SAINT': {'depth': 3, 'dim': 128, 'dropout': 0.8, 'heads': 4}, 'NODE': {'num_layers': 8, 'total_tree_count': 2048, 'tree_depth': 8, 'tree_output_dim': 3}}, 'Allstate_Claims': {'FTTransformer': {'learning_rate': 0.00014266378836134144, 'weight_decay': 7.973049353626902e-05}, 'MLP': {'d_block': 256, 'd_in': 1093, 'd_out': 311, 'dropout': 0.12920563775872115, 'n_blocks': 6}, 'ResMLP': {'d_block': 128, 'd_hidden': 8, 'd_hidden_multiplier': 1.3701994442389223, 'd_in': 1093, 'd_out': 311, 'dropout1': 0.38528007263059155, 'dropout2': 0.15678728297998543, 'n_blocks': 3}, 'SAINT': {'depth': 3, 'dim': 64, 'dropout': 0.7, 'heads': 4}, 'NODE': {'num_layers': 8, 'total_tree_count': 2048, 'tree_depth': 8, 'tree_output_dim': 3}}, 'Black_Friday': {'MLP': {'d_block': 256, 'd_in': 75, 'd_out': 36, 'dropout': 0.28716314068720666, 'n_blocks': 3}, 'ResMLP': {'d_block': 256, 'd_hidden': 5, 'd_hidden_multiplier': 3.1295693022802924, 'd_in': 75, 'd_out': 36, 'dropout1': 0.31999331016593385, 'dropout2': 0.17961742655097668, 'n_blocks': 4}, 'SAINT': {'depth': 3, 'dim': 64, 'dropout': 0.1, 'heads': 2}, 'NODE': {'num_layers': 4, 'total_tree_count': 1024, 'tree_depth': 8, 'tree_output_dim': 2}}, 'Boston': {'FTTransformer': {'learning_rate': 0.0003038703893093738, 'weight_decay': 8.778101233251167e-05}, 'MLP': {'d_block': 256, 'd_in': 14, 'd_out': 6, 'dropout': 0.02868322485344796, 'n_blocks': 2}, 'ResMLP': {'d_block': 256, 'd_hidden': 3, 'd_hidden_multiplier': 2.629805792810099, 'd_in': 14, 'd_out': 6, 'dropout1': 0.42545138307167646, 'dropout2': 0.08020072326197547, 'n_blocks': 6}, 'SAINT': {'depth': 1, 'dim': 64, 'dropout': 0.2, 'heads': 4}, 'NODE': {'num_layers': 4, 'total_tree_count': 1024, 'tree_depth': 8, 'tree_output_dim': 3}}, 'Brazillian_Houses': {'FTTransformer': {'learning_rate': 0.00012882433392871884, 'weight_decay': 0.0006194542036721904}, 'MLP': {'d_block': 256, 'd_in': 17, 'd_out': 1095, 'dropout': 0.26456213654515587, 'n_blocks': 2}, 'ResMLP': {'d_block': 256, 'd_hidden': 9, 'd_hidden_multiplier': 2.8578552359643927, 'd_in': 17, 'd_out': 1095, 'dropout1': 0.05920170022592163, 'dropout2': 0.19030616663715155, 'n_blocks': 2}, 'SAINT': {'depth': 1, 'dim': 64, 'dropout': 0.3, 'heads': 8}, 'NODE': {'num_layers': 2, 'total_tree_count': 1024, 'tree_depth': 6, 'tree_output_dim': 3}}, 'Diamonds': {'FTTransformer': {'learning_rate': 0.00013457653890213615, 'weight_decay': 8.376325678211951e-05}, 'MLP': {'d_block': 256, 'd_in': 9, 'd_out': 13, 'dropout': 0.07787642217098255, 'n_blocks': 3}, 'ResMLP': {'d_block': 128, 'd_hidden': 5, 'd_hidden_multiplier': 1.6469990033121622, 'd_in': 9, 'd_out': 13, 'dropout1': 0.1279373990844757, 'dropout2': 0.09909622892506705, 'n_blocks': 6}, 'SAINT': {'depth': 6, 'dim': 128, 'dropout': 0.6, 'heads': 2}, 'NODE': {'num_layers': 4, 'total_tree_count': 2048, 'tree_depth': 6, 'tree_output_dim': 2}}, 'House_Prices_Nominal': {'FTTransformer': {'learning_rate': 0.0001991206295866777, 'weight_decay': 0.0025487180826797907}, 'MLP': {'d_block': 256, 'd_in': 109, 'd_out': 7, 'dropout': 0.10539334128428231, 'n_blocks': 2}, 'ResMLP': {'d_block': 256, 'd_hidden': 6, 'd_hidden_multiplier': 4.285524104220049, 'd_in': 109, 'd_out': 7, 'dropout1': 0.07419545585050902, 'dropout2': 0.058496662836731425, 'n_blocks': 6}, 'SAINT': {'depth': 1, 'dim': 128, 'dropout': 0.7, 'heads': 2}, 'NODE': {'num_layers': 4, 'total_tree_count': 2048, 'tree_depth': 6, 'tree_output_dim': 3}}, 'House_Sales': {'FTTransformer': {'learning_rate': 0.00250136728702011, 'weight_decay': 0.00011052492730016369}, 'MLP': {'d_block': 256, 'd_in': 90, 'd_out': 128, 'dropout': 0.10700449012979917, 'n_blocks': 4}, 'ResMLP': {'d_block': 256, 'd_hidden': 2, 'd_hidden_multiplier': 4.550168594755401, 'd_in': 90, 'd_out': 133, 'dropout1': 0.20737998960685675, 'dropout2': 0.03151442135910869, 'n_blocks': 5}, 'SAINT': {'depth': 6, 'dim': 256, 'dropout': 0.6, 'heads': 8}, 'NODE': {'num_layers': 8, 'total_tree_count': 2048, 'tree_depth': 8, 'tree_output_dim': 3}}, 'MIP': {'FTTransformer': {'learning_rate': 0.005340493024514428, 'weight_decay': 5.660990217872578e-06}, 'MLP': {'d_block': 64, 'd_in': 151, 'd_out': 67, 'dropout': 0.10823216670029355, 'n_blocks': 2}, 'ResMLP': {'d_block': 256, 'd_hidden': 10, 'd_hidden_multiplier': 3.5463105818248644, 'd_in': 151, 'd_out': 78, 'dropout1': 0.3740596836340417, 'dropout2': 0.14785999544988046, 'n_blocks': 4}, 'SAINT': {'depth': 3, 'dim': 32, 'dropout': 0.6, 'heads': 2}, 'NODE': {'num_layers': 8, 'total_tree_count': 1024, 'tree_depth': 8, 'tree_output_dim': 3}}, 'Mercedes_Benz': {'FTTransformer': {'learning_rate': 0.0004452048953174126, 'weight_decay': 1.7644038793799652e-06}, 'MLP': {'d_block': 256, 'd_in': 547, 'd_out': 18, 'dropout': 0.17946730470146646, 'n_blocks': 2}, 'ResMLP': {'d_block': 256, 'd_hidden': 4, 'd_hidden_multiplier': 2.8190447590303593, 'd_in': 547, 'd_out': 18, 'dropout1': 0.39853029839247645, 'dropout2': 0.23047013110182565, 'n_blocks': 5}, 'SAINT': {'depth': 1, 'dim': 32, 'dropout': 0, 'heads': 4}, 'NODE': {'num_layers': 8, 'total_tree_count': 1024, 'tree_depth': 8, 'tree_output_dim': 2}}, 'Moneyball': {'FTTransformer': {'learning_rate': 0.0001397623116786567, 'weight_decay': 3.198059991694104e-06}, 'MLP': {'d_block': 256, 'd_in': 48, 'd_out': 7, 'dropout': 0.2819627248207455, 'n_blocks': 2}, 'ResMLP': {'d_block': 256, 'd_hidden': 2, 'd_hidden_multiplier': 3.500563709434268, 'd_in': 48, 'd_out': 7, 'dropout1': 0.3191866936907723, 'dropout2': 0.17129324989277947, 'n_blocks': 6}, 'SAINT': {'depth': 3, 'dim': 32, 'dropout': 0.3, 'heads': 4}, 'NODE': {'num_layers': 8, 'total_tree_count': 2084, 'tree_depth': 6, 'tree_output_dim': 3}}, 'SAT11': {'FTTransformer': {'learning_rate': 8.719401475807713e-05, 'weight_decay': 0.0007004339745422863}, 'MLP': {'d_block': 128, 'd_in': 130, 'd_out': 3, 'dropout': 0.15064221648941228, 'n_blocks': 2}, 'ResMLP': {'d_block': 256, 'd_hidden': 6, 'd_hidden_multiplier': 3.226913030082402, 'd_in': 130, 'd_out': 3, 'dropout1': 0.4143262004883449, 'dropout2': 0.10671304592041092, 'n_blocks': 5}, 'SAINT': {'depth': 2, 'dim': 32, 'dropout': 0.6, 'heads': 2}, 'NODE': {'num_layers': 2, 'total_tree_count': 1024, 'tree_depth': 8, 'tree_output_dim': 3}}, 'Sensory': {'FTTransformer': {'learning_rate': 4.126150574320677e-05, 'weight_decay': 5.170169005303637e-05}, 'MLP': {'d_block': 128, 'd_in': 36, 'd_out': 5, 'dropout': 0.29860532918127847, 'n_blocks': 2}, 'ResMLP': {'d_block': 128, 'd_hidden': 4, 'd_hidden_multiplier': 1.80130923504725, 'd_in': 36, 'd_out': 5, 'dropout1': 0.228729597309105, 'dropout2': 0.22695309081109494, 'n_blocks': 5}, 'SAINT': {'depth': 1, 'dim': 128, 'dropout': 0, 'heads': 8}, 'NODE': {'num_layers': 4, 'total_tree_count': 1024, 'tree_depth': 6, 'tree_output_dim': 3}}, 'Socmob': {'FTTransformer': {'learning_rate': 0.00029650381259646087, 'weight_decay': 6.736378376679642e-05}, 'MLP': {'d_block': 256, 'd_in': 39, 'd_out': 40, 'dropout': 0.10461609715865526, 'n_blocks': 2}, 'ResMLP': {'d_block': 256, 'd_hidden': 4, 'd_hidden_multiplier': 4.543534401999215, 'd_in': 39, 'd_out': 40, 'dropout1': 0.115735614381013, 'dropout2': 0.018124882849134806, 'n_blocks': 3}, 'SAINT': {'depth': 1, 'dim': 64, 'dropout': 0.2, 'heads': 2}, 'NODE': {'num_layers': 2, 'total_tree_count': 2048, 'tree_depth': 6, 'tree_output_dim': 2}}}, save_results=False, scale=True, seed=221, shuffle=True, target_encode=False, use_gpu=True, val_batch_size=128, weighted_loss=False, y_distribution='skewed')
--- Running Nested Cross-Validation with Predefined Hyperparameters ---
Dataset: House_Prices_Nominal, Model: ResMLP, Objective: probabilistic_regression
Loading dataset House_Prices_Nominal...
Dataset loaded! 

(1460, 79)
Started Classification Module ...... 
~~~~~~~~~~~~~~~~~~~~~~~~~~~~~~~~~~~~~~~~~~~~~~~~~~~~~~~~~~~~~~~~~~~~~~~~~~~~~~~
TESTING MODEL
X_train shape: (730, 79)
y_train shape: (730,)
X_test shape: (730, 79)
y_test shape: (730,)
--- Test Run 1/3 ---
~~~~~~~~~~~~~~~~~~~~~~~~~~~~~~~~~~~~~~~~~~~~~~~~~~~~~~~~~~~~~~~~~~~~~~~~~~~~~~~
BEFORE ANY ENCODING
num_features :79
num_classes : 1
cat_idx : [0]
nominal_idx : [1, 6, 11]
ordinal_idx : [4, 5, 7, 8, 9, 10, 12, 13, 14, 15, 20, 21, 22, 23, 24, 26, 27, 28, 29, 30, 31, 32, 34, 38, 39, 40, 41, 52, 54, 56, 57, 59, 62, 63, 64, 71, 72, 73, 77, 78]
num_idx : None
cat_dims : [2]
bin_alt : None 


X_train shape : (730, 79)
~~~~~~~~~~~~~~~~~~~~~~~~~~~~~~~~~~~~~~~~~~~~~~~~~~~~~~~~~~~~~~~~~~~~~~~~~~~~~~~
~~~~~~~~~~~~~~~~~~~~~~~~~~~~~~~~~~~~~~~~~~~~~~~~~~~~~~~~~~~~~~~~~~~~~~~~~~~~~~~
AFTER getting cat idx
Nominal Index : [1, 6, 11]
Ordinal Index : [4, 5, 7, 8, 9, 10, 12, 13, 14, 15, 20, 21, 22, 23, 24, 26, 27, 28, 29, 30, 31, 32, 34, 38, 39, 40, 41, 52, 54, 56, 57, 59, 62, 63, 64, 71, 72, 73, 77, 78]
Cat Idx : [0]
Cat dims : [2]
~~~~~~~~~~~~~~~~~~~~~~~~~~~~~~~~~~~~~~~~~~~~~~~~~~~~~~~~~~~~~~~~~~~~~~~~~~~~~~~
BEFORE getting cat idx
Nominal Index : [1, 6, 11]
Ordinal Index : [4, 5, 7, 8, 9, 10, 12, 13, 14, 15, 20, 21, 22, 23, 24, 26, 27, 28, 29, 30, 31, 32, 34, 38, 39, 40, 41, 52, 54, 56, 57, 59, 62, 63, 64, 71, 72, 73, 77, 78]
Cat Idx : [1, 4, 5, 6, 7, 8, 9, 10, 11, 12, 13, 14, 15, 20, 21, 22, 23, 24, 26, 27, 28, 29, 30, 31, 32, 34, 38, 39, 40, 41, 52, 54, 56, 57, 59, 62, 63, 64, 71, 72, 73, 77, 78]
Cat dims : []
~~~~~~~~~~~~~~~~~~~~~~~~~~~~~~~~~~~~~~~~~~~~~~~~~~~~~~~~~~~~~~~~~~~~~~~~~~~~~~~ 


AFTER SEPARATING CATEGORICALS AND NUMERICALS
Ordinal Index : [4, 5, 7, 8, 9, 10, 12, 13, 14, 15, 20, 21, 22, 23, 24, 26, 27, 28, 29, 30, 31, 32, 34, 38, 39, 40, 41, 52, 54, 56, 57, 59, 62, 63, 64, 71, 72, 73, 77, 78]
Numerical Index V1 : [0, 2, 3, 16, 17, 18, 19, 25, 33, 35, 36, 37, 42, 43, 44, 45, 46, 47, 48, 49, 50, 51, 53, 55, 58, 60, 61, 65, 66, 67, 68, 69, 70, 74, 75, 76]
Cat Idx V1 : [1, 4, 5, 6, 7, 8, 9, 10, 11, 12, 13, 14, 15, 20, 21, 22, 23, 24, 26, 27, 28, 29, 30, 31, 32, 34, 38, 39, 40, 41, 52, 54, 56, 57, 59, 62, 63, 64, 71, 72, 73, 77, 78] 
Cat Dims V1 : []
 

~~~~~~~~~~~~~~~~~~~~~~~~~~~~~~~~~~~~~~~~~~~~~~~~~~~~~~~~~~~~~~~~~~~~~~~~~~~~~~~ 


Scaling the data...
One Hot Encoding...
Ord : 40, Nom : 33, Num : 36
~~~~~~~~~~~~~~~~~~~~~~~~~~~~~~~~~~~~~~~~~~~~~~~~~~~~~~~~~~~~~~~~~~~~~~~~~~~~~~~
After OHE
Numerical Index V2 : [73, 74, 75, 76, 77, 78, 79, 80, 81, 82, 83, 84, 85, 86, 87, 88, 89, 90, 91, 92, 93, 94, 95, 96, 97, 98, 99, 100, 101, 102, 103, 104, 105, 106, 107, 108] 


OHE Idx : [40, 41, 42, 43, 44, 45, 46, 47, 48, 49, 50, 51, 52, 53, 54, 55, 56, 57, 58, 59, 60, 61, 62, 63, 64, 65, 66, 67, 68, 69, 70, 71, 72]


Ordinal Idx V2: [0, 1, 2, 3, 4, 5, 6, 7, 8, 9, 10, 11, 12, 13, 14, 15, 16, 17, 18, 19, 20, 21, 22, 23, 24, 25, 26, 27, 28, 29, 30, 31, 32, 33, 34, 35, 36, 37, 38, 39]


Cat Dims V2 : []
Cat Idx V2 : [1, 4, 5, 6, 7, 8, 9, 10, 11, 12, 13, 14, 15, 20, 21, 22, 23, 24, 26, 27, 28, 29, 30, 31, 32, 34, 38, 39, 40, 41, 52, 54, 56, 57, 59, 62, 63, 64, 71, 72, 73, 77, 78] 
 

Train: [['Pave' 'None' 'Lvl' 'AllPub' 'Corner']
 ['Pave' 'None' 'Lvl' 'AllPub' 'Corner']
 ['Pave' 'None' 'Lvl' 'AllPub' 'Corner']
 ['Pave' 'None' 'Lvl' 'AllPub' 'Inside']
 ['Pave' 'None' 'Lvl' 'AllPub' 'Corner']
 ['Pave' 'None' 'Lvl' 'AllPub' 'Inside']
 ['Pave' 'None' 'Lvl' 'AllPub' 'Inside']
 ['Pave' 'None' 'Lvl' 'AllPub' 'Corner']
 ['Pave' 'Pave' 'Bnk' 'AllPub' 'Inside']
 ['Pave' 'None' 'Lvl' 'AllPub' 'FR2']] 
 
 
Val : (730, 109) 
 

~~~~~~~~~~~~~~~~~~~~~~~~~~~~~~~~~~~~~~~~~~~~~~~~~~~~~~~~~~~~~~~~~~~~~~~~~~~~~~~
Ordinal Encoding...
Finished Ordinal Encoding in HPN 

Cat Idx V3 : [0, 1, 2, 3, 4, 5, 6, 7, 8, 9, 10, 11, 12, 13, 14, 15, 16, 17, 18, 19, 20, 21, 22, 23, 24, 25, 26, 27, 28, 29, 30, 31, 32, 33, 34, 35, 36, 37, 38, 39, 40, 41, 42, 43, 44, 45, 46, 47, 48, 49, 50, 51, 52, 53, 54, 55, 56, 57, 58, 59, 60, 61, 62, 63, 64, 65, 66, 67, 68, 69, 70, 71, 72] 
 

~~~~~~~~~~~~~~~~~~~~~~~~~~~~~~~~~~~~~~~~~~~~~~~~~~~~~~~~~~~~~~~~~~~~~~~~~~~~~~~
After ORDINAL
Numerical Index V2 : [73, 74, 75, 76, 77, 78, 79, 80, 81, 82, 83, 84, 85, 86, 87, 88, 89, 90, 91, 92, 93, 94, 95, 96, 97, 98, 99, 100, 101, 102, 103, 104, 105, 106, 107, 108] 


OHE Idx : [40, 41, 42, 43, 44, 45, 46, 47, 48, 49, 50, 51, 52, 53, 54, 55, 56, 57, 58, 59, 60, 61, 62, 63, 64, 65, 66, 67, 68, 69, 70, 71, 72]


Ordinal Idx V2: [0, 1, 2, 3, 4, 5, 6, 7, 8, 9, 10, 11, 12, 13, 14, 15, 16, 17, 18, 19, 20, 21, 22, 23, 24, 25, 26, 27, 28, 29, 30, 31, 32, 33, 34, 35, 36, 37, 38, 39]


Cat Dims V2 : [3, 4, 5, 2, 6, 4, 10, 5, 6, 9, 6, 6, 12, 15, 5, 5, 6, 7, 6, 6, 6, 8, 8, 5, 5, 3, 6, 5, 8, 7, 8, 5, 6, 6, 4, 4, 6, 5, 9, 7, 3, 3, 3, 3, 3, 3, 3, 3, 3, 3, 3, 3, 3, 3, 3, 3, 3, 3, 3, 3, 3, 3, 3, 3, 3, 3, 3, 3, 3, 3, 3, 3, 3]
Cat Idx V2 : [0, 1, 2, 3, 4, 5, 6, 7, 8, 9, 10, 11, 12, 13, 14, 15, 16, 17, 18, 19, 20, 21, 22, 23, 24, 25, 26, 27, 28, 29, 30, 31, 32, 33, 34, 35, 36, 37, 38, 39, 40, 41, 42, 43, 44, 45, 46, 47, 48, 49, 50, 51, 52, 53, 54, 55, 56, 57, 58, 59, 60, 61, 62, 63, 64, 65, 66, 67, 68, 69, 70, 71, 72] 
 

Train: [[2 0 4 ... -0.152989178658676 1.674123704236717 0.8189907232495618]
 [2 0 4 ... -0.152989178658676 -0.1262745045034178 0.06790626599811271]
 [2 0 4 ... -0.152989178658676 -0.1262745045034178 0.8189907232495618]
 ...
 [2 0 4 ... -0.152989178658676 2.0342033459847437 0.8189907232495618]
 [2 2 2 ... -0.152989178658676 0.23380513724460913 0.8189907232495618]
 [2 0 4 ... -0.152989178658676 -0.1262745045034178 0.8189907232495618]] 
 
 
Val : (730, 109) 
 

FINISHED ENCODING
~~~~~~~~~~~~~~~~~~~~~~~~~~~~~~~~~~~~~~~~~~~~~~~~~~~~~~~~~~~~~~~~~~~~~~~~~~~~~~~


~~~~~~~~~~~~~~~~~~~~~~~~~~~~~~~~~~~~~~~~~~~~~~~~~~~~~~~~~~~~~~~~~~~~~~~~~~~~~~~
Test numpy array issues
X dtype: object
X Val dtype: object
X dtype: float32
X Val dtype: float32
After encoding : : WE ARE IN TRAIN.PY
~~~~~~~~~~~~~~~~~~~~~~~~~~~~~~~~~~~~~~~~~~~~~~~~~~~~~~~~~~~~~~~~~~~~~~~~~~~~~~~
num_features :109
num_classes : 1
cat_idx : [0, 1, 2, 3, 4, 5, 6, 7, 8, 9, 10, 11, 12, 13, 14, 15, 16, 17, 18, 19, 20, 21, 22, 23, 24, 25, 26, 27, 28, 29, 30, 31, 32, 33, 34, 35, 36, 37, 38, 39, 40, 41, 42, 43, 44, 45, 46, 47, 48, 49, 50, 51, 52, 53, 54, 55, 56, 57, 58, 59, 60, 61, 62, 63, 64, 65, 66, 67, 68, 69, 70, 71, 72]
nominal_idx : [40, 41, 42, 43, 44, 45, 46, 47, 48, 49, 50, 51, 52, 53, 54, 55, 56, 57, 58, 59, 60, 61, 62, 63, 64, 65, 66, 67, 68, 69, 70, 71, 72]
ordinal_idx : [0, 1, 2, 3, 4, 5, 6, 7, 8, 9, 10, 11, 12, 13, 14, 15, 16, 17, 18, 19, 20, 21, 22, 23, 24, 25, 26, 27, 28, 29, 30, 31, 32, 33, 34, 35, 36, 37, 38, 39]
num_idx : [73, 74, 75, 76, 77, 78, 79, 80, 81, 82, 83, 84, 85, 86, 87, 88, 89, 90, 91, 92, 93, 94, 95, 96, 97, 98, 99, 100, 101, 102, 103, 104, 105, 106, 107, 108]
cat_dims : [3, 4, 5, 2, 6, 4, 10, 5, 6, 9, 6, 6, 12, 15, 5, 5, 6, 7, 6, 6, 6, 8, 8, 5, 5, 3, 6, 5, 8, 7, 8, 5, 6, 6, 4, 4, 6, 5, 9, 7, 3, 3, 3, 3, 3, 3, 3, 3, 3, 3, 3, 3, 3, 3, 3, 3, 3, 3, 3, 3, 3, 3, 3, 3, 3, 3, 3, 3, 3, 3, 3, 3, 3]
~~~~~~~~~~~~~~~~~~~~~~~~~~~~~~~~~~~~~~~~~~~~~~~~~~~~~~~~~~~~~~~~~~~~~~~~~~~~~~~


~~~~~~~~~~~~~~~~~~~~~~~~~~~~~~~~~~~~~~~~~~~~~~~~~~~~~~~~~~~~~~~~~~~~~~~~~~~~~~~
BINNING INIT
Number of bins: 8
Number of Classes B4 Bin Verifier: 8
Unique values in y: (array([0., 1., 2., 3., 4., 5., 6., 7.]), 8)
Unique values in y_val: (array([0., 1., 2., 3., 4., 5., 6., 7.]), 8)
No need to shift labels.
VERIFY SHIFT
Y shape : (730,) , Y_val shape : (730,)
Train after shift : [0 1 2 3 4 5 6 7], Length : 8
Number of Classes After Bin Verifier: 8 


BINNING END
~~~~~~~~~~~~~~~~~~~~~~~~~~~~~~~~~~~~~~~~~~~~~~~~~~~~~~~~~~~~~~~~~~~~~~~~~~~~~~~ 


In get_device
On Device: cuda
{'d_block': 256, 'd_hidden': 6, 'd_hidden_multiplier': 4.285524104220049, 'd_in': 109, 'd_out': 8, 'dropout1': 0.07419545585050902, 'dropout2': 0.058496662836731425, 'n_blocks': 6}
Types in B4 Model
X : <class 'numpy.ndarray'>, y : <class 'numpy.ndarray'>, X : <class 'numpy.ndarray'>, X : <class 'numpy.ndarray'> 

In fit Nump iss
X : <class 'torch.Tensor'>, y : <class 'torch.Tensor'>, X : <class 'torch.Tensor'>, X : <class 'torch.Tensor'> 

State of save is True b4 loss saving
Saving loss to file: output/ResMLP/House_Prices_Nominal/logging/loss_0.txt
Log file exists at: output/ResMLP/House_Prices_Nominal/logging/loss_0.txt
File name : output/ResMLP/House_Prices_Nominal/logging/loss_0.txt . The file was saved
Saving loss to file: output/ResMLP/House_Prices_Nominal/logging/test_loss_0.txt
Log file exists at: output/ResMLP/House_Prices_Nominal/logging/test_loss_0.txt
File name : output/ResMLP/House_Prices_Nominal/logging/test_loss_0.txt . The file was saved
Saved Losses and Regularization
±±±±±±±±±±±±±±±±±±±±±±±±±±±±±±±±±±±±±±±±±±±±±±±±±±±±±±±±±±±±±±±±±±±±±±±±±±± 

B4 Evaluation
Number of classes : 8
Class labels : [0, 1, 2, 3, 4, 5, 6, 7]
Unique y_true : 8
Unique train : 8

Prediction shape : (730,)
±±±±±±±±±±±±±±±±±±±±±±±±±±±±±±±±±±±±±±±±±±±±±±±±±±±±±±±±±±±±±±±±±±±±±±±±±±± 

In the gulag
--- Test Run 2/3 ---
~~~~~~~~~~~~~~~~~~~~~~~~~~~~~~~~~~~~~~~~~~~~~~~~~~~~~~~~~~~~~~~~~~~~~~~~~~~~~~~
BEFORE ANY ENCODING
num_features :79
num_classes : 1
cat_idx : [0]
nominal_idx : [1, 6, 11]
ordinal_idx : [4, 5, 7, 8, 9, 10, 12, 13, 14, 15, 20, 21, 22, 23, 24, 26, 27, 28, 29, 30, 31, 32, 34, 38, 39, 40, 41, 52, 54, 56, 57, 59, 62, 63, 64, 71, 72, 73, 77, 78]
num_idx : None
cat_dims : [2]
bin_alt : None 


X_train shape : (730, 79)
~~~~~~~~~~~~~~~~~~~~~~~~~~~~~~~~~~~~~~~~~~~~~~~~~~~~~~~~~~~~~~~~~~~~~~~~~~~~~~~
~~~~~~~~~~~~~~~~~~~~~~~~~~~~~~~~~~~~~~~~~~~~~~~~~~~~~~~~~~~~~~~~~~~~~~~~~~~~~~~
AFTER getting cat idx
Nominal Index : [1, 6, 11]
Ordinal Index : [4, 5, 7, 8, 9, 10, 12, 13, 14, 15, 20, 21, 22, 23, 24, 26, 27, 28, 29, 30, 31, 32, 34, 38, 39, 40, 41, 52, 54, 56, 57, 59, 62, 63, 64, 71, 72, 73, 77, 78]
Cat Idx : [0]
Cat dims : [2]
~~~~~~~~~~~~~~~~~~~~~~~~~~~~~~~~~~~~~~~~~~~~~~~~~~~~~~~~~~~~~~~~~~~~~~~~~~~~~~~
BEFORE getting cat idx
Nominal Index : [1, 6, 11]
Ordinal Index : [4, 5, 7, 8, 9, 10, 12, 13, 14, 15, 20, 21, 22, 23, 24, 26, 27, 28, 29, 30, 31, 32, 34, 38, 39, 40, 41, 52, 54, 56, 57, 59, 62, 63, 64, 71, 72, 73, 77, 78]
Cat Idx : [1, 4, 5, 6, 7, 8, 9, 10, 11, 12, 13, 14, 15, 20, 21, 22, 23, 24, 26, 27, 28, 29, 30, 31, 32, 34, 38, 39, 40, 41, 52, 54, 56, 57, 59, 62, 63, 64, 71, 72, 73, 77, 78]
Cat dims : []
~~~~~~~~~~~~~~~~~~~~~~~~~~~~~~~~~~~~~~~~~~~~~~~~~~~~~~~~~~~~~~~~~~~~~~~~~~~~~~~ 


AFTER SEPARATING CATEGORICALS AND NUMERICALS
Ordinal Index : [4, 5, 7, 8, 9, 10, 12, 13, 14, 15, 20, 21, 22, 23, 24, 26, 27, 28, 29, 30, 31, 32, 34, 38, 39, 40, 41, 52, 54, 56, 57, 59, 62, 63, 64, 71, 72, 73, 77, 78]
Numerical Index V1 : [0, 2, 3, 16, 17, 18, 19, 25, 33, 35, 36, 37, 42, 43, 44, 45, 46, 47, 48, 49, 50, 51, 53, 55, 58, 60, 61, 65, 66, 67, 68, 69, 70, 74, 75, 76]
Cat Idx V1 : [1, 4, 5, 6, 7, 8, 9, 10, 11, 12, 13, 14, 15, 20, 21, 22, 23, 24, 26, 27, 28, 29, 30, 31, 32, 34, 38, 39, 40, 41, 52, 54, 56, 57, 59, 62, 63, 64, 71, 72, 73, 77, 78] 
Cat Dims V1 : []
 

~~~~~~~~~~~~~~~~~~~~~~~~~~~~~~~~~~~~~~~~~~~~~~~~~~~~~~~~~~~~~~~~~~~~~~~~~~~~~~~ 


Scaling the data...
One Hot Encoding...
Ord : 40, Nom : 33, Num : 36
~~~~~~~~~~~~~~~~~~~~~~~~~~~~~~~~~~~~~~~~~~~~~~~~~~~~~~~~~~~~~~~~~~~~~~~~~~~~~~~
After OHE
Numerical Index V2 : [73, 74, 75, 76, 77, 78, 79, 80, 81, 82, 83, 84, 85, 86, 87, 88, 89, 90, 91, 92, 93, 94, 95, 96, 97, 98, 99, 100, 101, 102, 103, 104, 105, 106, 107, 108] 


OHE Idx : [40, 41, 42, 43, 44, 45, 46, 47, 48, 49, 50, 51, 52, 53, 54, 55, 56, 57, 58, 59, 60, 61, 62, 63, 64, 65, 66, 67, 68, 69, 70, 71, 72]


Ordinal Idx V2: [0, 1, 2, 3, 4, 5, 6, 7, 8, 9, 10, 11, 12, 13, 14, 15, 16, 17, 18, 19, 20, 21, 22, 23, 24, 25, 26, 27, 28, 29, 30, 31, 32, 33, 34, 35, 36, 37, 38, 39]


Cat Dims V2 : []
Cat Idx V2 : [1, 4, 5, 6, 7, 8, 9, 10, 11, 12, 13, 14, 15, 20, 21, 22, 23, 24, 26, 27, 28, 29, 30, 31, 32, 34, 38, 39, 40, 41, 52, 54, 56, 57, 59, 62, 63, 64, 71, 72, 73, 77, 78] 
 

Train: [['Pave' 'None' 'Lvl' 'AllPub' 'Inside']
 ['Pave' 'None' 'Lvl' 'AllPub' 'Inside']
 ['Pave' 'None' 'Lvl' 'AllPub' 'Inside']
 ['Pave' 'None' 'Lvl' 'AllPub' 'Corner']
 ['Pave' 'None' 'Lvl' 'AllPub' 'Inside']
 ['Pave' 'None' 'Low' 'AllPub' 'Inside']
 ['Pave' 'None' 'Lvl' 'AllPub' 'Inside']
 ['Pave' 'None' 'Lvl' 'AllPub' 'FR2']
 ['Pave' 'None' 'Lvl' 'AllPub' 'Inside']
 ['Pave' 'None' 'Lvl' 'AllPub' 'Inside']] 
 
 
Val : (730, 109) 
 

~~~~~~~~~~~~~~~~~~~~~~~~~~~~~~~~~~~~~~~~~~~~~~~~~~~~~~~~~~~~~~~~~~~~~~~~~~~~~~~
Ordinal Encoding...
Finished Ordinal Encoding in HPN 

Cat Idx V3 : [0, 1, 2, 3, 4, 5, 6, 7, 8, 9, 10, 11, 12, 13, 14, 15, 16, 17, 18, 19, 20, 21, 22, 23, 24, 25, 26, 27, 28, 29, 30, 31, 32, 33, 34, 35, 36, 37, 38, 39, 40, 41, 42, 43, 44, 45, 46, 47, 48, 49, 50, 51, 52, 53, 54, 55, 56, 57, 58, 59, 60, 61, 62, 63, 64, 65, 66, 67, 68, 69, 70, 71, 72] 
 

~~~~~~~~~~~~~~~~~~~~~~~~~~~~~~~~~~~~~~~~~~~~~~~~~~~~~~~~~~~~~~~~~~~~~~~~~~~~~~~
After ORDINAL
Numerical Index V2 : [73, 74, 75, 76, 77, 78, 79, 80, 81, 82, 83, 84, 85, 86, 87, 88, 89, 90, 91, 92, 93, 94, 95, 96, 97, 98, 99, 100, 101, 102, 103, 104, 105, 106, 107, 108] 


OHE Idx : [40, 41, 42, 43, 44, 45, 46, 47, 48, 49, 50, 51, 52, 53, 54, 55, 56, 57, 58, 59, 60, 61, 62, 63, 64, 65, 66, 67, 68, 69, 70, 71, 72]


Ordinal Idx V2: [0, 1, 2, 3, 4, 5, 6, 7, 8, 9, 10, 11, 12, 13, 14, 15, 16, 17, 18, 19, 20, 21, 22, 23, 24, 25, 26, 27, 28, 29, 30, 31, 32, 33, 34, 35, 36, 37, 38, 39]


Cat Dims V2 : [3, 4, 5, 2, 6, 4, 9, 4, 6, 9, 6, 5, 13, 16, 5, 5, 6, 7, 6, 6, 6, 8, 8, 4, 5, 3, 6, 5, 8, 7, 8, 5, 6, 6, 4, 4, 6, 5, 8, 7, 3, 3, 3, 3, 3, 3, 3, 3, 3, 3, 3, 3, 3, 3, 3, 3, 3, 3, 3, 3, 3, 3, 3, 3, 3, 3, 3, 3, 3, 3, 3, 3, 3]
Cat Idx V2 : [0, 1, 2, 3, 4, 5, 6, 7, 8, 9, 10, 11, 12, 13, 14, 15, 16, 17, 18, 19, 20, 21, 22, 23, 24, 25, 26, 27, 28, 29, 30, 31, 32, 33, 34, 35, 36, 37, 38, 39, 40, 41, 42, 43, 44, 45, 46, 47, 48, 49, 50, 51, 52, 53, 54, 55, 56, 57, 58, 59, 60, 61, 62, 63, 64, 65, 66, 67, 68, 69, 70, 71, 72] 
 

Train: [[2 0 4 ... -0.14411597710652585 -1.9153840329996685 0.8928670166565587]
 [2 0 4 ... -0.14411597710652585 -1.9153840329996685 -0.6124284155819593]
 [2 0 4 ... -0.14411597710652585 1.8222004205949804 0.8928670166565587]
 ...
 [2 0 4 ... -0.14411597710652585 -1.1678671422807387 -1.365076131701218]
 [2 0 4 ... 2.3719895723766165 -0.04659180620234413 -0.6124284155819593]
 [2 0 4 ... -0.14411597710652585 -0.794108696921274 0.14021930053729972]] 
 
 
Val : (730, 109) 
 

FINISHED ENCODING
~~~~~~~~~~~~~~~~~~~~~~~~~~~~~~~~~~~~~~~~~~~~~~~~~~~~~~~~~~~~~~~~~~~~~~~~~~~~~~~


~~~~~~~~~~~~~~~~~~~~~~~~~~~~~~~~~~~~~~~~~~~~~~~~~~~~~~~~~~~~~~~~~~~~~~~~~~~~~~~
Test numpy array issues
X dtype: object
X Val dtype: object
X dtype: float32
X Val dtype: float32
After encoding : : WE ARE IN TRAIN.PY
~~~~~~~~~~~~~~~~~~~~~~~~~~~~~~~~~~~~~~~~~~~~~~~~~~~~~~~~~~~~~~~~~~~~~~~~~~~~~~~
num_features :109
num_classes : 1
cat_idx : [0, 1, 2, 3, 4, 5, 6, 7, 8, 9, 10, 11, 12, 13, 14, 15, 16, 17, 18, 19, 20, 21, 22, 23, 24, 25, 26, 27, 28, 29, 30, 31, 32, 33, 34, 35, 36, 37, 38, 39, 40, 41, 42, 43, 44, 45, 46, 47, 48, 49, 50, 51, 52, 53, 54, 55, 56, 57, 58, 59, 60, 61, 62, 63, 64, 65, 66, 67, 68, 69, 70, 71, 72]
nominal_idx : [40, 41, 42, 43, 44, 45, 46, 47, 48, 49, 50, 51, 52, 53, 54, 55, 56, 57, 58, 59, 60, 61, 62, 63, 64, 65, 66, 67, 68, 69, 70, 71, 72]
ordinal_idx : [0, 1, 2, 3, 4, 5, 6, 7, 8, 9, 10, 11, 12, 13, 14, 15, 16, 17, 18, 19, 20, 21, 22, 23, 24, 25, 26, 27, 28, 29, 30, 31, 32, 33, 34, 35, 36, 37, 38, 39]
num_idx : [73, 74, 75, 76, 77, 78, 79, 80, 81, 82, 83, 84, 85, 86, 87, 88, 89, 90, 91, 92, 93, 94, 95, 96, 97, 98, 99, 100, 101, 102, 103, 104, 105, 106, 107, 108]
cat_dims : [3, 4, 5, 2, 6, 4, 9, 4, 6, 9, 6, 5, 13, 16, 5, 5, 6, 7, 6, 6, 6, 8, 8, 4, 5, 3, 6, 5, 8, 7, 8, 5, 6, 6, 4, 4, 6, 5, 8, 7, 3, 3, 3, 3, 3, 3, 3, 3, 3, 3, 3, 3, 3, 3, 3, 3, 3, 3, 3, 3, 3, 3, 3, 3, 3, 3, 3, 3, 3, 3, 3, 3, 3]
~~~~~~~~~~~~~~~~~~~~~~~~~~~~~~~~~~~~~~~~~~~~~~~~~~~~~~~~~~~~~~~~~~~~~~~~~~~~~~~


~~~~~~~~~~~~~~~~~~~~~~~~~~~~~~~~~~~~~~~~~~~~~~~~~~~~~~~~~~~~~~~~~~~~~~~~~~~~~~~
BINNING INIT
Number of bins: 8
Number of Classes B4 Bin Verifier: 8
Unique values in y: (array([0., 1., 2., 3., 4., 5., 6., 7.]), 8)
Unique values in y_val: (array([0., 1., 2., 3., 4., 5., 6., 7.]), 8)
No need to shift labels.
VERIFY SHIFT
Y shape : (730,) , Y_val shape : (730,)
Train after shift : [0 1 2 3 4 5 6 7], Length : 8
Number of Classes After Bin Verifier: 8 


BINNING END
~~~~~~~~~~~~~~~~~~~~~~~~~~~~~~~~~~~~~~~~~~~~~~~~~~~~~~~~~~~~~~~~~~~~~~~~~~~~~~~ 


In get_device
On Device: cuda
{'d_block': 256, 'd_hidden': 6, 'd_hidden_multiplier': 4.285524104220049, 'd_in': 109, 'd_out': 8, 'dropout1': 0.07419545585050902, 'dropout2': 0.058496662836731425, 'n_blocks': 6}
Types in B4 Model
X : <class 'numpy.ndarray'>, y : <class 'numpy.ndarray'>, X : <class 'numpy.ndarray'>, X : <class 'numpy.ndarray'> 

In fit Nump iss
X : <class 'torch.Tensor'>, y : <class 'torch.Tensor'>, X : <class 'torch.Tensor'>, X : <class 'torch.Tensor'> 

State of save is True b4 loss saving
Saving loss to file: output/ResMLP/House_Prices_Nominal/logging/loss_1.txt
Log file exists at: output/ResMLP/House_Prices_Nominal/logging/loss_1.txt
File name : output/ResMLP/House_Prices_Nominal/logging/loss_1.txt . The file was saved
Saving loss to file: output/ResMLP/House_Prices_Nominal/logging/test_loss_1.txt
Log file exists at: output/ResMLP/House_Prices_Nominal/logging/test_loss_1.txt
File name : output/ResMLP/House_Prices_Nominal/logging/test_loss_1.txt . The file was saved
Saved Losses and Regularization
±±±±±±±±±±±±±±±±±±±±±±±±±±±±±±±±±±±±±±±±±±±±±±±±±±±±±±±±±±±±±±±±±±±±±±±±±±± 

B4 Evaluation
Number of classes : 8
Class labels : [0, 1, 2, 3, 4, 5, 6, 7]
Unique y_true : 8
Unique train : 8

Prediction shape : (730,)
±±±±±±±±±±±±±±±±±±±±±±±±±±±±±±±±±±±±±±±±±±±±±±±±±±±±±±±±±±±±±±±±±±±±±±±±±±± 

In the gulag
--- Test Run 3/3 ---
~~~~~~~~~~~~~~~~~~~~~~~~~~~~~~~~~~~~~~~~~~~~~~~~~~~~~~~~~~~~~~~~~~~~~~~~~~~~~~~
BEFORE ANY ENCODING
num_features :79
num_classes : 1
cat_idx : [0]
nominal_idx : [1, 6, 11]
ordinal_idx : [4, 5, 7, 8, 9, 10, 12, 13, 14, 15, 20, 21, 22, 23, 24, 26, 27, 28, 29, 30, 31, 32, 34, 38, 39, 40, 41, 52, 54, 56, 57, 59, 62, 63, 64, 71, 72, 73, 77, 78]
num_idx : None
cat_dims : [2]
bin_alt : None 


X_train shape : (730, 79)
~~~~~~~~~~~~~~~~~~~~~~~~~~~~~~~~~~~~~~~~~~~~~~~~~~~~~~~~~~~~~~~~~~~~~~~~~~~~~~~
~~~~~~~~~~~~~~~~~~~~~~~~~~~~~~~~~~~~~~~~~~~~~~~~~~~~~~~~~~~~~~~~~~~~~~~~~~~~~~~
AFTER getting cat idx
Nominal Index : [1, 6, 11]
Ordinal Index : [4, 5, 7, 8, 9, 10, 12, 13, 14, 15, 20, 21, 22, 23, 24, 26, 27, 28, 29, 30, 31, 32, 34, 38, 39, 40, 41, 52, 54, 56, 57, 59, 62, 63, 64, 71, 72, 73, 77, 78]
Cat Idx : [0]
Cat dims : [2]
~~~~~~~~~~~~~~~~~~~~~~~~~~~~~~~~~~~~~~~~~~~~~~~~~~~~~~~~~~~~~~~~~~~~~~~~~~~~~~~
BEFORE getting cat idx
Nominal Index : [1, 6, 11]
Ordinal Index : [4, 5, 7, 8, 9, 10, 12, 13, 14, 15, 20, 21, 22, 23, 24, 26, 27, 28, 29, 30, 31, 32, 34, 38, 39, 40, 41, 52, 54, 56, 57, 59, 62, 63, 64, 71, 72, 73, 77, 78]
Cat Idx : [1, 4, 5, 6, 7, 8, 9, 10, 11, 12, 13, 14, 15, 20, 21, 22, 23, 24, 26, 27, 28, 29, 30, 31, 32, 34, 38, 39, 40, 41, 52, 54, 56, 57, 59, 62, 63, 64, 71, 72, 73, 77, 78]
Cat dims : []
~~~~~~~~~~~~~~~~~~~~~~~~~~~~~~~~~~~~~~~~~~~~~~~~~~~~~~~~~~~~~~~~~~~~~~~~~~~~~~~ 


AFTER SEPARATING CATEGORICALS AND NUMERICALS
Ordinal Index : [4, 5, 7, 8, 9, 10, 12, 13, 14, 15, 20, 21, 22, 23, 24, 26, 27, 28, 29, 30, 31, 32, 34, 38, 39, 40, 41, 52, 54, 56, 57, 59, 62, 63, 64, 71, 72, 73, 77, 78]
Numerical Index V1 : [0, 2, 3, 16, 17, 18, 19, 25, 33, 35, 36, 37, 42, 43, 44, 45, 46, 47, 48, 49, 50, 51, 53, 55, 58, 60, 61, 65, 66, 67, 68, 69, 70, 74, 75, 76]
Cat Idx V1 : [1, 4, 5, 6, 7, 8, 9, 10, 11, 12, 13, 14, 15, 20, 21, 22, 23, 24, 26, 27, 28, 29, 30, 31, 32, 34, 38, 39, 40, 41, 52, 54, 56, 57, 59, 62, 63, 64, 71, 72, 73, 77, 78] 
Cat Dims V1 : []
 

~~~~~~~~~~~~~~~~~~~~~~~~~~~~~~~~~~~~~~~~~~~~~~~~~~~~~~~~~~~~~~~~~~~~~~~~~~~~~~~ 


Scaling the data...
One Hot Encoding...
Ord : 40, Nom : 33, Num : 36
~~~~~~~~~~~~~~~~~~~~~~~~~~~~~~~~~~~~~~~~~~~~~~~~~~~~~~~~~~~~~~~~~~~~~~~~~~~~~~~
After OHE
Numerical Index V2 : [73, 74, 75, 76, 77, 78, 79, 80, 81, 82, 83, 84, 85, 86, 87, 88, 89, 90, 91, 92, 93, 94, 95, 96, 97, 98, 99, 100, 101, 102, 103, 104, 105, 106, 107, 108] 


OHE Idx : [40, 41, 42, 43, 44, 45, 46, 47, 48, 49, 50, 51, 52, 53, 54, 55, 56, 57, 58, 59, 60, 61, 62, 63, 64, 65, 66, 67, 68, 69, 70, 71, 72]


Ordinal Idx V2: [0, 1, 2, 3, 4, 5, 6, 7, 8, 9, 10, 11, 12, 13, 14, 15, 16, 17, 18, 19, 20, 21, 22, 23, 24, 25, 26, 27, 28, 29, 30, 31, 32, 33, 34, 35, 36, 37, 38, 39]


Cat Dims V2 : []
Cat Idx V2 : [1, 4, 5, 6, 7, 8, 9, 10, 11, 12, 13, 14, 15, 20, 21, 22, 23, 24, 26, 27, 28, 29, 30, 31, 32, 34, 38, 39, 40, 41, 52, 54, 56, 57, 59, 62, 63, 64, 71, 72, 73, 77, 78] 
 

Train: [['Pave' 'None' 'Lvl' 'AllPub' 'Corner']
 ['Pave' 'None' 'Lvl' 'AllPub' 'Inside']
 ['Pave' 'None' 'Lvl' 'AllPub' 'Inside']
 ['Pave' 'None' 'Lvl' 'AllPub' 'Inside']
 ['Pave' 'None' 'Lvl' 'AllPub' 'Inside']
 ['Pave' 'None' 'Lvl' 'AllPub' 'Inside']
 ['Pave' 'None' 'Lvl' 'AllPub' 'Inside']
 ['Pave' 'None' 'Lvl' 'AllPub' 'Inside']
 ['Pave' 'None' 'Lvl' 'AllPub' 'Corner']
 ['Pave' 'None' 'Lvl' 'AllPub' 'Corner']] 
 
 
Val : (730, 109) 
 

~~~~~~~~~~~~~~~~~~~~~~~~~~~~~~~~~~~~~~~~~~~~~~~~~~~~~~~~~~~~~~~~~~~~~~~~~~~~~~~
Ordinal Encoding...
Finished Ordinal Encoding in HPN 

Cat Idx V3 : [0, 1, 2, 3, 4, 5, 6, 7, 8, 9, 10, 11, 12, 13, 14, 15, 16, 17, 18, 19, 20, 21, 22, 23, 24, 25, 26, 27, 28, 29, 30, 31, 32, 33, 34, 35, 36, 37, 38, 39, 40, 41, 42, 43, 44, 45, 46, 47, 48, 49, 50, 51, 52, 53, 54, 55, 56, 57, 58, 59, 60, 61, 62, 63, 64, 65, 66, 67, 68, 69, 70, 71, 72] 
 

~~~~~~~~~~~~~~~~~~~~~~~~~~~~~~~~~~~~~~~~~~~~~~~~~~~~~~~~~~~~~~~~~~~~~~~~~~~~~~~
After ORDINAL
Numerical Index V2 : [73, 74, 75, 76, 77, 78, 79, 80, 81, 82, 83, 84, 85, 86, 87, 88, 89, 90, 91, 92, 93, 94, 95, 96, 97, 98, 99, 100, 101, 102, 103, 104, 105, 106, 107, 108] 


OHE Idx : [40, 41, 42, 43, 44, 45, 46, 47, 48, 49, 50, 51, 52, 53, 54, 55, 56, 57, 58, 59, 60, 61, 62, 63, 64, 65, 66, 67, 68, 69, 70, 71, 72]


Ordinal Idx V2: [0, 1, 2, 3, 4, 5, 6, 7, 8, 9, 10, 11, 12, 13, 14, 15, 16, 17, 18, 19, 20, 21, 22, 23, 24, 25, 26, 27, 28, 29, 30, 31, 32, 33, 34, 35, 36, 37, 38, 39]


Cat Dims V2 : [3, 4, 5, 2, 6, 4, 10, 6, 6, 9, 6, 7, 12, 16, 5, 5, 6, 7, 6, 6, 6, 8, 8, 4, 5, 3, 6, 5, 8, 7, 8, 5, 7, 7, 4, 4, 6, 6, 9, 7, 3, 3, 3, 3, 3, 3, 3, 3, 3, 3, 3, 3, 3, 3, 3, 3, 3, 3, 3, 3, 3, 3, 3, 3, 3, 3, 3, 3, 3, 3, 3, 3, 3]
Cat Idx V2 : [0, 1, 2, 3, 4, 5, 6, 7, 8, 9, 10, 11, 12, 13, 14, 15, 16, 17, 18, 19, 20, 21, 22, 23, 24, 25, 26, 27, 28, 29, 30, 31, 32, 33, 34, 35, 36, 37, 38, 39, 40, 41, 42, 43, 44, 45, 46, 47, 48, 49, 50, 51, 52, 53, 54, 55, 56, 57, 58, 59, 60, 61, 62, 63, 64, 65, 66, 67, 68, 69, 70, 71, 72] 
 

Train: [[2 0 4 ... -0.11348576280169509 0.2836367052743519 0.842885257977883]
 [2 0 4 ... -0.11348576280169509 -1.2249592499189217 -0.665218267325541]
 [2 0 4 ... -0.11348576280169509 -0.09351228352396651 -0.665218267325541]
 ...
 [2 0 4 ... -0.11348576280169509 0.2836367052743519 0.842885257977883]
 [2 0 4 ... -0.11348576280169509 0.6607856940726703 0.08883349532617102]
 [2 0 4 ... -0.11348576280169509 -0.47066127232228494 -1.419270029977253]] 
 
 
Val : (730, 109) 
 

FINISHED ENCODING
~~~~~~~~~~~~~~~~~~~~~~~~~~~~~~~~~~~~~~~~~~~~~~~~~~~~~~~~~~~~~~~~~~~~~~~~~~~~~~~


~~~~~~~~~~~~~~~~~~~~~~~~~~~~~~~~~~~~~~~~~~~~~~~~~~~~~~~~~~~~~~~~~~~~~~~~~~~~~~~
Test numpy array issues
X dtype: object
X Val dtype: object
X dtype: float32
X Val dtype: float32
After encoding : : WE ARE IN TRAIN.PY
~~~~~~~~~~~~~~~~~~~~~~~~~~~~~~~~~~~~~~~~~~~~~~~~~~~~~~~~~~~~~~~~~~~~~~~~~~~~~~~
num_features :109
num_classes : 1
cat_idx : [0, 1, 2, 3, 4, 5, 6, 7, 8, 9, 10, 11, 12, 13, 14, 15, 16, 17, 18, 19, 20, 21, 22, 23, 24, 25, 26, 27, 28, 29, 30, 31, 32, 33, 34, 35, 36, 37, 38, 39, 40, 41, 42, 43, 44, 45, 46, 47, 48, 49, 50, 51, 52, 53, 54, 55, 56, 57, 58, 59, 60, 61, 62, 63, 64, 65, 66, 67, 68, 69, 70, 71, 72]
nominal_idx : [40, 41, 42, 43, 44, 45, 46, 47, 48, 49, 50, 51, 52, 53, 54, 55, 56, 57, 58, 59, 60, 61, 62, 63, 64, 65, 66, 67, 68, 69, 70, 71, 72]
ordinal_idx : [0, 1, 2, 3, 4, 5, 6, 7, 8, 9, 10, 11, 12, 13, 14, 15, 16, 17, 18, 19, 20, 21, 22, 23, 24, 25, 26, 27, 28, 29, 30, 31, 32, 33, 34, 35, 36, 37, 38, 39]
num_idx : [73, 74, 75, 76, 77, 78, 79, 80, 81, 82, 83, 84, 85, 86, 87, 88, 89, 90, 91, 92, 93, 94, 95, 96, 97, 98, 99, 100, 101, 102, 103, 104, 105, 106, 107, 108]
cat_dims : [3, 4, 5, 2, 6, 4, 10, 6, 6, 9, 6, 7, 12, 16, 5, 5, 6, 7, 6, 6, 6, 8, 8, 4, 5, 3, 6, 5, 8, 7, 8, 5, 7, 7, 4, 4, 6, 6, 9, 7, 3, 3, 3, 3, 3, 3, 3, 3, 3, 3, 3, 3, 3, 3, 3, 3, 3, 3, 3, 3, 3, 3, 3, 3, 3, 3, 3, 3, 3, 3, 3, 3, 3]
~~~~~~~~~~~~~~~~~~~~~~~~~~~~~~~~~~~~~~~~~~~~~~~~~~~~~~~~~~~~~~~~~~~~~~~~~~~~~~~


~~~~~~~~~~~~~~~~~~~~~~~~~~~~~~~~~~~~~~~~~~~~~~~~~~~~~~~~~~~~~~~~~~~~~~~~~~~~~~~
BINNING INIT
Number of bins: 8
Number of Classes B4 Bin Verifier: 8
Unique values in y: (array([0., 1., 2., 3., 4., 5., 6., 7.]), 8)
Unique values in y_val: (array([0., 1., 2., 3., 4., 5., 6., 7.]), 8)
No need to shift labels.
VERIFY SHIFT
Y shape : (730,) , Y_val shape : (730,)
Train after shift : [0 1 2 3 4 5 6 7], Length : 8
Number of Classes After Bin Verifier: 8 


BINNING END
~~~~~~~~~~~~~~~~~~~~~~~~~~~~~~~~~~~~~~~~~~~~~~~~~~~~~~~~~~~~~~~~~~~~~~~~~~~~~~~ 


In get_device
On Device: cuda
{'d_block': 256, 'd_hidden': 6, 'd_hidden_multiplier': 4.285524104220049, 'd_in': 109, 'd_out': 8, 'dropout1': 0.07419545585050902, 'dropout2': 0.058496662836731425, 'n_blocks': 6}
Types in B4 Model
X : <class 'numpy.ndarray'>, y : <class 'numpy.ndarray'>, X : <class 'numpy.ndarray'>, X : <class 'numpy.ndarray'> 

In fit Nump iss
X : <class 'torch.Tensor'>, y : <class 'torch.Tensor'>, X : <class 'torch.Tensor'>, X : <class 'torch.Tensor'> 

State of save is True b4 loss saving
Saving loss to file: output/ResMLP/House_Prices_Nominal/logging/loss_2.txt
Log file exists at: output/ResMLP/House_Prices_Nominal/logging/loss_2.txt
File name : output/ResMLP/House_Prices_Nominal/logging/loss_2.txt . The file was saved
Saving loss to file: output/ResMLP/House_Prices_Nominal/logging/test_loss_2.txt
Log file exists at: output/ResMLP/House_Prices_Nominal/logging/test_loss_2.txt
File name : output/ResMLP/House_Prices_Nominal/logging/test_loss_2.txt . The file was saved
Saved Losses and Regularization
±±±±±±±±±±±±±±±±±±±±±±±±±±±±±±±±±±±±±±±±±±±±±±±±±±±±±±±±±±±±±±±±±±±±±±±±±±± 

B4 Evaluation
Number of classes : 8
Class labels : [0, 1, 2, 3, 4, 5, 6, 7]
Unique y_true : 8
Unique train : 8

Prediction shape : (730,)
±±±±±±±±±±±±±±±±±±±±±±±±±±±±±±±±±±±±±±±±±±±±±±±±±±±±±±±±±±±±±±±±±±±±±±±±±±± 

In the gulag
MSE SCORES: [883274331.9674865, 841727032.6920773, 956284573.8868512], R2 SCORES: [0.8443457516831085, 0.8516673882395627, 0.8314795855169537]
Saving model.....
Results After CV: {'MSE - mean': 893761979.5154716, 'MSE - std': 47352230.67231469, 'R2 - mean': 0.8424975751465417, 'R2 - std': 0.008344605525906433}
Train time: 0.3408702176666664
Inference time: 0.07227288233333311
Finished cross validation
Visualizing Happening
Type of task : test
Train Loss Length: 12, Test Loss Length: 12, epochs: 12, min_idx: 12
Train Loss Length: 12, Test Loss Length: 12, epochs: 12, min_idx: 12
Train Loss Length: 12, Test Loss Length: 12, epochs: 12, min_idx: 12
Plots saved successfully!

--- Testin on Final Model Finished ---
Aggregated Results: {'MSE - mean': 893761979.5154716, 'MSE - std': 47352230.67231469, 'R2 - mean': 0.8424975751465417, 'R2 - std': 0.008344605525906433}
Avg Outer Fold Train Time: 0.3409 sec
Avg Outer Fold Inference Time: 0.0723 sec
