

----------------------------------------------------------------------------
Training ResMLP Vesion 1 with Dataset: config/black_friday.yml 



----------------------------------------------------------------------------


----------------------------------------------------------------------------
Training ResMLP Vesion 1 with Dataset: config/brazillian_houses.yml 



----------------------------------------------------------------------------
Running Mode: Nested CV with Predefined Hyperparameters
Arguements: Namespace(batch_size=64, best_params_file='config/best_params.yml', bin_alt=None, cat_dims=[2], cat_idx=[0], class_comp=True, config='config/brazillian_houses.yml', data_parallel=False, dataset='Brazillian_Houses', direction='minimize', dropna_idx=None, early_stopping_rounds=20, epochs=100, frequency_reg=False, gpu_ids=[0, 1], logging_period=100, miss_cat_idx=None, miss_num_idx=None, model_name='ResMLP', n_trials=100, nominal_idx=[0, 6], num_bins=10, num_classes=1, num_features=12, num_idx=None, num_splits=5, objective='probabilistic_regression', one_hot_encode=True, optimize_hyperparameters=False, ordinal_encode=True, ordinal_idx=[7], outer_splits=3, parameters={'Abalone': {'CatBoost': {'iterations': 100, 'l2_leaf_reg': 1.2142895041234418, 'learning_rate': 0.1780973833308435, 'max_depth': 4, 'od_type': 'Iter', 'od_wait': 20, 'verbose': 100}, 'FTTransformer': {'learning_rate': 0.0026312292554662967, 'weight_decay': 0.000741227822541328}, 'MLP': {'d_block': 256, 'd_in': 10, 'd_out': 7, 'dropout': 0.045537479089527655, 'n_blocks': 4}, 'ResMLP': {'d_block': 256, 'd_hidden': 5, 'd_hidden_multiplier': 2.070874813204879, 'd_in': 10, 'd_out': 7, 'dropout1': 0.2767197595784706, 'dropout2': 0.1295421415138883, 'n_blocks': 6}, 'SAINT': {'depth': 3, 'dim': 128, 'dropout': 0.8, 'heads': 4}, 'NODE': {'num_layers': 8, 'total_tree_count': 2048, 'tree_depth': 8, 'tree_output_dim': 3}}, 'Allstate_Claims': {'FTTransformer': {'learning_rate': 0.00014266378836134144, 'weight_decay': 7.973049353626902e-05}, 'MLP': {'d_block': 256, 'd_in': 1093, 'd_out': 311, 'dropout': 0.12920563775872115, 'n_blocks': 6}, 'ResMLP': {'d_block': 128, 'd_hidden': 8, 'd_hidden_multiplier': 1.3701994442389223, 'd_in': 1093, 'd_out': 311, 'dropout1': 0.38528007263059155, 'dropout2': 0.15678728297998543, 'n_blocks': 3}, 'SAINT': {'depth': 3, 'dim': 64, 'dropout': 0.7, 'heads': 4}, 'NODE': {'num_layers': 8, 'total_tree_count': 2048, 'tree_depth': 8, 'tree_output_dim': 3}}, 'Black_Friday': {'MLP': {'d_block': 256, 'd_in': 75, 'd_out': 36, 'dropout': 0.28716314068720666, 'n_blocks': 3}, 'ResMLP': {'d_block': 256, 'd_hidden': 5, 'd_hidden_multiplier': 3.1295693022802924, 'd_in': 75, 'd_out': 36, 'dropout1': 0.31999331016593385, 'dropout2': 0.17961742655097668, 'n_blocks': 4}, 'SAINT': {'depth': 3, 'dim': 64, 'dropout': 0.1, 'heads': 2}, 'NODE': {'num_layers': 4, 'total_tree_count': 1024, 'tree_depth': 8, 'tree_output_dim': 2}}, 'Boston': {'FTTransformer': {'learning_rate': 0.0003038703893093738, 'weight_decay': 8.778101233251167e-05}, 'MLP': {'d_block': 256, 'd_in': 14, 'd_out': 6, 'dropout': 0.02868322485344796, 'n_blocks': 2}, 'ResMLP': {'d_block': 256, 'd_hidden': 3, 'd_hidden_multiplier': 2.629805792810099, 'd_in': 14, 'd_out': 6, 'dropout1': 0.42545138307167646, 'dropout2': 0.08020072326197547, 'n_blocks': 6}, 'SAINT': {'depth': 1, 'dim': 64, 'dropout': 0.2, 'heads': 4}, 'NODE': {'num_layers': 4, 'total_tree_count': 1024, 'tree_depth': 8, 'tree_output_dim': 3}}, 'Brazillian_Houses': {'FTTransformer': {'learning_rate': 0.00012882433392871884, 'weight_decay': 0.0006194542036721904}, 'MLP': {'d_block': 256, 'd_in': 17, 'd_out': 1095, 'dropout': 0.26456213654515587, 'n_blocks': 2}, 'ResMLP': {'d_block': 256, 'd_hidden': 9, 'd_hidden_multiplier': 2.8578552359643927, 'd_in': 17, 'd_out': 1095, 'dropout1': 0.05920170022592163, 'dropout2': 0.19030616663715155, 'n_blocks': 2}, 'SAINT': {'depth': 1, 'dim': 64, 'dropout': 0.3, 'heads': 8}, 'NODE': {'num_layers': 2, 'total_tree_count': 1024, 'tree_depth': 6, 'tree_output_dim': 3}}, 'Diamonds': {'FTTransformer': {'learning_rate': 0.00013457653890213615, 'weight_decay': 8.376325678211951e-05}, 'MLP': {'d_block': 256, 'd_in': 9, 'd_out': 13, 'dropout': 0.07787642217098255, 'n_blocks': 3}, 'ResMLP': {'d_block': 128, 'd_hidden': 5, 'd_hidden_multiplier': 1.6469990033121622, 'd_in': 9, 'd_out': 13, 'dropout1': 0.1279373990844757, 'dropout2': 0.09909622892506705, 'n_blocks': 6}, 'SAINT': {'depth': 6, 'dim': 128, 'dropout': 0.6, 'heads': 2}, 'NODE': {'num_layers': 4, 'total_tree_count': 2048, 'tree_depth': 6, 'tree_output_dim': 2}}, 'House_Prices_Nominal': {'FTTransformer': {'learning_rate': 0.0001991206295866777, 'weight_decay': 0.0025487180826797907}, 'MLP': {'d_block': 256, 'd_in': 109, 'd_out': 7, 'dropout': 0.10539334128428231, 'n_blocks': 2}, 'ResMLP': {'d_block': 256, 'd_hidden': 6, 'd_hidden_multiplier': 4.285524104220049, 'd_in': 109, 'd_out': 7, 'dropout1': 0.07419545585050902, 'dropout2': 0.058496662836731425, 'n_blocks': 6}, 'SAINT': {'depth': 1, 'dim': 128, 'dropout': 0.7, 'heads': 2}, 'NODE': {'num_layers': 4, 'total_tree_count': 2048, 'tree_depth': 6, 'tree_output_dim': 3}}, 'House_Sales': {'FTTransformer': {'learning_rate': 0.00250136728702011, 'weight_decay': 0.00011052492730016369}, 'MLP': {'d_block': 256, 'd_in': 90, 'd_out': 128, 'dropout': 0.10700449012979917, 'n_blocks': 4}, 'ResMLP': {'d_block': 256, 'd_hidden': 2, 'd_hidden_multiplier': 4.550168594755401, 'd_in': 90, 'd_out': 133, 'dropout1': 0.20737998960685675, 'dropout2': 0.03151442135910869, 'n_blocks': 5}, 'SAINT': {'depth': 6, 'dim': 256, 'dropout': 0.6, 'heads': 8}, 'NODE': {'num_layers': 8, 'total_tree_count': 2048, 'tree_depth': 8, 'tree_output_dim': 3}}, 'MIP': {'FTTransformer': {'learning_rate': 0.005340493024514428, 'weight_decay': 5.660990217872578e-06}, 'MLP': {'d_block': 64, 'd_in': 151, 'd_out': 67, 'dropout': 0.10823216670029355, 'n_blocks': 2}, 'ResMLP': {'d_block': 256, 'd_hidden': 10, 'd_hidden_multiplier': 3.5463105818248644, 'd_in': 151, 'd_out': 78, 'dropout1': 0.3740596836340417, 'dropout2': 0.14785999544988046, 'n_blocks': 4}, 'SAINT': {'depth': 3, 'dim': 32, 'dropout': 0.6, 'heads': 2}, 'NODE': {'num_layers': 8, 'total_tree_count': 1024, 'tree_depth': 8, 'tree_output_dim': 3}}, 'Mercedes_Benz': {'FTTransformer': {'learning_rate': 0.0004452048953174126, 'weight_decay': 1.7644038793799652e-06}, 'MLP': {'d_block': 256, 'd_in': 547, 'd_out': 18, 'dropout': 0.17946730470146646, 'n_blocks': 2}, 'ResMLP': {'d_block': 256, 'd_hidden': 4, 'd_hidden_multiplier': 2.8190447590303593, 'd_in': 547, 'd_out': 18, 'dropout1': 0.39853029839247645, 'dropout2': 0.23047013110182565, 'n_blocks': 5}, 'SAINT': {'depth': 1, 'dim': 32, 'dropout': 0, 'heads': 4}, 'NODE': {'num_layers': 8, 'total_tree_count': 1024, 'tree_depth': 8, 'tree_output_dim': 2}}, 'Moneyball': {'FTTransformer': {'learning_rate': 0.0001397623116786567, 'weight_decay': 3.198059991694104e-06}, 'MLP': {'d_block': 256, 'd_in': 48, 'd_out': 7, 'dropout': 0.2819627248207455, 'n_blocks': 2}, 'ResMLP': {'d_block': 256, 'd_hidden': 2, 'd_hidden_multiplier': 3.500563709434268, 'd_in': 48, 'd_out': 7, 'dropout1': 0.3191866936907723, 'dropout2': 0.17129324989277947, 'n_blocks': 6}, 'SAINT': {'depth': 3, 'dim': 32, 'dropout': 0.3, 'heads': 4}, 'NODE': {'num_layers': 8, 'total_tree_count': 2084, 'tree_depth': 6, 'tree_output_dim': 3}}, 'SAT11': {'FTTransformer': {'learning_rate': 8.719401475807713e-05, 'weight_decay': 0.0007004339745422863}, 'MLP': {'d_block': 128, 'd_in': 130, 'd_out': 3, 'dropout': 0.15064221648941228, 'n_blocks': 2}, 'ResMLP': {'d_block': 256, 'd_hidden': 6, 'd_hidden_multiplier': 3.226913030082402, 'd_in': 130, 'd_out': 3, 'dropout1': 0.4143262004883449, 'dropout2': 0.10671304592041092, 'n_blocks': 5}, 'SAINT': {'depth': 2, 'dim': 32, 'dropout': 0.6, 'heads': 2}, 'NODE': {'num_layers': 2, 'total_tree_count': 1024, 'tree_depth': 8, 'tree_output_dim': 3}}, 'Sensory': {'FTTransformer': {'learning_rate': 4.126150574320677e-05, 'weight_decay': 5.170169005303637e-05}, 'MLP': {'d_block': 128, 'd_in': 36, 'd_out': 5, 'dropout': 0.29860532918127847, 'n_blocks': 2}, 'ResMLP': {'d_block': 128, 'd_hidden': 4, 'd_hidden_multiplier': 1.80130923504725, 'd_in': 36, 'd_out': 5, 'dropout1': 0.228729597309105, 'dropout2': 0.22695309081109494, 'n_blocks': 5}, 'SAINT': {'depth': 1, 'dim': 128, 'dropout': 0, 'heads': 8}, 'NODE': {'num_layers': 4, 'total_tree_count': 1024, 'tree_depth': 6, 'tree_output_dim': 3}}, 'Socmob': {'FTTransformer': {'learning_rate': 0.00029650381259646087, 'weight_decay': 6.736378376679642e-05}, 'MLP': {'d_block': 256, 'd_in': 39, 'd_out': 40, 'dropout': 0.10461609715865526, 'n_blocks': 2}, 'ResMLP': {'d_block': 256, 'd_hidden': 4, 'd_hidden_multiplier': 4.543534401999215, 'd_in': 39, 'd_out': 40, 'dropout1': 0.115735614381013, 'dropout2': 0.018124882849134806, 'n_blocks': 3}, 'SAINT': {'depth': 1, 'dim': 64, 'dropout': 0.2, 'heads': 2}, 'NODE': {'num_layers': 2, 'total_tree_count': 2048, 'tree_depth': 6, 'tree_output_dim': 2}}}, save_results=False, scale=True, seed=221, shuffle=True, target_encode=False, use_gpu=True, val_batch_size=128, weighted_loss=False, y_distribution='skewed')
--- Running Nested Cross-Validation with Predefined Hyperparameters ---
Dataset: Brazillian_Houses, Model: ResMLP, Objective: probabilistic_regression
Loading dataset Brazillian_Houses...
Dataset loaded! 

(10692, 12)
Started Classification Module ...... 
~~~~~~~~~~~~~~~~~~~~~~~~~~~~~~~~~~~~~~~~~~~~~~~~~~~~~~~~~~~~~~~~~~~~~~~~~~~~~~~
TESTING MODEL
X_train shape: (5346, 12)
y_train shape: (5346,)
X_test shape: (5346, 12)
y_test shape: (5346,)
--- Test Run 1/3 ---
~~~~~~~~~~~~~~~~~~~~~~~~~~~~~~~~~~~~~~~~~~~~~~~~~~~~~~~~~~~~~~~~~~~~~~~~~~~~~~~
BEFORE ANY ENCODING
num_features :12
num_classes : 1
cat_idx : [0]
nominal_idx : [0, 6]
ordinal_idx : [7]
num_idx : None
cat_dims : [2]
bin_alt : None 


X_train shape : (5346, 12)
~~~~~~~~~~~~~~~~~~~~~~~~~~~~~~~~~~~~~~~~~~~~~~~~~~~~~~~~~~~~~~~~~~~~~~~~~~~~~~~
~~~~~~~~~~~~~~~~~~~~~~~~~~~~~~~~~~~~~~~~~~~~~~~~~~~~~~~~~~~~~~~~~~~~~~~~~~~~~~~
AFTER getting cat idx
Nominal Index : [0, 6]
Ordinal Index : [7]
Cat Idx : [0]
Cat dims : [2]
~~~~~~~~~~~~~~~~~~~~~~~~~~~~~~~~~~~~~~~~~~~~~~~~~~~~~~~~~~~~~~~~~~~~~~~~~~~~~~~
BEFORE getting cat idx
Nominal Index : [0, 6]
Ordinal Index : [7]
Cat Idx : [0, 6, 7]
Cat dims : []
~~~~~~~~~~~~~~~~~~~~~~~~~~~~~~~~~~~~~~~~~~~~~~~~~~~~~~~~~~~~~~~~~~~~~~~~~~~~~~~ 


AFTER SEPARATING CATEGORICALS AND NUMERICALS
Ordinal Index : [7]
Numerical Index V1 : [1, 2, 3, 4, 5, 8, 9, 10, 11]
Cat Idx V1 : [0, 6, 7] 
Cat Dims V1 : []
 

~~~~~~~~~~~~~~~~~~~~~~~~~~~~~~~~~~~~~~~~~~~~~~~~~~~~~~~~~~~~~~~~~~~~~~~~~~~~~~~ 


Scaling the data...
One Hot Encoding...
Ord : 1, Nom : 7, Num : 9
~~~~~~~~~~~~~~~~~~~~~~~~~~~~~~~~~~~~~~~~~~~~~~~~~~~~~~~~~~~~~~~~~~~~~~~~~~~~~~~
After OHE
Numerical Index V2 : [8, 9, 10, 11, 12, 13, 14, 15, 16] 


OHE Idx : [1, 2, 3, 4, 5, 6, 7]


Ordinal Idx V2: [0]


Cat Dims V2 : []
Cat Idx V2 : [0, 6, 7] 
 

Train: [['not furnished' 0.0 0.0 0.0 0.0]
 ['not furnished' 0.0 0.0 0.0 0.0]
 ['not furnished' 0.0 0.0 1.0 0.0]
 ['not furnished' 0.0 0.0 0.0 1.0]
 ['not furnished' 0.0 0.0 0.0 0.0]
 ['not furnished' 0.0 0.0 0.0 1.0]
 ['not furnished' 0.0 0.0 0.0 0.0]
 ['furnished' 0.0 0.0 1.0 0.0]
 ['not furnished' 0.0 0.0 0.0 0.0]
 ['not furnished' 0.0 0.0 0.0 0.0]] 
 
 
Val : (5346, 17) 
 

~~~~~~~~~~~~~~~~~~~~~~~~~~~~~~~~~~~~~~~~~~~~~~~~~~~~~~~~~~~~~~~~~~~~~~~~~~~~~~~
Ordinal Encoding...
Train Cat : [['not furnished']
 ['not furnished']
 ['not furnished']
 ['not furnished']
 ['not furnished']
 ['not furnished']
 ['not furnished']
 ['furnished']
 ['not furnished']
 ['not furnished']]
Uniques : ['furnished' 'not furnished']
Cat Idx V3 : [0, 1, 2, 3, 4, 5, 6, 7] 
 

~~~~~~~~~~~~~~~~~~~~~~~~~~~~~~~~~~~~~~~~~~~~~~~~~~~~~~~~~~~~~~~~~~~~~~~~~~~~~~~
After ORDINAL
Numerical Index V2 : [8, 9, 10, 11, 12, 13, 14, 15, 16] 


OHE Idx : [1, 2, 3, 4, 5, 6, 7]


Ordinal Idx V2: [0]


Cat Dims V2 : [3, 3, 3, 3, 3, 3, 3, 3]
Cat Idx V2 : [0, 1, 2, 3, 4, 5, 6, 7] 
 

Train: [[1.0 0.0 0.0 0.0 0.0 1.0 1.0 0.0 1.9031439610417513 0.43402988365684103
  1.9921609637654645 2.1442280594378134 -0.7492012685412649
  -0.060185871012205044 2.4018662611107806 -0.4474059733093889
  2.6355212107713166]
 [1.0 0.0 0.0 0.0 0.0 1.0 1.0 0.0 -0.3736486395196158 0.43402988365684103
  -0.8773237492320224 0.25076205254079487 0.16025149749452122
  -0.0023435551111429223 0.061420949697433495 -0.0480726329303196
  -0.024782460728011293]
 [1.0 0.0 0.0 1.0 0.0 0.0 1.0 0.0 -0.42506008533874345
  0.43402988365684103 -0.1599525709826507 -0.38039328309154474
  0.918128802524343 -0.02548048147156777 -0.3843781572384421
  -0.31296374871510224 -0.3181983068492607]
 [1.0 0.0 0.0 0.0 1.0 0.0 1.0 0.0 -0.7775957138127616 -1.2962637464919076
  -0.8773237492320224 -1.0115486187238845 -0.29447488552337187
  -0.060185871012205044 -0.8605473283343242 -0.407472639271482
  -0.8267857734594264]
 [1.0 0.0 0.0 0.0 0.0 1.0 1.0 0.0 0.32407812516854506 0.43402988365684103
  0.557418607266721 0.25076205254079487 0.6149778805124143
  -0.060185871012205044 2.262554040193319 -0.4474059733093889
  1.9508842364884011]
 [1.0 0.0 0.0 0.0 1.0 0.0 1.0 0.0 -0.7555622370331354
  -0.43111693141753327 -0.1599525709826507 -0.38039328309154474
  0.7665533415183786 0.006911215433027017 -0.1893410479539965
  -0.18118374639000936 -0.22039302480884423]
 [1.0 0.0 0.0 0.0 0.0 1.0 0.0 1.0 2.1822346669170156 2.1643235138055896
  2.709532142014836 2.1442280594378134 -0.7492012685412649
  -0.060185871012205044 2.262554040193319 0.6401118236562765
  2.4985938159147336]
 [2.0 0.0 0.0 1.0 0.0 0.0 0.0 1.0 -0.689461806694257 -1.2962637464919076
  -0.8773237492320224 -0.38039328309154474 -0.5976258075353006
  -0.04167632992386516 -0.4679654897889188 -0.4474059733093889
  -0.3964425324815939]
 [1.0 0.0 0.0 0.0 0.0 1.0 1.0 0.0 -0.15331387172335448
  0.43402988365684103 -0.1599525709826507 -0.38039328309154474
  0.3118269585004856 0.004597522796984532 0.2216300037525138
  -0.18118374639000936 0.13170599053665505]
 [1.0 0.0 0.0 0.0 0.0 1.0 0.0 1.0 -0.6821173144343817 -1.2962637464919076
  -0.8773237492320224 -1.0115486187238845 -0.7492012685412649
  -0.060185871012205044 -0.7744523758073332 -0.43542597309801684
  -0.7094194350109265]] 
 
 
Val : (5346, 17) 
 

FINISHED ENCODING
~~~~~~~~~~~~~~~~~~~~~~~~~~~~~~~~~~~~~~~~~~~~~~~~~~~~~~~~~~~~~~~~~~~~~~~~~~~~~~~


~~~~~~~~~~~~~~~~~~~~~~~~~~~~~~~~~~~~~~~~~~~~~~~~~~~~~~~~~~~~~~~~~~~~~~~~~~~~~~~
Test numpy array issues
X dtype: object
X Val dtype: object
X dtype: float32
X Val dtype: float32
After encoding : : WE ARE IN TRAIN.PY
~~~~~~~~~~~~~~~~~~~~~~~~~~~~~~~~~~~~~~~~~~~~~~~~~~~~~~~~~~~~~~~~~~~~~~~~~~~~~~~
num_features :17
num_classes : 1
cat_idx : [0, 1, 2, 3, 4, 5, 6, 7]
nominal_idx : [1, 2, 3, 4, 5, 6, 7]
ordinal_idx : [0]
num_idx : [8, 9, 10, 11, 12, 13, 14, 15, 16]
cat_dims : [3, 3, 3, 3, 3, 3, 3, 3]
~~~~~~~~~~~~~~~~~~~~~~~~~~~~~~~~~~~~~~~~~~~~~~~~~~~~~~~~~~~~~~~~~~~~~~~~~~~~~~~


~~~~~~~~~~~~~~~~~~~~~~~~~~~~~~~~~~~~~~~~~~~~~~~~~~~~~~~~~~~~~~~~~~~~~~~~~~~~~~~
BINNING INIT
Number of bins: 11
Number of Classes B4 Bin Verifier: 11
Unique values in y: (array([ 0.,  1.,  2.,  3.,  4.,  5.,  6.,  7.,  8.,  9., 10.]), 11)
Unique values in y_val: (array([ 0.,  1.,  2.,  3.,  4.,  5.,  6.,  7.,  8.,  9., 10.]), 11)
No need to shift labels.
VERIFY SHIFT
Y shape : (5346,) , Y_val shape : (5346,)
Train after shift : [ 0  1  2  3  4  5  6  7  8  9 10], Length : 11
Number of Classes After Bin Verifier: 11 


BINNING END
~~~~~~~~~~~~~~~~~~~~~~~~~~~~~~~~~~~~~~~~~~~~~~~~~~~~~~~~~~~~~~~~~~~~~~~~~~~~~~~ 


In get_device
On Device: cuda
{'d_block': 256, 'd_hidden': 9, 'd_hidden_multiplier': 2.8578552359643927, 'd_in': 17, 'd_out': 11, 'dropout1': 0.05920170022592163, 'dropout2': 0.19030616663715155, 'n_blocks': 2}
Types in B4 Model
X : <class 'numpy.ndarray'>, y : <class 'numpy.ndarray'>, X : <class 'numpy.ndarray'>, X : <class 'numpy.ndarray'> 

In fit Nump iss
X : <class 'torch.Tensor'>, y : <class 'torch.Tensor'>, X : <class 'torch.Tensor'>, X : <class 'torch.Tensor'> 

State of save is True b4 loss saving
Saving loss to file: output/ResMLP/Brazillian_Houses/logging/loss_0.txt
Log file exists at: output/ResMLP/Brazillian_Houses/logging/loss_0.txt
File name : output/ResMLP/Brazillian_Houses/logging/loss_0.txt . The file was saved
Saving loss to file: output/ResMLP/Brazillian_Houses/logging/test_loss_0.txt
Log file exists at: output/ResMLP/Brazillian_Houses/logging/test_loss_0.txt
File name : output/ResMLP/Brazillian_Houses/logging/test_loss_0.txt . The file was saved
Saved Losses and Regularization
±±±±±±±±±±±±±±±±±±±±±±±±±±±±±±±±±±±±±±±±±±±±±±±±±±±±±±±±±±±±±±±±±±±±±±±±±±± 

B4 Evaluation
Number of classes : 11
Class labels : [0, 1, 2, 3, 4, 5, 6, 7, 8, 9, 10]
Unique y_true : 11
Unique train : 11

Prediction shape : (5346,)
±±±±±±±±±±±±±±±±±±±±±±±±±±±±±±±±±±±±±±±±±±±±±±±±±±±±±±±±±±±±±±±±±±±±±±±±±±± 

In the gulag
--- Test Run 2/3 ---
~~~~~~~~~~~~~~~~~~~~~~~~~~~~~~~~~~~~~~~~~~~~~~~~~~~~~~~~~~~~~~~~~~~~~~~~~~~~~~~
BEFORE ANY ENCODING
num_features :12
num_classes : 1
cat_idx : [0]
nominal_idx : [0, 6]
ordinal_idx : [7]
num_idx : None
cat_dims : [2]
bin_alt : None 


X_train shape : (5346, 12)
~~~~~~~~~~~~~~~~~~~~~~~~~~~~~~~~~~~~~~~~~~~~~~~~~~~~~~~~~~~~~~~~~~~~~~~~~~~~~~~
~~~~~~~~~~~~~~~~~~~~~~~~~~~~~~~~~~~~~~~~~~~~~~~~~~~~~~~~~~~~~~~~~~~~~~~~~~~~~~~
AFTER getting cat idx
Nominal Index : [0, 6]
Ordinal Index : [7]
Cat Idx : [0]
Cat dims : [2]
~~~~~~~~~~~~~~~~~~~~~~~~~~~~~~~~~~~~~~~~~~~~~~~~~~~~~~~~~~~~~~~~~~~~~~~~~~~~~~~
BEFORE getting cat idx
Nominal Index : [0, 6]
Ordinal Index : [7]
Cat Idx : [0, 6, 7]
Cat dims : []
~~~~~~~~~~~~~~~~~~~~~~~~~~~~~~~~~~~~~~~~~~~~~~~~~~~~~~~~~~~~~~~~~~~~~~~~~~~~~~~ 


AFTER SEPARATING CATEGORICALS AND NUMERICALS
Ordinal Index : [7]
Numerical Index V1 : [1, 2, 3, 4, 5, 8, 9, 10, 11]
Cat Idx V1 : [0, 6, 7] 
Cat Dims V1 : []
 

~~~~~~~~~~~~~~~~~~~~~~~~~~~~~~~~~~~~~~~~~~~~~~~~~~~~~~~~~~~~~~~~~~~~~~~~~~~~~~~ 


Scaling the data...
One Hot Encoding...
Ord : 1, Nom : 7, Num : 9
~~~~~~~~~~~~~~~~~~~~~~~~~~~~~~~~~~~~~~~~~~~~~~~~~~~~~~~~~~~~~~~~~~~~~~~~~~~~~~~
After OHE
Numerical Index V2 : [8, 9, 10, 11, 12, 13, 14, 15, 16] 


OHE Idx : [1, 2, 3, 4, 5, 6, 7]


Ordinal Idx V2: [0]


Cat Dims V2 : []
Cat Idx V2 : [0, 6, 7] 
 

Train: [['not furnished' 0.0 0.0 0.0 0.0]
 ['not furnished' 0.0 0.0 0.0 0.0]
 ['not furnished' 0.0 0.0 0.0 0.0]
 ['not furnished' 0.0 0.0 0.0 0.0]
 ['not furnished' 0.0 0.0 1.0 0.0]
 ['not furnished' 0.0 0.0 0.0 0.0]
 ['not furnished' 0.0 1.0 0.0 0.0]
 ['not furnished' 0.0 0.0 1.0 0.0]
 ['furnished' 0.0 0.0 0.0 1.0]
 ['furnished' 0.0 0.0 0.0 1.0]] 
 
 
Val : (5346, 17) 
 

~~~~~~~~~~~~~~~~~~~~~~~~~~~~~~~~~~~~~~~~~~~~~~~~~~~~~~~~~~~~~~~~~~~~~~~~~~~~~~~
Ordinal Encoding...
Train Cat : [['not furnished']
 ['not furnished']
 ['not furnished']
 ['not furnished']
 ['not furnished']
 ['not furnished']
 ['not furnished']
 ['not furnished']
 ['furnished']
 ['furnished']]
Uniques : ['furnished' 'not furnished']
Cat Idx V3 : [0, 1, 2, 3, 4, 5, 6, 7] 
 

~~~~~~~~~~~~~~~~~~~~~~~~~~~~~~~~~~~~~~~~~~~~~~~~~~~~~~~~~~~~~~~~~~~~~~~~~~~~~~~
After ORDINAL
Numerical Index V2 : [8, 9, 10, 11, 12, 13, 14, 15, 16] 


OHE Idx : [1, 2, 3, 4, 5, 6, 7]


Ordinal Idx V2: [0]


Cat Dims V2 : [3, 3, 3, 3, 3, 3, 3, 3]
Cat Idx V2 : [0, 1, 2, 3, 4, 5, 6, 7] 
 

Train: [[1.0 0.0 0.0 0.0 0.0 1.0 1.0 0.0 0.41036615949812594 2.964506548674684
  3.970100868715837 0.820057168576526 -0.9393102179035137
  -0.0577271126975693 1.9257700517193275 0.347769614825978
  2.142929480195018]
 [1.0 0.0 0.0 0.0 0.0 1.0 1.0 0.0 -0.27415278043797864
  -1.2999030975460835 -0.8773367217139992 -1.0204237815536619
  -0.9393102179035137 -0.0577271126975693 -0.905275009536858
  -0.07860997876128878 -0.8491642253413851]
 [1.0 0.0 0.0 0.0 0.0 1.0 1.0 0.0 0.5883410838815132 0.40586076094222345
  1.2001365313273593 0.820057168576526 1.929929701861943
  0.08213958714540474 2.2310788328351907 0.19404248567856883
  1.9278116320845577]
 [1.0 0.0 0.0 0.0 0.0 1.0 0.0 1.0 -0.0879636287753582 0.40586076094222345
  0.5076454469802398 0.20656351853312996 0.017103088684971866
  0.010316146685499157 1.3984185207010185 -0.012924473803250387
  1.1846772477029675]
 [1.0 0.0 0.0 1.0 0.0 0.0 1.0 0.0 -0.2522481743600233 -0.44702116830193
  -0.8773367217139992 -0.406930131510266 -0.17417957263272524
  -0.049410714328527595 -0.7331918783624625 -0.07860997876128878
  -0.6731587132510085]
 [1.0 0.0 0.0 0.0 0.0 1.0 1.0 0.0 -0.008559431742770057 -0.44702116830193
  -0.18484563736687973 -0.406930131510266 0.5909510726380632
  -0.004804577621849388 0.010651333810731365 -0.02168254113098884
  -0.0669175049397111]
 [1.0 0.0 1.0 0.0 0.0 0.0 0.0 1.0 -0.296057386515934 -1.2999030975460835
  -0.8773367217139992 -0.406930131510266 2.12121236317964
  -0.03988465801489801 -0.5444555409453834 -0.07676617511334384
  -0.5558217051907574]
 [1.0 0.0 0.0 1.0 0.0 0.0 1.0 0.0 -0.211177037963857 -0.44702116830193
  0.5076454469802398 -0.406930131510266 -0.5567448952681194
  -0.042606388390220754 -0.5563903387526399 -0.07584427328937138
  -0.49715320116063183]
 [2.0 0.0 0.0 0.0 1.0 0.0 1.0 0.0 0.08179706832879576 -0.44702116830193
  0.5076454469802398 -0.406930131510266 -0.3654622339504224
  0.03677741422335911 1.2596418020119897 0.0672809848823544
  1.086896407652758]
 [2.0 0.0 0.0 0.0 1.0 0.0 1.0 0.0 -0.3426046744315891 -1.2999030975460835
  -0.8773367217139992 -1.0204237815536619 -0.5567448952681194
  -0.037692152990332475 -0.5722108846831891 -0.013385424715236622
  -0.5753778732007993]] 
 
 
Val : (5346, 17) 
 

FINISHED ENCODING
~~~~~~~~~~~~~~~~~~~~~~~~~~~~~~~~~~~~~~~~~~~~~~~~~~~~~~~~~~~~~~~~~~~~~~~~~~~~~~~


~~~~~~~~~~~~~~~~~~~~~~~~~~~~~~~~~~~~~~~~~~~~~~~~~~~~~~~~~~~~~~~~~~~~~~~~~~~~~~~
Test numpy array issues
X dtype: object
X Val dtype: object
X dtype: float32
X Val dtype: float32
After encoding : : WE ARE IN TRAIN.PY
~~~~~~~~~~~~~~~~~~~~~~~~~~~~~~~~~~~~~~~~~~~~~~~~~~~~~~~~~~~~~~~~~~~~~~~~~~~~~~~
num_features :17
num_classes : 1
cat_idx : [0, 1, 2, 3, 4, 5, 6, 7]
nominal_idx : [1, 2, 3, 4, 5, 6, 7]
ordinal_idx : [0]
num_idx : [8, 9, 10, 11, 12, 13, 14, 15, 16]
cat_dims : [3, 3, 3, 3, 3, 3, 3, 3]
~~~~~~~~~~~~~~~~~~~~~~~~~~~~~~~~~~~~~~~~~~~~~~~~~~~~~~~~~~~~~~~~~~~~~~~~~~~~~~~


~~~~~~~~~~~~~~~~~~~~~~~~~~~~~~~~~~~~~~~~~~~~~~~~~~~~~~~~~~~~~~~~~~~~~~~~~~~~~~~
BINNING INIT
Number of bins: 11
Number of Classes B4 Bin Verifier: 11
Unique values in y: (array([ 0.,  1.,  2.,  3.,  4.,  5.,  6.,  7.,  8.,  9., 10.]), 11)
Unique values in y_val: (array([ 0.,  1.,  2.,  3.,  4.,  5.,  6.,  7.,  8.,  9., 10.]), 11)
No need to shift labels.
VERIFY SHIFT
Y shape : (5346,) , Y_val shape : (5346,)
Train after shift : [ 0  1  2  3  4  5  6  7  8  9 10], Length : 11
Number of Classes After Bin Verifier: 11 


BINNING END
~~~~~~~~~~~~~~~~~~~~~~~~~~~~~~~~~~~~~~~~~~~~~~~~~~~~~~~~~~~~~~~~~~~~~~~~~~~~~~~ 


In get_device
On Device: cuda
{'d_block': 256, 'd_hidden': 9, 'd_hidden_multiplier': 2.8578552359643927, 'd_in': 17, 'd_out': 11, 'dropout1': 0.05920170022592163, 'dropout2': 0.19030616663715155, 'n_blocks': 2}
Types in B4 Model
X : <class 'numpy.ndarray'>, y : <class 'numpy.ndarray'>, X : <class 'numpy.ndarray'>, X : <class 'numpy.ndarray'> 

In fit Nump iss
X : <class 'torch.Tensor'>, y : <class 'torch.Tensor'>, X : <class 'torch.Tensor'>, X : <class 'torch.Tensor'> 

State of save is True b4 loss saving
Saving loss to file: output/ResMLP/Brazillian_Houses/logging/loss_1.txt
Log file exists at: output/ResMLP/Brazillian_Houses/logging/loss_1.txt
File name : output/ResMLP/Brazillian_Houses/logging/loss_1.txt . The file was saved
Saving loss to file: output/ResMLP/Brazillian_Houses/logging/test_loss_1.txt
Log file exists at: output/ResMLP/Brazillian_Houses/logging/test_loss_1.txt
File name : output/ResMLP/Brazillian_Houses/logging/test_loss_1.txt . The file was saved
Saved Losses and Regularization
±±±±±±±±±±±±±±±±±±±±±±±±±±±±±±±±±±±±±±±±±±±±±±±±±±±±±±±±±±±±±±±±±±±±±±±±±±± 

B4 Evaluation
Number of classes : 11
Class labels : [0, 1, 2, 3, 4, 5, 6, 7, 8, 9, 10]
Unique y_true : 11
Unique train : 11

Prediction shape : (5346,)
±±±±±±±±±±±±±±±±±±±±±±±±±±±±±±±±±±±±±±±±±±±±±±±±±±±±±±±±±±±±±±±±±±±±±±±±±±± 

In the gulag
--- Test Run 3/3 ---
~~~~~~~~~~~~~~~~~~~~~~~~~~~~~~~~~~~~~~~~~~~~~~~~~~~~~~~~~~~~~~~~~~~~~~~~~~~~~~~
BEFORE ANY ENCODING
num_features :12
num_classes : 1
cat_idx : [0]
nominal_idx : [0, 6]
ordinal_idx : [7]
num_idx : None
cat_dims : [2]
bin_alt : None 


X_train shape : (5346, 12)
~~~~~~~~~~~~~~~~~~~~~~~~~~~~~~~~~~~~~~~~~~~~~~~~~~~~~~~~~~~~~~~~~~~~~~~~~~~~~~~
~~~~~~~~~~~~~~~~~~~~~~~~~~~~~~~~~~~~~~~~~~~~~~~~~~~~~~~~~~~~~~~~~~~~~~~~~~~~~~~
AFTER getting cat idx
Nominal Index : [0, 6]
Ordinal Index : [7]
Cat Idx : [0]
Cat dims : [2]
~~~~~~~~~~~~~~~~~~~~~~~~~~~~~~~~~~~~~~~~~~~~~~~~~~~~~~~~~~~~~~~~~~~~~~~~~~~~~~~
BEFORE getting cat idx
Nominal Index : [0, 6]
Ordinal Index : [7]
Cat Idx : [0, 6, 7]
Cat dims : []
~~~~~~~~~~~~~~~~~~~~~~~~~~~~~~~~~~~~~~~~~~~~~~~~~~~~~~~~~~~~~~~~~~~~~~~~~~~~~~~ 


AFTER SEPARATING CATEGORICALS AND NUMERICALS
Ordinal Index : [7]
Numerical Index V1 : [1, 2, 3, 4, 5, 8, 9, 10, 11]
Cat Idx V1 : [0, 6, 7] 
Cat Dims V1 : []
 

~~~~~~~~~~~~~~~~~~~~~~~~~~~~~~~~~~~~~~~~~~~~~~~~~~~~~~~~~~~~~~~~~~~~~~~~~~~~~~~ 


Scaling the data...
One Hot Encoding...
Ord : 1, Nom : 7, Num : 9
~~~~~~~~~~~~~~~~~~~~~~~~~~~~~~~~~~~~~~~~~~~~~~~~~~~~~~~~~~~~~~~~~~~~~~~~~~~~~~~
After OHE
Numerical Index V2 : [8, 9, 10, 11, 12, 13, 14, 15, 16] 


OHE Idx : [1, 2, 3, 4, 5, 6, 7]


Ordinal Idx V2: [0]


Cat Dims V2 : []
Cat Idx V2 : [0, 6, 7] 
 

Train: [['not furnished' 0.0 1.0 0.0 0.0]
 ['furnished' 0.0 0.0 0.0 0.0]
 ['not furnished' 0.0 0.0 0.0 0.0]
 ['not furnished' 0.0 0.0 1.0 0.0]
 ['not furnished' 1.0 0.0 0.0 0.0]
 ['not furnished' 0.0 0.0 0.0 0.0]
 ['not furnished' 0.0 0.0 0.0 0.0]
 ['not furnished' 0.0 0.0 0.0 0.0]
 ['not furnished' 1.0 0.0 0.0 0.0]
 ['furnished' 0.0 0.0 1.0 0.0]] 
 
 
Val : (5346, 17) 
 

~~~~~~~~~~~~~~~~~~~~~~~~~~~~~~~~~~~~~~~~~~~~~~~~~~~~~~~~~~~~~~~~~~~~~~~~~~~~~~~
Ordinal Encoding...
Train Cat : [['not furnished']
 ['furnished']
 ['not furnished']
 ['not furnished']
 ['not furnished']
 ['not furnished']
 ['not furnished']
 ['not furnished']
 ['not furnished']
 ['furnished']]
Uniques : ['furnished' 'not furnished']
Cat Idx V3 : [0, 1, 2, 3, 4, 5, 6, 7] 
 

~~~~~~~~~~~~~~~~~~~~~~~~~~~~~~~~~~~~~~~~~~~~~~~~~~~~~~~~~~~~~~~~~~~~~~~~~~~~~~~
After ORDINAL
Numerical Index V2 : [8, 9, 10, 11, 12, 13, 14, 15, 16] 


OHE Idx : [1, 2, 3, 4, 5, 6, 7]


Ordinal Idx V2: [0]


Cat Dims V2 : [3, 3, 3, 3, 3, 3, 3, 3]
Cat Idx V2 : [0, 1, 2, 3, 4, 5, 6, 7] 
 

Train: [[1.0 0.0 1.0 0.0 0.0 0.0 1.0 0.0 1.1383613309613891 3.8419725686638575
  3.37618441193108 4.094959582902779 -0.7603449591428854
  -0.07109104767630416 1.4348639645732166 0.11866220084269642
  1.637291470527035]
 [2.0 0.0 0.0 0.0 0.0 1.0 1.0 0.0 -0.16315937309951897
  -0.4238713609026835 -0.1672979710953756 -0.3842166567613095
  -0.309901236671934 0.06617664752554789 -0.16613967613117106
  -0.0915874251661708 -0.8942748154780896]
 [1.0 0.0 0.0 0.0 0.0 1.0 1.0 0.0 -0.16866263189047417
  -0.4238713609026835 -0.1672979710953756 -1.0240989767133222
  -0.009605421691299755 -0.02533514927568681 -0.37449914694154257
  -0.06850843219044443 -0.4158685882015306]
 [1.0 0.0 0.0 1.0 0.0 0.0 1.0 0.0 -0.23470173738193675
  -0.4238713609026835 -0.8759944477006668 -1.0240989767133222
  -0.4600491441622511 -0.046252131401683313 -0.8692468727463595
  -0.08466372727345288 -0.8145404442653298]
 [1.0 1.0 0.0 0.0 0.0 0.0 0.0 1.0 -0.11087841458544444
  0.42929742501062457 -0.1672979710953756 0.2556656631907031
  0.2906903932893345 0.013491998795694196 -0.487584341411215
  -0.036428631954184776 -0.4756693666111005]
 [1.0 0.0 0.0 0.0 0.0 1.0 1.0 0.0 -0.176917520076907 -0.4238713609026835
  -0.8759944477006668 -0.3842166567613095 -0.009605421691299755
  -0.0018035443839407458 -0.17660005661961575 -0.08674083664126826
  -0.23646625297282098]
 [1.0 0.0 0.0 0.0 0.0 1.0 1.0 0.0 -0.24295662556836958
  -0.4238713609026835 -0.8759944477006668 0.2556656631907031
  0.7411341157602859 -0.046056034694252096 -0.7250632497975271
  -0.0915874251661708 -0.71487248024938]
 [1.0 0.0 0.0 0.0 0.0 1.0 1.0 0.0 1.41352427050915 1.2824662109239326
  2.667487935325789 1.5354303030947283 -0.7603449591428854
  -0.038408263104434626 0.5867250060506732 0.8968858439841896
  0.740279794383487]
 [1.0 1.0 0.0 0.0 0.0 0.0 1.0 0.0 -0.27872780770957845
  -1.2770401468159915 -0.8759944477006668 -1.0240989767133222
  0.7411341157602859 -0.051481376933182436 -0.8833825220550686
  -0.06666211275238632 -0.8544076298717097]
 [2.0 0.0 0.0 1.0 0.0 0.0 1.0 0.0 -0.2869826958960113 -1.2770401468159915
  -0.8759944477006668 0.2556656631907031 -0.4600491441622511
  -0.05540331108180678 -0.8268399248202324 -0.0731242307855897
  -0.7746732586589499]] 
 
 
Val : (5346, 17) 
 

FINISHED ENCODING
~~~~~~~~~~~~~~~~~~~~~~~~~~~~~~~~~~~~~~~~~~~~~~~~~~~~~~~~~~~~~~~~~~~~~~~~~~~~~~~


~~~~~~~~~~~~~~~~~~~~~~~~~~~~~~~~~~~~~~~~~~~~~~~~~~~~~~~~~~~~~~~~~~~~~~~~~~~~~~~
Test numpy array issues
X dtype: object
X Val dtype: object
X dtype: float32
X Val dtype: float32
After encoding : : WE ARE IN TRAIN.PY
~~~~~~~~~~~~~~~~~~~~~~~~~~~~~~~~~~~~~~~~~~~~~~~~~~~~~~~~~~~~~~~~~~~~~~~~~~~~~~~
num_features :17
num_classes : 1
cat_idx : [0, 1, 2, 3, 4, 5, 6, 7]
nominal_idx : [1, 2, 3, 4, 5, 6, 7]
ordinal_idx : [0]
num_idx : [8, 9, 10, 11, 12, 13, 14, 15, 16]
cat_dims : [3, 3, 3, 3, 3, 3, 3, 3]
~~~~~~~~~~~~~~~~~~~~~~~~~~~~~~~~~~~~~~~~~~~~~~~~~~~~~~~~~~~~~~~~~~~~~~~~~~~~~~~


~~~~~~~~~~~~~~~~~~~~~~~~~~~~~~~~~~~~~~~~~~~~~~~~~~~~~~~~~~~~~~~~~~~~~~~~~~~~~~~
BINNING INIT
Number of bins: 11
Number of Classes B4 Bin Verifier: 11
Unique values in y: (array([ 0.,  1.,  2.,  3.,  4.,  5.,  6.,  7.,  8.,  9., 10.]), 11)
Unique values in y_val: (array([ 0.,  1.,  2.,  3.,  4.,  5.,  6.,  7.,  8.,  9., 10.]), 11)
No need to shift labels.
VERIFY SHIFT
Y shape : (5346,) , Y_val shape : (5346,)
Train after shift : [ 0  1  2  3  4  5  6  7  8  9 10], Length : 11
Number of Classes After Bin Verifier: 11 


BINNING END
~~~~~~~~~~~~~~~~~~~~~~~~~~~~~~~~~~~~~~~~~~~~~~~~~~~~~~~~~~~~~~~~~~~~~~~~~~~~~~~ 


In get_device
On Device: cuda
{'d_block': 256, 'd_hidden': 9, 'd_hidden_multiplier': 2.8578552359643927, 'd_in': 17, 'd_out': 11, 'dropout1': 0.05920170022592163, 'dropout2': 0.19030616663715155, 'n_blocks': 2}
Types in B4 Model
X : <class 'numpy.ndarray'>, y : <class 'numpy.ndarray'>, X : <class 'numpy.ndarray'>, X : <class 'numpy.ndarray'> 

In fit Nump iss
X : <class 'torch.Tensor'>, y : <class 'torch.Tensor'>, X : <class 'torch.Tensor'>, X : <class 'torch.Tensor'> 

State of save is True b4 loss saving
Saving loss to file: output/ResMLP/Brazillian_Houses/logging/loss_2.txt
Log file exists at: output/ResMLP/Brazillian_Houses/logging/loss_2.txt
File name : output/ResMLP/Brazillian_Houses/logging/loss_2.txt . The file was saved
Saving loss to file: output/ResMLP/Brazillian_Houses/logging/test_loss_2.txt
Log file exists at: output/ResMLP/Brazillian_Houses/logging/test_loss_2.txt
File name : output/ResMLP/Brazillian_Houses/logging/test_loss_2.txt . The file was saved
Saved Losses and Regularization
±±±±±±±±±±±±±±±±±±±±±±±±±±±±±±±±±±±±±±±±±±±±±±±±±±±±±±±±±±±±±±±±±±±±±±±±±±± 

B4 Evaluation
Number of classes : 11
Class labels : [0, 1, 2, 3, 4, 5, 6, 7, 8, 9, 10]
Unique y_true : 11
Unique train : 11

Prediction shape : (5346,)
±±±±±±±±±±±±±±±±±±±±±±±±±±±±±±±±±±±±±±±±±±±±±±±±±±±±±±±±±±±±±±±±±±±±±±±±±±± 

In the gulag
MSE SCORES: [20304675.956946667, 21949936.82894575, 19172959.88276565], R2 SCORES: [0.49127236908887184, 0.4500508461540762, 0.5196271795031291]
Saving model.....
Results After CV: {'MSE - mean': 20475857.556219354, 'MSE - std': 1140139.6390650582, 'R2 - mean': 0.48698346491535904, 'R2 - std': 0.02856586033282636}
Train time: 0.7491964783333334
Inference time: 0.024297244333333506
Finished cross validation
Visualizing Happening
Type of task : test
Train Loss Length: 84, Test Loss Length: 84, epochs: 84, min_idx: 84
Train Loss Length: 84, Test Loss Length: 84, epochs: 84, min_idx: 84
Train Loss Length: 84, Test Loss Length: 84, epochs: 84, min_idx: 84
Plots saved successfully!

--- Testin on Final Model Finished ---
Aggregated Results: {'MSE - mean': 20475857.556219354, 'MSE - std': 1140139.6390650582, 'R2 - mean': 0.48698346491535904, 'R2 - std': 0.02856586033282636}
Avg Outer Fold Train Time: 0.7492 sec
Avg Outer Fold Inference Time: 0.0243 sec


----------------------------------------------------------------------------
Training ResMLP Vesion 1 with Dataset: config/diamonds.yml 



----------------------------------------------------------------------------
Running Mode: Nested CV with Predefined Hyperparameters
Arguements: Namespace(batch_size=64, best_params_file='config/best_params.yml', bin_alt=None, cat_dims=[2], cat_idx=[0], class_comp=True, config='config/diamonds.yml', data_parallel=False, dataset='Diamonds', direction='minimize', dropna_idx=None, early_stopping_rounds=20, epochs=100, frequency_reg=False, gpu_ids=[0, 1], logging_period=100, miss_cat_idx=None, miss_num_idx=None, model_name='ResMLP', n_trials=100, nominal_idx=None, num_bins=10, num_classes=1, num_features=9, num_idx=None, num_splits=5, objective='probabilistic_regression', one_hot_encode=False, optimize_hyperparameters=False, ordinal_encode=True, ordinal_idx=[1, 2, 3], outer_splits=3, parameters={'Abalone': {'CatBoost': {'iterations': 100, 'l2_leaf_reg': 1.2142895041234418, 'learning_rate': 0.1780973833308435, 'max_depth': 4, 'od_type': 'Iter', 'od_wait': 20, 'verbose': 100}, 'FTTransformer': {'learning_rate': 0.0026312292554662967, 'weight_decay': 0.000741227822541328}, 'MLP': {'d_block': 256, 'd_in': 10, 'd_out': 7, 'dropout': 0.045537479089527655, 'n_blocks': 4}, 'ResMLP': {'d_block': 256, 'd_hidden': 5, 'd_hidden_multiplier': 2.070874813204879, 'd_in': 10, 'd_out': 7, 'dropout1': 0.2767197595784706, 'dropout2': 0.1295421415138883, 'n_blocks': 6}, 'SAINT': {'depth': 3, 'dim': 128, 'dropout': 0.8, 'heads': 4}, 'NODE': {'num_layers': 8, 'total_tree_count': 2048, 'tree_depth': 8, 'tree_output_dim': 3}}, 'Allstate_Claims': {'FTTransformer': {'learning_rate': 0.00014266378836134144, 'weight_decay': 7.973049353626902e-05}, 'MLP': {'d_block': 256, 'd_in': 1093, 'd_out': 311, 'dropout': 0.12920563775872115, 'n_blocks': 6}, 'ResMLP': {'d_block': 128, 'd_hidden': 8, 'd_hidden_multiplier': 1.3701994442389223, 'd_in': 1093, 'd_out': 311, 'dropout1': 0.38528007263059155, 'dropout2': 0.15678728297998543, 'n_blocks': 3}, 'SAINT': {'depth': 3, 'dim': 64, 'dropout': 0.7, 'heads': 4}, 'NODE': {'num_layers': 8, 'total_tree_count': 2048, 'tree_depth': 8, 'tree_output_dim': 3}}, 'Black_Friday': {'MLP': {'d_block': 256, 'd_in': 75, 'd_out': 36, 'dropout': 0.28716314068720666, 'n_blocks': 3}, 'ResMLP': {'d_block': 256, 'd_hidden': 5, 'd_hidden_multiplier': 3.1295693022802924, 'd_in': 75, 'd_out': 36, 'dropout1': 0.31999331016593385, 'dropout2': 0.17961742655097668, 'n_blocks': 4}, 'SAINT': {'depth': 3, 'dim': 64, 'dropout': 0.1, 'heads': 2}, 'NODE': {'num_layers': 4, 'total_tree_count': 1024, 'tree_depth': 8, 'tree_output_dim': 2}}, 'Boston': {'FTTransformer': {'learning_rate': 0.0003038703893093738, 'weight_decay': 8.778101233251167e-05}, 'MLP': {'d_block': 256, 'd_in': 14, 'd_out': 6, 'dropout': 0.02868322485344796, 'n_blocks': 2}, 'ResMLP': {'d_block': 256, 'd_hidden': 3, 'd_hidden_multiplier': 2.629805792810099, 'd_in': 14, 'd_out': 6, 'dropout1': 0.42545138307167646, 'dropout2': 0.08020072326197547, 'n_blocks': 6}, 'SAINT': {'depth': 1, 'dim': 64, 'dropout': 0.2, 'heads': 4}, 'NODE': {'num_layers': 4, 'total_tree_count': 1024, 'tree_depth': 8, 'tree_output_dim': 3}}, 'Brazillian_Houses': {'FTTransformer': {'learning_rate': 0.00012882433392871884, 'weight_decay': 0.0006194542036721904}, 'MLP': {'d_block': 256, 'd_in': 17, 'd_out': 1095, 'dropout': 0.26456213654515587, 'n_blocks': 2}, 'ResMLP': {'d_block': 256, 'd_hidden': 9, 'd_hidden_multiplier': 2.8578552359643927, 'd_in': 17, 'd_out': 1095, 'dropout1': 0.05920170022592163, 'dropout2': 0.19030616663715155, 'n_blocks': 2}, 'SAINT': {'depth': 1, 'dim': 64, 'dropout': 0.3, 'heads': 8}, 'NODE': {'num_layers': 2, 'total_tree_count': 1024, 'tree_depth': 6, 'tree_output_dim': 3}}, 'Diamonds': {'FTTransformer': {'learning_rate': 0.00013457653890213615, 'weight_decay': 8.376325678211951e-05}, 'MLP': {'d_block': 256, 'd_in': 9, 'd_out': 13, 'dropout': 0.07787642217098255, 'n_blocks': 3}, 'ResMLP': {'d_block': 128, 'd_hidden': 5, 'd_hidden_multiplier': 1.6469990033121622, 'd_in': 9, 'd_out': 13, 'dropout1': 0.1279373990844757, 'dropout2': 0.09909622892506705, 'n_blocks': 6}, 'SAINT': {'depth': 6, 'dim': 128, 'dropout': 0.6, 'heads': 2}, 'NODE': {'num_layers': 4, 'total_tree_count': 2048, 'tree_depth': 6, 'tree_output_dim': 2}}, 'House_Prices_Nominal': {'FTTransformer': {'learning_rate': 0.0001991206295866777, 'weight_decay': 0.0025487180826797907}, 'MLP': {'d_block': 256, 'd_in': 109, 'd_out': 7, 'dropout': 0.10539334128428231, 'n_blocks': 2}, 'ResMLP': {'d_block': 256, 'd_hidden': 6, 'd_hidden_multiplier': 4.285524104220049, 'd_in': 109, 'd_out': 7, 'dropout1': 0.07419545585050902, 'dropout2': 0.058496662836731425, 'n_blocks': 6}, 'SAINT': {'depth': 1, 'dim': 128, 'dropout': 0.7, 'heads': 2}, 'NODE': {'num_layers': 4, 'total_tree_count': 2048, 'tree_depth': 6, 'tree_output_dim': 3}}, 'House_Sales': {'FTTransformer': {'learning_rate': 0.00250136728702011, 'weight_decay': 0.00011052492730016369}, 'MLP': {'d_block': 256, 'd_in': 90, 'd_out': 128, 'dropout': 0.10700449012979917, 'n_blocks': 4}, 'ResMLP': {'d_block': 256, 'd_hidden': 2, 'd_hidden_multiplier': 4.550168594755401, 'd_in': 90, 'd_out': 133, 'dropout1': 0.20737998960685675, 'dropout2': 0.03151442135910869, 'n_blocks': 5}, 'SAINT': {'depth': 6, 'dim': 256, 'dropout': 0.6, 'heads': 8}, 'NODE': {'num_layers': 8, 'total_tree_count': 2048, 'tree_depth': 8, 'tree_output_dim': 3}}, 'MIP': {'FTTransformer': {'learning_rate': 0.005340493024514428, 'weight_decay': 5.660990217872578e-06}, 'MLP': {'d_block': 64, 'd_in': 151, 'd_out': 67, 'dropout': 0.10823216670029355, 'n_blocks': 2}, 'ResMLP': {'d_block': 256, 'd_hidden': 10, 'd_hidden_multiplier': 3.5463105818248644, 'd_in': 151, 'd_out': 78, 'dropout1': 0.3740596836340417, 'dropout2': 0.14785999544988046, 'n_blocks': 4}, 'SAINT': {'depth': 3, 'dim': 32, 'dropout': 0.6, 'heads': 2}, 'NODE': {'num_layers': 8, 'total_tree_count': 1024, 'tree_depth': 8, 'tree_output_dim': 3}}, 'Mercedes_Benz': {'FTTransformer': {'learning_rate': 0.0004452048953174126, 'weight_decay': 1.7644038793799652e-06}, 'MLP': {'d_block': 256, 'd_in': 547, 'd_out': 18, 'dropout': 0.17946730470146646, 'n_blocks': 2}, 'ResMLP': {'d_block': 256, 'd_hidden': 4, 'd_hidden_multiplier': 2.8190447590303593, 'd_in': 547, 'd_out': 18, 'dropout1': 0.39853029839247645, 'dropout2': 0.23047013110182565, 'n_blocks': 5}, 'SAINT': {'depth': 1, 'dim': 32, 'dropout': 0, 'heads': 4}, 'NODE': {'num_layers': 8, 'total_tree_count': 1024, 'tree_depth': 8, 'tree_output_dim': 2}}, 'Moneyball': {'FTTransformer': {'learning_rate': 0.0001397623116786567, 'weight_decay': 3.198059991694104e-06}, 'MLP': {'d_block': 256, 'd_in': 48, 'd_out': 7, 'dropout': 0.2819627248207455, 'n_blocks': 2}, 'ResMLP': {'d_block': 256, 'd_hidden': 2, 'd_hidden_multiplier': 3.500563709434268, 'd_in': 48, 'd_out': 7, 'dropout1': 0.3191866936907723, 'dropout2': 0.17129324989277947, 'n_blocks': 6}, 'SAINT': {'depth': 3, 'dim': 32, 'dropout': 0.3, 'heads': 4}, 'NODE': {'num_layers': 8, 'total_tree_count': 2084, 'tree_depth': 6, 'tree_output_dim': 3}}, 'SAT11': {'FTTransformer': {'learning_rate': 8.719401475807713e-05, 'weight_decay': 0.0007004339745422863}, 'MLP': {'d_block': 128, 'd_in': 130, 'd_out': 3, 'dropout': 0.15064221648941228, 'n_blocks': 2}, 'ResMLP': {'d_block': 256, 'd_hidden': 6, 'd_hidden_multiplier': 3.226913030082402, 'd_in': 130, 'd_out': 3, 'dropout1': 0.4143262004883449, 'dropout2': 0.10671304592041092, 'n_blocks': 5}, 'SAINT': {'depth': 2, 'dim': 32, 'dropout': 0.6, 'heads': 2}, 'NODE': {'num_layers': 2, 'total_tree_count': 1024, 'tree_depth': 8, 'tree_output_dim': 3}}, 'Sensory': {'FTTransformer': {'learning_rate': 4.126150574320677e-05, 'weight_decay': 5.170169005303637e-05}, 'MLP': {'d_block': 128, 'd_in': 36, 'd_out': 5, 'dropout': 0.29860532918127847, 'n_blocks': 2}, 'ResMLP': {'d_block': 128, 'd_hidden': 4, 'd_hidden_multiplier': 1.80130923504725, 'd_in': 36, 'd_out': 5, 'dropout1': 0.228729597309105, 'dropout2': 0.22695309081109494, 'n_blocks': 5}, 'SAINT': {'depth': 1, 'dim': 128, 'dropout': 0, 'heads': 8}, 'NODE': {'num_layers': 4, 'total_tree_count': 1024, 'tree_depth': 6, 'tree_output_dim': 3}}, 'Socmob': {'FTTransformer': {'learning_rate': 0.00029650381259646087, 'weight_decay': 6.736378376679642e-05}, 'MLP': {'d_block': 256, 'd_in': 39, 'd_out': 40, 'dropout': 0.10461609715865526, 'n_blocks': 2}, 'ResMLP': {'d_block': 256, 'd_hidden': 4, 'd_hidden_multiplier': 4.543534401999215, 'd_in': 39, 'd_out': 40, 'dropout1': 0.115735614381013, 'dropout2': 0.018124882849134806, 'n_blocks': 3}, 'SAINT': {'depth': 1, 'dim': 64, 'dropout': 0.2, 'heads': 2}, 'NODE': {'num_layers': 2, 'total_tree_count': 2048, 'tree_depth': 6, 'tree_output_dim': 2}}}, save_results=False, scale=True, seed=221, shuffle=True, target_encode=False, use_gpu=True, val_batch_size=128, weighted_loss=False, y_distribution='skewed')
--- Running Nested Cross-Validation with Predefined Hyperparameters ---
Dataset: Diamonds, Model: ResMLP, Objective: probabilistic_regression
Loading dataset Diamonds...
Dataset loaded! 

(53940, 9)
Started Classification Module ...... 
~~~~~~~~~~~~~~~~~~~~~~~~~~~~~~~~~~~~~~~~~~~~~~~~~~~~~~~~~~~~~~~~~~~~~~~~~~~~~~~
TESTING MODEL
X_train shape: (26970, 9)
y_train shape: (26970,)
X_test shape: (26970, 9)
y_test shape: (26970,)
--- Test Run 1/3 ---
~~~~~~~~~~~~~~~~~~~~~~~~~~~~~~~~~~~~~~~~~~~~~~~~~~~~~~~~~~~~~~~~~~~~~~~~~~~~~~~
BEFORE ANY ENCODING
num_features :9
num_classes : 1
cat_idx : [0]
nominal_idx : None
ordinal_idx : [1, 2, 3]
num_idx : None
cat_dims : [2]
bin_alt : None 


X_train shape : (26970, 9)
~~~~~~~~~~~~~~~~~~~~~~~~~~~~~~~~~~~~~~~~~~~~~~~~~~~~~~~~~~~~~~~~~~~~~~~~~~~~~~~
~~~~~~~~~~~~~~~~~~~~~~~~~~~~~~~~~~~~~~~~~~~~~~~~~~~~~~~~~~~~~~~~~~~~~~~~~~~~~~~
AFTER getting cat idx
Nominal Index : None
Ordinal Index : [1, 2, 3]
Cat Idx : [0]
Cat dims : [2]
~~~~~~~~~~~~~~~~~~~~~~~~~~~~~~~~~~~~~~~~~~~~~~~~~~~~~~~~~~~~~~~~~~~~~~~~~~~~~~~
BEFORE getting cat idx
Nominal Index : None
Ordinal Index : [1, 2, 3]
Cat Idx : [1, 2, 3]
Cat dims : []
~~~~~~~~~~~~~~~~~~~~~~~~~~~~~~~~~~~~~~~~~~~~~~~~~~~~~~~~~~~~~~~~~~~~~~~~~~~~~~~ 


AFTER SEPARATING CATEGORICALS AND NUMERICALS
Ordinal Index : [1, 2, 3]
Numerical Index V1 : [0, 4, 5, 6, 7, 8]
Cat Idx V1 : [1, 2, 3] 
Cat Dims V1 : []
 

~~~~~~~~~~~~~~~~~~~~~~~~~~~~~~~~~~~~~~~~~~~~~~~~~~~~~~~~~~~~~~~~~~~~~~~~~~~~~~~ 


Scaling the data...
~~~~~~~~~~~~~~~~~~~~~~~~~~~~~~~~~~~~~~~~~~~~~~~~~~~~~~~~~~~~~~~~~~~~~~~~~~~~~~~
After OHE
Numerical Index V2 : [0, 4, 5, 6, 7, 8] 


OHE Idx : None


Ordinal Idx V2: [1, 2, 3]


Cat Dims V2 : []
Cat Idx V2 : [1, 2, 3] 
 

Train: [[-1.0312465958642894 'Premium' 'F' 'VS2' -1.3914642067868344]
 [-0.8630356015874402 'Ideal' 'E' 'VS1' 0.6590666052799928]
 [-0.9261147244412586 'Ideal' 'D' 'VS1' 0.04390736165994083]
 [0.23033586121207822 'Very Good' 'H' 'SI1' 1.1375237947622496]
 [-0.9471410987258648 'Ideal' 'E' 'VS1' -0.16114571954673995]
 [-0.6317454844567729 'Fair' 'J' 'VS1' 3.4614587151046528]
 [-0.10608612734161982 'Very Good' 'G' 'SI1' 0.385662497004412]
 [1.0713908325963233 'Premium' 'I' 'VS1' 0.7274176323488832]
 [0.23033586121207822 'Premium' 'D' 'SI2' -0.5029008548912112]
 [0.06212486693522908 'Premium' 'F' 'VS2' 0.18060941579773127]] 
 
 
Val : (26970, 9) 
 

~~~~~~~~~~~~~~~~~~~~~~~~~~~~~~~~~~~~~~~~~~~~~~~~~~~~~~~~~~~~~~~~~~~~~~~~~~~~~~~
Ordinal Encoding...
Cat Idx V3 : [1, 2, 3] 
 

~~~~~~~~~~~~~~~~~~~~~~~~~~~~~~~~~~~~~~~~~~~~~~~~~~~~~~~~~~~~~~~~~~~~~~~~~~~~~~~
After ORDINAL
Numerical Index V2 : [0, 4, 5, 6, 7, 8] 


OHE Idx : None


Ordinal Idx V2: [1, 2, 3]


Cat Dims V2 : [6, 8, 9]
Cat Idx V2 : [1, 2, 3] 
 

Train: [[-1.0312465958642894 4 5 4 -1.3914642067868344 0.23443846581166713
  -1.1227676538046565 -1.0832619142484197 -1.2002816495058104]
 [-0.8630356015874402 5 6 5 0.6590666052799928 -1.7242716923856052
  -0.953249960912705 -0.8689788623005529 -0.8336195018893446]
 [-0.9261147244412586 5 7 5 0.04390736165994083 -1.1010457329592007
  -1.0335478154404716 -0.9926036999627836 -0.9830003768442015]
 [0.23033586121207822 3 3 3 1.1375237947622496 -1.1010457329592007
  0.3939695983864929 0.3343028909451579 0.49722829316301226]
 [-0.9471410987258648 5 6 5 -0.16114571954673995 -0.21072293377862217
  -1.0603137669497273 -1.0090870116510815 -1.023740615468253]
 [-0.6317454844567729 1 1 5 3.4614587151046528 -0.21072293377862217
  -0.7569663165114975 -0.7453540246383227 -0.39905695656612633]
 [-0.10608612734161982 3 4 3 0.385662497004412 -1.1010457329592007
  0.0638561964390072 0.08705321562069622 0.11698606600519564]
 [1.0713908325963233 4 2 5 0.7274176323488832 -0.21072293377862217
  1.107728305299976 0.9524270792563108 1.1083318725237887]
 [0.23033586121207822 4 7 2 -0.5029008548912112 1.569922664582535
  0.44750150140500455 0.34254454678930646 0.32068725912545426]
 [0.06212486693522908 4 5 4 0.18060941579773127 0.6795998654019564
  0.23337388933095962 0.17771142990633224 0.22562670233600038]] 
 
 
Val : (26970, 9) 
 

FINISHED ENCODING
~~~~~~~~~~~~~~~~~~~~~~~~~~~~~~~~~~~~~~~~~~~~~~~~~~~~~~~~~~~~~~~~~~~~~~~~~~~~~~~


~~~~~~~~~~~~~~~~~~~~~~~~~~~~~~~~~~~~~~~~~~~~~~~~~~~~~~~~~~~~~~~~~~~~~~~~~~~~~~~
Test numpy array issues
X dtype: object
X Val dtype: object
X dtype: float32
X Val dtype: float32
After encoding : : WE ARE IN TRAIN.PY
~~~~~~~~~~~~~~~~~~~~~~~~~~~~~~~~~~~~~~~~~~~~~~~~~~~~~~~~~~~~~~~~~~~~~~~~~~~~~~~
num_features :9
num_classes : 1
cat_idx : [1, 2, 3]
nominal_idx : None
ordinal_idx : [1, 2, 3]
num_idx : [0, 4, 5, 6, 7, 8]
cat_dims : [6, 8, 9]
~~~~~~~~~~~~~~~~~~~~~~~~~~~~~~~~~~~~~~~~~~~~~~~~~~~~~~~~~~~~~~~~~~~~~~~~~~~~~~~


~~~~~~~~~~~~~~~~~~~~~~~~~~~~~~~~~~~~~~~~~~~~~~~~~~~~~~~~~~~~~~~~~~~~~~~~~~~~~~~
BINNING INIT
Number of bins: 13
Number of Classes B4 Bin Verifier: 13
Unique values in y: (array([ 0.,  1.,  2.,  3.,  4.,  5.,  6.,  7.,  8.,  9., 10., 11., 12.]), 13)
Unique values in y_val: (array([ 0.,  1.,  2.,  3.,  4.,  5.,  6.,  7.,  8.,  9., 10., 11., 12.]), 13)
No need to shift labels.
VERIFY SHIFT
Y shape : (26970,) , Y_val shape : (26970,)
Train after shift : [ 0  1  2  3  4  5  6  7  8  9 10 11 12], Length : 13
Number of Classes After Bin Verifier: 13 


BINNING END
~~~~~~~~~~~~~~~~~~~~~~~~~~~~~~~~~~~~~~~~~~~~~~~~~~~~~~~~~~~~~~~~~~~~~~~~~~~~~~~ 


In get_device
On Device: cuda
{'d_block': 128, 'd_hidden': 5, 'd_hidden_multiplier': 1.6469990033121622, 'd_in': 9, 'd_out': 13, 'dropout1': 0.1279373990844757, 'dropout2': 0.09909622892506705, 'n_blocks': 6}
Types in B4 Model
X : <class 'numpy.ndarray'>, y : <class 'numpy.ndarray'>, X : <class 'numpy.ndarray'>, X : <class 'numpy.ndarray'> 

In fit Nump iss
X : <class 'torch.Tensor'>, y : <class 'torch.Tensor'>, X : <class 'torch.Tensor'>, X : <class 'torch.Tensor'> 

State of save is True b4 loss saving
Saving loss to file: output/ResMLP/Diamonds/logging/loss_0.txt
Log file exists at: output/ResMLP/Diamonds/logging/loss_0.txt
File name : output/ResMLP/Diamonds/logging/loss_0.txt . The file was saved
Saving loss to file: output/ResMLP/Diamonds/logging/test_loss_0.txt
Log file exists at: output/ResMLP/Diamonds/logging/test_loss_0.txt
File name : output/ResMLP/Diamonds/logging/test_loss_0.txt . The file was saved
Saved Losses and Regularization
±±±±±±±±±±±±±±±±±±±±±±±±±±±±±±±±±±±±±±±±±±±±±±±±±±±±±±±±±±±±±±±±±±±±±±±±±±± 

B4 Evaluation
Number of classes : 13
Class labels : [0, 1, 2, 3, 4, 5, 6, 7, 8, 9, 10, 11, 12]
Unique y_true : 13
Unique train : 13

Prediction shape : (26970,)
±±±±±±±±±±±±±±±±±±±±±±±±±±±±±±±±±±±±±±±±±±±±±±±±±±±±±±±±±±±±±±±±±±±±±±±±±±± 

In the gulag
--- Test Run 2/3 ---
~~~~~~~~~~~~~~~~~~~~~~~~~~~~~~~~~~~~~~~~~~~~~~~~~~~~~~~~~~~~~~~~~~~~~~~~~~~~~~~
BEFORE ANY ENCODING
num_features :9
num_classes : 1
cat_idx : [0]
nominal_idx : None
ordinal_idx : [1, 2, 3]
num_idx : None
cat_dims : [2]
bin_alt : None 


X_train shape : (26970, 9)
~~~~~~~~~~~~~~~~~~~~~~~~~~~~~~~~~~~~~~~~~~~~~~~~~~~~~~~~~~~~~~~~~~~~~~~~~~~~~~~
~~~~~~~~~~~~~~~~~~~~~~~~~~~~~~~~~~~~~~~~~~~~~~~~~~~~~~~~~~~~~~~~~~~~~~~~~~~~~~~
AFTER getting cat idx
Nominal Index : None
Ordinal Index : [1, 2, 3]
Cat Idx : [0]
Cat dims : [2]
~~~~~~~~~~~~~~~~~~~~~~~~~~~~~~~~~~~~~~~~~~~~~~~~~~~~~~~~~~~~~~~~~~~~~~~~~~~~~~~
BEFORE getting cat idx
Nominal Index : None
Ordinal Index : [1, 2, 3]
Cat Idx : [1, 2, 3]
Cat dims : []
~~~~~~~~~~~~~~~~~~~~~~~~~~~~~~~~~~~~~~~~~~~~~~~~~~~~~~~~~~~~~~~~~~~~~~~~~~~~~~~ 


AFTER SEPARATING CATEGORICALS AND NUMERICALS
Ordinal Index : [1, 2, 3]
Numerical Index V1 : [0, 4, 5, 6, 7, 8]
Cat Idx V1 : [1, 2, 3] 
Cat Dims V1 : []
 

~~~~~~~~~~~~~~~~~~~~~~~~~~~~~~~~~~~~~~~~~~~~~~~~~~~~~~~~~~~~~~~~~~~~~~~~~~~~~~~ 


Scaling the data...
~~~~~~~~~~~~~~~~~~~~~~~~~~~~~~~~~~~~~~~~~~~~~~~~~~~~~~~~~~~~~~~~~~~~~~~~~~~~~~~
After OHE
Numerical Index V2 : [0, 4, 5, 6, 7, 8] 


OHE Idx : None


Ordinal Idx V2: [1, 2, 3]


Cat Dims V2 : []
Cat Idx V2 : [1, 2, 3] 
 

Train: [[-0.15936611468710365 'Ideal' 'E' 'SI1' 0.3870165129330276]
 [0.8540986608637536 'Good' 'J' 'VS2' 1.7843545077660594]
 [-1.003920094312818 'Ideal' 'E' 'VS1' -1.2897890808666097]
 [-0.5394154055186751 'Ideal' 'E' 'VS2' -0.5212531837084412]
 [0.24179702563511085 'Ideal' 'G' 'SI2' 0.3870165129330276]
 [0.4529355205415394 'Premium' 'F' 'VS2' -1.7788573790581679]
 [-0.5183015560280322 'Ideal' 'E' 'SI1' -0.5911200834500938]
 [-1.046147793294104 'Good' 'F' 'IF' -2.0583249780247783]
 [-0.5816431044999608 'Premium' 'D' 'SI1' -1.42952288034991]
 [-0.5183015560280322 'Very Good' 'E' 'SI1' -2.267925677249731]] 
 
 
Val : (26970, 9) 
 

~~~~~~~~~~~~~~~~~~~~~~~~~~~~~~~~~~~~~~~~~~~~~~~~~~~~~~~~~~~~~~~~~~~~~~~~~~~~~~~
Ordinal Encoding...
Cat Idx V3 : [1, 2, 3] 
 

~~~~~~~~~~~~~~~~~~~~~~~~~~~~~~~~~~~~~~~~~~~~~~~~~~~~~~~~~~~~~~~~~~~~~~~~~~~~~~~
After ORDINAL
Numerical Index V2 : [0, 4, 5, 6, 7, 8] 


OHE Idx : None


Ordinal Idx V2: [1, 2, 3]


Cat Dims V2 : [6, 8, 9]
Cat Idx V2 : [1, 2, 3] 
 

Train: [[-0.15936611468710365 5 6 3 0.3870165129330276 -0.2043879315588586
  -0.02244145904506774 0.02900414920123913 0.049105930502255486]
 [0.8540986608637536 2 1 4 1.7843545077660594 -0.6556829099978029
  0.8234962236431679 0.7484581480039159 0.9983371537319441]
 [-1.003920094312818 5 6 5 -1.2897890808666097 -1.1069778884367472
  -1.12661275013287 -1.09902866373629 -1.1932702293130715]
 [-0.5394154055186751 5 6 4 -0.5212531837084412 -0.6556829099978029
  -0.39643496086512964 -0.4239854056004458 -0.453428246501697]
 [0.24179702563511085 5 4 2 0.3870165129330276 -0.6556829099978029
  0.40497968589214556 0.4375829633360923 0.45392512864432855]
 [0.4529355205415394 4 5 4 -1.7788573790581679 1.1494970037579744
  0.725545544595056 0.6951652592037172 0.45392512864432855]
 [-0.5183015560280322 5 6 3 -0.5911200834500938 -0.6556829099978029
  -0.3608165321203618 -0.3973389612003464 -0.4255096811125885]
 [-1.046147793294104 2 5 8 -2.0583249780247783 1.6007919821969185
  -1.2245634291809817 -1.1878501450699543 -1.3468223389531686]
 [-0.5816431044999608 4 7 3 -1.42952288034991 1.1494970037579744
  -0.414244175237514 -0.4772782944006437 -0.5790617907526849]
 [-0.5183015560280322 3 6 3 -2.267925677249731 3.4059718959526957
  -0.35191192493417006 -0.308517479866683 -0.565102508058131]] 
 
 
Val : (26970, 9) 
 

FINISHED ENCODING
~~~~~~~~~~~~~~~~~~~~~~~~~~~~~~~~~~~~~~~~~~~~~~~~~~~~~~~~~~~~~~~~~~~~~~~~~~~~~~~


~~~~~~~~~~~~~~~~~~~~~~~~~~~~~~~~~~~~~~~~~~~~~~~~~~~~~~~~~~~~~~~~~~~~~~~~~~~~~~~
Test numpy array issues
X dtype: object
X Val dtype: object
X dtype: float32
X Val dtype: float32
After encoding : : WE ARE IN TRAIN.PY
~~~~~~~~~~~~~~~~~~~~~~~~~~~~~~~~~~~~~~~~~~~~~~~~~~~~~~~~~~~~~~~~~~~~~~~~~~~~~~~
num_features :9
num_classes : 1
cat_idx : [1, 2, 3]
nominal_idx : None
ordinal_idx : [1, 2, 3]
num_idx : [0, 4, 5, 6, 7, 8]
cat_dims : [6, 8, 9]
~~~~~~~~~~~~~~~~~~~~~~~~~~~~~~~~~~~~~~~~~~~~~~~~~~~~~~~~~~~~~~~~~~~~~~~~~~~~~~~


~~~~~~~~~~~~~~~~~~~~~~~~~~~~~~~~~~~~~~~~~~~~~~~~~~~~~~~~~~~~~~~~~~~~~~~~~~~~~~~
BINNING INIT
Number of bins: 13
Number of Classes B4 Bin Verifier: 13
Unique values in y: (array([ 0.,  1.,  2.,  3.,  4.,  5.,  6.,  7.,  8.,  9., 10., 11., 12.]), 13)
Unique values in y_val: (array([ 0.,  1.,  2.,  3.,  4.,  5.,  6.,  7.,  8.,  9., 10., 11., 12.]), 13)
No need to shift labels.
VERIFY SHIFT
Y shape : (26970,) , Y_val shape : (26970,)
Train after shift : [ 0  1  2  3  4  5  6  7  8  9 10 11 12], Length : 13
Number of Classes After Bin Verifier: 13 


BINNING END
~~~~~~~~~~~~~~~~~~~~~~~~~~~~~~~~~~~~~~~~~~~~~~~~~~~~~~~~~~~~~~~~~~~~~~~~~~~~~~~ 


In get_device
On Device: cuda
{'d_block': 128, 'd_hidden': 5, 'd_hidden_multiplier': 1.6469990033121622, 'd_in': 9, 'd_out': 13, 'dropout1': 0.1279373990844757, 'dropout2': 0.09909622892506705, 'n_blocks': 6}
Types in B4 Model
X : <class 'numpy.ndarray'>, y : <class 'numpy.ndarray'>, X : <class 'numpy.ndarray'>, X : <class 'numpy.ndarray'> 

In fit Nump iss
X : <class 'torch.Tensor'>, y : <class 'torch.Tensor'>, X : <class 'torch.Tensor'>, X : <class 'torch.Tensor'> 

State of save is True b4 loss saving
Saving loss to file: output/ResMLP/Diamonds/logging/loss_1.txt
Log file exists at: output/ResMLP/Diamonds/logging/loss_1.txt
File name : output/ResMLP/Diamonds/logging/loss_1.txt . The file was saved
Saving loss to file: output/ResMLP/Diamonds/logging/test_loss_1.txt
Log file exists at: output/ResMLP/Diamonds/logging/test_loss_1.txt
File name : output/ResMLP/Diamonds/logging/test_loss_1.txt . The file was saved
Saved Losses and Regularization
±±±±±±±±±±±±±±±±±±±±±±±±±±±±±±±±±±±±±±±±±±±±±±±±±±±±±±±±±±±±±±±±±±±±±±±±±±± 

B4 Evaluation
Number of classes : 13
Class labels : [0, 1, 2, 3, 4, 5, 6, 7, 8, 9, 10, 11, 12]
Unique y_true : 13
Unique train : 13

Prediction shape : (26970,)
±±±±±±±±±±±±±±±±±±±±±±±±±±±±±±±±±±±±±±±±±±±±±±±±±±±±±±±±±±±±±±±±±±±±±±±±±±± 

In the gulag
--- Test Run 3/3 ---
~~~~~~~~~~~~~~~~~~~~~~~~~~~~~~~~~~~~~~~~~~~~~~~~~~~~~~~~~~~~~~~~~~~~~~~~~~~~~~~
BEFORE ANY ENCODING
num_features :9
num_classes : 1
cat_idx : [0]
nominal_idx : None
ordinal_idx : [1, 2, 3]
num_idx : None
cat_dims : [2]
bin_alt : None 


X_train shape : (26970, 9)
~~~~~~~~~~~~~~~~~~~~~~~~~~~~~~~~~~~~~~~~~~~~~~~~~~~~~~~~~~~~~~~~~~~~~~~~~~~~~~~
~~~~~~~~~~~~~~~~~~~~~~~~~~~~~~~~~~~~~~~~~~~~~~~~~~~~~~~~~~~~~~~~~~~~~~~~~~~~~~~
AFTER getting cat idx
Nominal Index : None
Ordinal Index : [1, 2, 3]
Cat Idx : [0]
Cat dims : [2]
~~~~~~~~~~~~~~~~~~~~~~~~~~~~~~~~~~~~~~~~~~~~~~~~~~~~~~~~~~~~~~~~~~~~~~~~~~~~~~~
BEFORE getting cat idx
Nominal Index : None
Ordinal Index : [1, 2, 3]
Cat Idx : [1, 2, 3]
Cat dims : []
~~~~~~~~~~~~~~~~~~~~~~~~~~~~~~~~~~~~~~~~~~~~~~~~~~~~~~~~~~~~~~~~~~~~~~~~~~~~~~~ 


AFTER SEPARATING CATEGORICALS AND NUMERICALS
Ordinal Index : [1, 2, 3]
Numerical Index V1 : [0, 4, 5, 6, 7, 8]
Cat Idx V1 : [1, 2, 3] 
Cat Dims V1 : []
 

~~~~~~~~~~~~~~~~~~~~~~~~~~~~~~~~~~~~~~~~~~~~~~~~~~~~~~~~~~~~~~~~~~~~~~~~~~~~~~~ 


Scaling the data...
~~~~~~~~~~~~~~~~~~~~~~~~~~~~~~~~~~~~~~~~~~~~~~~~~~~~~~~~~~~~~~~~~~~~~~~~~~~~~~~
After OHE
Numerical Index V2 : [0, 4, 5, 6, 7, 8] 


OHE Idx : None


Ordinal Idx V2: [1, 2, 3]


Cat Dims V2 : []
Cat Idx V2 : [1, 2, 3] 
 

Train: [[-0.1961268962390741 'Very Good' 'F' 'VS1' 0.7376356572860024]
 [0.504143089967492 'Ideal' 'G' 'SI1' -0.44601910223388774]
 [-1.0024983955072408 'Ideal' 'J' 'VS2' 0.38950190448603383]
 [-0.8327359746086794 'Premium' 'D' 'SI2' 0.11099490224605997]
 [-1.0449390007318813 'Premium' 'G' 'VS1' -0.6548993539138719]
 [-1.0449390007318813 'Very Good' 'E' 'VS2' 0.8072624078459971]
 [0.5890243004167729 'Ideal' 'J' 'VS2' -0.028258598873924484]
 [-1.0024983955072408 'Ideal' 'E' 'VS2' 0.11099490224605997]
 [2.6261733511995096 'Ideal' 'J' 'SI2' 1.0161426595259813]
 [1.6075988258081415 'Premium' 'J' 'SI1' 0.5287554056060232]] 
 
 
Val : (26970, 9) 
 

~~~~~~~~~~~~~~~~~~~~~~~~~~~~~~~~~~~~~~~~~~~~~~~~~~~~~~~~~~~~~~~~~~~~~~~~~~~~~~~
Ordinal Encoding...
Cat Idx V3 : [1, 2, 3] 
 

~~~~~~~~~~~~~~~~~~~~~~~~~~~~~~~~~~~~~~~~~~~~~~~~~~~~~~~~~~~~~~~~~~~~~~~~~~~~~~~
After ORDINAL
Numerical Index V2 : [0, 4, 5, 6, 7, 8] 


OHE Idx : None


Ordinal Idx V2: [1, 2, 3]


Cat Dims V2 : [6, 8, 9]
Cat Idx V2 : [1, 2, 3] 
 

Train: [[-0.1961268962390741 3 5 5 0.7376356572860024 0.683466510628441
  -0.062174095407712425 -0.02861210960425523 0.042512994055782696]
 [0.504143089967492 5 4 3 -0.44601910223388774 -0.21123084755203
  0.7727199691187706 0.7318023523850808 0.6937707439554426]
 [-1.0024983955072408 5 1 4 0.38950190448603383 -0.9717236020054316
  -1.2202529591057376 -1.209491038811225 -1.1731681390902495]
 [-0.8327359746086794 4 7 2 0.11099490224605997 0.2361178315382055
  -0.9060455154667388 -0.8874331490275058 -0.8837202502459565]
 [-1.0449390007318813 4 4 5 -0.6548993539138719 1.5781638688089121
  -1.2382076701708238 -1.2631673537751786 -1.3034196890701821]
 [-1.0449390007318813 3 6 4 0.8072624078459971 0.2361178315382055
  -1.3010491588986237 -1.2631673537751786 -1.202112927974679]
 [0.5890243004167729 5 1 4 -0.028258598873924484 0.2361178315382055
  0.7727199691187706 0.7407484048790729 0.7516603217243013]
 [-1.0024983955072408 5 6 4 0.11099490224605997 -0.6585795266422655
  -1.2202529591057376 -1.1826528813292483 -1.1876405335324645]
 [2.6261733511995096 5 1 2 1.0161426595259813 -1.105928205732501
  2.03852709920731 2.064764173989917 2.213372160387983]
 [1.6075988258081415 4 1 3 0.5287554056060232 0.2361178315382055
  1.4729537006571116 1.5011628668684098 1.5621144104883236]] 
 
 
Val : (26970, 9) 
 

FINISHED ENCODING
~~~~~~~~~~~~~~~~~~~~~~~~~~~~~~~~~~~~~~~~~~~~~~~~~~~~~~~~~~~~~~~~~~~~~~~~~~~~~~~


~~~~~~~~~~~~~~~~~~~~~~~~~~~~~~~~~~~~~~~~~~~~~~~~~~~~~~~~~~~~~~~~~~~~~~~~~~~~~~~
Test numpy array issues
X dtype: object
X Val dtype: object
X dtype: float32
X Val dtype: float32
After encoding : : WE ARE IN TRAIN.PY
~~~~~~~~~~~~~~~~~~~~~~~~~~~~~~~~~~~~~~~~~~~~~~~~~~~~~~~~~~~~~~~~~~~~~~~~~~~~~~~
num_features :9
num_classes : 1
cat_idx : [1, 2, 3]
nominal_idx : None
ordinal_idx : [1, 2, 3]
num_idx : [0, 4, 5, 6, 7, 8]
cat_dims : [6, 8, 9]
~~~~~~~~~~~~~~~~~~~~~~~~~~~~~~~~~~~~~~~~~~~~~~~~~~~~~~~~~~~~~~~~~~~~~~~~~~~~~~~


~~~~~~~~~~~~~~~~~~~~~~~~~~~~~~~~~~~~~~~~~~~~~~~~~~~~~~~~~~~~~~~~~~~~~~~~~~~~~~~
BINNING INIT
Number of bins: 13
Number of Classes B4 Bin Verifier: 13
Unique values in y: (array([ 0.,  1.,  2.,  3.,  4.,  5.,  6.,  7.,  8.,  9., 10., 11., 12.]), 13)
Unique values in y_val: (array([ 0.,  1.,  2.,  3.,  4.,  5.,  6.,  7.,  8.,  9., 10., 11., 12.]), 13)
No need to shift labels.
VERIFY SHIFT
Y shape : (26970,) , Y_val shape : (26970,)
Train after shift : [ 0  1  2  3  4  5  6  7  8  9 10 11 12], Length : 13
Number of Classes After Bin Verifier: 13 


BINNING END
~~~~~~~~~~~~~~~~~~~~~~~~~~~~~~~~~~~~~~~~~~~~~~~~~~~~~~~~~~~~~~~~~~~~~~~~~~~~~~~ 


In get_device
On Device: cuda
{'d_block': 128, 'd_hidden': 5, 'd_hidden_multiplier': 1.6469990033121622, 'd_in': 9, 'd_out': 13, 'dropout1': 0.1279373990844757, 'dropout2': 0.09909622892506705, 'n_blocks': 6}
Types in B4 Model
X : <class 'numpy.ndarray'>, y : <class 'numpy.ndarray'>, X : <class 'numpy.ndarray'>, X : <class 'numpy.ndarray'> 

In fit Nump iss
X : <class 'torch.Tensor'>, y : <class 'torch.Tensor'>, X : <class 'torch.Tensor'>, X : <class 'torch.Tensor'> 

State of save is True b4 loss saving
Saving loss to file: output/ResMLP/Diamonds/logging/loss_2.txt
Log file exists at: output/ResMLP/Diamonds/logging/loss_2.txt
File name : output/ResMLP/Diamonds/logging/loss_2.txt . The file was saved
Saving loss to file: output/ResMLP/Diamonds/logging/test_loss_2.txt
Log file exists at: output/ResMLP/Diamonds/logging/test_loss_2.txt
File name : output/ResMLP/Diamonds/logging/test_loss_2.txt . The file was saved
Saved Losses and Regularization
±±±±±±±±±±±±±±±±±±±±±±±±±±±±±±±±±±±±±±±±±±±±±±±±±±±±±±±±±±±±±±±±±±±±±±±±±±± 

B4 Evaluation
Number of classes : 13
Class labels : [0, 1, 2, 3, 4, 5, 6, 7, 8, 9, 10, 11, 12]
Unique y_true : 13
Unique train : 13

Prediction shape : (26970,)
±±±±±±±±±±±±±±±±±±±±±±±±±±±±±±±±±±±±±±±±±±±±±±±±±±±±±±±±±±±±±±±±±±±±±±±±±±± 

In the gulag
MSE SCORES: [512794.5134996985, 519179.4482709537, 545501.6251137715], R2 SCORES: [0.9678973068199329, 0.9674975880309438, 0.9658497295910212]
Saving model.....
Results After CV: {'MSE - mean': 525825.1956281412, 'MSE - std': 14155.405468949113, 'R2 - mean': 0.9670815414806326, 'R2 - std': 0.0008861768732816133}
Train time: 2.785288866333333
Inference time: 0.08826237833333354
Finished cross validation
Visualizing Happening
Type of task : test
Train Loss Length: 185, Test Loss Length: 185, epochs: 185, min_idx: 185
Train Loss Length: 206, Test Loss Length: 206, epochs: 206, min_idx: 206
Train Loss Length: 166, Test Loss Length: 166, epochs: 166, min_idx: 166
Plots saved successfully!

--- Testin on Final Model Finished ---
Aggregated Results: {'MSE - mean': 525825.1956281412, 'MSE - std': 14155.405468949113, 'R2 - mean': 0.9670815414806326, 'R2 - std': 0.0008861768732816133}
Avg Outer Fold Train Time: 2.7853 sec
Avg Outer Fold Inference Time: 0.0883 sec


----------------------------------------------------------------------------
Training ResMLP Vesion 1 with Dataset: config/house_prices_nominal.yml 



----------------------------------------------------------------------------
Running Mode: Nested CV with Predefined Hyperparameters
Arguements: Namespace(batch_size=64, best_params_file='config/best_params.yml', bin_alt=None, cat_dims=[2], cat_idx=[0], class_comp=True, config='config/house_prices_nominal.yml', data_parallel=False, dataset='House_Prices_Nominal', direction='minimize', dropna_idx=[0], early_stopping_rounds=20, epochs=100, frequency_reg=False, gpu_ids=[0, 1], logging_period=100, miss_cat_idx=[6, 25, 30, 31, 32, 33, 35, 42, 57, 58, 60, 63, 64, 72, 73, 74], miss_num_idx=[3, 26, 59], model_name='ResMLP', n_trials=100, nominal_idx=[2, 7, 12], num_bins=10, num_classes=1, num_features=80, num_idx=None, num_splits=5, objective='probabilistic_regression', one_hot_encode=True, optimize_hyperparameters=False, ordinal_encode=True, ordinal_idx=[5, 6, 8, 9, 10, 11, 13, 14, 15, 16, 21, 22, 23, 24, 25, 27, 28, 29, 30, 31, 32, 33, 35, 39, 40, 41, 42, 53, 55, 57, 58, 60, 63, 64, 65, 72, 73, 74, 78, 79], outer_splits=3, parameters={'Abalone': {'CatBoost': {'iterations': 100, 'l2_leaf_reg': 1.2142895041234418, 'learning_rate': 0.1780973833308435, 'max_depth': 4, 'od_type': 'Iter', 'od_wait': 20, 'verbose': 100}, 'FTTransformer': {'learning_rate': 0.0026312292554662967, 'weight_decay': 0.000741227822541328}, 'MLP': {'d_block': 256, 'd_in': 10, 'd_out': 7, 'dropout': 0.045537479089527655, 'n_blocks': 4}, 'ResMLP': {'d_block': 256, 'd_hidden': 5, 'd_hidden_multiplier': 2.070874813204879, 'd_in': 10, 'd_out': 7, 'dropout1': 0.2767197595784706, 'dropout2': 0.1295421415138883, 'n_blocks': 6}, 'SAINT': {'depth': 3, 'dim': 128, 'dropout': 0.8, 'heads': 4}, 'NODE': {'num_layers': 8, 'total_tree_count': 2048, 'tree_depth': 8, 'tree_output_dim': 3}}, 'Allstate_Claims': {'FTTransformer': {'learning_rate': 0.00014266378836134144, 'weight_decay': 7.973049353626902e-05}, 'MLP': {'d_block': 256, 'd_in': 1093, 'd_out': 311, 'dropout': 0.12920563775872115, 'n_blocks': 6}, 'ResMLP': {'d_block': 128, 'd_hidden': 8, 'd_hidden_multiplier': 1.3701994442389223, 'd_in': 1093, 'd_out': 311, 'dropout1': 0.38528007263059155, 'dropout2': 0.15678728297998543, 'n_blocks': 3}, 'SAINT': {'depth': 3, 'dim': 64, 'dropout': 0.7, 'heads': 4}, 'NODE': {'num_layers': 8, 'total_tree_count': 2048, 'tree_depth': 8, 'tree_output_dim': 3}}, 'Black_Friday': {'MLP': {'d_block': 256, 'd_in': 75, 'd_out': 36, 'dropout': 0.28716314068720666, 'n_blocks': 3}, 'ResMLP': {'d_block': 256, 'd_hidden': 5, 'd_hidden_multiplier': 3.1295693022802924, 'd_in': 75, 'd_out': 36, 'dropout1': 0.31999331016593385, 'dropout2': 0.17961742655097668, 'n_blocks': 4}, 'SAINT': {'depth': 3, 'dim': 64, 'dropout': 0.1, 'heads': 2}, 'NODE': {'num_layers': 4, 'total_tree_count': 1024, 'tree_depth': 8, 'tree_output_dim': 2}}, 'Boston': {'FTTransformer': {'learning_rate': 0.0003038703893093738, 'weight_decay': 8.778101233251167e-05}, 'MLP': {'d_block': 256, 'd_in': 14, 'd_out': 6, 'dropout': 0.02868322485344796, 'n_blocks': 2}, 'ResMLP': {'d_block': 256, 'd_hidden': 3, 'd_hidden_multiplier': 2.629805792810099, 'd_in': 14, 'd_out': 6, 'dropout1': 0.42545138307167646, 'dropout2': 0.08020072326197547, 'n_blocks': 6}, 'SAINT': {'depth': 1, 'dim': 64, 'dropout': 0.2, 'heads': 4}, 'NODE': {'num_layers': 4, 'total_tree_count': 1024, 'tree_depth': 8, 'tree_output_dim': 3}}, 'Brazillian_Houses': {'FTTransformer': {'learning_rate': 0.00012882433392871884, 'weight_decay': 0.0006194542036721904}, 'MLP': {'d_block': 256, 'd_in': 17, 'd_out': 1095, 'dropout': 0.26456213654515587, 'n_blocks': 2}, 'ResMLP': {'d_block': 256, 'd_hidden': 9, 'd_hidden_multiplier': 2.8578552359643927, 'd_in': 17, 'd_out': 1095, 'dropout1': 0.05920170022592163, 'dropout2': 0.19030616663715155, 'n_blocks': 2}, 'SAINT': {'depth': 1, 'dim': 64, 'dropout': 0.3, 'heads': 8}, 'NODE': {'num_layers': 2, 'total_tree_count': 1024, 'tree_depth': 6, 'tree_output_dim': 3}}, 'Diamonds': {'FTTransformer': {'learning_rate': 0.00013457653890213615, 'weight_decay': 8.376325678211951e-05}, 'MLP': {'d_block': 256, 'd_in': 9, 'd_out': 13, 'dropout': 0.07787642217098255, 'n_blocks': 3}, 'ResMLP': {'d_block': 128, 'd_hidden': 5, 'd_hidden_multiplier': 1.6469990033121622, 'd_in': 9, 'd_out': 13, 'dropout1': 0.1279373990844757, 'dropout2': 0.09909622892506705, 'n_blocks': 6}, 'SAINT': {'depth': 6, 'dim': 128, 'dropout': 0.6, 'heads': 2}, 'NODE': {'num_layers': 4, 'total_tree_count': 2048, 'tree_depth': 6, 'tree_output_dim': 2}}, 'House_Prices_Nominal': {'FTTransformer': {'learning_rate': 0.0001991206295866777, 'weight_decay': 0.0025487180826797907}, 'MLP': {'d_block': 256, 'd_in': 109, 'd_out': 7, 'dropout': 0.10539334128428231, 'n_blocks': 2}, 'ResMLP': {'d_block': 256, 'd_hidden': 6, 'd_hidden_multiplier': 4.285524104220049, 'd_in': 109, 'd_out': 7, 'dropout1': 0.07419545585050902, 'dropout2': 0.058496662836731425, 'n_blocks': 6}, 'SAINT': {'depth': 1, 'dim': 128, 'dropout': 0.7, 'heads': 2}, 'NODE': {'num_layers': 4, 'total_tree_count': 2048, 'tree_depth': 6, 'tree_output_dim': 3}}, 'House_Sales': {'FTTransformer': {'learning_rate': 0.00250136728702011, 'weight_decay': 0.00011052492730016369}, 'MLP': {'d_block': 256, 'd_in': 90, 'd_out': 128, 'dropout': 0.10700449012979917, 'n_blocks': 4}, 'ResMLP': {'d_block': 256, 'd_hidden': 2, 'd_hidden_multiplier': 4.550168594755401, 'd_in': 90, 'd_out': 133, 'dropout1': 0.20737998960685675, 'dropout2': 0.03151442135910869, 'n_blocks': 5}, 'SAINT': {'depth': 6, 'dim': 256, 'dropout': 0.6, 'heads': 8}, 'NODE': {'num_layers': 8, 'total_tree_count': 2048, 'tree_depth': 8, 'tree_output_dim': 3}}, 'MIP': {'FTTransformer': {'learning_rate': 0.005340493024514428, 'weight_decay': 5.660990217872578e-06}, 'MLP': {'d_block': 64, 'd_in': 151, 'd_out': 67, 'dropout': 0.10823216670029355, 'n_blocks': 2}, 'ResMLP': {'d_block': 256, 'd_hidden': 10, 'd_hidden_multiplier': 3.5463105818248644, 'd_in': 151, 'd_out': 78, 'dropout1': 0.3740596836340417, 'dropout2': 0.14785999544988046, 'n_blocks': 4}, 'SAINT': {'depth': 3, 'dim': 32, 'dropout': 0.6, 'heads': 2}, 'NODE': {'num_layers': 8, 'total_tree_count': 1024, 'tree_depth': 8, 'tree_output_dim': 3}}, 'Mercedes_Benz': {'FTTransformer': {'learning_rate': 0.0004452048953174126, 'weight_decay': 1.7644038793799652e-06}, 'MLP': {'d_block': 256, 'd_in': 547, 'd_out': 18, 'dropout': 0.17946730470146646, 'n_blocks': 2}, 'ResMLP': {'d_block': 256, 'd_hidden': 4, 'd_hidden_multiplier': 2.8190447590303593, 'd_in': 547, 'd_out': 18, 'dropout1': 0.39853029839247645, 'dropout2': 0.23047013110182565, 'n_blocks': 5}, 'SAINT': {'depth': 1, 'dim': 32, 'dropout': 0, 'heads': 4}, 'NODE': {'num_layers': 8, 'total_tree_count': 1024, 'tree_depth': 8, 'tree_output_dim': 2}}, 'Moneyball': {'FTTransformer': {'learning_rate': 0.0001397623116786567, 'weight_decay': 3.198059991694104e-06}, 'MLP': {'d_block': 256, 'd_in': 48, 'd_out': 7, 'dropout': 0.2819627248207455, 'n_blocks': 2}, 'ResMLP': {'d_block': 256, 'd_hidden': 2, 'd_hidden_multiplier': 3.500563709434268, 'd_in': 48, 'd_out': 7, 'dropout1': 0.3191866936907723, 'dropout2': 0.17129324989277947, 'n_blocks': 6}, 'SAINT': {'depth': 3, 'dim': 32, 'dropout': 0.3, 'heads': 4}, 'NODE': {'num_layers': 8, 'total_tree_count': 2084, 'tree_depth': 6, 'tree_output_dim': 3}}, 'SAT11': {'FTTransformer': {'learning_rate': 8.719401475807713e-05, 'weight_decay': 0.0007004339745422863}, 'MLP': {'d_block': 128, 'd_in': 130, 'd_out': 3, 'dropout': 0.15064221648941228, 'n_blocks': 2}, 'ResMLP': {'d_block': 256, 'd_hidden': 6, 'd_hidden_multiplier': 3.226913030082402, 'd_in': 130, 'd_out': 3, 'dropout1': 0.4143262004883449, 'dropout2': 0.10671304592041092, 'n_blocks': 5}, 'SAINT': {'depth': 2, 'dim': 32, 'dropout': 0.6, 'heads': 2}, 'NODE': {'num_layers': 2, 'total_tree_count': 1024, 'tree_depth': 8, 'tree_output_dim': 3}}, 'Sensory': {'FTTransformer': {'learning_rate': 4.126150574320677e-05, 'weight_decay': 5.170169005303637e-05}, 'MLP': {'d_block': 128, 'd_in': 36, 'd_out': 5, 'dropout': 0.29860532918127847, 'n_blocks': 2}, 'ResMLP': {'d_block': 128, 'd_hidden': 4, 'd_hidden_multiplier': 1.80130923504725, 'd_in': 36, 'd_out': 5, 'dropout1': 0.228729597309105, 'dropout2': 0.22695309081109494, 'n_blocks': 5}, 'SAINT': {'depth': 1, 'dim': 128, 'dropout': 0, 'heads': 8}, 'NODE': {'num_layers': 4, 'total_tree_count': 1024, 'tree_depth': 6, 'tree_output_dim': 3}}, 'Socmob': {'FTTransformer': {'learning_rate': 0.00029650381259646087, 'weight_decay': 6.736378376679642e-05}, 'MLP': {'d_block': 256, 'd_in': 39, 'd_out': 40, 'dropout': 0.10461609715865526, 'n_blocks': 2}, 'ResMLP': {'d_block': 256, 'd_hidden': 4, 'd_hidden_multiplier': 4.543534401999215, 'd_in': 39, 'd_out': 40, 'dropout1': 0.115735614381013, 'dropout2': 0.018124882849134806, 'n_blocks': 3}, 'SAINT': {'depth': 1, 'dim': 64, 'dropout': 0.2, 'heads': 2}, 'NODE': {'num_layers': 2, 'total_tree_count': 2048, 'tree_depth': 6, 'tree_output_dim': 2}}}, save_results=False, scale=True, seed=221, shuffle=True, target_encode=False, use_gpu=True, val_batch_size=128, weighted_loss=False, y_distribution='skewed')
--- Running Nested Cross-Validation with Predefined Hyperparameters ---
Dataset: House_Prices_Nominal, Model: ResMLP, Objective: probabilistic_regression
Loading dataset House_Prices_Nominal...
Dataset loaded! 

(1460, 79)
Started Classification Module ...... 
~~~~~~~~~~~~~~~~~~~~~~~~~~~~~~~~~~~~~~~~~~~~~~~~~~~~~~~~~~~~~~~~~~~~~~~~~~~~~~~
TESTING MODEL
X_train shape: (730, 79)
y_train shape: (730,)
X_test shape: (730, 79)
y_test shape: (730,)
--- Test Run 1/3 ---
~~~~~~~~~~~~~~~~~~~~~~~~~~~~~~~~~~~~~~~~~~~~~~~~~~~~~~~~~~~~~~~~~~~~~~~~~~~~~~~
BEFORE ANY ENCODING
num_features :79
num_classes : 1
cat_idx : [0]
nominal_idx : [1, 6, 11]
ordinal_idx : [4, 5, 7, 8, 9, 10, 12, 13, 14, 15, 20, 21, 22, 23, 24, 26, 27, 28, 29, 30, 31, 32, 34, 38, 39, 40, 41, 52, 54, 56, 57, 59, 62, 63, 64, 71, 72, 73, 77, 78]
num_idx : None
cat_dims : [2]
bin_alt : None 


X_train shape : (730, 79)
~~~~~~~~~~~~~~~~~~~~~~~~~~~~~~~~~~~~~~~~~~~~~~~~~~~~~~~~~~~~~~~~~~~~~~~~~~~~~~~
~~~~~~~~~~~~~~~~~~~~~~~~~~~~~~~~~~~~~~~~~~~~~~~~~~~~~~~~~~~~~~~~~~~~~~~~~~~~~~~
AFTER getting cat idx
Nominal Index : [1, 6, 11]
Ordinal Index : [4, 5, 7, 8, 9, 10, 12, 13, 14, 15, 20, 21, 22, 23, 24, 26, 27, 28, 29, 30, 31, 32, 34, 38, 39, 40, 41, 52, 54, 56, 57, 59, 62, 63, 64, 71, 72, 73, 77, 78]
Cat Idx : [0]
Cat dims : [2]
~~~~~~~~~~~~~~~~~~~~~~~~~~~~~~~~~~~~~~~~~~~~~~~~~~~~~~~~~~~~~~~~~~~~~~~~~~~~~~~
BEFORE getting cat idx
Nominal Index : [1, 6, 11]
Ordinal Index : [4, 5, 7, 8, 9, 10, 12, 13, 14, 15, 20, 21, 22, 23, 24, 26, 27, 28, 29, 30, 31, 32, 34, 38, 39, 40, 41, 52, 54, 56, 57, 59, 62, 63, 64, 71, 72, 73, 77, 78]
Cat Idx : [1, 4, 5, 6, 7, 8, 9, 10, 11, 12, 13, 14, 15, 20, 21, 22, 23, 24, 26, 27, 28, 29, 30, 31, 32, 34, 38, 39, 40, 41, 52, 54, 56, 57, 59, 62, 63, 64, 71, 72, 73, 77, 78]
Cat dims : []
~~~~~~~~~~~~~~~~~~~~~~~~~~~~~~~~~~~~~~~~~~~~~~~~~~~~~~~~~~~~~~~~~~~~~~~~~~~~~~~ 


AFTER SEPARATING CATEGORICALS AND NUMERICALS
Ordinal Index : [4, 5, 7, 8, 9, 10, 12, 13, 14, 15, 20, 21, 22, 23, 24, 26, 27, 28, 29, 30, 31, 32, 34, 38, 39, 40, 41, 52, 54, 56, 57, 59, 62, 63, 64, 71, 72, 73, 77, 78]
Numerical Index V1 : [0, 2, 3, 16, 17, 18, 19, 25, 33, 35, 36, 37, 42, 43, 44, 45, 46, 47, 48, 49, 50, 51, 53, 55, 58, 60, 61, 65, 66, 67, 68, 69, 70, 74, 75, 76]
Cat Idx V1 : [1, 4, 5, 6, 7, 8, 9, 10, 11, 12, 13, 14, 15, 20, 21, 22, 23, 24, 26, 27, 28, 29, 30, 31, 32, 34, 38, 39, 40, 41, 52, 54, 56, 57, 59, 62, 63, 64, 71, 72, 73, 77, 78] 
Cat Dims V1 : []
 

~~~~~~~~~~~~~~~~~~~~~~~~~~~~~~~~~~~~~~~~~~~~~~~~~~~~~~~~~~~~~~~~~~~~~~~~~~~~~~~ 


Scaling the data...
One Hot Encoding...
Ord : 40, Nom : 33, Num : 36
~~~~~~~~~~~~~~~~~~~~~~~~~~~~~~~~~~~~~~~~~~~~~~~~~~~~~~~~~~~~~~~~~~~~~~~~~~~~~~~
After OHE
Numerical Index V2 : [73, 74, 75, 76, 77, 78, 79, 80, 81, 82, 83, 84, 85, 86, 87, 88, 89, 90, 91, 92, 93, 94, 95, 96, 97, 98, 99, 100, 101, 102, 103, 104, 105, 106, 107, 108] 


OHE Idx : [40, 41, 42, 43, 44, 45, 46, 47, 48, 49, 50, 51, 52, 53, 54, 55, 56, 57, 58, 59, 60, 61, 62, 63, 64, 65, 66, 67, 68, 69, 70, 71, 72]


Ordinal Idx V2: [0, 1, 2, 3, 4, 5, 6, 7, 8, 9, 10, 11, 12, 13, 14, 15, 16, 17, 18, 19, 20, 21, 22, 23, 24, 25, 26, 27, 28, 29, 30, 31, 32, 33, 34, 35, 36, 37, 38, 39]


Cat Dims V2 : []
Cat Idx V2 : [1, 4, 5, 6, 7, 8, 9, 10, 11, 12, 13, 14, 15, 20, 21, 22, 23, 24, 26, 27, 28, 29, 30, 31, 32, 34, 38, 39, 40, 41, 52, 54, 56, 57, 59, 62, 63, 64, 71, 72, 73, 77, 78] 
 

Train: [['Pave' 'None' 'Lvl' 'AllPub' 'Corner']
 ['Pave' 'None' 'Lvl' 'AllPub' 'Corner']
 ['Pave' 'None' 'Lvl' 'AllPub' 'Corner']
 ['Pave' 'None' 'Lvl' 'AllPub' 'Inside']
 ['Pave' 'None' 'Lvl' 'AllPub' 'Corner']
 ['Pave' 'None' 'Lvl' 'AllPub' 'Inside']
 ['Pave' 'None' 'Lvl' 'AllPub' 'Inside']
 ['Pave' 'None' 'Lvl' 'AllPub' 'Corner']
 ['Pave' 'Pave' 'Bnk' 'AllPub' 'Inside']
 ['Pave' 'None' 'Lvl' 'AllPub' 'FR2']] 
 
 
Val : (730, 109) 
 

~~~~~~~~~~~~~~~~~~~~~~~~~~~~~~~~~~~~~~~~~~~~~~~~~~~~~~~~~~~~~~~~~~~~~~~~~~~~~~~
Ordinal Encoding...
Train Cat : [['Pave']
 ['None']
 ['Lvl']
 ['AllPub']
 ['Corner']
 ['Gtl']
 ['Norm']
 ['Norm']
 ['1Fam']
 ['2.5Unf']]
Uniques : ['1.5Fin' '1.5Unf' '1Fam' '1Story' '2.5Fin' '2.5Unf' '2Story' '2Types'
 '2fmCon' 'ALQ' 'Abnorml' 'AdjLand' 'AllPub' 'Alloca' 'Artery' 'AsbShng'
 'AsphShn' 'Attchd' 'Av' 'BLQ' 'Basment' 'Bnk' 'Brk Cmn' 'BrkCmn'
 'BrkFace' 'BrkTil' 'BuiltIn' 'CBlock' 'COD' 'CWD' 'CarPort' 'CemntBd'
 'ClyTile' 'CmentBd' 'CompShg' 'ConLD' 'ConLI' 'ConLw' 'Corner' 'CulDSac'
 'Detchd' 'Duplex' 'Ex' 'FR2' 'FR3' 'Fa' 'Family' 'Feedr' 'Fin' 'Flat'
 'FuseA' 'FuseF' 'FuseP' 'GLQ' 'Gable' 'Gambrel' 'GasA' 'GasW' 'Gd'
 'GdPrv' 'GdWo' 'Grav' 'Grvl' 'Gtl' 'HLS' 'HdBoard' 'Hip' 'ImStucc'
 'Inside' 'Low' 'Lvl' 'LwQ' 'Maj1' 'Maj2' 'Mansard' 'Metal' 'MetalSd'
 'Min1' 'Min2' 'Mix' 'Mn' 'MnPrv' 'MnWw' 'Mod' 'N' 'New' 'No' 'None'
 'Norm' 'Normal' 'Oth' 'OthW' 'Othr' 'P' 'PConc' 'Partial' 'Pave'
 'Plywood' 'Po' 'PosA' 'PosN' 'RFn' 'RRAe' 'RRAn' 'RRNe' 'RRNn' 'Rec'
 'SBrkr' 'SFoyer' 'SLvl' 'Sev' 'Shed' 'Slab' 'Stone' 'Stucco' 'TA'
 'Tar&Grv' 'TenC' 'Twnhs' 'TwnhsE' 'Typ' 'Unf' 'VinylSd' 'WD' 'Wd Sdng'
 'Wd Shng' 'WdShing' 'WdShngl' 'Wood' 'Y']
