/home/mburu/.local/lib/python3.8/site-packages/sklearn/preprocessing/_discretization.py:322: UserWarning: Bins whose width are too small (i.e., <= 1e-8) in feature 0 are removed. Consider decreasing the number of bins.
  warnings.warn(
/home/mburu/Master_Thesis/master-thesis-da/DNN_Trial/models/rtdl_models.py:648: UserWarning: To copy construct from a tensor, it is recommended to use sourceTensor.clone().detach() or sourceTensor.clone().detach().requires_grad_(True), rather than torch.tensor(sourceTensor).
  X = torch.tensor(X, dtype=torch.float32).to(self.device)
/home/mburu/.local/lib/python3.8/site-packages/sklearn/preprocessing/_discretization.py:322: UserWarning: Bins whose width are too small (i.e., <= 1e-8) in feature 0 are removed. Consider decreasing the number of bins.
  warnings.warn(
/home/mburu/Master_Thesis/master-thesis-da/DNN_Trial/models/rtdl_models.py:648: UserWarning: To copy construct from a tensor, it is recommended to use sourceTensor.clone().detach() or sourceTensor.clone().detach().requires_grad_(True), rather than torch.tensor(sourceTensor).
  X = torch.tensor(X, dtype=torch.float32).to(self.device)
/home/mburu/.local/lib/python3.8/site-packages/sklearn/preprocessing/_discretization.py:322: UserWarning: Bins whose width are too small (i.e., <= 1e-8) in feature 0 are removed. Consider decreasing the number of bins.
  warnings.warn(
/home/mburu/Master_Thesis/master-thesis-da/DNN_Trial/models/rtdl_models.py:648: UserWarning: To copy construct from a tensor, it is recommended to use sourceTensor.clone().detach() or sourceTensor.clone().detach().requires_grad_(True), rather than torch.tensor(sourceTensor).
  X = torch.tensor(X, dtype=torch.float32).to(self.device)
/home/mburu/.local/lib/python3.8/site-packages/sklearn/preprocessing/_discretization.py:322: UserWarning: Bins whose width are too small (i.e., <= 1e-8) in feature 0 are removed. Consider decreasing the number of bins.
  warnings.warn(
/home/mburu/Master_Thesis/master-thesis-da/DNN_Trial/models/rtdl_models.py:648: UserWarning: To copy construct from a tensor, it is recommended to use sourceTensor.clone().detach() or sourceTensor.clone().detach().requires_grad_(True), rather than torch.tensor(sourceTensor).
  X = torch.tensor(X, dtype=torch.float32).to(self.device)
/home/mburu/.local/lib/python3.8/site-packages/sklearn/preprocessing/_discretization.py:322: UserWarning: Bins whose width are too small (i.e., <= 1e-8) in feature 0 are removed. Consider decreasing the number of bins.
  warnings.warn(
/home/mburu/Master_Thesis/master-thesis-da/DNN_Trial/models/rtdl_models.py:648: UserWarning: To copy construct from a tensor, it is recommended to use sourceTensor.clone().detach() or sourceTensor.clone().detach().requires_grad_(True), rather than torch.tensor(sourceTensor).
  X = torch.tensor(X, dtype=torch.float32).to(self.device)
/home/mburu/.local/lib/python3.8/site-packages/sklearn/preprocessing/_discretization.py:322: UserWarning: Bins whose width are too small (i.e., <= 1e-8) in feature 0 are removed. Consider decreasing the number of bins.
  warnings.warn(
/home/mburu/Master_Thesis/master-thesis-da/DNN_Trial/models/rtdl_models.py:648: UserWarning: To copy construct from a tensor, it is recommended to use sourceTensor.clone().detach() or sourceTensor.clone().detach().requires_grad_(True), rather than torch.tensor(sourceTensor).
  X = torch.tensor(X, dtype=torch.float32).to(self.device)
/home/mburu/.local/lib/python3.8/site-packages/sklearn/preprocessing/_discretization.py:322: UserWarning: Bins whose width are too small (i.e., <= 1e-8) in feature 0 are removed. Consider decreasing the number of bins.
  warnings.warn(
/home/mburu/Master_Thesis/master-thesis-da/DNN_Trial/models/rtdl_models.py:648: UserWarning: To copy construct from a tensor, it is recommended to use sourceTensor.clone().detach() or sourceTensor.clone().detach().requires_grad_(True), rather than torch.tensor(sourceTensor).
  X = torch.tensor(X, dtype=torch.float32).to(self.device)
/home/mburu/.local/lib/python3.8/site-packages/sklearn/preprocessing/_discretization.py:322: UserWarning: Bins whose width are too small (i.e., <= 1e-8) in feature 0 are removed. Consider decreasing the number of bins.
  warnings.warn(
/home/mburu/Master_Thesis/master-thesis-da/DNN_Trial/models/rtdl_models.py:648: UserWarning: To copy construct from a tensor, it is recommended to use sourceTensor.clone().detach() or sourceTensor.clone().detach().requires_grad_(True), rather than torch.tensor(sourceTensor).
  X = torch.tensor(X, dtype=torch.float32).to(self.device)
/home/mburu/.local/lib/python3.8/site-packages/sklearn/preprocessing/_discretization.py:322: UserWarning: Bins whose width are too small (i.e., <= 1e-8) in feature 0 are removed. Consider decreasing the number of bins.
  warnings.warn(
/home/mburu/Master_Thesis/master-thesis-da/DNN_Trial/models/rtdl_models.py:648: UserWarning: To copy construct from a tensor, it is recommended to use sourceTensor.clone().detach() or sourceTensor.clone().detach().requires_grad_(True), rather than torch.tensor(sourceTensor).
  X = torch.tensor(X, dtype=torch.float32).to(self.device)
/home/mburu/.local/lib/python3.8/site-packages/sklearn/preprocessing/_discretization.py:322: UserWarning: Bins whose width are too small (i.e., <= 1e-8) in feature 0 are removed. Consider decreasing the number of bins.
  warnings.warn(
/home/mburu/Master_Thesis/master-thesis-da/DNN_Trial/models/rtdl_models.py:648: UserWarning: To copy construct from a tensor, it is recommended to use sourceTensor.clone().detach() or sourceTensor.clone().detach().requires_grad_(True), rather than torch.tensor(sourceTensor).
  X = torch.tensor(X, dtype=torch.float32).to(self.device)
/home/mburu/Master_Thesis/master-thesis-da/DNN_Trial/models/rtdl_models.py:648: UserWarning: To copy construct from a tensor, it is recommended to use sourceTensor.clone().detach() or sourceTensor.clone().detach().requires_grad_(True), rather than torch.tensor(sourceTensor).
  X = torch.tensor(X, dtype=torch.float32).to(self.device)
/home/mburu/Master_Thesis/master-thesis-da/DNN_Trial/models/rtdl_models.py:648: UserWarning: To copy construct from a tensor, it is recommended to use sourceTensor.clone().detach() or sourceTensor.clone().detach().requires_grad_(True), rather than torch.tensor(sourceTensor).
  X = torch.tensor(X, dtype=torch.float32).to(self.device)
/home/mburu/Master_Thesis/master-thesis-da/DNN_Trial/models/rtdl_models.py:648: UserWarning: To copy construct from a tensor, it is recommended to use sourceTensor.clone().detach() or sourceTensor.clone().detach().requires_grad_(True), rather than torch.tensor(sourceTensor).
  X = torch.tensor(X, dtype=torch.float32).to(self.device)
/home/mburu/Master_Thesis/master-thesis-da/DNN_Trial/models/rtdl_models.py:648: UserWarning: To copy construct from a tensor, it is recommended to use sourceTensor.clone().detach() or sourceTensor.clone().detach().requires_grad_(True), rather than torch.tensor(sourceTensor).
  X = torch.tensor(X, dtype=torch.float32).to(self.device)
/home/mburu/Master_Thesis/master-thesis-da/DNN_Trial/models/rtdl_models.py:648: UserWarning: To copy construct from a tensor, it is recommended to use sourceTensor.clone().detach() or sourceTensor.clone().detach().requires_grad_(True), rather than torch.tensor(sourceTensor).
  X = torch.tensor(X, dtype=torch.float32).to(self.device)
/home/mburu/Master_Thesis/master-thesis-da/DNN_Trial/models/rtdl_models.py:648: UserWarning: To copy construct from a tensor, it is recommended to use sourceTensor.clone().detach() or sourceTensor.clone().detach().requires_grad_(True), rather than torch.tensor(sourceTensor).
  X = torch.tensor(X, dtype=torch.float32).to(self.device)
/home/mburu/Master_Thesis/master-thesis-da/DNN_Trial/models/rtdl_models.py:648: UserWarning: To copy construct from a tensor, it is recommended to use sourceTensor.clone().detach() or sourceTensor.clone().detach().requires_grad_(True), rather than torch.tensor(sourceTensor).
  X = torch.tensor(X, dtype=torch.float32).to(self.device)
/home/mburu/Master_Thesis/master-thesis-da/DNN_Trial/models/rtdl_models.py:648: UserWarning: To copy construct from a tensor, it is recommended to use sourceTensor.clone().detach() or sourceTensor.clone().detach().requires_grad_(True), rather than torch.tensor(sourceTensor).
  X = torch.tensor(X, dtype=torch.float32).to(self.device)
/home/mburu/Master_Thesis/master-thesis-da/DNN_Trial/models/rtdl_models.py:648: UserWarning: To copy construct from a tensor, it is recommended to use sourceTensor.clone().detach() or sourceTensor.clone().detach().requires_grad_(True), rather than torch.tensor(sourceTensor).
  X = torch.tensor(X, dtype=torch.float32).to(self.device)
/home/mburu/Master_Thesis/master-thesis-da/DNN_Trial/models/rtdl_models.py:648: UserWarning: To copy construct from a tensor, it is recommended to use sourceTensor.clone().detach() or sourceTensor.clone().detach().requires_grad_(True), rather than torch.tensor(sourceTensor).
  X = torch.tensor(X, dtype=torch.float32).to(self.device)
/home/mburu/Master_Thesis/master-thesis-da/DNN_Trial/models/rtdl_models.py:648: UserWarning: To copy construct from a tensor, it is recommended to use sourceTensor.clone().detach() or sourceTensor.clone().detach().requires_grad_(True), rather than torch.tensor(sourceTensor).
  X = torch.tensor(X, dtype=torch.float32).to(self.device)
/home/mburu/Master_Thesis/master-thesis-da/DNN_Trial/models/rtdl_models.py:648: UserWarning: To copy construct from a tensor, it is recommended to use sourceTensor.clone().detach() or sourceTensor.clone().detach().requires_grad_(True), rather than torch.tensor(sourceTensor).
  X = torch.tensor(X, dtype=torch.float32).to(self.device)
/home/mburu/Master_Thesis/master-thesis-da/DNN_Trial/models/rtdl_models.py:648: UserWarning: To copy construct from a tensor, it is recommended to use sourceTensor.clone().detach() or sourceTensor.clone().detach().requires_grad_(True), rather than torch.tensor(sourceTensor).
  X = torch.tensor(X, dtype=torch.float32).to(self.device)
Traceback (most recent call last):
  File "/home/mburu/anaconda3/envs/TabSurvey/lib/python3.8/multiprocessing/util.py", line 300, in _run_finalizers
    finalizer()
  File "/home/mburu/anaconda3/envs/TabSurvey/lib/python3.8/multiprocessing/util.py", line 224, in __call__
    res = self._callback(*self._args, **self._kwargs)
  File "/home/mburu/anaconda3/envs/TabSurvey/lib/python3.8/multiprocessing/util.py", line 133, in _remove_temp_dir
    rmtree(tempdir)
  File "/home/mburu/anaconda3/envs/TabSurvey/lib/python3.8/shutil.py", line 722, in rmtree
    onerror(os.rmdir, path, sys.exc_info())
  File "/home/mburu/anaconda3/envs/TabSurvey/lib/python3.8/shutil.py", line 720, in rmtree
    os.rmdir(path)
OSError: [Errno 39] Directory not empty: '/tmp/pymp-g0zohqj6'
/home/mburu/Master_Thesis/master-thesis-da/DNN_Trial/models/rtdl_models.py:648: UserWarning: To copy construct from a tensor, it is recommended to use sourceTensor.clone().detach() or sourceTensor.clone().detach().requires_grad_(True), rather than torch.tensor(sourceTensor).
  X = torch.tensor(X, dtype=torch.float32).to(self.device)
/home/mburu/Master_Thesis/master-thesis-da/DNN_Trial/models/rtdl_models.py:648: UserWarning: To copy construct from a tensor, it is recommended to use sourceTensor.clone().detach() or sourceTensor.clone().detach().requires_grad_(True), rather than torch.tensor(sourceTensor).
  X = torch.tensor(X, dtype=torch.float32).to(self.device)
/home/mburu/Master_Thesis/master-thesis-da/DNN_Trial/models/rtdl_models.py:648: UserWarning: To copy construct from a tensor, it is recommended to use sourceTensor.clone().detach() or sourceTensor.clone().detach().requires_grad_(True), rather than torch.tensor(sourceTensor).
  X = torch.tensor(X, dtype=torch.float32).to(self.device)
/home/mburu/Master_Thesis/master-thesis-da/DNN_Trial/models/rtdl_models.py:648: UserWarning: To copy construct from a tensor, it is recommended to use sourceTensor.clone().detach() or sourceTensor.clone().detach().requires_grad_(True), rather than torch.tensor(sourceTensor).
  X = torch.tensor(X, dtype=torch.float32).to(self.device)
/home/mburu/Master_Thesis/master-thesis-da/DNN_Trial/models/rtdl_models.py:648: UserWarning: To copy construct from a tensor, it is recommended to use sourceTensor.clone().detach() or sourceTensor.clone().detach().requires_grad_(True), rather than torch.tensor(sourceTensor).
  X = torch.tensor(X, dtype=torch.float32).to(self.device)
/home/mburu/Master_Thesis/master-thesis-da/DNN_Trial/models/rtdl_models.py:648: UserWarning: To copy construct from a tensor, it is recommended to use sourceTensor.clone().detach() or sourceTensor.clone().detach().requires_grad_(True), rather than torch.tensor(sourceTensor).
  X = torch.tensor(X, dtype=torch.float32).to(self.device)
/home/mburu/Master_Thesis/master-thesis-da/DNN_Trial/models/rtdl_models.py:648: UserWarning: To copy construct from a tensor, it is recommended to use sourceTensor.clone().detach() or sourceTensor.clone().detach().requires_grad_(True), rather than torch.tensor(sourceTensor).
  X = torch.tensor(X, dtype=torch.float32).to(self.device)
/home/mburu/Master_Thesis/master-thesis-da/DNN_Trial/models/rtdl_models.py:648: UserWarning: To copy construct from a tensor, it is recommended to use sourceTensor.clone().detach() or sourceTensor.clone().detach().requires_grad_(True), rather than torch.tensor(sourceTensor).
  X = torch.tensor(X, dtype=torch.float32).to(self.device)
Traceback (most recent call last):
  File "train.py", line 1285, in <module>
    main_once(arguments)
  File "train.py", line 1245, in main_once
    sc, timer, results = test_model(model_name, parameters, X, y, X_test, y_test, args, visual=False, save_model=True)
  File "train.py", line 938, in test_model
    loss_history, test_loss_history = curr_model.fit(X_train, y_train_class, X_test, y_test_class)
  File "/home/mburu/Master_Thesis/master-thesis-da/DNN_Trial/models/rtdl_models.py", line 585, in fit
    val_loss = self._evaluate(X_val, y_val, class_weights)
  File "/home/mburu/Master_Thesis/master-thesis-da/DNN_Trial/models/rtdl_models.py", line 653, in _evaluate
    outputs = self.model(x_cont, x_cat)
  File "/home/mburu/anaconda3/envs/TabSurvey/lib/python3.8/site-packages/torch/nn/modules/module.py", line 1518, in _wrapped_call_impl
    return self._call_impl(*args, **kwargs)
  File "/home/mburu/anaconda3/envs/TabSurvey/lib/python3.8/site-packages/torch/nn/modules/module.py", line 1527, in _call_impl
    return forward_call(*args, **kwargs)
  File "/home/mburu/anaconda3/envs/TabSurvey/lib/python3.8/site-packages/rtdl_revisiting_models.py", line 868, in forward
    x_embeddings.append(module(argvalue))
  File "/home/mburu/anaconda3/envs/TabSurvey/lib/python3.8/site-packages/torch/nn/modules/module.py", line 1518, in _wrapped_call_impl
    return self._call_impl(*args, **kwargs)
  File "/home/mburu/anaconda3/envs/TabSurvey/lib/python3.8/site-packages/torch/nn/modules/module.py", line 1527, in _call_impl
    return forward_call(*args, **kwargs)
  File "/home/mburu/anaconda3/envs/TabSurvey/lib/python3.8/site-packages/rtdl_revisiting_models.py", line 285, in forward
    [self.embeddings[i](x[..., i]) for i in range(n_features)], dim=-2
  File "/home/mburu/anaconda3/envs/TabSurvey/lib/python3.8/site-packages/rtdl_revisiting_models.py", line 285, in <listcomp>
    [self.embeddings[i](x[..., i]) for i in range(n_features)], dim=-2
  File "/home/mburu/anaconda3/envs/TabSurvey/lib/python3.8/site-packages/torch/nn/modules/module.py", line 1518, in _wrapped_call_impl
    return self._call_impl(*args, **kwargs)
  File "/home/mburu/anaconda3/envs/TabSurvey/lib/python3.8/site-packages/torch/nn/modules/module.py", line 1527, in _call_impl
    return forward_call(*args, **kwargs)
  File "/home/mburu/anaconda3/envs/TabSurvey/lib/python3.8/site-packages/torch/nn/modules/sparse.py", line 162, in forward
    return F.embedding(
  File "/home/mburu/anaconda3/envs/TabSurvey/lib/python3.8/site-packages/torch/nn/functional.py", line 2233, in embedding
    return torch.embedding(weight, input, padding_idx, scale_grad_by_freq, sparse)
torch.cuda.OutOfMemoryError: CUDA out of memory. Tried to allocate 70.00 MiB. GPU 0 has a total capacty of 7.79 GiB of which 32.44 MiB is free. Including non-PyTorch memory, this process has 7.75 GiB memory in use. Of the allocated memory 7.17 GiB is allocated by PyTorch, and 458.99 MiB is reserved by PyTorch but unallocated. If reserved but unallocated memory is large try setting max_split_size_mb to avoid fragmentation.  See documentation for Memory Management and PYTORCH_CUDA_ALLOC_CONF
srun: error: stud-000: task 0: Exited with exit code 1
/home/mburu/Master_Thesis/master-thesis-da/DNN_Trial/models/rtdl_models.py:648: UserWarning: To copy construct from a tensor, it is recommended to use sourceTensor.clone().detach() or sourceTensor.clone().detach().requires_grad_(True), rather than torch.tensor(sourceTensor).
  X = torch.tensor(X, dtype=torch.float32).to(self.device)
Traceback (most recent call last):
  File "train.py", line 1285, in <module>
    main_once(arguments)
  File "train.py", line 1245, in main_once
    sc, timer, results = test_model(model_name, parameters, X, y, X_test, y_test, args, visual=False, save_model=True)
  File "train.py", line 935, in test_model
    loss_history, test_loss_history = curr_model.fit(X_train, y_train_class, X_test, y_test_class, class_weights = class_weights) 
  File "/home/mburu/Master_Thesis/master-thesis-da/DNN_Trial/models/rtdl_models.py", line 585, in fit
    val_loss = self._evaluate(X_val, y_val, class_weights)
  File "/home/mburu/Master_Thesis/master-thesis-da/DNN_Trial/models/rtdl_models.py", line 653, in _evaluate
    outputs = self.model(x_cont, x_cat)
  File "/home/mburu/anaconda3/envs/TabSurvey/lib/python3.8/site-packages/torch/nn/modules/module.py", line 1518, in _wrapped_call_impl
    return self._call_impl(*args, **kwargs)
  File "/home/mburu/anaconda3/envs/TabSurvey/lib/python3.8/site-packages/torch/nn/modules/module.py", line 1527, in _call_impl
    return forward_call(*args, **kwargs)
  File "/home/mburu/anaconda3/envs/TabSurvey/lib/python3.8/site-packages/rtdl_revisiting_models.py", line 868, in forward
    x_embeddings.append(module(argvalue))
  File "/home/mburu/anaconda3/envs/TabSurvey/lib/python3.8/site-packages/torch/nn/modules/module.py", line 1518, in _wrapped_call_impl
    return self._call_impl(*args, **kwargs)
  File "/home/mburu/anaconda3/envs/TabSurvey/lib/python3.8/site-packages/torch/nn/modules/module.py", line 1527, in _call_impl
    return forward_call(*args, **kwargs)
  File "/home/mburu/anaconda3/envs/TabSurvey/lib/python3.8/site-packages/rtdl_revisiting_models.py", line 285, in forward
    [self.embeddings[i](x[..., i]) for i in range(n_features)], dim=-2
  File "/home/mburu/anaconda3/envs/TabSurvey/lib/python3.8/site-packages/rtdl_revisiting_models.py", line 285, in <listcomp>
    [self.embeddings[i](x[..., i]) for i in range(n_features)], dim=-2
  File "/home/mburu/anaconda3/envs/TabSurvey/lib/python3.8/site-packages/torch/nn/modules/module.py", line 1518, in _wrapped_call_impl
    return self._call_impl(*args, **kwargs)
  File "/home/mburu/anaconda3/envs/TabSurvey/lib/python3.8/site-packages/torch/nn/modules/module.py", line 1527, in _call_impl
    return forward_call(*args, **kwargs)
  File "/home/mburu/anaconda3/envs/TabSurvey/lib/python3.8/site-packages/torch/nn/modules/sparse.py", line 162, in forward
    return F.embedding(
  File "/home/mburu/anaconda3/envs/TabSurvey/lib/python3.8/site-packages/torch/nn/functional.py", line 2233, in embedding
    return torch.embedding(weight, input, padding_idx, scale_grad_by_freq, sparse)
torch.cuda.OutOfMemoryError: CUDA out of memory. Tried to allocate 70.00 MiB. GPU 0 has a total capacty of 7.79 GiB of which 32.44 MiB is free. Including non-PyTorch memory, this process has 7.75 GiB memory in use. Of the allocated memory 7.17 GiB is allocated by PyTorch, and 458.99 MiB is reserved by PyTorch but unallocated. If reserved but unallocated memory is large try setting max_split_size_mb to avoid fragmentation.  See documentation for Memory Management and PYTORCH_CUDA_ALLOC_CONF
srun: error: stud-000: task 0: Exited with exit code 1
/home/mburu/Master_Thesis/master-thesis-da/DNN_Trial/models/rtdl_models.py:648: UserWarning: To copy construct from a tensor, it is recommended to use sourceTensor.clone().detach() or sourceTensor.clone().detach().requires_grad_(True), rather than torch.tensor(sourceTensor).
  X = torch.tensor(X, dtype=torch.float32).to(self.device)
Traceback (most recent call last):
  File "train.py", line 1285, in <module>
    main_once(arguments)
  File "train.py", line 1245, in main_once
    sc, timer, results = test_model(model_name, parameters, X, y, X_test, y_test, args, visual=False, save_model=True)
  File "train.py", line 938, in test_model
    loss_history, test_loss_history = curr_model.fit(X_train, y_train_class, X_test, y_test_class)
  File "/home/mburu/Master_Thesis/master-thesis-da/DNN_Trial/models/rtdl_models.py", line 585, in fit
    val_loss = self._evaluate(X_val, y_val, class_weights)
  File "/home/mburu/Master_Thesis/master-thesis-da/DNN_Trial/models/rtdl_models.py", line 653, in _evaluate
    outputs = self.model(x_cont, x_cat)
  File "/home/mburu/anaconda3/envs/TabSurvey/lib/python3.8/site-packages/torch/nn/modules/module.py", line 1518, in _wrapped_call_impl
    return self._call_impl(*args, **kwargs)
  File "/home/mburu/anaconda3/envs/TabSurvey/lib/python3.8/site-packages/torch/nn/modules/module.py", line 1527, in _call_impl
    return forward_call(*args, **kwargs)
  File "/home/mburu/anaconda3/envs/TabSurvey/lib/python3.8/site-packages/rtdl_revisiting_models.py", line 868, in forward
    x_embeddings.append(module(argvalue))
  File "/home/mburu/anaconda3/envs/TabSurvey/lib/python3.8/site-packages/torch/nn/modules/module.py", line 1518, in _wrapped_call_impl
    return self._call_impl(*args, **kwargs)
  File "/home/mburu/anaconda3/envs/TabSurvey/lib/python3.8/site-packages/torch/nn/modules/module.py", line 1527, in _call_impl
    return forward_call(*args, **kwargs)
  File "/home/mburu/anaconda3/envs/TabSurvey/lib/python3.8/site-packages/rtdl_revisiting_models.py", line 285, in forward
    [self.embeddings[i](x[..., i]) for i in range(n_features)], dim=-2
  File "/home/mburu/anaconda3/envs/TabSurvey/lib/python3.8/site-packages/rtdl_revisiting_models.py", line 285, in <listcomp>
    [self.embeddings[i](x[..., i]) for i in range(n_features)], dim=-2
  File "/home/mburu/anaconda3/envs/TabSurvey/lib/python3.8/site-packages/torch/nn/modules/module.py", line 1518, in _wrapped_call_impl
    return self._call_impl(*args, **kwargs)
  File "/home/mburu/anaconda3/envs/TabSurvey/lib/python3.8/site-packages/torch/nn/modules/module.py", line 1527, in _call_impl
    return forward_call(*args, **kwargs)
  File "/home/mburu/anaconda3/envs/TabSurvey/lib/python3.8/site-packages/torch/nn/modules/sparse.py", line 162, in forward
    return F.embedding(
  File "/home/mburu/anaconda3/envs/TabSurvey/lib/python3.8/site-packages/torch/nn/functional.py", line 2233, in embedding
    return torch.embedding(weight, input, padding_idx, scale_grad_by_freq, sparse)
torch.cuda.OutOfMemoryError: CUDA out of memory. Tried to allocate 70.00 MiB. GPU 0 has a total capacty of 7.79 GiB of which 32.44 MiB is free. Including non-PyTorch memory, this process has 7.75 GiB memory in use. Of the allocated memory 7.17 GiB is allocated by PyTorch, and 458.99 MiB is reserved by PyTorch but unallocated. If reserved but unallocated memory is large try setting max_split_size_mb to avoid fragmentation.  See documentation for Memory Management and PYTORCH_CUDA_ALLOC_CONF
srun: error: stud-000: task 0: Exited with exit code 1
/home/mburu/Master_Thesis/master-thesis-da/DNN_Trial/models/rtdl_models.py:648: UserWarning: To copy construct from a tensor, it is recommended to use sourceTensor.clone().detach() or sourceTensor.clone().detach().requires_grad_(True), rather than torch.tensor(sourceTensor).
  raise NotImplementedError("Method only available for classification tasks")
Traceback (most recent call last):
  File "train.py", line 1285, in <module>
    print(f"Arguements: {arguments}")
  File "train.py", line 1245, in main_once
    print(f"Parameters Used HERE: {parameters}")
  File "train.py", line 935, in test_model
    loss_history, test_loss_history = curr_model.fit(X_train, y_train_class, X_test, y_test_class, class_weights = class_weights) 
  File "/home/mburu/Master_Thesis/master-thesis-da/DNN_Trial/models/rtdl_models.py", line 585, in fit
    loss = self._compute_loss(outputs, batch_y, class_weights)
  File "/home/mburu/Master_Thesis/master-thesis-da/DNN_Trial/models/rtdl_models.py", line 653, in _evaluate
    outputs = torch.softmax(self.model(x_cont, x_cat), dim=1)
  File "/home/mburu/anaconda3/envs/TabSurvey/lib/python3.8/site-packages/torch/nn/modules/module.py", line 1518, in _wrapped_call_impl
    return self._call_impl(*args, **kwargs)
  File "/home/mburu/anaconda3/envs/TabSurvey/lib/python3.8/site-packages/torch/nn/modules/module.py", line 1527, in _call_impl
    return forward_call(*args, **kwargs)
  File "/home/mburu/anaconda3/envs/TabSurvey/lib/python3.8/site-packages/rtdl_revisiting_models.py", line 868, in forward
    x_embeddings.append(module(argvalue))
  File "/home/mburu/anaconda3/envs/TabSurvey/lib/python3.8/site-packages/torch/nn/modules/module.py", line 1518, in _wrapped_call_impl
    return self._call_impl(*args, **kwargs)
  File "/home/mburu/anaconda3/envs/TabSurvey/lib/python3.8/site-packages/torch/nn/modules/module.py", line 1527, in _call_impl
    return forward_call(*args, **kwargs)
  File "/home/mburu/anaconda3/envs/TabSurvey/lib/python3.8/site-packages/rtdl_revisiting_models.py", line 285, in forward
    [self.embeddings[i](x[..., i]) for i in range(n_features)], dim=-2
  File "/home/mburu/anaconda3/envs/TabSurvey/lib/python3.8/site-packages/rtdl_revisiting_models.py", line 285, in <listcomp>
    [self.embeddings[i](x[..., i]) for i in range(n_features)], dim=-2
  File "/home/mburu/anaconda3/envs/TabSurvey/lib/python3.8/site-packages/torch/nn/modules/module.py", line 1518, in _wrapped_call_impl
    return self._call_impl(*args, **kwargs)
  File "/home/mburu/anaconda3/envs/TabSurvey/lib/python3.8/site-packages/torch/nn/modules/module.py", line 1527, in _call_impl
    return forward_call(*args, **kwargs)
  File "/home/mburu/anaconda3/envs/TabSurvey/lib/python3.8/site-packages/torch/nn/modules/sparse.py", line 162, in forward
    return F.embedding(
  File "/home/mburu/anaconda3/envs/TabSurvey/lib/python3.8/site-packages/torch/nn/functional.py", line 2233, in embedding
    return torch.embedding(weight, input, padding_idx, scale_grad_by_freq, sparse)
torch.cuda.OutOfMemoryError: CUDA out of memory. Tried to allocate 70.00 MiB. GPU 0 has a total capacty of 7.79 GiB of which 32.44 MiB is free. Including non-PyTorch memory, this process has 7.75 GiB memory in use. Of the allocated memory 7.17 GiB is allocated by PyTorch, and 458.99 MiB is reserved by PyTorch but unallocated. If reserved but unallocated memory is large try setting max_split_size_mb to avoid fragmentation.  See documentation for Memory Management and PYTORCH_CUDA_ALLOC_CONF
srun: error: stud-000: task 0: Exited with exit code 1
/home/mburu/Master_Thesis/master-thesis-da/DNN_Trial/models/rtdl_models.py:662: UserWarning: To copy construct from a tensor, it is recommended to use sourceTensor.clone().detach() or sourceTensor.clone().detach().requires_grad_(True), rather than torch.tensor(sourceTensor).
  X = torch.tensor(X, dtype=torch.float32).to(self.device)
Traceback (most recent call last):
  File "train.py", line 1286, in <module>
    main_once(arguments)
  File "train.py", line 1246, in main_once
    sc, timer, results = test_model(model_name, parameters, X, y, X_test, y_test, args, visual=False, save_model=True)
  File "train.py", line 938, in test_model
    loss_history, test_loss_history = curr_model.fit(X_train, y_train_class, X_test, y_test_class)
  File "/home/mburu/Master_Thesis/master-thesis-da/DNN_Trial/models/rtdl_models.py", line 593, in fit
    val_loss = self._evaluate(X_val, y_val, class_weights)
  File "/home/mburu/Master_Thesis/master-thesis-da/DNN_Trial/models/rtdl_models.py", line 667, in _evaluate
    outputs = self.model(x_cont, x_cat)
  File "/home/mburu/anaconda3/envs/TabSurvey/lib/python3.8/site-packages/torch/nn/modules/module.py", line 1518, in _wrapped_call_impl
    return self._call_impl(*args, **kwargs)
  File "/home/mburu/anaconda3/envs/TabSurvey/lib/python3.8/site-packages/torch/nn/modules/module.py", line 1527, in _call_impl
    return forward_call(*args, **kwargs)
  File "/home/mburu/anaconda3/envs/TabSurvey/lib/python3.8/site-packages/rtdl_revisiting_models.py", line 868, in forward
    x_embeddings.append(module(argvalue))
  File "/home/mburu/anaconda3/envs/TabSurvey/lib/python3.8/site-packages/torch/nn/modules/module.py", line 1518, in _wrapped_call_impl
    return self._call_impl(*args, **kwargs)
  File "/home/mburu/anaconda3/envs/TabSurvey/lib/python3.8/site-packages/torch/nn/modules/module.py", line 1527, in _call_impl
    return forward_call(*args, **kwargs)
  File "/home/mburu/anaconda3/envs/TabSurvey/lib/python3.8/site-packages/rtdl_revisiting_models.py", line 285, in forward
    [self.embeddings[i](x[..., i]) for i in range(n_features)], dim=-2
  File "/home/mburu/anaconda3/envs/TabSurvey/lib/python3.8/site-packages/rtdl_revisiting_models.py", line 285, in <listcomp>
    [self.embeddings[i](x[..., i]) for i in range(n_features)], dim=-2
  File "/home/mburu/anaconda3/envs/TabSurvey/lib/python3.8/site-packages/torch/nn/modules/module.py", line 1518, in _wrapped_call_impl
    return self._call_impl(*args, **kwargs)
  File "/home/mburu/anaconda3/envs/TabSurvey/lib/python3.8/site-packages/torch/nn/modules/module.py", line 1527, in _call_impl
    return forward_call(*args, **kwargs)
  File "/home/mburu/anaconda3/envs/TabSurvey/lib/python3.8/site-packages/torch/nn/modules/sparse.py", line 162, in forward
    return F.embedding(
  File "/home/mburu/anaconda3/envs/TabSurvey/lib/python3.8/site-packages/torch/nn/functional.py", line 2233, in embedding
    return torch.embedding(weight, input, padding_idx, scale_grad_by_freq, sparse)
torch.cuda.OutOfMemoryError: CUDA out of memory. Tried to allocate 70.00 MiB. GPU 0 has a total capacty of 7.79 GiB of which 32.44 MiB is free. Including non-PyTorch memory, this process has 7.75 GiB memory in use. Of the allocated memory 7.17 GiB is allocated by PyTorch, and 459.01 MiB is reserved by PyTorch but unallocated. If reserved but unallocated memory is large try setting max_split_size_mb to avoid fragmentation.  See documentation for Memory Management and PYTORCH_CUDA_ALLOC_CONF
srun: error: stud-000: task 0: Exited with exit code 1
/home/mburu/Master_Thesis/master-thesis-da/DNN_Trial/models/rtdl_models.py:662: UserWarning: To copy construct from a tensor, it is recommended to use sourceTensor.clone().detach() or sourceTensor.clone().detach().requires_grad_(True), rather than torch.tensor(sourceTensor).
  X = torch.tensor(X, dtype=torch.float32).to(self.device)
Traceback (most recent call last):
  File "train.py", line 1286, in <module>
    main_once(arguments)
  File "train.py", line 1246, in main_once
    sc, timer, results = test_model(model_name, parameters, X, y, X_test, y_test, args, visual=False, save_model=True)
  File "train.py", line 935, in test_model
    loss_history, test_loss_history = curr_model.fit(X_train, y_train_class, X_test, y_test_class, class_weights = class_weights) 
  File "/home/mburu/Master_Thesis/master-thesis-da/DNN_Trial/models/rtdl_models.py", line 593, in fit
    val_loss = self._evaluate(X_val, y_val, class_weights)
  File "/home/mburu/Master_Thesis/master-thesis-da/DNN_Trial/models/rtdl_models.py", line 667, in _evaluate
    outputs = self.model(x_cont, x_cat)
  File "/home/mburu/anaconda3/envs/TabSurvey/lib/python3.8/site-packages/torch/nn/modules/module.py", line 1518, in _wrapped_call_impl
    return self._call_impl(*args, **kwargs)
  File "/home/mburu/anaconda3/envs/TabSurvey/lib/python3.8/site-packages/torch/nn/modules/module.py", line 1527, in _call_impl
    return forward_call(*args, **kwargs)
  File "/home/mburu/anaconda3/envs/TabSurvey/lib/python3.8/site-packages/rtdl_revisiting_models.py", line 868, in forward
    x_embeddings.append(module(argvalue))
  File "/home/mburu/anaconda3/envs/TabSurvey/lib/python3.8/site-packages/torch/nn/modules/module.py", line 1518, in _wrapped_call_impl
    return self._call_impl(*args, **kwargs)
  File "/home/mburu/anaconda3/envs/TabSurvey/lib/python3.8/site-packages/torch/nn/modules/module.py", line 1527, in _call_impl
    return forward_call(*args, **kwargs)
  File "/home/mburu/anaconda3/envs/TabSurvey/lib/python3.8/site-packages/rtdl_revisiting_models.py", line 285, in forward
    [self.embeddings[i](x[..., i]) for i in range(n_features)], dim=-2
  File "/home/mburu/anaconda3/envs/TabSurvey/lib/python3.8/site-packages/rtdl_revisiting_models.py", line 285, in <listcomp>
    [self.embeddings[i](x[..., i]) for i in range(n_features)], dim=-2
  File "/home/mburu/anaconda3/envs/TabSurvey/lib/python3.8/site-packages/torch/nn/modules/module.py", line 1518, in _wrapped_call_impl
    return self._call_impl(*args, **kwargs)
  File "/home/mburu/anaconda3/envs/TabSurvey/lib/python3.8/site-packages/torch/nn/modules/module.py", line 1527, in _call_impl
    return forward_call(*args, **kwargs)
  File "/home/mburu/anaconda3/envs/TabSurvey/lib/python3.8/site-packages/torch/nn/modules/sparse.py", line 162, in forward
    return F.embedding(
  File "/home/mburu/anaconda3/envs/TabSurvey/lib/python3.8/site-packages/torch/nn/functional.py", line 2233, in embedding
    return torch.embedding(weight, input, padding_idx, scale_grad_by_freq, sparse)
torch.cuda.OutOfMemoryError: CUDA out of memory. Tried to allocate 70.00 MiB. GPU 0 has a total capacty of 7.79 GiB of which 32.44 MiB is free. Including non-PyTorch memory, this process has 7.75 GiB memory in use. Of the allocated memory 7.17 GiB is allocated by PyTorch, and 459.01 MiB is reserved by PyTorch but unallocated. If reserved but unallocated memory is large try setting max_split_size_mb to avoid fragmentation.  See documentation for Memory Management and PYTORCH_CUDA_ALLOC_CONF
srun: error: stud-000: task 0: Exited with exit code 1
/home/mburu/Master_Thesis/master-thesis-da/DNN_Trial/models/rtdl_models.py:662: UserWarning: To copy construct from a tensor, it is recommended to use sourceTensor.clone().detach() or sourceTensor.clone().detach().requires_grad_(True), rather than torch.tensor(sourceTensor).
  X = torch.tensor(X, dtype=torch.float32).to(self.device)
Traceback (most recent call last):
  File "train.py", line 1286, in <module>
    main_once(arguments)
  File "train.py", line 1246, in main_once
    sc, timer, results = test_model(model_name, parameters, X, y, X_test, y_test, args, visual=False, save_model=True)
  File "train.py", line 938, in test_model
    loss_history, test_loss_history = curr_model.fit(X_train, y_train_class, X_test, y_test_class)
  File "/home/mburu/Master_Thesis/master-thesis-da/DNN_Trial/models/rtdl_models.py", line 593, in fit
    val_loss = self._evaluate(X_val, y_val, class_weights)
  File "/home/mburu/Master_Thesis/master-thesis-da/DNN_Trial/models/rtdl_models.py", line 667, in _evaluate
    outputs = self.model(x_cont, x_cat)
  File "/home/mburu/anaconda3/envs/TabSurvey/lib/python3.8/site-packages/torch/nn/modules/module.py", line 1518, in _wrapped_call_impl
    return self._call_impl(*args, **kwargs)
  File "/home/mburu/anaconda3/envs/TabSurvey/lib/python3.8/site-packages/torch/nn/modules/module.py", line 1527, in _call_impl
    return forward_call(*args, **kwargs)
  File "/home/mburu/anaconda3/envs/TabSurvey/lib/python3.8/site-packages/rtdl_revisiting_models.py", line 868, in forward
    x_embeddings.append(module(argvalue))
  File "/home/mburu/anaconda3/envs/TabSurvey/lib/python3.8/site-packages/torch/nn/modules/module.py", line 1518, in _wrapped_call_impl
    return self._call_impl(*args, **kwargs)
  File "/home/mburu/anaconda3/envs/TabSurvey/lib/python3.8/site-packages/torch/nn/modules/module.py", line 1527, in _call_impl
    return forward_call(*args, **kwargs)
  File "/home/mburu/anaconda3/envs/TabSurvey/lib/python3.8/site-packages/rtdl_revisiting_models.py", line 208, in forward
    x = x + self.bias[None]
torch.cuda.OutOfMemoryError: CUDA out of memory. Tried to allocate 4.47 GiB. GPU 0 has a total capacty of 7.79 GiB of which 3.01 GiB is free. Including non-PyTorch memory, this process has 4.78 GiB memory in use. Of the allocated memory 4.62 GiB is allocated by PyTorch, and 24.00 MiB is reserved by PyTorch but unallocated. If reserved but unallocated memory is large try setting max_split_size_mb to avoid fragmentation.  See documentation for Memory Management and PYTORCH_CUDA_ALLOC_CONF
srun: error: stud-000: task 0: Exited with exit code 1
/home/mburu/Master_Thesis/master-thesis-da/DNN_Trial/models/rtdl_models.py:662: UserWarning: To copy construct from a tensor, it is recommended to use sourceTensor.clone().detach() or sourceTensor.clone().detach().requires_grad_(True), rather than torch.tensor(sourceTensor).
  X = torch.tensor(X, dtype=torch.float32).to(self.device)
Traceback (most recent call last):
  File "train.py", line 1286, in <module>
    main_once(arguments)
  File "train.py", line 1246, in main_once
    sc, timer, results = test_model(model_name, parameters, X, y, X_test, y_test, args, visual=False, save_model=True)
  File "train.py", line 935, in test_model
    loss_history, test_loss_history = curr_model.fit(X_train, y_train_class, X_test, y_test_class, class_weights = class_weights) 
  File "/home/mburu/Master_Thesis/master-thesis-da/DNN_Trial/models/rtdl_models.py", line 593, in fit
    val_loss = self._evaluate(X_val, y_val, class_weights)
  File "/home/mburu/Master_Thesis/master-thesis-da/DNN_Trial/models/rtdl_models.py", line 667, in _evaluate
    outputs = self.model(x_cont, x_cat)
  File "/home/mburu/anaconda3/envs/TabSurvey/lib/python3.8/site-packages/torch/nn/modules/module.py", line 1518, in _wrapped_call_impl
    return self._call_impl(*args, **kwargs)
  File "/home/mburu/anaconda3/envs/TabSurvey/lib/python3.8/site-packages/torch/nn/modules/module.py", line 1527, in _call_impl
    return forward_call(*args, **kwargs)
  File "/home/mburu/anaconda3/envs/TabSurvey/lib/python3.8/site-packages/rtdl_revisiting_models.py", line 868, in forward
    x_embeddings.append(module(argvalue))
  File "/home/mburu/anaconda3/envs/TabSurvey/lib/python3.8/site-packages/torch/nn/modules/module.py", line 1518, in _wrapped_call_impl
    return self._call_impl(*args, **kwargs)
  File "/home/mburu/anaconda3/envs/TabSurvey/lib/python3.8/site-packages/torch/nn/modules/module.py", line 1527, in _call_impl
    return forward_call(*args, **kwargs)
  File "/home/mburu/anaconda3/envs/TabSurvey/lib/python3.8/site-packages/rtdl_revisiting_models.py", line 208, in forward
    x = x + self.bias[None]
torch.cuda.OutOfMemoryError: CUDA out of memory. Tried to allocate 4.47 GiB. GPU 0 has a total capacty of 7.79 GiB of which 3.01 GiB is free. Including non-PyTorch memory, this process has 4.78 GiB memory in use. Of the allocated memory 4.62 GiB is allocated by PyTorch, and 24.00 MiB is reserved by PyTorch but unallocated. If reserved but unallocated memory is large try setting max_split_size_mb to avoid fragmentation.  See documentation for Memory Management and PYTORCH_CUDA_ALLOC_CONF
srun: error: stud-000: task 0: Exited with exit code 1
/home/mburu/Master_Thesis/master-thesis-da/DNN_Trial/models/rtdl_models.py:662: UserWarning: To copy construct from a tensor, it is recommended to use sourceTensor.clone().detach() or sourceTensor.clone().detach().requires_grad_(True), rather than torch.tensor(sourceTensor).
  X = torch.tensor(X, dtype=torch.float32).to(self.device)
Traceback (most recent call last):
  File "train.py", line 1286, in <module>
    main_once(arguments)
  File "train.py", line 1246, in main_once
    sc, timer, results = test_model(model_name, parameters, X, y, X_test, y_test, args, visual=False, save_model=True)
  File "train.py", line 938, in test_model
    loss_history, test_loss_history = curr_model.fit(X_train, y_train_class, X_test, y_test_class)
  File "/home/mburu/Master_Thesis/master-thesis-da/DNN_Trial/models/rtdl_models.py", line 593, in fit
    val_loss = self._evaluate(X_val, y_val, class_weights)
  File "/home/mburu/Master_Thesis/master-thesis-da/DNN_Trial/models/rtdl_models.py", line 667, in _evaluate
    outputs = self.model(x_cont, x_cat)
  File "/home/mburu/anaconda3/envs/TabSurvey/lib/python3.8/site-packages/torch/nn/modules/module.py", line 1518, in _wrapped_call_impl
    return self._call_impl(*args, **kwargs)
  File "/home/mburu/anaconda3/envs/TabSurvey/lib/python3.8/site-packages/torch/nn/modules/module.py", line 1527, in _call_impl
    return forward_call(*args, **kwargs)
  File "/home/mburu/anaconda3/envs/TabSurvey/lib/python3.8/site-packages/rtdl_revisiting_models.py", line 868, in forward
    x_embeddings.append(module(argvalue))
  File "/home/mburu/anaconda3/envs/TabSurvey/lib/python3.8/site-packages/torch/nn/modules/module.py", line 1518, in _wrapped_call_impl
    return self._call_impl(*args, **kwargs)
  File "/home/mburu/anaconda3/envs/TabSurvey/lib/python3.8/site-packages/torch/nn/modules/module.py", line 1527, in _call_impl
    return forward_call(*args, **kwargs)
  File "/home/mburu/anaconda3/envs/TabSurvey/lib/python3.8/site-packages/rtdl_revisiting_models.py", line 208, in forward
    x = x + self.bias[None]
torch.cuda.OutOfMemoryError: CUDA out of memory. Tried to allocate 4.47 GiB. GPU 0 has a total capacty of 7.79 GiB of which 3.01 GiB is free. Including non-PyTorch memory, this process has 4.78 GiB memory in use. Of the allocated memory 4.62 GiB is allocated by PyTorch, and 24.00 MiB is reserved by PyTorch but unallocated. If reserved but unallocated memory is large try setting max_split_size_mb to avoid fragmentation.  See documentation for Memory Management and PYTORCH_CUDA_ALLOC_CONF
srun: error: stud-000: task 0: Exited with exit code 1
/home/mburu/Master_Thesis/master-thesis-da/DNN_Trial/models/rtdl_models.py:662: UserWarning: To copy construct from a tensor, it is recommended to use sourceTensor.clone().detach() or sourceTensor.clone().detach().requires_grad_(True), rather than torch.tensor(sourceTensor).
  X = torch.tensor(X, dtype=torch.float32).to(self.device)
Traceback (most recent call last):
  File "train.py", line 1286, in <module>
    main_once(arguments)
  File "train.py", line 1246, in main_once
    sc, timer, results = test_model(model_name, parameters, X, y, X_test, y_test, args, visual=False, save_model=True)
  File "train.py", line 935, in test_model
    loss_history, test_loss_history = curr_model.fit(X_train, y_train_class, X_test, y_test_class, class_weights = class_weights) 
  File "/home/mburu/Master_Thesis/master-thesis-da/DNN_Trial/models/rtdl_models.py", line 593, in fit
    val_loss = self._evaluate(X_val, y_val, class_weights)
  File "/home/mburu/Master_Thesis/master-thesis-da/DNN_Trial/models/rtdl_models.py", line 667, in _evaluate
    outputs = self.model(x_cont, x_cat)
  File "/home/mburu/anaconda3/envs/TabSurvey/lib/python3.8/site-packages/torch/nn/modules/module.py", line 1518, in _wrapped_call_impl
    return self._call_impl(*args, **kwargs)
  File "/home/mburu/anaconda3/envs/TabSurvey/lib/python3.8/site-packages/torch/nn/modules/module.py", line 1527, in _call_impl
    return forward_call(*args, **kwargs)
  File "/home/mburu/anaconda3/envs/TabSurvey/lib/python3.8/site-packages/rtdl_revisiting_models.py", line 868, in forward
    x_embeddings.append(module(argvalue))
  File "/home/mburu/anaconda3/envs/TabSurvey/lib/python3.8/site-packages/torch/nn/modules/module.py", line 1518, in _wrapped_call_impl
    return self._call_impl(*args, **kwargs)
  File "/home/mburu/anaconda3/envs/TabSurvey/lib/python3.8/site-packages/torch/nn/modules/module.py", line 1527, in _call_impl
    return forward_call(*args, **kwargs)
  File "/home/mburu/anaconda3/envs/TabSurvey/lib/python3.8/site-packages/rtdl_revisiting_models.py", line 208, in forward
    x = x + self.bias[None]
torch.cuda.OutOfMemoryError: CUDA out of memory. Tried to allocate 4.47 GiB. GPU 0 has a total capacty of 7.79 GiB of which 3.01 GiB is free. Including non-PyTorch memory, this process has 4.78 GiB memory in use. Of the allocated memory 4.62 GiB is allocated by PyTorch, and 24.00 MiB is reserved by PyTorch but unallocated. If reserved but unallocated memory is large try setting max_split_size_mb to avoid fragmentation.  See documentation for Memory Management and PYTORCH_CUDA_ALLOC_CONF
srun: error: stud-000: task 0: Exited with exit code 1
/home/mburu/Master_Thesis/master-thesis-da/DNN_Trial/models/rtdl_models.py:662: UserWarning: To copy construct from a tensor, it is recommended to use sourceTensor.clone().detach() or sourceTensor.clone().detach().requires_grad_(True), rather than torch.tensor(sourceTensor).
  X = torch.tensor(X, dtype=torch.float32).to(self.device)
Traceback (most recent call last):
  File "train.py", line 1286, in <module>
    main_once(arguments)
  File "train.py", line 1246, in main_once
    sc, timer, results = test_model(model_name, parameters, X, y, X_test, y_test, args, visual=False, save_model=True)
  File "train.py", line 938, in test_model
    loss_history, test_loss_history = curr_model.fit(X_train, y_train_class, X_test, y_test_class)
  File "/home/mburu/Master_Thesis/master-thesis-da/DNN_Trial/models/rtdl_models.py", line 593, in fit
    val_loss = self._evaluate(X_val, y_val, class_weights)
  File "/home/mburu/Master_Thesis/master-thesis-da/DNN_Trial/models/rtdl_models.py", line 667, in _evaluate
    outputs = self.model(x_cont, x_cat)
  File "/home/mburu/anaconda3/envs/TabSurvey/lib/python3.8/site-packages/torch/nn/modules/module.py", line 1518, in _wrapped_call_impl
    return self._call_impl(*args, **kwargs)
  File "/home/mburu/anaconda3/envs/TabSurvey/lib/python3.8/site-packages/torch/nn/modules/module.py", line 1527, in _call_impl
    return forward_call(*args, **kwargs)
  File "/home/mburu/anaconda3/envs/TabSurvey/lib/python3.8/site-packages/rtdl_revisiting_models.py", line 868, in forward
    x_embeddings.append(module(argvalue))
  File "/home/mburu/anaconda3/envs/TabSurvey/lib/python3.8/site-packages/torch/nn/modules/module.py", line 1518, in _wrapped_call_impl
    return self._call_impl(*args, **kwargs)
  File "/home/mburu/anaconda3/envs/TabSurvey/lib/python3.8/site-packages/torch/nn/modules/module.py", line 1527, in _call_impl
    return forward_call(*args, **kwargs)
  File "/home/mburu/anaconda3/envs/TabSurvey/lib/python3.8/site-packages/rtdl_revisiting_models.py", line 208, in forward
    x = x + self.bias[None]
torch.cuda.OutOfMemoryError: CUDA out of memory. Tried to allocate 4.47 GiB. GPU 0 has a total capacty of 7.79 GiB of which 3.01 GiB is free. Including non-PyTorch memory, this process has 4.78 GiB memory in use. Of the allocated memory 4.62 GiB is allocated by PyTorch, and 24.00 MiB is reserved by PyTorch but unallocated. If reserved but unallocated memory is large try setting max_split_size_mb to avoid fragmentation.  See documentation for Memory Management and PYTORCH_CUDA_ALLOC_CONF
srun: error: stud-000: task 0: Exited with exit code 1
/home/mburu/Master_Thesis/master-thesis-da/DNN_Trial/models/rtdl_models.py:662: UserWarning: To copy construct from a tensor, it is recommended to use sourceTensor.clone().detach() or sourceTensor.clone().detach().requires_grad_(True), rather than torch.tensor(sourceTensor).
  X = torch.tensor(X, dtype=torch.float32).to(self.device)
Traceback (most recent call last):
  File "train.py", line 1286, in <module>
    main_once(arguments)
  File "train.py", line 1246, in main_once
    sc, timer, results = test_model(model_name, parameters, X, y, X_test, y_test, args, visual=False, save_model=True)
  File "train.py", line 935, in test_model
    loss_history, test_loss_history = curr_model.fit(X_train, y_train_class, X_test, y_test_class, class_weights = class_weights) 
  File "/home/mburu/Master_Thesis/master-thesis-da/DNN_Trial/models/rtdl_models.py", line 593, in fit
    val_loss = self._evaluate(X_val, y_val, class_weights)
  File "/home/mburu/Master_Thesis/master-thesis-da/DNN_Trial/models/rtdl_models.py", line 667, in _evaluate
    outputs = self.model(x_cont, x_cat)
  File "/home/mburu/anaconda3/envs/TabSurvey/lib/python3.8/site-packages/torch/nn/modules/module.py", line 1518, in _wrapped_call_impl
    return self._call_impl(*args, **kwargs)
  File "/home/mburu/anaconda3/envs/TabSurvey/lib/python3.8/site-packages/torch/nn/modules/module.py", line 1527, in _call_impl
    return forward_call(*args, **kwargs)
  File "/home/mburu/anaconda3/envs/TabSurvey/lib/python3.8/site-packages/rtdl_revisiting_models.py", line 868, in forward
    x_embeddings.append(module(argvalue))
  File "/home/mburu/anaconda3/envs/TabSurvey/lib/python3.8/site-packages/torch/nn/modules/module.py", line 1518, in _wrapped_call_impl
    return self._call_impl(*args, **kwargs)
  File "/home/mburu/anaconda3/envs/TabSurvey/lib/python3.8/site-packages/torch/nn/modules/module.py", line 1527, in _call_impl
    return forward_call(*args, **kwargs)
  File "/home/mburu/anaconda3/envs/TabSurvey/lib/python3.8/site-packages/rtdl_revisiting_models.py", line 208, in forward
    x = x + self.bias[None]
torch.cuda.OutOfMemoryError: CUDA out of memory. Tried to allocate 4.47 GiB. GPU 0 has a total capacty of 7.79 GiB of which 3.01 GiB is free. Including non-PyTorch memory, this process has 4.78 GiB memory in use. Of the allocated memory 4.62 GiB is allocated by PyTorch, and 24.00 MiB is reserved by PyTorch but unallocated. If reserved but unallocated memory is large try setting max_split_size_mb to avoid fragmentation.  See documentation for Memory Management and PYTORCH_CUDA_ALLOC_CONF
srun: error: stud-000: task 0: Exited with exit code 1
/home/mburu/Master_Thesis/master-thesis-da/DNN_Trial/models/rtdl_models.py:662: UserWarning: To copy construct from a tensor, it is recommended to use sourceTensor.clone().detach() or sourceTensor.clone().detach().requires_grad_(True), rather than torch.tensor(sourceTensor).
  X = torch.tensor(X, dtype=torch.float32).to(self.device)
/home/mburu/Master_Thesis/master-thesis-da/DNN_Trial/models/rtdl_models.py:662: UserWarning: To copy construct from a tensor, it is recommended to use sourceTensor.clone().detach() or sourceTensor.clone().detach().requires_grad_(True), rather than torch.tensor(sourceTensor).
  X = torch.tensor(X, dtype=torch.float32).to(self.device)
/home/mburu/Master_Thesis/master-thesis-da/DNN_Trial/models/rtdl_models.py:662: UserWarning: To copy construct from a tensor, it is recommended to use sourceTensor.clone().detach() or sourceTensor.clone().detach().requires_grad_(True), rather than torch.tensor(sourceTensor).
  X = torch.tensor(X, dtype=torch.float32).to(self.device)
/home/mburu/Master_Thesis/master-thesis-da/DNN_Trial/models/rtdl_models.py:662: UserWarning: To copy construct from a tensor, it is recommended to use sourceTensor.clone().detach() or sourceTensor.clone().detach().requires_grad_(True), rather than torch.tensor(sourceTensor).
  X = torch.tensor(X, dtype=torch.float32).to(self.device)
/home/mburu/Master_Thesis/master-thesis-da/DNN_Trial/models/rtdl_models.py:662: UserWarning: To copy construct from a tensor, it is recommended to use sourceTensor.clone().detach() or sourceTensor.clone().detach().requires_grad_(True), rather than torch.tensor(sourceTensor).
  X = torch.tensor(X, dtype=torch.float32).to(self.device)
/home/mburu/Master_Thesis/master-thesis-da/DNN_Trial/models/rtdl_models.py:662: UserWarning: To copy construct from a tensor, it is recommended to use sourceTensor.clone().detach() or sourceTensor.clone().detach().requires_grad_(True), rather than torch.tensor(sourceTensor).
  X = torch.tensor(X, dtype=torch.float32).to(self.device)
/home/mburu/Master_Thesis/master-thesis-da/DNN_Trial/models/rtdl_models.py:662: UserWarning: To copy construct from a tensor, it is recommended to use sourceTensor.clone().detach() or sourceTensor.clone().detach().requires_grad_(True), rather than torch.tensor(sourceTensor).
  X = torch.tensor(X, dtype=torch.float32).to(self.device)
/home/mburu/Master_Thesis/master-thesis-da/DNN_Trial/models/rtdl_models.py:662: UserWarning: To copy construct from a tensor, it is recommended to use sourceTensor.clone().detach() or sourceTensor.clone().detach().requires_grad_(True), rather than torch.tensor(sourceTensor).
  X = torch.tensor(X, dtype=torch.float32).to(self.device)
/home/mburu/Master_Thesis/master-thesis-da/DNN_Trial/models/rtdl_models.py:662: UserWarning: To copy construct from a tensor, it is recommended to use sourceTensor.clone().detach() or sourceTensor.clone().detach().requires_grad_(True), rather than torch.tensor(sourceTensor).
  X = torch.tensor(X, dtype=torch.float32).to(self.device)
/home/mburu/Master_Thesis/master-thesis-da/DNN_Trial/models/rtdl_models.py:662: UserWarning: To copy construct from a tensor, it is recommended to use sourceTensor.clone().detach() or sourceTensor.clone().detach().requires_grad_(True), rather than torch.tensor(sourceTensor).
  X = torch.tensor(X, dtype=torch.float32).to(self.device)
/home/mburu/Master_Thesis/master-thesis-da/DNN_Trial/models/rtdl_models.py:662: UserWarning: To copy construct from a tensor, it is recommended to use sourceTensor.clone().detach() or sourceTensor.clone().detach().requires_grad_(True), rather than torch.tensor(sourceTensor).
  X = torch.tensor(X, dtype=torch.float32).to(self.device)
/home/mburu/Master_Thesis/master-thesis-da/DNN_Trial/models/rtdl_models.py:662: UserWarning: To copy construct from a tensor, it is recommended to use sourceTensor.clone().detach() or sourceTensor.clone().detach().requires_grad_(True), rather than torch.tensor(sourceTensor).
  X = torch.tensor(X, dtype=torch.float32).to(self.device)
/home/mburu/Master_Thesis/master-thesis-da/DNN_Trial/models/rtdl_models.py:662: UserWarning: To copy construct from a tensor, it is recommended to use sourceTensor.clone().detach() or sourceTensor.clone().detach().requires_grad_(True), rather than torch.tensor(sourceTensor).
  X = torch.tensor(X, dtype=torch.float32).to(self.device)
/home/mburu/Master_Thesis/master-thesis-da/DNN_Trial/models/rtdl_models.py:662: UserWarning: To copy construct from a tensor, it is recommended to use sourceTensor.clone().detach() or sourceTensor.clone().detach().requires_grad_(True), rather than torch.tensor(sourceTensor).
  X = torch.tensor(X, dtype=torch.float32).to(self.device)
/home/mburu/Master_Thesis/master-thesis-da/DNN_Trial/models/rtdl_models.py:662: UserWarning: To copy construct from a tensor, it is recommended to use sourceTensor.clone().detach() or sourceTensor.clone().detach().requires_grad_(True), rather than torch.tensor(sourceTensor).
  X = torch.tensor(X, dtype=torch.float32).to(self.device)
/home/mburu/Master_Thesis/master-thesis-da/DNN_Trial/models/rtdl_models.py:662: UserWarning: To copy construct from a tensor, it is recommended to use sourceTensor.clone().detach() or sourceTensor.clone().detach().requires_grad_(True), rather than torch.tensor(sourceTensor).
  X = torch.tensor(X, dtype=torch.float32).to(self.device)
/home/mburu/Master_Thesis/master-thesis-da/DNN_Trial/models/rtdl_models.py:662: UserWarning: To copy construct from a tensor, it is recommended to use sourceTensor.clone().detach() or sourceTensor.clone().detach().requires_grad_(True), rather than torch.tensor(sourceTensor).
  X = torch.tensor(X, dtype=torch.float32).to(self.device)
/home/mburu/Master_Thesis/master-thesis-da/DNN_Trial/models/rtdl_models.py:662: UserWarning: To copy construct from a tensor, it is recommended to use sourceTensor.clone().detach() or sourceTensor.clone().detach().requires_grad_(True), rather than torch.tensor(sourceTensor).
  X = torch.tensor(X, dtype=torch.float32).to(self.device)
/home/mburu/Master_Thesis/master-thesis-da/DNN_Trial/models/rtdl_models.py:662: UserWarning: To copy construct from a tensor, it is recommended to use sourceTensor.clone().detach() or sourceTensor.clone().detach().requires_grad_(True), rather than torch.tensor(sourceTensor).
  X = torch.tensor(X, dtype=torch.float32).to(self.device)
/home/mburu/Master_Thesis/master-thesis-da/DNN_Trial/models/rtdl_models.py:662: UserWarning: To copy construct from a tensor, it is recommended to use sourceTensor.clone().detach() or sourceTensor.clone().detach().requires_grad_(True), rather than torch.tensor(sourceTensor).
  X = torch.tensor(X, dtype=torch.float32).to(self.device)
/home/mburu/Master_Thesis/master-thesis-da/DNN_Trial/models/rtdl_models.py:662: UserWarning: To copy construct from a tensor, it is recommended to use sourceTensor.clone().detach() or sourceTensor.clone().detach().requires_grad_(True), rather than torch.tensor(sourceTensor).
  X = torch.tensor(X, dtype=torch.float32).to(self.device)
/home/mburu/Master_Thesis/master-thesis-da/DNN_Trial/models/rtdl_models.py:662: UserWarning: To copy construct from a tensor, it is recommended to use sourceTensor.clone().detach() or sourceTensor.clone().detach().requires_grad_(True), rather than torch.tensor(sourceTensor).
  X = torch.tensor(X, dtype=torch.float32).to(self.device)
/home/mburu/Master_Thesis/master-thesis-da/DNN_Trial/models/rtdl_models.py:662: UserWarning: To copy construct from a tensor, it is recommended to use sourceTensor.clone().detach() or sourceTensor.clone().detach().requires_grad_(True), rather than torch.tensor(sourceTensor).
  X = torch.tensor(X, dtype=torch.float32).to(self.device)
/home/mburu/Master_Thesis/master-thesis-da/DNN_Trial/models/rtdl_models.py:662: UserWarning: To copy construct from a tensor, it is recommended to use sourceTensor.clone().detach() or sourceTensor.clone().detach().requires_grad_(True), rather than torch.tensor(sourceTensor).
  X = torch.tensor(X, dtype=torch.float32).to(self.device)
/home/mburu/Master_Thesis/master-thesis-da/DNN_Trial/models/rtdl_models.py:662: UserWarning: To copy construct from a tensor, it is recommended to use sourceTensor.clone().detach() or sourceTensor.clone().detach().requires_grad_(True), rather than torch.tensor(sourceTensor).
  X = torch.tensor(X, dtype=torch.float32).to(self.device)
/home/mburu/Master_Thesis/master-thesis-da/DNN_Trial/models/rtdl_models.py:662: UserWarning: To copy construct from a tensor, it is recommended to use sourceTensor.clone().detach() or sourceTensor.clone().detach().requires_grad_(True), rather than torch.tensor(sourceTensor).
  X = torch.tensor(X, dtype=torch.float32).to(self.device)
/home/mburu/Master_Thesis/master-thesis-da/DNN_Trial/models/rtdl_models.py:662: UserWarning: To copy construct from a tensor, it is recommended to use sourceTensor.clone().detach() or sourceTensor.clone().detach().requires_grad_(True), rather than torch.tensor(sourceTensor).
  X = torch.tensor(X, dtype=torch.float32).to(self.device)
/home/mburu/Master_Thesis/master-thesis-da/DNN_Trial/models/rtdl_models.py:662: UserWarning: To copy construct from a tensor, it is recommended to use sourceTensor.clone().detach() or sourceTensor.clone().detach().requires_grad_(True), rather than torch.tensor(sourceTensor).
  X = torch.tensor(X, dtype=torch.float32).to(self.device)
/home/mburu/Master_Thesis/master-thesis-da/DNN_Trial/models/rtdl_models.py:662: UserWarning: To copy construct from a tensor, it is recommended to use sourceTensor.clone().detach() or sourceTensor.clone().detach().requires_grad_(True), rather than torch.tensor(sourceTensor).
  X = torch.tensor(X, dtype=torch.float32).to(self.device)
/home/mburu/Master_Thesis/master-thesis-da/DNN_Trial/models/rtdl_models.py:662: UserWarning: To copy construct from a tensor, it is recommended to use sourceTensor.clone().detach() or sourceTensor.clone().detach().requires_grad_(True), rather than torch.tensor(sourceTensor).
  X = torch.tensor(X, dtype=torch.float32).to(self.device)
/home/mburu/Master_Thesis/master-thesis-da/DNN_Trial/models/rtdl_models.py:662: UserWarning: To copy construct from a tensor, it is recommended to use sourceTensor.clone().detach() or sourceTensor.clone().detach().requires_grad_(True), rather than torch.tensor(sourceTensor).
  X = torch.tensor(X, dtype=torch.float32).to(self.device)
/home/mburu/Master_Thesis/master-thesis-da/DNN_Trial/models/rtdl_models.py:662: UserWarning: To copy construct from a tensor, it is recommended to use sourceTensor.clone().detach() or sourceTensor.clone().detach().requires_grad_(True), rather than torch.tensor(sourceTensor).
  X = torch.tensor(X, dtype=torch.float32).to(self.device)
/home/mburu/Master_Thesis/master-thesis-da/DNN_Trial/models/rtdl_models.py:662: UserWarning: To copy construct from a tensor, it is recommended to use sourceTensor.clone().detach() or sourceTensor.clone().detach().requires_grad_(True), rather than torch.tensor(sourceTensor).
  X = torch.tensor(X, dtype=torch.float32).to(self.device)
/home/mburu/Master_Thesis/master-thesis-da/DNN_Trial/models/rtdl_models.py:662: UserWarning: To copy construct from a tensor, it is recommended to use sourceTensor.clone().detach() or sourceTensor.clone().detach().requires_grad_(True), rather than torch.tensor(sourceTensor).
  X = torch.tensor(X, dtype=torch.float32).to(self.device)
/home/mburu/Master_Thesis/master-thesis-da/DNN_Trial/models/rtdl_models.py:662: UserWarning: To copy construct from a tensor, it is recommended to use sourceTensor.clone().detach() or sourceTensor.clone().detach().requires_grad_(True), rather than torch.tensor(sourceTensor).
  X = torch.tensor(X, dtype=torch.float32).to(self.device)
Traceback (most recent call last):
  File "train.py", line 1294, in <module>
    main_once(arguments)
  File "train.py", line 1254, in main_once
    sc, timer, results = test_model(model_name, parameters, X, y, X_test, y_test, args, visual=False, save_model=True)
  File "train.py", line 903, in test_model
    y_train_class, y_test_class = binning(args, y_train, y_test)
  File "train.py", line 147, in binning
    args.num_bins = bin_finder(args, y)
  File "train.py", line 81, in bin_finder
    return bins
UnboundLocalError: local variable 'bins' referenced before assignment
srun: error: stud-000: task 0: Exited with exit code 1
Traceback (most recent call last):
  File "train.py", line 1294, in <module>
    main_once(arguments)
  File "train.py", line 1254, in main_once
    sc, timer, results = test_model(model_name, parameters, X, y, X_test, y_test, args, visual=False, save_model=True)
  File "train.py", line 903, in test_model
    y_train_class, y_test_class = binning(args, y_train, y_test)
  File "train.py", line 147, in binning
    args.num_bins = bin_finder(args, y)
  File "train.py", line 81, in bin_finder
    return bins
UnboundLocalError: local variable 'bins' referenced before assignment
srun: error: stud-000: task 0: Exited with exit code 1
Traceback (most recent call last):
  File "train.py", line 1294, in <module>
    main_once(arguments)
  File "train.py", line 1254, in main_once
    sc, timer, results = test_model(model_name, parameters, X, y, X_test, y_test, args, visual=False, save_model=True)
  File "train.py", line 903, in test_model
    y_train_class, y_test_class = binning(args, y_train, y_test)
  File "train.py", line 147, in binning
    args.num_bins = bin_finder(args, y)
  File "train.py", line 81, in bin_finder
    return bins
UnboundLocalError: local variable 'bins' referenced before assignment
srun: error: stud-000: task 0: Exited with exit code 1
Traceback (most recent call last):
  File "train.py", line 1294, in <module>
    main_once(arguments)
  File "train.py", line 1254, in main_once
    sc, timer, results = test_model(model_name, parameters, X, y, X_test, y_test, args, visual=False, save_model=True)
  File "train.py", line 903, in test_model
    y_train_class, y_test_class = binning(args, y_train, y_test)
  File "train.py", line 147, in binning
    args.num_bins = bin_finder(args, y)
  File "train.py", line 81, in bin_finder
    return bins
UnboundLocalError: local variable 'bins' referenced before assignment
srun: error: stud-000: task 0: Exited with exit code 1
Traceback (most recent call last):
  File "train.py", line 1294, in <module>
    main_once(arguments)
  File "train.py", line 1254, in main_once
    sc, timer, results = test_model(model_name, parameters, X, y, X_test, y_test, args, visual=False, save_model=True)
  File "train.py", line 903, in test_model
    y_train_class, y_test_class = binning(args, y_train, y_test)
  File "train.py", line 147, in binning
    args.num_bins = bin_finder(args, y)
  File "train.py", line 81, in bin_finder
    return bins
UnboundLocalError: local variable 'bins' referenced before assignment
srun: error: stud-000: task 0: Exited with exit code 1
Traceback (most recent call last):
  File "train.py", line 1294, in <module>
    main_once(arguments)
  File "train.py", line 1254, in main_once
    sc, timer, results = test_model(model_name, parameters, X, y, X_test, y_test, args, visual=False, save_model=True)
  File "train.py", line 903, in test_model
    y_train_class, y_test_class = binning(args, y_train, y_test)
  File "train.py", line 147, in binning
    args.num_bins = bin_finder(args, y)
  File "train.py", line 81, in bin_finder
    return bins
UnboundLocalError: local variable 'bins' referenced before assignment
srun: error: stud-000: task 0: Exited with exit code 1
Traceback (most recent call last):
  File "train.py", line 1294, in <module>
    main_once(arguments)
  File "train.py", line 1254, in main_once
    sc, timer, results = test_model(model_name, parameters, X, y, X_test, y_test, args, visual=False, save_model=True)
  File "train.py", line 903, in test_model
    y_train_class, y_test_class = binning(args, y_train, y_test)
  File "train.py", line 147, in binning
    args.num_bins = bin_finder(args, y)
  File "train.py", line 81, in bin_finder
    return bins
UnboundLocalError: local variable 'bins' referenced before assignment
srun: error: stud-000: task 0: Exited with exit code 1
Traceback (most recent call last):
  File "train.py", line 1294, in <module>
    main_once(arguments)
  File "train.py", line 1254, in main_once
    sc, timer, results = test_model(model_name, parameters, X, y, X_test, y_test, args, visual=False, save_model=True)
  File "train.py", line 903, in test_model
    y_train_class, y_test_class = binning(args, y_train, y_test)
  File "train.py", line 147, in binning
    args.num_bins = bin_finder(args, y)
  File "train.py", line 81, in bin_finder
    return bins
UnboundLocalError: local variable 'bins' referenced before assignment
srun: error: stud-000: task 0: Exited with exit code 1
Traceback (most recent call last):
  File "train.py", line 1294, in <module>
    main_once(arguments)
  File "train.py", line 1254, in main_once
    sc, timer, results = test_model(model_name, parameters, X, y, X_test, y_test, args, visual=False, save_model=True)
  File "train.py", line 903, in test_model
    y_train_class, y_test_class = binning(args, y_train, y_test)
  File "train.py", line 147, in binning
    args.num_bins = bin_finder(args, y)
  File "train.py", line 81, in bin_finder
    return bins
UnboundLocalError: local variable 'bins' referenced before assignment
srun: error: stud-000: task 0: Exited with exit code 1
Traceback (most recent call last):
  File "train.py", line 1294, in <module>
    main_once(arguments)
  File "train.py", line 1254, in main_once
    sc, timer, results = test_model(model_name, parameters, X, y, X_test, y_test, args, visual=False, save_model=True)
  File "train.py", line 903, in test_model
    y_train_class, y_test_class = binning(args, y_train, y_test)
  File "train.py", line 147, in binning
    args.num_bins = bin_finder(args, y)
  File "train.py", line 81, in bin_finder
    return bins
UnboundLocalError: local variable 'bins' referenced before assignment
srun: error: stud-000: task 0: Exited with exit code 1
Traceback (most recent call last):
  File "train.py", line 1294, in <module>
    main_once(arguments)
  File "train.py", line 1254, in main_once
    sc, timer, results = test_model(model_name, parameters, X, y, X_test, y_test, args, visual=False, save_model=True)
  File "train.py", line 903, in test_model
    y_train_class, y_test_class = binning(args, y_train, y_test)
  File "train.py", line 147, in binning
    args.num_bins = bin_finder(args, y)
  File "train.py", line 81, in bin_finder
    return bins
UnboundLocalError: local variable 'bins' referenced before assignment
srun: error: stud-000: task 0: Exited with exit code 1
Traceback (most recent call last):
  File "train.py", line 1294, in <module>
    main_once(arguments)
  File "train.py", line 1254, in main_once
    sc, timer, results = test_model(model_name, parameters, X, y, X_test, y_test, args, visual=False, save_model=True)
  File "train.py", line 903, in test_model
    y_train_class, y_test_class = binning(args, y_train, y_test)
  File "train.py", line 147, in binning
    args.num_bins = bin_finder(args, y)
  File "train.py", line 81, in bin_finder
    return bins
UnboundLocalError: local variable 'bins' referenced before assignment
srun: error: stud-000: task 0: Exited with exit code 1
Traceback (most recent call last):
  File "train.py", line 1294, in <module>
    main_once(arguments)
  File "train.py", line 1254, in main_once
    sc, timer, results = test_model(model_name, parameters, X, y, X_test, y_test, args, visual=False, save_model=True)
  File "train.py", line 903, in test_model
    y_train_class, y_test_class = binning(args, y_train, y_test)
  File "train.py", line 147, in binning
    args.num_bins = bin_finder(args, y)
  File "train.py", line 81, in bin_finder
    return bins
UnboundLocalError: local variable 'bins' referenced before assignment
srun: error: stud-000: task 0: Exited with exit code 1
Traceback (most recent call last):
  File "train.py", line 1294, in <module>
    main_once(arguments)
  File "train.py", line 1254, in main_once
    sc, timer, results = test_model(model_name, parameters, X, y, X_test, y_test, args, visual=False, save_model=True)
  File "train.py", line 903, in test_model
    y_train_class, y_test_class = binning(args, y_train, y_test)
  File "train.py", line 147, in binning
    args.num_bins = bin_finder(args, y)
  File "train.py", line 81, in bin_finder
    return bins
UnboundLocalError: local variable 'bins' referenced before assignment
srun: error: stud-000: task 0: Exited with exit code 1
Traceback (most recent call last):
  File "train.py", line 1294, in <module>
    main_once(arguments)
  File "train.py", line 1254, in main_once
    sc, timer, results = test_model(model_name, parameters, X, y, X_test, y_test, args, visual=False, save_model=True)
  File "train.py", line 903, in test_model
    y_train_class, y_test_class = binning(args, y_train, y_test)
  File "train.py", line 147, in binning
    args.num_bins = bin_finder(args, y)
  File "train.py", line 81, in bin_finder
    return bins
UnboundLocalError: local variable 'bins' referenced before assignment
srun: error: stud-000: task 0: Exited with exit code 1
Traceback (most recent call last):
  File "train.py", line 1294, in <module>
    main_once(arguments)
  File "train.py", line 1254, in main_once
    sc, timer, results = test_model(model_name, parameters, X, y, X_test, y_test, args, visual=False, save_model=True)
  File "train.py", line 903, in test_model
    y_train_class, y_test_class = binning(args, y_train, y_test)
  File "train.py", line 147, in binning
    args.num_bins = bin_finder(args, y)
  File "train.py", line 81, in bin_finder
    return bins
UnboundLocalError: local variable 'bins' referenced before assignment
srun: error: stud-000: task 0: Exited with exit code 1
Traceback (most recent call last):
  File "train.py", line 1294, in <module>
    main_once(arguments)
  File "train.py", line 1254, in main_once
    sc, timer, results = test_model(model_name, parameters, X, y, X_test, y_test, args, visual=False, save_model=True)
  File "train.py", line 903, in test_model
    y_train_class, y_test_class = binning(args, y_train, y_test)
  File "train.py", line 147, in binning
    args.num_bins = bin_finder(args, y)
  File "train.py", line 81, in bin_finder
    return bins
UnboundLocalError: local variable 'bins' referenced before assignment
srun: error: stud-000: task 0: Exited with exit code 1
Traceback (most recent call last):
  File "train.py", line 1294, in <module>
    main_once(arguments)
  File "train.py", line 1254, in main_once
    sc, timer, results = test_model(model_name, parameters, X, y, X_test, y_test, args, visual=False, save_model=True)
  File "train.py", line 903, in test_model
    y_train_class, y_test_class = binning(args, y_train, y_test)
  File "train.py", line 147, in binning
    args.num_bins = bin_finder(args, y)
  File "train.py", line 81, in bin_finder
    return bins
UnboundLocalError: local variable 'bins' referenced before assignment
srun: error: stud-000: task 0: Exited with exit code 1
Traceback (most recent call last):
  File "train.py", line 1294, in <module>
    main_once(arguments)
  File "train.py", line 1254, in main_once
    sc, timer, results = test_model(model_name, parameters, X, y, X_test, y_test, args, visual=False, save_model=True)
  File "train.py", line 903, in test_model
    y_train_class, y_test_class = binning(args, y_train, y_test)
  File "train.py", line 147, in binning
    args.num_bins = bin_finder(args, y)
  File "train.py", line 81, in bin_finder
    return bins
UnboundLocalError: local variable 'bins' referenced before assignment
srun: error: stud-000: task 0: Exited with exit code 1
Traceback (most recent call last):
  File "train.py", line 1294, in <module>
    main_once(arguments)
  File "train.py", line 1254, in main_once
    sc, timer, results = test_model(model_name, parameters, X, y, X_test, y_test, args, visual=False, save_model=True)
  File "train.py", line 903, in test_model
    y_train_class, y_test_class = binning(args, y_train, y_test)
  File "train.py", line 147, in binning
    args.num_bins = bin_finder(args, y)
  File "train.py", line 81, in bin_finder
    return bins
UnboundLocalError: local variable 'bins' referenced before assignment
srun: error: stud-000: task 0: Exited with exit code 1
Traceback (most recent call last):
  File "train.py", line 1294, in <module>
    main_once(arguments)
  File "train.py", line 1254, in main_once
    sc, timer, results = test_model(model_name, parameters, X, y, X_test, y_test, args, visual=False, save_model=True)
  File "train.py", line 903, in test_model
    y_train_class, y_test_class = binning(args, y_train, y_test)
  File "train.py", line 147, in binning
    args.num_bins = bin_finder(args, y)
  File "train.py", line 81, in bin_finder
    return bins
UnboundLocalError: local variable 'bins' referenced before assignment
srun: error: stud-000: task 0: Exited with exit code 1
Traceback (most recent call last):
  File "train.py", line 1294, in <module>
    main_once(arguments)
  File "train.py", line 1254, in main_once
    sc, timer, results = test_model(model_name, parameters, X, y, X_test, y_test, args, visual=False, save_model=True)
  File "train.py", line 903, in test_model
    y_train_class, y_test_class = binning(args, y_train, y_test)
  File "train.py", line 147, in binning
    args.num_bins = bin_finder(args, y)
  File "train.py", line 81, in bin_finder
    return bins
UnboundLocalError: local variable 'bins' referenced before assignment
srun: error: stud-000: task 0: Exited with exit code 1
Traceback (most recent call last):
  File "train.py", line 1294, in <module>
    main_once(arguments)
  File "train.py", line 1254, in main_once
    sc, timer, results = test_model(model_name, parameters, X, y, X_test, y_test, args, visual=False, save_model=True)
  File "train.py", line 903, in test_model
    y_train_class, y_test_class = binning(args, y_train, y_test)
  File "train.py", line 147, in binning
    args.num_bins = bin_finder(args, y)
  File "train.py", line 81, in bin_finder
    return bins
UnboundLocalError: local variable 'bins' referenced before assignment
srun: error: stud-000: task 0: Exited with exit code 1
Traceback (most recent call last):
  File "train.py", line 1294, in <module>
    main_once(arguments)
  File "train.py", line 1254, in main_once
    sc, timer, results = test_model(model_name, parameters, X, y, X_test, y_test, args, visual=False, save_model=True)
  File "train.py", line 903, in test_model
    y_train_class, y_test_class = binning(args, y_train, y_test)
  File "train.py", line 147, in binning
    args.num_bins = bin_finder(args, y)
  File "train.py", line 81, in bin_finder
    return bins
UnboundLocalError: local variable 'bins' referenced before assignment
srun: error: stud-000: task 0: Exited with exit code 1
Traceback (most recent call last):
  File "train.py", line 1294, in <module>
    main_once(arguments)
  File "train.py", line 1254, in main_once
    sc, timer, results = test_model(model_name, parameters, X, y, X_test, y_test, args, visual=False, save_model=True)
  File "train.py", line 903, in test_model
    y_train_class, y_test_class = binning(args, y_train, y_test)
  File "train.py", line 147, in binning
    args.num_bins = bin_finder(args, y)
  File "train.py", line 81, in bin_finder
    return bins
UnboundLocalError: local variable 'bins' referenced before assignment
srun: error: stud-000: task 0: Exited with exit code 1
Traceback (most recent call last):
  File "train.py", line 1294, in <module>
    main_once(arguments)
  File "train.py", line 1254, in main_once
    sc, timer, results = test_model(model_name, parameters, X, y, X_test, y_test, args, visual=False, save_model=True)
  File "train.py", line 903, in test_model
    y_train_class, y_test_class = binning(args, y_train, y_test)
  File "train.py", line 147, in binning
    args.num_bins = bin_finder(args, y)
  File "train.py", line 81, in bin_finder
    return bins
UnboundLocalError: local variable 'bins' referenced before assignment
srun: error: stud-000: task 0: Exited with exit code 1
Traceback (most recent call last):
  File "train.py", line 1294, in <module>
    main_once(arguments)
  File "train.py", line 1254, in main_once
    sc, timer, results = test_model(model_name, parameters, X, y, X_test, y_test, args, visual=False, save_model=True)
  File "train.py", line 903, in test_model
    y_train_class, y_test_class = binning(args, y_train, y_test)
  File "train.py", line 147, in binning
    args.num_bins = bin_finder(args, y)
  File "train.py", line 81, in bin_finder
    return bins
UnboundLocalError: local variable 'bins' referenced before assignment
srun: error: stud-000: task 0: Exited with exit code 1
Traceback (most recent call last):
  File "train.py", line 1294, in <module>
    main_once(arguments)
  File "train.py", line 1254, in main_once
    sc, timer, results = test_model(model_name, parameters, X, y, X_test, y_test, args, visual=False, save_model=True)
  File "train.py", line 903, in test_model
    y_train_class, y_test_class = binning(args, y_train, y_test)
  File "train.py", line 147, in binning
    args.num_bins = bin_finder(args, y)
  File "train.py", line 81, in bin_finder
    return bins
UnboundLocalError: local variable 'bins' referenced before assignment
srun: error: stud-000: task 0: Exited with exit code 1
Traceback (most recent call last):
  File "train.py", line 1294, in <module>
    main_once(arguments)
  File "train.py", line 1254, in main_once
    sc, timer, results = test_model(model_name, parameters, X, y, X_test, y_test, args, visual=False, save_model=True)
  File "train.py", line 903, in test_model
    y_train_class, y_test_class = binning(args, y_train, y_test)
  File "train.py", line 147, in binning
    args.num_bins = bin_finder(args, y)
  File "train.py", line 81, in bin_finder
    return bins
UnboundLocalError: local variable 'bins' referenced before assignment
srun: error: stud-000: task 0: Exited with exit code 1
Traceback (most recent call last):
  File "train.py", line 1294, in <module>
    main_once(arguments)
  File "train.py", line 1254, in main_once
    sc, timer, results = test_model(model_name, parameters, X, y, X_test, y_test, args, visual=False, save_model=True)
  File "train.py", line 903, in test_model
    y_train_class, y_test_class = binning(args, y_train, y_test)
  File "train.py", line 147, in binning
    args.num_bins = bin_finder(args, y)
  File "train.py", line 81, in bin_finder
    return bins
UnboundLocalError: local variable 'bins' referenced before assignment
srun: error: stud-000: task 0: Exited with exit code 1
Traceback (most recent call last):
  File "train.py", line 1294, in <module>
    main_once(arguments)
  File "train.py", line 1254, in main_once
    sc, timer, results = test_model(model_name, parameters, X, y, X_test, y_test, args, visual=False, save_model=True)
  File "train.py", line 903, in test_model
    y_train_class, y_test_class = binning(args, y_train, y_test)
  File "train.py", line 147, in binning
    args.num_bins = bin_finder(args, y)
  File "train.py", line 81, in bin_finder
    return bins
UnboundLocalError: local variable 'bins' referenced before assignment
srun: error: stud-000: task 0: Exited with exit code 1
Traceback (most recent call last):
  File "train.py", line 1294, in <module>
    main_once(arguments)
  File "train.py", line 1254, in main_once
    sc, timer, results = test_model(model_name, parameters, X, y, X_test, y_test, args, visual=False, save_model=True)
  File "train.py", line 903, in test_model
    y_train_class, y_test_class = binning(args, y_train, y_test)
  File "train.py", line 147, in binning
    args.num_bins = bin_finder(args, y)
  File "train.py", line 81, in bin_finder
    return bins
UnboundLocalError: local variable 'bins' referenced before assignment
srun: error: stud-000: task 0: Exited with exit code 1
Traceback (most recent call last):
  File "train.py", line 1294, in <module>
    main_once(arguments)
  File "train.py", line 1254, in main_once
    sc, timer, results = test_model(model_name, parameters, X, y, X_test, y_test, args, visual=False, save_model=True)
  File "train.py", line 903, in test_model
    y_train_class, y_test_class = binning(args, y_train, y_test)
  File "train.py", line 147, in binning
    args.num_bins = bin_finder(args, y)
  File "train.py", line 81, in bin_finder
    return bins
UnboundLocalError: local variable 'bins' referenced before assignment
srun: error: stud-000: task 0: Exited with exit code 1
Traceback (most recent call last):
  File "train.py", line 1294, in <module>
    main_once(arguments)
  File "train.py", line 1254, in main_once
    sc, timer, results = test_model(model_name, parameters, X, y, X_test, y_test, args, visual=False, save_model=True)
  File "train.py", line 903, in test_model
    y_train_class, y_test_class = binning(args, y_train, y_test)
  File "train.py", line 147, in binning
    args.num_bins = bin_finder(args, y)
  File "train.py", line 81, in bin_finder
    return bins
UnboundLocalError: local variable 'bins' referenced before assignment
srun: error: stud-000: task 0: Exited with exit code 1
Traceback (most recent call last):
  File "train.py", line 1294, in <module>
    main_once(arguments)
  File "train.py", line 1254, in main_once
    sc, timer, results = test_model(model_name, parameters, X, y, X_test, y_test, args, visual=False, save_model=True)
  File "train.py", line 903, in test_model
    y_train_class, y_test_class = binning(args, y_train, y_test)
  File "train.py", line 147, in binning
    args.num_bins = bin_finder(args, y)
  File "train.py", line 81, in bin_finder
    return bins
UnboundLocalError: local variable 'bins' referenced before assignment
srun: error: stud-000: task 0: Exited with exit code 1
Traceback (most recent call last):
  File "train.py", line 1294, in <module>
    main_once(arguments)
  File "train.py", line 1254, in main_once
    sc, timer, results = test_model(model_name, parameters, X, y, X_test, y_test, args, visual=False, save_model=True)
  File "train.py", line 903, in test_model
    y_train_class, y_test_class = binning(args, y_train, y_test)
  File "train.py", line 147, in binning
    args.num_bins = bin_finder(args, y)
  File "train.py", line 81, in bin_finder
    return bins
UnboundLocalError: local variable 'bins' referenced before assignment
srun: error: stud-000: task 0: Exited with exit code 1
Traceback (most recent call last):
  File "train.py", line 1294, in <module>
    main_once(arguments)
  File "train.py", line 1254, in main_once
    sc, timer, results = test_model(model_name, parameters, X, y, X_test, y_test, args, visual=False, save_model=True)
  File "train.py", line 903, in test_model
    y_train_class, y_test_class = binning(args, y_train, y_test)
  File "train.py", line 147, in binning
    args.num_bins = bin_finder(args, y)
  File "train.py", line 81, in bin_finder
    return bins
UnboundLocalError: local variable 'bins' referenced before assignment
srun: error: stud-000: task 0: Exited with exit code 1
Traceback (most recent call last):
  File "train.py", line 1294, in <module>
    main_once(arguments)
  File "train.py", line 1254, in main_once
    sc, timer, results = test_model(model_name, parameters, X, y, X_test, y_test, args, visual=False, save_model=True)
  File "train.py", line 903, in test_model
    y_train_class, y_test_class = binning(args, y_train, y_test)
  File "train.py", line 147, in binning
    args.num_bins = bin_finder(args, y)
  File "train.py", line 81, in bin_finder
    return bins
UnboundLocalError: local variable 'bins' referenced before assignment
srun: error: stud-000: task 0: Exited with exit code 1
Traceback (most recent call last):
  File "train.py", line 1294, in <module>
    main_once(arguments)
  File "train.py", line 1254, in main_once
    sc, timer, results = test_model(model_name, parameters, X, y, X_test, y_test, args, visual=False, save_model=True)
  File "train.py", line 903, in test_model
    y_train_class, y_test_class = binning(args, y_train, y_test)
  File "train.py", line 147, in binning
    args.num_bins = bin_finder(args, y)
  File "train.py", line 81, in bin_finder
    return bins
UnboundLocalError: local variable 'bins' referenced before assignment
srun: error: stud-000: task 0: Exited with exit code 1
Traceback (most recent call last):
  File "train.py", line 1294, in <module>
    main_once(arguments)
  File "train.py", line 1254, in main_once
    sc, timer, results = test_model(model_name, parameters, X, y, X_test, y_test, args, visual=False, save_model=True)
  File "train.py", line 903, in test_model
    y_train_class, y_test_class = binning(args, y_train, y_test)
  File "train.py", line 147, in binning
    args.num_bins = bin_finder(args, y)
  File "train.py", line 81, in bin_finder
    return bins
UnboundLocalError: local variable 'bins' referenced before assignment
srun: error: stud-000: task 0: Exited with exit code 1
Traceback (most recent call last):
  File "train.py", line 1294, in <module>
    main_once(arguments)
  File "train.py", line 1254, in main_once
    sc, timer, results = test_model(model_name, parameters, X, y, X_test, y_test, args, visual=False, save_model=True)
  File "train.py", line 903, in test_model
    y_train_class, y_test_class = binning(args, y_train, y_test)
  File "train.py", line 147, in binning
    args.num_bins = bin_finder(args, y)
  File "train.py", line 81, in bin_finder
    return bins
UnboundLocalError: local variable 'bins' referenced before assignment
srun: error: stud-000: task 0: Exited with exit code 1
Traceback (most recent call last):
  File "train.py", line 1294, in <module>
    main_once(arguments)
  File "train.py", line 1254, in main_once
    sc, timer, results = test_model(model_name, parameters, X, y, X_test, y_test, args, visual=False, save_model=True)
  File "train.py", line 903, in test_model
    y_train_class, y_test_class = binning(args, y_train, y_test)
  File "train.py", line 147, in binning
    args.num_bins = bin_finder(args, y)
  File "train.py", line 81, in bin_finder
    return bins
UnboundLocalError: local variable 'bins' referenced before assignment
srun: error: stud-000: task 0: Exited with exit code 1
Traceback (most recent call last):
  File "train.py", line 1294, in <module>
    main_once(arguments)
  File "train.py", line 1254, in main_once
    sc, timer, results = test_model(model_name, parameters, X, y, X_test, y_test, args, visual=False, save_model=True)
  File "train.py", line 903, in test_model
    y_train_class, y_test_class = binning(args, y_train, y_test)
  File "train.py", line 147, in binning
    args.num_bins = bin_finder(args, y)
  File "train.py", line 81, in bin_finder
    return bins
UnboundLocalError: local variable 'bins' referenced before assignment
srun: error: stud-000: task 0: Exited with exit code 1
Traceback (most recent call last):
  File "train.py", line 1294, in <module>
    main_once(arguments)
  File "train.py", line 1254, in main_once
    sc, timer, results = test_model(model_name, parameters, X, y, X_test, y_test, args, visual=False, save_model=True)
  File "train.py", line 903, in test_model
    y_train_class, y_test_class = binning(args, y_train, y_test)
  File "train.py", line 147, in binning
    args.num_bins = bin_finder(args, y)
  File "train.py", line 81, in bin_finder
    return bins
UnboundLocalError: local variable 'bins' referenced before assignment
srun: error: stud-000: task 0: Exited with exit code 1
Traceback (most recent call last):
  File "train.py", line 1294, in <module>
    main_once(arguments)
  File "train.py", line 1254, in main_once
    sc, timer, results = test_model(model_name, parameters, X, y, X_test, y_test, args, visual=False, save_model=True)
  File "train.py", line 903, in test_model
    y_train_class, y_test_class = binning(args, y_train, y_test)
  File "train.py", line 147, in binning
    args.num_bins = bin_finder(args, y)
  File "train.py", line 81, in bin_finder
    return bins
UnboundLocalError: local variable 'bins' referenced before assignment
srun: error: stud-000: task 0: Exited with exit code 1
Traceback (most recent call last):
  File "train.py", line 1294, in <module>
    main_once(arguments)
  File "train.py", line 1254, in main_once
    sc, timer, results = test_model(model_name, parameters, X, y, X_test, y_test, args, visual=False, save_model=True)
  File "train.py", line 903, in test_model
    y_train_class, y_test_class = binning(args, y_train, y_test)
  File "train.py", line 147, in binning
    args.num_bins = bin_finder(args, y)
  File "train.py", line 81, in bin_finder
    return bins
UnboundLocalError: local variable 'bins' referenced before assignment
srun: error: stud-000: task 0: Exited with exit code 1
Traceback (most recent call last):
  File "train.py", line 1294, in <module>
    main_once(arguments)
  File "train.py", line 1254, in main_once
    sc, timer, results = test_model(model_name, parameters, X, y, X_test, y_test, args, visual=False, save_model=True)
  File "train.py", line 903, in test_model
    y_train_class, y_test_class = binning(args, y_train, y_test)
  File "train.py", line 147, in binning
    args.num_bins = bin_finder(args, y)
  File "train.py", line 81, in bin_finder
    return bins
UnboundLocalError: local variable 'bins' referenced before assignment
srun: error: stud-000: task 0: Exited with exit code 1
Traceback (most recent call last):
  File "train.py", line 1294, in <module>
    main_once(arguments)
  File "train.py", line 1254, in main_once
    sc, timer, results = test_model(model_name, parameters, X, y, X_test, y_test, args, visual=False, save_model=True)
  File "train.py", line 903, in test_model
    y_train_class, y_test_class = binning(args, y_train, y_test)
  File "train.py", line 147, in binning
    args.num_bins = bin_finder(args, y)
  File "train.py", line 81, in bin_finder
    return bins
UnboundLocalError: local variable 'bins' referenced before assignment
srun: error: stud-000: task 0: Exited with exit code 1
Traceback (most recent call last):
  File "train.py", line 1294, in <module>
    main_once(arguments)
  File "train.py", line 1254, in main_once
    sc, timer, results = test_model(model_name, parameters, X, y, X_test, y_test, args, visual=False, save_model=True)
  File "train.py", line 903, in test_model
    y_train_class, y_test_class = binning(args, y_train, y_test)
  File "train.py", line 147, in binning
    args.num_bins = bin_finder(args, y)
  File "train.py", line 81, in bin_finder
    return bins
UnboundLocalError: local variable 'bins' referenced before assignment
srun: error: stud-000: task 0: Exited with exit code 1
Traceback (most recent call last):
  File "train.py", line 1294, in <module>
    main_once(arguments)
  File "train.py", line 1254, in main_once
    sc, timer, results = test_model(model_name, parameters, X, y, X_test, y_test, args, visual=False, save_model=True)
  File "train.py", line 903, in test_model
    y_train_class, y_test_class = binning(args, y_train, y_test)
  File "train.py", line 147, in binning
    args.num_bins = bin_finder(args, y)
  File "train.py", line 81, in bin_finder
    return bins
UnboundLocalError: local variable 'bins' referenced before assignment
srun: error: stud-000: task 0: Exited with exit code 1
Traceback (most recent call last):
  File "train.py", line 1294, in <module>
    main_once(arguments)
  File "train.py", line 1254, in main_once
    sc, timer, results = test_model(model_name, parameters, X, y, X_test, y_test, args, visual=False, save_model=True)
  File "train.py", line 903, in test_model
    y_train_class, y_test_class = binning(args, y_train, y_test)
  File "train.py", line 147, in binning
    args.num_bins = bin_finder(args, y)
  File "train.py", line 81, in bin_finder
    return bins
UnboundLocalError: local variable 'bins' referenced before assignment
srun: error: stud-000: task 0: Exited with exit code 1
Traceback (most recent call last):
  File "train.py", line 1294, in <module>
    main_once(arguments)
  File "train.py", line 1254, in main_once
    sc, timer, results = test_model(model_name, parameters, X, y, X_test, y_test, args, visual=False, save_model=True)
  File "train.py", line 903, in test_model
    y_train_class, y_test_class = binning(args, y_train, y_test)
  File "train.py", line 147, in binning
    args.num_bins = bin_finder(args, y)
  File "train.py", line 81, in bin_finder
    return bins
UnboundLocalError: local variable 'bins' referenced before assignment
srun: error: stud-000: task 0: Exited with exit code 1
Traceback (most recent call last):
  File "train.py", line 1294, in <module>
    main_once(arguments)
  File "train.py", line 1254, in main_once
    sc, timer, results = test_model(model_name, parameters, X, y, X_test, y_test, args, visual=False, save_model=True)
  File "train.py", line 903, in test_model
    y_train_class, y_test_class = binning(args, y_train, y_test)
  File "train.py", line 147, in binning
    args.num_bins = bin_finder(args, y)
  File "train.py", line 81, in bin_finder
    return bins
UnboundLocalError: local variable 'bins' referenced before assignment
srun: error: stud-000: task 0: Exited with exit code 1
Traceback (most recent call last):
  File "train.py", line 1294, in <module>
    main_once(arguments)
  File "train.py", line 1254, in main_once
    sc, timer, results = test_model(model_name, parameters, X, y, X_test, y_test, args, visual=False, save_model=True)
  File "train.py", line 903, in test_model
    y_train_class, y_test_class = binning(args, y_train, y_test)
  File "train.py", line 147, in binning
    args.num_bins = bin_finder(args, y)
  File "train.py", line 81, in bin_finder
    return bins
UnboundLocalError: local variable 'bins' referenced before assignment
srun: error: stud-000: task 0: Exited with exit code 1
Traceback (most recent call last):
  File "train.py", line 1294, in <module>
    main_once(arguments)
  File "train.py", line 1254, in main_once
    sc, timer, results = test_model(model_name, parameters, X, y, X_test, y_test, args, visual=False, save_model=True)
  File "train.py", line 903, in test_model
    y_train_class, y_test_class = binning(args, y_train, y_test)
  File "train.py", line 147, in binning
    args.num_bins = bin_finder(args, y)
  File "train.py", line 81, in bin_finder
    return bins
UnboundLocalError: local variable 'bins' referenced before assignment
srun: error: stud-000: task 0: Exited with exit code 1
Traceback (most recent call last):
  File "train.py", line 1294, in <module>
    main_once(arguments)
  File "train.py", line 1254, in main_once
    sc, timer, results = test_model(model_name, parameters, X, y, X_test, y_test, args, visual=False, save_model=True)
  File "train.py", line 903, in test_model
    y_train_class, y_test_class = binning(args, y_train, y_test)
  File "train.py", line 147, in binning
    args.num_bins = bin_finder(args, y)
  File "train.py", line 81, in bin_finder
    return bins
UnboundLocalError: local variable 'bins' referenced before assignment
srun: error: stud-000: task 0: Exited with exit code 1
Traceback (most recent call last):
  File "train.py", line 1294, in <module>
    main_once(arguments)
  File "train.py", line 1254, in main_once
    sc, timer, results = test_model(model_name, parameters, X, y, X_test, y_test, args, visual=False, save_model=True)
  File "train.py", line 903, in test_model
    y_train_class, y_test_class = binning(args, y_train, y_test)
  File "train.py", line 147, in binning
    args.num_bins = bin_finder(args, y)
  File "train.py", line 81, in bin_finder
    return bins
UnboundLocalError: local variable 'bins' referenced before assignment
srun: error: stud-000: task 0: Exited with exit code 1
Traceback (most recent call last):
  File "train.py", line 1294, in <module>
    main_once(arguments)
  File "train.py", line 1254, in main_once
    sc, timer, results = test_model(model_name, parameters, X, y, X_test, y_test, args, visual=False, save_model=True)
  File "train.py", line 903, in test_model
    y_train_class, y_test_class = binning(args, y_train, y_test)
  File "train.py", line 147, in binning
    args.num_bins = bin_finder(args, y)
  File "train.py", line 81, in bin_finder
    return bins
UnboundLocalError: local variable 'bins' referenced before assignment
srun: error: stud-000: task 0: Exited with exit code 1
Traceback (most recent call last):
  File "train.py", line 1294, in <module>
    main_once(arguments)
  File "train.py", line 1254, in main_once
    sc, timer, results = test_model(model_name, parameters, X, y, X_test, y_test, args, visual=False, save_model=True)
  File "train.py", line 903, in test_model
    y_train_class, y_test_class = binning(args, y_train, y_test)
  File "train.py", line 147, in binning
    args.num_bins = bin_finder(args, y)
  File "train.py", line 81, in bin_finder
    return bins
UnboundLocalError: local variable 'bins' referenced before assignment
srun: error: stud-000: task 0: Exited with exit code 1
