Running Mode: Nested CV with Predefined Hyperparameters
Arguements: Namespace(batch_size=128, best_params_file='config/best_params.yml', bin_alt=None, binning=None, cat_dims=[2], cat_idx=[0], class_comp=False, class_weights=None, config='config/mercedes_benz.yml', data_parallel=False, dataset='Mercedes_Benz', direction='minimize', dropna_idx=[0], early_stopping_rounds=20, epochs=100, frequency_reg=False, gpu_ids=[0, 1], logging_period=100, miss_cat_idx=None, miss_num_idx=None, model_name='CatBoost', n_trials=100, nominal_idx=[1, 2, 3, 4, 5, 6, 7, 8], num_bins=10, num_classes=1, num_features=377, num_idx=None, num_splits=5, objective='regression', one_hot_encode=True, optimize_hyperparameters=False, ordinal_encode=False, ordinal_idx=None, outer_splits=3, parameters={'Abalone': {'FTTransformer': {'learning_rate': 0.003346353491248373, 'weight_decay': 1.6039854113455462e-05}, 'MLP': {'d_block': 256, 'd_in': 10, 'd_out': 1, 'dropout': 0.03190847875416855, 'n_blocks': 2}, 'ResMLP': {'d_block': 256, 'd_hidden': 4, 'd_hidden_multiplier': 2.8762609772024286, 'd_in': 10, 'd_out': 13, 'dropout1': 0.36451371991488923, 'dropout2': 0.16141544478285838, 'n_blocks': 6}, 'SAINT': {'dim': 32, 'depth': 3, 'heads': 8, 'dropout': 0.8}, 'CatBoost': {'learning_rate': 0.21504074295681935, 'max_depth': 5, 'l2_leaf_reg': 10.538309275911207}, 'LightGBM': {'num_leaves': 10, 'lambda_l1': 0.0004905461472416862, 'lambda_l2': 4.8560469792408415e-05, 'learning_rate': 0.2628126398294097}, 'XGBoost': {'max_depth': 3, 'alpha': 0.31754394496574395, 'lambda': 0.00023658169410883335, 'eta': 0.052419276591241695}}, 'Allstate_Claims': {'FTTransformer': {'learning_rate': 0.0010788862572108022, 'weight_decay': 0.00025889495174850674}, 'MLP': {'d_block': 256, 'd_in': 1073, 'd_out': 1, 'dropout': 0.07682853251149886, 'n_blocks': 6}, 'ResMLP': {'d_block': 256, 'd_hidden': 6, 'd_hidden_multiplier': 1.6908700578519567, 'd_in': 1093, 'd_out': 311, 'dropout1': 0.40497738257298865, 'dropout2': 0.15707213143131246, 'n_blocks': 2}, 'SAINT': {'dim': 32, 'depth': 2, 'heads': 4, 'dropout': 0.4}, 'CatBoost': {'learning_rate': 0.2502833800217669, 'max_depth': 7, 'l2_leaf_reg': 2.463939819180679}, 'LightGBM': {'num_leaves': 30, 'lambda_l1': 3.1061998576175134e-08, 'lambda_l2': 4.235283519033495e-06, 'learning_rate': 0.08129154436932463}, 'XGBoost': {'max_depth': 4, 'alpha': 3.404949917072644e-07, 'lambda': 9.528801580499112e-08, 'eta': 0.14336552603624825}}, 'Black_Friday': {'FTTransformer': {'learning_rate': 0.00018442395349507182, "weight_decay'": 0.001611408166564025}, 'MLP': {'d_block': 256, 'd_in': 75, 'd_out': 1, 'dropout': 0.10721970311199958, 'n_blocks': 6}, 'ResMLP': {'d_block': 256, 'd_hidden': 2, 'd_hidden_multiplier': 3.238707896287477, 'd_in': 75, 'd_out': 36, 'dropout1': 0.1447794249707017, 'dropout2': 0.10652983108653614, 'n_blocks': 2}, 'SAINT': {'depth': 3, 'dim': 32, 'dropout': 0.5, 'heads': 2}, 'CatBoost': {'learning_rate': 0.0699928966757608, 'max_depth': 12, 'l2_leaf_reg': 0.60066810485453}, 'LightGBM': {'num_leaves': 82, 'lambda_l1': 0.15733308546736582, 'lambda_l2': 1.465534875984741e-07, 'learning_rate': 0.10434694857266238}, 'XGBoost': {'max_depth': 7, 'alpha': 6.986726717707178e-07, 'lambda': 5.465344165680221e-06, 'eta': 0.29400950414189186}}, 'Boston': {'FTTransformer': {'learning_rate': 0.005961637956043898, 'weight_decay': 8.92702675678448e-05}, 'MLP': {'d_block': 256, 'd_in': 14, 'd_out': 1, 'dropout': 0.19313939240578717, 'n_blocks': 2}, 'ResMLP': {'d_block': 256, 'd_hidden': 3, 'd_hidden_multiplier': 2.4381847417017717, 'd_in': 14, 'd_out': 10, 'dropout1': 0.4292852059127049, 'dropout2': 0.26527704540625047, 'n_blocks': 4}, 'SAINT': {'dim': 64, 'depth': 1, 'heads': 8, 'dropout': 0.3}, 'CatBoost': {'learning_rate': 0.2665320756964617, 'max_depth': 4, 'l2_leaf_reg': 0.804730457673769}, 'LightGBM': {'num_leaves': 3607, 'lambda_l1': 0.00017081282281981877, 'lambda_l2': 7.183937753408192e-07, 'learning_rate': 0.08999848013822337}, 'XGBoost': {'max_depth': 2, 'alpha': 8.462153008039433e-06, 'lambda': 1.9404218709476588e-05, 'eta': 0.09910985949066609}}, 'Brazillian_Houses': {'FTTransformer': {'learning_rate': 0.007246604745497065, 'weight_decay': 0.0029245663761010127}, 'MLP': {'d_block': 256, 'd_in': 17, 'd_out': 1, 'dropout': 0.07678813857296692, 'n_blocks': 5}, 'ResMLP': {'d_block': 256, 'd_hidden': 4, 'd_hidden_multiplier': 4.057211730145489, 'd_in': 17, 'd_out': 1095, 'dropout1': 0.4371413695633215, 'dropout2': 0.29149024331234025, 'n_blocks': 3}, 'SAINT': {'dim': 32, 'depth': 12, 'heads': 2, 'dropout': 0.2}, 'CatBoost': {'learning_rate': 0.016216033040678132, 'max_depth': 7, 'l2_leaf_reg': 0.6067570402684513}, 'LightGBM': {'num_leaves': 39, 'lambda_l1': 9.081048923197494e-06, 'lambda_l2': 2.8888932831719614, 'learning_rate': 0.060673244626302573}, 'XGBoost': {'max_depth': 2, 'alpha': 2.2083853825308624e-08, 'lambda': 0.0017040890821263966, 'eta': 0.24058442782041825}}, 'Diamonds': {'FTTransformer': {'learning_rate': 0.007101255154561158, 'weight_decay': 0.0009434149491471733}, 'MLP': {'d_block': 256, 'd_in': 9, 'd_out': 1, 'dropout': 0.23677836111066783, 'n_blocks': 6}, 'ResMLP': {'d_block': 256, 'd_hidden': 2, 'd_hidden_multiplier': 2.723561499824081, 'd_in': 9, 'd_out': 34, 'dropout1': 0.21310736716949388, 'dropout2': 0.09647228888528614, 'n_blocks': 5}, 'SAINT': {'depth': 1, 'dim': 256, 'dropout': 0.5, 'heads': 2}, 'CatBoost': {'learning_rate': 0.15112337670160492, 'max_depth': 10, 'l2_leaf_reg': 15.996172615472394}, 'LightGBM': {'num_leaves': 41, 'lambda_l1': 0.001764257201033146, 'lambda_l2': 1.3434715639555923e-05, 'learning_rate': 0.1759097275434853}, 'XGBoost': {'max_depth': 8, 'alpha': 0.016557454766339894, 'lambda': 2.1467882724430124e-07, 'eta': 0.13685411433920083}}, 'House_Prices_Nominal': {'FTTransformer': {'learning_rate': 0.0003973965546674877, 'weight_decay': 0.0012259613827403538}, 'MLP': {'d_block': 256, 'd_in': 109, 'd_out': 1, 'dropout': 0.20383999785660487, 'n_blocks': 2}, 'ResMLP': {'d_block': 256, 'd_hidden': 2, 'd_hidden_multiplier': 1.3709674297417445, 'd_in': 109, 'd_out': 17, 'dropout1': 0.4328849233188455, 'dropout2': 0.03863249998871383, 'n_blocks': 4}, 'SAINT': {'depth': 1, 'dim': 256, 'dropout': 0.1, 'heads': 8}, 'CatBoost': {'learning_rate': 0.23431250104041895, 'max_depth': 2, 'l2_leaf_reg': 1.6951988388463495}, 'LightGBM': {'num_leaves': 8, 'lambda_l1': 1.877030904417553e-05, 'lambda_l2': 0.110105768744722, 'learning_rate': 0.08355115347016198}, 'XGBoost': {'max_depth': 5, 'alpha': 0.017077444591583498, 'lambda': 0.0013165910056231439, 'eta': 0.18394165476867871}}, 'House_Sales': {'FTTransformer': {'learning_rate': 0.0008304138365966551, 'weight_decay': 1.4243260329863695e-05}, 'MLP': {'d_block': 256, 'd_in': 90, 'd_out': 1, 'dropout': 0.013522222134953151, 'n_blocks': 3}, 'ResMLP': {'d_block': 256, 'd_hidden': 3, 'd_hidden_multiplier': 4.237481136393337, 'd_in': 90, 'd_out': 131, 'dropout1': 0.04569104969076137, 'dropout2': 0.010941575331359225, 'n_blocks': 4}, 'SAINT': {'depth': 6, 'dim': 64, 'dropout': 0, 'heads': 8}, 'CatBoost': {'learning_rate': 0.2493128987457134, 'max_depth': 6, 'l2_leaf_reg': 1.701138175278075}, 'LightGBM': {'num_leaves': 16, 'lambda_l1': 0.0025789430178050363, 'lambda_l2': 3.5374912505595794e-05, 'learning_rate': 0.23810449603002587}, 'XGBoost': {'max_depth': 2, 'alpha': 0.009341918576561432, 'lambda': 1.6477053019350504e-06, 'eta': 0.25069941667869916}}, 'MIP': {'FTTransformer': {'learning_rate': 0.005478197312390903, 'weight_decay': 1.7129302740564993e-05}, 'MLP': {'d_block': 64, 'd_in': 151, 'd_out': 1, 'dropout': 0.2651113818434264, 'n_blocks': 6}, 'ResMLP': {'d_block': 256, 'd_hidden': 4, 'd_hidden_multiplier': 2.8943918828322444, 'd_in': 151, 'd_out': 80, 'dropout1': 0.46585676851386065, 'dropout2': 0.1740730761384721, 'n_blocks': 5}, 'SAINT': {'depth': 12, 'dim': 256, 'dropout': 0.3, 'heads': 2}, 'CatBoost': {'learning_rate': 0.07829044547427533, 'max_depth': 2, 'l2_leaf_reg': 0.8972340047247755}, 'LightGBM': {'num_leaves': 292, 'lambda_l1': 5.101905453725273e-08, 'lambda_l2': 2.8789360978920297e-05, 'learning_rate': 0.11093227123635475}, 'XGBoost': {'max_depth': 2, 'alpha': 0.00035509999996169325, 'lambda': 1.935368584660575e-07, 'eta': 0.07213372586209671}}, 'Mercedes_Benz': {'FTTransformer': {'learning_rate': 0.0003973965546674877, 'weight_decay': 0.0012259613827403538}, 'MLP': {'d_block': 256, 'd_in': 549, 'd_out': 1, 'dropout': 0.29646621574612675, 'n_blocks': 2}, 'ResMLP': {'d_block': 256, 'd_hidden': 2, 'd_hidden_multiplier': 2.2490677131211343, 'd_in': 547, 'd_out': 18, 'dropout1': 0.00954377334572581, 'dropout2': 0.17621231533002782, 'n_blocks': 4}, 'SAINT': {'dim': 256, 'depth': 2, 'heads': 4, 'dropout': 0.2}, 'CatBoost': {'learning_rate': 0.28010137414964426, 'max_depth': 2, 'l2_leaf_reg': 4.625185470081477}, 'LightGBM': {'num_leaves': 3, 'lambda_l1': 0.000776649282257678, 'lambda_l2': 0.0002397670653631374, 'learning_rate': 0.0613527271188514}, 'XGBoost': {'max_depth': 3, 'alpha': 1.80613318106913e-08, 'lambda': 0.4033325485614207, 'eta': 0.04373143886440441}}, 'Moneyball': {'FTTransformer': {'learning_rate': 0.008974241215295128, 'weight_decay': 7.459646430671164e-05}, 'MLP': {'d_block': 256, 'd_in': 48, 'd_out': 1, 'dropout': 0.04372445488402272, 'n_blocks': 6}, 'ResMLP': {'d_block': 256, 'd_hidden': 7, 'd_hidden_multiplier': 2.290032735440481, 'd_in': 48, 'd_out': 10, 'dropout1': 0.4078828219530447, 'dropout2': 0.16833482708406416, 'n_blocks': 2}, 'SAINT': {'dim': 128, 'depth': 6, 'heads': 2, 'dropout': 0.1}, 'CatBoost': {'learning_rate': 0.29875843445424805, 'max_depth': 6, 'l2_leaf_reg': 14.821662580370248}, 'LightGBM': {'num_leaves': 1215, 'lambda_l1': 0.0023925668929126614, 'lambda_l2': 3.895014161842395e-07, 'learning_rate': 0.08438882165065448}, 'XGBoost': {'max_depth': 2, 'alpha': 3.914045316230592e-05, 'lambda': 0.319811266659572, 'eta': 0.09464240000522656}}, 'SAT11': {'FTTransformer': {'learning_rate': 0.004544327453839196, 'weight_decay': 0.000312514807931228}, 'MLP': {'d_block': 256, 'd_in': 130, 'd_out': 1, 'dropout': 0.1541837529458395, 'n_blocks': 2}, 'ResMLP': {'d_block': 128, 'd_hidden': 2, 'd_hidden_multiplier': 1.2674975187110258, 'd_in': 130, 'd_out': 3, 'dropout1': 0.3407681665344991, 'dropout2': 0.21986827250639, 'n_blocks': 4}, 'SAINT': {'depth': 6, 'dim': 256, 'dropout': 0.1, 'heads': 4}, 'CatBoost': {'learning_rate': 0.21908640123079498, 'max_depth': 11, 'l2_leaf_reg': 9.313881685748441}, 'LightGBM': {'num_leaves': 762, 'lambda_l1': 1.87284499986866e-07, 'lambda_l2': 0.03085239769819928, 'learning_rate': 0.07085988305636355}, 'XGBoost': {'max_depth': 6, 'alpha': 1.2990735895136888e-06, 'lambda': 1.8060446939267034e-08, 'eta': 0.1331690599779273}}, 'Sensory': {'FTTransformer': {'learning_rate': 0.007837909586982108, 'weight_decay': 7.3601111536878155e-06}, 'MLP': {'d_block': 256, 'd_in': 36, 'd_out': 1, 'dropout': 0.16215696303563998, 'n_blocks': 2}, 'ResMLP': {'d_block': 256, 'd_hidden': 3, 'd_hidden_multiplier': 2.544110387653899, 'd_in': 36, 'd_out': 6, 'dropout1': 0.12905452512026205, 'dropout2': 0.02854369523746009, 'n_blocks': 5}, 'SAINT': {'dim': 64, 'depth': 1, 'heads': 2, 'dropout': 0.1}, 'CatBoost': {'learning_rate': 0.22802467975527588, 'max_depth': 2, 'l2_leaf_reg': 7.622245724828566}, 'LightGBM': {'num_leaves': 1297, 'lambda_l1': 1.7985521100597463e-06, 'lambda_l2': 0.14135964366804374, 'learning_rate': 0.14793326802930828}, 'XGBoost': {'max_depth': 2, 'alpha': 3.8628734334151045e-07, 'lambda': 0.04825003662277624, 'eta': 0.055937333566860314}}, 'Socmob': {'FTTransformer': {'learning_rate': 0.005567330402018387, 'weight_decay': 0.00020066904579140864}, 'MLP': {'d_block': 256, 'd_in': 39, 'd_out': 1, 'dropout': 0.2713416938393725, 'n_blocks': 3}, 'ResMLP': {'d_block': 256, 'd_hidden': 2, 'd_hidden_multiplier': 2.2103839284834628, 'd_in': 39, 'd_out': 40, 'dropout1': 0.3964088449977436, 'dropout2': 0.03875240542559993, 'n_blocks': 3}, 'SAINT': {'dim': 128, 'depth': 3, 'heads': 2, 'dropout': 0.6}, 'CatBoost': {'learning_rate': 0.06922414781810075, 'max_depth': 4, 'l2_leaf_reg': 2.5924822649610864}, 'LightGBM': {'num_leaves': 9, 'lambda_l1': 1.0423507318474041e-08, 'lambda_l2': 8.917849337877523e-06, 'learning_rate': 0.09425267922362643}, 'XGBoost': {'max_depth': 2, 'alpha': 6.105162617992694e-06, 'lambda': 6.755503372760612e-08, 'eta': 0.11623060221352166}}}, save_results=False, scale=True, seed=221, shuffle=True, strategy=None, target_encode=False, test_seed=None, use_gpu=True, val_batch_size=256, weighted_loss=False, y_distribution='bimodial')
--- Running Nested Cross-Validation with Predefined Hyperparameters ---
Dataset: Mercedes_Benz, Model: CatBoost, Objective: regression
Loading dataset Mercedes_Benz...
Dataset loaded! 

(4209, 376)
X : [['o' 'l' 'ae' ... 0 0 0]
 ['z' 'aa' 'ai' ... 0 0 0]
 ['f' 'v' 'ae' ... 0 0 0]
 ['i' 'o' 'ae' ... 0 0 0]
 ['d' 'aa' 'y' ... 0 0 0]]
X : [ 89.94  88.74  91.74 114.53 102.33]
Started Classification Module ...... 
Parameters Used HERE: {'learning_rate': 0.28010137414964426, 'max_depth': 2, 'l2_leaf_reg': 4.625185470081477}
~~~~~~~~~~~~~~~~~~~~~~~~~~~~~~~~~~~~~~~~~~~~~~~~~~~~~~~~~~~~~~~~~~~~~~~~~~~~~~~
TESTING MODEL
X_train shape: (2104, 376)
y_train shape: (2104,)
X_test shape: (2105, 376)
y_test shape: (2105,)
In Test Model, Seed is  0
--- Test Run 1/3 ---
~~~~~~~~~~~~~~~~~~~~~~~~~~~~~~~~~~~~~~~~~~~~~~~~~~~~~~~~~~~~~~~~~~~~~~~~~~~~~~~
BEFORE ANY ENCODING
num_features :376
num_classes : 1
cat_idx : [0]
nominal_idx : [0, 1, 2, 3, 4, 5, 6, 7]
ordinal_idx : None
num_idx : None
cat_dims : [2]
bin_alt : None 


X_train shape : (2104, 376)
~~~~~~~~~~~~~~~~~~~~~~~~~~~~~~~~~~~~~~~~~~~~~~~~~~~~~~~~~~~~~~~~~~~~~~~~~~~~~~~
~~~~~~~~~~~~~~~~~~~~~~~~~~~~~~~~~~~~~~~~~~~~~~~~~~~~~~~~~~~~~~~~~~~~~~~~~~~~~~~
AFTER getting cat idx
Nominal Index : [0, 1, 2, 3, 4, 5, 6, 7]
Ordinal Index : None
Cat Idx : [0]
Cat dims : [2]
~~~~~~~~~~~~~~~~~~~~~~~~~~~~~~~~~~~~~~~~~~~~~~~~~~~~~~~~~~~~~~~~~~~~~~~~~~~~~~~
BEFORE getting cat idx
Nominal Index : [0, 1, 2, 3, 4, 5, 6, 7]
Ordinal Index : None
Cat Idx : [0, 1, 2, 3, 4, 5, 6, 7]
Cat dims : []
No one Hot for this Baby!!! 

~~~~~~~~~~~~~~~~~~~~~~~~~~~~~~~~~~~~~~~~~~~~~~~~~~~~~~~~~~~~~~~~~~~~~~~~~~~~~~~ 


AFTER SEPARATING CATEGORICALS AND NUMERICALS
Ordinal Index : None
Numerical Index V1 : [8, 9, 10, 11, 12, 13, 14, 15, 16, 17, 18, 19, 20, 21, 22, 23, 24, 25, 26, 27, 28, 29, 30, 31, 32, 33, 34, 35, 36, 37, 38, 39, 40, 41, 42, 43, 44, 45, 46, 47, 48, 49, 50, 51, 52, 53, 54, 55, 56, 57, 58, 59, 60, 61, 62, 63, 64, 65, 66, 67, 68, 69, 70, 71, 72, 73, 74, 75, 76, 77, 78, 79, 80, 81, 82, 83, 84, 85, 86, 87, 88, 89, 90, 91, 92, 93, 94, 95, 96, 97, 98, 99, 100, 101, 102, 103, 104, 105, 106, 107, 108, 109, 110, 111, 112, 113, 114, 115, 116, 117, 118, 119, 120, 121, 122, 123, 124, 125, 126, 127, 128, 129, 130, 131, 132, 133, 134, 135, 136, 137, 138, 139, 140, 141, 142, 143, 144, 145, 146, 147, 148, 149, 150, 151, 152, 153, 154, 155, 156, 157, 158, 159, 160, 161, 162, 163, 164, 165, 166, 167, 168, 169, 170, 171, 172, 173, 174, 175, 176, 177, 178, 179, 180, 181, 182, 183, 184, 185, 186, 187, 188, 189, 190, 191, 192, 193, 194, 195, 196, 197, 198, 199, 200, 201, 202, 203, 204, 205, 206, 207, 208, 209, 210, 211, 212, 213, 214, 215, 216, 217, 218, 219, 220, 221, 222, 223, 224, 225, 226, 227, 228, 229, 230, 231, 232, 233, 234, 235, 236, 237, 238, 239, 240, 241, 242, 243, 244, 245, 246, 247, 248, 249, 250, 251, 252, 253, 254, 255, 256, 257, 258, 259, 260, 261, 262, 263, 264, 265, 266, 267, 268, 269, 270, 271, 272, 273, 274, 275, 276, 277, 278, 279, 280, 281, 282, 283, 284, 285, 286, 287, 288, 289, 290, 291, 292, 293, 294, 295, 296, 297, 298, 299, 300, 301, 302, 303, 304, 305, 306, 307, 308, 309, 310, 311, 312, 313, 314, 315, 316, 317, 318, 319, 320, 321, 322, 323, 324, 325, 326, 327, 328, 329, 330, 331, 332, 333, 334, 335, 336, 337, 338, 339, 340, 341, 342, 343, 344, 345, 346, 347, 348, 349, 350, 351, 352, 353, 354, 355, 356, 357, 358, 359, 360, 361, 362, 363, 364, 365, 366, 367, 368, 369, 370, 371, 372, 373, 374, 375]
Cat Idx V1 : [0, 1, 2, 3, 4, 5, 6, 7] 
Cat Dims V1 : [43, 24, 37, 7, 4, 25, 12, 25]
 

~~~~~~~~~~~~~~~~~~~~~~~~~~~~~~~~~~~~~~~~~~~~~~~~~~~~~~~~~~~~~~~~~~~~~~~~~~~~~~~ 


Scaling the data...
~~~~~~~~~~~~~~~~~~~~~~~~~~~~~~~~~~~~~~~~~~~~~~~~~~~~~~~~~~~~~~~~~~~~~~~~~~~~~~~
After OHE
Numerical Index V2 : [8, 9, 10, 11, 12, 13, 14, 15, 16, 17, 18, 19, 20, 21, 22, 23, 24, 25, 26, 27, 28, 29, 30, 31, 32, 33, 34, 35, 36, 37, 38, 39, 40, 41, 42, 43, 44, 45, 46, 47, 48, 49, 50, 51, 52, 53, 54, 55, 56, 57, 58, 59, 60, 61, 62, 63, 64, 65, 66, 67, 68, 69, 70, 71, 72, 73, 74, 75, 76, 77, 78, 79, 80, 81, 82, 83, 84, 85, 86, 87, 88, 89, 90, 91, 92, 93, 94, 95, 96, 97, 98, 99, 100, 101, 102, 103, 104, 105, 106, 107, 108, 109, 110, 111, 112, 113, 114, 115, 116, 117, 118, 119, 120, 121, 122, 123, 124, 125, 126, 127, 128, 129, 130, 131, 132, 133, 134, 135, 136, 137, 138, 139, 140, 141, 142, 143, 144, 145, 146, 147, 148, 149, 150, 151, 152, 153, 154, 155, 156, 157, 158, 159, 160, 161, 162, 163, 164, 165, 166, 167, 168, 169, 170, 171, 172, 173, 174, 175, 176, 177, 178, 179, 180, 181, 182, 183, 184, 185, 186, 187, 188, 189, 190, 191, 192, 193, 194, 195, 196, 197, 198, 199, 200, 201, 202, 203, 204, 205, 206, 207, 208, 209, 210, 211, 212, 213, 214, 215, 216, 217, 218, 219, 220, 221, 222, 223, 224, 225, 226, 227, 228, 229, 230, 231, 232, 233, 234, 235, 236, 237, 238, 239, 240, 241, 242, 243, 244, 245, 246, 247, 248, 249, 250, 251, 252, 253, 254, 255, 256, 257, 258, 259, 260, 261, 262, 263, 264, 265, 266, 267, 268, 269, 270, 271, 272, 273, 274, 275, 276, 277, 278, 279, 280, 281, 282, 283, 284, 285, 286, 287, 288, 289, 290, 291, 292, 293, 294, 295, 296, 297, 298, 299, 300, 301, 302, 303, 304, 305, 306, 307, 308, 309, 310, 311, 312, 313, 314, 315, 316, 317, 318, 319, 320, 321, 322, 323, 324, 325, 326, 327, 328, 329, 330, 331, 332, 333, 334, 335, 336, 337, 338, 339, 340, 341, 342, 343, 344, 345, 346, 347, 348, 349, 350, 351, 352, 353, 354, 355, 356, 357, 358, 359, 360, 361, 362, 363, 364, 365, 366, 367, 368, 369, 370, 371, 372, 373, 374, 375] 


OHE Idx : [0, 1, 2, 3, 4, 5, 6, 7]


Ordinal Idx V2: None


Cat Dims V2 : [43, 24, 37, 7, 4, 25, 12, 25]
Cat Idx V2 : [0, 1, 2, 3, 4, 5, 6, 7] 
 

Train: [[32.0 11.0 13.0 5.0 3.0]
 [31.0 11.0 2.0 5.0 3.0]
 [41.0 1.0 6.0 4.0 3.0]
 [32.0 3.0 2.0 2.0 3.0]
 [17.0 11.0 28.0 5.0 3.0]
 [5.0 17.0 13.0 6.0 3.0]
 [24.0 3.0 2.0 0.0 3.0]
 [22.0 1.0 13.0 2.0 3.0]
 [11.0 19.0 13.0 3.0 3.0]
 [15.0 11.0 13.0 5.0 3.0]] 
 
 
Val : (2104, 376) 
 

~~~~~~~~~~~~~~~~~~~~~~~~~~~~~~~~~~~~~~~~~~~~~~~~~~~~~~~~~~~~~~~~~~~~~~~~~~~~~~~
Cat Idx V3 : [0, 1, 2, 3, 4, 5, 6, 7] 
 

~~~~~~~~~~~~~~~~~~~~~~~~~~~~~~~~~~~~~~~~~~~~~~~~~~~~~~~~~~~~~~~~~~~~~~~~~~~~~~~
After ORDINAL
Numerical Index V2 : [8, 9, 10, 11, 12, 13, 14, 15, 16, 17, 18, 19, 20, 21, 22, 23, 24, 25, 26, 27, 28, 29, 30, 31, 32, 33, 34, 35, 36, 37, 38, 39, 40, 41, 42, 43, 44, 45, 46, 47, 48, 49, 50, 51, 52, 53, 54, 55, 56, 57, 58, 59, 60, 61, 62, 63, 64, 65, 66, 67, 68, 69, 70, 71, 72, 73, 74, 75, 76, 77, 78, 79, 80, 81, 82, 83, 84, 85, 86, 87, 88, 89, 90, 91, 92, 93, 94, 95, 96, 97, 98, 99, 100, 101, 102, 103, 104, 105, 106, 107, 108, 109, 110, 111, 112, 113, 114, 115, 116, 117, 118, 119, 120, 121, 122, 123, 124, 125, 126, 127, 128, 129, 130, 131, 132, 133, 134, 135, 136, 137, 138, 139, 140, 141, 142, 143, 144, 145, 146, 147, 148, 149, 150, 151, 152, 153, 154, 155, 156, 157, 158, 159, 160, 161, 162, 163, 164, 165, 166, 167, 168, 169, 170, 171, 172, 173, 174, 175, 176, 177, 178, 179, 180, 181, 182, 183, 184, 185, 186, 187, 188, 189, 190, 191, 192, 193, 194, 195, 196, 197, 198, 199, 200, 201, 202, 203, 204, 205, 206, 207, 208, 209, 210, 211, 212, 213, 214, 215, 216, 217, 218, 219, 220, 221, 222, 223, 224, 225, 226, 227, 228, 229, 230, 231, 232, 233, 234, 235, 236, 237, 238, 239, 240, 241, 242, 243, 244, 245, 246, 247, 248, 249, 250, 251, 252, 253, 254, 255, 256, 257, 258, 259, 260, 261, 262, 263, 264, 265, 266, 267, 268, 269, 270, 271, 272, 273, 274, 275, 276, 277, 278, 279, 280, 281, 282, 283, 284, 285, 286, 287, 288, 289, 290, 291, 292, 293, 294, 295, 296, 297, 298, 299, 300, 301, 302, 303, 304, 305, 306, 307, 308, 309, 310, 311, 312, 313, 314, 315, 316, 317, 318, 319, 320, 321, 322, 323, 324, 325, 326, 327, 328, 329, 330, 331, 332, 333, 334, 335, 336, 337, 338, 339, 340, 341, 342, 343, 344, 345, 346, 347, 348, 349, 350, 351, 352, 353, 354, 355, 356, 357, 358, 359, 360, 361, 362, 363, 364, 365, 366, 367, 368, 369, 370, 371, 372, 373, 374, 375] 


OHE Idx : [0, 1, 2, 3, 4, 5, 6, 7]


Ordinal Idx V2: None


Cat Dims V2 : [43, 24, 37, 7, 4, 25, 12, 25, 44, 25, 38, 8, 5, 26, 13, 26]
Cat Idx V2 : [0, 1, 2, 3, 4, 5, 6, 7] 
 

Train: [[32.0 11.0 13.0 ... -0.03084598492378178 -0.021806218711931714
  -0.030845984923781784]
 [31.0 11.0 2.0 ... -0.03084598492378178 -0.021806218711931714
  -0.030845984923781784]
 [41.0 1.0 6.0 ... -0.03084598492378178 -0.021806218711931714
  -0.030845984923781784]
 ...
 [22.0 1.0 13.0 ... -0.03084598492378178 -0.021806218711931714
  -0.030845984923781784]
 [11.0 19.0 13.0 ... -0.03084598492378178 -0.021806218711931714
  -0.030845984923781784]
 [15.0 11.0 13.0 ... -0.03084598492378178 -0.021806218711931714
  -0.030845984923781784]] 
 
 
Val : (2104, 376) 
 

FINISHED ENCODING
~~~~~~~~~~~~~~~~~~~~~~~~~~~~~~~~~~~~~~~~~~~~~~~~~~~~~~~~~~~~~~~~~~~~~~~~~~~~~~~


~~~~~~~~~~~~~~~~~~~~~~~~~~~~~~~~~~~~~~~~~~~~~~~~~~~~~~~~~~~~~~~~~~~~~~~~~~~~~~~
Test numpy array issues
X dtype: object
X Val dtype: object
X dtype: float32
X Val dtype: float32
After encoding : : WE ARE IN TRAIN.PY
~~~~~~~~~~~~~~~~~~~~~~~~~~~~~~~~~~~~~~~~~~~~~~~~~~~~~~~~~~~~~~~~~~~~~~~~~~~~~~~
num_features :376
num_classes : 1
cat_idx : [0, 1, 2, 3, 4, 5, 6, 7]
nominal_idx : [0, 1, 2, 3, 4, 5, 6, 7]
ordinal_idx : None
num_idx : [8, 9, 10, 11, 12, 13, 14, 15, 16, 17, 18, 19, 20, 21, 22, 23, 24, 25, 26, 27, 28, 29, 30, 31, 32, 33, 34, 35, 36, 37, 38, 39, 40, 41, 42, 43, 44, 45, 46, 47, 48, 49, 50, 51, 52, 53, 54, 55, 56, 57, 58, 59, 60, 61, 62, 63, 64, 65, 66, 67, 68, 69, 70, 71, 72, 73, 74, 75, 76, 77, 78, 79, 80, 81, 82, 83, 84, 85, 86, 87, 88, 89, 90, 91, 92, 93, 94, 95, 96, 97, 98, 99, 100, 101, 102, 103, 104, 105, 106, 107, 108, 109, 110, 111, 112, 113, 114, 115, 116, 117, 118, 119, 120, 121, 122, 123, 124, 125, 126, 127, 128, 129, 130, 131, 132, 133, 134, 135, 136, 137, 138, 139, 140, 141, 142, 143, 144, 145, 146, 147, 148, 149, 150, 151, 152, 153, 154, 155, 156, 157, 158, 159, 160, 161, 162, 163, 164, 165, 166, 167, 168, 169, 170, 171, 172, 173, 174, 175, 176, 177, 178, 179, 180, 181, 182, 183, 184, 185, 186, 187, 188, 189, 190, 191, 192, 193, 194, 195, 196, 197, 198, 199, 200, 201, 202, 203, 204, 205, 206, 207, 208, 209, 210, 211, 212, 213, 214, 215, 216, 217, 218, 219, 220, 221, 222, 223, 224, 225, 226, 227, 228, 229, 230, 231, 232, 233, 234, 235, 236, 237, 238, 239, 240, 241, 242, 243, 244, 245, 246, 247, 248, 249, 250, 251, 252, 253, 254, 255, 256, 257, 258, 259, 260, 261, 262, 263, 264, 265, 266, 267, 268, 269, 270, 271, 272, 273, 274, 275, 276, 277, 278, 279, 280, 281, 282, 283, 284, 285, 286, 287, 288, 289, 290, 291, 292, 293, 294, 295, 296, 297, 298, 299, 300, 301, 302, 303, 304, 305, 306, 307, 308, 309, 310, 311, 312, 313, 314, 315, 316, 317, 318, 319, 320, 321, 322, 323, 324, 325, 326, 327, 328, 329, 330, 331, 332, 333, 334, 335, 336, 337, 338, 339, 340, 341, 342, 343, 344, 345, 346, 347, 348, 349, 350, 351, 352, 353, 354, 355, 356, 357, 358, 359, 360, 361, 362, 363, 364, 365, 366, 367, 368, 369, 370, 371, 372, 373, 374, 375]
cat_dims : [43, 24, 37, 7, 4, 25, 12, 25, 44, 25, 38, 8, 5, 26, 13, 26]
~~~~~~~~~~~~~~~~~~~~~~~~~~~~~~~~~~~~~~~~~~~~~~~~~~~~~~~~~~~~~~~~~~~~~~~~~~~~~~~


~~~~~~~~~~~~~~~~~~~~~~~~~~~~~~~~~~~~~~~~~~~~~~~~~~~~~~~~~~~~~~~~~~~~~~~~~~~~~~~
BINNING INIT
BINNING END
~~~~~~~~~~~~~~~~~~~~~~~~~~~~~~~~~~~~~~~~~~~~~~~~~~~~~~~~~~~~~~~~~~~~~~~~~~~~~~~ 


Model : <catboost.core.CatBoostRegressor object at 0x7fb2654aa9a0>
Current Working Directory: /home/mburu/Master_Thesis/master-thesis-da/DNN_Trial
Model Parameters: {'learning_rate': 0.28010137414964426, 'max_depth': 2, 'l2_leaf_reg': 4.625185470081477, 'iterations': 100, 'od_type': 'Iter', 'od_wait': 20, 'verbose': 100, 'train_dir': 'output/CatBoost/Mercedes_Benz/catboost_info', 'task_type': 'GPU', 'devices': [[0, 1]], 'cat_features': [0, 1, 2, 3, 4, 5, 6, 7]}
Parameters Passed: {'learning_rate': 0.28010137414964426, 'max_depth': 2, 'l2_leaf_reg': 4.625185470081477, 'iterations': 100, 'od_type': 'Iter', 'od_wait': 20, 'verbose': 100, 'train_dir': 'output/CatBoost/Mercedes_Benz/catboost_info', 'task_type': 'GPU', 'devices': [[0, 1]], 'cat_features': [0, 1, 2, 3, 4, 5, 6, 7]}
{'learning_rate': 0.28010137414964426, 'max_depth': 2, 'l2_leaf_reg': 4.625185470081477, 'iterations': 100, 'od_type': 'Iter', 'od_wait': 20, 'verbose': 100, 'train_dir': 'output/CatBoost/Mercedes_Benz/catboost_info', 'task_type': 'GPU', 'devices': [[0, 1]], 'cat_features': [0, 1, 2, 3, 4, 5, 6, 7]}
0:	learn: 0.8746553	total: 2.54ms	remaining: 252ms
99:	learn: 0.5690337	total: 130ms	remaining: 0us
Prediction shape : (2105,)
Prediction shape : (2105,)
Prediction Results : [110.69491202 105.01430948  93.44115916  94.61096849  93.76091989
 104.28870893 113.33327144  92.82287799  92.67885517 112.17490378]
State of save is True b4 loss saving
Saving loss to file: output/CatBoost/Mercedes_Benz/logging/loss_0.txt
Log file exists at: output/CatBoost/Mercedes_Benz/logging/loss_0.txt
File name : output/CatBoost/Mercedes_Benz/logging/loss_0.txt . The file was saved
Saving loss to file: output/CatBoost/Mercedes_Benz/logging/test_loss_0.txt
Log file exists at: output/CatBoost/Mercedes_Benz/logging/test_loss_0.txt
File name : output/CatBoost/Mercedes_Benz/logging/test_loss_0.txt . The file was saved
Saved Losses and Regularization
±±±±±±±±±±±±±±±±±±±±±±±±±±±±±±±±±±±±±±±±±±±±±±±±±±±±±±±±±±±±±±±±±±±±±±±±±±± 

B4 Evaluation
Number of classes : 1
Prediction shape : (2105,)
±±±±±±±±±±±±±±±±±±±±±±±±±±±±±±±±±±±±±±±±±±±±±±±±±±±±±±±±±±±±±±±±±±±±±±±±±±± 

We are not in Class comp
After Evaluation
ERRORS: {'MSE': 81.188527324257, 'R2': 0.501920031462813}
{'MSE - mean': 81.188527324257, 'MSE - std': 0.0, 'R2 - mean': 0.501920031462813, 'R2 - std': 0.0} 
 

In Test Model, Seed is  1
--- Test Run 2/3 ---
~~~~~~~~~~~~~~~~~~~~~~~~~~~~~~~~~~~~~~~~~~~~~~~~~~~~~~~~~~~~~~~~~~~~~~~~~~~~~~~
BEFORE ANY ENCODING
num_features :376
num_classes : 1
cat_idx : [0]
nominal_idx : [0, 1, 2, 3, 4, 5, 6, 7]
ordinal_idx : None
num_idx : None
cat_dims : [2]
bin_alt : None 


X_train shape : (2104, 376)
~~~~~~~~~~~~~~~~~~~~~~~~~~~~~~~~~~~~~~~~~~~~~~~~~~~~~~~~~~~~~~~~~~~~~~~~~~~~~~~
~~~~~~~~~~~~~~~~~~~~~~~~~~~~~~~~~~~~~~~~~~~~~~~~~~~~~~~~~~~~~~~~~~~~~~~~~~~~~~~
AFTER getting cat idx
Nominal Index : [0, 1, 2, 3, 4, 5, 6, 7]
Ordinal Index : None
Cat Idx : [0]
Cat dims : [2]
~~~~~~~~~~~~~~~~~~~~~~~~~~~~~~~~~~~~~~~~~~~~~~~~~~~~~~~~~~~~~~~~~~~~~~~~~~~~~~~
BEFORE getting cat idx
Nominal Index : [0, 1, 2, 3, 4, 5, 6, 7]
Ordinal Index : None
Cat Idx : [0, 1, 2, 3, 4, 5, 6, 7]
Cat dims : []
No one Hot for this Baby!!! 

~~~~~~~~~~~~~~~~~~~~~~~~~~~~~~~~~~~~~~~~~~~~~~~~~~~~~~~~~~~~~~~~~~~~~~~~~~~~~~~ 


AFTER SEPARATING CATEGORICALS AND NUMERICALS
Ordinal Index : None
Numerical Index V1 : [8, 9, 10, 11, 12, 13, 14, 15, 16, 17, 18, 19, 20, 21, 22, 23, 24, 25, 26, 27, 28, 29, 30, 31, 32, 33, 34, 35, 36, 37, 38, 39, 40, 41, 42, 43, 44, 45, 46, 47, 48, 49, 50, 51, 52, 53, 54, 55, 56, 57, 58, 59, 60, 61, 62, 63, 64, 65, 66, 67, 68, 69, 70, 71, 72, 73, 74, 75, 76, 77, 78, 79, 80, 81, 82, 83, 84, 85, 86, 87, 88, 89, 90, 91, 92, 93, 94, 95, 96, 97, 98, 99, 100, 101, 102, 103, 104, 105, 106, 107, 108, 109, 110, 111, 112, 113, 114, 115, 116, 117, 118, 119, 120, 121, 122, 123, 124, 125, 126, 127, 128, 129, 130, 131, 132, 133, 134, 135, 136, 137, 138, 139, 140, 141, 142, 143, 144, 145, 146, 147, 148, 149, 150, 151, 152, 153, 154, 155, 156, 157, 158, 159, 160, 161, 162, 163, 164, 165, 166, 167, 168, 169, 170, 171, 172, 173, 174, 175, 176, 177, 178, 179, 180, 181, 182, 183, 184, 185, 186, 187, 188, 189, 190, 191, 192, 193, 194, 195, 196, 197, 198, 199, 200, 201, 202, 203, 204, 205, 206, 207, 208, 209, 210, 211, 212, 213, 214, 215, 216, 217, 218, 219, 220, 221, 222, 223, 224, 225, 226, 227, 228, 229, 230, 231, 232, 233, 234, 235, 236, 237, 238, 239, 240, 241, 242, 243, 244, 245, 246, 247, 248, 249, 250, 251, 252, 253, 254, 255, 256, 257, 258, 259, 260, 261, 262, 263, 264, 265, 266, 267, 268, 269, 270, 271, 272, 273, 274, 275, 276, 277, 278, 279, 280, 281, 282, 283, 284, 285, 286, 287, 288, 289, 290, 291, 292, 293, 294, 295, 296, 297, 298, 299, 300, 301, 302, 303, 304, 305, 306, 307, 308, 309, 310, 311, 312, 313, 314, 315, 316, 317, 318, 319, 320, 321, 322, 323, 324, 325, 326, 327, 328, 329, 330, 331, 332, 333, 334, 335, 336, 337, 338, 339, 340, 341, 342, 343, 344, 345, 346, 347, 348, 349, 350, 351, 352, 353, 354, 355, 356, 357, 358, 359, 360, 361, 362, 363, 364, 365, 366, 367, 368, 369, 370, 371, 372, 373, 374, 375]
Cat Idx V1 : [0, 1, 2, 3, 4, 5, 6, 7] 
Cat Dims V1 : [44, 25, 35, 7, 4, 25, 12, 25]
 

~~~~~~~~~~~~~~~~~~~~~~~~~~~~~~~~~~~~~~~~~~~~~~~~~~~~~~~~~~~~~~~~~~~~~~~~~~~~~~~ 


Scaling the data...
~~~~~~~~~~~~~~~~~~~~~~~~~~~~~~~~~~~~~~~~~~~~~~~~~~~~~~~~~~~~~~~~~~~~~~~~~~~~~~~
After OHE
Numerical Index V2 : [8, 9, 10, 11, 12, 13, 14, 15, 16, 17, 18, 19, 20, 21, 22, 23, 24, 25, 26, 27, 28, 29, 30, 31, 32, 33, 34, 35, 36, 37, 38, 39, 40, 41, 42, 43, 44, 45, 46, 47, 48, 49, 50, 51, 52, 53, 54, 55, 56, 57, 58, 59, 60, 61, 62, 63, 64, 65, 66, 67, 68, 69, 70, 71, 72, 73, 74, 75, 76, 77, 78, 79, 80, 81, 82, 83, 84, 85, 86, 87, 88, 89, 90, 91, 92, 93, 94, 95, 96, 97, 98, 99, 100, 101, 102, 103, 104, 105, 106, 107, 108, 109, 110, 111, 112, 113, 114, 115, 116, 117, 118, 119, 120, 121, 122, 123, 124, 125, 126, 127, 128, 129, 130, 131, 132, 133, 134, 135, 136, 137, 138, 139, 140, 141, 142, 143, 144, 145, 146, 147, 148, 149, 150, 151, 152, 153, 154, 155, 156, 157, 158, 159, 160, 161, 162, 163, 164, 165, 166, 167, 168, 169, 170, 171, 172, 173, 174, 175, 176, 177, 178, 179, 180, 181, 182, 183, 184, 185, 186, 187, 188, 189, 190, 191, 192, 193, 194, 195, 196, 197, 198, 199, 200, 201, 202, 203, 204, 205, 206, 207, 208, 209, 210, 211, 212, 213, 214, 215, 216, 217, 218, 219, 220, 221, 222, 223, 224, 225, 226, 227, 228, 229, 230, 231, 232, 233, 234, 235, 236, 237, 238, 239, 240, 241, 242, 243, 244, 245, 246, 247, 248, 249, 250, 251, 252, 253, 254, 255, 256, 257, 258, 259, 260, 261, 262, 263, 264, 265, 266, 267, 268, 269, 270, 271, 272, 273, 274, 275, 276, 277, 278, 279, 280, 281, 282, 283, 284, 285, 286, 287, 288, 289, 290, 291, 292, 293, 294, 295, 296, 297, 298, 299, 300, 301, 302, 303, 304, 305, 306, 307, 308, 309, 310, 311, 312, 313, 314, 315, 316, 317, 318, 319, 320, 321, 322, 323, 324, 325, 326, 327, 328, 329, 330, 331, 332, 333, 334, 335, 336, 337, 338, 339, 340, 341, 342, 343, 344, 345, 346, 347, 348, 349, 350, 351, 352, 353, 354, 355, 356, 357, 358, 359, 360, 361, 362, 363, 364, 365, 366, 367, 368, 369, 370, 371, 372, 373, 374, 375] 


OHE Idx : [0, 1, 2, 3, 4, 5, 6, 7]


Ordinal Idx V2: None


Cat Dims V2 : [44, 25, 35, 7, 4, 25, 12, 25]
Cat Idx V2 : [0, 1, 2, 3, 4, 5, 6, 7] 
 

Train: [[41.0 1.0 13.0 3.0 3.0]
 [33.0 12.0 13.0 5.0 3.0]
 [18.0 18.0 23.0 5.0 3.0]
 [7.0 21.0 6.0 5.0 3.0]
 [26.0 17.0 2.0 2.0 3.0]
 [33.0 19.0 13.0 3.0 3.0]
 [33.0 18.0 13.0 4.0 3.0]
 [29.0 3.0 1.0 2.0 3.0]
 [17.0 1.0 13.0 3.0 3.0]
 [32.0 12.0 13.0 1.0 3.0]] 
 
 
Val : (2104, 376) 
 

~~~~~~~~~~~~~~~~~~~~~~~~~~~~~~~~~~~~~~~~~~~~~~~~~~~~~~~~~~~~~~~~~~~~~~~~~~~~~~~
Cat Idx V3 : [0, 1, 2, 3, 4, 5, 6, 7] 
 

~~~~~~~~~~~~~~~~~~~~~~~~~~~~~~~~~~~~~~~~~~~~~~~~~~~~~~~~~~~~~~~~~~~~~~~~~~~~~~~
After ORDINAL
Numerical Index V2 : [8, 9, 10, 11, 12, 13, 14, 15, 16, 17, 18, 19, 20, 21, 22, 23, 24, 25, 26, 27, 28, 29, 30, 31, 32, 33, 34, 35, 36, 37, 38, 39, 40, 41, 42, 43, 44, 45, 46, 47, 48, 49, 50, 51, 52, 53, 54, 55, 56, 57, 58, 59, 60, 61, 62, 63, 64, 65, 66, 67, 68, 69, 70, 71, 72, 73, 74, 75, 76, 77, 78, 79, 80, 81, 82, 83, 84, 85, 86, 87, 88, 89, 90, 91, 92, 93, 94, 95, 96, 97, 98, 99, 100, 101, 102, 103, 104, 105, 106, 107, 108, 109, 110, 111, 112, 113, 114, 115, 116, 117, 118, 119, 120, 121, 122, 123, 124, 125, 126, 127, 128, 129, 130, 131, 132, 133, 134, 135, 136, 137, 138, 139, 140, 141, 142, 143, 144, 145, 146, 147, 148, 149, 150, 151, 152, 153, 154, 155, 156, 157, 158, 159, 160, 161, 162, 163, 164, 165, 166, 167, 168, 169, 170, 171, 172, 173, 174, 175, 176, 177, 178, 179, 180, 181, 182, 183, 184, 185, 186, 187, 188, 189, 190, 191, 192, 193, 194, 195, 196, 197, 198, 199, 200, 201, 202, 203, 204, 205, 206, 207, 208, 209, 210, 211, 212, 213, 214, 215, 216, 217, 218, 219, 220, 221, 222, 223, 224, 225, 226, 227, 228, 229, 230, 231, 232, 233, 234, 235, 236, 237, 238, 239, 240, 241, 242, 243, 244, 245, 246, 247, 248, 249, 250, 251, 252, 253, 254, 255, 256, 257, 258, 259, 260, 261, 262, 263, 264, 265, 266, 267, 268, 269, 270, 271, 272, 273, 274, 275, 276, 277, 278, 279, 280, 281, 282, 283, 284, 285, 286, 287, 288, 289, 290, 291, 292, 293, 294, 295, 296, 297, 298, 299, 300, 301, 302, 303, 304, 305, 306, 307, 308, 309, 310, 311, 312, 313, 314, 315, 316, 317, 318, 319, 320, 321, 322, 323, 324, 325, 326, 327, 328, 329, 330, 331, 332, 333, 334, 335, 336, 337, 338, 339, 340, 341, 342, 343, 344, 345, 346, 347, 348, 349, 350, 351, 352, 353, 354, 355, 356, 357, 358, 359, 360, 361, 362, 363, 364, 365, 366, 367, 368, 369, 370, 371, 372, 373, 374, 375] 


OHE Idx : [0, 1, 2, 3, 4, 5, 6, 7]


Ordinal Idx V2: None


Cat Dims V2 : [44, 25, 35, 7, 4, 25, 12, 25, 45, 26, 36, 8, 5, 26, 13, 26]
Cat Idx V2 : [0, 1, 2, 3, 4, 5, 6, 7] 
 

Train: [[41.0 1.0 13.0 ... -0.043643578047198484 -0.03084598492378178
  -0.06178020632152154]
 [33.0 12.0 13.0 ... -0.043643578047198484 -0.03084598492378178
  -0.06178020632152154]
 [18.0 18.0 23.0 ... -0.043643578047198484 -0.03084598492378178
  -0.06178020632152154]
 ...
 [29.0 3.0 1.0 ... -0.043643578047198484 -0.03084598492378178
  -0.06178020632152154]
 [17.0 1.0 13.0 ... -0.043643578047198484 -0.03084598492378178
  -0.06178020632152154]
 [32.0 12.0 13.0 ... -0.043643578047198484 -0.03084598492378178
  -0.06178020632152154]] 
 
 
Val : (2104, 376) 
 

FINISHED ENCODING
~~~~~~~~~~~~~~~~~~~~~~~~~~~~~~~~~~~~~~~~~~~~~~~~~~~~~~~~~~~~~~~~~~~~~~~~~~~~~~~


~~~~~~~~~~~~~~~~~~~~~~~~~~~~~~~~~~~~~~~~~~~~~~~~~~~~~~~~~~~~~~~~~~~~~~~~~~~~~~~
Test numpy array issues
X dtype: object
X Val dtype: object
X dtype: float32
X Val dtype: float32
After encoding : : WE ARE IN TRAIN.PY
~~~~~~~~~~~~~~~~~~~~~~~~~~~~~~~~~~~~~~~~~~~~~~~~~~~~~~~~~~~~~~~~~~~~~~~~~~~~~~~
num_features :376
num_classes : 1
cat_idx : [0, 1, 2, 3, 4, 5, 6, 7]
nominal_idx : [0, 1, 2, 3, 4, 5, 6, 7]
ordinal_idx : None
num_idx : [8, 9, 10, 11, 12, 13, 14, 15, 16, 17, 18, 19, 20, 21, 22, 23, 24, 25, 26, 27, 28, 29, 30, 31, 32, 33, 34, 35, 36, 37, 38, 39, 40, 41, 42, 43, 44, 45, 46, 47, 48, 49, 50, 51, 52, 53, 54, 55, 56, 57, 58, 59, 60, 61, 62, 63, 64, 65, 66, 67, 68, 69, 70, 71, 72, 73, 74, 75, 76, 77, 78, 79, 80, 81, 82, 83, 84, 85, 86, 87, 88, 89, 90, 91, 92, 93, 94, 95, 96, 97, 98, 99, 100, 101, 102, 103, 104, 105, 106, 107, 108, 109, 110, 111, 112, 113, 114, 115, 116, 117, 118, 119, 120, 121, 122, 123, 124, 125, 126, 127, 128, 129, 130, 131, 132, 133, 134, 135, 136, 137, 138, 139, 140, 141, 142, 143, 144, 145, 146, 147, 148, 149, 150, 151, 152, 153, 154, 155, 156, 157, 158, 159, 160, 161, 162, 163, 164, 165, 166, 167, 168, 169, 170, 171, 172, 173, 174, 175, 176, 177, 178, 179, 180, 181, 182, 183, 184, 185, 186, 187, 188, 189, 190, 191, 192, 193, 194, 195, 196, 197, 198, 199, 200, 201, 202, 203, 204, 205, 206, 207, 208, 209, 210, 211, 212, 213, 214, 215, 216, 217, 218, 219, 220, 221, 222, 223, 224, 225, 226, 227, 228, 229, 230, 231, 232, 233, 234, 235, 236, 237, 238, 239, 240, 241, 242, 243, 244, 245, 246, 247, 248, 249, 250, 251, 252, 253, 254, 255, 256, 257, 258, 259, 260, 261, 262, 263, 264, 265, 266, 267, 268, 269, 270, 271, 272, 273, 274, 275, 276, 277, 278, 279, 280, 281, 282, 283, 284, 285, 286, 287, 288, 289, 290, 291, 292, 293, 294, 295, 296, 297, 298, 299, 300, 301, 302, 303, 304, 305, 306, 307, 308, 309, 310, 311, 312, 313, 314, 315, 316, 317, 318, 319, 320, 321, 322, 323, 324, 325, 326, 327, 328, 329, 330, 331, 332, 333, 334, 335, 336, 337, 338, 339, 340, 341, 342, 343, 344, 345, 346, 347, 348, 349, 350, 351, 352, 353, 354, 355, 356, 357, 358, 359, 360, 361, 362, 363, 364, 365, 366, 367, 368, 369, 370, 371, 372, 373, 374, 375]
cat_dims : [44, 25, 35, 7, 4, 25, 12, 25, 45, 26, 36, 8, 5, 26, 13, 26]
~~~~~~~~~~~~~~~~~~~~~~~~~~~~~~~~~~~~~~~~~~~~~~~~~~~~~~~~~~~~~~~~~~~~~~~~~~~~~~~


~~~~~~~~~~~~~~~~~~~~~~~~~~~~~~~~~~~~~~~~~~~~~~~~~~~~~~~~~~~~~~~~~~~~~~~~~~~~~~~
BINNING INIT
BINNING END
~~~~~~~~~~~~~~~~~~~~~~~~~~~~~~~~~~~~~~~~~~~~~~~~~~~~~~~~~~~~~~~~~~~~~~~~~~~~~~~ 


Model : <catboost.core.CatBoostRegressor object at 0x7fb2654aac70>
Current Working Directory: /home/mburu/Master_Thesis/master-thesis-da/DNN_Trial
Model Parameters: {'learning_rate': 0.28010137414964426, 'max_depth': 2, 'l2_leaf_reg': 4.625185470081477, 'iterations': 100, 'od_type': 'Iter', 'od_wait': 20, 'verbose': 100, 'train_dir': 'output/CatBoost/Mercedes_Benz/catboost_info', 'task_type': 'GPU', 'devices': [[0, 1]], 'cat_features': [0, 1, 2, 3, 4, 5, 6, 7]}
Parameters Passed: {'learning_rate': 0.28010137414964426, 'max_depth': 2, 'l2_leaf_reg': 4.625185470081477, 'iterations': 100, 'od_type': 'Iter', 'od_wait': 20, 'verbose': 100, 'train_dir': 'output/CatBoost/Mercedes_Benz/catboost_info', 'task_type': 'GPU', 'devices': [[0, 1]], 'cat_features': [0, 1, 2, 3, 4, 5, 6, 7]}
{'learning_rate': 0.28010137414964426, 'max_depth': 2, 'l2_leaf_reg': 4.625185470081477, 'iterations': 100, 'od_type': 'Iter', 'od_wait': 20, 'verbose': 100, 'train_dir': 'output/CatBoost/Mercedes_Benz/catboost_info', 'task_type': 'GPU', 'devices': [[0, 1]], 'cat_features': [0, 1, 2, 3, 4, 5, 6, 7]}
0:	learn: 0.8736853	total: 2.48ms	remaining: 246ms
99:	learn: 0.5738476	total: 124ms	remaining: 0us
Prediction shape : (2105,)
Prediction shape : (2105,)
Prediction Results : [113.72289744 103.55919398  92.53389006  93.97863624  94.26714257
 101.75547639 115.47995846  92.90946241  94.52145682 112.63975779]
State of save is True b4 loss saving
Saving loss to file: output/CatBoost/Mercedes_Benz/logging/loss_1.txt
Log file exists at: output/CatBoost/Mercedes_Benz/logging/loss_1.txt
File name : output/CatBoost/Mercedes_Benz/logging/loss_1.txt . The file was saved
Saving loss to file: output/CatBoost/Mercedes_Benz/logging/test_loss_1.txt
Log file exists at: output/CatBoost/Mercedes_Benz/logging/test_loss_1.txt
File name : output/CatBoost/Mercedes_Benz/logging/test_loss_1.txt . The file was saved
Saved Losses and Regularization
±±±±±±±±±±±±±±±±±±±±±±±±±±±±±±±±±±±±±±±±±±±±±±±±±±±±±±±±±±±±±±±±±±±±±±±±±±± 

B4 Evaluation
Number of classes : 1
Prediction shape : (2105,)
±±±±±±±±±±±±±±±±±±±±±±±±±±±±±±±±±±±±±±±±±±±±±±±±±±±±±±±±±±±±±±±±±±±±±±±±±±± 

We are not in Class comp
After Evaluation
ERRORS: {'MSE': 78.92654697875733, 'R2': 0.5157969563985065}
{'MSE - mean': 80.05753715150716, 'MSE - std': 1.1309901727498328, 'R2 - mean': 0.5088584939306597, 'R2 - std': 0.00693846246784674} 
 

In Test Model, Seed is  2
--- Test Run 3/3 ---
~~~~~~~~~~~~~~~~~~~~~~~~~~~~~~~~~~~~~~~~~~~~~~~~~~~~~~~~~~~~~~~~~~~~~~~~~~~~~~~
BEFORE ANY ENCODING
num_features :376
num_classes : 1
cat_idx : [0]
nominal_idx : [0, 1, 2, 3, 4, 5, 6, 7]
ordinal_idx : None
num_idx : None
cat_dims : [2]
bin_alt : None 


X_train shape : (2104, 376)
~~~~~~~~~~~~~~~~~~~~~~~~~~~~~~~~~~~~~~~~~~~~~~~~~~~~~~~~~~~~~~~~~~~~~~~~~~~~~~~
~~~~~~~~~~~~~~~~~~~~~~~~~~~~~~~~~~~~~~~~~~~~~~~~~~~~~~~~~~~~~~~~~~~~~~~~~~~~~~~
AFTER getting cat idx
Nominal Index : [0, 1, 2, 3, 4, 5, 6, 7]
Ordinal Index : None
Cat Idx : [0]
Cat dims : [2]
~~~~~~~~~~~~~~~~~~~~~~~~~~~~~~~~~~~~~~~~~~~~~~~~~~~~~~~~~~~~~~~~~~~~~~~~~~~~~~~
BEFORE getting cat idx
Nominal Index : [0, 1, 2, 3, 4, 5, 6, 7]
Ordinal Index : None
Cat Idx : [0, 1, 2, 3, 4, 5, 6, 7]
Cat dims : []
No one Hot for this Baby!!! 

~~~~~~~~~~~~~~~~~~~~~~~~~~~~~~~~~~~~~~~~~~~~~~~~~~~~~~~~~~~~~~~~~~~~~~~~~~~~~~~ 


AFTER SEPARATING CATEGORICALS AND NUMERICALS
Ordinal Index : None
Numerical Index V1 : [8, 9, 10, 11, 12, 13, 14, 15, 16, 17, 18, 19, 20, 21, 22, 23, 24, 25, 26, 27, 28, 29, 30, 31, 32, 33, 34, 35, 36, 37, 38, 39, 40, 41, 42, 43, 44, 45, 46, 47, 48, 49, 50, 51, 52, 53, 54, 55, 56, 57, 58, 59, 60, 61, 62, 63, 64, 65, 66, 67, 68, 69, 70, 71, 72, 73, 74, 75, 76, 77, 78, 79, 80, 81, 82, 83, 84, 85, 86, 87, 88, 89, 90, 91, 92, 93, 94, 95, 96, 97, 98, 99, 100, 101, 102, 103, 104, 105, 106, 107, 108, 109, 110, 111, 112, 113, 114, 115, 116, 117, 118, 119, 120, 121, 122, 123, 124, 125, 126, 127, 128, 129, 130, 131, 132, 133, 134, 135, 136, 137, 138, 139, 140, 141, 142, 143, 144, 145, 146, 147, 148, 149, 150, 151, 152, 153, 154, 155, 156, 157, 158, 159, 160, 161, 162, 163, 164, 165, 166, 167, 168, 169, 170, 171, 172, 173, 174, 175, 176, 177, 178, 179, 180, 181, 182, 183, 184, 185, 186, 187, 188, 189, 190, 191, 192, 193, 194, 195, 196, 197, 198, 199, 200, 201, 202, 203, 204, 205, 206, 207, 208, 209, 210, 211, 212, 213, 214, 215, 216, 217, 218, 219, 220, 221, 222, 223, 224, 225, 226, 227, 228, 229, 230, 231, 232, 233, 234, 235, 236, 237, 238, 239, 240, 241, 242, 243, 244, 245, 246, 247, 248, 249, 250, 251, 252, 253, 254, 255, 256, 257, 258, 259, 260, 261, 262, 263, 264, 265, 266, 267, 268, 269, 270, 271, 272, 273, 274, 275, 276, 277, 278, 279, 280, 281, 282, 283, 284, 285, 286, 287, 288, 289, 290, 291, 292, 293, 294, 295, 296, 297, 298, 299, 300, 301, 302, 303, 304, 305, 306, 307, 308, 309, 310, 311, 312, 313, 314, 315, 316, 317, 318, 319, 320, 321, 322, 323, 324, 325, 326, 327, 328, 329, 330, 331, 332, 333, 334, 335, 336, 337, 338, 339, 340, 341, 342, 343, 344, 345, 346, 347, 348, 349, 350, 351, 352, 353, 354, 355, 356, 357, 358, 359, 360, 361, 362, 363, 364, 365, 366, 367, 368, 369, 370, 371, 372, 373, 374, 375]
Cat Idx V1 : [0, 1, 2, 3, 4, 5, 6, 7] 
Cat Dims V1 : [44, 25, 34, 7, 4, 24, 12, 25]
 

~~~~~~~~~~~~~~~~~~~~~~~~~~~~~~~~~~~~~~~~~~~~~~~~~~~~~~~~~~~~~~~~~~~~~~~~~~~~~~~ 


Scaling the data...
~~~~~~~~~~~~~~~~~~~~~~~~~~~~~~~~~~~~~~~~~~~~~~~~~~~~~~~~~~~~~~~~~~~~~~~~~~~~~~~
After OHE
Numerical Index V2 : [8, 9, 10, 11, 12, 13, 14, 15, 16, 17, 18, 19, 20, 21, 22, 23, 24, 25, 26, 27, 28, 29, 30, 31, 32, 33, 34, 35, 36, 37, 38, 39, 40, 41, 42, 43, 44, 45, 46, 47, 48, 49, 50, 51, 52, 53, 54, 55, 56, 57, 58, 59, 60, 61, 62, 63, 64, 65, 66, 67, 68, 69, 70, 71, 72, 73, 74, 75, 76, 77, 78, 79, 80, 81, 82, 83, 84, 85, 86, 87, 88, 89, 90, 91, 92, 93, 94, 95, 96, 97, 98, 99, 100, 101, 102, 103, 104, 105, 106, 107, 108, 109, 110, 111, 112, 113, 114, 115, 116, 117, 118, 119, 120, 121, 122, 123, 124, 125, 126, 127, 128, 129, 130, 131, 132, 133, 134, 135, 136, 137, 138, 139, 140, 141, 142, 143, 144, 145, 146, 147, 148, 149, 150, 151, 152, 153, 154, 155, 156, 157, 158, 159, 160, 161, 162, 163, 164, 165, 166, 167, 168, 169, 170, 171, 172, 173, 174, 175, 176, 177, 178, 179, 180, 181, 182, 183, 184, 185, 186, 187, 188, 189, 190, 191, 192, 193, 194, 195, 196, 197, 198, 199, 200, 201, 202, 203, 204, 205, 206, 207, 208, 209, 210, 211, 212, 213, 214, 215, 216, 217, 218, 219, 220, 221, 222, 223, 224, 225, 226, 227, 228, 229, 230, 231, 232, 233, 234, 235, 236, 237, 238, 239, 240, 241, 242, 243, 244, 245, 246, 247, 248, 249, 250, 251, 252, 253, 254, 255, 256, 257, 258, 259, 260, 261, 262, 263, 264, 265, 266, 267, 268, 269, 270, 271, 272, 273, 274, 275, 276, 277, 278, 279, 280, 281, 282, 283, 284, 285, 286, 287, 288, 289, 290, 291, 292, 293, 294, 295, 296, 297, 298, 299, 300, 301, 302, 303, 304, 305, 306, 307, 308, 309, 310, 311, 312, 313, 314, 315, 316, 317, 318, 319, 320, 321, 322, 323, 324, 325, 326, 327, 328, 329, 330, 331, 332, 333, 334, 335, 336, 337, 338, 339, 340, 341, 342, 343, 344, 345, 346, 347, 348, 349, 350, 351, 352, 353, 354, 355, 356, 357, 358, 359, 360, 361, 362, 363, 364, 365, 366, 367, 368, 369, 370, 371, 372, 373, 374, 375] 


OHE Idx : [0, 1, 2, 3, 4, 5, 6, 7]


Ordinal Idx V2: None


Cat Dims V2 : [44, 25, 34, 7, 4, 24, 12, 25]
Cat Idx V2 : [0, 1, 2, 3, 4, 5, 6, 7] 
 

Train: [[36.0 24.0 5.0 2.0 3.0]
 [7.0 21.0 28.0 0.0 3.0]
 [5.0 2.0 11.0 2.0 3.0]
 [7.0 12.0 11.0 3.0 3.0]
 [43.0 1.0 5.0 6.0 3.0]
 [31.0 18.0 11.0 0.0 3.0]
 [13.0 1.0 11.0 0.0 3.0]
 [33.0 21.0 2.0 2.0 3.0]
 [25.0 21.0 2.0 0.0 3.0]
 [0.0 21.0 23.0 3.0 3.0]] 
 
 
Val : (2104, 376) 
 

~~~~~~~~~~~~~~~~~~~~~~~~~~~~~~~~~~~~~~~~~~~~~~~~~~~~~~~~~~~~~~~~~~~~~~~~~~~~~~~
Cat Idx V3 : [0, 1, 2, 3, 4, 5, 6, 7] 
 

~~~~~~~~~~~~~~~~~~~~~~~~~~~~~~~~~~~~~~~~~~~~~~~~~~~~~~~~~~~~~~~~~~~~~~~~~~~~~~~
After ORDINAL
Numerical Index V2 : [8, 9, 10, 11, 12, 13, 14, 15, 16, 17, 18, 19, 20, 21, 22, 23, 24, 25, 26, 27, 28, 29, 30, 31, 32, 33, 34, 35, 36, 37, 38, 39, 40, 41, 42, 43, 44, 45, 46, 47, 48, 49, 50, 51, 52, 53, 54, 55, 56, 57, 58, 59, 60, 61, 62, 63, 64, 65, 66, 67, 68, 69, 70, 71, 72, 73, 74, 75, 76, 77, 78, 79, 80, 81, 82, 83, 84, 85, 86, 87, 88, 89, 90, 91, 92, 93, 94, 95, 96, 97, 98, 99, 100, 101, 102, 103, 104, 105, 106, 107, 108, 109, 110, 111, 112, 113, 114, 115, 116, 117, 118, 119, 120, 121, 122, 123, 124, 125, 126, 127, 128, 129, 130, 131, 132, 133, 134, 135, 136, 137, 138, 139, 140, 141, 142, 143, 144, 145, 146, 147, 148, 149, 150, 151, 152, 153, 154, 155, 156, 157, 158, 159, 160, 161, 162, 163, 164, 165, 166, 167, 168, 169, 170, 171, 172, 173, 174, 175, 176, 177, 178, 179, 180, 181, 182, 183, 184, 185, 186, 187, 188, 189, 190, 191, 192, 193, 194, 195, 196, 197, 198, 199, 200, 201, 202, 203, 204, 205, 206, 207, 208, 209, 210, 211, 212, 213, 214, 215, 216, 217, 218, 219, 220, 221, 222, 223, 224, 225, 226, 227, 228, 229, 230, 231, 232, 233, 234, 235, 236, 237, 238, 239, 240, 241, 242, 243, 244, 245, 246, 247, 248, 249, 250, 251, 252, 253, 254, 255, 256, 257, 258, 259, 260, 261, 262, 263, 264, 265, 266, 267, 268, 269, 270, 271, 272, 273, 274, 275, 276, 277, 278, 279, 280, 281, 282, 283, 284, 285, 286, 287, 288, 289, 290, 291, 292, 293, 294, 295, 296, 297, 298, 299, 300, 301, 302, 303, 304, 305, 306, 307, 308, 309, 310, 311, 312, 313, 314, 315, 316, 317, 318, 319, 320, 321, 322, 323, 324, 325, 326, 327, 328, 329, 330, 331, 332, 333, 334, 335, 336, 337, 338, 339, 340, 341, 342, 343, 344, 345, 346, 347, 348, 349, 350, 351, 352, 353, 354, 355, 356, 357, 358, 359, 360, 361, 362, 363, 364, 365, 366, 367, 368, 369, 370, 371, 372, 373, 374, 375] 


OHE Idx : [0, 1, 2, 3, 4, 5, 6, 7]


Ordinal Idx V2: None


Cat Dims V2 : [44, 25, 34, 7, 4, 24, 12, 25, 45, 26, 35, 8, 5, 25, 13, 26]
Cat Idx V2 : [0, 1, 2, 3, 4, 5, 6, 7] 
 

Train: [[36.0 24.0 5.0 ... -0.021806218711931714 -0.043643578047198484
  -0.043643578047198484]
 [7.0 21.0 28.0 ... -0.021806218711931714 -0.043643578047198484
  -0.043643578047198484]
 [5.0 2.0 11.0 ... -0.021806218711931714 -0.043643578047198484
  -0.043643578047198484]
 ...
 [33.0 21.0 2.0 ... -0.021806218711931714 -0.043643578047198484
  -0.043643578047198484]
 [25.0 21.0 2.0 ... -0.021806218711931714 -0.043643578047198484
  -0.043643578047198484]
 [0.0 21.0 23.0 ... -0.021806218711931714 -0.043643578047198484
  -0.043643578047198484]] 
 
 
Val : (2104, 376) 
 

FINISHED ENCODING
~~~~~~~~~~~~~~~~~~~~~~~~~~~~~~~~~~~~~~~~~~~~~~~~~~~~~~~~~~~~~~~~~~~~~~~~~~~~~~~


~~~~~~~~~~~~~~~~~~~~~~~~~~~~~~~~~~~~~~~~~~~~~~~~~~~~~~~~~~~~~~~~~~~~~~~~~~~~~~~
Test numpy array issues
X dtype: object
X Val dtype: object
X dtype: float32
X Val dtype: float32
After encoding : : WE ARE IN TRAIN.PY
~~~~~~~~~~~~~~~~~~~~~~~~~~~~~~~~~~~~~~~~~~~~~~~~~~~~~~~~~~~~~~~~~~~~~~~~~~~~~~~
num_features :376
num_classes : 1
cat_idx : [0, 1, 2, 3, 4, 5, 6, 7]
nominal_idx : [0, 1, 2, 3, 4, 5, 6, 7]
ordinal_idx : None
num_idx : [8, 9, 10, 11, 12, 13, 14, 15, 16, 17, 18, 19, 20, 21, 22, 23, 24, 25, 26, 27, 28, 29, 30, 31, 32, 33, 34, 35, 36, 37, 38, 39, 40, 41, 42, 43, 44, 45, 46, 47, 48, 49, 50, 51, 52, 53, 54, 55, 56, 57, 58, 59, 60, 61, 62, 63, 64, 65, 66, 67, 68, 69, 70, 71, 72, 73, 74, 75, 76, 77, 78, 79, 80, 81, 82, 83, 84, 85, 86, 87, 88, 89, 90, 91, 92, 93, 94, 95, 96, 97, 98, 99, 100, 101, 102, 103, 104, 105, 106, 107, 108, 109, 110, 111, 112, 113, 114, 115, 116, 117, 118, 119, 120, 121, 122, 123, 124, 125, 126, 127, 128, 129, 130, 131, 132, 133, 134, 135, 136, 137, 138, 139, 140, 141, 142, 143, 144, 145, 146, 147, 148, 149, 150, 151, 152, 153, 154, 155, 156, 157, 158, 159, 160, 161, 162, 163, 164, 165, 166, 167, 168, 169, 170, 171, 172, 173, 174, 175, 176, 177, 178, 179, 180, 181, 182, 183, 184, 185, 186, 187, 188, 189, 190, 191, 192, 193, 194, 195, 196, 197, 198, 199, 200, 201, 202, 203, 204, 205, 206, 207, 208, 209, 210, 211, 212, 213, 214, 215, 216, 217, 218, 219, 220, 221, 222, 223, 224, 225, 226, 227, 228, 229, 230, 231, 232, 233, 234, 235, 236, 237, 238, 239, 240, 241, 242, 243, 244, 245, 246, 247, 248, 249, 250, 251, 252, 253, 254, 255, 256, 257, 258, 259, 260, 261, 262, 263, 264, 265, 266, 267, 268, 269, 270, 271, 272, 273, 274, 275, 276, 277, 278, 279, 280, 281, 282, 283, 284, 285, 286, 287, 288, 289, 290, 291, 292, 293, 294, 295, 296, 297, 298, 299, 300, 301, 302, 303, 304, 305, 306, 307, 308, 309, 310, 311, 312, 313, 314, 315, 316, 317, 318, 319, 320, 321, 322, 323, 324, 325, 326, 327, 328, 329, 330, 331, 332, 333, 334, 335, 336, 337, 338, 339, 340, 341, 342, 343, 344, 345, 346, 347, 348, 349, 350, 351, 352, 353, 354, 355, 356, 357, 358, 359, 360, 361, 362, 363, 364, 365, 366, 367, 368, 369, 370, 371, 372, 373, 374, 375]
cat_dims : [44, 25, 34, 7, 4, 24, 12, 25, 45, 26, 35, 8, 5, 25, 13, 26]
~~~~~~~~~~~~~~~~~~~~~~~~~~~~~~~~~~~~~~~~~~~~~~~~~~~~~~~~~~~~~~~~~~~~~~~~~~~~~~~


~~~~~~~~~~~~~~~~~~~~~~~~~~~~~~~~~~~~~~~~~~~~~~~~~~~~~~~~~~~~~~~~~~~~~~~~~~~~~~~
BINNING INIT
BINNING END
~~~~~~~~~~~~~~~~~~~~~~~~~~~~~~~~~~~~~~~~~~~~~~~~~~~~~~~~~~~~~~~~~~~~~~~~~~~~~~~ 


Model : <catboost.core.CatBoostRegressor object at 0x7fb2654aaa30>
Current Working Directory: /home/mburu/Master_Thesis/master-thesis-da/DNN_Trial
Model Parameters: {'learning_rate': 0.28010137414964426, 'max_depth': 2, 'l2_leaf_reg': 4.625185470081477, 'iterations': 100, 'od_type': 'Iter', 'od_wait': 20, 'verbose': 100, 'train_dir': 'output/CatBoost/Mercedes_Benz/catboost_info', 'task_type': 'GPU', 'devices': [[0, 1]], 'cat_features': [0, 1, 2, 3, 4, 5, 6, 7]}
Parameters Passed: {'learning_rate': 0.28010137414964426, 'max_depth': 2, 'l2_leaf_reg': 4.625185470081477, 'iterations': 100, 'od_type': 'Iter', 'od_wait': 20, 'verbose': 100, 'train_dir': 'output/CatBoost/Mercedes_Benz/catboost_info', 'task_type': 'GPU', 'devices': [[0, 1]], 'cat_features': [0, 1, 2, 3, 4, 5, 6, 7]}
{'learning_rate': 0.28010137414964426, 'max_depth': 2, 'l2_leaf_reg': 4.625185470081477, 'iterations': 100, 'od_type': 'Iter', 'od_wait': 20, 'verbose': 100, 'train_dir': 'output/CatBoost/Mercedes_Benz/catboost_info', 'task_type': 'GPU', 'devices': [[0, 1]], 'cat_features': [0, 1, 2, 3, 4, 5, 6, 7]}
0:	learn: 0.8757176	total: 2.13ms	remaining: 211ms
99:	learn: 0.5653485	total: 124ms	remaining: 0us
Prediction shape : (2105,)
Prediction shape : (2105,)
Prediction Results : [111.43846041 104.79983528  93.36817612  95.07492241  94.85009972
 102.65195857 115.00069907  91.49173011  94.15561027 113.01659097]
State of save is True b4 loss saving
Saving loss to file: output/CatBoost/Mercedes_Benz/logging/loss_2.txt
Log file exists at: output/CatBoost/Mercedes_Benz/logging/loss_2.txt
File name : output/CatBoost/Mercedes_Benz/logging/loss_2.txt . The file was saved
Saving loss to file: output/CatBoost/Mercedes_Benz/logging/test_loss_2.txt
Log file exists at: output/CatBoost/Mercedes_Benz/logging/test_loss_2.txt
File name : output/CatBoost/Mercedes_Benz/logging/test_loss_2.txt . The file was saved
Saved Losses and Regularization
±±±±±±±±±±±±±±±±±±±±±±±±±±±±±±±±±±±±±±±±±±±±±±±±±±±±±±±±±±±±±±±±±±±±±±±±±±± 

B4 Evaluation
Number of classes : 1
Prediction shape : (2105,)
±±±±±±±±±±±±±±±±±±±±±±±±±±±±±±±±±±±±±±±±±±±±±±±±±±±±±±±±±±±±±±±±±±±±±±±±±±± 

We are not in Class comp
After Evaluation
ERRORS: {'MSE': 80.20630227120377, 'R2': 0.507945841261866}
{'MSE - mean': 80.10712552473937, 'MSE - std': 0.9261086297464047, 'R2 - mean': 0.5085542763743952, 'R2 - std': 0.005681543592037682} 
 

In Test Model, Seed is  3
--- Test Run 4/3 ---
~~~~~~~~~~~~~~~~~~~~~~~~~~~~~~~~~~~~~~~~~~~~~~~~~~~~~~~~~~~~~~~~~~~~~~~~~~~~~~~
BEFORE ANY ENCODING
num_features :376
num_classes : 1
cat_idx : [0]
nominal_idx : [0, 1, 2, 3, 4, 5, 6, 7]
ordinal_idx : None
num_idx : None
cat_dims : [2]
bin_alt : None 


X_train shape : (2104, 376)
~~~~~~~~~~~~~~~~~~~~~~~~~~~~~~~~~~~~~~~~~~~~~~~~~~~~~~~~~~~~~~~~~~~~~~~~~~~~~~~
~~~~~~~~~~~~~~~~~~~~~~~~~~~~~~~~~~~~~~~~~~~~~~~~~~~~~~~~~~~~~~~~~~~~~~~~~~~~~~~
AFTER getting cat idx
Nominal Index : [0, 1, 2, 3, 4, 5, 6, 7]
Ordinal Index : None
Cat Idx : [0]
Cat dims : [2]
~~~~~~~~~~~~~~~~~~~~~~~~~~~~~~~~~~~~~~~~~~~~~~~~~~~~~~~~~~~~~~~~~~~~~~~~~~~~~~~
BEFORE getting cat idx
Nominal Index : [0, 1, 2, 3, 4, 5, 6, 7]
Ordinal Index : None
Cat Idx : [0, 1, 2, 3, 4, 5, 6, 7]
Cat dims : []
No one Hot for this Baby!!! 

~~~~~~~~~~~~~~~~~~~~~~~~~~~~~~~~~~~~~~~~~~~~~~~~~~~~~~~~~~~~~~~~~~~~~~~~~~~~~~~ 


AFTER SEPARATING CATEGORICALS AND NUMERICALS
Ordinal Index : None
Numerical Index V1 : [8, 9, 10, 11, 12, 13, 14, 15, 16, 17, 18, 19, 20, 21, 22, 23, 24, 25, 26, 27, 28, 29, 30, 31, 32, 33, 34, 35, 36, 37, 38, 39, 40, 41, 42, 43, 44, 45, 46, 47, 48, 49, 50, 51, 52, 53, 54, 55, 56, 57, 58, 59, 60, 61, 62, 63, 64, 65, 66, 67, 68, 69, 70, 71, 72, 73, 74, 75, 76, 77, 78, 79, 80, 81, 82, 83, 84, 85, 86, 87, 88, 89, 90, 91, 92, 93, 94, 95, 96, 97, 98, 99, 100, 101, 102, 103, 104, 105, 106, 107, 108, 109, 110, 111, 112, 113, 114, 115, 116, 117, 118, 119, 120, 121, 122, 123, 124, 125, 126, 127, 128, 129, 130, 131, 132, 133, 134, 135, 136, 137, 138, 139, 140, 141, 142, 143, 144, 145, 146, 147, 148, 149, 150, 151, 152, 153, 154, 155, 156, 157, 158, 159, 160, 161, 162, 163, 164, 165, 166, 167, 168, 169, 170, 171, 172, 173, 174, 175, 176, 177, 178, 179, 180, 181, 182, 183, 184, 185, 186, 187, 188, 189, 190, 191, 192, 193, 194, 195, 196, 197, 198, 199, 200, 201, 202, 203, 204, 205, 206, 207, 208, 209, 210, 211, 212, 213, 214, 215, 216, 217, 218, 219, 220, 221, 222, 223, 224, 225, 226, 227, 228, 229, 230, 231, 232, 233, 234, 235, 236, 237, 238, 239, 240, 241, 242, 243, 244, 245, 246, 247, 248, 249, 250, 251, 252, 253, 254, 255, 256, 257, 258, 259, 260, 261, 262, 263, 264, 265, 266, 267, 268, 269, 270, 271, 272, 273, 274, 275, 276, 277, 278, 279, 280, 281, 282, 283, 284, 285, 286, 287, 288, 289, 290, 291, 292, 293, 294, 295, 296, 297, 298, 299, 300, 301, 302, 303, 304, 305, 306, 307, 308, 309, 310, 311, 312, 313, 314, 315, 316, 317, 318, 319, 320, 321, 322, 323, 324, 325, 326, 327, 328, 329, 330, 331, 332, 333, 334, 335, 336, 337, 338, 339, 340, 341, 342, 343, 344, 345, 346, 347, 348, 349, 350, 351, 352, 353, 354, 355, 356, 357, 358, 359, 360, 361, 362, 363, 364, 365, 366, 367, 368, 369, 370, 371, 372, 373, 374, 375]
Cat Idx V1 : [0, 1, 2, 3, 4, 5, 6, 7] 
Cat Dims V1 : [42, 25, 36, 7, 4, 24, 12, 25]
 

~~~~~~~~~~~~~~~~~~~~~~~~~~~~~~~~~~~~~~~~~~~~~~~~~~~~~~~~~~~~~~~~~~~~~~~~~~~~~~~ 


Scaling the data...
~~~~~~~~~~~~~~~~~~~~~~~~~~~~~~~~~~~~~~~~~~~~~~~~~~~~~~~~~~~~~~~~~~~~~~~~~~~~~~~
After OHE
Numerical Index V2 : [8, 9, 10, 11, 12, 13, 14, 15, 16, 17, 18, 19, 20, 21, 22, 23, 24, 25, 26, 27, 28, 29, 30, 31, 32, 33, 34, 35, 36, 37, 38, 39, 40, 41, 42, 43, 44, 45, 46, 47, 48, 49, 50, 51, 52, 53, 54, 55, 56, 57, 58, 59, 60, 61, 62, 63, 64, 65, 66, 67, 68, 69, 70, 71, 72, 73, 74, 75, 76, 77, 78, 79, 80, 81, 82, 83, 84, 85, 86, 87, 88, 89, 90, 91, 92, 93, 94, 95, 96, 97, 98, 99, 100, 101, 102, 103, 104, 105, 106, 107, 108, 109, 110, 111, 112, 113, 114, 115, 116, 117, 118, 119, 120, 121, 122, 123, 124, 125, 126, 127, 128, 129, 130, 131, 132, 133, 134, 135, 136, 137, 138, 139, 140, 141, 142, 143, 144, 145, 146, 147, 148, 149, 150, 151, 152, 153, 154, 155, 156, 157, 158, 159, 160, 161, 162, 163, 164, 165, 166, 167, 168, 169, 170, 171, 172, 173, 174, 175, 176, 177, 178, 179, 180, 181, 182, 183, 184, 185, 186, 187, 188, 189, 190, 191, 192, 193, 194, 195, 196, 197, 198, 199, 200, 201, 202, 203, 204, 205, 206, 207, 208, 209, 210, 211, 212, 213, 214, 215, 216, 217, 218, 219, 220, 221, 222, 223, 224, 225, 226, 227, 228, 229, 230, 231, 232, 233, 234, 235, 236, 237, 238, 239, 240, 241, 242, 243, 244, 245, 246, 247, 248, 249, 250, 251, 252, 253, 254, 255, 256, 257, 258, 259, 260, 261, 262, 263, 264, 265, 266, 267, 268, 269, 270, 271, 272, 273, 274, 275, 276, 277, 278, 279, 280, 281, 282, 283, 284, 285, 286, 287, 288, 289, 290, 291, 292, 293, 294, 295, 296, 297, 298, 299, 300, 301, 302, 303, 304, 305, 306, 307, 308, 309, 310, 311, 312, 313, 314, 315, 316, 317, 318, 319, 320, 321, 322, 323, 324, 325, 326, 327, 328, 329, 330, 331, 332, 333, 334, 335, 336, 337, 338, 339, 340, 341, 342, 343, 344, 345, 346, 347, 348, 349, 350, 351, 352, 353, 354, 355, 356, 357, 358, 359, 360, 361, 362, 363, 364, 365, 366, 367, 368, 369, 370, 371, 372, 373, 374, 375] 


OHE Idx : [0, 1, 2, 3, 4, 5, 6, 7]


Ordinal Idx V2: None


Cat Dims V2 : [42, 25, 36, 7, 4, 24, 12, 25]
Cat Idx V2 : [0, 1, 2, 3, 4, 5, 6, 7] 
 

Train: [[6.0 3.0 8.0 2.0 3.0]
 [16.0 21.0 14.0 2.0 3.0]
 [22.0 2.0 14.0 2.0 3.0]
 [17.0 13.0 13.0 2.0 3.0]
 [35.0 2.0 21.0 2.0 3.0]
 [27.0 2.0 13.0 0.0 3.0]
 [40.0 1.0 14.0 3.0 3.0]
 [5.0 12.0 14.0 2.0 3.0]
 [39.0 2.0 27.0 2.0 3.0]
 [31.0 12.0 3.0 5.0 3.0]] 
 
 
Val : (2104, 376) 
 

~~~~~~~~~~~~~~~~~~~~~~~~~~~~~~~~~~~~~~~~~~~~~~~~~~~~~~~~~~~~~~~~~~~~~~~~~~~~~~~
Cat Idx V3 : [0, 1, 2, 3, 4, 5, 6, 7] 
 

~~~~~~~~~~~~~~~~~~~~~~~~~~~~~~~~~~~~~~~~~~~~~~~~~~~~~~~~~~~~~~~~~~~~~~~~~~~~~~~
After ORDINAL
Numerical Index V2 : [8, 9, 10, 11, 12, 13, 14, 15, 16, 17, 18, 19, 20, 21, 22, 23, 24, 25, 26, 27, 28, 29, 30, 31, 32, 33, 34, 35, 36, 37, 38, 39, 40, 41, 42, 43, 44, 45, 46, 47, 48, 49, 50, 51, 52, 53, 54, 55, 56, 57, 58, 59, 60, 61, 62, 63, 64, 65, 66, 67, 68, 69, 70, 71, 72, 73, 74, 75, 76, 77, 78, 79, 80, 81, 82, 83, 84, 85, 86, 87, 88, 89, 90, 91, 92, 93, 94, 95, 96, 97, 98, 99, 100, 101, 102, 103, 104, 105, 106, 107, 108, 109, 110, 111, 112, 113, 114, 115, 116, 117, 118, 119, 120, 121, 122, 123, 124, 125, 126, 127, 128, 129, 130, 131, 132, 133, 134, 135, 136, 137, 138, 139, 140, 141, 142, 143, 144, 145, 146, 147, 148, 149, 150, 151, 152, 153, 154, 155, 156, 157, 158, 159, 160, 161, 162, 163, 164, 165, 166, 167, 168, 169, 170, 171, 172, 173, 174, 175, 176, 177, 178, 179, 180, 181, 182, 183, 184, 185, 186, 187, 188, 189, 190, 191, 192, 193, 194, 195, 196, 197, 198, 199, 200, 201, 202, 203, 204, 205, 206, 207, 208, 209, 210, 211, 212, 213, 214, 215, 216, 217, 218, 219, 220, 221, 222, 223, 224, 225, 226, 227, 228, 229, 230, 231, 232, 233, 234, 235, 236, 237, 238, 239, 240, 241, 242, 243, 244, 245, 246, 247, 248, 249, 250, 251, 252, 253, 254, 255, 256, 257, 258, 259, 260, 261, 262, 263, 264, 265, 266, 267, 268, 269, 270, 271, 272, 273, 274, 275, 276, 277, 278, 279, 280, 281, 282, 283, 284, 285, 286, 287, 288, 289, 290, 291, 292, 293, 294, 295, 296, 297, 298, 299, 300, 301, 302, 303, 304, 305, 306, 307, 308, 309, 310, 311, 312, 313, 314, 315, 316, 317, 318, 319, 320, 321, 322, 323, 324, 325, 326, 327, 328, 329, 330, 331, 332, 333, 334, 335, 336, 337, 338, 339, 340, 341, 342, 343, 344, 345, 346, 347, 348, 349, 350, 351, 352, 353, 354, 355, 356, 357, 358, 359, 360, 361, 362, 363, 364, 365, 366, 367, 368, 369, 370, 371, 372, 373, 374, 375] 


OHE Idx : [0, 1, 2, 3, 4, 5, 6, 7]


Ordinal Idx V2: None


Cat Dims V2 : [42, 25, 36, 7, 4, 24, 12, 25, 43, 26, 37, 8, 5, 25, 13, 26]
Cat Idx V2 : [0, 1, 2, 3, 4, 5, 6, 7] 
 

Train: [[6.0 3.0 8.0 ... -0.06178020632152154 -0.03084598492378178
  -0.021806218711931714]
 [16.0 21.0 14.0 ... -0.06178020632152154 -0.03084598492378178
  -0.021806218711931714]
 [22.0 2.0 14.0 ... -0.06178020632152154 -0.03084598492378178
  -0.021806218711931714]
 ...
 [5.0 12.0 14.0 ... -0.06178020632152154 -0.03084598492378178
  -0.021806218711931714]
 [39.0 2.0 27.0 ... -0.06178020632152154 -0.03084598492378178
  -0.021806218711931714]
 [31.0 12.0 3.0 ... -0.06178020632152154 -0.03084598492378178
  -0.021806218711931714]] 
 
 
Val : (2104, 376) 
 

FINISHED ENCODING
~~~~~~~~~~~~~~~~~~~~~~~~~~~~~~~~~~~~~~~~~~~~~~~~~~~~~~~~~~~~~~~~~~~~~~~~~~~~~~~


~~~~~~~~~~~~~~~~~~~~~~~~~~~~~~~~~~~~~~~~~~~~~~~~~~~~~~~~~~~~~~~~~~~~~~~~~~~~~~~
Test numpy array issues
X dtype: object
X Val dtype: object
X dtype: float32
X Val dtype: float32
After encoding : : WE ARE IN TRAIN.PY
~~~~~~~~~~~~~~~~~~~~~~~~~~~~~~~~~~~~~~~~~~~~~~~~~~~~~~~~~~~~~~~~~~~~~~~~~~~~~~~
num_features :376
num_classes : 1
cat_idx : [0, 1, 2, 3, 4, 5, 6, 7]
nominal_idx : [0, 1, 2, 3, 4, 5, 6, 7]
ordinal_idx : None
num_idx : [8, 9, 10, 11, 12, 13, 14, 15, 16, 17, 18, 19, 20, 21, 22, 23, 24, 25, 26, 27, 28, 29, 30, 31, 32, 33, 34, 35, 36, 37, 38, 39, 40, 41, 42, 43, 44, 45, 46, 47, 48, 49, 50, 51, 52, 53, 54, 55, 56, 57, 58, 59, 60, 61, 62, 63, 64, 65, 66, 67, 68, 69, 70, 71, 72, 73, 74, 75, 76, 77, 78, 79, 80, 81, 82, 83, 84, 85, 86, 87, 88, 89, 90, 91, 92, 93, 94, 95, 96, 97, 98, 99, 100, 101, 102, 103, 104, 105, 106, 107, 108, 109, 110, 111, 112, 113, 114, 115, 116, 117, 118, 119, 120, 121, 122, 123, 124, 125, 126, 127, 128, 129, 130, 131, 132, 133, 134, 135, 136, 137, 138, 139, 140, 141, 142, 143, 144, 145, 146, 147, 148, 149, 150, 151, 152, 153, 154, 155, 156, 157, 158, 159, 160, 161, 162, 163, 164, 165, 166, 167, 168, 169, 170, 171, 172, 173, 174, 175, 176, 177, 178, 179, 180, 181, 182, 183, 184, 185, 186, 187, 188, 189, 190, 191, 192, 193, 194, 195, 196, 197, 198, 199, 200, 201, 202, 203, 204, 205, 206, 207, 208, 209, 210, 211, 212, 213, 214, 215, 216, 217, 218, 219, 220, 221, 222, 223, 224, 225, 226, 227, 228, 229, 230, 231, 232, 233, 234, 235, 236, 237, 238, 239, 240, 241, 242, 243, 244, 245, 246, 247, 248, 249, 250, 251, 252, 253, 254, 255, 256, 257, 258, 259, 260, 261, 262, 263, 264, 265, 266, 267, 268, 269, 270, 271, 272, 273, 274, 275, 276, 277, 278, 279, 280, 281, 282, 283, 284, 285, 286, 287, 288, 289, 290, 291, 292, 293, 294, 295, 296, 297, 298, 299, 300, 301, 302, 303, 304, 305, 306, 307, 308, 309, 310, 311, 312, 313, 314, 315, 316, 317, 318, 319, 320, 321, 322, 323, 324, 325, 326, 327, 328, 329, 330, 331, 332, 333, 334, 335, 336, 337, 338, 339, 340, 341, 342, 343, 344, 345, 346, 347, 348, 349, 350, 351, 352, 353, 354, 355, 356, 357, 358, 359, 360, 361, 362, 363, 364, 365, 366, 367, 368, 369, 370, 371, 372, 373, 374, 375]
cat_dims : [42, 25, 36, 7, 4, 24, 12, 25, 43, 26, 37, 8, 5, 25, 13, 26]
~~~~~~~~~~~~~~~~~~~~~~~~~~~~~~~~~~~~~~~~~~~~~~~~~~~~~~~~~~~~~~~~~~~~~~~~~~~~~~~


~~~~~~~~~~~~~~~~~~~~~~~~~~~~~~~~~~~~~~~~~~~~~~~~~~~~~~~~~~~~~~~~~~~~~~~~~~~~~~~
BINNING INIT
BINNING END
~~~~~~~~~~~~~~~~~~~~~~~~~~~~~~~~~~~~~~~~~~~~~~~~~~~~~~~~~~~~~~~~~~~~~~~~~~~~~~~ 


Model : <catboost.core.CatBoostRegressor object at 0x7fb2654aac40>
Current Working Directory: /home/mburu/Master_Thesis/master-thesis-da/DNN_Trial
Model Parameters: {'learning_rate': 0.28010137414964426, 'max_depth': 2, 'l2_leaf_reg': 4.625185470081477, 'iterations': 100, 'od_type': 'Iter', 'od_wait': 20, 'verbose': 100, 'train_dir': 'output/CatBoost/Mercedes_Benz/catboost_info', 'task_type': 'GPU', 'devices': [[0, 1]], 'cat_features': [0, 1, 2, 3, 4, 5, 6, 7]}
Parameters Passed: {'learning_rate': 0.28010137414964426, 'max_depth': 2, 'l2_leaf_reg': 4.625185470081477, 'iterations': 100, 'od_type': 'Iter', 'od_wait': 20, 'verbose': 100, 'train_dir': 'output/CatBoost/Mercedes_Benz/catboost_info', 'task_type': 'GPU', 'devices': [[0, 1]], 'cat_features': [0, 1, 2, 3, 4, 5, 6, 7]}
{'learning_rate': 0.28010137414964426, 'max_depth': 2, 'l2_leaf_reg': 4.625185470081477, 'iterations': 100, 'od_type': 'Iter', 'od_wait': 20, 'verbose': 100, 'train_dir': 'output/CatBoost/Mercedes_Benz/catboost_info', 'task_type': 'GPU', 'devices': [[0, 1]], 'cat_features': [0, 1, 2, 3, 4, 5, 6, 7]}
0:	learn: 0.8777211	total: 2.07ms	remaining: 205ms
99:	learn: 0.5790109	total: 120ms	remaining: 0us
Prediction shape : (2105,)
Prediction shape : (2105,)
Prediction Results : [112.85053405 102.74765897  93.97644533  93.83630353  98.18251937
 102.52875182 114.97844686  94.45500883  93.17714077 110.90577365]
State of save is True b4 loss saving
Saving loss to file: output/CatBoost/Mercedes_Benz/logging/loss_3.txt
Log file exists at: output/CatBoost/Mercedes_Benz/logging/loss_3.txt
File name : output/CatBoost/Mercedes_Benz/logging/loss_3.txt . The file was saved
Saving loss to file: output/CatBoost/Mercedes_Benz/logging/test_loss_3.txt
Log file exists at: output/CatBoost/Mercedes_Benz/logging/test_loss_3.txt
File name : output/CatBoost/Mercedes_Benz/logging/test_loss_3.txt . The file was saved
Saved Losses and Regularization
±±±±±±±±±±±±±±±±±±±±±±±±±±±±±±±±±±±±±±±±±±±±±±±±±±±±±±±±±±±±±±±±±±±±±±±±±±± 

B4 Evaluation
Number of classes : 1
Prediction shape : (2105,)
±±±±±±±±±±±±±±±±±±±±±±±±±±±±±±±±±±±±±±±±±±±±±±±±±±±±±±±±±±±±±±±±±±±±±±±±±±± 

We are not in Class comp
After Evaluation
ERRORS: {'MSE': 80.94131462568436, 'R2': 0.5034366459055812}
{'MSE - mean': 80.31567279997562, 'MSE - std': 0.8796213921872653, 'R2 - mean': 0.5072748687571917, 'R2 - std': 0.00539635105826551} 
 

In Test Model, Seed is  4
--- Test Run 5/3 ---
~~~~~~~~~~~~~~~~~~~~~~~~~~~~~~~~~~~~~~~~~~~~~~~~~~~~~~~~~~~~~~~~~~~~~~~~~~~~~~~
BEFORE ANY ENCODING
num_features :376
num_classes : 1
cat_idx : [0]
nominal_idx : [0, 1, 2, 3, 4, 5, 6, 7]
ordinal_idx : None
num_idx : None
cat_dims : [2]
bin_alt : None 


X_train shape : (2104, 376)
~~~~~~~~~~~~~~~~~~~~~~~~~~~~~~~~~~~~~~~~~~~~~~~~~~~~~~~~~~~~~~~~~~~~~~~~~~~~~~~
~~~~~~~~~~~~~~~~~~~~~~~~~~~~~~~~~~~~~~~~~~~~~~~~~~~~~~~~~~~~~~~~~~~~~~~~~~~~~~~
AFTER getting cat idx
Nominal Index : [0, 1, 2, 3, 4, 5, 6, 7]
Ordinal Index : None
Cat Idx : [0]
Cat dims : [2]
~~~~~~~~~~~~~~~~~~~~~~~~~~~~~~~~~~~~~~~~~~~~~~~~~~~~~~~~~~~~~~~~~~~~~~~~~~~~~~~
BEFORE getting cat idx
Nominal Index : [0, 1, 2, 3, 4, 5, 6, 7]
Ordinal Index : None
Cat Idx : [0, 1, 2, 3, 4, 5, 6, 7]
Cat dims : []
No one Hot for this Baby!!! 

~~~~~~~~~~~~~~~~~~~~~~~~~~~~~~~~~~~~~~~~~~~~~~~~~~~~~~~~~~~~~~~~~~~~~~~~~~~~~~~ 


AFTER SEPARATING CATEGORICALS AND NUMERICALS
Ordinal Index : None
Numerical Index V1 : [8, 9, 10, 11, 12, 13, 14, 15, 16, 17, 18, 19, 20, 21, 22, 23, 24, 25, 26, 27, 28, 29, 30, 31, 32, 33, 34, 35, 36, 37, 38, 39, 40, 41, 42, 43, 44, 45, 46, 47, 48, 49, 50, 51, 52, 53, 54, 55, 56, 57, 58, 59, 60, 61, 62, 63, 64, 65, 66, 67, 68, 69, 70, 71, 72, 73, 74, 75, 76, 77, 78, 79, 80, 81, 82, 83, 84, 85, 86, 87, 88, 89, 90, 91, 92, 93, 94, 95, 96, 97, 98, 99, 100, 101, 102, 103, 104, 105, 106, 107, 108, 109, 110, 111, 112, 113, 114, 115, 116, 117, 118, 119, 120, 121, 122, 123, 124, 125, 126, 127, 128, 129, 130, 131, 132, 133, 134, 135, 136, 137, 138, 139, 140, 141, 142, 143, 144, 145, 146, 147, 148, 149, 150, 151, 152, 153, 154, 155, 156, 157, 158, 159, 160, 161, 162, 163, 164, 165, 166, 167, 168, 169, 170, 171, 172, 173, 174, 175, 176, 177, 178, 179, 180, 181, 182, 183, 184, 185, 186, 187, 188, 189, 190, 191, 192, 193, 194, 195, 196, 197, 198, 199, 200, 201, 202, 203, 204, 205, 206, 207, 208, 209, 210, 211, 212, 213, 214, 215, 216, 217, 218, 219, 220, 221, 222, 223, 224, 225, 226, 227, 228, 229, 230, 231, 232, 233, 234, 235, 236, 237, 238, 239, 240, 241, 242, 243, 244, 245, 246, 247, 248, 249, 250, 251, 252, 253, 254, 255, 256, 257, 258, 259, 260, 261, 262, 263, 264, 265, 266, 267, 268, 269, 270, 271, 272, 273, 274, 275, 276, 277, 278, 279, 280, 281, 282, 283, 284, 285, 286, 287, 288, 289, 290, 291, 292, 293, 294, 295, 296, 297, 298, 299, 300, 301, 302, 303, 304, 305, 306, 307, 308, 309, 310, 311, 312, 313, 314, 315, 316, 317, 318, 319, 320, 321, 322, 323, 324, 325, 326, 327, 328, 329, 330, 331, 332, 333, 334, 335, 336, 337, 338, 339, 340, 341, 342, 343, 344, 345, 346, 347, 348, 349, 350, 351, 352, 353, 354, 355, 356, 357, 358, 359, 360, 361, 362, 363, 364, 365, 366, 367, 368, 369, 370, 371, 372, 373, 374, 375]
Cat Idx V1 : [0, 1, 2, 3, 4, 5, 6, 7] 
Cat Dims V1 : [43, 25, 37, 7, 4, 25, 12, 25]
 

~~~~~~~~~~~~~~~~~~~~~~~~~~~~~~~~~~~~~~~~~~~~~~~~~~~~~~~~~~~~~~~~~~~~~~~~~~~~~~~ 


Scaling the data...
~~~~~~~~~~~~~~~~~~~~~~~~~~~~~~~~~~~~~~~~~~~~~~~~~~~~~~~~~~~~~~~~~~~~~~~~~~~~~~~
After OHE
Numerical Index V2 : [8, 9, 10, 11, 12, 13, 14, 15, 16, 17, 18, 19, 20, 21, 22, 23, 24, 25, 26, 27, 28, 29, 30, 31, 32, 33, 34, 35, 36, 37, 38, 39, 40, 41, 42, 43, 44, 45, 46, 47, 48, 49, 50, 51, 52, 53, 54, 55, 56, 57, 58, 59, 60, 61, 62, 63, 64, 65, 66, 67, 68, 69, 70, 71, 72, 73, 74, 75, 76, 77, 78, 79, 80, 81, 82, 83, 84, 85, 86, 87, 88, 89, 90, 91, 92, 93, 94, 95, 96, 97, 98, 99, 100, 101, 102, 103, 104, 105, 106, 107, 108, 109, 110, 111, 112, 113, 114, 115, 116, 117, 118, 119, 120, 121, 122, 123, 124, 125, 126, 127, 128, 129, 130, 131, 132, 133, 134, 135, 136, 137, 138, 139, 140, 141, 142, 143, 144, 145, 146, 147, 148, 149, 150, 151, 152, 153, 154, 155, 156, 157, 158, 159, 160, 161, 162, 163, 164, 165, 166, 167, 168, 169, 170, 171, 172, 173, 174, 175, 176, 177, 178, 179, 180, 181, 182, 183, 184, 185, 186, 187, 188, 189, 190, 191, 192, 193, 194, 195, 196, 197, 198, 199, 200, 201, 202, 203, 204, 205, 206, 207, 208, 209, 210, 211, 212, 213, 214, 215, 216, 217, 218, 219, 220, 221, 222, 223, 224, 225, 226, 227, 228, 229, 230, 231, 232, 233, 234, 235, 236, 237, 238, 239, 240, 241, 242, 243, 244, 245, 246, 247, 248, 249, 250, 251, 252, 253, 254, 255, 256, 257, 258, 259, 260, 261, 262, 263, 264, 265, 266, 267, 268, 269, 270, 271, 272, 273, 274, 275, 276, 277, 278, 279, 280, 281, 282, 283, 284, 285, 286, 287, 288, 289, 290, 291, 292, 293, 294, 295, 296, 297, 298, 299, 300, 301, 302, 303, 304, 305, 306, 307, 308, 309, 310, 311, 312, 313, 314, 315, 316, 317, 318, 319, 320, 321, 322, 323, 324, 325, 326, 327, 328, 329, 330, 331, 332, 333, 334, 335, 336, 337, 338, 339, 340, 341, 342, 343, 344, 345, 346, 347, 348, 349, 350, 351, 352, 353, 354, 355, 356, 357, 358, 359, 360, 361, 362, 363, 364, 365, 366, 367, 368, 369, 370, 371, 372, 373, 374, 375] 


OHE Idx : [0, 1, 2, 3, 4, 5, 6, 7]


Ordinal Idx V2: None


Cat Dims V2 : [43, 25, 37, 7, 4, 25, 12, 25]
Cat Idx V2 : [0, 1, 2, 3, 4, 5, 6, 7] 
 

Train: [[41.0 1.0 7.0 4.0 3.0]
 [32.0 12.0 3.0 5.0 3.0]
 [41.0 0.0 8.0 5.0 3.0]
 [24.0 3.0 27.0 0.0 3.0]
 [16.0 1.0 14.0 3.0 3.0]
 [16.0 1.0 14.0 2.0 3.0]
 [36.0 17.0 19.0 5.0 3.0]
 [39.0 18.0 14.0 2.0 3.0]
 [5.0 12.0 14.0 5.0 3.0]
 [39.0 12.0 3.0 5.0 3.0]] 
 
 
Val : (2104, 376) 
 

~~~~~~~~~~~~~~~~~~~~~~~~~~~~~~~~~~~~~~~~~~~~~~~~~~~~~~~~~~~~~~~~~~~~~~~~~~~~~~~
Cat Idx V3 : [0, 1, 2, 3, 4, 5, 6, 7] 
 

~~~~~~~~~~~~~~~~~~~~~~~~~~~~~~~~~~~~~~~~~~~~~~~~~~~~~~~~~~~~~~~~~~~~~~~~~~~~~~~
After ORDINAL
Numerical Index V2 : [8, 9, 10, 11, 12, 13, 14, 15, 16, 17, 18, 19, 20, 21, 22, 23, 24, 25, 26, 27, 28, 29, 30, 31, 32, 33, 34, 35, 36, 37, 38, 39, 40, 41, 42, 43, 44, 45, 46, 47, 48, 49, 50, 51, 52, 53, 54, 55, 56, 57, 58, 59, 60, 61, 62, 63, 64, 65, 66, 67, 68, 69, 70, 71, 72, 73, 74, 75, 76, 77, 78, 79, 80, 81, 82, 83, 84, 85, 86, 87, 88, 89, 90, 91, 92, 93, 94, 95, 96, 97, 98, 99, 100, 101, 102, 103, 104, 105, 106, 107, 108, 109, 110, 111, 112, 113, 114, 115, 116, 117, 118, 119, 120, 121, 122, 123, 124, 125, 126, 127, 128, 129, 130, 131, 132, 133, 134, 135, 136, 137, 138, 139, 140, 141, 142, 143, 144, 145, 146, 147, 148, 149, 150, 151, 152, 153, 154, 155, 156, 157, 158, 159, 160, 161, 162, 163, 164, 165, 166, 167, 168, 169, 170, 171, 172, 173, 174, 175, 176, 177, 178, 179, 180, 181, 182, 183, 184, 185, 186, 187, 188, 189, 190, 191, 192, 193, 194, 195, 196, 197, 198, 199, 200, 201, 202, 203, 204, 205, 206, 207, 208, 209, 210, 211, 212, 213, 214, 215, 216, 217, 218, 219, 220, 221, 222, 223, 224, 225, 226, 227, 228, 229, 230, 231, 232, 233, 234, 235, 236, 237, 238, 239, 240, 241, 242, 243, 244, 245, 246, 247, 248, 249, 250, 251, 252, 253, 254, 255, 256, 257, 258, 259, 260, 261, 262, 263, 264, 265, 266, 267, 268, 269, 270, 271, 272, 273, 274, 275, 276, 277, 278, 279, 280, 281, 282, 283, 284, 285, 286, 287, 288, 289, 290, 291, 292, 293, 294, 295, 296, 297, 298, 299, 300, 301, 302, 303, 304, 305, 306, 307, 308, 309, 310, 311, 312, 313, 314, 315, 316, 317, 318, 319, 320, 321, 322, 323, 324, 325, 326, 327, 328, 329, 330, 331, 332, 333, 334, 335, 336, 337, 338, 339, 340, 341, 342, 343, 344, 345, 346, 347, 348, 349, 350, 351, 352, 353, 354, 355, 356, 357, 358, 359, 360, 361, 362, 363, 364, 365, 366, 367, 368, 369, 370, 371, 372, 373, 374, 375] 


OHE Idx : [0, 1, 2, 3, 4, 5, 6, 7]


Ordinal Idx V2: None


Cat Dims V2 : [43, 25, 37, 7, 4, 25, 12, 25, 44, 26, 38, 8, 5, 26, 13, 26]
Cat Idx V2 : [0, 1, 2, 3, 4, 5, 6, 7] 
 

Train: [[41.0 1.0 7.0 ... -0.037787451359512204 -0.03084598492378178
  -0.037787451359512204]
 [32.0 12.0 3.0 ... -0.037787451359512204 -0.03084598492378178
  -0.037787451359512204]
 [41.0 0.0 8.0 ... -0.037787451359512204 -0.03084598492378178
  -0.037787451359512204]
 ...
 [39.0 18.0 14.0 ... -0.037787451359512204 -0.03084598492378178
  -0.037787451359512204]
 [5.0 12.0 14.0 ... -0.037787451359512204 -0.03084598492378178
  -0.037787451359512204]
 [39.0 12.0 3.0 ... -0.037787451359512204 -0.03084598492378178
  -0.037787451359512204]] 
 
 
Val : (2104, 376) 
 

FINISHED ENCODING
~~~~~~~~~~~~~~~~~~~~~~~~~~~~~~~~~~~~~~~~~~~~~~~~~~~~~~~~~~~~~~~~~~~~~~~~~~~~~~~


~~~~~~~~~~~~~~~~~~~~~~~~~~~~~~~~~~~~~~~~~~~~~~~~~~~~~~~~~~~~~~~~~~~~~~~~~~~~~~~
Test numpy array issues
X dtype: object
X Val dtype: object
X dtype: float32
X Val dtype: float32
After encoding : : WE ARE IN TRAIN.PY
~~~~~~~~~~~~~~~~~~~~~~~~~~~~~~~~~~~~~~~~~~~~~~~~~~~~~~~~~~~~~~~~~~~~~~~~~~~~~~~
num_features :376
num_classes : 1
cat_idx : [0, 1, 2, 3, 4, 5, 6, 7]
nominal_idx : [0, 1, 2, 3, 4, 5, 6, 7]
ordinal_idx : None
num_idx : [8, 9, 10, 11, 12, 13, 14, 15, 16, 17, 18, 19, 20, 21, 22, 23, 24, 25, 26, 27, 28, 29, 30, 31, 32, 33, 34, 35, 36, 37, 38, 39, 40, 41, 42, 43, 44, 45, 46, 47, 48, 49, 50, 51, 52, 53, 54, 55, 56, 57, 58, 59, 60, 61, 62, 63, 64, 65, 66, 67, 68, 69, 70, 71, 72, 73, 74, 75, 76, 77, 78, 79, 80, 81, 82, 83, 84, 85, 86, 87, 88, 89, 90, 91, 92, 93, 94, 95, 96, 97, 98, 99, 100, 101, 102, 103, 104, 105, 106, 107, 108, 109, 110, 111, 112, 113, 114, 115, 116, 117, 118, 119, 120, 121, 122, 123, 124, 125, 126, 127, 128, 129, 130, 131, 132, 133, 134, 135, 136, 137, 138, 139, 140, 141, 142, 143, 144, 145, 146, 147, 148, 149, 150, 151, 152, 153, 154, 155, 156, 157, 158, 159, 160, 161, 162, 163, 164, 165, 166, 167, 168, 169, 170, 171, 172, 173, 174, 175, 176, 177, 178, 179, 180, 181, 182, 183, 184, 185, 186, 187, 188, 189, 190, 191, 192, 193, 194, 195, 196, 197, 198, 199, 200, 201, 202, 203, 204, 205, 206, 207, 208, 209, 210, 211, 212, 213, 214, 215, 216, 217, 218, 219, 220, 221, 222, 223, 224, 225, 226, 227, 228, 229, 230, 231, 232, 233, 234, 235, 236, 237, 238, 239, 240, 241, 242, 243, 244, 245, 246, 247, 248, 249, 250, 251, 252, 253, 254, 255, 256, 257, 258, 259, 260, 261, 262, 263, 264, 265, 266, 267, 268, 269, 270, 271, 272, 273, 274, 275, 276, 277, 278, 279, 280, 281, 282, 283, 284, 285, 286, 287, 288, 289, 290, 291, 292, 293, 294, 295, 296, 297, 298, 299, 300, 301, 302, 303, 304, 305, 306, 307, 308, 309, 310, 311, 312, 313, 314, 315, 316, 317, 318, 319, 320, 321, 322, 323, 324, 325, 326, 327, 328, 329, 330, 331, 332, 333, 334, 335, 336, 337, 338, 339, 340, 341, 342, 343, 344, 345, 346, 347, 348, 349, 350, 351, 352, 353, 354, 355, 356, 357, 358, 359, 360, 361, 362, 363, 364, 365, 366, 367, 368, 369, 370, 371, 372, 373, 374, 375]
cat_dims : [43, 25, 37, 7, 4, 25, 12, 25, 44, 26, 38, 8, 5, 26, 13, 26]
~~~~~~~~~~~~~~~~~~~~~~~~~~~~~~~~~~~~~~~~~~~~~~~~~~~~~~~~~~~~~~~~~~~~~~~~~~~~~~~


~~~~~~~~~~~~~~~~~~~~~~~~~~~~~~~~~~~~~~~~~~~~~~~~~~~~~~~~~~~~~~~~~~~~~~~~~~~~~~~
BINNING INIT
BINNING END
~~~~~~~~~~~~~~~~~~~~~~~~~~~~~~~~~~~~~~~~~~~~~~~~~~~~~~~~~~~~~~~~~~~~~~~~~~~~~~~ 


Model : <catboost.core.CatBoostRegressor object at 0x7fb2654aabb0>
Current Working Directory: /home/mburu/Master_Thesis/master-thesis-da/DNN_Trial
Model Parameters: {'learning_rate': 0.28010137414964426, 'max_depth': 2, 'l2_leaf_reg': 4.625185470081477, 'iterations': 100, 'od_type': 'Iter', 'od_wait': 20, 'verbose': 100, 'train_dir': 'output/CatBoost/Mercedes_Benz/catboost_info', 'task_type': 'GPU', 'devices': [[0, 1]], 'cat_features': [0, 1, 2, 3, 4, 5, 6, 7]}
Parameters Passed: {'learning_rate': 0.28010137414964426, 'max_depth': 2, 'l2_leaf_reg': 4.625185470081477, 'iterations': 100, 'od_type': 'Iter', 'od_wait': 20, 'verbose': 100, 'train_dir': 'output/CatBoost/Mercedes_Benz/catboost_info', 'task_type': 'GPU', 'devices': [[0, 1]], 'cat_features': [0, 1, 2, 3, 4, 5, 6, 7]}
{'learning_rate': 0.28010137414964426, 'max_depth': 2, 'l2_leaf_reg': 4.625185470081477, 'iterations': 100, 'od_type': 'Iter', 'od_wait': 20, 'verbose': 100, 'train_dir': 'output/CatBoost/Mercedes_Benz/catboost_info', 'task_type': 'GPU', 'devices': [[0, 1]], 'cat_features': [0, 1, 2, 3, 4, 5, 6, 7]}
0:	learn: 0.8853827	total: 2.25ms	remaining: 223ms
99:	learn: 0.5719828	total: 125ms	remaining: 0us
Prediction shape : (2105,)
Prediction shape : (2105,)
Prediction Results : [116.4517998  102.57709162  93.28690167  94.81781431  93.38341264
 103.13879995 112.2651043   93.0847113   94.19669433 111.70857228]
State of save is True b4 loss saving
Saving loss to file: output/CatBoost/Mercedes_Benz/logging/loss_4.txt
Log file exists at: output/CatBoost/Mercedes_Benz/logging/loss_4.txt
File name : output/CatBoost/Mercedes_Benz/logging/loss_4.txt . The file was saved
Saving loss to file: output/CatBoost/Mercedes_Benz/logging/test_loss_4.txt
Log file exists at: output/CatBoost/Mercedes_Benz/logging/test_loss_4.txt
File name : output/CatBoost/Mercedes_Benz/logging/test_loss_4.txt . The file was saved
Saved Losses and Regularization
±±±±±±±±±±±±±±±±±±±±±±±±±±±±±±±±±±±±±±±±±±±±±±±±±±±±±±±±±±±±±±±±±±±±±±±±±±± 

B4 Evaluation
Number of classes : 1
Prediction shape : (2105,)
±±±±±±±±±±±±±±±±±±±±±±±±±±±±±±±±±±±±±±±±±±±±±±±±±±±±±±±±±±±±±±±±±±±±±±±±±±± 

We are not in Class comp
After Evaluation
ERRORS: {'MSE': 88.6111972609304, 'R2': 0.4563830161927305}
{'MSE - mean': 81.97477769216657, 'MSE - std': 3.4102057427731007, 'R2 - mean': 0.49709649824429947, 'R2 - std': 0.020921123033577627} 
 

Saving model.....
Results After CV: {'MSE - mean': 81.97477769216657, 'MSE - std': 3.4102057427731007, 'R2 - mean': 0.49709649824429947, 'R2 - std': 0.020921123033577627}
Train time: 1.0658476238000003
Inference time: 0.18859983199999988
Finished cross validation

--- Testin on Final Model Finished ---
Aggregated Results: {'MSE - mean': 81.97477769216657, 'MSE - std': 3.4102057427731007, 'R2 - mean': 0.49709649824429947, 'R2 - std': 0.020921123033577627}
Avg Outer Fold Train Time: 1.0658 sec
Avg Outer Fold Inference Time: 0.1886 sec
