[I 2025-04-06 19:48:33,767] A new study created in RDB with name: TabNet_Brazillian_Houses
[W 2025-04-06 19:50:50,529] Trial 0 failed with parameters: {'n_d': 16, 'n_steps': 4, 'gamma': 1.692007935884996, 'cat_emb_dim': 1, 'n_independent': 5, 'n_shared': 5, 'momentum': 0.0076830351843826935, 'mask_type': 'sparsemax'} because of the following error: ValueError("Number of classes in y_true not equal to the number of columns in 'y_score'").
Traceback (most recent call last):
  File "/home/mburu/.local/lib/python3.8/site-packages/optuna/study/_optimize.py", line 197, in _run_trial
    value_or_values = func(trial)
  File "train.py", line 444, in __call__
    sc, time = cross_validation(model, self.X, self.y, args_cp, visual=False, save_model=False)#Dont save model during HPT
  File "train.py", line 373, in cross_validation
    sc.eval(y_test, curr_model.predictions, curr_model.prediction_probabilities)
  File "/home/mburu/Master_Thesis/master-thesis-da/DNN_Trial/utils/scorer.py", line 90, in eval
    auc = roc_auc_score(y_true, y_probabilities, multi_class='ovo', average="macro")
  File "/home/mburu/.local/lib/python3.8/site-packages/sklearn/utils/_param_validation.py", line 214, in wrapper
    return func(*args, **kwargs)
  File "/home/mburu/.local/lib/python3.8/site-packages/sklearn/metrics/_ranking.py", line 621, in roc_auc_score
    return _multiclass_roc_auc_score(
  File "/home/mburu/.local/lib/python3.8/site-packages/sklearn/metrics/_ranking.py", line 738, in _multiclass_roc_auc_score
    raise ValueError(
ValueError: Number of classes in y_true not equal to the number of columns in 'y_score'
[W 2025-04-06 19:50:50,532] Trial 0 failed with value None.
Traceback (most recent call last):
  File "train.py", line 503, in <module>
    main(arguments)
  File "train.py", line 466, in main
    study.optimize(Objective(args, model_name, X, y), n_trials=args.n_trials)
  File "/home/mburu/.local/lib/python3.8/site-packages/optuna/study/study.py", line 475, in optimize
    _optimize(
  File "/home/mburu/.local/lib/python3.8/site-packages/optuna/study/_optimize.py", line 63, in _optimize
    _optimize_sequential(
  File "/home/mburu/.local/lib/python3.8/site-packages/optuna/study/_optimize.py", line 160, in _optimize_sequential
    frozen_trial = _run_trial(study, func, catch)
  File "/home/mburu/.local/lib/python3.8/site-packages/optuna/study/_optimize.py", line 248, in _run_trial
    raise func_err
  File "/home/mburu/.local/lib/python3.8/site-packages/optuna/study/_optimize.py", line 197, in _run_trial
    value_or_values = func(trial)
  File "train.py", line 444, in __call__
    sc, time = cross_validation(model, self.X, self.y, args_cp, visual=False, save_model=False)#Dont save model during HPT
  File "train.py", line 373, in cross_validation
    sc.eval(y_test, curr_model.predictions, curr_model.prediction_probabilities)
  File "/home/mburu/Master_Thesis/master-thesis-da/DNN_Trial/utils/scorer.py", line 90, in eval
    auc = roc_auc_score(y_true, y_probabilities, multi_class='ovo', average="macro")
  File "/home/mburu/.local/lib/python3.8/site-packages/sklearn/utils/_param_validation.py", line 214, in wrapper
    return func(*args, **kwargs)
  File "/home/mburu/.local/lib/python3.8/site-packages/sklearn/metrics/_ranking.py", line 621, in roc_auc_score
    return _multiclass_roc_auc_score(
  File "/home/mburu/.local/lib/python3.8/site-packages/sklearn/metrics/_ranking.py", line 738, in _multiclass_roc_auc_score
    raise ValueError(
ValueError: Number of classes in y_true not equal to the number of columns in 'y_score'
srun: error: stud-000: task 0: Exited with exit code 1
