[I 2025-05-11 06:56:34,904] A new study created in memory with name: SAINT_Brazillian_Houses_outer1
[I 2025-05-11 07:26:56,888] Trial 0 finished with value: 382005292.1284068 and parameters: {'dim': 64, 'depth': 3, 'heads': 2, 'dropout': 0.8}. Best is trial 0 with value: 382005292.1284068.
[W 2025-05-11 07:27:02,678] Trial 1 failed with parameters: {'dim': 256, 'depth': 2, 'heads': 8, 'dropout': 0.7} because of the following error: OutOfMemoryError('CUDA out of memory. Tried to allocate 648.00 MiB. GPU 0 has a total capacty of 7.79 GiB of which 556.44 MiB is free. Including non-PyTorch memory, this process has 7.24 GiB memory in use. Of the allocated memory 7.02 GiB is allocated by PyTorch, and 89.99 MiB is reserved by PyTorch but unallocated. If reserved but unallocated memory is large try setting max_split_size_mb to avoid fragmentation.  See documentation for Memory Management and PYTORCH_CUDA_ALLOC_CONF').
Traceback (most recent call last):
  File "/home/mburu/.local/lib/python3.8/site-packages/optuna/study/_optimize.py", line 197, in _run_trial
    value_or_values = func(trial)
  File "train.py", line 1111, in __call__
    inner_sc, avg_score, time = evaluate_hyperparameters_cv(
  File "train.py", line 363, in evaluate_hyperparameters_cv
    _,_ = curr_model.fit(X_train_inner_proc, y_train_inner_proc, X_val_inner_proc, y_val_inner_proc)
  File "/home/mburu/Master_Thesis/master-thesis-da/DNN_Trial/models/saint.py", line 133, in fit
    optimizer.step()
  File "/home/mburu/anaconda3/envs/TabSurvey/lib/python3.8/site-packages/torch/optim/optimizer.py", line 373, in wrapper
    out = func(*args, **kwargs)
  File "/home/mburu/anaconda3/envs/TabSurvey/lib/python3.8/site-packages/torch/optim/optimizer.py", line 76, in _use_grad
    ret = func(self, *args, **kwargs)
  File "/home/mburu/anaconda3/envs/TabSurvey/lib/python3.8/site-packages/torch/optim/adamw.py", line 173, in step
    self._init_group(
  File "/home/mburu/anaconda3/envs/TabSurvey/lib/python3.8/site-packages/torch/optim/adamw.py", line 125, in _init_group
    state["exp_avg_sq"] = torch.zeros_like(
torch.cuda.OutOfMemoryError: CUDA out of memory. Tried to allocate 648.00 MiB. GPU 0 has a total capacty of 7.79 GiB of which 556.44 MiB is free. Including non-PyTorch memory, this process has 7.24 GiB memory in use. Of the allocated memory 7.02 GiB is allocated by PyTorch, and 89.99 MiB is reserved by PyTorch but unallocated. If reserved but unallocated memory is large try setting max_split_size_mb to avoid fragmentation.  See documentation for Memory Management and PYTORCH_CUDA_ALLOC_CONF
[W 2025-05-11 07:27:02,762] Trial 1 failed with value None.
Traceback (most recent call last):
  File "train.py", line 1216, in <module>
    main(arguments)
  File "train.py", line 1150, in main
    agg_scorer, avg_train_time, avg_test_time = nested_cross_validation(
  File "train.py", line 522, in nested_cross_validation
    study.optimize(objective, n_trials=args.n_trials, n_jobs=1) # n_jobs=1 unless Objective and preprocessing are thread-safe
  File "/home/mburu/.local/lib/python3.8/site-packages/optuna/study/study.py", line 475, in optimize
    _optimize(
  File "/home/mburu/.local/lib/python3.8/site-packages/optuna/study/_optimize.py", line 63, in _optimize
    _optimize_sequential(
  File "/home/mburu/.local/lib/python3.8/site-packages/optuna/study/_optimize.py", line 160, in _optimize_sequential
    frozen_trial = _run_trial(study, func, catch)
  File "/home/mburu/.local/lib/python3.8/site-packages/optuna/study/_optimize.py", line 248, in _run_trial
    raise func_err
  File "/home/mburu/.local/lib/python3.8/site-packages/optuna/study/_optimize.py", line 197, in _run_trial
    value_or_values = func(trial)
  File "train.py", line 1111, in __call__
    inner_sc, avg_score, time = evaluate_hyperparameters_cv(
  File "train.py", line 363, in evaluate_hyperparameters_cv
    _,_ = curr_model.fit(X_train_inner_proc, y_train_inner_proc, X_val_inner_proc, y_val_inner_proc)
  File "/home/mburu/Master_Thesis/master-thesis-da/DNN_Trial/models/saint.py", line 133, in fit
    optimizer.step()
  File "/home/mburu/anaconda3/envs/TabSurvey/lib/python3.8/site-packages/torch/optim/optimizer.py", line 373, in wrapper
    out = func(*args, **kwargs)
  File "/home/mburu/anaconda3/envs/TabSurvey/lib/python3.8/site-packages/torch/optim/optimizer.py", line 76, in _use_grad
    ret = func(self, *args, **kwargs)
  File "/home/mburu/anaconda3/envs/TabSurvey/lib/python3.8/site-packages/torch/optim/adamw.py", line 173, in step
    self._init_group(
  File "/home/mburu/anaconda3/envs/TabSurvey/lib/python3.8/site-packages/torch/optim/adamw.py", line 125, in _init_group
    state["exp_avg_sq"] = torch.zeros_like(
torch.cuda.OutOfMemoryError: CUDA out of memory. Tried to allocate 648.00 MiB. GPU 0 has a total capacty of 7.79 GiB of which 556.44 MiB is free. Including non-PyTorch memory, this process has 7.24 GiB memory in use. Of the allocated memory 7.02 GiB is allocated by PyTorch, and 89.99 MiB is reserved by PyTorch but unallocated. If reserved but unallocated memory is large try setting max_split_size_mb to avoid fragmentation.  See documentation for Memory Management and PYTORCH_CUDA_ALLOC_CONF
srun: error: stud-000: task 0: Exited with exit code 1
