[I 2025-05-11 14:31:38,510] A new study created in memory with name: SAINT_SAT11_outer1
[I 2025-05-11 14:45:35,307] Trial 0 finished with value: 2966579.209565982 and parameters: {'dim': 64, 'depth': 1, 'heads': 2, 'dropout': 0.4}. Best is trial 0 with value: 2966579.209565982.
[I 2025-05-11 15:02:01,796] Trial 1 finished with value: 2208675.7220366756 and parameters: {'dim': 32, 'depth': 2, 'heads': 4, 'dropout': 0}. Best is trial 1 with value: 2208675.7220366756.
[I 2025-05-11 15:26:33,966] Trial 2 finished with value: 1809149.4411371239 and parameters: {'dim': 256, 'depth': 6, 'heads': 2, 'dropout': 0.4}. Best is trial 2 with value: 1809149.4411371239.
[I 2025-05-11 16:04:18,318] Trial 3 finished with value: 1901436.0831052226 and parameters: {'dim': 32, 'depth': 12, 'heads': 2, 'dropout': 0.4}. Best is trial 2 with value: 1809149.4411371239.
[I 2025-05-11 16:23:24,097] Trial 4 finished with value: 1930614.4479076401 and parameters: {'dim': 128, 'depth': 3, 'heads': 8, 'dropout': 0.3}. Best is trial 2 with value: 1809149.4411371239.
[I 2025-05-11 16:26:26,741] A new study created in memory with name: SAINT_SAT11_outer2
[I 2025-05-11 16:44:26,370] Trial 0 finished with value: 2108241.149511344 and parameters: {'dim': 32, 'depth': 3, 'heads': 2, 'dropout': 0.2}. Best is trial 0 with value: 2108241.149511344.
[I 2025-05-11 16:59:16,041] Trial 1 finished with value: 2976553.8939334834 and parameters: {'dim': 32, 'depth': 2, 'heads': 8, 'dropout': 0.7}. Best is trial 0 with value: 2108241.149511344.
[I 2025-05-11 17:23:03,154] Trial 2 finished with value: 1907162.4212187014 and parameters: {'dim': 256, 'depth': 6, 'heads': 4, 'dropout': 0.1}. Best is trial 2 with value: 1907162.4212187014.
[I 2025-05-11 17:37:36,914] Trial 3 finished with value: 2777650.223574289 and parameters: {'dim': 64, 'depth': 1, 'heads': 4, 'dropout': 0.4}. Best is trial 2 with value: 1907162.4212187014.
[I 2025-05-11 17:53:23,387] Trial 4 finished with value: 2461406.200700698 and parameters: {'dim': 64, 'depth': 3, 'heads': 2, 'dropout': 0}. Best is trial 2 with value: 1907162.4212187014.
[I 2025-05-11 17:58:15,371] A new study created in memory with name: SAINT_SAT11_outer3
[I 2025-05-11 18:16:55,437] Trial 0 finished with value: 1375178.0724216308 and parameters: {'dim': 256, 'depth': 3, 'heads': 4, 'dropout': 0}. Best is trial 0 with value: 1375178.0724216308.
[I 2025-05-11 18:35:46,799] Trial 1 finished with value: 1528423.5320149628 and parameters: {'dim': 128, 'depth': 3, 'heads': 8, 'dropout': 0.2}. Best is trial 0 with value: 1375178.0724216308.
[I 2025-05-11 18:48:59,820] Trial 2 finished with value: 2296980.4729690384 and parameters: {'dim': 256, 'depth': 2, 'heads': 2, 'dropout': 0.5}. Best is trial 0 with value: 1375178.0724216308.
[I 2025-05-11 19:08:22,088] Trial 3 finished with value: 1482158.990232169 and parameters: {'dim': 64, 'depth': 3, 'heads': 4, 'dropout': 0.2}. Best is trial 0 with value: 1375178.0724216308.
[I 2025-05-11 19:20:47,578] Trial 4 finished with value: 2655092.9977675895 and parameters: {'dim': 32, 'depth': 1, 'heads': 2, 'dropout': 0.2}. Best is trial 0 with value: 1375178.0724216308.
[I 2025-05-11 19:24:10,333] A new study created in memory with name: SAINT_SAT11_outer4
[I 2025-05-11 19:56:15,455] Trial 0 finished with value: 2049834.4616945707 and parameters: {'dim': 32, 'depth': 12, 'heads': 2, 'dropout': 0.7}. Best is trial 0 with value: 2049834.4616945707.
[I 2025-05-11 20:26:36,792] Trial 1 finished with value: 3607703.496426077 and parameters: {'dim': 128, 'depth': 12, 'heads': 8, 'dropout': 0.5}. Best is trial 0 with value: 2049834.4616945707.
[I 2025-05-11 20:39:08,222] Trial 2 finished with value: 2308508.4490379575 and parameters: {'dim': 32, 'depth': 2, 'heads': 2, 'dropout': 0.3}. Best is trial 0 with value: 2049834.4616945707.
[I 2025-05-11 20:55:11,619] Trial 3 finished with value: 2603209.228875847 and parameters: {'dim': 256, 'depth': 3, 'heads': 8, 'dropout': 0.6}. Best is trial 0 with value: 2049834.4616945707.
[I 2025-05-11 21:23:54,704] Trial 4 finished with value: 3593561.589586577 and parameters: {'dim': 128, 'depth': 12, 'heads': 8, 'dropout': 0.8}. Best is trial 0 with value: 2049834.4616945707.
[I 2025-05-11 21:29:36,192] A new study created in memory with name: SAINT_SAT11_outer5
[I 2025-05-11 21:43:51,446] Trial 0 finished with value: 1978742.4682870372 and parameters: {'dim': 128, 'depth': 2, 'heads': 2, 'dropout': 0.2}. Best is trial 0 with value: 1978742.4682870372.
[I 2025-05-11 22:08:42,591] Trial 1 finished with value: 1352658.0324969427 and parameters: {'dim': 32, 'depth': 6, 'heads': 8, 'dropout': 0.6}. Best is trial 1 with value: 1352658.0324969427.
[I 2025-05-11 22:32:56,782] Trial 2 finished with value: 1358508.268304802 and parameters: {'dim': 128, 'depth': 6, 'heads': 4, 'dropout': 0.5}. Best is trial 1 with value: 1352658.0324969427.
[I 2025-05-11 23:06:38,682] Trial 3 finished with value: 1555752.4208414734 and parameters: {'dim': 64, 'depth': 12, 'heads': 4, 'dropout': 0.5}. Best is trial 1 with value: 1352658.0324969427.
[I 2025-05-11 23:19:03,385] Trial 4 finished with value: 2592209.147238493 and parameters: {'dim': 32, 'depth': 1, 'heads': 4, 'dropout': 0.8}. Best is trial 1 with value: 1352658.0324969427.
[I 2025-05-11 23:24:54,591] A new study created in memory with name: SAINT_Diamonds_outer1
[I 2025-05-12 00:08:10,552] Trial 0 finished with value: 306044.30029505835 and parameters: {'dim': 32, 'depth': 1, 'heads': 2, 'dropout': 0.6}. Best is trial 0 with value: 306044.30029505835.
[I 2025-05-12 02:33:52,399] Trial 1 finished with value: 337488.197902037 and parameters: {'dim': 128, 'depth': 12, 'heads': 2, 'dropout': 0.5}. Best is trial 0 with value: 306044.30029505835.
[I 2025-05-12 03:44:51,668] Trial 2 finished with value: 300277.0572977608 and parameters: {'dim': 256, 'depth': 1, 'heads': 2, 'dropout': 0.1}. Best is trial 2 with value: 300277.0572977608.
[I 2025-05-12 04:21:03,672] Trial 3 finished with value: 311947.04844759766 and parameters: {'dim': 32, 'depth': 2, 'heads': 8, 'dropout': 0.1}. Best is trial 2 with value: 300277.0572977608.
[I 2025-05-12 05:14:35,867] Trial 4 finished with value: 319590.7897740145 and parameters: {'dim': 64, 'depth': 6, 'heads': 2, 'dropout': 0.5}. Best is trial 2 with value: 300277.0572977608.
[I 2025-05-12 05:33:51,122] A new study created in memory with name: SAINT_Diamonds_outer2
[I 2025-05-12 06:08:48,183] Trial 0 finished with value: 303911.1237757667 and parameters: {'dim': 128, 'depth': 1, 'heads': 8, 'dropout': 0.3}. Best is trial 0 with value: 303911.1237757667.
[I 2025-05-12 06:57:36,729] Trial 1 finished with value: 306384.79647582443 and parameters: {'dim': 64, 'depth': 6, 'heads': 4, 'dropout': 0}. Best is trial 0 with value: 303911.1237757667.
[I 2025-05-12 07:47:20,256] Trial 2 finished with value: 301979.8098899154 and parameters: {'dim': 128, 'depth': 3, 'heads': 4, 'dropout': 0.2}. Best is trial 2 with value: 301979.8098899154.
[I 2025-05-12 10:47:02,893] Trial 3 finished with value: 326426.91407140193 and parameters: {'dim': 128, 'depth': 12, 'heads': 8, 'dropout': 0.6}. Best is trial 2 with value: 301979.8098899154.
[I 2025-05-12 11:34:25,065] Trial 4 finished with value: 289034.88409909286 and parameters: {'dim': 64, 'depth': 1, 'heads': 2, 'dropout': 0.2}. Best is trial 4 with value: 289034.88409909286.
[I 2025-05-12 11:46:31,739] A new study created in memory with name: SAINT_Diamonds_outer3
[I 2025-05-12 13:01:48,046] Trial 0 finished with value: 308884.7819188138 and parameters: {'dim': 128, 'depth': 3, 'heads': 2, 'dropout': 0.8}. Best is trial 0 with value: 308884.7819188138.
[I 2025-05-12 14:28:21,321] Trial 1 finished with value: 292103.2622034493 and parameters: {'dim': 256, 'depth': 1, 'heads': 2, 'dropout': 0.8}. Best is trial 1 with value: 292103.2622034493.
[I 2025-05-12 16:09:31,623] Trial 2 finished with value: 325833.8143099284 and parameters: {'dim': 128, 'depth': 6, 'heads': 8, 'dropout': 0.7}. Best is trial 1 with value: 292103.2622034493.
[I 2025-05-12 16:49:20,284] Trial 3 finished with value: 296888.79866124166 and parameters: {'dim': 32, 'depth': 3, 'heads': 8, 'dropout': 0.4}. Best is trial 1 with value: 292103.2622034493.
[I 2025-05-12 19:06:03,100] Trial 4 finished with value: 7654786.647348521 and parameters: {'dim': 128, 'depth': 12, 'heads': 8, 'dropout': 0.8}. Best is trial 1 with value: 292103.2622034493.
[I 2025-05-12 19:18:00,287] A new study created in memory with name: SAINT_Diamonds_outer4
[I 2025-05-12 20:02:15,209] Trial 0 finished with value: 302822.0470245431 and parameters: {'dim': 64, 'depth': 2, 'heads': 2, 'dropout': 0.7}. Best is trial 0 with value: 302822.0470245431.
[I 2025-05-12 20:44:58,920] Trial 1 finished with value: 296791.0303815178 and parameters: {'dim': 64, 'depth': 1, 'heads': 4, 'dropout': 0.4}. Best is trial 1 with value: 296791.0303815178.
[I 2025-05-12 22:09:52,982] Trial 2 finished with value: 310391.7726051717 and parameters: {'dim': 32, 'depth': 6, 'heads': 4, 'dropout': 0.8}. Best is trial 1 with value: 296791.0303815178.
[I 2025-05-12 23:25:02,273] Trial 3 finished with value: 317377.00954126753 and parameters: {'dim': 256, 'depth': 2, 'heads': 8, 'dropout': 0.3}. Best is trial 1 with value: 296791.0303815178.
[I 2025-05-13 00:13:26,679] Trial 4 finished with value: 302009.8278064819 and parameters: {'dim': 32, 'depth': 3, 'heads': 4, 'dropout': 0.4}. Best is trial 1 with value: 296791.0303815178.
[I 2025-05-13 00:25:19,513] A new study created in memory with name: SAINT_Diamonds_outer5
[I 2025-05-13 00:59:53,366] Trial 0 finished with value: 344284.9258475841 and parameters: {'dim': 64, 'depth': 3, 'heads': 4, 'dropout': 0.2}. Best is trial 0 with value: 344284.9258475841.
[I 2025-05-13 01:33:55,201] Trial 1 finished with value: 327052.50183539913 and parameters: {'dim': 32, 'depth': 2, 'heads': 8, 'dropout': 0.1}. Best is trial 1 with value: 327052.50183539913.
[I 2025-05-13 02:11:38,880] Trial 2 finished with value: 334331.4024247898 and parameters: {'dim': 32, 'depth': 3, 'heads': 4, 'dropout': 0}. Best is trial 1 with value: 327052.50183539913.
[I 2025-05-13 03:24:09,486] Trial 3 finished with value: 315116.4928167275 and parameters: {'dim': 256, 'depth': 1, 'heads': 2, 'dropout': 0.5}. Best is trial 3 with value: 315116.4928167275.
[I 2025-05-13 04:05:46,137] Trial 4 finished with value: 345598.0738426779 and parameters: {'dim': 64, 'depth': 6, 'heads': 2, 'dropout': 0}. Best is trial 3 with value: 315116.4928167275.
[I 2025-05-13 04:18:00,564] A new study created in memory with name: SAINT_House_Prices_Nominal_outer1
[I 2025-05-13 05:09:35,706] Trial 0 finished with value: 2332135442.8812385 and parameters: {'dim': 64, 'depth': 12, 'heads': 4, 'dropout': 0.1}. Best is trial 0 with value: 2332135442.8812385.
[I 2025-05-13 05:58:04,068] Trial 1 finished with value: 4634935407.457254 and parameters: {'dim': 64, 'depth': 12, 'heads': 4, 'dropout': 0.3}. Best is trial 0 with value: 2332135442.8812385.
[I 2025-05-13 06:27:27,346] Trial 2 finished with value: 5821054876.22962 and parameters: {'dim': 256, 'depth': 6, 'heads': 8, 'dropout': 0.4}. Best is trial 0 with value: 2332135442.8812385.
[I 2025-05-13 06:57:00,041] Trial 3 finished with value: 4774676097.653851 and parameters: {'dim': 32, 'depth': 6, 'heads': 4, 'dropout': 0.7}. Best is trial 0 with value: 2332135442.8812385.
[I 2025-05-13 07:15:03,544] Trial 4 finished with value: 2196107647.4762483 and parameters: {'dim': 32, 'depth': 2, 'heads': 8, 'dropout': 0.3}. Best is trial 4 with value: 2196107647.4762483.
[I 2025-05-13 07:17:39,039] A new study created in memory with name: SAINT_House_Prices_Nominal_outer2
[I 2025-05-13 07:49:29,111] Trial 0 finished with value: 1980725264.609404 and parameters: {'dim': 32, 'depth': 6, 'heads': 2, 'dropout': 0.5}. Best is trial 0 with value: 1980725264.609404.
[I 2025-05-13 08:03:43,336] Trial 1 finished with value: 2464196617.0780926 and parameters: {'dim': 256, 'depth': 1, 'heads': 2, 'dropout': 0.7}. Best is trial 0 with value: 1980725264.609404.
[I 2025-05-13 08:17:54,276] Trial 2 finished with value: 2271769030.0678415 and parameters: {'dim': 128, 'depth': 1, 'heads': 4, 'dropout': 0.3}. Best is trial 0 with value: 1980725264.609404.
[I 2025-05-13 09:10:45,124] Trial 3 finished with value: 1970223967.7298846 and parameters: {'dim': 64, 'depth': 12, 'heads': 2, 'dropout': 0.1}. Best is trial 3 with value: 1970223967.7298846.
[I 2025-05-13 09:31:13,307] Trial 4 finished with value: 3526232462.2411056 and parameters: {'dim': 256, 'depth': 3, 'heads': 4, 'dropout': 0.7}. Best is trial 3 with value: 1970223967.7298846.
[I 2025-05-13 09:37:43,112] A new study created in memory with name: SAINT_House_Prices_Nominal_outer3
[I 2025-05-13 09:53:10,362] Trial 0 finished with value: 1991205456.4783292 and parameters: {'dim': 32, 'depth': 1, 'heads': 8, 'dropout': 0.8}. Best is trial 0 with value: 1991205456.4783292.
[I 2025-05-13 10:15:37,537] Trial 1 finished with value: 1990360459.989161 and parameters: {'dim': 64, 'depth': 3, 'heads': 4, 'dropout': 0.8}. Best is trial 1 with value: 1990360459.989161.
[I 2025-05-13 10:38:22,629] Trial 2 finished with value: 2102259656.354694 and parameters: {'dim': 32, 'depth': 3, 'heads': 4, 'dropout': 0.5}. Best is trial 1 with value: 1990360459.989161.
[I 2025-05-13 10:54:00,677] Trial 3 finished with value: 1748054112.7851417 and parameters: {'dim': 256, 'depth': 1, 'heads': 8, 'dropout': 0.3}. Best is trial 3 with value: 1748054112.7851417.
[I 2025-05-13 11:12:54,540] Trial 4 finished with value: 1917468718.2250137 and parameters: {'dim': 256, 'depth': 2, 'heads': 4, 'dropout': 0.5}. Best is trial 3 with value: 1748054112.7851417.
[I 2025-05-13 11:15:26,181] A new study created in memory with name: SAINT_House_Prices_Nominal_outer4
[I 2025-05-13 11:33:01,259] Trial 0 finished with value: 2418362076.48097 and parameters: {'dim': 256, 'depth': 2, 'heads': 8, 'dropout': 0.6}. Best is trial 0 with value: 2418362076.48097.
[I 2025-05-13 11:48:09,851] Trial 1 finished with value: 1905554945.5091138 and parameters: {'dim': 128, 'depth': 1, 'heads': 4, 'dropout': 0.6}. Best is trial 1 with value: 1905554945.5091138.
[I 2025-05-13 12:09:56,488] Trial 2 finished with value: 1477495316.128413 and parameters: {'dim': 32, 'depth': 3, 'heads': 2, 'dropout': 0.1}. Best is trial 2 with value: 1477495316.128413.
[I 2025-05-13 12:57:49,152] Trial 3 finished with value: 2942590341.5041504 and parameters: {'dim': 128, 'depth': 12, 'heads': 4, 'dropout': 0.6}. Best is trial 2 with value: 1477495316.128413.
[I 2025-05-13 13:26:56,202] Trial 4 finished with value: 6571471947.758085 and parameters: {'dim': 64, 'depth': 6, 'heads': 8, 'dropout': 0.8}. Best is trial 2 with value: 1477495316.128413.
[I 2025-05-13 13:29:51,783] A new study created in memory with name: SAINT_House_Prices_Nominal_outer5
[I 2025-05-13 14:09:10,378] Trial 0 finished with value: 6785294858.130506 and parameters: {'dim': 128, 'depth': 12, 'heads': 4, 'dropout': 0.5}. Best is trial 0 with value: 6785294858.130506.
[I 2025-05-13 15:04:01,004] Trial 1 finished with value: 3448298124.5445046 and parameters: {'dim': 64, 'depth': 12, 'heads': 4, 'dropout': 0}. Best is trial 1 with value: 3448298124.5445046.
[I 2025-05-13 15:19:52,876] Trial 2 finished with value: 1443650048.3314183 and parameters: {'dim': 256, 'depth': 1, 'heads': 8, 'dropout': 0.1}. Best is trial 2 with value: 1443650048.3314183.
[I 2025-05-13 15:35:23,751] Trial 3 finished with value: 1481825265.9768395 and parameters: {'dim': 128, 'depth': 1, 'heads': 8, 'dropout': 0.2}. Best is trial 2 with value: 1443650048.3314183.
[I 2025-05-13 15:57:47,889] Trial 4 finished with value: 2989266173.956499 and parameters: {'dim': 128, 'depth': 3, 'heads': 8, 'dropout': 0.5}. Best is trial 2 with value: 1443650048.3314183.
