Running Mode: Nested CV with Hyperparameter Optimization
Arguements: Namespace(batch_size=32, bin_alt=None, cat_dims=[2], cat_idx=[0], class_comp=False, config='config/brazillian_houses.yml', data_parallel=False, dataset='Brazillian_Houses', direction='minimize', dropna_idx=None, early_stopping_rounds=20, epochs=100, frequency_reg=False, gpu_ids=[0, 1], logging_period=100, miss_cat_idx=None, miss_num_idx=None, model_name='SAINT', n_trials=5, nominal_idx=[0, 6], num_bins=10, num_classes=1, num_features=12, num_idx=None, num_splits=5, objective='regression', one_hot_encode=True, optimize_hyperparameters=True, ordinal_encode=True, ordinal_idx=[7], outer_splits=2, save_results=False, scale=True, seed=221, shuffle=True, target_encode=False, use_gpu=True, val_batch_size=64, weighted_loss=False, y_distribution='skewed')
--- Running Nested Cross-Validation with Hyperparameter Optimization ---
Loading dataset Brazillian_Houses...
Dataset loaded! 

(10692, 12)
--- Starting Nested Cross-Validation (2 Outer Folds, 5 Inner Folds) ---
Hyperparameter Optimization per Outer Fold: True

--- Outer Fold 1/2 ---
Starting Hyperparameter Optimization for Outer Fold 1...
  outer_1_inner Fold 1/5
Before Debugging -- Inner Fold 1
DEBUG Inner Fold 1: num_features: 12
DEBUG Inner Fold 1: num_classes: 1
DEBUG Inner Fold 1: cat_idx: [0]
DEBUG Inner Fold 1: nominal_idx: [0, 6]
DEBUG Inner Fold 1: ordinal_idx: [7]
DEBUG Inner Fold 1: num_idx: None
DEBUG Inner Fold 1: cat_dims: [2]
DEBUG Inner Fold 1: bin_alt: None
~~~~~~~~~~~~~~~~~~~~~~~~~~~~~~~~~~~~~~~~~~~~~~~~~~~~~~~~~~~~~~~~~~~~~~~~~~~~~~~
BEFORE ANY ENCODING
num_features :12
num_classes : 1
cat_idx : [0]
nominal_idx : [0, 6]
ordinal_idx : [7]
num_idx : None
cat_dims : [2]
bin_alt : None 


X_train shape : (3420, 12)
~~~~~~~~~~~~~~~~~~~~~~~~~~~~~~~~~~~~~~~~~~~~~~~~~~~~~~~~~~~~~~~~~~~~~~~~~~~~~~~
~~~~~~~~~~~~~~~~~~~~~~~~~~~~~~~~~~~~~~~~~~~~~~~~~~~~~~~~~~~~~~~~~~~~~~~~~~~~~~~
AFTER getting cat idx
Nominal Index : [0, 6]
Ordinal Index : [7]
Cat Idx : [0]
Cat dims : [2]
~~~~~~~~~~~~~~~~~~~~~~~~~~~~~~~~~~~~~~~~~~~~~~~~~~~~~~~~~~~~~~~~~~~~~~~~~~~~~~~
BEFORE getting cat idx
Nominal Index : [0, 6]
Ordinal Index : [7]
Cat Idx : [0, 6, 7]
Cat dims : []
~~~~~~~~~~~~~~~~~~~~~~~~~~~~~~~~~~~~~~~~~~~~~~~~~~~~~~~~~~~~~~~~~~~~~~~~~~~~~~~ 


AFTER SEPARATING CATEGORICALS AND NUMERICALS
Ordinal Index : [7]
Numerical Index V1 : [1, 2, 3, 4, 5, 8, 9, 10, 11]
Cat Idx V1 : [0, 6, 7] 
Cat Dims V1 : []
 

~~~~~~~~~~~~~~~~~~~~~~~~~~~~~~~~~~~~~~~~~~~~~~~~~~~~~~~~~~~~~~~~~~~~~~~~~~~~~~~ 


Scaling the data...
One Hot Encoding...
Ord : 1, Nom : 7, Num : 9
~~~~~~~~~~~~~~~~~~~~~~~~~~~~~~~~~~~~~~~~~~~~~~~~~~~~~~~~~~~~~~~~~~~~~~~~~~~~~~~
After OHE
Numerical Index V2 : [8, 9, 10, 11, 12, 13, 14, 15, 16] 


OHE Idx : [1, 2, 3, 4, 5, 6, 7]


Ordinal Idx V2: [0]


Cat Dims V2 : []
Cat Idx V2 : [0, 6, 7] 
 

Train: [['not furnished' 0.0 0.0 0.0 1.0]
 ['not furnished' 1.0 0.0 0.0 0.0]
 ['not furnished' 0.0 1.0 0.0 0.0]
 ['not furnished' 0.0 0.0 0.0 0.0]
 ['not furnished' 0.0 0.0 0.0 0.0]
 ['not furnished' 0.0 0.0 0.0 1.0]
 ['not furnished' 1.0 0.0 0.0 0.0]
 ['furnished' 0.0 0.0 0.0 0.0]
 ['not furnished' 1.0 0.0 0.0 0.0]
 ['not furnished' 0.0 0.0 1.0 0.0]] 
 
 
Val : (3420, 17) 
 

~~~~~~~~~~~~~~~~~~~~~~~~~~~~~~~~~~~~~~~~~~~~~~~~~~~~~~~~~~~~~~~~~~~~~~~~~~~~~~~
Ordinal Encoding...
Train Cat : [['not furnished']
 ['not furnished']
 ['not furnished']
 ['not furnished']
 ['not furnished']
 ['not furnished']
 ['not furnished']
 ['furnished']
 ['not furnished']
 ['not furnished']]
Uniques : ['furnished' 'not furnished']
Cat Idx V3 : [0, 1, 2, 3, 4, 5, 6, 7] 
 

~~~~~~~~~~~~~~~~~~~~~~~~~~~~~~~~~~~~~~~~~~~~~~~~~~~~~~~~~~~~~~~~~~~~~~~~~~~~~~~
After ORDINAL
Numerical Index V2 : [8, 9, 10, 11, 12, 13, 14, 15, 16] 


OHE Idx : [1, 2, 3, 4, 5, 6, 7]


Ordinal Idx V2: [0]


Cat Dims V2 : [3, 3, 3, 3, 3, 3, 3, 3]
Cat Idx V2 : [0, 1, 2, 3, 4, 5, 6, 7] 
 

Train: [[1.0 0.0 0.0 0.0 1.0 0.0 1.0 0.0 -0.6066119667393784 -0.4409735877705798
  -0.8891088668162085 -1.0310300730068107 0.2638682927091926
  -0.03726588519561444 -0.8168946486982943 -0.0649112397113407
  -0.7997059857529025]
 [1.0 1.0 0.0 0.0 0.0 0.0 1.0 0.0 -0.7242858670452416 -1.3092117398577316
  -0.8891088668162085 -0.3988818389294905 0.8090605966303156
  -0.03768442184442685 -0.1307794991794192 -0.03924644180762629
  -0.14718167573763577]
 [1.0 0.0 1.0 0.0 0.0 0.0 1.0 0.0 -0.6507396793540772 -0.4409735877705798
  -0.8891088668162085 -0.3988818389294905 -0.2813240112119303
  -0.049926618822189746 -0.845768661240547 -0.07654348624324005
  -0.8404887551288567]
 [1.0 0.0 0.0 0.0 0.0 1.0 0.0 1.0 0.7172194117015818 2.1637408684908754
  -0.19008534394001708 0.8654146292251502 -0.6902182391527725
  -0.06488930401723328 0.7268644377191747 -0.02724491760804761
  0.8927789433491956]
 [1.0 0.0 0.0 0.0 0.0 1.0 1.0 0.0 0.7172194117015818 0.42726456431657195
  0.5089381789361743 0.23326639514782987 -0.6902182391527725
  -0.06488930401723328 0.012161156970346462 -0.026875639940368266
  0.13829770989404344]
 [1.0 0.0 0.0 0.0 1.0 0.0 1.0 0.0 0.275942285554595 0.42726456431657195
  0.5089381789361743 -1.0310300730068107 -0.6902182391527725
  -0.06384296239520226 -0.4166608114789505 -0.049401577668808254
  -0.31031275324145247]
 [1.0 1.0 0.0 0.0 0.0 0.0 1.0 0.0 -0.5330657790482141 -0.4409735877705798
  -0.19008534394001708 0.23326639514782987 0.1275702167289119
  -0.03219112832876401 -0.4881311395538333 -0.0418313854813817
  -0.4938352154332462]
 [2.0 0.0 0.0 0.0 0.0 1.0 1.0 0.0 -0.040306321517412154
  0.42726456431657195 0.5089381789361743 -0.3988818389294905
  0.5364644446697541 0.00035009611640060854 0.4409831254196434
  -0.024844612768131873 0.32182017208583724]
 [1.0 1.0 0.0 0.0 0.0 0.0 1.0 0.0 -0.5698388728937962 -0.4409735877705798
  -0.19008534394001708 -0.3988818389294905 -0.14502593523164956
  -0.05154844833633782 -0.7311302550084349 -0.06583443388053907
  -0.7181404470009942]
 [1.0 0.0 0.0 1.0 0.0 0.0 1.0 0.0 -0.35655492858941934
  -0.4409735877705798 -0.19008534394001708 0.23326639514782987
  0.40016636868947336 -0.033499055356302786 -0.302308286559138
  -0.03832324763842793 -0.2287472144895441]] 
 
 
Val : (3420, 17) 
 

FINISHED ENCODING
~~~~~~~~~~~~~~~~~~~~~~~~~~~~~~~~~~~~~~~~~~~~~~~~~~~~~~~~~~~~~~~~~~~~~~~~~~~~~~~


~~~~~~~~~~~~~~~~~~~~~~~~~~~~~~~~~~~~~~~~~~~~~~~~~~~~~~~~~~~~~~~~~~~~~~~~~~~~~~~
Test numpy array issues
X dtype: object
X Val dtype: object
X dtype: float32
X Val dtype: float32
After Debugging -- Inner Fold 1
DEBUG Inner Fold 1: num_features: 17
DEBUG Inner Fold 1: num_classes: 1
DEBUG Inner Fold 1: cat_idx: [0, 1, 2, 3, 4, 5, 6, 7]
DEBUG Inner Fold 1: nominal_idx: [1, 2, 3, 4, 5, 6, 7]
DEBUG Inner Fold 1: ordinal_idx: [0]
DEBUG Inner Fold 1: num_idx: [8, 9, 10, 11, 12, 13, 14, 15, 16]
DEBUG Inner Fold 1: cat_dims: [3, 3, 3, 3, 3, 3, 3, 3]
DEBUG Inner Fold 1: bin_alt: None
In get_device
Using dim 64 and batch size 32
**** Data b4 Fitting ****
Epoch 0 loss 35021944.0
Epoch 1 loss 11024976.0
Epoch 2 loss 3202257.5
Epoch 3 loss 3318189.25
Epoch 4 loss 2175845.25
Epoch 5 loss 2274974.0
Epoch 6 loss 2074700.5
Epoch 7 loss 2483759.5
Epoch 8 loss 2154168.75
Epoch 9 loss 3225085.5
Epoch 10 loss 4748329.0
Epoch 11 loss 2013882.75
Epoch 12 loss 1544774.25
Epoch 13 loss 1816990.375
Epoch 14 loss 2178139.5
Epoch 15 loss 1388771.5
Epoch 16 loss 1592300.875
Epoch 17 loss 1339734.5
Epoch 18 loss 1836942.125
Epoch 19 loss 784787.25
Epoch 20 loss 853919.625
Epoch 21 loss 1333055.0
Epoch 22 loss 1744889.125
Epoch 23 loss 1453255.375
Epoch 24 loss 1156600.75
Epoch 25 loss 1284305.75
Epoch 26 loss 1410017.25
Epoch 27 loss 892568.75
Epoch 28 loss 1689471.625
Epoch 29 loss 839509.75
Epoch 30 loss 783381.25
Epoch 31 loss 768801.75
Epoch 32 loss 713225.625
Epoch 33 loss 1882317.25
Epoch 34 loss 499400.1875
Epoch 35 loss 770190.75
Epoch 36 loss 542364.3125
Epoch 37 loss 932074.375
Epoch 38 loss 1254682.75
Epoch 39 loss 1221121.625
Epoch 40 loss 11525087.0
Epoch 41 loss 4234182.5
Epoch 42 loss 9086266.0
Epoch 43 loss 773056.875
Epoch 44 loss 1202744.875
Epoch 45 loss 950808.125
Epoch 46 loss 2845097.5
Epoch 47 loss 1308273.5
Epoch 48 loss 1344709.0
Epoch 49 loss 1491320.75
Epoch 50 loss 831240.4375
Epoch 51 loss 1830734.375
Epoch 52 loss 895890.4375
Epoch 53 loss 1183244.125
Epoch 54 loss 693373.875
Epoch 55 loss 1087905.25
Validation loss has not improved for 20 steps!
Early stopping applies.
Inner Fold 1 Results: {'MSE - mean': 496133.6145941098, 'MSE - std': 0.0, 'R2 - mean': 0.9743156625341712, 'R2 - std': 0.0}
  outer_1_inner Fold 2/5
Before Debugging -- Inner Fold 2
DEBUG Inner Fold 2: num_features: 12
DEBUG Inner Fold 2: num_classes: 1
DEBUG Inner Fold 2: cat_idx: [0]
DEBUG Inner Fold 2: nominal_idx: [0, 6]
DEBUG Inner Fold 2: ordinal_idx: [7]
DEBUG Inner Fold 2: num_idx: None
DEBUG Inner Fold 2: cat_dims: [2]
DEBUG Inner Fold 2: bin_alt: None
~~~~~~~~~~~~~~~~~~~~~~~~~~~~~~~~~~~~~~~~~~~~~~~~~~~~~~~~~~~~~~~~~~~~~~~~~~~~~~~
BEFORE ANY ENCODING
num_features :12
num_classes : 1
cat_idx : [0]
nominal_idx : [0, 6]
ordinal_idx : [7]
num_idx : None
cat_dims : [2]
bin_alt : None 


X_train shape : (3421, 12)
~~~~~~~~~~~~~~~~~~~~~~~~~~~~~~~~~~~~~~~~~~~~~~~~~~~~~~~~~~~~~~~~~~~~~~~~~~~~~~~
~~~~~~~~~~~~~~~~~~~~~~~~~~~~~~~~~~~~~~~~~~~~~~~~~~~~~~~~~~~~~~~~~~~~~~~~~~~~~~~
AFTER getting cat idx
Nominal Index : [0, 6]
Ordinal Index : [7]
Cat Idx : [0]
Cat dims : [2]
~~~~~~~~~~~~~~~~~~~~~~~~~~~~~~~~~~~~~~~~~~~~~~~~~~~~~~~~~~~~~~~~~~~~~~~~~~~~~~~
BEFORE getting cat idx
Nominal Index : [0, 6]
Ordinal Index : [7]
Cat Idx : [0, 6, 7]
Cat dims : []
~~~~~~~~~~~~~~~~~~~~~~~~~~~~~~~~~~~~~~~~~~~~~~~~~~~~~~~~~~~~~~~~~~~~~~~~~~~~~~~ 


AFTER SEPARATING CATEGORICALS AND NUMERICALS
Ordinal Index : [7]
Numerical Index V1 : [1, 2, 3, 4, 5, 8, 9, 10, 11]
Cat Idx V1 : [0, 6, 7] 
Cat Dims V1 : []
 

~~~~~~~~~~~~~~~~~~~~~~~~~~~~~~~~~~~~~~~~~~~~~~~~~~~~~~~~~~~~~~~~~~~~~~~~~~~~~~~ 


Scaling the data...
One Hot Encoding...
Ord : 1, Nom : 7, Num : 9
~~~~~~~~~~~~~~~~~~~~~~~~~~~~~~~~~~~~~~~~~~~~~~~~~~~~~~~~~~~~~~~~~~~~~~~~~~~~~~~
After OHE
Numerical Index V2 : [8, 9, 10, 11, 12, 13, 14, 15, 16] 


OHE Idx : [1, 2, 3, 4, 5, 6, 7]


Ordinal Idx V2: [0]


Cat Dims V2 : []
Cat Idx V2 : [0, 6, 7] 
 

Train: [['not furnished' 0.0 0.0 1.0 0.0]
 ['not furnished' 0.0 1.0 0.0 0.0]
 ['not furnished' 0.0 0.0 0.0 0.0]
 ['not furnished' 0.0 0.0 0.0 0.0]
 ['not furnished' 0.0 0.0 0.0 1.0]
 ['not furnished' 1.0 0.0 0.0 0.0]
 ['furnished' 0.0 0.0 0.0 0.0]
 ['not furnished' 0.0 0.0 1.0 0.0]
 ['furnished' 0.0 0.0 0.0 1.0]
 ['not furnished' 1.0 0.0 0.0 0.0]] 
 
 
Val : (3421, 17) 
 

~~~~~~~~~~~~~~~~~~~~~~~~~~~~~~~~~~~~~~~~~~~~~~~~~~~~~~~~~~~~~~~~~~~~~~~~~~~~~~~
Ordinal Encoding...
Train Cat : [['not furnished']
 ['not furnished']
 ['not furnished']
 ['not furnished']
 ['not furnished']
 ['not furnished']
 ['furnished']
 ['not furnished']
 ['furnished']
 ['not furnished']]
Uniques : ['furnished' 'not furnished']
Cat Idx V3 : [0, 1, 2, 3, 4, 5, 6, 7] 
 

~~~~~~~~~~~~~~~~~~~~~~~~~~~~~~~~~~~~~~~~~~~~~~~~~~~~~~~~~~~~~~~~~~~~~~~~~~~~~~~
After ORDINAL
Numerical Index V2 : [8, 9, 10, 11, 12, 13, 14, 15, 16] 


OHE Idx : [1, 2, 3, 4, 5, 6, 7]


Ordinal Idx V2: [0]


Cat Dims V2 : [3, 3, 3, 3, 3, 3, 3, 3]
Cat Idx V2 : [0, 1, 2, 3, 4, 5, 6, 7] 
 

Train: [[1.0 0.0 0.0 1.0 0.0 0.0 1.0 0.0 -0.0646965038862356 0.41924339550736156
  -0.18505046504095268 0.22626987463181988 -0.5645927957269675
  -0.17014799323675153 -0.3713475858795869 -0.05629221026773546
  -0.3055912573722765]
 [1.0 0.0 1.0 0.0 0.0 0.0 1.0 0.0 -0.21705334726702674
  -0.4309235612387461 -0.8799545714131805 -0.39647287767345446
  -0.37666985797818797 -0.5767599681829683 -0.8493345075928997
  -0.07696251704610513 -0.8427356950189477]
 [1.0 0.0 0.0 0.0 0.0 1.0 0.0 1.0 0.20590744181994566 2.1195773089995766
  -0.18505046504095268 0.8490126269370942 -0.9404386712245265
  -0.8447116383088162 0.7432796997632081 -0.027685982136956024
  0.9133134280567081]
 [1.0 0.0 0.0 0.0 0.0 1.0 1.0 0.0 0.20590744181994566 0.41924339550736156
  0.5098536413312751 0.22626987463181988 -0.9404386712245265
  -0.8447116383088162 0.01949574804710745 -0.027316869515913708
  0.14891557448259912]
 [1.0 0.0 0.0 0.0 1.0 0.0 1.0 0.0 0.06946847759834167 0.41924339550736156
  0.5098536413312751 -1.0192156299787287 -0.9404386712245265
  -0.8259737592790366 -0.4147746229825529 -0.049832739399494945
  -0.3055912573722765]
 [1.0 1.0 0.0 0.0 0.0 0.0 1.0 0.0 -0.180669623474599 -0.4309235612387461
  -0.18505046504095268 0.22626987463181988 0.18709895526815062
  -0.2591529186282045 -0.48715301815416295 -0.04226593066812748
  -0.49152587040381657]
 [2.0 0.0 0.0 0.0 0.0 1.0 1.0 0.0 -0.02831278009380787
  0.41924339550736156 0.5098536413312751 -0.39647287767345446
  0.7508677685144892 0.32359511919794026 0.45376611907676784
  -0.025286750100180975 0.33485018751413914]
 [1.0 0.0 0.0 1.0 0.0 0.0 1.0 0.0 -0.1260940377859574 -0.4309235612387461
  -0.18505046504095268 0.22626987463181988 0.5629448307657097
  -0.282575267415429 -0.29896919070797684 -0.03875936076822548
  -0.22295365158048094]
 [2.0 0.0 0.0 0.0 1.0 0.0 1.0 0.0 -0.146559882419198 -0.4309235612387461
  -0.8799545714131805 -1.0192156299787287 0.5629448307657097
  0.5606292889246519 -0.27725567215649377 -0.05647676657825662
  -0.3055912573722765]
 [1.0 1.0 0.0 0.0 0.0 0.0 1.0 0.0 0.06946847759834167 2.9697442657456845
  1.204757747703503 2.717240883852917 -0.9404386712245265
  -0.8447116383088162 0.45376611907676784 -0.0426350432891698
  0.7686976179210658]] 
 
 
Val : (3421, 17) 
 

FINISHED ENCODING
~~~~~~~~~~~~~~~~~~~~~~~~~~~~~~~~~~~~~~~~~~~~~~~~~~~~~~~~~~~~~~~~~~~~~~~~~~~~~~~


~~~~~~~~~~~~~~~~~~~~~~~~~~~~~~~~~~~~~~~~~~~~~~~~~~~~~~~~~~~~~~~~~~~~~~~~~~~~~~~
Test numpy array issues
X dtype: object
X Val dtype: object
X dtype: float32
X Val dtype: float32
After Debugging -- Inner Fold 2
DEBUG Inner Fold 2: num_features: 17
DEBUG Inner Fold 2: num_classes: 1
DEBUG Inner Fold 2: cat_idx: [0, 1, 2, 3, 4, 5, 6, 7]
DEBUG Inner Fold 2: nominal_idx: [1, 2, 3, 4, 5, 6, 7]
DEBUG Inner Fold 2: ordinal_idx: [0]
DEBUG Inner Fold 2: num_idx: [8, 9, 10, 11, 12, 13, 14, 15, 16]
DEBUG Inner Fold 2: cat_dims: [3, 3, 3, 3, 3, 3, 3, 3]
DEBUG Inner Fold 2: bin_alt: None
In get_device
Using dim 64 and batch size 32
**** Data b4 Fitting ****
Epoch 0 loss 1434127104.0
Epoch 1 loss 1396549120.0
Epoch 2 loss 1389196672.0
Epoch 3 loss 1390682880.0
Epoch 4 loss 1387812224.0
Epoch 5 loss 1385922048.0
Epoch 6 loss 1385044224.0
Epoch 7 loss 1386254592.0
Epoch 8 loss 1388622464.0
Epoch 9 loss 1386138496.0
Epoch 10 loss 1387824768.0
Epoch 11 loss 1386815104.0
Epoch 12 loss 1386702464.0
Epoch 13 loss 1387441920.0
Epoch 14 loss 1386300288.0
Epoch 15 loss 1384741632.0
Epoch 16 loss 1386609920.0
Epoch 17 loss 1385669888.0
Epoch 18 loss 1386212608.0
Epoch 19 loss 1387096832.0
Epoch 20 loss 1386896640.0
Epoch 21 loss 1385782656.0
Epoch 22 loss 1386177024.0
Epoch 23 loss 1386135296.0
Epoch 24 loss 1384378240.0
Epoch 25 loss 1385103616.0
Epoch 26 loss 1383394176.0
Epoch 27 loss 1384038912.0
Epoch 28 loss 1384430080.0
Epoch 29 loss 1382413952.0
Epoch 30 loss 1384233600.0
Epoch 31 loss 1386988288.0
Epoch 32 loss 1386999168.0
Epoch 33 loss 1385376128.0
Epoch 34 loss 1384641024.0
Epoch 35 loss 1385774592.0
Epoch 36 loss 1382983040.0
Epoch 37 loss 1384846080.0
Epoch 38 loss 1383371008.0
Epoch 39 loss 1381961344.0
Epoch 40 loss 1382769280.0
Epoch 41 loss 1383134464.0
Epoch 42 loss 1382726912.0
Epoch 43 loss 1382935808.0
Epoch 44 loss 1383932928.0
Epoch 45 loss 1383080704.0
Epoch 46 loss 1384958976.0
Epoch 47 loss 1385918976.0
Epoch 48 loss 1385148288.0
Epoch 49 loss 1383133952.0
Epoch 50 loss 1388651008.0
Epoch 51 loss 1382562432.0
Epoch 52 loss 1384874240.0
Epoch 53 loss 1382774656.0
Epoch 54 loss 1384342528.0
Epoch 55 loss 1382548992.0
Epoch 56 loss 1381047040.0
Epoch 57 loss 1384212096.0
Epoch 58 loss 1380561920.0
Epoch 59 loss 1382317056.0
Epoch 60 loss 1384789888.0
Epoch 61 loss 1383347200.0
Epoch 62 loss 1384978176.0
Epoch 63 loss 1382976512.0
Epoch 64 loss 1382601088.0
Epoch 65 loss 1382291072.0
Epoch 66 loss 1382116352.0
Epoch 67 loss 1384424960.0
Epoch 68 loss 1384803712.0
Epoch 69 loss 1385223040.0
Epoch 70 loss 1383839616.0
Epoch 71 loss 1384404864.0
Epoch 72 loss 1383693824.0
Epoch 73 loss 1383512576.0
Epoch 74 loss 1383865856.0
Epoch 75 loss 1381725568.0
Epoch 76 loss 1382575488.0
Epoch 77 loss 1383329280.0
Epoch 78 loss 1383081728.0
Epoch 79 loss 1383381888.0
Validation loss has not improved for 20 steps!
Early stopping applies.
Inner Fold 2 Results: {'MSE - mean': 723925147.745719, 'MSE - std': 723429014.1311247, 'R2 - mean': 0.49590932406505306, 'R2 - std': 0.4784063384691182}
  outer_1_inner Fold 3/5
Before Debugging -- Inner Fold 3
DEBUG Inner Fold 3: num_features: 12
DEBUG Inner Fold 3: num_classes: 1
DEBUG Inner Fold 3: cat_idx: [0]
DEBUG Inner Fold 3: nominal_idx: [0, 6]
DEBUG Inner Fold 3: ordinal_idx: [7]
DEBUG Inner Fold 3: num_idx: None
DEBUG Inner Fold 3: cat_dims: [2]
DEBUG Inner Fold 3: bin_alt: None
~~~~~~~~~~~~~~~~~~~~~~~~~~~~~~~~~~~~~~~~~~~~~~~~~~~~~~~~~~~~~~~~~~~~~~~~~~~~~~~
BEFORE ANY ENCODING
num_features :12
num_classes : 1
cat_idx : [0]
nominal_idx : [0, 6]
ordinal_idx : [7]
num_idx : None
cat_dims : [2]
bin_alt : None 


X_train shape : (3421, 12)
~~~~~~~~~~~~~~~~~~~~~~~~~~~~~~~~~~~~~~~~~~~~~~~~~~~~~~~~~~~~~~~~~~~~~~~~~~~~~~~
~~~~~~~~~~~~~~~~~~~~~~~~~~~~~~~~~~~~~~~~~~~~~~~~~~~~~~~~~~~~~~~~~~~~~~~~~~~~~~~
AFTER getting cat idx
Nominal Index : [0, 6]
Ordinal Index : [7]
Cat Idx : [0]
Cat dims : [2]
~~~~~~~~~~~~~~~~~~~~~~~~~~~~~~~~~~~~~~~~~~~~~~~~~~~~~~~~~~~~~~~~~~~~~~~~~~~~~~~
BEFORE getting cat idx
Nominal Index : [0, 6]
Ordinal Index : [7]
Cat Idx : [0, 6, 7]
Cat dims : []
~~~~~~~~~~~~~~~~~~~~~~~~~~~~~~~~~~~~~~~~~~~~~~~~~~~~~~~~~~~~~~~~~~~~~~~~~~~~~~~ 


AFTER SEPARATING CATEGORICALS AND NUMERICALS
Ordinal Index : [7]
Numerical Index V1 : [1, 2, 3, 4, 5, 8, 9, 10, 11]
Cat Idx V1 : [0, 6, 7] 
Cat Dims V1 : []
 

~~~~~~~~~~~~~~~~~~~~~~~~~~~~~~~~~~~~~~~~~~~~~~~~~~~~~~~~~~~~~~~~~~~~~~~~~~~~~~~ 


Scaling the data...
One Hot Encoding...
Ord : 1, Nom : 7, Num : 9
~~~~~~~~~~~~~~~~~~~~~~~~~~~~~~~~~~~~~~~~~~~~~~~~~~~~~~~~~~~~~~~~~~~~~~~~~~~~~~~
After OHE
Numerical Index V2 : [8, 9, 10, 11, 12, 13, 14, 15, 16] 


OHE Idx : [1, 2, 3, 4, 5, 6, 7]


Ordinal Idx V2: [0]


Cat Dims V2 : []
Cat Idx V2 : [0, 6, 7] 
 

Train: [['not furnished' 0.0 0.0 0.0 1.0]
 ['not furnished' 1.0 0.0 0.0 0.0]
 ['not furnished' 0.0 0.0 1.0 0.0]
 ['not furnished' 0.0 1.0 0.0 0.0]
 ['not furnished' 0.0 0.0 0.0 1.0]
 ['not furnished' 1.0 0.0 0.0 0.0]
 ['furnished' 0.0 0.0 0.0 0.0]
 ['not furnished' 1.0 0.0 0.0 0.0]
 ['furnished' 0.0 0.0 0.0 1.0]
 ['not furnished' 1.0 0.0 0.0 0.0]] 
 
 
Val : (3421, 17) 
 

~~~~~~~~~~~~~~~~~~~~~~~~~~~~~~~~~~~~~~~~~~~~~~~~~~~~~~~~~~~~~~~~~~~~~~~~~~~~~~~
Ordinal Encoding...
Train Cat : [['not furnished']
 ['not furnished']
 ['not furnished']
 ['not furnished']
 ['not furnished']
 ['not furnished']
 ['furnished']
 ['not furnished']
 ['furnished']
 ['not furnished']]
Uniques : ['furnished' 'not furnished']
Cat Idx V3 : [0, 1, 2, 3, 4, 5, 6, 7] 
 

~~~~~~~~~~~~~~~~~~~~~~~~~~~~~~~~~~~~~~~~~~~~~~~~~~~~~~~~~~~~~~~~~~~~~~~~~~~~~~~
After ORDINAL
Numerical Index V2 : [8, 9, 10, 11, 12, 13, 14, 15, 16] 


OHE Idx : [1, 2, 3, 4, 5, 6, 7]


Ordinal Idx V2: [0]


Cat Dims V2 : [3, 3, 3, 3, 3, 3, 3, 3]
Cat Idx V2 : [0, 1, 2, 3, 4, 5, 6, 7] 
 

Train: [[1.0 0.0 0.0 0.0 1.0 0.0 1.0 0.0 -0.20512949678171455
  -0.43267840845591216 -0.8909784663853085 -1.0294811942668063
  0.2677468265771872 -0.03714672562803827 -0.8215053933271916
  -0.06535137858836142 -0.8019277498512417]
 [1.0 1.0 0.0 0.0 0.0 0.0 1.0 0.0 -0.24150575345031622
  -1.2882812034430078 -0.8909784663853085 -0.40169952482175386
  0.8151616741615634 -0.037565323023224656 -0.13451223043615673
  -0.03967976482216557 -0.14927267118262877]
 [1.0 0.0 0.0 1.0 0.0 0.0 1.0 0.0 -0.0664450182326707 0.42292438653118347
  -0.19092395708256624 0.22608214462329862 -0.41652173290328304
  -0.02710038814356508 -0.3778223089600649 -0.05630167301610533
  -0.312436440849782]
 [1.0 0.0 1.0 0.0 0.0 0.0 1.0 0.0 -0.21877059303244017
  -0.43267840845591216 -0.8909784663853085 -0.40169952482175386
  -0.279668021007189 -0.04980929683242636 -0.850416355598856
  -0.07698671432411924 -0.8427186922680301]
 [1.0 0.0 0.0 0.0 1.0 0.0 1.0 0.0 0.06769242823279795 0.42292438653118347
  0.5091305522201761 -1.0294811942668063 -0.6902291566954711
  -0.0637276602223736 -0.4207593816407546 -0.04983759760735098
  -0.312436440849782]
 [1.0 1.0 0.0 0.0 0.0 0.0 1.0 0.0 -0.1823943363638385
  -0.43267840845591216 -0.19092395708256624 0.22608214462329862
  0.13089311468109316 -0.03207123221140338 -0.49232116944190407
  -0.04226539498566731 -0.49599568172532943]
 [2.0 0.0 0.0 0.0 0.0 1.0 1.0 0.0 -0.03006876156406903
  0.42292438653118347 0.5091305522201761 -0.40169952482175386
  0.5414542503693753 0.00047471526433789935 0.437982071973039
  -0.025274111054084447 0.3198231666104368]
 [1.0 1.0 0.0 0.0 0.0 0.0 1.0 0.0 -0.19376191657277653
  -0.43267840845591216 -0.19092395708256624 -0.40169952482175386
  -0.14281430911109494 -0.05143136173877359 -0.7356312479658123
  -0.06627481793246918 -0.7203458650176651]
 [2.0 0.0 0.0 0.0 1.0 0.0 1.0 0.0 -0.14829159573702444
  -0.43267840845591216 -0.8909784663853085 -1.0294811942668063
  0.40460053847328126 0.013712857887107261 -0.2847919848185706
  -0.05648636088492688 -0.312436440849782]
 [1.0 1.0 0.0 0.0 0.0 0.0 1.0 0.0 0.06769242823279795 2.9897327714924704
  1.2091850615229185 2.7372088224035087 -0.6902291566954711
  -0.06477415371033955 0.437982071973039 -0.042634770723310414
  0.7481280619867141]] 
 
 
Val : (3421, 17) 
 

FINISHED ENCODING
~~~~~~~~~~~~~~~~~~~~~~~~~~~~~~~~~~~~~~~~~~~~~~~~~~~~~~~~~~~~~~~~~~~~~~~~~~~~~~~


~~~~~~~~~~~~~~~~~~~~~~~~~~~~~~~~~~~~~~~~~~~~~~~~~~~~~~~~~~~~~~~~~~~~~~~~~~~~~~~
Test numpy array issues
X dtype: object
X Val dtype: object
X dtype: float32
X Val dtype: float32
After Debugging -- Inner Fold 3
DEBUG Inner Fold 3: num_features: 17
DEBUG Inner Fold 3: num_classes: 1
DEBUG Inner Fold 3: cat_idx: [0, 1, 2, 3, 4, 5, 6, 7]
DEBUG Inner Fold 3: nominal_idx: [1, 2, 3, 4, 5, 6, 7]
DEBUG Inner Fold 3: ordinal_idx: [0]
DEBUG Inner Fold 3: num_idx: [8, 9, 10, 11, 12, 13, 14, 15, 16]
DEBUG Inner Fold 3: cat_dims: [3, 3, 3, 3, 3, 3, 3, 3]
DEBUG Inner Fold 3: bin_alt: None
In get_device
Using dim 64 and batch size 32
**** Data b4 Fitting ****
Epoch 0 loss 36037848.0
Epoch 1 loss 10029676.0
Epoch 2 loss 2813365.5
Epoch 3 loss 2253744.75
Epoch 4 loss 2272310.0
Epoch 5 loss 2062770.75
Epoch 6 loss 2266929.5
Epoch 7 loss 1845630.75
Epoch 8 loss 1658163.125
Epoch 9 loss 1486907.25
Epoch 10 loss 1801432.375
Epoch 11 loss 1351849.0
Epoch 12 loss 1205217.875
Epoch 13 loss 1522625.625
Epoch 14 loss 1469583.75
Epoch 15 loss 1740567.25
Epoch 16 loss 733144.5625
Epoch 17 loss 1465979.125
Epoch 18 loss 1058822.875
Epoch 19 loss 900613.8125
Epoch 20 loss 614153.125
Epoch 21 loss 2559019.25
Epoch 22 loss 1991104.5
Epoch 23 loss 687038.3125
Epoch 24 loss 858521.3125
Epoch 25 loss 597186.75
Epoch 26 loss 797425.6875
Epoch 27 loss 690411.1875
Epoch 28 loss 429263.8125
Epoch 29 loss 7132284.5
Epoch 30 loss 780254.125
Epoch 31 loss 2255497.75
Epoch 32 loss 1361200.875
Epoch 33 loss 810240.125
Epoch 34 loss 810174.25
Epoch 35 loss 716651.5625
Epoch 36 loss 1685884.25
Epoch 37 loss 1167866.125
Epoch 38 loss 25246196.0
Epoch 39 loss 1083587.75
Epoch 40 loss 627759.875
Epoch 41 loss 537985.5
Epoch 42 loss 688696.25
Epoch 43 loss 975638.0
Epoch 44 loss 475759.78125
Epoch 45 loss 480557.0625
Epoch 46 loss 831319.25
Epoch 47 loss 1637064.375
Epoch 48 loss 688933.625
Epoch 49 loss 612262.3125
Validation loss has not improved for 20 steps!
Early stopping applies.
Inner Fold 3 Results: {'MSE - mean': 482756005.1328812, 'MSE - std': 682073898.5049274, 'R2 - mean': 0.6566636247102458, 'R2 - std': 0.45195756453838565}
  outer_1_inner Fold 4/5
Before Debugging -- Inner Fold 4
DEBUG Inner Fold 4: num_features: 12
DEBUG Inner Fold 4: num_classes: 1
DEBUG Inner Fold 4: cat_idx: [0]
DEBUG Inner Fold 4: nominal_idx: [0, 6]
DEBUG Inner Fold 4: ordinal_idx: [7]
DEBUG Inner Fold 4: num_idx: None
DEBUG Inner Fold 4: cat_dims: [2]
DEBUG Inner Fold 4: bin_alt: None
~~~~~~~~~~~~~~~~~~~~~~~~~~~~~~~~~~~~~~~~~~~~~~~~~~~~~~~~~~~~~~~~~~~~~~~~~~~~~~~
BEFORE ANY ENCODING
num_features :12
num_classes : 1
cat_idx : [0]
nominal_idx : [0, 6]
ordinal_idx : [7]
num_idx : None
cat_dims : [2]
bin_alt : None 


X_train shape : (3421, 12)
~~~~~~~~~~~~~~~~~~~~~~~~~~~~~~~~~~~~~~~~~~~~~~~~~~~~~~~~~~~~~~~~~~~~~~~~~~~~~~~
~~~~~~~~~~~~~~~~~~~~~~~~~~~~~~~~~~~~~~~~~~~~~~~~~~~~~~~~~~~~~~~~~~~~~~~~~~~~~~~
AFTER getting cat idx
Nominal Index : [0, 6]
Ordinal Index : [7]
Cat Idx : [0]
Cat dims : [2]
~~~~~~~~~~~~~~~~~~~~~~~~~~~~~~~~~~~~~~~~~~~~~~~~~~~~~~~~~~~~~~~~~~~~~~~~~~~~~~~
BEFORE getting cat idx
Nominal Index : [0, 6]
Ordinal Index : [7]
Cat Idx : [0, 6, 7]
Cat dims : []
~~~~~~~~~~~~~~~~~~~~~~~~~~~~~~~~~~~~~~~~~~~~~~~~~~~~~~~~~~~~~~~~~~~~~~~~~~~~~~~ 


AFTER SEPARATING CATEGORICALS AND NUMERICALS
Ordinal Index : [7]
Numerical Index V1 : [1, 2, 3, 4, 5, 8, 9, 10, 11]
Cat Idx V1 : [0, 6, 7] 
Cat Dims V1 : []
 

~~~~~~~~~~~~~~~~~~~~~~~~~~~~~~~~~~~~~~~~~~~~~~~~~~~~~~~~~~~~~~~~~~~~~~~~~~~~~~~ 


Scaling the data...
One Hot Encoding...
Ord : 1, Nom : 7, Num : 9
~~~~~~~~~~~~~~~~~~~~~~~~~~~~~~~~~~~~~~~~~~~~~~~~~~~~~~~~~~~~~~~~~~~~~~~~~~~~~~~
After OHE
Numerical Index V2 : [8, 9, 10, 11, 12, 13, 14, 15, 16] 


OHE Idx : [1, 2, 3, 4, 5, 6, 7]


Ordinal Idx V2: [0]


Cat Dims V2 : []
Cat Idx V2 : [0, 6, 7] 
 

Train: [['not furnished' 0.0 0.0 0.0 1.0]
 ['not furnished' 1.0 0.0 0.0 0.0]
 ['not furnished' 0.0 0.0 1.0 0.0]
 ['not furnished' 0.0 0.0 0.0 0.0]
 ['not furnished' 0.0 0.0 0.0 0.0]
 ['not furnished' 0.0 0.0 0.0 1.0]
 ['not furnished' 1.0 0.0 0.0 0.0]
 ['not furnished' 0.0 0.0 1.0 0.0]
 ['furnished' 0.0 0.0 0.0 1.0]
 ['not furnished' 1.0 0.0 0.0 0.0]] 
 
 
Val : (3421, 17) 
 

~~~~~~~~~~~~~~~~~~~~~~~~~~~~~~~~~~~~~~~~~~~~~~~~~~~~~~~~~~~~~~~~~~~~~~~~~~~~~~~
Ordinal Encoding...
Train Cat : [['not furnished']
 ['not furnished']
 ['not furnished']
 ['not furnished']
 ['not furnished']
 ['not furnished']
 ['not furnished']
 ['not furnished']
 ['furnished']
 ['not furnished']]
Uniques : ['furnished' 'not furnished']
Cat Idx V3 : [0, 1, 2, 3, 4, 5, 6, 7] 
 

~~~~~~~~~~~~~~~~~~~~~~~~~~~~~~~~~~~~~~~~~~~~~~~~~~~~~~~~~~~~~~~~~~~~~~~~~~~~~~~
After ORDINAL
Numerical Index V2 : [8, 9, 10, 11, 12, 13, 14, 15, 16] 


OHE Idx : [1, 2, 3, 4, 5, 6, 7]


Ordinal Idx V2: [0]


Cat Dims V2 : [3, 3, 3, 3, 3, 3, 3, 3]
Cat Idx V2 : [0, 1, 2, 3, 4, 5, 6, 7] 
 

Train: [[1.0 0.0 0.0 0.0 1.0 0.0 1.0 0.0 -0.19989818109962781
  -0.42503609608689036 -0.8891383278497766 -1.0212222419193242
  0.2585676672126659 -0.03709331778730986 -0.8162728829110684
  -0.33188072387364737 -0.7996014235414244]
 [1.0 1.0 0.0 0.0 0.0 0.0 1.0 0.0 -0.23639995868095806
  -1.2813661813125985 -0.8891383278497766 -0.38958216063094814
  0.803919078762931 -0.03751191314271126 -0.1184702378694011
  -0.15304475404422402 -0.13375653153434397]
 [1.0 0.0 0.0 1.0 0.0 0.0 1.0 0.0 -0.06073515407080628 0.4312939891388178
  -0.17276003779464574 0.24205792065742787 -0.42312159722516546
  -0.027047029257676075 -0.3656086746549916 -0.2688378280344981
  -0.3002177545361141]
 [1.0 0.0 0.0 0.0 0.0 1.0 0.0 1.0 0.2107468166903374 2.1439541595902343
  -0.17276003779464574 0.8736980019458039 -0.695797303000298
  -0.06472061124380274 0.753783068432683 -0.06941642282902605
  0.9274337651019405]
 [1.0 0.0 0.0 0.0 0.0 1.0 1.0 0.0 0.2107468166903374 0.4312939891388178
  0.5436182522604852 0.24205792065742787 -0.695797303000298
  -0.06472061124380274 0.02690531318094625 -0.06684324340701996
  0.15755060871875373]
 [1.0 0.0 0.0 0.0 1.0 0.0 1.0 0.0 0.07386515076034898 0.4312939891388178
  0.5436182522604852 -1.0212222419193242 -0.695797303000298
  -0.06367412285529922 -0.4092213399700958 -0.22380718814939152
  -0.3002177545361141]
 [1.0 1.0 0.0 0.0 0.0 0.0 1.0 0.0 -0.1884913756054621
  -0.42503609608689036 -0.17276003779464574 -0.38958216063094814
  -0.1504458914500329 -0.05137788429038288 -0.7290475522808599
  -0.33831367242866256 -0.7163708120405393]
 [1.0 0.0 0.0 1.0 0.0 0.0 1.0 0.0 -0.12233190373930106
  -0.42503609608689036 -0.17276003779464574 0.24205792065742787
  0.39490552010023217 -0.03332595958869719 -0.2929208991298179
  -0.1466118054892088 -0.21698714303522904]
 [2.0 0.0 0.0 0.0 1.0 0.0 1.0 0.0 -0.1428641536287993
  -0.42503609608689036 -0.8891383278497766 -1.0212222419193242
  0.39490552010023217 0.013766017893961148 -0.2711145664722658
  -0.27012441774550117 -0.3002177545361141]
 [1.0 1.0 0.0 0.0 0.0 0.0 1.0 0.0 0.07386515076034898 3.0002842448159424
  1.259996542315616 2.768618245810932 -0.695797303000298
  -0.06472061124380274 0.4630319663319883 -0.17363018942027275
  0.7817801949753916]] 
 
 
Val : (3421, 17) 
 

FINISHED ENCODING
~~~~~~~~~~~~~~~~~~~~~~~~~~~~~~~~~~~~~~~~~~~~~~~~~~~~~~~~~~~~~~~~~~~~~~~~~~~~~~~


~~~~~~~~~~~~~~~~~~~~~~~~~~~~~~~~~~~~~~~~~~~~~~~~~~~~~~~~~~~~~~~~~~~~~~~~~~~~~~~
Test numpy array issues
X dtype: object
X Val dtype: object
X dtype: float32
X Val dtype: float32
After Debugging -- Inner Fold 4
DEBUG Inner Fold 4: num_features: 17
DEBUG Inner Fold 4: num_classes: 1
DEBUG Inner Fold 4: cat_idx: [0, 1, 2, 3, 4, 5, 6, 7]
DEBUG Inner Fold 4: nominal_idx: [1, 2, 3, 4, 5, 6, 7]
DEBUG Inner Fold 4: ordinal_idx: [0]
DEBUG Inner Fold 4: num_idx: [8, 9, 10, 11, 12, 13, 14, 15, 16]
DEBUG Inner Fold 4: cat_dims: [3, 3, 3, 3, 3, 3, 3, 3]
DEBUG Inner Fold 4: bin_alt: None
In get_device
Using dim 64 and batch size 32
**** Data b4 Fitting ****
Epoch 0 loss 149070880.0
Epoch 1 loss 118565848.0
Epoch 2 loss 113168976.0
Epoch 3 loss 111634824.0
Epoch 4 loss 111246312.0
Epoch 5 loss 110822304.0
Epoch 6 loss 111923040.0
Epoch 7 loss 109984520.0
Epoch 8 loss 110721208.0
Epoch 9 loss 110886312.0
Epoch 10 loss 303206528.0
Epoch 11 loss 112078416.0
Epoch 12 loss 109692704.0
Epoch 13 loss 110389792.0
Epoch 14 loss 110527672.0
Epoch 15 loss 110091168.0
Epoch 16 loss 110166248.0
Epoch 17 loss 109690168.0
Epoch 18 loss 109312336.0
Epoch 19 loss 109798680.0
Epoch 20 loss 109812384.0
Epoch 21 loss 109794360.0
Epoch 22 loss 109464112.0
Epoch 23 loss 108139112.0
Epoch 24 loss 105649328.0
Epoch 25 loss 108744600.0
Epoch 26 loss 109852984.0
Epoch 27 loss 109482424.0
Epoch 28 loss 110387984.0
Epoch 29 loss 110781000.0
Epoch 30 loss 108947680.0
Epoch 31 loss 107753712.0
Epoch 32 loss 110548024.0
Epoch 33 loss 110620216.0
Epoch 34 loss 108412744.0
Epoch 35 loss 107757080.0
Epoch 36 loss 109191248.0
Epoch 37 loss 108038880.0
Epoch 38 loss 108834520.0
Epoch 39 loss 107613168.0
Epoch 40 loss 300434528.0
Epoch 41 loss 111994872.0
Epoch 42 loss 109070864.0
Epoch 43 loss 109501664.0
Epoch 44 loss 107882680.0
Epoch 45 loss 108070856.0
Validation loss has not improved for 20 steps!
Early stopping applies.
Inner Fold 4 Results: {'MSE - mean': 390394890.9639054, 'MSE - std': 611972489.9845468, 'R2 - mean': 0.5312114250247968, 'R2 - std': 0.4476762148309367}
  outer_1_inner Fold 5/5
Before Debugging -- Inner Fold 5
DEBUG Inner Fold 5: num_features: 12
DEBUG Inner Fold 5: num_classes: 1
DEBUG Inner Fold 5: cat_idx: [0]
DEBUG Inner Fold 5: nominal_idx: [0, 6]
DEBUG Inner Fold 5: ordinal_idx: [7]
DEBUG Inner Fold 5: num_idx: None
DEBUG Inner Fold 5: cat_dims: [2]
DEBUG Inner Fold 5: bin_alt: None
~~~~~~~~~~~~~~~~~~~~~~~~~~~~~~~~~~~~~~~~~~~~~~~~~~~~~~~~~~~~~~~~~~~~~~~~~~~~~~~
BEFORE ANY ENCODING
num_features :12
num_classes : 1
cat_idx : [0]
nominal_idx : [0, 6]
ordinal_idx : [7]
num_idx : None
cat_dims : [2]
bin_alt : None 


X_train shape : (3421, 12)
~~~~~~~~~~~~~~~~~~~~~~~~~~~~~~~~~~~~~~~~~~~~~~~~~~~~~~~~~~~~~~~~~~~~~~~~~~~~~~~
~~~~~~~~~~~~~~~~~~~~~~~~~~~~~~~~~~~~~~~~~~~~~~~~~~~~~~~~~~~~~~~~~~~~~~~~~~~~~~~
AFTER getting cat idx
Nominal Index : [0, 6]
Ordinal Index : [7]
Cat Idx : [0]
Cat dims : [2]
~~~~~~~~~~~~~~~~~~~~~~~~~~~~~~~~~~~~~~~~~~~~~~~~~~~~~~~~~~~~~~~~~~~~~~~~~~~~~~~
BEFORE getting cat idx
Nominal Index : [0, 6]
Ordinal Index : [7]
Cat Idx : [0, 6, 7]
Cat dims : []
~~~~~~~~~~~~~~~~~~~~~~~~~~~~~~~~~~~~~~~~~~~~~~~~~~~~~~~~~~~~~~~~~~~~~~~~~~~~~~~ 


AFTER SEPARATING CATEGORICALS AND NUMERICALS
Ordinal Index : [7]
Numerical Index V1 : [1, 2, 3, 4, 5, 8, 9, 10, 11]
Cat Idx V1 : [0, 6, 7] 
Cat Dims V1 : []
 

~~~~~~~~~~~~~~~~~~~~~~~~~~~~~~~~~~~~~~~~~~~~~~~~~~~~~~~~~~~~~~~~~~~~~~~~~~~~~~~ 


Scaling the data...
One Hot Encoding...
Ord : 1, Nom : 7, Num : 9
~~~~~~~~~~~~~~~~~~~~~~~~~~~~~~~~~~~~~~~~~~~~~~~~~~~~~~~~~~~~~~~~~~~~~~~~~~~~~~~
After OHE
Numerical Index V2 : [8, 9, 10, 11, 12, 13, 14, 15, 16] 


OHE Idx : [1, 2, 3, 4, 5, 6, 7]


Ordinal Idx V2: [0]


Cat Dims V2 : []
Cat Idx V2 : [0, 6, 7] 
 

Train: [['not furnished' 0.0 0.0 0.0 1.0]
 ['not furnished' 1.0 0.0 0.0 0.0]
 ['not furnished' 0.0 0.0 1.0 0.0]
 ['not furnished' 0.0 1.0 0.0 0.0]
 ['not furnished' 0.0 0.0 0.0 0.0]
 ['not furnished' 0.0 0.0 0.0 0.0]
 ['not furnished' 1.0 0.0 0.0 0.0]
 ['furnished' 0.0 0.0 0.0 0.0]
 ['not furnished' 1.0 0.0 0.0 0.0]
 ['not furnished' 0.0 0.0 1.0 0.0]] 
 
 
Val : (3421, 17) 
 

~~~~~~~~~~~~~~~~~~~~~~~~~~~~~~~~~~~~~~~~~~~~~~~~~~~~~~~~~~~~~~~~~~~~~~~~~~~~~~~
Ordinal Encoding...
Train Cat : [['not furnished']
 ['not furnished']
 ['not furnished']
 ['not furnished']
 ['not furnished']
 ['not furnished']
 ['not furnished']
 ['furnished']
 ['not furnished']
 ['not furnished']]
Uniques : ['furnished' 'not furnished']
Cat Idx V3 : [0, 1, 2, 3, 4, 5, 6, 7] 
 

~~~~~~~~~~~~~~~~~~~~~~~~~~~~~~~~~~~~~~~~~~~~~~~~~~~~~~~~~~~~~~~~~~~~~~~~~~~~~~~
After ORDINAL
Numerical Index V2 : [8, 9, 10, 11, 12, 13, 14, 15, 16] 


OHE Idx : [1, 2, 3, 4, 5, 6, 7]


Ordinal Idx V2: [0]


Cat Dims V2 : [3, 3, 3, 3, 3, 3, 3, 3]
Cat Idx V2 : [0, 1, 2, 3, 4, 5, 6, 7] 
 

Train: [[1.0 0.0 0.0 0.0 1.0 0.0 1.0 0.0 -0.20273979806500222
  -0.42959729315944767 -0.8768305277326494 -1.0136662776132894
  0.27577432920771994 -0.03611462165461881 -0.8059240872532762
  -0.06373526994411653 -0.7862076278532772]
 [1.0 1.0 0.0 0.0 0.0 0.0 1.0 0.0 -0.23909200526289381
  -1.2835498439429862 -0.8768305277326494 -0.3874921469316239
  0.8275649303012189 -0.03653324950745118 -0.11212956284472753
  -0.03798759404120652 -0.13003861097895697]
 [1.0 0.0 0.0 1.0 0.0 0.0 1.0 0.0 -0.06414700812304064
  0.42435525762409093 -0.17302075875719344 0.23868198375004146
  -0.4139639221591538 -0.02606755318664192 -0.3578484569060885
  -0.05465875110064465 -0.294080865197537]
 [1.0 0.0 1.0 0.0 0.0 0.0 1.0 0.0 -0.21637187576421157
  -0.42959729315944767 -0.8768305277326494 -0.3874921469316239
  -0.27601627188577904 -0.04877811420279802 -0.8351212734888027
  -0.07540507988572322 -0.8272181914079223]
 [1.0 0.0 0.0 0.0 0.0 1.0 0.0 1.0 0.20622253291127787 2.132260359191168
  -0.17302075875719344 0.8648561144317068 -0.6898592227059033
  -0.06374405994155526 0.7551135926659585 -0.025947313942723413
  0.915730759664491]
 [1.0 0.0 0.0 0.0 0.0 1.0 1.0 0.0 0.20622253291127787 0.42435525762409093
  0.5307890102182625 0.23868198375004146 -0.6898592227059033
  -0.06374405994155526 0.032410963073720135 -0.02557684378584701
  0.15703533390355817]
 [1.0 1.0 0.0 0.0 0.0 0.0 1.0 0.0 -0.18001966856632 -0.42959729315944767
  -0.17302075875719344 0.23868198375004146 0.1378266789343452
  -0.031038758939026318 -0.4734808776408467 -0.040580885139341334
  -0.47862840119343963]
 [2.0 0.0 0.0 0.0 0.0 1.0 1.0 0.0 -0.027794800925149073
  0.42435525762409093 0.5307890102182625 -0.3874921469316239
  0.5516696297544694 0.0015095566186904825 0.4660325408290631
  -0.023539257923026795 0.34158286989946074]
 [1.0 1.0 0.0 0.0 0.0 0.0 1.0 0.0 -0.19137973331566113
  -0.42959729315944767 -0.17302075875719344 -0.3874921469316239
  -0.1380686216124043 -0.050400297132523454 -0.7191997717022077
  -0.06466144533630754 -0.7041865007439873]
 [1.0 0.0 0.0 1.0 0.0 0.0 1.0 0.0 -0.12549135776948267
  -0.42959729315944767 -0.17302075875719344 0.23868198375004146
  0.4137219794810947 -0.032346970979127476 -0.28557819394686473
  -0.03706141864901551 -0.212059738088247]] 
 
 
Val : (3421, 17) 
 

FINISHED ENCODING
~~~~~~~~~~~~~~~~~~~~~~~~~~~~~~~~~~~~~~~~~~~~~~~~~~~~~~~~~~~~~~~~~~~~~~~~~~~~~~~


~~~~~~~~~~~~~~~~~~~~~~~~~~~~~~~~~~~~~~~~~~~~~~~~~~~~~~~~~~~~~~~~~~~~~~~~~~~~~~~
Test numpy array issues
X dtype: object
X Val dtype: object
X dtype: float32
X Val dtype: float32
After Debugging -- Inner Fold 5
DEBUG Inner Fold 5: num_features: 17
DEBUG Inner Fold 5: num_classes: 1
DEBUG Inner Fold 5: cat_idx: [0, 1, 2, 3, 4, 5, 6, 7]
DEBUG Inner Fold 5: nominal_idx: [1, 2, 3, 4, 5, 6, 7]
DEBUG Inner Fold 5: ordinal_idx: [0]
DEBUG Inner Fold 5: num_idx: [8, 9, 10, 11, 12, 13, 14, 15, 16]
DEBUG Inner Fold 5: cat_dims: [3, 3, 3, 3, 3, 3, 3, 3]
DEBUG Inner Fold 5: bin_alt: None
In get_device
Using dim 64 and batch size 32
**** Data b4 Fitting ****
Epoch 0 loss 42101184.0
Epoch 1 loss 16686385.0
Epoch 2 loss 6184984.5
Epoch 3 loss 3886680.25
Epoch 4 loss 3999544.25
Epoch 5 loss 4991878.5
Epoch 6 loss 3115845.25
Epoch 7 loss 3474937.5
Epoch 8 loss 2933703.5
Epoch 9 loss 3076879.75
Epoch 10 loss 3548956.5
Epoch 11 loss 2761248.0
Epoch 12 loss 2827374.75
Epoch 13 loss 4043939.25
Epoch 14 loss 2621067.5
Epoch 15 loss 1952960.125
Epoch 16 loss 2142301.0
Epoch 17 loss 1793723.75
Epoch 18 loss 1710561.25
Epoch 19 loss 1446783.375
Epoch 20 loss 3372181.5
Epoch 21 loss 2385426.5
Epoch 22 loss 1277640.625
Epoch 23 loss 2411053.75
Epoch 24 loss 1362127.375
Epoch 25 loss 1293351.5
Epoch 26 loss 1451615.375
Epoch 27 loss 1621042.625
Epoch 28 loss 1264304.0
Epoch 29 loss 1178376.125
Epoch 30 loss 1395573.375
Epoch 31 loss 1187441.25
Epoch 32 loss 1051074.25
Epoch 33 loss 1524532.375
Epoch 34 loss 977023.6875
Epoch 35 loss 7946416.5
Epoch 36 loss 3455579.0
Epoch 37 loss 1100665.5
Epoch 38 loss 1092766.375
Epoch 39 loss 907777.0
Epoch 40 loss 3181388.75
Epoch 41 loss 1123178.0
Epoch 42 loss 4510427.5
Epoch 43 loss 1696910.25
Epoch 44 loss 1455235.625
Epoch 45 loss 1178291.5
Epoch 46 loss 1558616.25
Epoch 47 loss 1413089.25
Epoch 48 loss 1308414.25
Epoch 49 loss 1065269.375
Epoch 50 loss 2188889.0
Epoch 51 loss 1032393.75
Epoch 52 loss 1016807.8125
Epoch 53 loss 1295013.875
Epoch 54 loss 1287743.75
Epoch 55 loss 1257242.625
Epoch 56 loss 867135.1875
Epoch 57 loss 3580462.5
Epoch 58 loss 958185.0625
Epoch 59 loss 859456.9375
Epoch 60 loss 1989639.25
Epoch 61 loss 953345.3125
Epoch 62 loss 845897.125
Epoch 63 loss 893349.4375
Epoch 64 loss 905473.5625
Epoch 65 loss 859079.3125
Epoch 66 loss 787993.4375
Epoch 67 loss 821931.8125
Epoch 68 loss 749022.3125
Epoch 69 loss 8460994.0
Epoch 70 loss 24891900.0
Epoch 71 loss 2774201.75
Epoch 72 loss 2438953.25
Epoch 73 loss 3055947.5
Epoch 74 loss 1372064.5
Epoch 75 loss 1438509.25
Epoch 76 loss 1254994.625
Epoch 77 loss 2001590.5
Epoch 78 loss 1447246.875
Epoch 79 loss 3029126.75
Epoch 80 loss 1342080.375
Epoch 81 loss 984561.1875
Epoch 82 loss 1171292.0
Epoch 83 loss 1116684.0
Epoch 84 loss 1276732.25
Epoch 85 loss 2050317.25
Epoch 86 loss 902677.375
Epoch 87 loss 719990.25
Epoch 88 loss 762959.75
Epoch 89 loss 675966.1875
Epoch 90 loss 657684.375
Epoch 91 loss 973367.0625
Epoch 92 loss 1155379.25
Epoch 93 loss 1042433.25
Epoch 94 loss 1150455.0
Epoch 95 loss 892335.625
Epoch 96 loss 1002653.0
Epoch 97 loss 1042099.25
Epoch 98 loss 958121.1875
Epoch 99 loss 1263279.875
Inner Fold 5 Results: {'MSE - mean': 312454283.1849344, 'MSE - std': 569128470.7007115, 'R2 - mean': 0.6186559314508192, 'R2 - std': 0.4369409130267463}
Trial Results B4 Saving: {'MSE - mean': 312454283.1849344, 'MSE - std': 569128470.7007115, 'R2 - mean': 0.6186559314508192, 'R2 - std': 0.4369409130267463}
Score: 312454283.1849344
  outer_1_inner Fold 1/5
Before Debugging -- Inner Fold 1
DEBUG Inner Fold 1: num_features: 12
DEBUG Inner Fold 1: num_classes: 1
DEBUG Inner Fold 1: cat_idx: [0]
DEBUG Inner Fold 1: nominal_idx: [0, 6]
DEBUG Inner Fold 1: ordinal_idx: [7]
DEBUG Inner Fold 1: num_idx: None
DEBUG Inner Fold 1: cat_dims: [2]
DEBUG Inner Fold 1: bin_alt: None
~~~~~~~~~~~~~~~~~~~~~~~~~~~~~~~~~~~~~~~~~~~~~~~~~~~~~~~~~~~~~~~~~~~~~~~~~~~~~~~
BEFORE ANY ENCODING
num_features :12
num_classes : 1
cat_idx : [0]
nominal_idx : [0, 6]
ordinal_idx : [7]
num_idx : None
cat_dims : [2]
bin_alt : None 


X_train shape : (3420, 12)
~~~~~~~~~~~~~~~~~~~~~~~~~~~~~~~~~~~~~~~~~~~~~~~~~~~~~~~~~~~~~~~~~~~~~~~~~~~~~~~
~~~~~~~~~~~~~~~~~~~~~~~~~~~~~~~~~~~~~~~~~~~~~~~~~~~~~~~~~~~~~~~~~~~~~~~~~~~~~~~
AFTER getting cat idx
Nominal Index : [0, 6]
Ordinal Index : [7]
Cat Idx : [0]
Cat dims : [2]
~~~~~~~~~~~~~~~~~~~~~~~~~~~~~~~~~~~~~~~~~~~~~~~~~~~~~~~~~~~~~~~~~~~~~~~~~~~~~~~
BEFORE getting cat idx
Nominal Index : [0, 6]
Ordinal Index : [7]
Cat Idx : [0, 6, 7]
Cat dims : []
~~~~~~~~~~~~~~~~~~~~~~~~~~~~~~~~~~~~~~~~~~~~~~~~~~~~~~~~~~~~~~~~~~~~~~~~~~~~~~~ 


AFTER SEPARATING CATEGORICALS AND NUMERICALS
Ordinal Index : [7]
Numerical Index V1 : [1, 2, 3, 4, 5, 8, 9, 10, 11]
Cat Idx V1 : [0, 6, 7] 
Cat Dims V1 : []
 

~~~~~~~~~~~~~~~~~~~~~~~~~~~~~~~~~~~~~~~~~~~~~~~~~~~~~~~~~~~~~~~~~~~~~~~~~~~~~~~ 


Scaling the data...
One Hot Encoding...
Ord : 1, Nom : 7, Num : 9
~~~~~~~~~~~~~~~~~~~~~~~~~~~~~~~~~~~~~~~~~~~~~~~~~~~~~~~~~~~~~~~~~~~~~~~~~~~~~~~
After OHE
Numerical Index V2 : [8, 9, 10, 11, 12, 13, 14, 15, 16] 


OHE Idx : [1, 2, 3, 4, 5, 6, 7]


Ordinal Idx V2: [0]


Cat Dims V2 : []
Cat Idx V2 : [0, 6, 7] 
 

Train: [['not furnished' 0.0 0.0 0.0 1.0]
 ['not furnished' 1.0 0.0 0.0 0.0]
 ['not furnished' 0.0 1.0 0.0 0.0]
 ['not furnished' 0.0 0.0 0.0 0.0]
 ['not furnished' 0.0 0.0 0.0 0.0]
 ['not furnished' 0.0 0.0 0.0 1.0]
 ['not furnished' 1.0 0.0 0.0 0.0]
 ['furnished' 0.0 0.0 0.0 0.0]
 ['not furnished' 1.0 0.0 0.0 0.0]
 ['not furnished' 0.0 0.0 1.0 0.0]] 
 
 
Val : (3420, 17) 
 

~~~~~~~~~~~~~~~~~~~~~~~~~~~~~~~~~~~~~~~~~~~~~~~~~~~~~~~~~~~~~~~~~~~~~~~~~~~~~~~
Ordinal Encoding...
Train Cat : [['not furnished']
 ['not furnished']
 ['not furnished']
 ['not furnished']
 ['not furnished']
 ['not furnished']
 ['not furnished']
 ['furnished']
 ['not furnished']
 ['not furnished']]
Uniques : ['furnished' 'not furnished']
Cat Idx V3 : [0, 1, 2, 3, 4, 5, 6, 7] 
 

~~~~~~~~~~~~~~~~~~~~~~~~~~~~~~~~~~~~~~~~~~~~~~~~~~~~~~~~~~~~~~~~~~~~~~~~~~~~~~~
After ORDINAL
Numerical Index V2 : [8, 9, 10, 11, 12, 13, 14, 15, 16] 


OHE Idx : [1, 2, 3, 4, 5, 6, 7]


Ordinal Idx V2: [0]


Cat Dims V2 : [3, 3, 3, 3, 3, 3, 3, 3]
Cat Idx V2 : [0, 1, 2, 3, 4, 5, 6, 7] 
 

Train: [[1.0 0.0 0.0 0.0 1.0 0.0 1.0 0.0 -0.6066119667393784 -0.4409735877705798
  -0.8891088668162085 -1.0310300730068107 0.2638682927091926
  -0.03726588519561444 -0.8168946486982943 -0.0649112397113407
  -0.7997059857529025]
 [1.0 1.0 0.0 0.0 0.0 0.0 1.0 0.0 -0.7242858670452416 -1.3092117398577316
  -0.8891088668162085 -0.3988818389294905 0.8090605966303156
  -0.03768442184442685 -0.1307794991794192 -0.03924644180762629
  -0.14718167573763577]
 [1.0 0.0 1.0 0.0 0.0 0.0 1.0 0.0 -0.6507396793540772 -0.4409735877705798
  -0.8891088668162085 -0.3988818389294905 -0.2813240112119303
  -0.049926618822189746 -0.845768661240547 -0.07654348624324005
  -0.8404887551288567]
 [1.0 0.0 0.0 0.0 0.0 1.0 0.0 1.0 0.7172194117015818 2.1637408684908754
  -0.19008534394001708 0.8654146292251502 -0.6902182391527725
  -0.06488930401723328 0.7268644377191747 -0.02724491760804761
  0.8927789433491956]
 [1.0 0.0 0.0 0.0 0.0 1.0 1.0 0.0 0.7172194117015818 0.42726456431657195
  0.5089381789361743 0.23326639514782987 -0.6902182391527725
  -0.06488930401723328 0.012161156970346462 -0.026875639940368266
  0.13829770989404344]
 [1.0 0.0 0.0 0.0 1.0 0.0 1.0 0.0 0.275942285554595 0.42726456431657195
  0.5089381789361743 -1.0310300730068107 -0.6902182391527725
  -0.06384296239520226 -0.4166608114789505 -0.049401577668808254
  -0.31031275324145247]
 [1.0 1.0 0.0 0.0 0.0 0.0 1.0 0.0 -0.5330657790482141 -0.4409735877705798
  -0.19008534394001708 0.23326639514782987 0.1275702167289119
  -0.03219112832876401 -0.4881311395538333 -0.0418313854813817
  -0.4938352154332462]
 [2.0 0.0 0.0 0.0 0.0 1.0 1.0 0.0 -0.040306321517412154
  0.42726456431657195 0.5089381789361743 -0.3988818389294905
  0.5364644446697541 0.00035009611640060854 0.4409831254196434
  -0.024844612768131873 0.32182017208583724]
 [1.0 1.0 0.0 0.0 0.0 0.0 1.0 0.0 -0.5698388728937962 -0.4409735877705798
  -0.19008534394001708 -0.3988818389294905 -0.14502593523164956
  -0.05154844833633782 -0.7311302550084349 -0.06583443388053907
  -0.7181404470009942]
 [1.0 0.0 0.0 1.0 0.0 0.0 1.0 0.0 -0.35655492858941934
  -0.4409735877705798 -0.19008534394001708 0.23326639514782987
  0.40016636868947336 -0.033499055356302786 -0.302308286559138
  -0.03832324763842793 -0.2287472144895441]] 
 
 
Val : (3420, 17) 
 

FINISHED ENCODING
~~~~~~~~~~~~~~~~~~~~~~~~~~~~~~~~~~~~~~~~~~~~~~~~~~~~~~~~~~~~~~~~~~~~~~~~~~~~~~~


~~~~~~~~~~~~~~~~~~~~~~~~~~~~~~~~~~~~~~~~~~~~~~~~~~~~~~~~~~~~~~~~~~~~~~~~~~~~~~~
Test numpy array issues
X dtype: object
X Val dtype: object
X dtype: float32
X Val dtype: float32
After Debugging -- Inner Fold 1
DEBUG Inner Fold 1: num_features: 17
DEBUG Inner Fold 1: num_classes: 1
DEBUG Inner Fold 1: cat_idx: [0, 1, 2, 3, 4, 5, 6, 7]
DEBUG Inner Fold 1: nominal_idx: [1, 2, 3, 4, 5, 6, 7]
DEBUG Inner Fold 1: ordinal_idx: [0]
DEBUG Inner Fold 1: num_idx: [8, 9, 10, 11, 12, 13, 14, 15, 16]
DEBUG Inner Fold 1: cat_dims: [3, 3, 3, 3, 3, 3, 3, 3]
DEBUG Inner Fold 1: bin_alt: None
In get_device
Using dim 256 and batch size 32
**** Data b4 Fitting ****
