[I 2025-05-02 11:30:36,352] A new study created in memory with name: SAINT_Mercedes_Benz_outer1
[I 2025-05-02 12:16:39,887] Trial 0 finished with value: 1.6112605555555553 and parameters: {'dim': 256, 'depth': 1, 'heads': 8, 'dropout': 0.8}. Best is trial 0 with value: 1.6112605555555553.
[W 2025-05-02 12:17:42,636] Trial 1 failed with parameters: {'dim': 32, 'depth': 6, 'heads': 4, 'dropout': 0.5} because of the following error: AttributeError("'float' object has no attribute 'get_results'").
Traceback (most recent call last):
  File "/home/mburu/.local/lib/python3.8/site-packages/optuna/study/_optimize.py", line 197, in _run_trial
    value_or_values = func(trial)
  File "train.py", line 1032, in __call__
    print(f"Trial Results B4 Saving: {inner_sc.get_results()}")
AttributeError: 'float' object has no attribute 'get_results'
[W 2025-05-02 12:17:42,848] Trial 1 failed with value None.
[I 2025-05-02 12:17:42,860] A new study created in memory with name: SAINT_Mercedes_Benz_outer2
[W 2025-05-02 12:19:29,998] Trial 0 failed with parameters: {'dim': 256, 'depth': 12, 'heads': 8, 'dropout': 0.7} because of the following error: AttributeError("'float' object has no attribute 'get_results'").
Traceback (most recent call last):
  File "/home/mburu/.local/lib/python3.8/site-packages/optuna/study/_optimize.py", line 197, in _run_trial
    value_or_values = func(trial)
  File "train.py", line 1032, in __call__
    print(f"Trial Results B4 Saving: {inner_sc.get_results()}")
AttributeError: 'float' object has no attribute 'get_results'
[W 2025-05-02 12:19:30,375] Trial 0 failed with value None.
[I 2025-05-02 12:19:30,391] A new study created in memory with name: SAINT_Mercedes_Benz_outer3
[W 2025-05-02 12:21:17,060] Trial 0 failed with parameters: {'dim': 128, 'depth': 12, 'heads': 2, 'dropout': 0} because of the following error: AttributeError("'float' object has no attribute 'get_results'").
Traceback (most recent call last):
  File "/home/mburu/.local/lib/python3.8/site-packages/optuna/study/_optimize.py", line 197, in _run_trial
    value_or_values = func(trial)
  File "train.py", line 1032, in __call__
    print(f"Trial Results B4 Saving: {inner_sc.get_results()}")
AttributeError: 'float' object has no attribute 'get_results'
[W 2025-05-02 12:21:17,246] Trial 0 failed with value None.
[I 2025-05-02 12:21:17,257] A new study created in memory with name: SAINT_Mercedes_Benz_outer4
[W 2025-05-02 12:21:54,843] Trial 0 failed with parameters: {'dim': 256, 'depth': 3, 'heads': 8, 'dropout': 0.2} because of the following error: AttributeError("'float' object has no attribute 'get_results'").
Traceback (most recent call last):
  File "/home/mburu/.local/lib/python3.8/site-packages/optuna/study/_optimize.py", line 197, in _run_trial
    value_or_values = func(trial)
  File "train.py", line 1032, in __call__
    print(f"Trial Results B4 Saving: {inner_sc.get_results()}")
AttributeError: 'float' object has no attribute 'get_results'
[W 2025-05-02 12:21:54,845] Trial 0 failed with value None.
[I 2025-05-02 12:21:54,851] A new study created in memory with name: SAINT_Mercedes_Benz_outer5
[W 2025-05-02 12:22:24,978] Trial 0 failed with parameters: {'dim': 64, 'depth': 2, 'heads': 2, 'dropout': 0.1} because of the following error: AttributeError("'float' object has no attribute 'get_results'").
Traceback (most recent call last):
  File "/home/mburu/.local/lib/python3.8/site-packages/optuna/study/_optimize.py", line 197, in _run_trial
    value_or_values = func(trial)
  File "train.py", line 1032, in __call__
    print(f"Trial Results B4 Saving: {inner_sc.get_results()}")
AttributeError: 'float' object has no attribute 'get_results'
[W 2025-05-02 12:22:24,981] Trial 0 failed with value None.
Traceback (most recent call last):
  File "train.py", line 1176, in <module>
    main(arguments)
  File "train.py", line 1047, in main
    agg_scorer, avg_train_time, avg_test_time = nested_cross_validation(
  File "train.py", line 698, in nested_cross_validation
    best_hp_idx = best_loss_dict.index(min(best_loss_dict))
ValueError: min() arg is an empty sequence
srun: error: stud-000: task 0: Exited with exit code 1
