[I 2025-05-11 12:58:48,010] A new study created in memory with name: SAINT_Allstate_Claims_outer1
[W 2025-05-11 13:00:14,184] Trial 0 failed with parameters: {'dim': 32, 'depth': 2, 'heads': 4, 'dropout': 0.4} because of the following error: OutOfMemoryError('CUDA out of memory. Tried to allocate 168.00 MiB. GPU 0 has a total capacty of 7.79 GiB of which 80.44 MiB is free. Including non-PyTorch memory, this process has 7.71 GiB memory in use. Of the allocated memory 7.60 GiB is allocated by PyTorch, and 8.22 MiB is reserved by PyTorch but unallocated. If reserved but unallocated memory is large try setting max_split_size_mb to avoid fragmentation.  See documentation for Memory Management and PYTORCH_CUDA_ALLOC_CONF').
Traceback (most recent call last):
  File "/home/mburu/.local/lib/python3.8/site-packages/optuna/study/_optimize.py", line 197, in _run_trial
    value_or_values = func(trial)
  File "train.py", line 1125, in __call__
    inner_sc, avg_score, time = evaluate_hyperparameters_cv(
  File "train.py", line 363, in evaluate_hyperparameters_cv
    _,_ = curr_model.fit(X_train_inner_proc, y_train_inner_proc, X_val_inner_proc, y_val_inner_proc)
  File "/home/mburu/Master_Thesis/master-thesis-da/DNN_Trial/models/saint.py", line 82, in fit
    self.model.to(self.device)
  File "/home/mburu/anaconda3/envs/TabSurvey/lib/python3.8/site-packages/torch/nn/modules/module.py", line 1160, in to
    return self._apply(convert)
  File "/home/mburu/anaconda3/envs/TabSurvey/lib/python3.8/site-packages/torch/nn/modules/module.py", line 810, in _apply
    module._apply(fn)
  File "/home/mburu/anaconda3/envs/TabSurvey/lib/python3.8/site-packages/torch/nn/modules/module.py", line 810, in _apply
    module._apply(fn)
  File "/home/mburu/anaconda3/envs/TabSurvey/lib/python3.8/site-packages/torch/nn/modules/module.py", line 810, in _apply
    module._apply(fn)
  File "/home/mburu/anaconda3/envs/TabSurvey/lib/python3.8/site-packages/torch/nn/modules/module.py", line 833, in _apply
    param_applied = fn(param)
  File "/home/mburu/anaconda3/envs/TabSurvey/lib/python3.8/site-packages/torch/nn/modules/module.py", line 1158, in convert
    return t.to(device, dtype if t.is_floating_point() or t.is_complex() else None, non_blocking)
torch.cuda.OutOfMemoryError: CUDA out of memory. Tried to allocate 168.00 MiB. GPU 0 has a total capacty of 7.79 GiB of which 80.44 MiB is free. Including non-PyTorch memory, this process has 7.71 GiB memory in use. Of the allocated memory 7.60 GiB is allocated by PyTorch, and 8.22 MiB is reserved by PyTorch but unallocated. If reserved but unallocated memory is large try setting max_split_size_mb to avoid fragmentation.  See documentation for Memory Management and PYTORCH_CUDA_ALLOC_CONF
[W 2025-05-11 13:00:14,187] Trial 0 failed with value None.
Traceback (most recent call last):
  File "train.py", line 1230, in <module>
    main(arguments)
  File "train.py", line 1164, in main
    agg_scorer, avg_train_time, avg_test_time = nested_cross_validation(
  File "train.py", line 522, in nested_cross_validation
    study.optimize(objective, n_trials=args.n_trials, n_jobs=1) # n_jobs=1 unless Objective and preprocessing are thread-safe
  File "/home/mburu/.local/lib/python3.8/site-packages/optuna/study/study.py", line 475, in optimize
    _optimize(
  File "/home/mburu/.local/lib/python3.8/site-packages/optuna/study/_optimize.py", line 63, in _optimize
    _optimize_sequential(
  File "/home/mburu/.local/lib/python3.8/site-packages/optuna/study/_optimize.py", line 160, in _optimize_sequential
    frozen_trial = _run_trial(study, func, catch)
  File "/home/mburu/.local/lib/python3.8/site-packages/optuna/study/_optimize.py", line 248, in _run_trial
    raise func_err
  File "/home/mburu/.local/lib/python3.8/site-packages/optuna/study/_optimize.py", line 197, in _run_trial
    value_or_values = func(trial)
  File "train.py", line 1125, in __call__
    inner_sc, avg_score, time = evaluate_hyperparameters_cv(
  File "train.py", line 363, in evaluate_hyperparameters_cv
    _,_ = curr_model.fit(X_train_inner_proc, y_train_inner_proc, X_val_inner_proc, y_val_inner_proc)
  File "/home/mburu/Master_Thesis/master-thesis-da/DNN_Trial/models/saint.py", line 82, in fit
    self.model.to(self.device)
  File "/home/mburu/anaconda3/envs/TabSurvey/lib/python3.8/site-packages/torch/nn/modules/module.py", line 1160, in to
    return self._apply(convert)
  File "/home/mburu/anaconda3/envs/TabSurvey/lib/python3.8/site-packages/torch/nn/modules/module.py", line 810, in _apply
    module._apply(fn)
  File "/home/mburu/anaconda3/envs/TabSurvey/lib/python3.8/site-packages/torch/nn/modules/module.py", line 810, in _apply
    module._apply(fn)
  File "/home/mburu/anaconda3/envs/TabSurvey/lib/python3.8/site-packages/torch/nn/modules/module.py", line 810, in _apply
    module._apply(fn)
  File "/home/mburu/anaconda3/envs/TabSurvey/lib/python3.8/site-packages/torch/nn/modules/module.py", line 833, in _apply
    param_applied = fn(param)
  File "/home/mburu/anaconda3/envs/TabSurvey/lib/python3.8/site-packages/torch/nn/modules/module.py", line 1158, in convert
    return t.to(device, dtype if t.is_floating_point() or t.is_complex() else None, non_blocking)
torch.cuda.OutOfMemoryError: CUDA out of memory. Tried to allocate 168.00 MiB. GPU 0 has a total capacty of 7.79 GiB of which 80.44 MiB is free. Including non-PyTorch memory, this process has 7.71 GiB memory in use. Of the allocated memory 7.60 GiB is allocated by PyTorch, and 8.22 MiB is reserved by PyTorch but unallocated. If reserved but unallocated memory is large try setting max_split_size_mb to avoid fragmentation.  See documentation for Memory Management and PYTORCH_CUDA_ALLOC_CONF
srun: error: stud-000: task 0: Exited with exit code 1
