[I 2025-04-02 23:16:44,556] A new study created in RDB with name: SAINT_Socmob
[W 2025-04-02 23:16:53,227] Trial 0 failed with parameters: {'dim': 128, 'depth': 2, 'heads': 4, 'dropout': 0.1} because of the following error: OutOfMemoryError('CUDA out of memory. Tried to allocate 400.00 MiB. GPU 0 has a total capacty of 7.79 GiB of which 390.44 MiB is free. Including non-PyTorch memory, this process has 7.40 GiB memory in use. Of the allocated memory 7.22 GiB is allocated by PyTorch, and 54.54 MiB is reserved by PyTorch but unallocated. If reserved but unallocated memory is large try setting max_split_size_mb to avoid fragmentation.  See documentation for Memory Management and PYTORCH_CUDA_ALLOC_CONF').
Traceback (most recent call last):
  File "/home/mburu/.local/lib/python3.8/site-packages/optuna/study/_optimize.py", line 197, in _run_trial
    value_or_values = func(trial)
  File "train.py", line 444, in __call__
    sc, time = cross_validation(model, self.X, self.y, args_cp, visual=False, save_model=False)#Dont save model during HPT
  File "train.py", line 335, in cross_validation
    loss_history, val_loss_history = curr_model.fit(X_train, y_train, X_test, y_test)  # X_val, y_val)
  File "/home/mburu/Master_Thesis/master-thesis-da/DNN_Trial/models/saint.py", line 132, in fit
    optimizer.step()
  File "/home/mburu/anaconda3/envs/TabSurvey/lib/python3.8/site-packages/torch/optim/optimizer.py", line 373, in wrapper
    out = func(*args, **kwargs)
  File "/home/mburu/anaconda3/envs/TabSurvey/lib/python3.8/site-packages/torch/optim/optimizer.py", line 76, in _use_grad
    ret = func(self, *args, **kwargs)
  File "/home/mburu/anaconda3/envs/TabSurvey/lib/python3.8/site-packages/torch/optim/adamw.py", line 173, in step
    self._init_group(
  File "/home/mburu/anaconda3/envs/TabSurvey/lib/python3.8/site-packages/torch/optim/adamw.py", line 125, in _init_group
    state["exp_avg_sq"] = torch.zeros_like(
torch.cuda.OutOfMemoryError: CUDA out of memory. Tried to allocate 400.00 MiB. GPU 0 has a total capacty of 7.79 GiB of which 390.44 MiB is free. Including non-PyTorch memory, this process has 7.40 GiB memory in use. Of the allocated memory 7.22 GiB is allocated by PyTorch, and 54.54 MiB is reserved by PyTorch but unallocated. If reserved but unallocated memory is large try setting max_split_size_mb to avoid fragmentation.  See documentation for Memory Management and PYTORCH_CUDA_ALLOC_CONF
[W 2025-04-02 23:16:53,229] Trial 0 failed with value None.
Traceback (most recent call last):
  File "train.py", line 503, in <module>
    main(arguments)
  File "train.py", line 466, in main
    study.optimize(Objective(args, model_name, X, y), n_trials=args.n_trials)
  File "/home/mburu/.local/lib/python3.8/site-packages/optuna/study/study.py", line 475, in optimize
    _optimize(
  File "/home/mburu/.local/lib/python3.8/site-packages/optuna/study/_optimize.py", line 63, in _optimize
    _optimize_sequential(
  File "/home/mburu/.local/lib/python3.8/site-packages/optuna/study/_optimize.py", line 160, in _optimize_sequential
    frozen_trial = _run_trial(study, func, catch)
  File "/home/mburu/.local/lib/python3.8/site-packages/optuna/study/_optimize.py", line 248, in _run_trial
    raise func_err
  File "/home/mburu/.local/lib/python3.8/site-packages/optuna/study/_optimize.py", line 197, in _run_trial
    value_or_values = func(trial)
  File "train.py", line 444, in __call__
    sc, time = cross_validation(model, self.X, self.y, args_cp, visual=False, save_model=False)#Dont save model during HPT
  File "train.py", line 335, in cross_validation
    loss_history, val_loss_history = curr_model.fit(X_train, y_train, X_test, y_test)  # X_val, y_val)
  File "/home/mburu/Master_Thesis/master-thesis-da/DNN_Trial/models/saint.py", line 132, in fit
    optimizer.step()
  File "/home/mburu/anaconda3/envs/TabSurvey/lib/python3.8/site-packages/torch/optim/optimizer.py", line 373, in wrapper
    out = func(*args, **kwargs)
  File "/home/mburu/anaconda3/envs/TabSurvey/lib/python3.8/site-packages/torch/optim/optimizer.py", line 76, in _use_grad
    ret = func(self, *args, **kwargs)
  File "/home/mburu/anaconda3/envs/TabSurvey/lib/python3.8/site-packages/torch/optim/adamw.py", line 173, in step
    self._init_group(
  File "/home/mburu/anaconda3/envs/TabSurvey/lib/python3.8/site-packages/torch/optim/adamw.py", line 125, in _init_group
    state["exp_avg_sq"] = torch.zeros_like(
torch.cuda.OutOfMemoryError: CUDA out of memory. Tried to allocate 400.00 MiB. GPU 0 has a total capacty of 7.79 GiB of which 390.44 MiB is free. Including non-PyTorch memory, this process has 7.40 GiB memory in use. Of the allocated memory 7.22 GiB is allocated by PyTorch, and 54.54 MiB is reserved by PyTorch but unallocated. If reserved but unallocated memory is large try setting max_split_size_mb to avoid fragmentation.  See documentation for Memory Management and PYTORCH_CUDA_ALLOC_CONF
srun: error: stud-000: task 0: Exited with exit code 1
[I 2025-04-02 23:16:58,509] A new study created in RDB with name: SAINT_Sensory
[W 2025-04-02 23:17:14,182] Trial 0 failed with parameters: {'dim': 128, 'depth': 3, 'heads': 8, 'dropout': 0} because of the following error: OutOfMemoryError('CUDA out of memory. Tried to allocate 686.00 MiB. GPU 0 has a total capacty of 7.79 GiB of which 238.44 MiB is free. Including non-PyTorch memory, this process has 7.55 GiB memory in use. Of the allocated memory 7.38 GiB is allocated by PyTorch, and 43.46 MiB is reserved by PyTorch but unallocated. If reserved but unallocated memory is large try setting max_split_size_mb to avoid fragmentation.  See documentation for Memory Management and PYTORCH_CUDA_ALLOC_CONF').
Traceback (most recent call last):
  File "/home/mburu/.local/lib/python3.8/site-packages/optuna/study/_optimize.py", line 197, in _run_trial
    value_or_values = func(trial)
  File "train.py", line 444, in __call__
    sc, time = cross_validation(model, self.X, self.y, args_cp, visual=False, save_model=False)#Dont save model during HPT
  File "train.py", line 335, in cross_validation
    loss_history, val_loss_history = curr_model.fit(X_train, y_train, X_test, y_test)  # X_val, y_val)
  File "/home/mburu/Master_Thesis/master-thesis-da/DNN_Trial/models/saint.py", line 132, in fit
    optimizer.step()
  File "/home/mburu/anaconda3/envs/TabSurvey/lib/python3.8/site-packages/torch/optim/optimizer.py", line 373, in wrapper
    out = func(*args, **kwargs)
  File "/home/mburu/anaconda3/envs/TabSurvey/lib/python3.8/site-packages/torch/optim/optimizer.py", line 76, in _use_grad
    ret = func(self, *args, **kwargs)
  File "/home/mburu/anaconda3/envs/TabSurvey/lib/python3.8/site-packages/torch/optim/adamw.py", line 173, in step
    self._init_group(
  File "/home/mburu/anaconda3/envs/TabSurvey/lib/python3.8/site-packages/torch/optim/adamw.py", line 125, in _init_group
    state["exp_avg_sq"] = torch.zeros_like(
torch.cuda.OutOfMemoryError: CUDA out of memory. Tried to allocate 686.00 MiB. GPU 0 has a total capacty of 7.79 GiB of which 238.44 MiB is free. Including non-PyTorch memory, this process has 7.55 GiB memory in use. Of the allocated memory 7.38 GiB is allocated by PyTorch, and 43.46 MiB is reserved by PyTorch but unallocated. If reserved but unallocated memory is large try setting max_split_size_mb to avoid fragmentation.  See documentation for Memory Management and PYTORCH_CUDA_ALLOC_CONF
[W 2025-04-02 23:17:14,183] Trial 0 failed with value None.
Traceback (most recent call last):
  File "train.py", line 503, in <module>
    main(arguments)
  File "train.py", line 466, in main
    study.optimize(Objective(args, model_name, X, y), n_trials=args.n_trials)
  File "/home/mburu/.local/lib/python3.8/site-packages/optuna/study/study.py", line 475, in optimize
    _optimize(
  File "/home/mburu/.local/lib/python3.8/site-packages/optuna/study/_optimize.py", line 63, in _optimize
    _optimize_sequential(
  File "/home/mburu/.local/lib/python3.8/site-packages/optuna/study/_optimize.py", line 160, in _optimize_sequential
    frozen_trial = _run_trial(study, func, catch)
  File "/home/mburu/.local/lib/python3.8/site-packages/optuna/study/_optimize.py", line 248, in _run_trial
    raise func_err
  File "/home/mburu/.local/lib/python3.8/site-packages/optuna/study/_optimize.py", line 197, in _run_trial
    value_or_values = func(trial)
  File "train.py", line 444, in __call__
    sc, time = cross_validation(model, self.X, self.y, args_cp, visual=False, save_model=False)#Dont save model during HPT
  File "train.py", line 335, in cross_validation
    loss_history, val_loss_history = curr_model.fit(X_train, y_train, X_test, y_test)  # X_val, y_val)
  File "/home/mburu/Master_Thesis/master-thesis-da/DNN_Trial/models/saint.py", line 132, in fit
    optimizer.step()
  File "/home/mburu/anaconda3/envs/TabSurvey/lib/python3.8/site-packages/torch/optim/optimizer.py", line 373, in wrapper
    out = func(*args, **kwargs)
  File "/home/mburu/anaconda3/envs/TabSurvey/lib/python3.8/site-packages/torch/optim/optimizer.py", line 76, in _use_grad
    ret = func(self, *args, **kwargs)
  File "/home/mburu/anaconda3/envs/TabSurvey/lib/python3.8/site-packages/torch/optim/adamw.py", line 173, in step
    self._init_group(
  File "/home/mburu/anaconda3/envs/TabSurvey/lib/python3.8/site-packages/torch/optim/adamw.py", line 125, in _init_group
    state["exp_avg_sq"] = torch.zeros_like(
torch.cuda.OutOfMemoryError: CUDA out of memory. Tried to allocate 686.00 MiB. GPU 0 has a total capacty of 7.79 GiB of which 238.44 MiB is free. Including non-PyTorch memory, this process has 7.55 GiB memory in use. Of the allocated memory 7.38 GiB is allocated by PyTorch, and 43.46 MiB is reserved by PyTorch but unallocated. If reserved but unallocated memory is large try setting max_split_size_mb to avoid fragmentation.  See documentation for Memory Management and PYTORCH_CUDA_ALLOC_CONF
srun: error: stud-000: task 0: Exited with exit code 1
[I 2025-04-02 23:17:19,399] A new study created in RDB with name: SAINT_Moneyball
[I 2025-04-02 23:26:06,901] Trial 0 finished with value: 0.9045799999999999 and parameters: {'dim': 32, 'depth': 3, 'heads': 4, 'dropout': 0.3}. Best is trial 0 with value: 0.9045799999999999.
