[I 2025-05-13 21:54:03,731] A new study created in memory with name: SAINT_Abalone_outer1
[I 2025-05-13 22:21:39,601] Trial 0 finished with value: 4.3940930174081405 and parameters: {'dim': 256, 'depth': 1, 'heads': 8, 'dropout': 0.7}. Best is trial 0 with value: 4.3940930174081405.
[I 2025-05-13 22:35:14,371] Trial 1 finished with value: 4.331124662712162 and parameters: {'dim': 64, 'depth': 6, 'heads': 2, 'dropout': 0}. Best is trial 1 with value: 4.331124662712162.
[I 2025-05-13 22:52:40,505] Trial 2 finished with value: 4.325196495554219 and parameters: {'dim': 32, 'depth': 12, 'heads': 8, 'dropout': 0.2}. Best is trial 2 with value: 4.325196495554219.
[I 2025-05-13 23:05:06,215] Trial 3 finished with value: 4.526370567666135 and parameters: {'dim': 64, 'depth': 3, 'heads': 8, 'dropout': 0.8}. Best is trial 2 with value: 4.325196495554219.
[I 2025-05-13 23:13:03,012] Trial 4 finished with value: 4.345221576762621 and parameters: {'dim': 32, 'depth': 2, 'heads': 4, 'dropout': 0.5}. Best is trial 2 with value: 4.325196495554219.
[I 2025-05-13 23:17:11,600] A new study created in memory with name: SAINT_Abalone_outer2
[I 2025-05-13 23:26:58,112] Trial 0 finished with value: 4.373057650309398 and parameters: {'dim': 64, 'depth': 3, 'heads': 2, 'dropout': 0.2}. Best is trial 0 with value: 4.373057650309398.
[I 2025-05-13 23:40:34,350] Trial 1 finished with value: 4.315430069587393 and parameters: {'dim': 32, 'depth': 3, 'heads': 8, 'dropout': 0.8}. Best is trial 1 with value: 4.315430069587393.
[I 2025-05-14 00:12:19,751] Trial 2 finished with value: 4.368021943677083 and parameters: {'dim': 256, 'depth': 3, 'heads': 4, 'dropout': 0}. Best is trial 1 with value: 4.315430069587393.
[I 2025-05-14 00:22:16,657] Trial 3 finished with value: 4.3502748394740856 and parameters: {'dim': 64, 'depth': 1, 'heads': 2, 'dropout': 0.8}. Best is trial 1 with value: 4.315430069587393.
[I 2025-05-14 00:35:42,174] Trial 4 finished with value: 4.362645528807305 and parameters: {'dim': 64, 'depth': 2, 'heads': 8, 'dropout': 0.8}. Best is trial 1 with value: 4.315430069587393.
[I 2025-05-14 00:38:57,997] A new study created in memory with name: SAINT_Abalone_outer3
[W 2025-05-14 00:39:03,135] Trial 0 failed with parameters: {'dim': 256, 'depth': 6, 'heads': 2, 'dropout': 0.1} because of the following error: OutOfMemoryError('CUDA out of memory. Tried to allocate 242.00 MiB. GPU 0 has a total capacty of 7.79 GiB of which 116.44 MiB is free. Including non-PyTorch memory, this process has 7.67 GiB memory in use. Of the allocated memory 7.52 GiB is allocated by PyTorch, and 18.05 MiB is reserved by PyTorch but unallocated. If reserved but unallocated memory is large try setting max_split_size_mb to avoid fragmentation.  See documentation for Memory Management and PYTORCH_CUDA_ALLOC_CONF').
Traceback (most recent call last):
  File "/home/mburu/.local/lib/python3.8/site-packages/optuna/study/_optimize.py", line 197, in _run_trial
    value_or_values = func(trial)
  File "train.py", line 1125, in __call__
    inner_sc, avg_score, time = evaluate_hyperparameters_cv(
  File "train.py", line 363, in evaluate_hyperparameters_cv
    _,_ = curr_model.fit(X_train_inner_proc, y_train_inner_proc, X_val_inner_proc, y_val_inner_proc)
  File "/home/mburu/Master_Thesis/master-thesis-da/DNN_Trial/models/saint.py", line 152, in fit
    optimizer.step()
  File "/home/mburu/anaconda3/envs/TabSurvey/lib/python3.8/site-packages/torch/optim/optimizer.py", line 373, in wrapper
    out = func(*args, **kwargs)
  File "/home/mburu/anaconda3/envs/TabSurvey/lib/python3.8/site-packages/torch/optim/optimizer.py", line 76, in _use_grad
    ret = func(self, *args, **kwargs)
  File "/home/mburu/anaconda3/envs/TabSurvey/lib/python3.8/site-packages/torch/optim/adamw.py", line 173, in step
    self._init_group(
  File "/home/mburu/anaconda3/envs/TabSurvey/lib/python3.8/site-packages/torch/optim/adamw.py", line 121, in _init_group
    state["exp_avg"] = torch.zeros_like(
torch.cuda.OutOfMemoryError: CUDA out of memory. Tried to allocate 242.00 MiB. GPU 0 has a total capacty of 7.79 GiB of which 116.44 MiB is free. Including non-PyTorch memory, this process has 7.67 GiB memory in use. Of the allocated memory 7.52 GiB is allocated by PyTorch, and 18.05 MiB is reserved by PyTorch but unallocated. If reserved but unallocated memory is large try setting max_split_size_mb to avoid fragmentation.  See documentation for Memory Management and PYTORCH_CUDA_ALLOC_CONF
[W 2025-05-14 00:39:03,139] Trial 0 failed with value None.
Traceback (most recent call last):
  File "train.py", line 1230, in <module>
    main(arguments)
  File "train.py", line 1164, in main
    agg_scorer, avg_train_time, avg_test_time = nested_cross_validation(
  File "train.py", line 522, in nested_cross_validation
    study.optimize(objective, n_trials=args.n_trials, n_jobs=1) # n_jobs=1 unless Objective and preprocessing are thread-safe
  File "/home/mburu/.local/lib/python3.8/site-packages/optuna/study/study.py", line 475, in optimize
    _optimize(
  File "/home/mburu/.local/lib/python3.8/site-packages/optuna/study/_optimize.py", line 63, in _optimize
    _optimize_sequential(
  File "/home/mburu/.local/lib/python3.8/site-packages/optuna/study/_optimize.py", line 160, in _optimize_sequential
    frozen_trial = _run_trial(study, func, catch)
  File "/home/mburu/.local/lib/python3.8/site-packages/optuna/study/_optimize.py", line 248, in _run_trial
    raise func_err
  File "/home/mburu/.local/lib/python3.8/site-packages/optuna/study/_optimize.py", line 197, in _run_trial
    value_or_values = func(trial)
  File "train.py", line 1125, in __call__
    inner_sc, avg_score, time = evaluate_hyperparameters_cv(
  File "train.py", line 363, in evaluate_hyperparameters_cv
    _,_ = curr_model.fit(X_train_inner_proc, y_train_inner_proc, X_val_inner_proc, y_val_inner_proc)
  File "/home/mburu/Master_Thesis/master-thesis-da/DNN_Trial/models/saint.py", line 152, in fit
    optimizer.step()
  File "/home/mburu/anaconda3/envs/TabSurvey/lib/python3.8/site-packages/torch/optim/optimizer.py", line 373, in wrapper
    out = func(*args, **kwargs)
  File "/home/mburu/anaconda3/envs/TabSurvey/lib/python3.8/site-packages/torch/optim/optimizer.py", line 76, in _use_grad
    ret = func(self, *args, **kwargs)
  File "/home/mburu/anaconda3/envs/TabSurvey/lib/python3.8/site-packages/torch/optim/adamw.py", line 173, in step
    self._init_group(
  File "/home/mburu/anaconda3/envs/TabSurvey/lib/python3.8/site-packages/torch/optim/adamw.py", line 121, in _init_group
    state["exp_avg"] = torch.zeros_like(
torch.cuda.OutOfMemoryError: CUDA out of memory. Tried to allocate 242.00 MiB. GPU 0 has a total capacty of 7.79 GiB of which 116.44 MiB is free. Including non-PyTorch memory, this process has 7.67 GiB memory in use. Of the allocated memory 7.52 GiB is allocated by PyTorch, and 18.05 MiB is reserved by PyTorch but unallocated. If reserved but unallocated memory is large try setting max_split_size_mb to avoid fragmentation.  See documentation for Memory Management and PYTORCH_CUDA_ALLOC_CONF
srun: error: stud-000: task 0: Exited with exit code 1
