[I 2025-05-02 11:14:42,612] A new study created in memory with name: SAINT_Allstate_Claims_outer1
[W 2025-05-02 11:18:24,154] Trial 0 failed with parameters: {'dim': 128, 'depth': 1, 'heads': 2, 'dropout': 0.7} because of the following error: AttributeError("'float' object has no attribute 'get_results'").
Traceback (most recent call last):
  File "/home/mburu/.local/lib/python3.8/site-packages/optuna/study/_optimize.py", line 197, in _run_trial
    value_or_values = func(trial)
  File "train.py", line 1032, in __call__
    print(f"Trial Results B4 Saving: {inner_sc.get_results()}")
AttributeError: 'float' object has no attribute 'get_results'
[W 2025-05-02 11:18:24,174] Trial 0 failed with value None.
[I 2025-05-02 11:18:24,333] A new study created in memory with name: SAINT_Allstate_Claims_outer2
[W 2025-05-02 11:22:00,640] Trial 0 failed with parameters: {'dim': 128, 'depth': 1, 'heads': 4, 'dropout': 0} because of the following error: AttributeError("'float' object has no attribute 'get_results'").
Traceback (most recent call last):
  File "/home/mburu/.local/lib/python3.8/site-packages/optuna/study/_optimize.py", line 197, in _run_trial
    value_or_values = func(trial)
  File "train.py", line 1032, in __call__
    print(f"Trial Results B4 Saving: {inner_sc.get_results()}")
AttributeError: 'float' object has no attribute 'get_results'
[W 2025-05-02 11:22:00,642] Trial 0 failed with value None.
[I 2025-05-02 11:22:00,783] A new study created in memory with name: SAINT_Allstate_Claims_outer3
[W 2025-05-02 11:24:26,293] Trial 0 failed with parameters: {'dim': 256, 'depth': 3, 'heads': 8, 'dropout': 0.1} because of the following error: AttributeError("'float' object has no attribute 'get_results'").
Traceback (most recent call last):
  File "/home/mburu/.local/lib/python3.8/site-packages/optuna/study/_optimize.py", line 197, in _run_trial
    value_or_values = func(trial)
  File "train.py", line 1032, in __call__
    print(f"Trial Results B4 Saving: {inner_sc.get_results()}")
AttributeError: 'float' object has no attribute 'get_results'
[W 2025-05-02 11:24:26,295] Trial 0 failed with value None.
[I 2025-05-02 11:24:26,401] A new study created in memory with name: SAINT_Allstate_Claims_outer4
[W 2025-05-02 11:28:00,557] Trial 0 failed with parameters: {'dim': 256, 'depth': 1, 'heads': 2, 'dropout': 0.8} because of the following error: AttributeError("'float' object has no attribute 'get_results'").
Traceback (most recent call last):
  File "/home/mburu/.local/lib/python3.8/site-packages/optuna/study/_optimize.py", line 197, in _run_trial
    value_or_values = func(trial)
  File "train.py", line 1032, in __call__
    print(f"Trial Results B4 Saving: {inner_sc.get_results()}")
AttributeError: 'float' object has no attribute 'get_results'
[W 2025-05-02 11:28:00,559] Trial 0 failed with value None.
[I 2025-05-02 11:28:00,701] A new study created in memory with name: SAINT_Allstate_Claims_outer5
[W 2025-05-02 11:30:26,478] Trial 0 failed with parameters: {'dim': 128, 'depth': 3, 'heads': 4, 'dropout': 0.3} because of the following error: AttributeError("'float' object has no attribute 'get_results'").
Traceback (most recent call last):
  File "/home/mburu/.local/lib/python3.8/site-packages/optuna/study/_optimize.py", line 197, in _run_trial
    value_or_values = func(trial)
  File "train.py", line 1032, in __call__
    print(f"Trial Results B4 Saving: {inner_sc.get_results()}")
AttributeError: 'float' object has no attribute 'get_results'
[W 2025-05-02 11:30:26,481] Trial 0 failed with value None.
Traceback (most recent call last):
  File "train.py", line 1176, in <module>
    main(arguments)
  File "train.py", line 1047, in main
    agg_scorer, avg_train_time, avg_test_time = nested_cross_validation(
  File "train.py", line 698, in nested_cross_validation
    best_hp_idx = best_loss_dict.index(min(best_loss_dict))
ValueError: min() arg is an empty sequence
srun: error: stud-000: task 0: Exited with exit code 1
