[I 2025-05-11 13:30:24,373] A new study created in memory with name: SAINT_Abalone_outer1
[I 2025-05-11 13:45:53,002] Trial 0 finished with value: 4.423119485940873 and parameters: {'dim': 128, 'depth': 3, 'heads': 8, 'dropout': 0.8}. Best is trial 0 with value: 4.423119485940873.
[I 2025-05-11 13:58:34,730] Trial 1 finished with value: 4.342967603607595 and parameters: {'dim': 128, 'depth': 2, 'heads': 8, 'dropout': 0.3}. Best is trial 1 with value: 4.342967603607595.
[I 2025-05-11 14:35:30,479] Trial 2 finished with value: 4.447457342501875 and parameters: {'dim': 128, 'depth': 12, 'heads': 2, 'dropout': 0.4}. Best is trial 1 with value: 4.342967603607595.
[I 2025-05-11 14:53:41,909] Trial 3 finished with value: 4.286501782729334 and parameters: {'dim': 256, 'depth': 1, 'heads': 8, 'dropout': 0}. Best is trial 3 with value: 4.286501782729334.
[I 2025-05-11 15:06:53,793] Trial 4 finished with value: 4.48191673897136 and parameters: {'dim': 64, 'depth': 3, 'heads': 8, 'dropout': 0.8}. Best is trial 3 with value: 4.286501782729334.
[I 2025-05-11 15:10:19,037] A new study created in memory with name: SAINT_Abalone_outer2
[I 2025-05-11 15:20:28,275] Trial 0 finished with value: 4.464523751001996 and parameters: {'dim': 32, 'depth': 1, 'heads': 8, 'dropout': 0.6}. Best is trial 0 with value: 4.464523751001996.
[I 2025-05-11 15:30:58,640] Trial 1 finished with value: 4.455200135398688 and parameters: {'dim': 64, 'depth': 3, 'heads': 4, 'dropout': 0.5}. Best is trial 1 with value: 4.455200135398688.
[I 2025-05-11 15:44:12,382] Trial 2 finished with value: 4.328934919041482 and parameters: {'dim': 32, 'depth': 6, 'heads': 8, 'dropout': 0.6}. Best is trial 2 with value: 4.328934919041482.
[I 2025-05-11 16:17:41,302] Trial 3 finished with value: 4.400103560865725 and parameters: {'dim': 128, 'depth': 12, 'heads': 8, 'dropout': 0.1}. Best is trial 2 with value: 4.328934919041482.
[I 2025-05-11 16:29:26,826] Trial 4 finished with value: 4.316778152287294 and parameters: {'dim': 64, 'depth': 6, 'heads': 2, 'dropout': 0.3}. Best is trial 4 with value: 4.316778152287294.
[I 2025-05-11 16:33:42,903] A new study created in memory with name: SAINT_Abalone_outer3
[I 2025-05-11 16:45:21,136] Trial 0 finished with value: 4.758135502648228 and parameters: {'dim': 32, 'depth': 6, 'heads': 4, 'dropout': 0.5}. Best is trial 0 with value: 4.758135502648228.
[I 2025-05-11 17:17:59,903] Trial 1 finished with value: 4.716556658909646 and parameters: {'dim': 256, 'depth': 2, 'heads': 4, 'dropout': 0.6}. Best is trial 1 with value: 4.716556658909646.
[I 2025-05-11 17:36:00,073] Trial 2 finished with value: 4.674258626066976 and parameters: {'dim': 256, 'depth': 1, 'heads': 2, 'dropout': 0.2}. Best is trial 2 with value: 4.674258626066976.
[W 2025-05-11 17:36:10,829] Trial 3 failed with parameters: {'dim': 256, 'depth': 12, 'heads': 8, 'dropout': 0.8} because of the following error: OutOfMemoryError('CUDA out of memory. Tried to allocate 242.00 MiB. GPU 0 has a total capacty of 7.79 GiB of which 66.44 MiB is free. Including non-PyTorch memory, this process has 7.72 GiB memory in use. Of the allocated memory 7.53 GiB is allocated by PyTorch, and 61.71 MiB is reserved by PyTorch but unallocated. If reserved but unallocated memory is large try setting max_split_size_mb to avoid fragmentation.  See documentation for Memory Management and PYTORCH_CUDA_ALLOC_CONF').
Traceback (most recent call last):
  File "/home/mburu/.local/lib/python3.8/site-packages/optuna/study/_optimize.py", line 197, in _run_trial
    value_or_values = func(trial)
  File "train.py", line 1125, in __call__
    inner_sc, avg_score, time = evaluate_hyperparameters_cv(
  File "train.py", line 363, in evaluate_hyperparameters_cv
    _,_ = curr_model.fit(X_train_inner_proc, y_train_inner_proc, X_val_inner_proc, y_val_inner_proc)
  File "/home/mburu/Master_Thesis/master-thesis-da/DNN_Trial/models/saint.py", line 151, in fit
    loss.backward()
  File "/home/mburu/anaconda3/envs/TabSurvey/lib/python3.8/site-packages/torch/_tensor.py", line 492, in backward
    torch.autograd.backward(
  File "/home/mburu/anaconda3/envs/TabSurvey/lib/python3.8/site-packages/torch/autograd/__init__.py", line 251, in backward
    Variable._execution_engine.run_backward(  # Calls into the C++ engine to run the backward pass
torch.cuda.OutOfMemoryError: CUDA out of memory. Tried to allocate 242.00 MiB. GPU 0 has a total capacty of 7.79 GiB of which 66.44 MiB is free. Including non-PyTorch memory, this process has 7.72 GiB memory in use. Of the allocated memory 7.53 GiB is allocated by PyTorch, and 61.71 MiB is reserved by PyTorch but unallocated. If reserved but unallocated memory is large try setting max_split_size_mb to avoid fragmentation.  See documentation for Memory Management and PYTORCH_CUDA_ALLOC_CONF
[W 2025-05-11 17:36:11,229] Trial 3 failed with value None.
Traceback (most recent call last):
  File "train.py", line 1230, in <module>
    main(arguments)
  File "train.py", line 1164, in main
    agg_scorer, avg_train_time, avg_test_time = nested_cross_validation(
  File "train.py", line 522, in nested_cross_validation
    study.optimize(objective, n_trials=args.n_trials, n_jobs=1) # n_jobs=1 unless Objective and preprocessing are thread-safe
  File "/home/mburu/.local/lib/python3.8/site-packages/optuna/study/study.py", line 475, in optimize
    _optimize(
  File "/home/mburu/.local/lib/python3.8/site-packages/optuna/study/_optimize.py", line 63, in _optimize
    _optimize_sequential(
  File "/home/mburu/.local/lib/python3.8/site-packages/optuna/study/_optimize.py", line 160, in _optimize_sequential
    frozen_trial = _run_trial(study, func, catch)
  File "/home/mburu/.local/lib/python3.8/site-packages/optuna/study/_optimize.py", line 248, in _run_trial
    raise func_err
  File "/home/mburu/.local/lib/python3.8/site-packages/optuna/study/_optimize.py", line 197, in _run_trial
    value_or_values = func(trial)
  File "train.py", line 1125, in __call__
    inner_sc, avg_score, time = evaluate_hyperparameters_cv(
  File "train.py", line 363, in evaluate_hyperparameters_cv
    _,_ = curr_model.fit(X_train_inner_proc, y_train_inner_proc, X_val_inner_proc, y_val_inner_proc)
  File "/home/mburu/Master_Thesis/master-thesis-da/DNN_Trial/models/saint.py", line 151, in fit
    loss.backward()
  File "/home/mburu/anaconda3/envs/TabSurvey/lib/python3.8/site-packages/torch/_tensor.py", line 492, in backward
    torch.autograd.backward(
  File "/home/mburu/anaconda3/envs/TabSurvey/lib/python3.8/site-packages/torch/autograd/__init__.py", line 251, in backward
    Variable._execution_engine.run_backward(  # Calls into the C++ engine to run the backward pass
torch.cuda.OutOfMemoryError: CUDA out of memory. Tried to allocate 242.00 MiB. GPU 0 has a total capacty of 7.79 GiB of which 66.44 MiB is free. Including non-PyTorch memory, this process has 7.72 GiB memory in use. Of the allocated memory 7.53 GiB is allocated by PyTorch, and 61.71 MiB is reserved by PyTorch but unallocated. If reserved but unallocated memory is large try setting max_split_size_mb to avoid fragmentation.  See documentation for Memory Management and PYTORCH_CUDA_ALLOC_CONF
srun: error: stud-000: task 0: Exited with exit code 1
[I 2025-05-11 17:36:16,399] A new study created in memory with name: SAINT_House_Sales_outer1
[I 2025-05-11 18:20:19,857] Trial 0 finished with value: 17681060855.105705 and parameters: {'dim': 256, 'depth': 3, 'heads': 8, 'dropout': 0.7}. Best is trial 0 with value: 17681060855.105705.
[I 2025-05-11 18:49:58,555] Trial 1 finished with value: 22650988533.379963 and parameters: {'dim': 32, 'depth': 1, 'heads': 2, 'dropout': 0.8}. Best is trial 0 with value: 17681060855.105705.
[I 2025-05-11 19:30:38,567] Trial 2 finished with value: 16862898559.274933 and parameters: {'dim': 256, 'depth': 3, 'heads': 4, 'dropout': 0.6}. Best is trial 2 with value: 16862898559.274933.
[I 2025-05-11 20:06:09,995] Trial 3 finished with value: 17470486048.527493 and parameters: {'dim': 64, 'depth': 2, 'heads': 4, 'dropout': 0.3}. Best is trial 2 with value: 16862898559.274933.
[I 2025-05-11 20:40:09,994] Trial 4 finished with value: 18443282792.605278 and parameters: {'dim': 32, 'depth': 2, 'heads': 8, 'dropout': 0.3}. Best is trial 2 with value: 16862898559.274933.
[I 2025-05-11 20:51:23,549] A new study created in memory with name: SAINT_House_Sales_outer2
[I 2025-05-11 21:53:41,583] Trial 0 finished with value: 23838384552.370476 and parameters: {'dim': 32, 'depth': 6, 'heads': 8, 'dropout': 0.6}. Best is trial 0 with value: 23838384552.370476.
[I 2025-05-11 22:43:54,935] Trial 1 finished with value: 16038087209.588287 and parameters: {'dim': 64, 'depth': 6, 'heads': 8, 'dropout': 0}. Best is trial 1 with value: 16038087209.588287.
[I 2025-05-11 23:36:44,519] Trial 2 finished with value: 16263648681.541977 and parameters: {'dim': 128, 'depth': 6, 'heads': 4, 'dropout': 0.4}. Best is trial 1 with value: 16038087209.588287.
[I 2025-05-12 00:47:11,154] Trial 3 finished with value: 23536584981.527054 and parameters: {'dim': 256, 'depth': 12, 'heads': 2, 'dropout': 0.4}. Best is trial 1 with value: 16038087209.588287.
[I 2025-05-12 01:42:15,363] Trial 4 finished with value: 81581320013.60957 and parameters: {'dim': 256, 'depth': 12, 'heads': 4, 'dropout': 0.4}. Best is trial 1 with value: 16038087209.588287.
[I 2025-05-12 01:56:46,507] A new study created in memory with name: SAINT_House_Sales_outer3
[I 2025-05-12 02:42:38,274] Trial 0 finished with value: 14814910342.699738 and parameters: {'dim': 64, 'depth': 6, 'heads': 4, 'dropout': 0.1}. Best is trial 0 with value: 14814910342.699738.
[I 2025-05-12 03:13:53,814] Trial 1 finished with value: 16580370748.14032 and parameters: {'dim': 32, 'depth': 1, 'heads': 8, 'dropout': 0.7}. Best is trial 0 with value: 14814910342.699738.
[I 2025-05-12 04:13:29,356] Trial 2 finished with value: 14825035719.892696 and parameters: {'dim': 128, 'depth': 6, 'heads': 2, 'dropout': 0.7}. Best is trial 0 with value: 14814910342.699738.
[I 2025-05-12 04:46:14,755] Trial 3 finished with value: 14979538214.823954 and parameters: {'dim': 256, 'depth': 1, 'heads': 4, 'dropout': 0.7}. Best is trial 0 with value: 14814910342.699738.
[I 2025-05-12 05:21:57,038] Trial 4 finished with value: 14023677635.555054 and parameters: {'dim': 64, 'depth': 2, 'heads': 2, 'dropout': 0.6}. Best is trial 4 with value: 14023677635.555054.
[I 2025-05-12 05:30:44,020] A new study created in memory with name: SAINT_House_Sales_outer4
[I 2025-05-12 06:01:27,478] Trial 0 finished with value: 14068409399.497961 and parameters: {'dim': 32, 'depth': 2, 'heads': 4, 'dropout': 0.4}. Best is trial 0 with value: 14068409399.497961.
[I 2025-05-12 06:37:51,512] Trial 1 finished with value: 137497004522.0861 and parameters: {'dim': 128, 'depth': 12, 'heads': 4, 'dropout': 0.8}. Best is trial 0 with value: 14068409399.497961.
[I 2025-05-12 07:23:03,365] Trial 2 finished with value: 137465102619.97226 and parameters: {'dim': 128, 'depth': 12, 'heads': 8, 'dropout': 0.5}. Best is trial 0 with value: 14068409399.497961.
[I 2025-05-12 08:01:15,371] Trial 3 finished with value: 12885434401.30885 and parameters: {'dim': 64, 'depth': 2, 'heads': 2, 'dropout': 0.6}. Best is trial 3 with value: 12885434401.30885.
[I 2025-05-12 08:52:21,416] Trial 4 finished with value: 13814753326.506832 and parameters: {'dim': 128, 'depth': 6, 'heads': 4, 'dropout': 0}. Best is trial 3 with value: 12885434401.30885.
[I 2025-05-12 09:01:53,604] A new study created in memory with name: SAINT_House_Sales_outer5
[I 2025-05-12 09:52:08,707] Trial 0 finished with value: 88297683488.41531 and parameters: {'dim': 64, 'depth': 12, 'heads': 4, 'dropout': 0.2}. Best is trial 0 with value: 88297683488.41531.
[I 2025-05-12 10:25:28,621] Trial 1 finished with value: 14114359852.638895 and parameters: {'dim': 64, 'depth': 3, 'heads': 8, 'dropout': 0}. Best is trial 1 with value: 14114359852.638895.
[I 2025-05-12 11:02:29,240] Trial 2 finished with value: 13472468684.597471 and parameters: {'dim': 64, 'depth': 2, 'heads': 2, 'dropout': 0.1}. Best is trial 2 with value: 13472468684.597471.
[I 2025-05-12 11:37:36,653] Trial 3 finished with value: 13830355618.574123 and parameters: {'dim': 32, 'depth': 2, 'heads': 8, 'dropout': 0.1}. Best is trial 2 with value: 13472468684.597471.
[I 2025-05-12 12:20:31,353] Trial 4 finished with value: 14343647900.1789 and parameters: {'dim': 256, 'depth': 3, 'heads': 4, 'dropout': 0.3}. Best is trial 2 with value: 13472468684.597471.
[I 2025-05-12 12:28:45,945] A new study created in memory with name: SAINT_MIP_outer1
[I 2025-05-12 12:43:28,244] Trial 0 finished with value: 62336055.02203947 and parameters: {'dim': 32, 'depth': 1, 'heads': 2, 'dropout': 0}. Best is trial 0 with value: 62336055.02203947.
[I 2025-05-12 12:51:42,646] Trial 1 finished with value: 516804891.50312203 and parameters: {'dim': 256, 'depth': 1, 'heads': 2, 'dropout': 0.8}. Best is trial 0 with value: 62336055.02203947.
[I 2025-05-12 13:08:30,523] Trial 2 finished with value: 793021406.3082105 and parameters: {'dim': 64, 'depth': 6, 'heads': 2, 'dropout': 0.2}. Best is trial 0 with value: 62336055.02203947.
[I 2025-05-12 13:19:42,696] Trial 3 finished with value: 549104837.550421 and parameters: {'dim': 32, 'depth': 1, 'heads': 2, 'dropout': 0.4}. Best is trial 0 with value: 62336055.02203947.
[I 2025-05-12 13:31:14,855] Trial 4 finished with value: 209288787.5641836 and parameters: {'dim': 128, 'depth': 2, 'heads': 4, 'dropout': 0.2}. Best is trial 0 with value: 62336055.02203947.
[I 2025-05-12 13:34:38,730] A new study created in memory with name: SAINT_MIP_outer2
[I 2025-05-12 13:45:41,303] Trial 0 finished with value: 284981124.07179964 and parameters: {'dim': 64, 'depth': 2, 'heads': 2, 'dropout': 0.6}. Best is trial 0 with value: 284981124.07179964.
[I 2025-05-12 13:56:29,321] Trial 1 finished with value: 270729463.4298859 and parameters: {'dim': 64, 'depth': 1, 'heads': 8, 'dropout': 0.2}. Best is trial 1 with value: 270729463.4298859.
[I 2025-05-12 14:09:24,643] Trial 2 finished with value: 132941290.94522703 and parameters: {'dim': 256, 'depth': 3, 'heads': 2, 'dropout': 0}. Best is trial 2 with value: 132941290.94522703.
[I 2025-05-12 14:23:20,863] Trial 3 finished with value: 541994351.4666672 and parameters: {'dim': 128, 'depth': 2, 'heads': 4, 'dropout': 0.8}. Best is trial 2 with value: 132941290.94522703.
[I 2025-05-12 14:51:50,193] Trial 4 finished with value: 107948432.25408049 and parameters: {'dim': 256, 'depth': 12, 'heads': 2, 'dropout': 0.3}. Best is trial 4 with value: 107948432.25408049.
[I 2025-05-12 14:59:18,035] A new study created in memory with name: SAINT_MIP_outer3
[I 2025-05-12 15:14:05,675] Trial 0 finished with value: 178436581.52797365 and parameters: {'dim': 32, 'depth': 3, 'heads': 8, 'dropout': 0.1}. Best is trial 0 with value: 178436581.52797365.
[I 2025-05-12 15:41:46,956] Trial 1 finished with value: 589287.2438535246 and parameters: {'dim': 256, 'depth': 6, 'heads': 8, 'dropout': 0.5}. Best is trial 1 with value: 589287.2438535246.
[I 2025-05-12 15:59:38,365] Trial 2 finished with value: 38771392.450794354 and parameters: {'dim': 256, 'depth': 3, 'heads': 8, 'dropout': 0.8}. Best is trial 1 with value: 589287.2438535246.
[I 2025-05-12 16:16:06,222] Trial 3 finished with value: 702043.5343220856 and parameters: {'dim': 32, 'depth': 2, 'heads': 4, 'dropout': 0.5}. Best is trial 1 with value: 589287.2438535246.
[I 2025-05-12 16:28:56,042] Trial 4 finished with value: 216628475.25115117 and parameters: {'dim': 256, 'depth': 3, 'heads': 2, 'dropout': 0.6}. Best is trial 1 with value: 589287.2438535246.
[I 2025-05-12 16:34:01,841] A new study created in memory with name: SAINT_MIP_outer4
[I 2025-05-12 16:45:34,558] Trial 0 finished with value: 636786916.37311 and parameters: {'dim': 256, 'depth': 2, 'heads': 8, 'dropout': 0.8}. Best is trial 0 with value: 636786916.37311.
[I 2025-05-12 16:57:07,542] Trial 1 finished with value: 532722441.96228236 and parameters: {'dim': 256, 'depth': 3, 'heads': 8, 'dropout': 0.8}. Best is trial 1 with value: 532722441.96228236.
[I 2025-05-12 17:08:46,292] Trial 2 finished with value: 566499276.3569443 and parameters: {'dim': 64, 'depth': 2, 'heads': 8, 'dropout': 0}. Best is trial 1 with value: 532722441.96228236.
[I 2025-05-12 17:25:57,603] Trial 3 finished with value: 964456228.6947052 and parameters: {'dim': 64, 'depth': 12, 'heads': 8, 'dropout': 0.5}. Best is trial 1 with value: 532722441.96228236.
[I 2025-05-12 17:41:20,132] Trial 4 finished with value: 844713247.6967049 and parameters: {'dim': 64, 'depth': 12, 'heads': 8, 'dropout': 0.2}. Best is trial 1 with value: 532722441.96228236.
[I 2025-05-12 17:44:55,426] A new study created in memory with name: SAINT_MIP_outer5
[I 2025-05-12 18:07:28,538] Trial 0 finished with value: 378354428.1029835 and parameters: {'dim': 256, 'depth': 6, 'heads': 4, 'dropout': 0}. Best is trial 0 with value: 378354428.1029835.
[I 2025-05-12 18:21:47,666] Trial 1 finished with value: 481199258.2942831 and parameters: {'dim': 256, 'depth': 3, 'heads': 4, 'dropout': 0.7}. Best is trial 0 with value: 378354428.1029835.
[I 2025-05-12 18:45:18,873] Trial 2 finished with value: 244835467.94829044 and parameters: {'dim': 64, 'depth': 6, 'heads': 4, 'dropout': 0.8}. Best is trial 2 with value: 244835467.94829044.
[I 2025-05-12 18:58:21,045] Trial 3 finished with value: 175450530.32827562 and parameters: {'dim': 256, 'depth': 1, 'heads': 4, 'dropout': 0.8}. Best is trial 3 with value: 175450530.32827562.
[I 2025-05-12 19:13:43,846] Trial 4 finished with value: 64872528.6056421 and parameters: {'dim': 128, 'depth': 1, 'heads': 4, 'dropout': 0.4}. Best is trial 4 with value: 64872528.6056421.
