

----------------------------------------------------------------------------
Training SAINT Vesion 1 with Dataset: config/boston.yml 



----------------------------------------------------------------------------
Running Mode: Nested CV with Hyperparameter Optimization
Arguements: Namespace(batch_size=32, bin_alt=None, cat_dims=[2], cat_idx=[0], class_comp=False, class_weights=None, config='config/boston.yml', data_parallel=False, dataset='Boston', direction='minimize', dropna_idx=None, early_stopping_rounds=20, epochs=100, frequency_reg=False, gpu_ids=[0, 1], logging_period=100, miss_cat_idx=None, miss_num_idx=None, model_name='SAINT', n_trials=5, nominal_idx=[3], num_bins=10, num_classes=1, num_features=13, num_idx=None, num_splits=5, objective='regression', one_hot_encode=True, optimize_hyperparameters=True, ordinal_encode=False, ordinal_idx=None, outer_splits=2, save_results=False, scale=True, seed=221, shuffle=True, target_encode=False, use_gpu=True, val_batch_size=64, weighted_loss=False, y_distribution='skewed')
--- Running Nested Cross-Validation with Hyperparameter Optimization ---
Loading dataset Boston...
Dataset loaded! 

(506, 13)
X : [[1.8836e-01 0.0000e+00 6.9100e+00 0.0000e+00 4.4800e-01 5.7860e+00
  3.3300e+01 5.1004e+00 3.0000e+00 2.3300e+02 1.7900e+01 3.9690e+02
  1.4150e+01]
 [1.5086e-01 0.0000e+00 2.7740e+01 0.0000e+00 6.0900e-01 5.4540e+00
  9.2700e+01 1.8209e+00 4.0000e+00 7.1100e+02 2.0100e+01 3.9509e+02
  1.8060e+01]
 [1.1329e-01 3.0000e+01 4.9300e+00 0.0000e+00 4.2800e-01 6.8970e+00
  5.4300e+01 6.3361e+00 6.0000e+00 3.0000e+02 1.6600e+01 3.9125e+02
  1.1380e+01]
 [3.4109e-01 0.0000e+00 7.3800e+00 0.0000e+00 4.9300e-01 6.4150e+00
  4.0100e+01 4.7211e+00 5.0000e+00 2.8700e+02 1.9600e+01 3.9690e+02
  6.1200e+00]
 [3.8710e-02 5.2500e+01 5.3200e+00 0.0000e+00 4.0500e-01 6.2090e+00
  3.1300e+01 7.3172e+00 6.0000e+00 2.9300e+02 1.6600e+01 3.9690e+02
  7.1400e+00]]


----------------------------------------------------------------------------
Training SAINT Vesion 1 with Dataset: config/socmob.yml 



----------------------------------------------------------------------------
Running Mode: Nested CV with Hyperparameter Optimization
Arguements: Namespace(batch_size=32, bin_alt=None, cat_dims=[2], cat_idx=[0], class_comp=False, class_weights=None, config='config/socmob.yml', data_parallel=False, dataset='Socmob', direction='minimize', dropna_idx=None, early_stopping_rounds=20, epochs=100, frequency_reg=False, gpu_ids=[0, 1], logging_period=100, miss_cat_idx=None, miss_num_idx=None, model_name='SAINT', n_trials=5, nominal_idx=[0, 1, 2, 3], num_bins=10, num_classes=1, num_features=5, num_idx=None, num_splits=5, objective='regression', one_hot_encode=True, optimize_hyperparameters=True, ordinal_encode=False, ordinal_idx=None, outer_splits=2, save_results=False, scale=True, seed=221, shuffle=True, target_encode=False, use_gpu=True, val_batch_size=64, weighted_loss=False, y_distribution='skewed')
--- Running Nested Cross-Validation with Hyperparameter Optimization ---
Loading dataset Socmob...
Dataset loaded! 

(1156, 5)
X : [['Manager' 'Operative-Nonmanufacturing' 'nonintact' 'white' 7.6]
 ['Craftsman-Construction' 'Salesman-Retail' 'intact' 'white' 47.0]
 ['Farmer/Farm_Manager' 'Farm_Laborer' 'intact' 'black' 98.4]
 ['Professional_Self-Employed' 'Salesman-Retail' 'nonintact' 'black' 0.0]
 ['Craftsman-Manufacturing' 'Proprietor' 'nonintact' 'white' 0.0]]


----------------------------------------------------------------------------
Training SAINT Vesion 1 with Dataset: config/sensory.yml 



----------------------------------------------------------------------------
Running Mode: Nested CV with Hyperparameter Optimization
Arguements: Namespace(batch_size=32, bin_alt=None, cat_dims=[2], cat_idx=[0], class_comp=False, class_weights=None, config='config/sensory.yml', data_parallel=False, dataset='Sensory', direction='minimize', dropna_idx=None, early_stopping_rounds=20, epochs=100, frequency_reg=False, gpu_ids=[0, 1], logging_period=100, miss_cat_idx=None, miss_num_idx=None, model_name='SAINT', n_trials=5, nominal_idx=[0, 1, 2, 3, 4, 5, 6, 7, 8, 9, 10], num_bins=10, num_classes=1, num_features=11, num_idx=None, num_splits=5, objective='regression', one_hot_encode=True, optimize_hyperparameters=True, ordinal_encode=False, ordinal_idx=None, outer_splits=2, save_results=False, scale=False, seed=221, shuffle=True, target_encode=False, use_gpu=True, val_batch_size=64, weighted_loss=False, y_distribution='normal')
--- Running Nested Cross-Validation with Hyperparameter Optimization ---
Loading dataset Sensory...
Dataset loaded! 

(576, 11)
X : [[1 4 3 3 4 1 2 3 2 3 2]
 [2 4 2 1 3 2 2 1 2 2 2]
 [2 1 2 4 4 2 2 2 1 1 1]
 [2 4 3 1 4 2 1 1 1 4 1]
 [2 1 2 4 1 2 2 2 2 1 2]]


----------------------------------------------------------------------------
Training SAINT Vesion 1 with Dataset: config/moneyball.yml 



----------------------------------------------------------------------------
Running Mode: Nested CV with Hyperparameter Optimization
Arguements: Namespace(batch_size=32, bin_alt=None, cat_dims=[2], cat_idx=[0], class_comp=False, class_weights=None, config='config/moneyball.yml', data_parallel=False, dataset='Moneyball', direction='minimize', dropna_idx=[9, 10, 12, 13], early_stopping_rounds=20, epochs=100, frequency_reg=False, gpu_ids=[0, 1], logging_period=100, miss_cat_idx=None, miss_num_idx=None, model_name='SAINT', n_trials=5, nominal_idx=[0, 1, 8], num_bins=10, num_classes=1, num_features=14, num_idx=None, num_splits=5, objective='regression', one_hot_encode=True, optimize_hyperparameters=True, ordinal_encode=False, ordinal_idx=None, outer_splits=2, save_results=False, scale=True, seed=221, shuffle=True, target_encode=False, use_gpu=True, val_batch_size=64, weighted_loss=False, y_distribution='normal')
--- Running Nested Cross-Validation with Hyperparameter Optimization ---
Loading dataset Moneyball...
Dataset loaded! 

(1232, 10)
X : [['BAL' 'AL' 1969 517 109 0.3429999999999999 0.414 0.265 1 162]
 ['CLE' 'AL' 2007 704 96 0.3429999999999999 0.428 0.268 1 162]
 ['CHC' 'NL' 2005 714 79 0.324 0.44 0.27 0 162]
 ['SDP' 'NL' 2007 666 89 0.322 0.411 0.251 0 163]
 ['MON' 'NL' 1983 646 82 0.326 0.386 0.264 0 163]]
