

----------------------------------------------------------------------------
Training SAINT Vesion 1 with Dataset: config/abalone.yml 



----------------------------------------------------------------------------
Running Mode: Nested CV with Hyperparameter Optimization
Arguements: Namespace(batch_size=32, bin_alt=None, cat_dims=[2], cat_idx=[0], class_comp=False, class_weights=None, config='config/abalone.yml', data_parallel=False, dataset='Abalone', direction='minimize', dropna_idx=None, early_stopping_rounds=20, epochs=100, frequency_reg=False, gpu_ids=[0, 1], logging_period=100, miss_cat_idx=None, miss_num_idx=None, model_name='SAINT', n_trials=5, nominal_idx=[0], num_bins=10, num_classes=1, num_features=8, num_idx=None, num_splits=5, objective='regression', one_hot_encode=True, optimize_hyperparameters=True, ordinal_encode=False, ordinal_idx=None, outer_splits=2, save_results=False, scale=True, seed=221, shuffle=True, target_encode=False, use_gpu=True, val_batch_size=64, weighted_loss=False, y_distribution='normal')
--- Running Nested Cross-Validation with Hyperparameter Optimization ---
Loading dataset Abalone...
In Abalone
<class 'pandas.core.frame.DataFrame'>
RangeIndex: 4177 entries, 0 to 4176
Data columns (total 9 columns):
 #   Column                 Non-Null Count  Dtype  
---  ------                 --------------  -----  
 0   Sex                    4177 non-null   object 
 1   Length                 4177 non-null   float64
 2   Diameter               4177 non-null   float64
 3   Height                 4177 non-null   float64
 4   Whole_weight           4177 non-null   float64
 5   Shucked_weight         4177 non-null   float64
 6   Viscera_weight         4177 non-null   float64
 7   Shell_weight           4177 non-null   float64
 8   Class_number_of_rings  4177 non-null   int64  
dtypes: float64(7), int64(1), object(1)
memory usage: 293.8+ KB
None
Dataset loaded! 

(4177, 8)
X : [['I' 0.46 0.355 0.14 0.4935 0.216 0.133 0.115]
 ['M' 0.18 0.125 0.05 0.023 0.0085 0.0055 0.01]
 ['M' 0.605 0.49 0.155 1.153 0.503 0.2505 0.295]
 ['M' 0.615 0.47 0.165 1.128 0.4465 0.2195 0.34]
 ['I' 0.395 0.3 0.09 0.253 0.1155 0.05 0.075]]


----------------------------------------------------------------------------
Training SAINT Vesion 1 with Dataset: config/house_sales.yml 



----------------------------------------------------------------------------
Running Mode: Nested CV with Hyperparameter Optimization
Arguements: Namespace(batch_size=32, bin_alt=None, cat_dims=[2], cat_idx=[0], class_comp=False, class_weights=None, config='config/house_sales.yml', data_parallel=False, dataset='House_Sales', direction='minimize', dropna_idx=[0], early_stopping_rounds=20, epochs=100, frequency_reg=False, gpu_ids=[0, 1], logging_period=100, miss_cat_idx=None, miss_num_idx=None, model_name='SAINT', n_trials=5, nominal_idx=[14], num_bins=10, num_classes=1, num_features=21, num_idx=None, num_splits=5, objective='regression', one_hot_encode=True, optimize_hyperparameters=True, ordinal_encode=False, ordinal_idx=None, outer_splits=2, save_results=False, scale=True, seed=221, shuffle=True, target_encode=False, use_gpu=True, val_batch_size=64, weighted_loss=False, y_distribution='skewed')
--- Running Nested Cross-Validation with Hyperparameter Optimization ---
Loading dataset House_Sales...
Dataset loaded! 

(21613, 21)
X : [[ 3.00000e+00  1.00000e+00  1.06000e+03  1.00420e+04  1.00000e+00
   0.00000e+00  0.00000e+00  4.00000e+00  7.00000e+00  1.06000e+03
   0.00000e+00  1.95700e+03  0.00000e+00  9.81880e+04  4.74434e+01
  -1.22283e+02  1.13000e+03  1.09250e+04  2.01500e+03  3.00000e+00
   2.30000e+01]
 [ 2.00000e+00  1.75000e+00  1.39000e+03  6.67000e+03  1.00000e+00
   0.00000e+00  0.00000e+00  3.00000e+00  6.00000e+00  7.20000e+02
   6.70000e+02  1.94100e+03  0.00000e+00  9.81150e+04  4.76914e+01
  -1.22308e+02  9.20000e+02  6.38000e+03  2.01500e+03  5.00000e+00
   2.40000e+01]
 [ 4.00000e+00  2.50000e+00  1.92000e+03  8.56200e+03  2.00000e+00
   0.00000e+00  2.00000e+00  4.00000e+00  7.00000e+00  1.92000e+03
   0.00000e+00  1.99400e+03  0.00000e+00  9.80220e+04  4.71932e+01
  -1.22008e+02  1.82000e+03  8.62800e+03  2.01400e+03  7.00000e+00
   8.00000e+00]
 [ 2.00000e+00  1.00000e+00  9.10000e+02  7.61700e+03  1.00000e+00
   0.00000e+00  0.00000e+00  3.00000e+00  6.00000e+00  9.10000e+02
   0.00000e+00  1.93600e+03  0.00000e+00  9.81250e+04  4.77332e+01
  -1.22305e+02  1.31000e+03  6.62400e+03  2.01400e+03  8.00000e+00
   2.60000e+01]
 [ 4.00000e+00  3.75000e+00  1.98000e+03  4.09500e+03  2.00000e+00
   0.00000e+00  0.00000e+00  3.00000e+00  9.00000e+00  1.98000e+03
   0.00000e+00  2.00900e+03  0.00000e+00  9.81030e+04  4.76901e+01
  -1.22356e+02  1.48000e+03  3.84000e+03  2.01400e+03  7.00000e+00
   3.10000e+01]]


----------------------------------------------------------------------------
Training SAINT Vesion 1 with Dataset: config/mip_2016.yml 



----------------------------------------------------------------------------
Running Mode: Nested CV with Hyperparameter Optimization
Arguements: Namespace(batch_size=32, bin_alt=None, cat_dims=[2], cat_idx=[0], class_comp=False, class_weights=None, config='config/mip_2016.yml', data_parallel=False, dataset='MIP', direction='minimize', dropna_idx=[0], early_stopping_rounds=20, epochs=100, frequency_reg=False, gpu_ids=[0, 1], logging_period=100, miss_cat_idx=None, miss_num_idx=None, model_name='SAINT', n_trials=5, nominal_idx=[145, 146], num_bins=10, num_classes=1, num_features=147, num_idx=None, num_splits=5, objective='regression', one_hot_encode=True, optimize_hyperparameters=True, ordinal_encode=False, ordinal_idx=None, outer_splits=2, save_results=False, scale=True, seed=221, shuffle=True, target_encode=False, use_gpu=True, val_batch_size=64, weighted_loss=False, y_distribution='bimodial')
--- Running Nested Cross-Validation with Hyperparameter Optimization ---
Loading dataset MIP...
Dataset loaded! 

(1090, 146)
X : [[1 1 17656.0 30738.0 186520.0 0 0 0 0.232697 1.06141 16.0 0.0 17287.0
  369.0 0.0 0.0 0.0 0.979101 0.0208994 0.0 0.0 0.0 17656.0 1.0 0.0 0.0
  2.22174 2.0 0.858993 0.0 526.782 1.61295 1.52652 2.42296 -512.0 -512.0
  6.06806 7.0 0.261935 3.0 10.5641 2.0 6.16219 0.0 -19.7603 -59.3631
  -34.4014 -2.44339 0.123276 3.25933 1.6548 0.307536 0.0 0.0 0.0 0.0 0.0
  0.0 0.0 0.0 0.0 0.0 -512.0 -512.0 -512.0 -512.0 0.0 0.0 -512.0 -512.0
  -512.0 -512.0 0.0 0.0 -512.0 -512.0 -512.0 -512.0 -512.0 -512.0 6.06806
  7.0 0.261935 3.0 10.5641 2.0 6.16219 0.0 -19.7603 -59.3631 -34.4014
  -2.44339 0.123276 3.25933 1.6548 0.307536 0.0 0.0 0.0 0.0 0.0 0.0 0.0
  0.0 111.0 12.0 -512.0 0.0 0.0 -512.0 -512.0 -512.0 -512.0 -512.0 -512.0
  0.0 -512.0 -512.0 -512.0 -512.0 -512.0 -512.0 -512.0 -512.0 -512.0
  -512.0 -512.0 -512.0 0.0 -512.0 -512.0 -512.0 -512.0 0.09 -512.0 9252.0
  4753.0 42803.0 23682.0 111.0 80.0 3.0 331.0 15.0 'CPLEX' 'ok']
 [1 1 2738.0 4055.0 68529.0 0 0 0 0.00278 0.0258463 0.444444 2.0 2738.0
  0.0 0.0 0.0 0.0 1.0 0.0 0.0 0.0 0.0 2738.0 1.0 0.0 0.0 2.0 2.0 0.0 0.0
  43.2703 5.83151 0.882353 0.365148 -999.149 -0.000989733 16.8999 4.0
  3.01681 12.0 25.0289 22.0 0.66198 28.0 -538.474 -1.26968 -797.484
  -0.556905 0.845659 0.425774 1.1201 1.0418 0.148283 1.67194 0.0180221
  0.28375 0.0491417 0.638739 0.0 0.0 0.0 0.0 -512.0 -512.0 -512.0 -512.0
  0.0 0.0 -512.0 -512.0 -512.0 -512.0 0.0 0.0 -512.0 -512.0 -512.0 -512.0
  -512.0 -512.0 16.8999 4.0 3.01681 12.0 25.0289 22.0 0.66198 28.0
  -538.474 -1.26968 -797.484 -0.556905 0.845659 0.425774 1.1201 1.0418
  0.148283 1.67194 0.0180221 0.28375 0.0491417 0.638739 1.0 30.0 5.0 5.0
  -512.0 0.0 0.0 -512.0 -512.0 -512.0 -512.0 -512.0 -512.0 0.0 -512.0
  -512.0 -512.0 -512.0 -512.0 -512.0 -512.0 -512.0 -512.0 -512.0 -512.0
  -512.0 0.0 -512.0 -512.0 -512.0 -512.0 0.12 -512.0 2895.0 1820.0
  43365.0 3786.0 5.0 269.0 0.0 2.0 0.0 'XPRESS' 'ok']
 [1 1 377.0 1018.0 2801.0 0 0 0 1.51061 22.0732 428.0 429.0 336.0 41.0
  0.0 0.0 0.0 0.891247 0.108753 0.0 0.0 0.0 377.0 1.0 0.0 0.0 2.8939 2.0
  2.48316 5.0 1.75 1.47773 58.4 1.3363 -2.5 -1.4 2.75147 3.0 0.501995 1.0
  7.42971 4.0 1.44529 22.0 0.692534 8.03393 1.87003 7.34902 1.12557
  1.77362 0.607491 0.739526 0.00265252 0.0514343 0.00265252 0.0514343
  0.00265252 0.0514343 0.0 0.0 0.0 0.0 -512.0 -512.0 -512.0 -512.0 0.0
  0.0 -512.0 -512.0 -512.0 -512.0 0.0 0.0 -512.0 -512.0 -512.0 -512.0
  -512.0 -512.0 2.75147 3.0 0.501995 1.0 7.42971 4.0 1.44529 22.0
  0.692534 8.03393 1.87003 7.34902 1.12557 1.77362 0.607491 0.739526
  0.00265252 0.0514343 0.00265252 0.0514343 0.00265252 0.0514343 0.0
  3595.0 0.0 0.0 -512.0 0.0 0.0 -512.0 -512.0 -512.0 -512.0 -512.0 -512.0
  0.0 -512.0 -512.0 -512.0 -512.0 -512.0 -512.0 -512.0 -512.0 -512.0
  -512.0 -512.0 -512.0 0.0 -512.0 -512.0 -512.0 -512.0 0.0 -512.0 850.0
  377.0 2433.0 -512.0 0.0 118.0 7.0 9.0 1.0 'SCIP.cpx' 'ok']
 [1 1 3771.0 879.0 11313.0 0 0 0 0.00331515 0.0245611 0.315789 570688.0
  1639.0 0.0 2132.0 0.0 0.0 0.434633 0.0 0.565367 0.0 0.0 1639.0 0.434633
  0.0 0.0 2.0 2.0 0.0 0.0 0.0 0.0 0.0 203074000000.0 -1.0 0.0 5.59386 0.0
  2.4792 40.0 3.0 3.0 0.0 0.0 -3831.13 -12.8125 -2054.64 -6.03398 -512.0
  -512.0 0.0541361 3.15289 97665.7 307898.0 32555.2 102633.0 56387.3
  177765.0 7.27645 6.0 0.870167 6.0 3.0 3.0 0.0 0.0 2.42548 3.12839 1.0
  0.0 0.0515443 1.8752 0.309893 1.63705 0.0 0.0 0.0 0.0 0.0 0.0 12.8703
  6.0 1.44304 36.0 3.0 3.0 0.0 0.0 -3828.7 -12.8201 -892.449 -9.22926
  0.0515443 1.8752 0.43832 1.74379 42448.7 208680.0 14149.6 69560.1
  24507.8 120482.0 0.179884 1117.0 0.0 3.0 -512.0 0.0 0.0 -512.0 -512.0
  -512.0 -512.0 -512.0 -512.0 0.0 -512.0 -512.0 -512.0 -512.0 -512.0
  -512.0 -512.0 -512.0 -512.0 -512.0 -512.0 -512.0 0.0 -512.0 -512.0
  -512.0 -512.0 0.01 -512.0 852.0 3726.0 11206.0 41.0 0.0 0.0 118.0 33.0
  4.0 'CPLEX' 'ok']
 [1 1 6400.0 479.0 32000.0 0 0 0 0.00948528 0.0561219 0.499347 -80.0
  6400.0 0.0 0.0 0.0 0.0 1.0 0.0 0.0 0.0 0.0 6400.0 1.0 0.0 0.0 2.0 2.0
  0.0 0.0 1.0 0.0 80.0 0.0 -512.0 -512.0 66.8058 60.0 4.35412 68.0 5.0
  5.0 0.0 0.0 66.8058 4.35412 5.0 0.0 0.8025 0.492212 0.0869158 4.85485
  1.0 0.0 0.2 0.0 0.447214 0.0 0.0 0.0 0.0 0.0 -512.0 -512.0 -512.0
  -512.0 0.0 0.0 -512.0 -512.0 -512.0 -512.0 0.0 0.0 -512.0 -512.0 -512.0
  -512.0 -512.0 -512.0 66.8058 60.0 4.35412 68.0 5.0 5.0 0.0 0.0 66.8058
  4.35412 5.0 0.0 0.8025 0.492212 0.0869158 4.85485 1.0 0.0 0.2 0.0
  0.447214 0.0 0.0 0.0 0.0 0.0 -512.0 0.0 0.0 -512.0 -512.0 -512.0 -512.0
  -512.0 -512.0 0.0 -512.0 -512.0 -512.0 -512.0 -512.0 -512.0 -512.0
  -512.0 -512.0 -512.0 -512.0 -512.0 0.0 -512.0 -512.0 -512.0 -512.0 0.02
  -512.0 475.0 6400.0 32014.0 474.0 0.0 0.0 0.0 0.0 0.0 'Gurobi' 'ok']]
