Running Mode: Nested CV with Hyperparameter Optimization
Arguements: Namespace(batch_size=16, bin_alt=None, cat_dims=[2], cat_idx=[0], class_comp=False, class_weights=None, config='config/allstate.yml', data_parallel=False, dataset='Allstate_Claims', direction='minimize', dropna_idx=[0], early_stopping_rounds=20, epochs=100, frequency_reg=False, gpu_ids=[0, 1], logging_period=100, miss_cat_idx=None, miss_num_idx=None, model_name='SAINT', n_trials=5, nominal_idx=[1, 2, 3, 4, 5, 6, 7, 8, 9, 10, 11, 12, 13, 14, 15, 16, 17, 18, 19, 20, 21, 22, 23, 24, 25, 26, 27, 28, 29, 30, 31, 32, 33, 34, 35, 36, 37, 38, 39, 40, 41, 42, 43, 44, 45, 46, 47, 48, 49, 50, 51, 52, 53, 54, 55, 56, 57, 58, 59, 60, 61, 62, 63, 64, 65, 66, 67, 68, 69, 70, 71, 72, 73, 74, 75, 76, 77, 78, 79, 80, 81, 82, 83, 84, 85, 86, 87, 88, 89, 90, 91, 92, 93, 94, 95, 96, 97, 98, 99, 100, 101, 102, 103, 104, 105, 106, 107, 108, 109, 110, 111, 112, 113, 114, 115, 116], num_bins=10, num_classes=1, num_features=131, num_idx=None, num_splits=5, objective='regression', one_hot_encode=True, optimize_hyperparameters=True, ordinal_encode=False, ordinal_idx=None, outer_splits=2, save_results=False, scale=True, seed=221, shuffle=True, target_encode=False, use_gpu=True, val_batch_size=32, weighted_loss=False, y_distribution='skewed')
--- Running Nested Cross-Validation with Hyperparameter Optimization ---
Loading dataset Allstate_Claims...
Dataset loaded! 

(188318, 130)
X : [['A' 'B' 'A' 'B' 'A' 'A' 'A' 'A' 'B' 'B' 'B' 'A' 'A' 'A' 'A' 'A' 'A' 'A'
  'A' 'A' 'A' 'A' 'B' 'A' 'A' 'A' 'A' 'A' 'A' 'A' 'A' 'A' 'A' 'A' 'A' 'A'
  'A' 'A' 'A' 'A' 'A' 'A' 'A' 'A' 'A' 'A' 'A' 'A' 'A' 'A' 'A' 'A' 'A' 'A'
  'A' 'A' 'A' 'A' 'A' 'A' 'A' 'A' 'A' 'A' 'A' 'A' 'A' 'A' 'A' 'A' 'A' 'B'
  'A' 'A' 'A' 'A' 'D' 'B' 'B' 'D' 'D' 'B' 'B' 'A' 'B' 'D' 'B' 'A' 'A' 'A'
  'G' 'H' 'D' 'D' 'C' 'E' 'C' 'D' 'T' 'G' 'J' 'A' 'A' 'E' 'E' 'H' 'I' 'K'
  'BI' 'CQ' 'C' 'K' 'S' 'A' 'O' 'DJ' 0.522145 0.7370680000000001 0.592681
  0.696873 0.38056 0.52884 0.376307 0.78888 0.53774 0.4777899999999999
  0.352419 0.345316 0.620891 0.360832]
 ['A' 'A' 'A' 'A' 'A' 'B' 'A' 'A' 'A' 'A' 'A' 'A' 'A' 'A' 'A' 'A' 'A' 'A'
  'A' 'A' 'A' 'A' 'A' 'A' 'A' 'A' 'A' 'A' 'A' 'A' 'A' 'A' 'A' 'A' 'A' 'A'
  'A' 'A' 'A' 'A' 'A' 'A' 'A' 'A' 'A' 'A' 'A' 'A' 'B' 'B' 'A' 'A' 'A' 'A'
  'A' 'A' 'A' 'A' 'A' 'A' 'A' 'A' 'A' 'A' 'A' 'A' 'A' 'A' 'A' 'A' 'A' 'B'
  'A' 'A' 'A' 'A' 'D' 'B' 'B' 'D' 'D' 'B' 'B' 'A' 'B' 'C' 'B' 'A' 'A' 'A'
  'G' 'H' 'D' 'B' 'E' 'D' 'A' 'E' 'R' 'H' 'A' 'A' 'A' 'G' 'E' 'H' 'J' 'F'
  'AB' 'EL' 'A' 'X' 'N' 'J' 'M' 'HH' 0.474338 0.199504 0.246911 0.534409
  0.281143 0.562068 0.357963 0.3128 0.52728 0.7913899999999999 0.377724
  0.369858 0.689974 0.562597]
 ['A' 'A' 'A' 'A' 'B' 'A' 'A' 'A' 'A' 'A' 'A' 'A' 'A' 'A' 'A' 'A' 'A' 'A'
  'A' 'A' 'A' 'A' 'A' 'A' 'A' 'A' 'A' 'A' 'A' 'A' 'A' 'A' 'A' 'A' 'A' 'A'
  'A' 'B' 'A' 'A' 'A' 'A' 'A' 'B' 'A' 'A' 'A' 'A' 'A' 'A' 'A' 'A' 'A' 'A'
  'A' 'A' 'A' 'A' 'A' 'A' 'A' 'A' 'A' 'A' 'A' 'A' 'A' 'A' 'A' 'A' 'A' 'A'
  'A' 'A' 'A' 'A' 'D' 'B' 'B' 'D' 'B' 'B' 'B' 'A' 'B' 'D' 'B' 'A' 'A' 'A'
  'G' 'H' 'D' 'D' 'C' 'E' 'C' 'D' 'T' 'I' 'A' 'A' 'C' 'I' 'F' 'F' 'J' 'E'
  'BI' 'CL' 'A' 'E' 'H' 'A' 'O' 'KR' 0.397499 0.245921 0.462347 0.318422
  0.2953969999999999 0.726386 0.807647 0.53046 0.479 0.56081 0.771508
  0.758883 0.648701 0.823361]
 ['A' 'A' 'A' 'A' 'A' 'B' 'A' 'A' 'A' 'A' 'A' 'A' 'A' 'A' 'A' 'A' 'A' 'A'
  'A' 'A' 'A' 'A' 'A' 'A' 'A' 'A' 'A' 'A' 'A' 'A' 'A' 'A' 'A' 'A' 'A' 'A'
  'A' 'A' 'A' 'A' 'A' 'A' 'A' 'A' 'A' 'A' 'A' 'A' 'A' 'B' 'A' 'A' 'A' 'A'
  'A' 'A' 'A' 'A' 'A' 'A' 'A' 'A' 'A' 'A' 'A' 'A' 'A' 'A' 'A' 'A' 'A' 'A'
  'A' 'A' 'A' 'A' 'D' 'B' 'B' 'D' 'D' 'B' 'B' 'C' 'B' 'B' 'C' 'A' 'A' 'A'
  'A' 'A' 'D' 'B' 'D' 'E' 'C' 'A' 'P' 'K' 'A' 'A' 'A' 'G' 'F' 'G' 'F' 'B'
  'AB' 'EG' 'A' 'AH' 'BC' 'E' 'K' 'HK' 0.474338 0.422197 0.280933
  0.8645860000000001 0.68211 0.4062159999999999 0.38878 0.58354 0.5063
  0.39068 0.453334 0.443374 0.3128849999999999 0.2525679999999999]
 ['A' 'B' 'B' 'A' 'A' 'B' 'A' 'A' 'B' 'A' 'A' 'A' 'A' 'A' 'A' 'A' 'B' 'A'
  'A' 'A' 'B' 'A' 'A' 'A' 'A' 'A' 'A' 'A' 'A' 'A' 'A' 'A' 'A' 'A' 'A' 'A'
  'A' 'A' 'A' 'A' 'A' 'A' 'A' 'A' 'A' 'A' 'A' 'A' 'A' 'B' 'A' 'A' 'A' 'A'
  'A' 'A' 'A' 'A' 'A' 'A' 'A' 'A' 'A' 'A' 'A' 'A' 'A' 'A' 'A' 'A' 'A' 'B'
  'A' 'A' 'A' 'A' 'D' 'B' 'D' 'B' 'D' 'B' 'B' 'C' 'B' 'D' 'D' 'A' 'A' 'C'
  'B' 'H' 'D' 'C' 'C' 'E' 'E' 'D' 'T' 'F' 'D' 'A' 'A' 'G' 'E' 'H' 'J' 'K'
  'BI' 'EG' 'A' 'R' 'L' 'E' 'O' 'HJ' 0.470002 0.422197 0.230975 0.652072
  0.372405 0.521509 0.432583 0.93875 0.5105 0.43373 0.396226 0.387819
  0.633362 0.440303]]
