[I 2025-04-02 23:16:44,555] A new study created in RDB with name: SAINT_Mercedes_Benz
[W 2025-04-02 23:17:10,535] Trial 0 failed with parameters: {'dim': 128, 'depth': 6, 'heads': 8, 'dropout': 0.2} because of the following error: OutOfMemoryError('CUDA out of memory. Tried to allocate 618.00 MiB. GPU 0 has a total capacty of 7.79 GiB of which 300.44 MiB is free. Including non-PyTorch memory, this process has 7.49 GiB memory in use. Of the allocated memory 6.79 GiB is allocated by PyTorch, and 596.00 MiB is reserved by PyTorch but unallocated. If reserved but unallocated memory is large try setting max_split_size_mb to avoid fragmentation.  See documentation for Memory Management and PYTORCH_CUDA_ALLOC_CONF').
Traceback (most recent call last):
  File "/home/mburu/.local/lib/python3.8/site-packages/optuna/study/_optimize.py", line 197, in _run_trial
    value_or_values = func(trial)
  File "train.py", line 444, in __call__
    sc, time = cross_validation(model, self.X, self.y, args_cp, visual=False, save_model=False)#Dont save model during HPT
  File "train.py", line 335, in cross_validation
    loss_history, val_loss_history = curr_model.fit(X_train, y_train, X_test, y_test)  # X_val, y_val)
  File "/home/mburu/Master_Thesis/master-thesis-da/DNN_Trial/models/saint.py", line 115, in fit
    reps = self.model.transformer(x_categ_enc, x_cont_enc)
  File "/home/mburu/anaconda3/envs/TabSurvey/lib/python3.8/site-packages/torch/nn/modules/module.py", line 1518, in _wrapped_call_impl
    return self._call_impl(*args, **kwargs)
  File "/home/mburu/anaconda3/envs/TabSurvey/lib/python3.8/site-packages/torch/nn/modules/module.py", line 1527, in _call_impl
    return forward_call(*args, **kwargs)
  File "/home/mburu/Master_Thesis/master-thesis-da/DNN_Trial/models/saint_lib/models/model.py", line 124, in forward
    x = attn1(x)
  File "/home/mburu/anaconda3/envs/TabSurvey/lib/python3.8/site-packages/torch/nn/modules/module.py", line 1518, in _wrapped_call_impl
    return self._call_impl(*args, **kwargs)
  File "/home/mburu/anaconda3/envs/TabSurvey/lib/python3.8/site-packages/torch/nn/modules/module.py", line 1527, in _call_impl
    return forward_call(*args, **kwargs)
  File "/home/mburu/Master_Thesis/master-thesis-da/DNN_Trial/models/saint_lib/models/model.py", line 41, in forward
    return self.fn(self.norm(x), **kwargs)
  File "/home/mburu/anaconda3/envs/TabSurvey/lib/python3.8/site-packages/torch/nn/modules/module.py", line 1518, in _wrapped_call_impl
    return self._call_impl(*args, **kwargs)
  File "/home/mburu/anaconda3/envs/TabSurvey/lib/python3.8/site-packages/torch/nn/modules/module.py", line 1527, in _call_impl
    return forward_call(*args, **kwargs)
  File "/home/mburu/Master_Thesis/master-thesis-da/DNN_Trial/models/saint_lib/models/model.py", line 31, in forward
    return self.fn(x, **kwargs) + x
  File "/home/mburu/anaconda3/envs/TabSurvey/lib/python3.8/site-packages/torch/nn/modules/module.py", line 1518, in _wrapped_call_impl
    return self._call_impl(*args, **kwargs)
  File "/home/mburu/anaconda3/envs/TabSurvey/lib/python3.8/site-packages/torch/nn/modules/module.py", line 1527, in _call_impl
    return forward_call(*args, **kwargs)
  File "/home/mburu/Master_Thesis/master-thesis-da/DNN_Trial/models/saint_lib/models/model.py", line 88, in forward
    sim = einsum('b h i d, b h j d -> b h i j', q, k) * self.scale
  File "/home/mburu/anaconda3/envs/TabSurvey/lib/python3.8/site-packages/torch/functional.py", line 377, in einsum
    return _VF.einsum(equation, operands)  # type: ignore[attr-defined]
torch.cuda.OutOfMemoryError: CUDA out of memory. Tried to allocate 618.00 MiB. GPU 0 has a total capacty of 7.79 GiB of which 300.44 MiB is free. Including non-PyTorch memory, this process has 7.49 GiB memory in use. Of the allocated memory 6.79 GiB is allocated by PyTorch, and 596.00 MiB is reserved by PyTorch but unallocated. If reserved but unallocated memory is large try setting max_split_size_mb to avoid fragmentation.  See documentation for Memory Management and PYTORCH_CUDA_ALLOC_CONF
[W 2025-04-02 23:17:10,700] Trial 0 failed with value None.
Traceback (most recent call last):
  File "train.py", line 503, in <module>
    main(arguments)
  File "train.py", line 466, in main
    study.optimize(Objective(args, model_name, X, y), n_trials=args.n_trials)
  File "/home/mburu/.local/lib/python3.8/site-packages/optuna/study/study.py", line 475, in optimize
    _optimize(
  File "/home/mburu/.local/lib/python3.8/site-packages/optuna/study/_optimize.py", line 63, in _optimize
    _optimize_sequential(
  File "/home/mburu/.local/lib/python3.8/site-packages/optuna/study/_optimize.py", line 160, in _optimize_sequential
    frozen_trial = _run_trial(study, func, catch)
  File "/home/mburu/.local/lib/python3.8/site-packages/optuna/study/_optimize.py", line 248, in _run_trial
    raise func_err
  File "/home/mburu/.local/lib/python3.8/site-packages/optuna/study/_optimize.py", line 197, in _run_trial
    value_or_values = func(trial)
  File "train.py", line 444, in __call__
    sc, time = cross_validation(model, self.X, self.y, args_cp, visual=False, save_model=False)#Dont save model during HPT
  File "train.py", line 335, in cross_validation
    loss_history, val_loss_history = curr_model.fit(X_train, y_train, X_test, y_test)  # X_val, y_val)
  File "/home/mburu/Master_Thesis/master-thesis-da/DNN_Trial/models/saint.py", line 115, in fit
    reps = self.model.transformer(x_categ_enc, x_cont_enc)
  File "/home/mburu/anaconda3/envs/TabSurvey/lib/python3.8/site-packages/torch/nn/modules/module.py", line 1518, in _wrapped_call_impl
    return self._call_impl(*args, **kwargs)
  File "/home/mburu/anaconda3/envs/TabSurvey/lib/python3.8/site-packages/torch/nn/modules/module.py", line 1527, in _call_impl
    return forward_call(*args, **kwargs)
  File "/home/mburu/Master_Thesis/master-thesis-da/DNN_Trial/models/saint_lib/models/model.py", line 124, in forward
    x = attn1(x)
  File "/home/mburu/anaconda3/envs/TabSurvey/lib/python3.8/site-packages/torch/nn/modules/module.py", line 1518, in _wrapped_call_impl
    return self._call_impl(*args, **kwargs)
  File "/home/mburu/anaconda3/envs/TabSurvey/lib/python3.8/site-packages/torch/nn/modules/module.py", line 1527, in _call_impl
    return forward_call(*args, **kwargs)
  File "/home/mburu/Master_Thesis/master-thesis-da/DNN_Trial/models/saint_lib/models/model.py", line 41, in forward
    return self.fn(self.norm(x), **kwargs)
  File "/home/mburu/anaconda3/envs/TabSurvey/lib/python3.8/site-packages/torch/nn/modules/module.py", line 1518, in _wrapped_call_impl
    return self._call_impl(*args, **kwargs)
  File "/home/mburu/anaconda3/envs/TabSurvey/lib/python3.8/site-packages/torch/nn/modules/module.py", line 1527, in _call_impl
    return forward_call(*args, **kwargs)
  File "/home/mburu/Master_Thesis/master-thesis-da/DNN_Trial/models/saint_lib/models/model.py", line 31, in forward
    return self.fn(x, **kwargs) + x
  File "/home/mburu/anaconda3/envs/TabSurvey/lib/python3.8/site-packages/torch/nn/modules/module.py", line 1518, in _wrapped_call_impl
    return self._call_impl(*args, **kwargs)
  File "/home/mburu/anaconda3/envs/TabSurvey/lib/python3.8/site-packages/torch/nn/modules/module.py", line 1527, in _call_impl
    return forward_call(*args, **kwargs)
  File "/home/mburu/Master_Thesis/master-thesis-da/DNN_Trial/models/saint_lib/models/model.py", line 88, in forward
    sim = einsum('b h i d, b h j d -> b h i j', q, k) * self.scale
  File "/home/mburu/anaconda3/envs/TabSurvey/lib/python3.8/site-packages/torch/functional.py", line 377, in einsum
    return _VF.einsum(equation, operands)  # type: ignore[attr-defined]
torch.cuda.OutOfMemoryError: CUDA out of memory. Tried to allocate 618.00 MiB. GPU 0 has a total capacty of 7.79 GiB of which 300.44 MiB is free. Including non-PyTorch memory, this process has 7.49 GiB memory in use. Of the allocated memory 6.79 GiB is allocated by PyTorch, and 596.00 MiB is reserved by PyTorch but unallocated. If reserved but unallocated memory is large try setting max_split_size_mb to avoid fragmentation.  See documentation for Memory Management and PYTORCH_CUDA_ALLOC_CONF
srun: error: stud-000: task 0: Exited with exit code 1
