[I 2025-05-11 08:11:55,683] A new study created in memory with name: SAINT_Boston_outer1
[I 2025-05-11 08:21:32,150] Trial 0 finished with value: 20.123417919801835 and parameters: {'dim': 128, 'depth': 2, 'heads': 2, 'dropout': 0.8}. Best is trial 0 with value: 20.123417919801835.
[I 2025-05-11 08:34:57,052] Trial 1 finished with value: 15.024682420778134 and parameters: {'dim': 128, 'depth': 2, 'heads': 2, 'dropout': 0}. Best is trial 1 with value: 15.024682420778134.
[I 2025-05-11 08:44:35,432] Trial 2 finished with value: 16.384319951878275 and parameters: {'dim': 64, 'depth': 1, 'heads': 2, 'dropout': 0}. Best is trial 1 with value: 15.024682420778134.
[I 2025-05-11 08:53:00,664] Trial 3 finished with value: 17.714255364068784 and parameters: {'dim': 32, 'depth': 2, 'heads': 8, 'dropout': 0.6}. Best is trial 1 with value: 15.024682420778134.
[W 2025-05-11 08:53:06,096] Trial 4 failed with parameters: {'dim': 256, 'depth': 3, 'heads': 8, 'dropout': 0.3} because of the following error: OutOfMemoryError('CUDA out of memory. Tried to allocate 450.00 MiB. GPU 0 has a total capacty of 7.79 GiB of which 354.44 MiB is free. Including non-PyTorch memory, this process has 7.44 GiB memory in use. Of the allocated memory 7.28 GiB is allocated by PyTorch, and 31.34 MiB is reserved by PyTorch but unallocated. If reserved but unallocated memory is large try setting max_split_size_mb to avoid fragmentation.  See documentation for Memory Management and PYTORCH_CUDA_ALLOC_CONF').
Traceback (most recent call last):
  File "/home/mburu/.local/lib/python3.8/site-packages/optuna/study/_optimize.py", line 197, in _run_trial
    value_or_values = func(trial)
  File "train.py", line 1111, in __call__
    inner_sc, avg_score, time = evaluate_hyperparameters_cv(
  File "train.py", line 363, in evaluate_hyperparameters_cv
    _,_ = curr_model.fit(X_train_inner_proc, y_train_inner_proc, X_val_inner_proc, y_val_inner_proc)
  File "/home/mburu/Master_Thesis/master-thesis-da/DNN_Trial/models/saint.py", line 133, in fit
    optimizer.step()
  File "/home/mburu/anaconda3/envs/TabSurvey/lib/python3.8/site-packages/torch/optim/optimizer.py", line 373, in wrapper
    out = func(*args, **kwargs)
  File "/home/mburu/anaconda3/envs/TabSurvey/lib/python3.8/site-packages/torch/optim/optimizer.py", line 76, in _use_grad
    ret = func(self, *args, **kwargs)
  File "/home/mburu/anaconda3/envs/TabSurvey/lib/python3.8/site-packages/torch/optim/adamw.py", line 173, in step
    self._init_group(
  File "/home/mburu/anaconda3/envs/TabSurvey/lib/python3.8/site-packages/torch/optim/adamw.py", line 121, in _init_group
    state["exp_avg"] = torch.zeros_like(
torch.cuda.OutOfMemoryError: CUDA out of memory. Tried to allocate 450.00 MiB. GPU 0 has a total capacty of 7.79 GiB of which 354.44 MiB is free. Including non-PyTorch memory, this process has 7.44 GiB memory in use. Of the allocated memory 7.28 GiB is allocated by PyTorch, and 31.34 MiB is reserved by PyTorch but unallocated. If reserved but unallocated memory is large try setting max_split_size_mb to avoid fragmentation.  See documentation for Memory Management and PYTORCH_CUDA_ALLOC_CONF
[W 2025-05-11 08:53:06,099] Trial 4 failed with value None.
Traceback (most recent call last):
  File "train.py", line 1216, in <module>
    main(arguments)
  File "train.py", line 1150, in main
    agg_scorer, avg_train_time, avg_test_time = nested_cross_validation(
  File "train.py", line 522, in nested_cross_validation
    study.optimize(objective, n_trials=args.n_trials, n_jobs=1) # n_jobs=1 unless Objective and preprocessing are thread-safe
  File "/home/mburu/.local/lib/python3.8/site-packages/optuna/study/study.py", line 475, in optimize
    _optimize(
  File "/home/mburu/.local/lib/python3.8/site-packages/optuna/study/_optimize.py", line 63, in _optimize
    _optimize_sequential(
  File "/home/mburu/.local/lib/python3.8/site-packages/optuna/study/_optimize.py", line 160, in _optimize_sequential
    frozen_trial = _run_trial(study, func, catch)
  File "/home/mburu/.local/lib/python3.8/site-packages/optuna/study/_optimize.py", line 248, in _run_trial
    raise func_err
  File "/home/mburu/.local/lib/python3.8/site-packages/optuna/study/_optimize.py", line 197, in _run_trial
    value_or_values = func(trial)
  File "train.py", line 1111, in __call__
    inner_sc, avg_score, time = evaluate_hyperparameters_cv(
  File "train.py", line 363, in evaluate_hyperparameters_cv
    _,_ = curr_model.fit(X_train_inner_proc, y_train_inner_proc, X_val_inner_proc, y_val_inner_proc)
  File "/home/mburu/Master_Thesis/master-thesis-da/DNN_Trial/models/saint.py", line 133, in fit
    optimizer.step()
  File "/home/mburu/anaconda3/envs/TabSurvey/lib/python3.8/site-packages/torch/optim/optimizer.py", line 373, in wrapper
    out = func(*args, **kwargs)
  File "/home/mburu/anaconda3/envs/TabSurvey/lib/python3.8/site-packages/torch/optim/optimizer.py", line 76, in _use_grad
    ret = func(self, *args, **kwargs)
  File "/home/mburu/anaconda3/envs/TabSurvey/lib/python3.8/site-packages/torch/optim/adamw.py", line 173, in step
    self._init_group(
  File "/home/mburu/anaconda3/envs/TabSurvey/lib/python3.8/site-packages/torch/optim/adamw.py", line 121, in _init_group
    state["exp_avg"] = torch.zeros_like(
torch.cuda.OutOfMemoryError: CUDA out of memory. Tried to allocate 450.00 MiB. GPU 0 has a total capacty of 7.79 GiB of which 354.44 MiB is free. Including non-PyTorch memory, this process has 7.44 GiB memory in use. Of the allocated memory 7.28 GiB is allocated by PyTorch, and 31.34 MiB is reserved by PyTorch but unallocated. If reserved but unallocated memory is large try setting max_split_size_mb to avoid fragmentation.  See documentation for Memory Management and PYTORCH_CUDA_ALLOC_CONF
srun: error: stud-000: task 0: Exited with exit code 1
[I 2025-05-11 08:53:10,992] A new study created in memory with name: SAINT_Socmob_outer1
[I 2025-05-11 09:06:50,348] Trial 0 finished with value: 241.6393167505057 and parameters: {'dim': 64, 'depth': 1, 'heads': 2, 'dropout': 0.8}. Best is trial 0 with value: 241.6393167505057.
slurmstepd: error: Detected 1 oom-kill event(s) in StepId=131104.1. Some of your processes may have been killed by the cgroup out-of-memory handler.
srun: error: stud-000: task 0: Out Of Memory
[I 2025-05-11 09:07:39,802] A new study created in memory with name: SAINT_Sensory_outer1
[W 2025-05-11 09:07:54,922] Trial 0 failed with parameters: {'dim': 256, 'depth': 1, 'heads': 8, 'dropout': 0.7} because of the following error: OutOfMemoryError('CUDA out of memory. Tried to allocate 2.67 GiB. GPU 0 has a total capacty of 7.79 GiB of which 680.44 MiB is free. Including non-PyTorch memory, this process has 7.12 GiB memory in use. Of the allocated memory 6.95 GiB is allocated by PyTorch, and 36.60 MiB is reserved by PyTorch but unallocated. If reserved but unallocated memory is large try setting max_split_size_mb to avoid fragmentation.  See documentation for Memory Management and PYTORCH_CUDA_ALLOC_CONF').
Traceback (most recent call last):
  File "/home/mburu/.local/lib/python3.8/site-packages/optuna/study/_optimize.py", line 197, in _run_trial
    value_or_values = func(trial)
  File "train.py", line 1111, in __call__
    inner_sc, avg_score, time = evaluate_hyperparameters_cv(
  File "train.py", line 363, in evaluate_hyperparameters_cv
    _,_ = curr_model.fit(X_train_inner_proc, y_train_inner_proc, X_val_inner_proc, y_val_inner_proc)
  File "/home/mburu/Master_Thesis/master-thesis-da/DNN_Trial/models/saint.py", line 132, in fit
    loss.backward()
  File "/home/mburu/anaconda3/envs/TabSurvey/lib/python3.8/site-packages/torch/_tensor.py", line 492, in backward
    torch.autograd.backward(
  File "/home/mburu/anaconda3/envs/TabSurvey/lib/python3.8/site-packages/torch/autograd/__init__.py", line 251, in backward
    Variable._execution_engine.run_backward(  # Calls into the C++ engine to run the backward pass
torch.cuda.OutOfMemoryError: CUDA out of memory. Tried to allocate 2.67 GiB. GPU 0 has a total capacty of 7.79 GiB of which 680.44 MiB is free. Including non-PyTorch memory, this process has 7.12 GiB memory in use. Of the allocated memory 6.95 GiB is allocated by PyTorch, and 36.60 MiB is reserved by PyTorch but unallocated. If reserved but unallocated memory is large try setting max_split_size_mb to avoid fragmentation.  See documentation for Memory Management and PYTORCH_CUDA_ALLOC_CONF
[W 2025-05-11 09:07:54,950] Trial 0 failed with value None.
Traceback (most recent call last):
  File "train.py", line 1216, in <module>
    main(arguments)
  File "train.py", line 1150, in main
    agg_scorer, avg_train_time, avg_test_time = nested_cross_validation(
  File "train.py", line 522, in nested_cross_validation
    study.optimize(objective, n_trials=args.n_trials, n_jobs=1) # n_jobs=1 unless Objective and preprocessing are thread-safe
  File "/home/mburu/.local/lib/python3.8/site-packages/optuna/study/study.py", line 475, in optimize
    _optimize(
  File "/home/mburu/.local/lib/python3.8/site-packages/optuna/study/_optimize.py", line 63, in _optimize
    _optimize_sequential(
  File "/home/mburu/.local/lib/python3.8/site-packages/optuna/study/_optimize.py", line 160, in _optimize_sequential
    frozen_trial = _run_trial(study, func, catch)
  File "/home/mburu/.local/lib/python3.8/site-packages/optuna/study/_optimize.py", line 248, in _run_trial
    raise func_err
  File "/home/mburu/.local/lib/python3.8/site-packages/optuna/study/_optimize.py", line 197, in _run_trial
    value_or_values = func(trial)
  File "train.py", line 1111, in __call__
    inner_sc, avg_score, time = evaluate_hyperparameters_cv(
  File "train.py", line 363, in evaluate_hyperparameters_cv
    _,_ = curr_model.fit(X_train_inner_proc, y_train_inner_proc, X_val_inner_proc, y_val_inner_proc)
  File "/home/mburu/Master_Thesis/master-thesis-da/DNN_Trial/models/saint.py", line 132, in fit
    loss.backward()
  File "/home/mburu/anaconda3/envs/TabSurvey/lib/python3.8/site-packages/torch/_tensor.py", line 492, in backward
    torch.autograd.backward(
  File "/home/mburu/anaconda3/envs/TabSurvey/lib/python3.8/site-packages/torch/autograd/__init__.py", line 251, in backward
    Variable._execution_engine.run_backward(  # Calls into the C++ engine to run the backward pass
torch.cuda.OutOfMemoryError: CUDA out of memory. Tried to allocate 2.67 GiB. GPU 0 has a total capacty of 7.79 GiB of which 680.44 MiB is free. Including non-PyTorch memory, this process has 7.12 GiB memory in use. Of the allocated memory 6.95 GiB is allocated by PyTorch, and 36.60 MiB is reserved by PyTorch but unallocated. If reserved but unallocated memory is large try setting max_split_size_mb to avoid fragmentation.  See documentation for Memory Management and PYTORCH_CUDA_ALLOC_CONF
srun: error: stud-000: task 0: Exited with exit code 1
[I 2025-05-11 09:07:58,971] A new study created in memory with name: SAINT_Moneyball_outer1
[I 2025-05-11 09:22:43,399] Trial 0 finished with value: 664.5386746800167 and parameters: {'dim': 32, 'depth': 1, 'heads': 2, 'dropout': 0.5}. Best is trial 0 with value: 664.5386746800167.
[I 2025-05-11 09:47:17,929] Trial 1 finished with value: 599.032931509441 and parameters: {'dim': 32, 'depth': 6, 'heads': 2, 'dropout': 0.5}. Best is trial 1 with value: 599.032931509441.
[W 2025-05-11 09:47:37,429] Trial 2 failed with parameters: {'dim': 256, 'depth': 1, 'heads': 4, 'dropout': 0.2} because of the following error: OutOfMemoryError('CUDA out of memory. Tried to allocate 722.00 MiB. GPU 0 has a total capacty of 7.79 GiB of which 110.44 MiB is free. Including non-PyTorch memory, this process has 7.68 GiB memory in use. Of the allocated memory 7.53 GiB is allocated by PyTorch, and 10.87 MiB is reserved by PyTorch but unallocated. If reserved but unallocated memory is large try setting max_split_size_mb to avoid fragmentation.  See documentation for Memory Management and PYTORCH_CUDA_ALLOC_CONF').
Traceback (most recent call last):
  File "/home/mburu/.local/lib/python3.8/site-packages/optuna/study/_optimize.py", line 197, in _run_trial
    value_or_values = func(trial)
  File "train.py", line 1111, in __call__
    inner_sc, avg_score, time = evaluate_hyperparameters_cv(
  File "train.py", line 363, in evaluate_hyperparameters_cv
    _,_ = curr_model.fit(X_train_inner_proc, y_train_inner_proc, X_val_inner_proc, y_val_inner_proc)
  File "/home/mburu/Master_Thesis/master-thesis-da/DNN_Trial/models/saint.py", line 76, in fit
    self.model.to(self.device)
  File "/home/mburu/anaconda3/envs/TabSurvey/lib/python3.8/site-packages/torch/nn/modules/module.py", line 1160, in to
    return self._apply(convert)
  File "/home/mburu/anaconda3/envs/TabSurvey/lib/python3.8/site-packages/torch/nn/modules/module.py", line 810, in _apply
    module._apply(fn)
  File "/home/mburu/anaconda3/envs/TabSurvey/lib/python3.8/site-packages/torch/nn/modules/module.py", line 810, in _apply
    module._apply(fn)
  File "/home/mburu/anaconda3/envs/TabSurvey/lib/python3.8/site-packages/torch/nn/modules/module.py", line 810, in _apply
    module._apply(fn)
  File "/home/mburu/anaconda3/envs/TabSurvey/lib/python3.8/site-packages/torch/nn/modules/module.py", line 833, in _apply
    param_applied = fn(param)
  File "/home/mburu/anaconda3/envs/TabSurvey/lib/python3.8/site-packages/torch/nn/modules/module.py", line 1158, in convert
    return t.to(device, dtype if t.is_floating_point() or t.is_complex() else None, non_blocking)
torch.cuda.OutOfMemoryError: CUDA out of memory. Tried to allocate 722.00 MiB. GPU 0 has a total capacty of 7.79 GiB of which 110.44 MiB is free. Including non-PyTorch memory, this process has 7.68 GiB memory in use. Of the allocated memory 7.53 GiB is allocated by PyTorch, and 10.87 MiB is reserved by PyTorch but unallocated. If reserved but unallocated memory is large try setting max_split_size_mb to avoid fragmentation.  See documentation for Memory Management and PYTORCH_CUDA_ALLOC_CONF
[W 2025-05-11 09:47:37,433] Trial 2 failed with value None.
Traceback (most recent call last):
  File "train.py", line 1216, in <module>
    main(arguments)
  File "train.py", line 1150, in main
    agg_scorer, avg_train_time, avg_test_time = nested_cross_validation(
  File "train.py", line 522, in nested_cross_validation
    study.optimize(objective, n_trials=args.n_trials, n_jobs=1) # n_jobs=1 unless Objective and preprocessing are thread-safe
  File "/home/mburu/.local/lib/python3.8/site-packages/optuna/study/study.py", line 475, in optimize
    _optimize(
  File "/home/mburu/.local/lib/python3.8/site-packages/optuna/study/_optimize.py", line 63, in _optimize
    _optimize_sequential(
  File "/home/mburu/.local/lib/python3.8/site-packages/optuna/study/_optimize.py", line 160, in _optimize_sequential
    frozen_trial = _run_trial(study, func, catch)
  File "/home/mburu/.local/lib/python3.8/site-packages/optuna/study/_optimize.py", line 248, in _run_trial
    raise func_err
  File "/home/mburu/.local/lib/python3.8/site-packages/optuna/study/_optimize.py", line 197, in _run_trial
    value_or_values = func(trial)
  File "train.py", line 1111, in __call__
    inner_sc, avg_score, time = evaluate_hyperparameters_cv(
  File "train.py", line 363, in evaluate_hyperparameters_cv
    _,_ = curr_model.fit(X_train_inner_proc, y_train_inner_proc, X_val_inner_proc, y_val_inner_proc)
  File "/home/mburu/Master_Thesis/master-thesis-da/DNN_Trial/models/saint.py", line 76, in fit
    self.model.to(self.device)
  File "/home/mburu/anaconda3/envs/TabSurvey/lib/python3.8/site-packages/torch/nn/modules/module.py", line 1160, in to
    return self._apply(convert)
  File "/home/mburu/anaconda3/envs/TabSurvey/lib/python3.8/site-packages/torch/nn/modules/module.py", line 810, in _apply
    module._apply(fn)
  File "/home/mburu/anaconda3/envs/TabSurvey/lib/python3.8/site-packages/torch/nn/modules/module.py", line 810, in _apply
    module._apply(fn)
  File "/home/mburu/anaconda3/envs/TabSurvey/lib/python3.8/site-packages/torch/nn/modules/module.py", line 810, in _apply
    module._apply(fn)
  File "/home/mburu/anaconda3/envs/TabSurvey/lib/python3.8/site-packages/torch/nn/modules/module.py", line 833, in _apply
    param_applied = fn(param)
  File "/home/mburu/anaconda3/envs/TabSurvey/lib/python3.8/site-packages/torch/nn/modules/module.py", line 1158, in convert
    return t.to(device, dtype if t.is_floating_point() or t.is_complex() else None, non_blocking)
torch.cuda.OutOfMemoryError: CUDA out of memory. Tried to allocate 722.00 MiB. GPU 0 has a total capacty of 7.79 GiB of which 110.44 MiB is free. Including non-PyTorch memory, this process has 7.68 GiB memory in use. Of the allocated memory 7.53 GiB is allocated by PyTorch, and 10.87 MiB is reserved by PyTorch but unallocated. If reserved but unallocated memory is large try setting max_split_size_mb to avoid fragmentation.  See documentation for Memory Management and PYTORCH_CUDA_ALLOC_CONF
srun: error: stud-000: task 0: Exited with exit code 1
slurmstepd: error: Detected 1 oom-kill event(s) in StepId=131104.batch. Some of your processes may have been killed by the cgroup out-of-memory handler.
