

----------------------------------------------------------------------------
Training SAINT Vesion 1 with Dataset: config/socmob.yml 



----------------------------------------------------------------------------
Namespace(batch_size=64, bin_alt=None, cat_dims=[2], cat_idx=[0], config='config/socmob.yml', data_parallel=False, dataset='Socmob', direction='maximize', dropna_idx=None, early_stopping_rounds=20, epochs=100, frequency_reg=False, gpu_ids=[0, 1], logging_period=100, miss_cat_idx=None, miss_num_idx=None, model_name='SAINT', n_trials=1, nominal_idx=[0, 1, 2, 3], num_bins=10, num_classes=1, num_features=5, num_idx=None, num_splits=5, objective='probabilistic_regression', one_hot_encode=True, optimize_hyperparameters=True, ordinal_encode=False, ordinal_idx=None, scale=True, seed=221, shuffle=True, target_encode=False, use_gpu=True, val_batch_size=128, y_distribution='skewed')
Start hyperparameter optimization
Loading dataset Socmob...
Dataset loaded! 

(1156, 5)
A new study created in RDB with name: SAINT_Socmob
In get_device
Using dim 128 and batch size 64
Fold 1
num_features : 5
num_classes : 1
cat_idx : [0]
nominal_idx : [0, 1, 2, 3]
ordinal_idx : None
num_idx : None
cat_dims : [2]
bin_alt : None
~~~~~~~~~~~~~~~~~~~~~~~~~~~~~~~~~~~~~~~~~~~~~~~~~~~~~~~~~~~~~~~~~~~~~~~~~~~~~~~
BEFORE ANY ENCODING
num_features :5
num_classes : 1
cat_idx : [0]
nominal_idx : [0, 1, 2, 3]
ordinal_idx : None
num_idx : None
cat_dims : [2]
bin_alt : None 


X shape : (924, 5)
~~~~~~~~~~~~~~~~~~~~~~~~~~~~~~~~~~~~~~~~~~~~~~~~~~~~~~~~~~~~~~~~~~~~~~~~~~~~~~~
~~~~~~~~~~~~~~~~~~~~~~~~~~~~~~~~~~~~~~~~~~~~~~~~~~~~~~~~~~~~~~~~~~~~~~~~~~~~~~~ 


AFTER SEPARATING CATEGORICALS AND NUMERICALS
Numerical Index V1 : [4]
Cat Dims V1 : []
Cat Idx V1 : [0, 1, 2, 3] 
 

~~~~~~~~~~~~~~~~~~~~~~~~~~~~~~~~~~~~~~~~~~~~~~~~~~~~~~~~~~~~~~~~~~~~~~~~~~~~~~~ 


Scaling the data...
One Hot Encoding...
~~~~~~~~~~~~~~~~~~~~~~~~~~~~~~~~~~~~~~~~~~~~~~~~~~~~~~~~~~~~~~~~~~~~~~~~~~~~~~~
After OHE
Numerical Index V2 : [4] 


OHE Idx : [0, 1, 2, 3, 4, 5, 6, 7, 8, 9, 10, 11, 12, 13, 14, 15, 16, 17, 18, 19, 20, 21, 22, 23, 24, 25, 26, 27, 28, 29, 30, 31, 32, 33, 34, 35, 36, 37]


Ordinal Idx V2: None


Cat Dims V2 : []
Cat Idx V2 : None 
 

Train: [[0.0 0.0 0.0 0.0 0.0]
 [0.0 0.0 0.0 0.0 0.0]
 [0.0 0.0 0.0 0.0 0.0]
 [0.0 0.0 0.0 0.0 0.0]
 [0.0 0.0 0.0 0.0 0.0]
 [0.0 0.0 0.0 0.0 0.0]
 [0.0 0.0 0.0 0.0 0.0]
 [0.0 0.0 0.0 0.0 0.0]
 [0.0 0.0 0.0 0.0 0.0]
 [0.0 0.0 0.0 0.0 0.0]] 
 
 
Val : (924, 39) 
 

~~~~~~~~~~~~~~~~~~~~~~~~~~~~~~~~~~~~~~~~~~~~~~~~~~~~~~~~~~~~~~~~~~~~~~~~~~~~~~~
~~~~~~~~~~~~~~~~~~~~~~~~~~~~~~~~~~~~~~~~~~~~~~~~~~~~~~~~~~~~~~~~~~~~~~~~~~~~~~~
After ORDINAL
Numerical Index V2 : [4] 


OHE Idx : [0, 1, 2, 3, 4, 5, 6, 7, 8, 9, 10, 11, 12, 13, 14, 15, 16, 17, 18, 19, 20, 21, 22, 23, 24, 25, 26, 27, 28, 29, 30, 31, 32, 33, 34, 35, 36, 37]


Ordinal Idx V2: None


Cat Dims V2 : []
Cat Idx V2 : None 
 

Train: [[0.0 0.0 0.0 0.0 0.0 0.0 0.0 0.0 0.0 0.0 0.0 0.0 1.0 0.0 0.0 0.0 0.0 0.0
  0.0 0.0 0.0 0.0 0.0 0.0 0.0 0.0 0.0 0.0 0.0 1.0 0.0 0.0 0.0 0.0 1.0 0.0
  0.0 1.0 0.1479241496870315]
 [0.0 0.0 0.0 0.0 0.0 0.0 0.0 0.0 0.0 0.0 0.0 0.0 1.0 0.0 0.0 0.0 0.0 0.0
  0.0 0.0 0.0 0.0 0.0 0.0 0.0 0.0 0.0 0.0 1.0 0.0 0.0 0.0 0.0 0.0 1.0 0.0
  0.0 1.0 1.944725440775985]
 [0.0 0.0 0.0 0.0 0.0 0.0 0.0 0.0 0.0 0.0 0.0 0.0 1.0 0.0 0.0 0.0 0.0 0.0
  0.0 0.0 0.0 0.0 0.0 0.0 0.0 1.0 0.0 0.0 0.0 0.0 0.0 0.0 0.0 0.0 1.0 0.0
  0.0 1.0 0.030261855045462985]
 [0.0 0.0 0.0 0.0 0.0 0.0 0.0 0.0 0.0 0.0 0.0 0.0 1.0 0.0 0.0 0.0 0.0 0.0
  0.0 0.0 0.0 0.0 0.0 0.0 0.0 0.0 0.0 0.0 0.0 0.0 1.0 0.0 0.0 0.0 1.0 0.0
  0.0 1.0 -0.34478670912453685]
 [0.0 0.0 0.0 0.0 0.0 0.0 0.0 0.0 0.0 0.0 0.0 0.0 1.0 0.0 0.0 0.0 0.0 1.0
  0.0 0.0 0.0 0.0 0.0 0.0 0.0 0.0 0.0 0.0 0.0 0.0 0.0 0.0 0.0 0.0 1.0 0.0
  0.0 1.0 0.13566766066186808]
 [0.0 0.0 0.0 0.0 0.0 0.0 0.0 0.0 0.0 0.0 0.0 0.0 1.0 0.0 0.0 0.0 0.0 0.0
  0.0 0.0 0.0 0.0 0.0 0.0 0.0 0.0 0.0 0.0 0.0 0.0 0.0 0.0 1.0 0.0 1.0 0.0
  0.0 1.0 -0.27369907277858924]
 [0.0 0.0 0.0 0.0 0.0 0.0 0.0 0.0 0.0 0.0 0.0 0.0 1.0 0.0 0.0 0.0 0.0 0.0
  1.0 0.0 0.0 0.0 0.0 0.0 0.0 0.0 0.0 0.0 0.0 0.0 0.0 0.0 0.0 0.0 1.0 0.0
  0.0 1.0 -0.24673479692322972]
 [0.0 0.0 0.0 0.0 0.0 0.0 0.0 0.0 0.0 0.0 0.0 0.0 1.0 0.0 0.0 0.0 0.0 0.0
  0.0 0.0 0.0 0.0 0.0 0.0 0.0 0.0 0.0 1.0 0.0 0.0 0.0 0.0 0.0 0.0 1.0 0.0
  0.0 1.0 -0.17809845838231475]
 [0.0 0.0 0.0 0.0 0.0 0.0 0.0 0.0 0.0 0.0 0.0 0.0 1.0 0.0 0.0 0.0 0.0 0.0
  0.0 0.0 0.0 0.0 0.0 0.0 0.0 0.0 1.0 0.0 0.0 0.0 0.0 0.0 0.0 0.0 1.0 0.0
  0.0 1.0 -0.2173192232628376]
 [0.0 0.0 0.0 0.0 0.0 0.0 0.0 0.0 0.0 0.0 0.0 0.0 1.0 0.0 0.0 0.0 0.0 0.0
  0.0 0.0 0.0 0.0 0.0 1.0 0.0 0.0 0.0 0.0 0.0 0.0 0.0 0.0 0.0 0.0 1.0 0.0
  0.0 1.0 -0.3545919003446676]] 
 
 
Val : (924, 39) 
 

FINISHED ENCODING
~~~~~~~~~~~~~~~~~~~~~~~~~~~~~~~~~~~~~~~~~~~~~~~~~~~~~~~~~~~~~~~~~~~~~~~~~~~~~~~
Number of Classes B4 Bin Verifier: 88
Unique values in y_train: (array([ 0.,  1.,  2.,  3.,  4.,  5.,  6.,  7.,  8.,  9., 10., 11., 12.,
       13., 14., 15., 16., 17., 18., 19., 20., 21., 22., 23., 24., 25.,
       26., 27., 28., 29., 30., 31., 32., 33., 34., 35., 36., 37., 38.,
       39., 40., 41., 42., 43., 44., 45., 46., 47., 48., 49., 50., 51.,
       52., 53., 54., 55., 56., 57., 58., 59., 60., 61., 62., 63., 64.,
       65., 66.]), 67)
Unique values in y_test: (array([ 0.,  1.,  2.,  3.,  4.,  5.,  6.,  7.,  8.,  9., 10., 11., 13.,
       14., 15., 17., 18., 19., 20., 21., 22., 23., 24., 25., 26., 27.,
       28., 30., 31., 32., 33., 35., 36., 37., 38., 39., 40., 41., 42.,
       43., 44., 45., 46., 47., 48., 49., 51., 52., 53., 54., 55., 56.,
       57., 58., 59., 60., 61., 62., 63., 64., 65., 66.]), 62)
WE ARE IN THE GUTTERS!!!!!
Final Train Labels: [ 0  1  2  3  4  5  6  7  8  9 10 11 12 13 14 15 16 17 18 19 20 21 22 23
 24 25 26 27 28 29 30 31 32 33 34 35 36 37 38 39 40 41 42 43 44 45 46 47
 48 49 50 51 52 53 54 55 56 57 58 59 60 61 62 63 64 65 66], Length: 67
Final Test Labels: [ 0  1  2  3  4  5  6  7  8  9 10 11 13 14 15 17 18 19 20 21 22 23 24 25
 26 27 28 30 31 32 33 35 36 37 38 39 40 41 42 43 44 45 46 47 48 49 51 52
 53 54 55 56 57 58 59 60 61 62 63 64 65 66], Length: 62
Final Num Classes: 67
Final Bin Labels: [0, 1, 2, 3, 4, 5, 6, 7, 8, 9, 10, 11, 12, 13, 14, 15, 16, 17, 18, 19, 20, 21, 22, 23, 24, 25, 26, 27, 28, 29, 30, 31, 32, 33, 34, 35, 36, 37, 38, 39, 40, 41, 42, 43, 44, 45, 46, 47, 48, 49, 50, 51, 52, 53, 54, 55, 56, 57, 58, 59, 60, 61, 62, 63, 64, 65, 66]
VERIFY SHIFT
Train after shift : [ 0  1  2  3  4  5  6  7  8  9 10 11 12 13 14 15 16 17 18 19 20 21 22 23
 24 25 26 27 28 29 30 31 32 33 34 35 36 37 38 39 40 41 42 43 44 45 46 47
 48 49 50 51 52 53 54 55 56 57 58 59 60 61 62 63 64 65 66], Length : 67
Test after shift : [ 0  1  2  3  4  5  6  7  8  9 10 11 13 14 15 17 18 19 20 21 22 23 24 25
 26 27 28 30 31 32 33 35 36 37 38 39 40 41 42 43 44 45 46 47 48 49 51 52
 53 54 55 56 57 58 59 60 61 62 63 64 65 66], Length : 62
Number of Classes After Bin Verifier: 67
In get_device
Using dim 128 and batch size 64
{'dim': 128, 'depth': 2, 'heads': 4, 'dropout': 0.1}
Trial 0 failed with parameters: {'dim': 128, 'depth': 2, 'heads': 4, 'dropout': 0.1} because of the following error: OutOfMemoryError('CUDA out of memory. Tried to allocate 400.00 MiB. GPU 0 has a total capacty of 7.79 GiB of which 390.44 MiB is free. Including non-PyTorch memory, this process has 7.40 GiB memory in use. Of the allocated memory 7.22 GiB is allocated by PyTorch, and 54.54 MiB is reserved by PyTorch but unallocated. If reserved but unallocated memory is large try setting max_split_size_mb to avoid fragmentation.  See documentation for Memory Management and PYTORCH_CUDA_ALLOC_CONF').
Traceback (most recent call last):
  File "/home/mburu/.local/lib/python3.8/site-packages/optuna/study/_optimize.py", line 197, in _run_trial
    value_or_values = func(trial)
  File "train.py", line 444, in __call__
    sc, time = cross_validation(model, self.X, self.y, args_cp, visual=False, save_model=False)#Dont save model during HPT
  File "train.py", line 335, in cross_validation
    loss_history, val_loss_history = curr_model.fit(X_train, y_train, X_test, y_test)  # X_val, y_val)
  File "/home/mburu/Master_Thesis/master-thesis-da/DNN_Trial/models/saint.py", line 132, in fit
    optimizer.step()
  File "/home/mburu/anaconda3/envs/TabSurvey/lib/python3.8/site-packages/torch/optim/optimizer.py", line 373, in wrapper
    out = func(*args, **kwargs)
  File "/home/mburu/anaconda3/envs/TabSurvey/lib/python3.8/site-packages/torch/optim/optimizer.py", line 76, in _use_grad
    ret = func(self, *args, **kwargs)
  File "/home/mburu/anaconda3/envs/TabSurvey/lib/python3.8/site-packages/torch/optim/adamw.py", line 173, in step
    self._init_group(
  File "/home/mburu/anaconda3/envs/TabSurvey/lib/python3.8/site-packages/torch/optim/adamw.py", line 125, in _init_group
    state["exp_avg_sq"] = torch.zeros_like(
torch.cuda.OutOfMemoryError: CUDA out of memory. Tried to allocate 400.00 MiB. GPU 0 has a total capacty of 7.79 GiB of which 390.44 MiB is free. Including non-PyTorch memory, this process has 7.40 GiB memory in use. Of the allocated memory 7.22 GiB is allocated by PyTorch, and 54.54 MiB is reserved by PyTorch but unallocated. If reserved but unallocated memory is large try setting max_split_size_mb to avoid fragmentation.  See documentation for Memory Management and PYTORCH_CUDA_ALLOC_CONF
Trial 0 failed with value None.


----------------------------------------------------------------------------
Training SAINT Vesion 1 with Dataset: config/sensory.yml 



----------------------------------------------------------------------------
Namespace(batch_size=64, bin_alt=None, cat_dims=[2], cat_idx=[0], config='config/sensory.yml', data_parallel=False, dataset='Sensory', direction='maximize', dropna_idx=None, early_stopping_rounds=20, epochs=100, frequency_reg=False, gpu_ids=[0, 1], logging_period=100, miss_cat_idx=None, miss_num_idx=None, model_name='SAINT', n_trials=1, nominal_idx=[0, 1, 2, 3, 4, 5, 6, 7, 8, 9, 10], num_bins=10, num_classes=1, num_features=11, num_idx=None, num_splits=5, objective='probabilistic_regression', one_hot_encode=True, optimize_hyperparameters=True, ordinal_encode=False, ordinal_idx=None, scale=False, seed=221, shuffle=True, target_encode=False, use_gpu=True, val_batch_size=128, y_distribution='normal')
Start hyperparameter optimization
Loading dataset Sensory...
Dataset loaded! 

(576, 11)
A new study created in RDB with name: SAINT_Sensory
In get_device
Using dim 128 and batch size 64
Fold 1
num_features : 11
num_classes : 1
cat_idx : [0]
nominal_idx : [0, 1, 2, 3, 4, 5, 6, 7, 8, 9, 10]
ordinal_idx : None
num_idx : None
cat_dims : [2]
bin_alt : None
~~~~~~~~~~~~~~~~~~~~~~~~~~~~~~~~~~~~~~~~~~~~~~~~~~~~~~~~~~~~~~~~~~~~~~~~~~~~~~~
BEFORE ANY ENCODING
num_features :11
num_classes : 1
cat_idx : [0]
nominal_idx : [0, 1, 2, 3, 4, 5, 6, 7, 8, 9, 10]
ordinal_idx : None
num_idx : None
cat_dims : [2]
bin_alt : None 


X shape : (460, 11)
~~~~~~~~~~~~~~~~~~~~~~~~~~~~~~~~~~~~~~~~~~~~~~~~~~~~~~~~~~~~~~~~~~~~~~~~~~~~~~~
~~~~~~~~~~~~~~~~~~~~~~~~~~~~~~~~~~~~~~~~~~~~~~~~~~~~~~~~~~~~~~~~~~~~~~~~~~~~~~~ 


AFTER SEPARATING CATEGORICALS AND NUMERICALS
Numerical Index V1 : []
Cat Dims V1 : []
Cat Idx V1 : [0, 1, 2, 3, 4, 5, 6, 7, 8, 9, 10] 
 

~~~~~~~~~~~~~~~~~~~~~~~~~~~~~~~~~~~~~~~~~~~~~~~~~~~~~~~~~~~~~~~~~~~~~~~~~~~~~~~ 


One Hot Encoding...
~~~~~~~~~~~~~~~~~~~~~~~~~~~~~~~~~~~~~~~~~~~~~~~~~~~~~~~~~~~~~~~~~~~~~~~~~~~~~~~
After OHE
Numerical Index V2 : [] 


OHE Idx : [0, 1, 2, 3, 4, 5, 6, 7, 8, 9, 10, 11, 12, 13, 14, 15, 16, 17, 18, 19, 20, 21, 22, 23, 24, 25, 26, 27, 28, 29, 30, 31, 32, 33, 34, 35]


Ordinal Idx V2: None


Cat Dims V2 : []
Cat Idx V2 : None 
 

Train: [[1. 0. 1. 0. 0.]
 [1. 0. 1. 0. 0.]
 [1. 0. 1. 0. 0.]
 [1. 0. 1. 0. 0.]
 [1. 0. 1. 0. 0.]
 [1. 0. 1. 0. 0.]
 [1. 0. 1. 0. 0.]
 [1. 0. 1. 0. 0.]
 [1. 0. 1. 0. 0.]
 [1. 0. 1. 0. 0.]] 
 
 
Val : (460, 36) 
 

~~~~~~~~~~~~~~~~~~~~~~~~~~~~~~~~~~~~~~~~~~~~~~~~~~~~~~~~~~~~~~~~~~~~~~~~~~~~~~~
~~~~~~~~~~~~~~~~~~~~~~~~~~~~~~~~~~~~~~~~~~~~~~~~~~~~~~~~~~~~~~~~~~~~~~~~~~~~~~~
After ORDINAL
Numerical Index V2 : [] 


OHE Idx : [0, 1, 2, 3, 4, 5, 6, 7, 8, 9, 10, 11, 12, 13, 14, 15, 16, 17, 18, 19, 20, 21, 22, 23, 24, 25, 26, 27, 28, 29, 30, 31, 32, 33, 34, 35]


Ordinal Idx V2: None


Cat Dims V2 : []
Cat Idx V2 : None 
 

Train: [[1. 0. 1. 0. 0. 0. 0. 0. 1. 0. 0. 1. 0. 0. 0. 1. 0. 0. 0. 1. 0. 0. 0. 1.
  0. 0. 1. 0. 1. 0. 0. 1. 0. 0. 1. 0.]
 [1. 0. 1. 0. 0. 0. 0. 0. 1. 0. 0. 1. 0. 0. 0. 0. 1. 0. 0. 1. 0. 0. 0. 1.
  0. 0. 1. 0. 0. 1. 0. 1. 0. 0. 0. 1.]
 [1. 0. 1. 0. 0. 0. 0. 0. 1. 0. 0. 1. 0. 0. 0. 0. 0. 1. 0. 1. 0. 0. 0. 1.
  0. 0. 1. 0. 1. 0. 0. 1. 0. 0. 1. 0.]
 [1. 0. 1. 0. 0. 0. 0. 0. 1. 0. 0. 0. 1. 0. 0. 1. 0. 0. 0. 1. 0. 0. 0. 1.
  1. 0. 0. 0. 1. 0. 0. 0. 1. 0. 1. 0.]
 [1. 0. 1. 0. 0. 0. 0. 0. 1. 0. 0. 0. 1. 0. 0. 0. 1. 0. 0. 1. 0. 0. 0. 1.
  1. 0. 0. 0. 0. 1. 0. 0. 1. 0. 0. 1.]
 [1. 0. 1. 0. 0. 0. 0. 0. 1. 0. 0. 0. 1. 0. 0. 0. 0. 1. 0. 1. 0. 0. 0. 1.
  1. 0. 0. 0. 0. 1. 0. 0. 1. 0. 0. 1.]
 [1. 0. 1. 0. 0. 0. 0. 0. 1. 0. 0. 0. 1. 0. 0. 0. 0. 0. 1. 1. 0. 0. 0. 1.
  1. 0. 0. 0. 1. 0. 0. 0. 1. 0. 1. 0.]
 [1. 0. 1. 0. 0. 0. 0. 0. 1. 0. 0. 0. 0. 1. 0. 1. 0. 0. 0. 1. 0. 0. 0. 1.
  0. 1. 0. 0. 0. 1. 1. 0. 0. 0. 0. 1.]
 [1. 0. 1. 0. 0. 0. 0. 0. 1. 0. 0. 0. 0. 1. 0. 0. 1. 0. 0. 1. 0. 0. 0. 1.
  0. 1. 0. 0. 1. 0. 1. 0. 0. 0. 1. 0.]
 [1. 0. 1. 0. 0. 0. 0. 0. 1. 0. 0. 0. 0. 1. 0. 0. 0. 1. 0. 1. 0. 0. 0. 1.
  0. 1. 0. 0. 1. 0. 1. 0. 0. 0. 1. 0.]] 
 
 
Val : (460, 36) 
 

FINISHED ENCODING
~~~~~~~~~~~~~~~~~~~~~~~~~~~~~~~~~~~~~~~~~~~~~~~~~~~~~~~~~~~~~~~~~~~~~~~~~~~~~~~
Number of Classes B4 Bin Verifier: 7
Unique values in y_train: (array([0., 1., 2., 3., 4., 5.]), 6)
Unique values in y_test: (array([0., 1., 2., 3., 4., 5.]), 6)
WE ARE IN THE GUTTERS!!!!!
Final Train Labels: [0 1 2 3 4 5], Length: 6
Final Test Labels: [0 1 2 3 4 5], Length: 6
Final Num Classes: 6
Final Bin Labels: [0, 1, 2, 3, 4, 5]
VERIFY SHIFT
Train after shift : [0 1 2 3 4 5], Length : 6
Test after shift : [0 1 2 3 4 5], Length : 6
Number of Classes After Bin Verifier: 6
In get_device
Using dim 128 and batch size 64
{'dim': 128, 'depth': 3, 'heads': 8, 'dropout': 0}
Trial 0 failed with parameters: {'dim': 128, 'depth': 3, 'heads': 8, 'dropout': 0} because of the following error: OutOfMemoryError('CUDA out of memory. Tried to allocate 686.00 MiB. GPU 0 has a total capacty of 7.79 GiB of which 238.44 MiB is free. Including non-PyTorch memory, this process has 7.55 GiB memory in use. Of the allocated memory 7.38 GiB is allocated by PyTorch, and 43.46 MiB is reserved by PyTorch but unallocated. If reserved but unallocated memory is large try setting max_split_size_mb to avoid fragmentation.  See documentation for Memory Management and PYTORCH_CUDA_ALLOC_CONF').
Traceback (most recent call last):
  File "/home/mburu/.local/lib/python3.8/site-packages/optuna/study/_optimize.py", line 197, in _run_trial
    value_or_values = func(trial)
  File "train.py", line 444, in __call__
    sc, time = cross_validation(model, self.X, self.y, args_cp, visual=False, save_model=False)#Dont save model during HPT
  File "train.py", line 335, in cross_validation
    loss_history, val_loss_history = curr_model.fit(X_train, y_train, X_test, y_test)  # X_val, y_val)
  File "/home/mburu/Master_Thesis/master-thesis-da/DNN_Trial/models/saint.py", line 132, in fit
    optimizer.step()
  File "/home/mburu/anaconda3/envs/TabSurvey/lib/python3.8/site-packages/torch/optim/optimizer.py", line 373, in wrapper
    out = func(*args, **kwargs)
  File "/home/mburu/anaconda3/envs/TabSurvey/lib/python3.8/site-packages/torch/optim/optimizer.py", line 76, in _use_grad
    ret = func(self, *args, **kwargs)
  File "/home/mburu/anaconda3/envs/TabSurvey/lib/python3.8/site-packages/torch/optim/adamw.py", line 173, in step
    self._init_group(
  File "/home/mburu/anaconda3/envs/TabSurvey/lib/python3.8/site-packages/torch/optim/adamw.py", line 125, in _init_group
    state["exp_avg_sq"] = torch.zeros_like(
torch.cuda.OutOfMemoryError: CUDA out of memory. Tried to allocate 686.00 MiB. GPU 0 has a total capacty of 7.79 GiB of which 238.44 MiB is free. Including non-PyTorch memory, this process has 7.55 GiB memory in use. Of the allocated memory 7.38 GiB is allocated by PyTorch, and 43.46 MiB is reserved by PyTorch but unallocated. If reserved but unallocated memory is large try setting max_split_size_mb to avoid fragmentation.  See documentation for Memory Management and PYTORCH_CUDA_ALLOC_CONF
Trial 0 failed with value None.


----------------------------------------------------------------------------
Training SAINT Vesion 1 with Dataset: config/moneyball.yml 



----------------------------------------------------------------------------
Namespace(batch_size=64, bin_alt=None, cat_dims=[2], cat_idx=[0], config='config/moneyball.yml', data_parallel=False, dataset='Moneyball', direction='maximize', dropna_idx=[9, 10, 12, 13], early_stopping_rounds=20, epochs=100, frequency_reg=False, gpu_ids=[0, 1], logging_period=100, miss_cat_idx=None, miss_num_idx=None, model_name='SAINT', n_trials=1, nominal_idx=[0, 1, 8], num_bins=10, num_classes=1, num_features=14, num_idx=None, num_splits=5, objective='probabilistic_regression', one_hot_encode=True, optimize_hyperparameters=True, ordinal_encode=False, ordinal_idx=None, scale=True, seed=221, shuffle=True, target_encode=False, use_gpu=True, val_batch_size=128, y_distribution='normal')
Start hyperparameter optimization
Loading dataset Moneyball...
Dataset loaded! 

(1232, 10)
A new study created in RDB with name: SAINT_Moneyball
In get_device
Using dim 32 and batch size 64
Fold 1
num_features : 10
num_classes : 1
cat_idx : [0]
nominal_idx : [0, 1, 8]
ordinal_idx : None
num_idx : None
cat_dims : [2]
bin_alt : None
~~~~~~~~~~~~~~~~~~~~~~~~~~~~~~~~~~~~~~~~~~~~~~~~~~~~~~~~~~~~~~~~~~~~~~~~~~~~~~~
BEFORE ANY ENCODING
num_features :10
num_classes : 1
cat_idx : [0]
nominal_idx : [0, 1, 8]
ordinal_idx : None
num_idx : None
cat_dims : [2]
bin_alt : None 


X shape : (985, 10)
~~~~~~~~~~~~~~~~~~~~~~~~~~~~~~~~~~~~~~~~~~~~~~~~~~~~~~~~~~~~~~~~~~~~~~~~~~~~~~~
~~~~~~~~~~~~~~~~~~~~~~~~~~~~~~~~~~~~~~~~~~~~~~~~~~~~~~~~~~~~~~~~~~~~~~~~~~~~~~~ 


AFTER SEPARATING CATEGORICALS AND NUMERICALS
Numerical Index V1 : [2, 3, 4, 5, 6, 7, 9]
Cat Dims V1 : []
Cat Idx V1 : [0, 1, 8] 
 

~~~~~~~~~~~~~~~~~~~~~~~~~~~~~~~~~~~~~~~~~~~~~~~~~~~~~~~~~~~~~~~~~~~~~~~~~~~~~~~ 


Scaling the data...
One Hot Encoding...
~~~~~~~~~~~~~~~~~~~~~~~~~~~~~~~~~~~~~~~~~~~~~~~~~~~~~~~~~~~~~~~~~~~~~~~~~~~~~~~
After OHE
Numerical Index V2 : [2, 3, 4, 5, 6, 7, 9] 


OHE Idx : [0, 1, 2, 3, 4, 5, 6, 7, 8, 9, 10, 11, 12, 13, 14, 15, 16, 17, 18, 19, 20, 21, 22, 23, 24, 25, 26, 27, 28, 29, 30, 31, 32, 33, 34, 35, 36, 37, 38, 39, 40, 41]


Ordinal Idx V2: None


Cat Dims V2 : []
Cat Idx V2 : None 
 

Train: [[0.0 1.0 0.0 0.0 0.0]
 [0.0 0.0 1.0 0.0 0.0]
 [0.0 0.0 0.0 0.0 1.0]
 [0.0 0.0 0.0 0.0 0.0]
 [0.0 0.0 0.0 0.0 0.0]
 [0.0 0.0 0.0 0.0 0.0]
 [0.0 0.0 0.0 0.0 0.0]
 [0.0 0.0 0.0 0.0 0.0]
 [0.0 0.0 0.0 0.0 0.0]
 [0.0 0.0 0.0 0.0 0.0]] 
 
 
Val : (985, 49) 
 

~~~~~~~~~~~~~~~~~~~~~~~~~~~~~~~~~~~~~~~~~~~~~~~~~~~~~~~~~~~~~~~~~~~~~~~~~~~~~~~
~~~~~~~~~~~~~~~~~~~~~~~~~~~~~~~~~~~~~~~~~~~~~~~~~~~~~~~~~~~~~~~~~~~~~~~~~~~~~~~
After ORDINAL
Numerical Index V2 : [2, 3, 4, 5, 6, 7, 9] 


OHE Idx : [0, 1, 2, 3, 4, 5, 6, 7, 8, 9, 10, 11, 12, 13, 14, 15, 16, 17, 18, 19, 20, 21, 22, 23, 24, 25, 26, 27, 28, 29, 30, 31, 32, 33, 34, 35, 36, 37, 38, 39, 40, 41]


Ordinal Idx V2: None


Cat Dims V2 : []
Cat Idx V2 : None 
 

Train: [[0.0 1.0 0.0 0.0 0.0 0.0 0.0 0.0 0.0 0.0 0.0 0.0 0.0 0.0 0.0 0.0 0.0 0.0
  0.0 0.0 0.0 0.0 0.0 0.0 0.0 0.0 0.0 0.0 0.0 0.0 0.0 0.0 0.0 0.0 0.0 0.0
  0.0 0.0 0.0 1.0 1.0 0.0 1.54401046003895 -0.2932461762834204
  0.005101287982464569 0.11257683392679009 0.6073689431980099
  -0.017330738916979668 0.15210539120410443]
 [0.0 0.0 1.0 0.0 0.0 0.0 0.0 0.0 0.0 0.0 0.0 0.0 0.0 0.0 0.0 0.0 0.0 0.0
  0.0 0.0 0.0 0.0 0.0 0.0 0.0 0.0 0.0 0.0 0.0 0.0 0.0 0.0 0.0 0.0 0.0 0.0
  0.0 0.0 0.0 1.0 0.0 1.0 1.54401046003895 -1.2331085745177286
  1.1511011584291242 -0.42311486374418245 -0.2622798719624465
  -0.9484640752747441 0.15210539120410443]
 [0.0 0.0 0.0 0.0 1.0 0.0 0.0 0.0 0.0 0.0 0.0 0.0 0.0 0.0 0.0 0.0 0.0 0.0
  0.0 0.0 0.0 0.0 0.0 0.0 0.0 0.0 0.0 0.0 0.0 0.0 0.0 0.0 0.0 0.0 0.0 0.0
  0.0 0.0 1.0 0.0 1.0 0.0 1.54401046003895 0.9670238577125837
  -1.0527447462759905 -0.757922174788545 0.5174052726641695
  0.06026370577950071 0.15210539120410443]
 [0.0 0.0 0.0 0.0 0.0 0.0 1.0 0.0 0.0 0.0 0.0 0.0 0.0 0.0 0.0 0.0 0.0 0.0
  0.0 0.0 0.0 0.0 0.0 0.0 0.0 0.0 0.0 0.0 0.0 0.0 0.0 0.0 0.0 0.0 0.0 0.0
  0.0 0.0 0.0 1.0 1.0 0.0 1.54401046003895 0.46505189501926003
  -1.757975435781627 -1.6284211835038873 -0.592146663919865
  -1.4916251881501068 0.15210539120410443]
 [0.0 0.0 0.0 0.0 0.0 0.0 0.0 1.0 0.0 0.0 0.0 0.0 0.0 0.0 0.0 0.0 0.0 0.0
  0.0 0.0 0.0 0.0 0.0 0.0 0.0 0.0 0.0 0.0 0.0 0.0 0.0 0.0 0.0 0.0 0.0 0.0
  0.0 0.0 1.0 0.0 1.0 0.0 1.54401046003895 -0.42140923058809876
  0.35771663273528287 -0.5570377881619274 0.7273205039097973
  -0.32770851770290116 0.15210539120410443]
 [0.0 0.0 0.0 0.0 0.0 0.0 0.0 0.0 1.0 0.0 0.0 0.0 0.0 0.0 0.0 0.0 0.0 0.0
  0.0 0.0 0.0 0.0 0.0 0.0 0.0 0.0 0.0 0.0 0.0 0.0 0.0 0.0 0.0 0.0 0.0 0.0
  0.0 0.0 0.0 1.0 0.0 1.0 1.54401046003895 -1.361271628822407
  1.4155626669937378 -0.757922174788545 0.39745371195238216
  -0.6380862964888226 0.15210539120410443]
 [0.0 0.0 0.0 0.0 0.0 0.0 0.0 0.0 0.0 0.0 1.0 0.0 0.0 0.0 0.0 0.0 0.0 0.0
  0.0 0.0 0.0 0.0 0.0 0.0 0.0 0.0 0.0 0.0 0.0 0.0 0.0 0.0 0.0 0.0 0.0 0.0
  0.0 0.0 0.0 1.0 1.0 0.0 1.54401046003895 1.8641652378453324
  -1.4935139272170133 0.24649975834454252 1.147150966401053
  1.1465859315302174 0.15210539120410443]
 [0.0 0.0 0.0 0.0 0.0 0.0 0.0 0.0 0.0 0.0 0.0 1.0 0.0 0.0 0.0 0.0 0.0 0.0
  0.0 0.0 0.0 0.0 0.0 0.0 0.0 0.0 0.0 0.0 0.0 0.0 0.0 0.0 0.0 0.0 0.0 0.0
  0.0 0.0 1.0 0.0 0.0 1.0 1.54401046003895 -0.485490757740438
  0.6221781412998967 0.581307069388905 0.7273205039097973
  0.6810192633513437 0.15210539120410443]
 [0.0 0.0 0.0 0.0 0.0 0.0 0.0 0.0 0.0 0.0 0.0 0.0 0.0 0.0 0.0 1.0 0.0 0.0
  0.0 0.0 0.0 0.0 0.0 0.0 0.0 0.0 0.0 0.0 0.0 0.0 0.0 0.0 0.0 0.0 0.0 0.0
  0.0 0.0 1.0 0.0 1.0 0.0 1.54401046003895 0.3262085861891918
  -0.7882832377113766 -0.6239992503708 0.06758691999496864
  0.4482359292619026 0.15210539120410443]
 [0.0 0.0 0.0 0.0 0.0 0.0 0.0 0.0 0.0 0.0 0.0 0.0 0.0 0.0 0.0 0.0 1.0 0.0
  0.0 0.0 0.0 0.0 0.0 0.0 0.0 0.0 0.0 0.0 0.0 0.0 0.0 0.0 0.0 0.0 0.0 0.0
  0.0 0.0 1.0 0.0 1.0 0.0 1.54401046003895 -0.17576337650413187
  0.7103319774881012 0.3804226827622875 1.0571872958672126
  1.1465859315302174 0.15210539120410443]] 
 
 
Val : (985, 49) 
 

FINISHED ENCODING
~~~~~~~~~~~~~~~~~~~~~~~~~~~~~~~~~~~~~~~~~~~~~~~~~~~~~~~~~~~~~~~~~~~~~~~~~~~~~~~
Number of Classes B4 Bin Verifier: 8
Unique values in y_train: (array([0., 1., 2., 3., 4., 5., 6., 7.]), 8)
Unique values in y_test: (array([0., 1., 2., 3., 4., 5., 6., 7.]), 8)
No need to shift labels.
VERIFY SHIFT
Train after shift : [0 1 2 3 4 5 6 7], Length : 8
Test after shift : [0 1 2 3 4 5 6 7], Length : 8
Number of Classes After Bin Verifier: 8
In get_device
Using dim 32 and batch size 64
{'dim': 32, 'depth': 3, 'heads': 4, 'dropout': 0.3}
Epoch 0 loss 1.7942333221435547
Epoch 1 loss 1.4741525650024414
Epoch 2 loss 1.1965291500091553
Epoch 3 loss 1.0340511798858643
Epoch 4 loss 0.9399534463882446
Epoch 5 loss 1.017021894454956
Epoch 6 loss 0.978967547416687
Epoch 7 loss 0.9034849405288696
Epoch 8 loss 0.992902398109436
Epoch 9 loss 0.908663272857666
Epoch 10 loss 0.9825944900512695
Epoch 11 loss 0.9116726517677307
Epoch 12 loss 0.9134925007820129
Epoch 13 loss 1.0327922105789185
Epoch 14 loss 0.9655873775482178
Epoch 15 loss 0.9534779787063599
Epoch 16 loss 1.0144309997558594
Epoch 17 loss 1.0162785053253174
Epoch 18 loss 0.9805413484573364
Epoch 19 loss 0.98454749584198
Epoch 20 loss 0.977210521697998
Epoch 21 loss 1.000225305557251
Epoch 22 loss 0.9910396337509155
Epoch 23 loss 1.0139793157577515
Epoch 24 loss 1.0025238990783691
Epoch 25 loss 1.0519866943359375
Epoch 26 loss 1.0946030616760254
Epoch 27 loss 1.047800898551941
Epoch 28 loss 1.0960261821746826
Validation loss has not improved for 20 steps!
Early stopping applies.
State of save is False b4 loss saving
±±±±±±±±±±±±±±±±±±±±±±±±±±±±±±±±±±±±±±±±±±±±±±±±±±±±±±±±±±±±±±±±±±±±±±±±±±± 

B4 Evaluation
Number of classes : 8
Class label len :8
Class labels : [0, 1, 2, 3, 4, 5, 6, 7]
Unique y_true : [0 1 2 3 4 5 6 7] 

Prediction shape : (247,)
Probabilities shape : (247, 8) 

±±±±±±±±±±±±±±±±±±±±±±±±±±±±±±±±±±±±±±±±±±±±±±±±±±±±±±±±±±±±±±±±±±±±±±±±±±± 

After Evaluation
{'Log Loss - mean': 0.8969, 'Log Loss - std': 0.0} 
 

Fold 2
num_features : 10
num_classes : 1
cat_idx : [0]
nominal_idx : [0, 1, 8]
ordinal_idx : None
num_idx : None
cat_dims : [2]
bin_alt : None
~~~~~~~~~~~~~~~~~~~~~~~~~~~~~~~~~~~~~~~~~~~~~~~~~~~~~~~~~~~~~~~~~~~~~~~~~~~~~~~
BEFORE ANY ENCODING
num_features :10
num_classes : 1
cat_idx : [0]
nominal_idx : [0, 1, 8]
ordinal_idx : None
num_idx : None
cat_dims : [2]
bin_alt : None 


X shape : (985, 10)
~~~~~~~~~~~~~~~~~~~~~~~~~~~~~~~~~~~~~~~~~~~~~~~~~~~~~~~~~~~~~~~~~~~~~~~~~~~~~~~
~~~~~~~~~~~~~~~~~~~~~~~~~~~~~~~~~~~~~~~~~~~~~~~~~~~~~~~~~~~~~~~~~~~~~~~~~~~~~~~ 


AFTER SEPARATING CATEGORICALS AND NUMERICALS
Numerical Index V1 : [2, 3, 4, 5, 6, 7, 9]
Cat Dims V1 : []
Cat Idx V1 : [0, 1, 8] 
 

~~~~~~~~~~~~~~~~~~~~~~~~~~~~~~~~~~~~~~~~~~~~~~~~~~~~~~~~~~~~~~~~~~~~~~~~~~~~~~~ 


Scaling the data...
One Hot Encoding...
~~~~~~~~~~~~~~~~~~~~~~~~~~~~~~~~~~~~~~~~~~~~~~~~~~~~~~~~~~~~~~~~~~~~~~~~~~~~~~~
After OHE
Numerical Index V2 : [2, 3, 4, 5, 6, 7, 9] 


OHE Idx : [0, 1, 2, 3, 4, 5, 6, 7, 8, 9, 10, 11, 12, 13, 14, 15, 16, 17, 18, 19, 20, 21, 22, 23, 24, 25, 26, 27, 28, 29, 30, 31, 32, 33, 34, 35, 36, 37, 38, 39, 40, 41, 42]


Ordinal Idx V2: None


Cat Dims V2 : []
Cat Idx V2 : None 
 

Train: [[0.0 1.0 0.0 0.0 0.0]
 [0.0 0.0 1.0 0.0 0.0]
 [0.0 0.0 0.0 1.0 0.0]
 [0.0 0.0 0.0 0.0 0.0]
 [0.0 0.0 0.0 0.0 0.0]
 [0.0 0.0 0.0 0.0 0.0]
 [0.0 0.0 0.0 0.0 0.0]
 [0.0 0.0 0.0 0.0 0.0]
 [0.0 0.0 0.0 0.0 0.0]
 [0.0 0.0 0.0 0.0 0.0]] 
 
 
Val : (985, 50) 
 

~~~~~~~~~~~~~~~~~~~~~~~~~~~~~~~~~~~~~~~~~~~~~~~~~~~~~~~~~~~~~~~~~~~~~~~~~~~~~~~
~~~~~~~~~~~~~~~~~~~~~~~~~~~~~~~~~~~~~~~~~~~~~~~~~~~~~~~~~~~~~~~~~~~~~~~~~~~~~~~
After ORDINAL
Numerical Index V2 : [2, 3, 4, 5, 6, 7, 9] 


OHE Idx : [0, 1, 2, 3, 4, 5, 6, 7, 8, 9, 10, 11, 12, 13, 14, 15, 16, 17, 18, 19, 20, 21, 22, 23, 24, 25, 26, 27, 28, 29, 30, 31, 32, 33, 34, 35, 36, 37, 38, 39, 40, 41, 42]


Ordinal Idx V2: None


Cat Dims V2 : []
Cat Idx V2 : None 
 

Train: [[0.0 1.0 0.0 0.0 0.0 0.0 0.0 0.0 0.0 0.0 0.0 0.0 0.0 0.0 0.0 0.0 0.0 0.0
  0.0 0.0 0.0 0.0 0.0 0.0 0.0 0.0 0.0 0.0 0.0 0.0 0.0 0.0 0.0 0.0 0.0 0.0
  0.0 0.0 0.0 0.0 1.0 1.0 0.0 1.5518309595756514 -0.2984739322018782
  0.03428077988573539 0.124993940297029 0.6192431259002107
  -0.016467038676321873 0.12620928561553893]
 [0.0 0.0 1.0 0.0 0.0 0.0 0.0 0.0 0.0 0.0 0.0 0.0 0.0 0.0 0.0 0.0 0.0 0.0
  0.0 0.0 0.0 0.0 0.0 0.0 0.0 0.0 0.0 0.0 0.0 0.0 0.0 0.0 0.0 0.0 0.0 0.0
  0.0 0.0 0.0 0.0 1.0 0.0 1.0 1.5518309595756514 -1.225908705762921
  1.154090439163381 -0.4008748528373132 -0.24374559885655983
  -0.9433260727437409 0.12620928561553893]
 [0.0 0.0 0.0 1.0 0.0 0.0 0.0 0.0 0.0 0.0 0.0 0.0 0.0 0.0 0.0 0.0 0.0 0.0
  0.0 0.0 0.0 0.0 0.0 0.0 0.0 0.0 0.0 0.0 0.0 0.0 0.0 0.0 0.0 0.0 0.0 0.0
  0.0 0.0 0.0 1.0 0.0 0.0 1.0 1.5518309595756514 -0.11931039640031312
  1.0679512346035622 -0.9924772451134565 0.5894848940120462
  -0.9433260727437409 0.12620928561553893]
 [0.0 0.0 0.0 0.0 0.0 0.0 1.0 0.0 0.0 0.0 0.0 0.0 0.0 0.0 0.0 0.0 0.0 0.0
  0.0 0.0 0.0 0.0 0.0 0.0 0.0 0.0 0.0 0.0 0.0 0.0 0.0 0.0 0.0 0.0 0.0 0.0
  0.0 0.0 0.0 0.0 1.0 1.0 0.0 1.5518309595756514 0.4497973055575995
  -1.6885033113106425 -1.5840796373895998 -0.5710861496263733
  -1.4839938426164019 0.12620928561553893]
 [0.0 0.0 0.0 0.0 0.0 0.0 0.0 1.0 0.0 0.0 0.0 0.0 0.0 0.0 0.0 0.0 0.0 0.0
  0.0 0.0 0.0 0.0 0.0 0.0 0.0 0.0 0.0 0.0 0.0 0.0 0.0 0.0 0.0 0.0 0.0 0.0
  0.0 0.0 0.0 1.0 0.0 1.0 0.0 1.5518309595756514 -0.42494231041474767
  0.378837598125011 -0.5323420511209006 0.738276053452869
  -0.3254200500321282 0.12620928561553893]
 [0.0 0.0 0.0 0.0 0.0 0.0 0.0 0.0 1.0 0.0 0.0 0.0 0.0 0.0 0.0 0.0 0.0 0.0
  0.0 0.0 0.0 0.0 0.0 0.0 0.0 0.0 0.0 0.0 0.0 0.0 0.0 0.0 0.0 0.0 0.0 0.0
  0.0 0.0 0.0 0.0 1.0 0.0 1.0 1.5518309595756514 -1.3523770839757905
  1.4125080528428378 -0.7295428485462817 0.4109355026830588
  -0.6343730613879346 0.12620928561553893]
 [0.0 0.0 0.0 0.0 0.0 0.0 0.0 0.0 0.0 1.0 0.0 0.0 0.0 0.0 0.0 0.0 0.0 0.0
  0.0 0.0 0.0 0.0 0.0 0.0 0.0 0.0 0.0 0.0 0.0 0.0 0.0 0.0 0.0 0.0 0.0 0.0
  0.0 0.0 0.0 1.0 0.0 1.0 0.0 1.5518309595756514 1.356154016083164
  -1.0855288793919102 -0.13794045627013848 -0.4818114539618763
  -0.6343730613879346 0.12620928561553893]
 [0.0 0.0 0.0 0.0 0.0 0.0 0.0 0.0 0.0 0.0 0.0 1.0 0.0 0.0 0.0 0.0 0.0 0.0
  0.0 0.0 0.0 0.0 0.0 0.0 0.0 0.0 0.0 0.0 0.0 0.0 0.0 0.0 0.0 0.0 0.0 0.0
  0.0 0.0 0.0 1.0 0.0 0.0 1.0 1.5518309595756514 -0.48817649952118236
  0.6372552118044676 0.5851291342895921 0.738276053452869
  0.6786772368742424 0.12620928561553893]
 [0.0 0.0 0.0 0.0 0.0 0.0 0.0 0.0 0.0 0.0 0.0 0.0 0.0 1.0 0.0 0.0 0.0 0.0
  0.0 0.0 0.0 0.0 0.0 0.0 0.0 0.0 0.0 0.0 0.0 0.0 0.0 0.0 0.0 0.0 0.0 0.0
  0.0 0.0 0.0 0.0 1.0 1.0 0.0 1.5518309595756514 0.8186634086784688
  -2.205338538669556 -1.5840796373895998 -0.7793937728435218
  -1.7929468539722082 0.12620928561553893]
 [0.0 0.0 0.0 0.0 0.0 0.0 0.0 0.0 0.0 0.0 0.0 0.0 0.0 0.0 0.0 0.0 1.0 0.0
  0.0 0.0 0.0 0.0 0.0 0.0 0.0 0.0 0.0 0.0 0.0 0.0 0.0 0.0 0.0 0.0 0.0 0.0
  0.0 0.0 0.0 1.0 0.0 1.0 0.0 1.5518309595756514 -0.18254458550674785
  0.7233944163642866 0.3879283368642111 1.0656166042226791
  1.1421067539079433 0.12620928561553893]] 
 
 
Val : (985, 50) 
 

FINISHED ENCODING
~~~~~~~~~~~~~~~~~~~~~~~~~~~~~~~~~~~~~~~~~~~~~~~~~~~~~~~~~~~~~~~~~~~~~~~~~~~~~~~
Number of Classes B4 Bin Verifier: 8
Unique values in y_train: (array([0., 1., 2., 3., 4., 5., 6., 7.]), 8)
Unique values in y_test: (array([0., 1., 2., 3., 4., 5., 6., 7.]), 8)
No need to shift labels.
VERIFY SHIFT
Train after shift : [0 1 2 3 4 5 6 7], Length : 8
Test after shift : [0 1 2 3 4 5 6 7], Length : 8
Number of Classes After Bin Verifier: 8
In get_device
Using dim 8 and batch size 64
{'dim': 32, 'depth': 3, 'heads': 4, 'dropout': 0.3}
Epoch 0 loss 2.052846908569336
Epoch 1 loss 1.982696294784546
Epoch 2 loss 1.7933235168457031
Epoch 3 loss 1.6228113174438477
Epoch 4 loss 1.4824228286743164
Epoch 5 loss 1.356358289718628
Epoch 6 loss 1.2819664478302002
Epoch 7 loss 1.202115535736084
Epoch 8 loss 1.1862215995788574
Epoch 9 loss 1.095587968826294
Epoch 10 loss 1.0675945281982422
Epoch 11 loss 1.041119933128357
Epoch 12 loss 1.0090527534484863
Epoch 13 loss 0.997657299041748
Epoch 14 loss 0.9740498065948486
Epoch 15 loss 0.9764897227287292
Epoch 16 loss 0.9428393840789795
Epoch 17 loss 0.9366912841796875
Epoch 18 loss 0.9921441078186035
Epoch 19 loss 0.9031649827957153
Epoch 20 loss 0.9099501371383667
Epoch 21 loss 0.8928781747817993
Epoch 22 loss 0.9318081736564636
Epoch 23 loss 0.8823636770248413
Epoch 24 loss 0.8759264945983887
Epoch 25 loss 0.8942310810089111
Epoch 26 loss 0.8744877576828003
Epoch 27 loss 0.8989189863204956
Epoch 28 loss 0.9402381181716919
Epoch 29 loss 0.8869022130966187
Epoch 30 loss 0.8595412373542786
Epoch 31 loss 0.861013650894165
Epoch 32 loss 0.8698384761810303
Epoch 33 loss 0.8879426121711731
Epoch 34 loss 0.88673996925354
Epoch 35 loss 0.8670969605445862
Epoch 36 loss 0.8883439302444458
Epoch 37 loss 0.9210388660430908
Epoch 38 loss 0.8847768902778625
Epoch 39 loss 0.8831369876861572
Epoch 40 loss 0.8647998571395874
Epoch 41 loss 0.8927005529403687
Epoch 42 loss 0.8956253528594971
Epoch 43 loss 0.8602374792098999
Epoch 44 loss 0.8976898193359375
Epoch 45 loss 0.879339337348938
Epoch 46 loss 0.8589329719543457
Epoch 47 loss 0.8856590986251831
Epoch 48 loss 0.8729774951934814
Epoch 49 loss 0.8979920744895935
Epoch 50 loss 0.9232141971588135
Epoch 51 loss 0.8663970232009888
Epoch 52 loss 0.8727698922157288
Epoch 53 loss 0.9266768097877502
Epoch 54 loss 0.8739822506904602
Epoch 55 loss 0.8762564659118652
Epoch 56 loss 0.8808143138885498
Epoch 57 loss 0.9190294742584229
Epoch 58 loss 0.87281334400177
Epoch 59 loss 0.9212087392807007
Epoch 60 loss 0.8821820616722107
Epoch 61 loss 0.9192811250686646
Epoch 62 loss 0.915084719657898
Epoch 63 loss 0.9144151210784912
Epoch 64 loss 0.9634753465652466
Epoch 65 loss 0.9272493720054626
Epoch 66 loss 0.8819805383682251
Epoch 67 loss 0.9085527658462524
Validation loss has not improved for 20 steps!
Early stopping applies.
State of save is False b4 loss saving
±±±±±±±±±±±±±±±±±±±±±±±±±±±±±±±±±±±±±±±±±±±±±±±±±±±±±±±±±±±±±±±±±±±±±±±±±±± 

B4 Evaluation
Number of classes : 8
Class label len :8
Class labels : [0, 1, 2, 3, 4, 5, 6, 7]
Unique y_true : [0 1 2 3 4 5 6 7] 

Prediction shape : (247,)
Probabilities shape : (247, 8) 

±±±±±±±±±±±±±±±±±±±±±±±±±±±±±±±±±±±±±±±±±±±±±±±±±±±±±±±±±±±±±±±±±±±±±±±±±±± 

After Evaluation
{'Log Loss - mean': 0.8814500000000001, 'Log Loss - std': 0.01545000000000002} 
 

Fold 3
num_features : 10
num_classes : 1
cat_idx : [0]
nominal_idx : [0, 1, 8]
ordinal_idx : None
num_idx : None
cat_dims : [2]
bin_alt : None
~~~~~~~~~~~~~~~~~~~~~~~~~~~~~~~~~~~~~~~~~~~~~~~~~~~~~~~~~~~~~~~~~~~~~~~~~~~~~~~
BEFORE ANY ENCODING
num_features :10
num_classes : 1
cat_idx : [0]
nominal_idx : [0, 1, 8]
ordinal_idx : None
num_idx : None
cat_dims : [2]
bin_alt : None 


X shape : (986, 10)
~~~~~~~~~~~~~~~~~~~~~~~~~~~~~~~~~~~~~~~~~~~~~~~~~~~~~~~~~~~~~~~~~~~~~~~~~~~~~~~
~~~~~~~~~~~~~~~~~~~~~~~~~~~~~~~~~~~~~~~~~~~~~~~~~~~~~~~~~~~~~~~~~~~~~~~~~~~~~~~ 


AFTER SEPARATING CATEGORICALS AND NUMERICALS
Numerical Index V1 : [2, 3, 4, 5, 6, 7, 9]
Cat Dims V1 : []
Cat Idx V1 : [0, 1, 8] 
 

~~~~~~~~~~~~~~~~~~~~~~~~~~~~~~~~~~~~~~~~~~~~~~~~~~~~~~~~~~~~~~~~~~~~~~~~~~~~~~~ 


Scaling the data...
One Hot Encoding...
~~~~~~~~~~~~~~~~~~~~~~~~~~~~~~~~~~~~~~~~~~~~~~~~~~~~~~~~~~~~~~~~~~~~~~~~~~~~~~~
After OHE
Numerical Index V2 : [2, 3, 4, 5, 6, 7, 9] 


OHE Idx : [0, 1, 2, 3, 4, 5, 6, 7, 8, 9, 10, 11, 12, 13, 14, 15, 16, 17, 18, 19, 20, 21, 22, 23, 24, 25, 26, 27, 28, 29, 30, 31, 32, 33, 34, 35, 36, 37, 38, 39, 40, 41, 42]


Ordinal Idx V2: None


Cat Dims V2 : []
Cat Idx V2 : None 
 

Train: [[0.0 1.0 0.0 0.0 0.0]
 [0.0 0.0 1.0 0.0 0.0]
 [0.0 0.0 0.0 1.0 0.0]
 [0.0 0.0 0.0 0.0 1.0]
 [0.0 0.0 0.0 0.0 0.0]
 [0.0 0.0 0.0 0.0 0.0]
 [0.0 0.0 0.0 0.0 0.0]
 [0.0 0.0 0.0 0.0 0.0]
 [0.0 0.0 0.0 0.0 0.0]
 [0.0 0.0 0.0 0.0 0.0]] 
 
 
Val : (986, 50) 
 

~~~~~~~~~~~~~~~~~~~~~~~~~~~~~~~~~~~~~~~~~~~~~~~~~~~~~~~~~~~~~~~~~~~~~~~~~~~~~~~
~~~~~~~~~~~~~~~~~~~~~~~~~~~~~~~~~~~~~~~~~~~~~~~~~~~~~~~~~~~~~~~~~~~~~~~~~~~~~~~
After ORDINAL
Numerical Index V2 : [2, 3, 4, 5, 6, 7, 9] 


OHE Idx : [0, 1, 2, 3, 4, 5, 6, 7, 8, 9, 10, 11, 12, 13, 14, 15, 16, 17, 18, 19, 20, 21, 22, 23, 24, 25, 26, 27, 28, 29, 30, 31, 32, 33, 34, 35, 36, 37, 38, 39, 40, 41, 42]


Ordinal Idx V2: None


Cat Dims V2 : []
Cat Idx V2 : None 
 

Train: [[0.0 1.0 0.0 0.0 0.0 0.0 0.0 0.0 0.0 0.0 0.0 0.0 0.0 0.0 0.0 0.0 0.0 0.0
  0.0 0.0 0.0 0.0 0.0 0.0 0.0 0.0 0.0 0.0 0.0 0.0 0.0 0.0 0.0 0.0 0.0 0.0
  0.0 0.0 0.0 0.0 1.0 1.0 0.0 1.5511319556733212 -0.29955527895669254
  0.006058531598584041 0.10159790047279765 0.6382535614917421
  -0.02166551570739544 0.1324923812219859]
 [0.0 0.0 1.0 0.0 0.0 0.0 0.0 0.0 0.0 0.0 0.0 0.0 0.0 0.0 0.0 0.0 0.0 0.0
  0.0 0.0 0.0 0.0 0.0 0.0 0.0 0.0 0.0 0.0 0.0 0.0 0.0 0.0 0.0 0.0 0.0 0.0
  0.0 0.0 0.0 0.0 1.0 0.0 1.0 1.5511319556733212 -1.2648248019081667
  1.1480917379316513 -0.44025756871546906 -0.24974869314502668
  -0.9675931240096076 0.1324923812219859]
 [0.0 0.0 0.0 1.0 0.0 0.0 0.0 0.0 0.0 0.0 0.0 0.0 0.0 0.0 0.0 0.0 0.0 0.0
  0.0 0.0 0.0 0.0 0.0 0.0 0.0 0.0 0.0 0.0 0.0 0.0 0.0 0.0 0.0 0.0 0.0 0.0
  0.0 0.0 0.0 1.0 0.0 0.0 1.0 1.5511319556733212 -0.11308275747743048
  1.0602430297521845 -1.0498449715522775 0.6076327940904741
  -0.9675931240096076 0.1324923812219859]
 [0.0 0.0 0.0 0.0 1.0 0.0 0.0 0.0 0.0 0.0 0.0 0.0 0.0 0.0 0.0 0.0 0.0 0.0
  0.0 0.0 0.0 0.0 0.0 0.0 0.0 0.0 0.0 0.0 0.0 0.0 0.0 0.0 0.0 0.0 0.0 0.0
  0.0 0.0 0.0 1.0 0.0 1.0 0.0 1.5511319556733212 0.9947833995464206
  -1.0481259665550164 -0.7789172369581404 0.5463912592879382
  0.05716178498445557 0.1324923812219859]
 [0.0 0.0 0.0 0.0 0.0 0.0 1.0 0.0 0.0 0.0 0.0 0.0 0.0 0.0 0.0 0.0 0.0 0.0
  0.0 0.0 0.0 0.0 0.0 0.0 0.0 0.0 0.0 0.0 0.0 0.0 0.0 0.0 0.0 0.0 0.0 0.0
  0.0 0.0 0.0 0.0 1.0 1.0 0.0 1.5511319556733212 0.4792417225155196
  -1.7509156319907502 -1.659432374389086 -0.5865771345589774
  -1.5193842288525647 0.1324923812219859]
 [0.0 0.0 0.0 0.0 0.0 0.0 0.0 0.0 1.0 0.0 0.0 0.0 0.0 0.0 0.0 0.0 0.0 0.0
  0.0 0.0 0.0 0.0 0.0 0.0 0.0 0.0 0.0 0.0 0.0 0.0 0.0 0.0 0.0 0.0 0.0 0.0
  0.0 0.0 0.0 0.0 1.0 0.0 1.0 1.5511319556733212 -1.3964524641288223
  1.4116378624700514 -0.7789172369581404 0.4239081896828664
  -0.6522839212422036 0.1324923812219859]
 [0.0 0.0 0.0 0.0 0.0 0.0 0.0 0.0 0.0 1.0 0.0 0.0 0.0 0.0 0.0 0.0 0.0 0.0
  0.0 0.0 0.0 0.0 0.0 0.0 0.0 0.0 0.0 0.0 0.0 0.0 0.0 0.0 0.0 0.0 0.0 0.0
  0.0 0.0 0.0 1.0 0.0 1.0 0.0 1.5511319556733212 1.4225733017635511
  -1.1359746747344832 -0.16932983412133193 -0.4947148323551702
  -0.6522839212422036 0.1324923812219859]
 [0.0 0.0 0.0 0.0 0.0 0.0 0.0 0.0 0.0 0.0 1.0 0.0 0.0 0.0 0.0 0.0 0.0 0.0
  0.0 0.0 0.0 0.0 0.0 0.0 0.0 0.0 0.0 0.0 0.0 0.0 0.0 0.0 0.0 0.0 0.0 0.0
  0.0 0.0 0.0 0.0 1.0 1.0 0.0 1.5511319556733212 1.9161770350910097
  -1.48736950745235 0.23706176776987373 1.189427374714565
  1.160743994670361 0.1324923812219859]
 [0.0 0.0 0.0 0.0 0.0 0.0 0.0 0.0 0.0 0.0 0.0 1.0 0.0 0.0 0.0 0.0 0.0 0.0
  0.0 0.0 0.0 0.0 0.0 0.0 0.0 0.0 0.0 0.0 0.0 0.0 0.0 0.0 0.0 0.0 0.0 0.0
  0.0 0.0 0.0 1.0 0.0 0.0 1.0 1.5511319556733212 -0.4969967722876759
  0.620999488854851 0.5757214360125451 0.7607366310968138
  0.6877801905192638 0.1324923812219859]
 [0.0 0.0 0.0 0.0 0.0 0.0 0.0 0.0 0.0 0.0 0.0 0.0 0.0 1.0 0.0 0.0 0.0 0.0
  0.0 0.0 0.0 0.0 0.0 0.0 0.0 0.0 0.0 0.0 0.0 0.0 0.0 0.0 0.0 0.0 0.0 0.0
  0.0 0.0 0.0 0.0 1.0 1.0 0.0 1.5511319556733212 0.863155737325765
  -2.2780078810675506 -1.659432374389086 -0.8009225063678497
  -1.8346934316199688 0.1324923812219859]] 
 
 
Val : (986, 50) 
 

FINISHED ENCODING
~~~~~~~~~~~~~~~~~~~~~~~~~~~~~~~~~~~~~~~~~~~~~~~~~~~~~~~~~~~~~~~~~~~~~~~~~~~~~~~
Number of Classes B4 Bin Verifier: 8
Unique values in y_train: (array([0., 1., 2., 3., 4., 5., 6., 7.]), 8)
Unique values in y_test: (array([0., 1., 2., 3., 4., 5., 6., 7.]), 8)
No need to shift labels.
VERIFY SHIFT
Train after shift : [0 1 2 3 4 5 6 7], Length : 8
Test after shift : [0 1 2 3 4 5 6 7], Length : 8
Number of Classes After Bin Verifier: 8
In get_device
Using dim 8 and batch size 64
{'dim': 32, 'depth': 3, 'heads': 4, 'dropout': 0.3}
Epoch 0 loss 2.0200114250183105
Epoch 1 loss 1.8519636392593384
Epoch 2 loss 1.64683997631073
Epoch 3 loss 1.4831678867340088
Epoch 4 loss 1.3379971981048584
Epoch 5 loss 1.2087286710739136
Epoch 6 loss 1.1777600049972534
Epoch 7 loss 1.0817378759384155
Epoch 8 loss 1.025431513786316
Epoch 9 loss 0.9968716502189636
Epoch 10 loss 0.9959732294082642
Epoch 11 loss 0.9924694299697876
Epoch 12 loss 0.9929922223091125
Epoch 13 loss 0.9184355139732361
Epoch 14 loss 0.9092333912849426
Epoch 15 loss 0.954200267791748
Epoch 16 loss 0.9101161956787109
Epoch 17 loss 0.900159478187561
Epoch 18 loss 0.9229387044906616
Epoch 19 loss 0.9335631132125854
Epoch 20 loss 0.8982969522476196
Epoch 21 loss 0.8889766335487366
Epoch 22 loss 0.8974781036376953
Epoch 23 loss 0.9439849257469177
Epoch 24 loss 0.9026482105255127
Epoch 25 loss 0.8936479091644287
Epoch 26 loss 0.8885282278060913
Epoch 27 loss 0.884367823600769
Epoch 28 loss 0.8793509006500244
Epoch 29 loss 0.8846925497055054
Epoch 30 loss 0.9219566583633423
Epoch 31 loss 0.8833757638931274
Epoch 32 loss 0.9032654762268066
Epoch 33 loss 0.9027349948883057
Epoch 34 loss 0.9342167377471924
Epoch 35 loss 0.9359790086746216
Epoch 36 loss 0.8943673968315125
Epoch 37 loss 0.8980671763420105
Epoch 38 loss 0.9107280969619751
Epoch 39 loss 0.9229190349578857
Epoch 40 loss 0.8810501098632812
Epoch 41 loss 0.9291942715644836
Epoch 42 loss 0.9073790311813354
Epoch 43 loss 0.8907266855239868
Epoch 44 loss 0.9124799966812134
Epoch 45 loss 0.8916873931884766
Epoch 46 loss 0.8900156617164612
Epoch 47 loss 0.9182724952697754
Epoch 48 loss 0.9336497783660889
Epoch 49 loss 0.933358907699585
Validation loss has not improved for 20 steps!
Early stopping applies.
State of save is False b4 loss saving
±±±±±±±±±±±±±±±±±±±±±±±±±±±±±±±±±±±±±±±±±±±±±±±±±±±±±±±±±±±±±±±±±±±±±±±±±±± 

B4 Evaluation
Number of classes : 8
Class label len :8
Class labels : [0, 1, 2, 3, 4, 5, 6, 7]
Unique y_true : [0 1 2 3 4 5 6 7] 

Prediction shape : (246,)
Probabilities shape : (246, 8) 

±±±±±±±±±±±±±±±±±±±±±±±±±±±±±±±±±±±±±±±±±±±±±±±±±±±±±±±±±±±±±±±±±±±±±±±±±±± 

After Evaluation
{'Log Loss - mean': 0.883, 'Log Loss - std': 0.012803905654135396} 
 

Fold 4
num_features : 10
num_classes : 1
cat_idx : [0]
nominal_idx : [0, 1, 8]
ordinal_idx : None
num_idx : None
cat_dims : [2]
bin_alt : None
~~~~~~~~~~~~~~~~~~~~~~~~~~~~~~~~~~~~~~~~~~~~~~~~~~~~~~~~~~~~~~~~~~~~~~~~~~~~~~~
BEFORE ANY ENCODING
num_features :10
num_classes : 1
cat_idx : [0]
nominal_idx : [0, 1, 8]
ordinal_idx : None
num_idx : None
cat_dims : [2]
bin_alt : None 


X shape : (986, 10)
~~~~~~~~~~~~~~~~~~~~~~~~~~~~~~~~~~~~~~~~~~~~~~~~~~~~~~~~~~~~~~~~~~~~~~~~~~~~~~~
~~~~~~~~~~~~~~~~~~~~~~~~~~~~~~~~~~~~~~~~~~~~~~~~~~~~~~~~~~~~~~~~~~~~~~~~~~~~~~~ 


AFTER SEPARATING CATEGORICALS AND NUMERICALS
Numerical Index V1 : [2, 3, 4, 5, 6, 7, 9]
Cat Dims V1 : []
Cat Idx V1 : [0, 1, 8] 
 

~~~~~~~~~~~~~~~~~~~~~~~~~~~~~~~~~~~~~~~~~~~~~~~~~~~~~~~~~~~~~~~~~~~~~~~~~~~~~~~ 


Scaling the data...
One Hot Encoding...
~~~~~~~~~~~~~~~~~~~~~~~~~~~~~~~~~~~~~~~~~~~~~~~~~~~~~~~~~~~~~~~~~~~~~~~~~~~~~~~
After OHE
Numerical Index V2 : [2, 3, 4, 5, 6, 7, 9] 


OHE Idx : [0, 1, 2, 3, 4, 5, 6, 7, 8, 9, 10, 11, 12, 13, 14, 15, 16, 17, 18, 19, 20, 21, 22, 23, 24, 25, 26, 27, 28, 29, 30, 31, 32, 33, 34, 35, 36, 37, 38, 39, 40, 41]


Ordinal Idx V2: None


Cat Dims V2 : []
Cat Idx V2 : None 
 

Train: [[0.0 1.0 0.0 0.0 0.0]
 [0.0 0.0 1.0 0.0 0.0]
 [0.0 0.0 0.0 1.0 0.0]
 [0.0 0.0 0.0 0.0 1.0]
 [0.0 0.0 0.0 0.0 0.0]
 [0.0 0.0 0.0 0.0 0.0]
 [0.0 0.0 0.0 0.0 0.0]
 [0.0 0.0 0.0 0.0 0.0]
 [0.0 0.0 0.0 0.0 0.0]
 [0.0 0.0 0.0 0.0 0.0]] 
 
 
Val : (986, 49) 
 

~~~~~~~~~~~~~~~~~~~~~~~~~~~~~~~~~~~~~~~~~~~~~~~~~~~~~~~~~~~~~~~~~~~~~~~~~~~~~~~
~~~~~~~~~~~~~~~~~~~~~~~~~~~~~~~~~~~~~~~~~~~~~~~~~~~~~~~~~~~~~~~~~~~~~~~~~~~~~~~
After ORDINAL
Numerical Index V2 : [2, 3, 4, 5, 6, 7, 9] 


OHE Idx : [0, 1, 2, 3, 4, 5, 6, 7, 8, 9, 10, 11, 12, 13, 14, 15, 16, 17, 18, 19, 20, 21, 22, 23, 24, 25, 26, 27, 28, 29, 30, 31, 32, 33, 34, 35, 36, 37, 38, 39, 40, 41]


Ordinal Idx V2: None


Cat Dims V2 : []
Cat Idx V2 : None 
 

Train: [[0.0 1.0 0.0 0.0 0.0 0.0 0.0 0.0 0.0 0.0 0.0 0.0 0.0 0.0 0.0 0.0 0.0 0.0
  0.0 0.0 0.0 0.0 0.0 0.0 0.0 0.0 0.0 0.0 0.0 0.0 0.0 0.0 0.0 0.0 0.0 0.0
  0.0 0.0 0.0 1.0 1.0 0.0 1.5866258884921898 -0.2544455216877482
  -0.020989786171218102 0.11353605845597158 0.6341337701362169
  -0.013054365583245546 0.12105516374115395]
 [0.0 0.0 1.0 0.0 0.0 0.0 0.0 0.0 0.0 0.0 0.0 0.0 0.0 0.0 0.0 0.0 0.0 0.0
  0.0 0.0 0.0 0.0 0.0 0.0 0.0 0.0 0.0 0.0 0.0 0.0 0.0 0.0 0.0 0.0 0.0 0.0
  0.0 0.0 0.0 1.0 0.0 1.0 1.5866258884921898 -1.2041069560392008
  1.1047302102416192 -0.4163884558048092 -0.23640351073540256
  -0.9324546845174484 0.12105516374115395]
 [0.0 0.0 0.0 1.0 0.0 0.0 0.0 0.0 0.0 0.0 0.0 0.0 0.0 0.0 0.0 0.0 0.0 0.0
  0.0 0.0 0.0 0.0 0.0 0.0 0.0 0.0 0.0 0.0 0.0 0.0 0.0 0.0 0.0 0.0 0.0 0.0
  0.0 0.0 1.0 0.0 0.0 1.0 1.5866258884921898 -0.07098819914258123
  1.0181363643637087 -1.012553534348196 0.6041152432096092
  -0.9324546845174484 0.12105516374115395]
 [0.0 0.0 0.0 0.0 1.0 0.0 0.0 0.0 0.0 0.0 0.0 0.0 0.0 0.0 0.0 0.0 0.0 0.0
  0.0 0.0 0.0 0.0 0.0 0.0 0.0 0.0 0.0 0.0 0.0 0.0 0.0 0.0 0.0 0.0 0.0 0.0
  0.0 0.0 1.0 0.0 1.0 0.0 1.5866258884921898 1.0189641289198814
  -1.060115936706145 -0.7475912772178018 0.544078189356394
  0.06356232766127136 0.12105516374115395]
 [0.0 0.0 0.0 0.0 0.0 0.0 0.0 1.0 0.0 0.0 0.0 0.0 0.0 0.0 0.0 0.0 0.0 0.0
  0.0 0.0 0.0 0.0 0.0 0.0 0.0 0.0 0.0 0.0 0.0 0.0 0.0 0.0 0.0 0.0 0.0 0.0
  0.0 0.0 1.0 0.0 1.0 0.0 1.5866258884921898 -0.383944808190219
  0.32538559734042416 -0.5488695843700062 0.7542078778426473
  -0.31952113856131314 0.12105516374115395]
 [0.0 0.0 0.0 0.0 0.0 0.0 0.0 0.0 1.0 0.0 0.0 0.0 0.0 0.0 0.0 0.0 0.0 0.0
  0.0 0.0 0.0 0.0 0.0 0.0 0.0 0.0 0.0 0.0 0.0 0.0 0.0 0.0 0.0 0.0 0.0 0.0
  0.0 0.0 0.0 1.0 0.0 1.0 1.5866258884921898 -1.3336062425416715
  1.364511747875351 -0.7475912772178018 0.4240040816499635
  -0.6259879115393808 0.12105516374115395]
 [0.0 0.0 0.0 0.0 0.0 0.0 0.0 0.0 0.0 1.0 0.0 0.0 0.0 0.0 0.0 0.0 0.0 0.0
  0.0 0.0 0.0 0.0 0.0 0.0 0.0 0.0 0.0 0.0 0.0 0.0 0.0 0.0 0.0 0.0 0.0 0.0
  0.0 0.0 1.0 0.0 1.0 0.0 1.5866258884921898 1.4398368100529115
  -1.1467097825840555 -0.15142619867441515 -0.4765517261482635
  -0.6259879115393808 0.12105516374115395]
 [0.0 0.0 0.0 0.0 0.0 0.0 0.0 0.0 0.0 0.0 1.0 0.0 0.0 0.0 0.0 0.0 0.0 0.0
  0.0 0.0 0.0 0.0 0.0 0.0 0.0 0.0 0.0 0.0 0.0 0.0 0.0 0.0 0.0 0.0 0.0 0.0
  0.0 0.0 0.0 1.0 1.0 0.0 1.5866258884921898 1.925459134437177
  -1.4930851660956979 0.24601718702117598 1.174467254815154
  1.1361960330844996 0.12105516374115395]
 [0.0 0.0 0.0 0.0 0.0 0.0 0.0 0.0 0.0 0.0 0.0 0.0 0.0 1.0 0.0 0.0 0.0 0.0
  0.0 0.0 0.0 0.0 0.0 0.0 0.0 0.0 0.0 0.0 0.0 0.0 0.0 0.0 0.0 0.0 0.0 0.0
  0.0 0.0 0.0 1.0 1.0 0.0 1.5866258884921898 0.8894648424174105
  -2.272429778996893 -1.6087186128915825 -0.7767369954143398
  -1.7752383102071343 0.12105516374115395]
 [0.0 0.0 0.0 0.0 0.0 0.0 0.0 0.0 0.0 0.0 0.0 0.0 0.0 0.0 0.0 1.0 0.0 0.0
  0.0 0.0 0.0 0.0 0.0 0.0 0.0 0.0 0.0 0.0 0.0 0.0 0.0 0.0 0.0 0.0 0.0 0.0
  0.0 0.0 1.0 0.0 1.0 0.0 1.5866258884921898 0.37146769640752736
  -0.8003343990724132 -0.6151101486526048 0.0938002854572813
  0.4466457938838559 0.12105516374115395]] 
 
 
Val : (986, 49) 
 

FINISHED ENCODING
~~~~~~~~~~~~~~~~~~~~~~~~~~~~~~~~~~~~~~~~~~~~~~~~~~~~~~~~~~~~~~~~~~~~~~~~~~~~~~~
Number of Classes B4 Bin Verifier: 8
Unique values in y_train: (array([0., 1., 2., 3., 4., 5., 6., 7.]), 8)
Unique values in y_test: (array([0., 1., 2., 3., 4., 5., 6., 7.]), 8)
No need to shift labels.
VERIFY SHIFT
Train after shift : [0 1 2 3 4 5 6 7], Length : 8
Test after shift : [0 1 2 3 4 5 6 7], Length : 8
Number of Classes After Bin Verifier: 8
In get_device
Using dim 32 and batch size 64
{'dim': 32, 'depth': 3, 'heads': 4, 'dropout': 0.3}
Epoch 0 loss 1.7542319297790527
Epoch 1 loss 1.4017374515533447
Epoch 2 loss 1.1816051006317139
Epoch 3 loss 1.1818428039550781
Epoch 4 loss 1.06418776512146
Epoch 5 loss 1.0244472026824951
Epoch 6 loss 1.0212476253509521
Epoch 7 loss 1.075857162475586
Epoch 8 loss 1.0851212739944458
Epoch 9 loss 1.0051599740982056
Epoch 10 loss 1.0651204586029053
Epoch 11 loss 1.0761048793792725
Epoch 12 loss 1.1663060188293457
Epoch 13 loss 0.9772357940673828
Epoch 14 loss 1.0598766803741455
Epoch 15 loss 1.0866475105285645
Epoch 16 loss 1.0509288311004639
Epoch 17 loss 1.0311341285705566
Epoch 18 loss 1.1632680892944336
Epoch 19 loss 1.1533336639404297
Epoch 20 loss 1.1421141624450684
Epoch 21 loss 1.0965750217437744
Epoch 22 loss 1.0882325172424316
Epoch 23 loss 1.1645338535308838
Epoch 24 loss 1.142895221710205
Epoch 25 loss 1.1796702146530151
Epoch 26 loss 1.123563289642334
Epoch 27 loss 1.2117303609848022
Epoch 28 loss 1.14066481590271
Epoch 29 loss 1.193610668182373
Epoch 30 loss 1.2293345928192139
Epoch 31 loss 1.277287244796753
Epoch 32 loss 1.210083246231079
Epoch 33 loss 1.2499096393585205
Epoch 34 loss 1.229032039642334
Validation loss has not improved for 20 steps!
Early stopping applies.
State of save is False b4 loss saving
±±±±±±±±±±±±±±±±±±±±±±±±±±±±±±±±±±±±±±±±±±±±±±±±±±±±±±±±±±±±±±±±±±±±±±±±±±± 

B4 Evaluation
Number of classes : 8
Class label len :8
Class labels : [0, 1, 2, 3, 4, 5, 6, 7]
Unique y_true : [0 1 2 3 4 5 6 7] 

Prediction shape : (246,)
Probabilities shape : (246, 8) 

±±±±±±±±±±±±±±±±±±±±±±±±±±±±±±±±±±±±±±±±±±±±±±±±±±±±±±±±±±±±±±±±±±±±±±±±±±± 

After Evaluation
{'Log Loss - mean': 0.9101250000000001, 'Log Loss - std': 0.048272682492275086} 
 

Fold 5
num_features : 10
num_classes : 1
cat_idx : [0]
nominal_idx : [0, 1, 8]
ordinal_idx : None
num_idx : None
cat_dims : [2]
bin_alt : None
~~~~~~~~~~~~~~~~~~~~~~~~~~~~~~~~~~~~~~~~~~~~~~~~~~~~~~~~~~~~~~~~~~~~~~~~~~~~~~~
BEFORE ANY ENCODING
num_features :10
num_classes : 1
cat_idx : [0]
nominal_idx : [0, 1, 8]
ordinal_idx : None
num_idx : None
cat_dims : [2]
bin_alt : None 


X shape : (986, 10)
~~~~~~~~~~~~~~~~~~~~~~~~~~~~~~~~~~~~~~~~~~~~~~~~~~~~~~~~~~~~~~~~~~~~~~~~~~~~~~~
~~~~~~~~~~~~~~~~~~~~~~~~~~~~~~~~~~~~~~~~~~~~~~~~~~~~~~~~~~~~~~~~~~~~~~~~~~~~~~~ 


AFTER SEPARATING CATEGORICALS AND NUMERICALS
Numerical Index V1 : [2, 3, 4, 5, 6, 7, 9]
Cat Dims V1 : []
Cat Idx V1 : [0, 1, 8] 
 

~~~~~~~~~~~~~~~~~~~~~~~~~~~~~~~~~~~~~~~~~~~~~~~~~~~~~~~~~~~~~~~~~~~~~~~~~~~~~~~ 


Scaling the data...
One Hot Encoding...
~~~~~~~~~~~~~~~~~~~~~~~~~~~~~~~~~~~~~~~~~~~~~~~~~~~~~~~~~~~~~~~~~~~~~~~~~~~~~~~
After OHE
Numerical Index V2 : [2, 3, 4, 5, 6, 7, 9] 


OHE Idx : [0, 1, 2, 3, 4, 5, 6, 7, 8, 9, 10, 11, 12, 13, 14, 15, 16, 17, 18, 19, 20, 21, 22, 23, 24, 25, 26, 27, 28, 29, 30, 31, 32, 33, 34, 35, 36, 37, 38, 39, 40, 41, 42]


Ordinal Idx V2: None


Cat Dims V2 : []
Cat Idx V2 : None 
 

Train: [[0.0 0.0 0.0 1.0 0.0]
 [0.0 0.0 0.0 0.0 1.0]
 [0.0 0.0 0.0 0.0 0.0]
 [0.0 0.0 0.0 0.0 0.0]
 [0.0 0.0 0.0 0.0 0.0]
 [0.0 0.0 0.0 0.0 0.0]
 [0.0 0.0 0.0 0.0 0.0]
 [0.0 0.0 0.0 0.0 0.0]
 [0.0 0.0 0.0 0.0 0.0]
 [0.0 0.0 0.0 0.0 0.0]] 
 
 
Val : (986, 50) 
 

~~~~~~~~~~~~~~~~~~~~~~~~~~~~~~~~~~~~~~~~~~~~~~~~~~~~~~~~~~~~~~~~~~~~~~~~~~~~~~~
~~~~~~~~~~~~~~~~~~~~~~~~~~~~~~~~~~~~~~~~~~~~~~~~~~~~~~~~~~~~~~~~~~~~~~~~~~~~~~~
After ORDINAL
Numerical Index V2 : [2, 3, 4, 5, 6, 7, 9] 


OHE Idx : [0, 1, 2, 3, 4, 5, 6, 7, 8, 9, 10, 11, 12, 13, 14, 15, 16, 17, 18, 19, 20, 21, 22, 23, 24, 25, 26, 27, 28, 29, 30, 31, 32, 33, 34, 35, 36, 37, 38, 39, 40, 41, 42]


Ordinal Idx V2: None


Cat Dims V2 : []
Cat Idx V2 : None 
 

Train: [[0.0 0.0 0.0 1.0 0.0 0.0 0.0 0.0 0.0 0.0 0.0 0.0 0.0 0.0 0.0 0.0 0.0 0.0
  0.0 0.0 0.0 0.0 0.0 0.0 0.0 0.0 0.0 0.0 0.0 0.0 0.0 0.0 0.0 0.0 0.0 0.0
  0.0 0.0 0.0 1.0 0.0 0.0 1.0 1.5453194098373437 -0.12666570459245366
  1.07260090432717 -1.0288571925021945 0.5778518225514135
  -0.9651510526932938 0.1189606070994637]
 [0.0 0.0 0.0 0.0 1.0 0.0 0.0 0.0 0.0 0.0 0.0 0.0 0.0 0.0 0.0 0.0 0.0 0.0
  0.0 0.0 0.0 0.0 0.0 0.0 0.0 0.0 0.0 0.0 0.0 0.0 0.0 0.0 0.0 0.0 0.0 0.0
  0.0 0.0 0.0 1.0 0.0 1.0 0.0 1.5453194098373437 0.9624493754925159
  -1.0379951209512384 -0.7625266091976093 0.5178453036429677
  0.040074119438229035 0.1189606070994637]
 [0.0 0.0 0.0 0.0 0.0 0.0 1.0 0.0 0.0 0.0 0.0 0.0 0.0 0.0 0.0 0.0 0.0 0.0
  0.0 0.0 0.0 0.0 0.0 0.0 0.0 0.0 0.0 0.0 0.0 0.0 0.0 0.0 0.0 0.0 0.0 0.0
  0.0 0.0 0.0 0.0 1.0 1.0 0.0 1.5453194098373437 0.4556334471361439
  -1.7415271293773744 -1.628101004937511 -0.5922752961632846
  -1.5064261453794985 0.1189606070994637]
 [0.0 0.0 0.0 0.0 0.0 0.0 0.0 1.0 0.0 0.0 0.0 0.0 0.0 0.0 0.0 0.0 0.0 0.0
  0.0 0.0 0.0 0.0 0.0 0.0 0.0 0.0 0.0 0.0 0.0 0.0 0.0 0.0 0.0 0.0 0.0 0.0
  0.0 0.0 0.0 1.0 0.0 1.0 0.0 1.5453194098373437 -0.4393819157059598
  0.3690688959010339 -0.5627786717191704 0.7278681198225285
  -0.3465509467662028 0.1189606070994637]
 [0.0 0.0 0.0 0.0 0.0 0.0 0.0 0.0 0.0 1.0 0.0 0.0 0.0 0.0 0.0 0.0 0.0 0.0
  0.0 0.0 0.0 0.0 0.0 0.0 0.0 0.0 0.0 0.0 0.0 0.0 0.0 0.0 0.0 0.0 0.0 0.0
  0.0 0.0 0.0 1.0 0.0 1.0 0.0 1.5453194098373437 1.3829987628520586
  -1.1259366220045053 -0.16328279676229265 -0.5022655178006122
  -0.6558509997297483 0.1189606070994637]
 [0.0 0.0 0.0 0.0 0.0 0.0 0.0 0.0 0.0 0.0 1.0 0.0 0.0 0.0 0.0 0.0 0.0 0.0
  0.0 0.0 0.0 0.0 0.0 0.0 0.0 0.0 0.0 0.0 0.0 0.0 0.0 0.0 0.0 0.0 0.0 0.0
  0.0 0.0 0.0 0.0 1.0 1.0 0.0 1.5453194098373437 1.8682480559592232
  -1.4777026262175734 0.23621307819458515 1.1479137521816503
  1.1226243048106297 0.1189606070994637]
 [0.0 0.0 0.0 0.0 0.0 0.0 0.0 0.0 0.0 0.0 0.0 1.0 0.0 0.0 0.0 0.0 0.0 0.0
  0.0 0.0 0.0 0.0 0.0 0.0 0.0 0.0 0.0 0.0 0.0 0.0 0.0 0.0 0.0 0.0 0.0 0.0
  0.0 0.0 0.0 1.0 0.0 0.0 1.0 1.5453194098373437 -0.5040818214535817
  0.632893399060835 0.5691263073253167 0.7278681198225285
  0.65867422536532 0.1189606070994637]
 [0.0 0.0 0.0 0.0 0.0 0.0 0.0 0.0 0.0 0.0 0.0 0.0 0.0 1.0 0.0 0.0 0.0 0.0
  0.0 0.0 0.0 0.0 0.0 0.0 0.0 0.0 0.0 0.0 0.0 0.0 0.0 0.0 0.0 0.0 0.0 0.0
  0.0 0.0 0.0 0.0 1.0 1.0 0.0 1.5453194098373437 0.8330495639972719
  -2.2691761356969766 -1.628101004937511 -0.8022981123428422
  -1.815726198343044 0.1189606070994637]
 [0.0 0.0 0.0 0.0 0.0 0.0 0.0 0.0 0.0 0.0 0.0 0.0 0.0 0.0 0.0 1.0 0.0 0.0
  0.0 0.0 0.0 0.0 0.0 0.0 0.0 0.0 0.0 0.0 0.0 0.0 0.0 0.0 0.0 0.0 0.0 0.0
  0.0 0.0 0.0 1.0 0.0 1.0 0.0 1.5453194098373437 0.31545031801629636
  -0.7741706177914373 -0.6293613175453168 0.06779641182962447
  0.4266991856426609 0.1189606070994637]
 [0.0 0.0 0.0 0.0 0.0 0.0 0.0 0.0 0.0 0.0 0.0 0.0 0.0 0.0 0.0 0.0 1.0 0.0
  0.0 0.0 0.0 0.0 0.0 0.0 0.0 0.0 0.0 0.0 0.0 0.0 0.0 0.0 0.0 0.0 0.0 0.0
  0.0 0.0 0.0 1.0 0.0 1.0 0.0 1.5453194098373437 -0.19136561034007563
  0.720834900114102 0.3693783698468777 1.0579039738189815
  1.1226243048106297 0.1189606070994637]] 
 
 
Val : (986, 50) 
 

FINISHED ENCODING
~~~~~~~~~~~~~~~~~~~~~~~~~~~~~~~~~~~~~~~~~~~~~~~~~~~~~~~~~~~~~~~~~~~~~~~~~~~~~~~
Number of Classes B4 Bin Verifier: 8
Unique values in y_train: (array([0., 1., 2., 3., 4., 5., 6., 7.]), 8)
Unique values in y_test: (array([0., 1., 2., 3., 4., 5., 6., 7.]), 8)
No need to shift labels.
VERIFY SHIFT
Train after shift : [0 1 2 3 4 5 6 7], Length : 8
Test after shift : [0 1 2 3 4 5 6 7], Length : 8
Number of Classes After Bin Verifier: 8
In get_device
Using dim 8 and batch size 64
{'dim': 32, 'depth': 3, 'heads': 4, 'dropout': 0.3}
Epoch 0 loss 2.072796583175659
Epoch 1 loss 2.034961223602295
Epoch 2 loss 1.9275429248809814
Epoch 3 loss 1.6825954914093018
Epoch 4 loss 1.428419589996338
Epoch 5 loss 1.2271809577941895
Epoch 6 loss 1.1354918479919434
Epoch 7 loss 1.052261471748352
Epoch 8 loss 0.9857627153396606
Epoch 9 loss 0.9772366881370544
Epoch 10 loss 0.9809385538101196
Epoch 11 loss 0.9260204434394836
Epoch 12 loss 0.9314679503440857
Epoch 13 loss 0.9220349788665771
Epoch 14 loss 0.9018832445144653
Epoch 15 loss 0.8967732191085815
Epoch 16 loss 0.9432505369186401
Epoch 17 loss 0.9597396850585938
Epoch 18 loss 0.9155091643333435
Epoch 19 loss 0.9049835801124573
Epoch 20 loss 0.879111647605896
Epoch 21 loss 0.9301260113716125
Epoch 22 loss 0.9397369623184204
Epoch 23 loss 0.8974246382713318
Epoch 24 loss 0.91019606590271
Epoch 25 loss 0.9177472591400146
Epoch 26 loss 0.8958860635757446
Epoch 27 loss 0.881037712097168
Epoch 28 loss 0.8989331722259521
Epoch 29 loss 0.8845950961112976
Epoch 30 loss 0.8768503665924072
Epoch 31 loss 0.9117035269737244
Epoch 32 loss 0.891472578048706
Epoch 33 loss 0.9408063888549805
Epoch 34 loss 0.9769514799118042
Epoch 35 loss 0.920200526714325
Epoch 36 loss 0.8906441926956177
Epoch 37 loss 0.9144282341003418
Epoch 38 loss 0.8993843793869019
Epoch 39 loss 0.8960810899734497
Epoch 40 loss 0.896424412727356
Epoch 41 loss 0.9062829613685608
Epoch 42 loss 0.8953250646591187
Epoch 43 loss 0.905448853969574
Epoch 44 loss 0.892050564289093
Epoch 45 loss 0.903918445110321
Epoch 46 loss 0.8970019817352295
Epoch 47 loss 0.895068347454071
Epoch 48 loss 0.9142818450927734
Epoch 49 loss 0.9082496762275696
Epoch 50 loss 0.9380436539649963
Epoch 51 loss 0.9104762077331543
Validation loss has not improved for 20 steps!
Early stopping applies.
State of save is False b4 loss saving
±±±±±±±±±±±±±±±±±±±±±±±±±±±±±±±±±±±±±±±±±±±±±±±±±±±±±±±±±±±±±±±±±±±±±±±±±±± 

B4 Evaluation
Number of classes : 8
Class label len :8
Class labels : [0, 1, 2, 3, 4, 5, 6, 7]
Unique y_true : [0 1 2 3 4 5 6 7] 

Prediction shape : (246,)
Probabilities shape : (246, 8) 

±±±±±±±±±±±±±±±±±±±±±±±±±±±±±±±±±±±±±±±±±±±±±±±±±±±±±±±±±±±±±±±±±±±±±±±±±±± 

After Evaluation
{'Log Loss - mean': 0.9045799999999999, 'Log Loss - std': 0.0445779048408514} 
 

Finished cross validation
Hyperparam was saved!!! Hurrah!!!
Trial 0 finished with value: 0.9045799999999999 and parameters: {'dim': 32, 'depth': 3, 'heads': 4, 'dropout': 0.3}. Best is trial 0 with value: 0.9045799999999999.
Best parameters After Trials: {'dim': 32, 'depth': 3, 'heads': 4, 'dropout': 0.3}
Parameters saved to YAML file!!!
In get_device
Using dim 32 and batch size 64
Fold 1
num_features : 10
num_classes : 1
cat_idx : [0]
nominal_idx : [0, 1, 8]
ordinal_idx : None
num_idx : None
cat_dims : [2]
bin_alt : None
~~~~~~~~~~~~~~~~~~~~~~~~~~~~~~~~~~~~~~~~~~~~~~~~~~~~~~~~~~~~~~~~~~~~~~~~~~~~~~~
BEFORE ANY ENCODING
num_features :10
num_classes : 1
cat_idx : [0]
nominal_idx : [0, 1, 8]
ordinal_idx : None
num_idx : None
cat_dims : [2]
bin_alt : None 


X shape : (985, 10)
~~~~~~~~~~~~~~~~~~~~~~~~~~~~~~~~~~~~~~~~~~~~~~~~~~~~~~~~~~~~~~~~~~~~~~~~~~~~~~~
~~~~~~~~~~~~~~~~~~~~~~~~~~~~~~~~~~~~~~~~~~~~~~~~~~~~~~~~~~~~~~~~~~~~~~~~~~~~~~~ 


AFTER SEPARATING CATEGORICALS AND NUMERICALS
Numerical Index V1 : [2, 3, 4, 5, 6, 7, 9]
Cat Dims V1 : []
Cat Idx V1 : [0, 1, 8] 
 

~~~~~~~~~~~~~~~~~~~~~~~~~~~~~~~~~~~~~~~~~~~~~~~~~~~~~~~~~~~~~~~~~~~~~~~~~~~~~~~ 


Scaling the data...
One Hot Encoding...
~~~~~~~~~~~~~~~~~~~~~~~~~~~~~~~~~~~~~~~~~~~~~~~~~~~~~~~~~~~~~~~~~~~~~~~~~~~~~~~
After OHE
Numerical Index V2 : [2, 3, 4, 5, 6, 7, 9] 


OHE Idx : [0, 1, 2, 3, 4, 5, 6, 7, 8, 9, 10, 11, 12, 13, 14, 15, 16, 17, 18, 19, 20, 21, 22, 23, 24, 25, 26, 27, 28, 29, 30, 31, 32, 33, 34, 35, 36, 37, 38, 39, 40, 41]


Ordinal Idx V2: None


Cat Dims V2 : []
Cat Idx V2 : None 
 

Train: [[0.0 1.0 0.0 0.0 0.0]
 [0.0 0.0 1.0 0.0 0.0]
 [0.0 0.0 0.0 0.0 1.0]
 [0.0 0.0 0.0 0.0 0.0]
 [0.0 0.0 0.0 0.0 0.0]
 [0.0 0.0 0.0 0.0 0.0]
 [0.0 0.0 0.0 0.0 0.0]
 [0.0 0.0 0.0 0.0 0.0]
 [0.0 0.0 0.0 0.0 0.0]
 [0.0 0.0 0.0 0.0 0.0]] 
 
 
Val : (985, 49) 
 

~~~~~~~~~~~~~~~~~~~~~~~~~~~~~~~~~~~~~~~~~~~~~~~~~~~~~~~~~~~~~~~~~~~~~~~~~~~~~~~
~~~~~~~~~~~~~~~~~~~~~~~~~~~~~~~~~~~~~~~~~~~~~~~~~~~~~~~~~~~~~~~~~~~~~~~~~~~~~~~
After ORDINAL
Numerical Index V2 : [2, 3, 4, 5, 6, 7, 9] 


OHE Idx : [0, 1, 2, 3, 4, 5, 6, 7, 8, 9, 10, 11, 12, 13, 14, 15, 16, 17, 18, 19, 20, 21, 22, 23, 24, 25, 26, 27, 28, 29, 30, 31, 32, 33, 34, 35, 36, 37, 38, 39, 40, 41]


Ordinal Idx V2: None


Cat Dims V2 : []
Cat Idx V2 : None 
 

Train: [[0.0 1.0 0.0 0.0 0.0 0.0 0.0 0.0 0.0 0.0 0.0 0.0 0.0 0.0 0.0 0.0 0.0 0.0
  0.0 0.0 0.0 0.0 0.0 0.0 0.0 0.0 0.0 0.0 0.0 0.0 0.0 0.0 0.0 0.0 0.0 0.0
  0.0 0.0 0.0 1.0 1.0 0.0 1.54401046003895 -0.2932461762834204
  0.005101287982464569 0.11257683392679009 0.6073689431980099
  -0.017330738916979668 0.15210539120410443]
 [0.0 0.0 1.0 0.0 0.0 0.0 0.0 0.0 0.0 0.0 0.0 0.0 0.0 0.0 0.0 0.0 0.0 0.0
  0.0 0.0 0.0 0.0 0.0 0.0 0.0 0.0 0.0 0.0 0.0 0.0 0.0 0.0 0.0 0.0 0.0 0.0
  0.0 0.0 0.0 1.0 0.0 1.0 1.54401046003895 -1.2331085745177286
  1.1511011584291242 -0.42311486374418245 -0.2622798719624465
  -0.9484640752747441 0.15210539120410443]
 [0.0 0.0 0.0 0.0 1.0 0.0 0.0 0.0 0.0 0.0 0.0 0.0 0.0 0.0 0.0 0.0 0.0 0.0
  0.0 0.0 0.0 0.0 0.0 0.0 0.0 0.0 0.0 0.0 0.0 0.0 0.0 0.0 0.0 0.0 0.0 0.0
  0.0 0.0 1.0 0.0 1.0 0.0 1.54401046003895 0.9670238577125837
  -1.0527447462759905 -0.757922174788545 0.5174052726641695
  0.06026370577950071 0.15210539120410443]
 [0.0 0.0 0.0 0.0 0.0 0.0 1.0 0.0 0.0 0.0 0.0 0.0 0.0 0.0 0.0 0.0 0.0 0.0
  0.0 0.0 0.0 0.0 0.0 0.0 0.0 0.0 0.0 0.0 0.0 0.0 0.0 0.0 0.0 0.0 0.0 0.0
  0.0 0.0 0.0 1.0 1.0 0.0 1.54401046003895 0.46505189501926003
  -1.757975435781627 -1.6284211835038873 -0.592146663919865
  -1.4916251881501068 0.15210539120410443]
 [0.0 0.0 0.0 0.0 0.0 0.0 0.0 1.0 0.0 0.0 0.0 0.0 0.0 0.0 0.0 0.0 0.0 0.0
  0.0 0.0 0.0 0.0 0.0 0.0 0.0 0.0 0.0 0.0 0.0 0.0 0.0 0.0 0.0 0.0 0.0 0.0
  0.0 0.0 1.0 0.0 1.0 0.0 1.54401046003895 -0.42140923058809876
  0.35771663273528287 -0.5570377881619274 0.7273205039097973
  -0.32770851770290116 0.15210539120410443]
 [0.0 0.0 0.0 0.0 0.0 0.0 0.0 0.0 1.0 0.0 0.0 0.0 0.0 0.0 0.0 0.0 0.0 0.0
  0.0 0.0 0.0 0.0 0.0 0.0 0.0 0.0 0.0 0.0 0.0 0.0 0.0 0.0 0.0 0.0 0.0 0.0
  0.0 0.0 0.0 1.0 0.0 1.0 1.54401046003895 -1.361271628822407
  1.4155626669937378 -0.757922174788545 0.39745371195238216
  -0.6380862964888226 0.15210539120410443]
 [0.0 0.0 0.0 0.0 0.0 0.0 0.0 0.0 0.0 0.0 1.0 0.0 0.0 0.0 0.0 0.0 0.0 0.0
  0.0 0.0 0.0 0.0 0.0 0.0 0.0 0.0 0.0 0.0 0.0 0.0 0.0 0.0 0.0 0.0 0.0 0.0
  0.0 0.0 0.0 1.0 1.0 0.0 1.54401046003895 1.8641652378453324
  -1.4935139272170133 0.24649975834454252 1.147150966401053
  1.1465859315302174 0.15210539120410443]
 [0.0 0.0 0.0 0.0 0.0 0.0 0.0 0.0 0.0 0.0 0.0 1.0 0.0 0.0 0.0 0.0 0.0 0.0
  0.0 0.0 0.0 0.0 0.0 0.0 0.0 0.0 0.0 0.0 0.0 0.0 0.0 0.0 0.0 0.0 0.0 0.0
  0.0 0.0 1.0 0.0 0.0 1.0 1.54401046003895 -0.485490757740438
  0.6221781412998967 0.581307069388905 0.7273205039097973
  0.6810192633513437 0.15210539120410443]
 [0.0 0.0 0.0 0.0 0.0 0.0 0.0 0.0 0.0 0.0 0.0 0.0 0.0 0.0 0.0 1.0 0.0 0.0
  0.0 0.0 0.0 0.0 0.0 0.0 0.0 0.0 0.0 0.0 0.0 0.0 0.0 0.0 0.0 0.0 0.0 0.0
  0.0 0.0 1.0 0.0 1.0 0.0 1.54401046003895 0.3262085861891918
  -0.7882832377113766 -0.6239992503708 0.06758691999496864
  0.4482359292619026 0.15210539120410443]
 [0.0 0.0 0.0 0.0 0.0 0.0 0.0 0.0 0.0 0.0 0.0 0.0 0.0 0.0 0.0 0.0 1.0 0.0
  0.0 0.0 0.0 0.0 0.0 0.0 0.0 0.0 0.0 0.0 0.0 0.0 0.0 0.0 0.0 0.0 0.0 0.0
  0.0 0.0 1.0 0.0 1.0 0.0 1.54401046003895 -0.17576337650413187
  0.7103319774881012 0.3804226827622875 1.0571872958672126
  1.1465859315302174 0.15210539120410443]] 
 
 
Val : (985, 49) 
 

FINISHED ENCODING
~~~~~~~~~~~~~~~~~~~~~~~~~~~~~~~~~~~~~~~~~~~~~~~~~~~~~~~~~~~~~~~~~~~~~~~~~~~~~~~
Number of Classes B4 Bin Verifier: 8
Unique values in y_train: (array([0., 1., 2., 3., 4., 5., 6., 7.]), 8)
Unique values in y_test: (array([0., 1., 2., 3., 4., 5., 6., 7.]), 8)
No need to shift labels.
VERIFY SHIFT
Train after shift : [0 1 2 3 4 5 6 7], Length : 8
Test after shift : [0 1 2 3 4 5 6 7], Length : 8
Number of Classes After Bin Verifier: 8
In get_device
Using dim 32 and batch size 64
{'dim': 32, 'depth': 3, 'heads': 4, 'dropout': 0.3}
Epoch 0 loss 1.7860872745513916
Epoch 1 loss 1.3964728116989136
Epoch 2 loss 1.1801748275756836
Epoch 3 loss 1.0217580795288086
Epoch 4 loss 1.0505133867263794
Epoch 5 loss 1.1036865711212158
Epoch 6 loss 1.0061976909637451
Epoch 7 loss 1.0318164825439453
Epoch 8 loss 1.0398623943328857
Epoch 9 loss 0.9162367582321167
Epoch 10 loss 1.0561530590057373
Epoch 11 loss 0.9705421924591064
Epoch 12 loss 0.9472829103469849
Epoch 13 loss 0.9751389026641846
Epoch 14 loss 0.9475439190864563
Epoch 15 loss 0.9491215944290161
Epoch 16 loss 0.9967223405838013
Epoch 17 loss 0.97150719165802
Epoch 18 loss 1.0304664373397827
Epoch 19 loss 0.9878751039505005
Epoch 20 loss 1.0641753673553467
Epoch 21 loss 1.0686092376708984
Epoch 22 loss 1.0435506105422974
Epoch 23 loss 1.0199226140975952
Epoch 24 loss 0.9891372919082642
Epoch 25 loss 1.0162456035614014
Epoch 26 loss 1.0880420207977295
Epoch 27 loss 1.0914232730865479
Epoch 28 loss 1.1216378211975098
Epoch 29 loss 1.1122748851776123
Epoch 30 loss 1.1507837772369385
Validation loss has not improved for 20 steps!
Early stopping applies.
State of save is True b4 loss saving
Log file exists at: output/SAINT/Moneyball/logging/loss_0.txt
File name : output/SAINT/Moneyball/logging/loss_0.txt . The file was saved
Log file exists at: output/SAINT/Moneyball/logging/val_loss_0.txt
File name : output/SAINT/Moneyball/logging/val_loss_0.txt . The file was saved
Saved Losses and Regularization
±±±±±±±±±±±±±±±±±±±±±±±±±±±±±±±±±±±±±±±±±±±±±±±±±±±±±±±±±±±±±±±±±±±±±±±±±±± 

B4 Evaluation
Number of classes : 8
Class label len :8
Class labels : [0, 1, 2, 3, 4, 5, 6, 7]
Unique y_true : [0 1 2 3 4 5 6 7] 

Prediction shape : (247,)
Probabilities shape : (247, 8) 

±±±±±±±±±±±±±±±±±±±±±±±±±±±±±±±±±±±±±±±±±±±±±±±±±±±±±±±±±±±±±±±±±±±±±±±±±±± 

After Evaluation
{'Log Loss - mean': 0.9134, 'Log Loss - std': 0.0} 
 

Fold 2
num_features : 10
num_classes : 1
cat_idx : [0]
nominal_idx : [0, 1, 8]
ordinal_idx : None
num_idx : None
cat_dims : [2]
bin_alt : None
~~~~~~~~~~~~~~~~~~~~~~~~~~~~~~~~~~~~~~~~~~~~~~~~~~~~~~~~~~~~~~~~~~~~~~~~~~~~~~~
BEFORE ANY ENCODING
num_features :10
num_classes : 1
cat_idx : [0]
nominal_idx : [0, 1, 8]
ordinal_idx : None
num_idx : None
cat_dims : [2]
bin_alt : None 


X shape : (985, 10)
~~~~~~~~~~~~~~~~~~~~~~~~~~~~~~~~~~~~~~~~~~~~~~~~~~~~~~~~~~~~~~~~~~~~~~~~~~~~~~~
~~~~~~~~~~~~~~~~~~~~~~~~~~~~~~~~~~~~~~~~~~~~~~~~~~~~~~~~~~~~~~~~~~~~~~~~~~~~~~~ 


AFTER SEPARATING CATEGORICALS AND NUMERICALS
Numerical Index V1 : [2, 3, 4, 5, 6, 7, 9]
Cat Dims V1 : []
Cat Idx V1 : [0, 1, 8] 
 

~~~~~~~~~~~~~~~~~~~~~~~~~~~~~~~~~~~~~~~~~~~~~~~~~~~~~~~~~~~~~~~~~~~~~~~~~~~~~~~ 


Scaling the data...
One Hot Encoding...
~~~~~~~~~~~~~~~~~~~~~~~~~~~~~~~~~~~~~~~~~~~~~~~~~~~~~~~~~~~~~~~~~~~~~~~~~~~~~~~
After OHE
Numerical Index V2 : [2, 3, 4, 5, 6, 7, 9] 


OHE Idx : [0, 1, 2, 3, 4, 5, 6, 7, 8, 9, 10, 11, 12, 13, 14, 15, 16, 17, 18, 19, 20, 21, 22, 23, 24, 25, 26, 27, 28, 29, 30, 31, 32, 33, 34, 35, 36, 37, 38, 39, 40, 41, 42]


Ordinal Idx V2: None


Cat Dims V2 : []
Cat Idx V2 : None 
 

Train: [[0.0 1.0 0.0 0.0 0.0]
 [0.0 0.0 1.0 0.0 0.0]
 [0.0 0.0 0.0 1.0 0.0]
 [0.0 0.0 0.0 0.0 0.0]
 [0.0 0.0 0.0 0.0 0.0]
 [0.0 0.0 0.0 0.0 0.0]
 [0.0 0.0 0.0 0.0 0.0]
 [0.0 0.0 0.0 0.0 0.0]
 [0.0 0.0 0.0 0.0 0.0]
 [0.0 0.0 0.0 0.0 0.0]] 
 
 
Val : (985, 50) 
 

~~~~~~~~~~~~~~~~~~~~~~~~~~~~~~~~~~~~~~~~~~~~~~~~~~~~~~~~~~~~~~~~~~~~~~~~~~~~~~~
~~~~~~~~~~~~~~~~~~~~~~~~~~~~~~~~~~~~~~~~~~~~~~~~~~~~~~~~~~~~~~~~~~~~~~~~~~~~~~~
After ORDINAL
Numerical Index V2 : [2, 3, 4, 5, 6, 7, 9] 


OHE Idx : [0, 1, 2, 3, 4, 5, 6, 7, 8, 9, 10, 11, 12, 13, 14, 15, 16, 17, 18, 19, 20, 21, 22, 23, 24, 25, 26, 27, 28, 29, 30, 31, 32, 33, 34, 35, 36, 37, 38, 39, 40, 41, 42]


Ordinal Idx V2: None


Cat Dims V2 : []
Cat Idx V2 : None 
 

Train: [[0.0 1.0 0.0 0.0 0.0 0.0 0.0 0.0 0.0 0.0 0.0 0.0 0.0 0.0 0.0 0.0 0.0 0.0
  0.0 0.0 0.0 0.0 0.0 0.0 0.0 0.0 0.0 0.0 0.0 0.0 0.0 0.0 0.0 0.0 0.0 0.0
  0.0 0.0 0.0 0.0 1.0 1.0 0.0 1.5518309595756514 -0.2984739322018782
  0.03428077988573539 0.124993940297029 0.6192431259002107
  -0.016467038676321873 0.12620928561553893]
 [0.0 0.0 1.0 0.0 0.0 0.0 0.0 0.0 0.0 0.0 0.0 0.0 0.0 0.0 0.0 0.0 0.0 0.0
  0.0 0.0 0.0 0.0 0.0 0.0 0.0 0.0 0.0 0.0 0.0 0.0 0.0 0.0 0.0 0.0 0.0 0.0
  0.0 0.0 0.0 0.0 1.0 0.0 1.0 1.5518309595756514 -1.225908705762921
  1.154090439163381 -0.4008748528373132 -0.24374559885655983
  -0.9433260727437409 0.12620928561553893]
 [0.0 0.0 0.0 1.0 0.0 0.0 0.0 0.0 0.0 0.0 0.0 0.0 0.0 0.0 0.0 0.0 0.0 0.0
  0.0 0.0 0.0 0.0 0.0 0.0 0.0 0.0 0.0 0.0 0.0 0.0 0.0 0.0 0.0 0.0 0.0 0.0
  0.0 0.0 0.0 1.0 0.0 0.0 1.0 1.5518309595756514 -0.11931039640031312
  1.0679512346035622 -0.9924772451134565 0.5894848940120462
  -0.9433260727437409 0.12620928561553893]
 [0.0 0.0 0.0 0.0 0.0 0.0 1.0 0.0 0.0 0.0 0.0 0.0 0.0 0.0 0.0 0.0 0.0 0.0
  0.0 0.0 0.0 0.0 0.0 0.0 0.0 0.0 0.0 0.0 0.0 0.0 0.0 0.0 0.0 0.0 0.0 0.0
  0.0 0.0 0.0 0.0 1.0 1.0 0.0 1.5518309595756514 0.4497973055575995
  -1.6885033113106425 -1.5840796373895998 -0.5710861496263733
  -1.4839938426164019 0.12620928561553893]
 [0.0 0.0 0.0 0.0 0.0 0.0 0.0 1.0 0.0 0.0 0.0 0.0 0.0 0.0 0.0 0.0 0.0 0.0
  0.0 0.0 0.0 0.0 0.0 0.0 0.0 0.0 0.0 0.0 0.0 0.0 0.0 0.0 0.0 0.0 0.0 0.0
  0.0 0.0 0.0 1.0 0.0 1.0 0.0 1.5518309595756514 -0.42494231041474767
  0.378837598125011 -0.5323420511209006 0.738276053452869
  -0.3254200500321282 0.12620928561553893]
 [0.0 0.0 0.0 0.0 0.0 0.0 0.0 0.0 1.0 0.0 0.0 0.0 0.0 0.0 0.0 0.0 0.0 0.0
  0.0 0.0 0.0 0.0 0.0 0.0 0.0 0.0 0.0 0.0 0.0 0.0 0.0 0.0 0.0 0.0 0.0 0.0
  0.0 0.0 0.0 0.0 1.0 0.0 1.0 1.5518309595756514 -1.3523770839757905
  1.4125080528428378 -0.7295428485462817 0.4109355026830588
  -0.6343730613879346 0.12620928561553893]
 [0.0 0.0 0.0 0.0 0.0 0.0 0.0 0.0 0.0 1.0 0.0 0.0 0.0 0.0 0.0 0.0 0.0 0.0
  0.0 0.0 0.0 0.0 0.0 0.0 0.0 0.0 0.0 0.0 0.0 0.0 0.0 0.0 0.0 0.0 0.0 0.0
  0.0 0.0 0.0 1.0 0.0 1.0 0.0 1.5518309595756514 1.356154016083164
  -1.0855288793919102 -0.13794045627013848 -0.4818114539618763
  -0.6343730613879346 0.12620928561553893]
 [0.0 0.0 0.0 0.0 0.0 0.0 0.0 0.0 0.0 0.0 0.0 1.0 0.0 0.0 0.0 0.0 0.0 0.0
  0.0 0.0 0.0 0.0 0.0 0.0 0.0 0.0 0.0 0.0 0.0 0.0 0.0 0.0 0.0 0.0 0.0 0.0
  0.0 0.0 0.0 1.0 0.0 0.0 1.0 1.5518309595756514 -0.48817649952118236
  0.6372552118044676 0.5851291342895921 0.738276053452869
  0.6786772368742424 0.12620928561553893]
 [0.0 0.0 0.0 0.0 0.0 0.0 0.0 0.0 0.0 0.0 0.0 0.0 0.0 1.0 0.0 0.0 0.0 0.0
  0.0 0.0 0.0 0.0 0.0 0.0 0.0 0.0 0.0 0.0 0.0 0.0 0.0 0.0 0.0 0.0 0.0 0.0
  0.0 0.0 0.0 0.0 1.0 1.0 0.0 1.5518309595756514 0.8186634086784688
  -2.205338538669556 -1.5840796373895998 -0.7793937728435218
  -1.7929468539722082 0.12620928561553893]
 [0.0 0.0 0.0 0.0 0.0 0.0 0.0 0.0 0.0 0.0 0.0 0.0 0.0 0.0 0.0 0.0 1.0 0.0
  0.0 0.0 0.0 0.0 0.0 0.0 0.0 0.0 0.0 0.0 0.0 0.0 0.0 0.0 0.0 0.0 0.0 0.0
  0.0 0.0 0.0 1.0 0.0 1.0 0.0 1.5518309595756514 -0.18254458550674785
  0.7233944163642866 0.3879283368642111 1.0656166042226791
  1.1421067539079433 0.12620928561553893]] 
 
 
Val : (985, 50) 
 

FINISHED ENCODING
~~~~~~~~~~~~~~~~~~~~~~~~~~~~~~~~~~~~~~~~~~~~~~~~~~~~~~~~~~~~~~~~~~~~~~~~~~~~~~~
Number of Classes B4 Bin Verifier: 8
Unique values in y_train: (array([0., 1., 2., 3., 4., 5., 6., 7.]), 8)
Unique values in y_test: (array([0., 1., 2., 3., 4., 5., 6., 7.]), 8)
No need to shift labels.
VERIFY SHIFT
Train after shift : [0 1 2 3 4 5 6 7], Length : 8
Test after shift : [0 1 2 3 4 5 6 7], Length : 8
Number of Classes After Bin Verifier: 8
In get_device
Using dim 8 and batch size 64
{'dim': 32, 'depth': 3, 'heads': 4, 'dropout': 0.3}
Epoch 0 loss 2.054924964904785
Epoch 1 loss 1.9747296571731567
Epoch 2 loss 1.806973934173584
Epoch 3 loss 1.6591286659240723
Epoch 4 loss 1.5020678043365479
Epoch 5 loss 1.3520843982696533
Epoch 6 loss 1.233030915260315
Epoch 7 loss 1.1649415493011475
Epoch 8 loss 1.0937731266021729
Epoch 9 loss 1.0400017499923706
Epoch 10 loss 0.9916298389434814
Epoch 11 loss 0.9550310373306274
Epoch 12 loss 0.9900122880935669
Epoch 13 loss 0.9566246271133423
Epoch 14 loss 0.9105255007743835
Epoch 15 loss 0.9012171030044556
Epoch 16 loss 0.8919811248779297
Epoch 17 loss 0.8919194936752319
Epoch 18 loss 0.8807039260864258
Epoch 19 loss 0.8586475253105164
Epoch 20 loss 0.8726224899291992
Epoch 21 loss 0.8742172122001648
Epoch 22 loss 0.9098292589187622
Epoch 23 loss 0.8615970611572266
Epoch 24 loss 0.8782209157943726
Epoch 25 loss 0.8929252028465271
Epoch 26 loss 0.9124228358268738
Epoch 27 loss 0.8918379545211792
Epoch 28 loss 0.8644430041313171
Epoch 29 loss 0.8825006484985352
Epoch 30 loss 0.8626883625984192
Epoch 31 loss 0.8784502744674683
Epoch 32 loss 0.8661071062088013
Epoch 33 loss 0.8669341802597046
Epoch 34 loss 0.8723363876342773
Epoch 35 loss 0.8511748313903809
Epoch 36 loss 0.8757878541946411
Epoch 37 loss 0.8528645634651184
Epoch 38 loss 0.8724657297134399
Epoch 39 loss 0.8423852920532227
Epoch 40 loss 0.8692042231559753
Epoch 41 loss 0.902506947517395
Epoch 42 loss 0.9220237731933594
Epoch 43 loss 0.8566877841949463
Epoch 44 loss 0.8640389442443848
Epoch 45 loss 0.8688616752624512
Epoch 46 loss 0.8702285289764404
Epoch 47 loss 0.8515473008155823
Epoch 48 loss 0.89125657081604
Epoch 49 loss 0.8772774934768677
Epoch 50 loss 0.8540852665901184
Epoch 51 loss 0.8564739227294922
Epoch 52 loss 0.8594083786010742
Epoch 53 loss 0.8756381273269653
Epoch 54 loss 0.9273989200592041
Epoch 55 loss 0.8832862377166748
Epoch 56 loss 0.8754156231880188
Epoch 57 loss 0.8854490518569946
Epoch 58 loss 0.8842959403991699
Epoch 59 loss 0.9013745188713074
Epoch 60 loss 0.8921033143997192
Validation loss has not improved for 20 steps!
Early stopping applies.
State of save is True b4 loss saving
Log file exists at: output/SAINT/Moneyball/logging/loss_1.txt
File name : output/SAINT/Moneyball/logging/loss_1.txt . The file was saved
Log file exists at: output/SAINT/Moneyball/logging/val_loss_1.txt
File name : output/SAINT/Moneyball/logging/val_loss_1.txt . The file was saved
Saved Losses and Regularization
±±±±±±±±±±±±±±±±±±±±±±±±±±±±±±±±±±±±±±±±±±±±±±±±±±±±±±±±±±±±±±±±±±±±±±±±±±± 

B4 Evaluation
Number of classes : 8
Class label len :8
Class labels : [0, 1, 2, 3, 4, 5, 6, 7]
Unique y_true : [0 1 2 3 4 5 6 7] 

Prediction shape : (247,)
Probabilities shape : (247, 8) 

±±±±±±±±±±±±±±±±±±±±±±±±±±±±±±±±±±±±±±±±±±±±±±±±±±±±±±±±±±±±±±±±±±±±±±±±±±± 

After Evaluation
{'Log Loss - mean': 0.8797999999999999, 'Log Loss - std': 0.03360000000000002} 
 

Fold 3
num_features : 10
num_classes : 1
cat_idx : [0]
nominal_idx : [0, 1, 8]
ordinal_idx : None
num_idx : None
cat_dims : [2]
bin_alt : None
~~~~~~~~~~~~~~~~~~~~~~~~~~~~~~~~~~~~~~~~~~~~~~~~~~~~~~~~~~~~~~~~~~~~~~~~~~~~~~~
BEFORE ANY ENCODING
num_features :10
num_classes : 1
cat_idx : [0]
nominal_idx : [0, 1, 8]
ordinal_idx : None
num_idx : None
cat_dims : [2]
bin_alt : None 


X shape : (986, 10)
~~~~~~~~~~~~~~~~~~~~~~~~~~~~~~~~~~~~~~~~~~~~~~~~~~~~~~~~~~~~~~~~~~~~~~~~~~~~~~~
~~~~~~~~~~~~~~~~~~~~~~~~~~~~~~~~~~~~~~~~~~~~~~~~~~~~~~~~~~~~~~~~~~~~~~~~~~~~~~~ 


AFTER SEPARATING CATEGORICALS AND NUMERICALS
Numerical Index V1 : [2, 3, 4, 5, 6, 7, 9]
Cat Dims V1 : []
Cat Idx V1 : [0, 1, 8] 
 

~~~~~~~~~~~~~~~~~~~~~~~~~~~~~~~~~~~~~~~~~~~~~~~~~~~~~~~~~~~~~~~~~~~~~~~~~~~~~~~ 


Scaling the data...
One Hot Encoding...
~~~~~~~~~~~~~~~~~~~~~~~~~~~~~~~~~~~~~~~~~~~~~~~~~~~~~~~~~~~~~~~~~~~~~~~~~~~~~~~
After OHE
Numerical Index V2 : [2, 3, 4, 5, 6, 7, 9] 


OHE Idx : [0, 1, 2, 3, 4, 5, 6, 7, 8, 9, 10, 11, 12, 13, 14, 15, 16, 17, 18, 19, 20, 21, 22, 23, 24, 25, 26, 27, 28, 29, 30, 31, 32, 33, 34, 35, 36, 37, 38, 39, 40, 41, 42]


Ordinal Idx V2: None


Cat Dims V2 : []
Cat Idx V2 : None 
 

Train: [[0.0 1.0 0.0 0.0 0.0]
 [0.0 0.0 1.0 0.0 0.0]
 [0.0 0.0 0.0 1.0 0.0]
 [0.0 0.0 0.0 0.0 1.0]
 [0.0 0.0 0.0 0.0 0.0]
 [0.0 0.0 0.0 0.0 0.0]
 [0.0 0.0 0.0 0.0 0.0]
 [0.0 0.0 0.0 0.0 0.0]
 [0.0 0.0 0.0 0.0 0.0]
 [0.0 0.0 0.0 0.0 0.0]] 
 
 
Val : (986, 50) 
 

~~~~~~~~~~~~~~~~~~~~~~~~~~~~~~~~~~~~~~~~~~~~~~~~~~~~~~~~~~~~~~~~~~~~~~~~~~~~~~~
~~~~~~~~~~~~~~~~~~~~~~~~~~~~~~~~~~~~~~~~~~~~~~~~~~~~~~~~~~~~~~~~~~~~~~~~~~~~~~~
After ORDINAL
Numerical Index V2 : [2, 3, 4, 5, 6, 7, 9] 


OHE Idx : [0, 1, 2, 3, 4, 5, 6, 7, 8, 9, 10, 11, 12, 13, 14, 15, 16, 17, 18, 19, 20, 21, 22, 23, 24, 25, 26, 27, 28, 29, 30, 31, 32, 33, 34, 35, 36, 37, 38, 39, 40, 41, 42]


Ordinal Idx V2: None


Cat Dims V2 : []
Cat Idx V2 : None 
 

Train: [[0.0 1.0 0.0 0.0 0.0 0.0 0.0 0.0 0.0 0.0 0.0 0.0 0.0 0.0 0.0 0.0 0.0 0.0
  0.0 0.0 0.0 0.0 0.0 0.0 0.0 0.0 0.0 0.0 0.0 0.0 0.0 0.0 0.0 0.0 0.0 0.0
  0.0 0.0 0.0 0.0 1.0 1.0 0.0 1.5511319556733212 -0.29955527895669254
  0.006058531598584041 0.10159790047279765 0.6382535614917421
  -0.02166551570739544 0.1324923812219859]
 [0.0 0.0 1.0 0.0 0.0 0.0 0.0 0.0 0.0 0.0 0.0 0.0 0.0 0.0 0.0 0.0 0.0 0.0
  0.0 0.0 0.0 0.0 0.0 0.0 0.0 0.0 0.0 0.0 0.0 0.0 0.0 0.0 0.0 0.0 0.0 0.0
  0.0 0.0 0.0 0.0 1.0 0.0 1.0 1.5511319556733212 -1.2648248019081667
  1.1480917379316513 -0.44025756871546906 -0.24974869314502668
  -0.9675931240096076 0.1324923812219859]
 [0.0 0.0 0.0 1.0 0.0 0.0 0.0 0.0 0.0 0.0 0.0 0.0 0.0 0.0 0.0 0.0 0.0 0.0
  0.0 0.0 0.0 0.0 0.0 0.0 0.0 0.0 0.0 0.0 0.0 0.0 0.0 0.0 0.0 0.0 0.0 0.0
  0.0 0.0 0.0 1.0 0.0 0.0 1.0 1.5511319556733212 -0.11308275747743048
  1.0602430297521845 -1.0498449715522775 0.6076327940904741
  -0.9675931240096076 0.1324923812219859]
 [0.0 0.0 0.0 0.0 1.0 0.0 0.0 0.0 0.0 0.0 0.0 0.0 0.0 0.0 0.0 0.0 0.0 0.0
  0.0 0.0 0.0 0.0 0.0 0.0 0.0 0.0 0.0 0.0 0.0 0.0 0.0 0.0 0.0 0.0 0.0 0.0
  0.0 0.0 0.0 1.0 0.0 1.0 0.0 1.5511319556733212 0.9947833995464206
  -1.0481259665550164 -0.7789172369581404 0.5463912592879382
  0.05716178498445557 0.1324923812219859]
 [0.0 0.0 0.0 0.0 0.0 0.0 1.0 0.0 0.0 0.0 0.0 0.0 0.0 0.0 0.0 0.0 0.0 0.0
  0.0 0.0 0.0 0.0 0.0 0.0 0.0 0.0 0.0 0.0 0.0 0.0 0.0 0.0 0.0 0.0 0.0 0.0
  0.0 0.0 0.0 0.0 1.0 1.0 0.0 1.5511319556733212 0.4792417225155196
  -1.7509156319907502 -1.659432374389086 -0.5865771345589774
  -1.5193842288525647 0.1324923812219859]
 [0.0 0.0 0.0 0.0 0.0 0.0 0.0 0.0 1.0 0.0 0.0 0.0 0.0 0.0 0.0 0.0 0.0 0.0
  0.0 0.0 0.0 0.0 0.0 0.0 0.0 0.0 0.0 0.0 0.0 0.0 0.0 0.0 0.0 0.0 0.0 0.0
  0.0 0.0 0.0 0.0 1.0 0.0 1.0 1.5511319556733212 -1.3964524641288223
  1.4116378624700514 -0.7789172369581404 0.4239081896828664
  -0.6522839212422036 0.1324923812219859]
 [0.0 0.0 0.0 0.0 0.0 0.0 0.0 0.0 0.0 1.0 0.0 0.0 0.0 0.0 0.0 0.0 0.0 0.0
  0.0 0.0 0.0 0.0 0.0 0.0 0.0 0.0 0.0 0.0 0.0 0.0 0.0 0.0 0.0 0.0 0.0 0.0
  0.0 0.0 0.0 1.0 0.0 1.0 0.0 1.5511319556733212 1.4225733017635511
  -1.1359746747344832 -0.16932983412133193 -0.4947148323551702
  -0.6522839212422036 0.1324923812219859]
 [0.0 0.0 0.0 0.0 0.0 0.0 0.0 0.0 0.0 0.0 1.0 0.0 0.0 0.0 0.0 0.0 0.0 0.0
  0.0 0.0 0.0 0.0 0.0 0.0 0.0 0.0 0.0 0.0 0.0 0.0 0.0 0.0 0.0 0.0 0.0 0.0
  0.0 0.0 0.0 0.0 1.0 1.0 0.0 1.5511319556733212 1.9161770350910097
  -1.48736950745235 0.23706176776987373 1.189427374714565
  1.160743994670361 0.1324923812219859]
 [0.0 0.0 0.0 0.0 0.0 0.0 0.0 0.0 0.0 0.0 0.0 1.0 0.0 0.0 0.0 0.0 0.0 0.0
  0.0 0.0 0.0 0.0 0.0 0.0 0.0 0.0 0.0 0.0 0.0 0.0 0.0 0.0 0.0 0.0 0.0 0.0
  0.0 0.0 0.0 1.0 0.0 0.0 1.0 1.5511319556733212 -0.4969967722876759
  0.620999488854851 0.5757214360125451 0.7607366310968138
  0.6877801905192638 0.1324923812219859]
 [0.0 0.0 0.0 0.0 0.0 0.0 0.0 0.0 0.0 0.0 0.0 0.0 0.0 1.0 0.0 0.0 0.0 0.0
  0.0 0.0 0.0 0.0 0.0 0.0 0.0 0.0 0.0 0.0 0.0 0.0 0.0 0.0 0.0 0.0 0.0 0.0
  0.0 0.0 0.0 0.0 1.0 1.0 0.0 1.5511319556733212 0.863155737325765
  -2.2780078810675506 -1.659432374389086 -0.8009225063678497
  -1.8346934316199688 0.1324923812219859]] 
 
 
Val : (986, 50) 
 

FINISHED ENCODING
~~~~~~~~~~~~~~~~~~~~~~~~~~~~~~~~~~~~~~~~~~~~~~~~~~~~~~~~~~~~~~~~~~~~~~~~~~~~~~~
Number of Classes B4 Bin Verifier: 8
Unique values in y_train: (array([0., 1., 2., 3., 4., 5., 6., 7.]), 8)
Unique values in y_test: (array([0., 1., 2., 3., 4., 5., 6., 7.]), 8)
No need to shift labels.
VERIFY SHIFT
Train after shift : [0 1 2 3 4 5 6 7], Length : 8
Test after shift : [0 1 2 3 4 5 6 7], Length : 8
Number of Classes After Bin Verifier: 8
In get_device
Using dim 8 and batch size 64
{'dim': 32, 'depth': 3, 'heads': 4, 'dropout': 0.3}
Epoch 0 loss 2.0348596572875977
Epoch 1 loss 1.9382305145263672
Epoch 2 loss 1.7384147644042969
Epoch 3 loss 1.5625838041305542
Epoch 4 loss 1.422238826751709
Epoch 5 loss 1.291770577430725
Epoch 6 loss 1.2228443622589111
Epoch 7 loss 1.1399822235107422
Epoch 8 loss 1.0892467498779297
Epoch 9 loss 1.0527386665344238
Epoch 10 loss 1.0609171390533447
Epoch 11 loss 1.016819953918457
Epoch 12 loss 0.9955649375915527
Epoch 13 loss 0.9617065787315369
Epoch 14 loss 0.9588367938995361
Epoch 15 loss 0.9197386503219604
Epoch 16 loss 0.9294413924217224
Epoch 17 loss 0.9014716148376465
Epoch 18 loss 0.9201582670211792
Epoch 19 loss 0.8952546119689941
Epoch 20 loss 0.8933705687522888
Epoch 21 loss 0.889748215675354
Epoch 22 loss 0.8775342106819153
Epoch 23 loss 0.8695451021194458
Epoch 24 loss 0.9191688299179077
Epoch 25 loss 0.9212870597839355
Epoch 26 loss 0.9220638871192932
Epoch 27 loss 0.8824678063392639
Epoch 28 loss 0.8766469359397888
Epoch 29 loss 0.8759294748306274
Epoch 30 loss 0.8978331089019775
Epoch 31 loss 0.87034672498703
Epoch 32 loss 0.884873628616333
Epoch 33 loss 0.9125926494598389
Epoch 34 loss 0.8849297165870667
Epoch 35 loss 0.9294819235801697
Epoch 36 loss 0.9178304672241211
Epoch 37 loss 0.8993350863456726
Epoch 38 loss 0.9192306399345398
Epoch 39 loss 0.8889030814170837
Epoch 40 loss 0.9249762296676636
Epoch 41 loss 0.9078360795974731
Epoch 42 loss 0.9450693726539612
Epoch 43 loss 0.9451980590820312
Epoch 44 loss 0.8914436101913452
Validation loss has not improved for 20 steps!
Early stopping applies.
State of save is True b4 loss saving
Log file exists at: output/SAINT/Moneyball/logging/loss_2.txt
File name : output/SAINT/Moneyball/logging/loss_2.txt . The file was saved
Log file exists at: output/SAINT/Moneyball/logging/val_loss_2.txt
File name : output/SAINT/Moneyball/logging/val_loss_2.txt . The file was saved
Saved Losses and Regularization
±±±±±±±±±±±±±±±±±±±±±±±±±±±±±±±±±±±±±±±±±±±±±±±±±±±±±±±±±±±±±±±±±±±±±±±±±±± 

B4 Evaluation
Number of classes : 8
Class label len :8
Class labels : [0, 1, 2, 3, 4, 5, 6, 7]
Unique y_true : [0 1 2 3 4 5 6 7] 

Prediction shape : (246,)
Probabilities shape : (246, 8) 

±±±±±±±±±±±±±±±±±±±±±±±±±±±±±±±±±±±±±±±±±±±±±±±±±±±±±±±±±±±±±±±±±±±±±±±±±±± 

After Evaluation
{'Log Loss - mean': 0.8775666666666666, 'Log Loss - std': 0.02761549484538628} 
 

Fold 4
num_features : 10
num_classes : 1
cat_idx : [0]
nominal_idx : [0, 1, 8]
ordinal_idx : None
num_idx : None
cat_dims : [2]
bin_alt : None
~~~~~~~~~~~~~~~~~~~~~~~~~~~~~~~~~~~~~~~~~~~~~~~~~~~~~~~~~~~~~~~~~~~~~~~~~~~~~~~
BEFORE ANY ENCODING
num_features :10
num_classes : 1
cat_idx : [0]
nominal_idx : [0, 1, 8]
ordinal_idx : None
num_idx : None
cat_dims : [2]
bin_alt : None 


X shape : (986, 10)
~~~~~~~~~~~~~~~~~~~~~~~~~~~~~~~~~~~~~~~~~~~~~~~~~~~~~~~~~~~~~~~~~~~~~~~~~~~~~~~
~~~~~~~~~~~~~~~~~~~~~~~~~~~~~~~~~~~~~~~~~~~~~~~~~~~~~~~~~~~~~~~~~~~~~~~~~~~~~~~ 


AFTER SEPARATING CATEGORICALS AND NUMERICALS
Numerical Index V1 : [2, 3, 4, 5, 6, 7, 9]
Cat Dims V1 : []
Cat Idx V1 : [0, 1, 8] 
 

~~~~~~~~~~~~~~~~~~~~~~~~~~~~~~~~~~~~~~~~~~~~~~~~~~~~~~~~~~~~~~~~~~~~~~~~~~~~~~~ 


Scaling the data...
One Hot Encoding...
~~~~~~~~~~~~~~~~~~~~~~~~~~~~~~~~~~~~~~~~~~~~~~~~~~~~~~~~~~~~~~~~~~~~~~~~~~~~~~~
After OHE
Numerical Index V2 : [2, 3, 4, 5, 6, 7, 9] 


OHE Idx : [0, 1, 2, 3, 4, 5, 6, 7, 8, 9, 10, 11, 12, 13, 14, 15, 16, 17, 18, 19, 20, 21, 22, 23, 24, 25, 26, 27, 28, 29, 30, 31, 32, 33, 34, 35, 36, 37, 38, 39, 40, 41]


Ordinal Idx V2: None


Cat Dims V2 : []
Cat Idx V2 : None 
 

Train: [[0.0 1.0 0.0 0.0 0.0]
 [0.0 0.0 1.0 0.0 0.0]
 [0.0 0.0 0.0 1.0 0.0]
 [0.0 0.0 0.0 0.0 1.0]
 [0.0 0.0 0.0 0.0 0.0]
 [0.0 0.0 0.0 0.0 0.0]
 [0.0 0.0 0.0 0.0 0.0]
 [0.0 0.0 0.0 0.0 0.0]
 [0.0 0.0 0.0 0.0 0.0]
 [0.0 0.0 0.0 0.0 0.0]] 
 
 
Val : (986, 49) 
 

~~~~~~~~~~~~~~~~~~~~~~~~~~~~~~~~~~~~~~~~~~~~~~~~~~~~~~~~~~~~~~~~~~~~~~~~~~~~~~~
~~~~~~~~~~~~~~~~~~~~~~~~~~~~~~~~~~~~~~~~~~~~~~~~~~~~~~~~~~~~~~~~~~~~~~~~~~~~~~~
After ORDINAL
Numerical Index V2 : [2, 3, 4, 5, 6, 7, 9] 


OHE Idx : [0, 1, 2, 3, 4, 5, 6, 7, 8, 9, 10, 11, 12, 13, 14, 15, 16, 17, 18, 19, 20, 21, 22, 23, 24, 25, 26, 27, 28, 29, 30, 31, 32, 33, 34, 35, 36, 37, 38, 39, 40, 41]


Ordinal Idx V2: None


Cat Dims V2 : []
Cat Idx V2 : None 
 

Train: [[0.0 1.0 0.0 0.0 0.0 0.0 0.0 0.0 0.0 0.0 0.0 0.0 0.0 0.0 0.0 0.0 0.0 0.0
  0.0 0.0 0.0 0.0 0.0 0.0 0.0 0.0 0.0 0.0 0.0 0.0 0.0 0.0 0.0 0.0 0.0 0.0
  0.0 0.0 0.0 1.0 1.0 0.0 1.5866258884921898 -0.2544455216877482
  -0.020989786171218102 0.11353605845597158 0.6341337701362169
  -0.013054365583245546 0.12105516374115395]
 [0.0 0.0 1.0 0.0 0.0 0.0 0.0 0.0 0.0 0.0 0.0 0.0 0.0 0.0 0.0 0.0 0.0 0.0
  0.0 0.0 0.0 0.0 0.0 0.0 0.0 0.0 0.0 0.0 0.0 0.0 0.0 0.0 0.0 0.0 0.0 0.0
  0.0 0.0 0.0 1.0 0.0 1.0 1.5866258884921898 -1.2041069560392008
  1.1047302102416192 -0.4163884558048092 -0.23640351073540256
  -0.9324546845174484 0.12105516374115395]
 [0.0 0.0 0.0 1.0 0.0 0.0 0.0 0.0 0.0 0.0 0.0 0.0 0.0 0.0 0.0 0.0 0.0 0.0
  0.0 0.0 0.0 0.0 0.0 0.0 0.0 0.0 0.0 0.0 0.0 0.0 0.0 0.0 0.0 0.0 0.0 0.0
  0.0 0.0 1.0 0.0 0.0 1.0 1.5866258884921898 -0.07098819914258123
  1.0181363643637087 -1.012553534348196 0.6041152432096092
  -0.9324546845174484 0.12105516374115395]
 [0.0 0.0 0.0 0.0 1.0 0.0 0.0 0.0 0.0 0.0 0.0 0.0 0.0 0.0 0.0 0.0 0.0 0.0
  0.0 0.0 0.0 0.0 0.0 0.0 0.0 0.0 0.0 0.0 0.0 0.0 0.0 0.0 0.0 0.0 0.0 0.0
  0.0 0.0 1.0 0.0 1.0 0.0 1.5866258884921898 1.0189641289198814
  -1.060115936706145 -0.7475912772178018 0.544078189356394
  0.06356232766127136 0.12105516374115395]
 [0.0 0.0 0.0 0.0 0.0 0.0 0.0 1.0 0.0 0.0 0.0 0.0 0.0 0.0 0.0 0.0 0.0 0.0
  0.0 0.0 0.0 0.0 0.0 0.0 0.0 0.0 0.0 0.0 0.0 0.0 0.0 0.0 0.0 0.0 0.0 0.0
  0.0 0.0 1.0 0.0 1.0 0.0 1.5866258884921898 -0.383944808190219
  0.32538559734042416 -0.5488695843700062 0.7542078778426473
  -0.31952113856131314 0.12105516374115395]
 [0.0 0.0 0.0 0.0 0.0 0.0 0.0 0.0 1.0 0.0 0.0 0.0 0.0 0.0 0.0 0.0 0.0 0.0
  0.0 0.0 0.0 0.0 0.0 0.0 0.0 0.0 0.0 0.0 0.0 0.0 0.0 0.0 0.0 0.0 0.0 0.0
  0.0 0.0 0.0 1.0 0.0 1.0 1.5866258884921898 -1.3336062425416715
  1.364511747875351 -0.7475912772178018 0.4240040816499635
  -0.6259879115393808 0.12105516374115395]
 [0.0 0.0 0.0 0.0 0.0 0.0 0.0 0.0 0.0 1.0 0.0 0.0 0.0 0.0 0.0 0.0 0.0 0.0
  0.0 0.0 0.0 0.0 0.0 0.0 0.0 0.0 0.0 0.0 0.0 0.0 0.0 0.0 0.0 0.0 0.0 0.0
  0.0 0.0 1.0 0.0 1.0 0.0 1.5866258884921898 1.4398368100529115
  -1.1467097825840555 -0.15142619867441515 -0.4765517261482635
  -0.6259879115393808 0.12105516374115395]
 [0.0 0.0 0.0 0.0 0.0 0.0 0.0 0.0 0.0 0.0 1.0 0.0 0.0 0.0 0.0 0.0 0.0 0.0
  0.0 0.0 0.0 0.0 0.0 0.0 0.0 0.0 0.0 0.0 0.0 0.0 0.0 0.0 0.0 0.0 0.0 0.0
  0.0 0.0 0.0 1.0 1.0 0.0 1.5866258884921898 1.925459134437177
  -1.4930851660956979 0.24601718702117598 1.174467254815154
  1.1361960330844996 0.12105516374115395]
 [0.0 0.0 0.0 0.0 0.0 0.0 0.0 0.0 0.0 0.0 0.0 0.0 0.0 1.0 0.0 0.0 0.0 0.0
  0.0 0.0 0.0 0.0 0.0 0.0 0.0 0.0 0.0 0.0 0.0 0.0 0.0 0.0 0.0 0.0 0.0 0.0
  0.0 0.0 0.0 1.0 1.0 0.0 1.5866258884921898 0.8894648424174105
  -2.272429778996893 -1.6087186128915825 -0.7767369954143398
  -1.7752383102071343 0.12105516374115395]
 [0.0 0.0 0.0 0.0 0.0 0.0 0.0 0.0 0.0 0.0 0.0 0.0 0.0 0.0 0.0 1.0 0.0 0.0
  0.0 0.0 0.0 0.0 0.0 0.0 0.0 0.0 0.0 0.0 0.0 0.0 0.0 0.0 0.0 0.0 0.0 0.0
  0.0 0.0 1.0 0.0 1.0 0.0 1.5866258884921898 0.37146769640752736
  -0.8003343990724132 -0.6151101486526048 0.0938002854572813
  0.4466457938838559 0.12105516374115395]] 
 
 
Val : (986, 49) 
 

FINISHED ENCODING
~~~~~~~~~~~~~~~~~~~~~~~~~~~~~~~~~~~~~~~~~~~~~~~~~~~~~~~~~~~~~~~~~~~~~~~~~~~~~~~
Number of Classes B4 Bin Verifier: 8
Unique values in y_train: (array([0., 1., 2., 3., 4., 5., 6., 7.]), 8)
Unique values in y_test: (array([0., 1., 2., 3., 4., 5., 6., 7.]), 8)
No need to shift labels.
VERIFY SHIFT
Train after shift : [0 1 2 3 4 5 6 7], Length : 8
Test after shift : [0 1 2 3 4 5 6 7], Length : 8
Number of Classes After Bin Verifier: 8
In get_device
Using dim 32 and batch size 64
{'dim': 32, 'depth': 3, 'heads': 4, 'dropout': 0.3}
Epoch 0 loss 1.7927075624465942
Epoch 1 loss 1.4111398458480835
Epoch 2 loss 1.2640039920806885
Epoch 3 loss 1.0775806903839111
Epoch 4 loss 1.1230860948562622
Epoch 5 loss 1.0848033428192139
Epoch 6 loss 1.1737440824508667
Epoch 7 loss 1.1597771644592285
Epoch 8 loss 1.0547270774841309
Epoch 9 loss 0.989944338798523
Epoch 10 loss 1.0301804542541504
Epoch 11 loss 1.0416760444641113
Epoch 12 loss 1.2178019285202026
Epoch 13 loss 1.0098375082015991
Epoch 14 loss 1.0317010879516602
Epoch 15 loss 1.117040753364563
Epoch 16 loss 1.1528410911560059
Epoch 17 loss 1.0641201734542847
Epoch 18 loss 1.1118221282958984
Epoch 19 loss 1.0398762226104736
Epoch 20 loss 1.1158337593078613
Epoch 21 loss 1.0859949588775635
Epoch 22 loss 1.163423776626587
Epoch 23 loss 1.1430020332336426
Epoch 24 loss 1.122650384902954
Epoch 25 loss 1.2478978633880615
Epoch 26 loss 1.130396842956543
Epoch 27 loss 1.1789331436157227
Epoch 28 loss 1.2293519973754883
Epoch 29 loss 1.1590936183929443
Epoch 30 loss 1.1825729608535767
Validation loss has not improved for 20 steps!
Early stopping applies.
State of save is True b4 loss saving
Log file exists at: output/SAINT/Moneyball/logging/loss_3.txt
File name : output/SAINT/Moneyball/logging/loss_3.txt . The file was saved
Log file exists at: output/SAINT/Moneyball/logging/val_loss_3.txt
File name : output/SAINT/Moneyball/logging/val_loss_3.txt . The file was saved
Saved Losses and Regularization
±±±±±±±±±±±±±±±±±±±±±±±±±±±±±±±±±±±±±±±±±±±±±±±±±±±±±±±±±±±±±±±±±±±±±±±±±±± 

B4 Evaluation
Number of classes : 8
Class label len :8
Class labels : [0, 1, 2, 3, 4, 5, 6, 7]
Unique y_true : [0 1 2 3 4 5 6 7] 

Prediction shape : (246,)
Probabilities shape : (246, 8) 

±±±±±±±±±±±±±±±±±±±±±±±±±±±±±±±±±±±±±±±±±±±±±±±±±±±±±±±±±±±±±±±±±±±±±±±±±±± 

After Evaluation
{'Log Loss - mean': 0.905975, 'Log Loss - std': 0.05470888296245867} 
 

Fold 5
num_features : 10
num_classes : 1
cat_idx : [0]
nominal_idx : [0, 1, 8]
ordinal_idx : None
num_idx : None
cat_dims : [2]
bin_alt : None
~~~~~~~~~~~~~~~~~~~~~~~~~~~~~~~~~~~~~~~~~~~~~~~~~~~~~~~~~~~~~~~~~~~~~~~~~~~~~~~
BEFORE ANY ENCODING
num_features :10
num_classes : 1
cat_idx : [0]
nominal_idx : [0, 1, 8]
ordinal_idx : None
num_idx : None
cat_dims : [2]
bin_alt : None 


X shape : (986, 10)
~~~~~~~~~~~~~~~~~~~~~~~~~~~~~~~~~~~~~~~~~~~~~~~~~~~~~~~~~~~~~~~~~~~~~~~~~~~~~~~
~~~~~~~~~~~~~~~~~~~~~~~~~~~~~~~~~~~~~~~~~~~~~~~~~~~~~~~~~~~~~~~~~~~~~~~~~~~~~~~ 


AFTER SEPARATING CATEGORICALS AND NUMERICALS
Numerical Index V1 : [2, 3, 4, 5, 6, 7, 9]
Cat Dims V1 : []
Cat Idx V1 : [0, 1, 8] 
 

~~~~~~~~~~~~~~~~~~~~~~~~~~~~~~~~~~~~~~~~~~~~~~~~~~~~~~~~~~~~~~~~~~~~~~~~~~~~~~~ 


Scaling the data...
One Hot Encoding...
~~~~~~~~~~~~~~~~~~~~~~~~~~~~~~~~~~~~~~~~~~~~~~~~~~~~~~~~~~~~~~~~~~~~~~~~~~~~~~~
After OHE
Numerical Index V2 : [2, 3, 4, 5, 6, 7, 9] 


OHE Idx : [0, 1, 2, 3, 4, 5, 6, 7, 8, 9, 10, 11, 12, 13, 14, 15, 16, 17, 18, 19, 20, 21, 22, 23, 24, 25, 26, 27, 28, 29, 30, 31, 32, 33, 34, 35, 36, 37, 38, 39, 40, 41, 42]


Ordinal Idx V2: None


Cat Dims V2 : []
Cat Idx V2 : None 
 

Train: [[0.0 0.0 0.0 1.0 0.0]
 [0.0 0.0 0.0 0.0 1.0]
 [0.0 0.0 0.0 0.0 0.0]
 [0.0 0.0 0.0 0.0 0.0]
 [0.0 0.0 0.0 0.0 0.0]
 [0.0 0.0 0.0 0.0 0.0]
 [0.0 0.0 0.0 0.0 0.0]
 [0.0 0.0 0.0 0.0 0.0]
 [0.0 0.0 0.0 0.0 0.0]
 [0.0 0.0 0.0 0.0 0.0]] 
 
 
Val : (986, 50) 
 

~~~~~~~~~~~~~~~~~~~~~~~~~~~~~~~~~~~~~~~~~~~~~~~~~~~~~~~~~~~~~~~~~~~~~~~~~~~~~~~
~~~~~~~~~~~~~~~~~~~~~~~~~~~~~~~~~~~~~~~~~~~~~~~~~~~~~~~~~~~~~~~~~~~~~~~~~~~~~~~
After ORDINAL
Numerical Index V2 : [2, 3, 4, 5, 6, 7, 9] 


OHE Idx : [0, 1, 2, 3, 4, 5, 6, 7, 8, 9, 10, 11, 12, 13, 14, 15, 16, 17, 18, 19, 20, 21, 22, 23, 24, 25, 26, 27, 28, 29, 30, 31, 32, 33, 34, 35, 36, 37, 38, 39, 40, 41, 42]


Ordinal Idx V2: None


Cat Dims V2 : []
Cat Idx V2 : None 
 

Train: [[0.0 0.0 0.0 1.0 0.0 0.0 0.0 0.0 0.0 0.0 0.0 0.0 0.0 0.0 0.0 0.0 0.0 0.0
  0.0 0.0 0.0 0.0 0.0 0.0 0.0 0.0 0.0 0.0 0.0 0.0 0.0 0.0 0.0 0.0 0.0 0.0
  0.0 0.0 0.0 1.0 0.0 0.0 1.0 1.5453194098373437 -0.12666570459245366
  1.07260090432717 -1.0288571925021945 0.5778518225514135
  -0.9651510526932938 0.1189606070994637]
 [0.0 0.0 0.0 0.0 1.0 0.0 0.0 0.0 0.0 0.0 0.0 0.0 0.0 0.0 0.0 0.0 0.0 0.0
  0.0 0.0 0.0 0.0 0.0 0.0 0.0 0.0 0.0 0.0 0.0 0.0 0.0 0.0 0.0 0.0 0.0 0.0
  0.0 0.0 0.0 1.0 0.0 1.0 0.0 1.5453194098373437 0.9624493754925159
  -1.0379951209512384 -0.7625266091976093 0.5178453036429677
  0.040074119438229035 0.1189606070994637]
 [0.0 0.0 0.0 0.0 0.0 0.0 1.0 0.0 0.0 0.0 0.0 0.0 0.0 0.0 0.0 0.0 0.0 0.0
  0.0 0.0 0.0 0.0 0.0 0.0 0.0 0.0 0.0 0.0 0.0 0.0 0.0 0.0 0.0 0.0 0.0 0.0
  0.0 0.0 0.0 0.0 1.0 1.0 0.0 1.5453194098373437 0.4556334471361439
  -1.7415271293773744 -1.628101004937511 -0.5922752961632846
  -1.5064261453794985 0.1189606070994637]
 [0.0 0.0 0.0 0.0 0.0 0.0 0.0 1.0 0.0 0.0 0.0 0.0 0.0 0.0 0.0 0.0 0.0 0.0
  0.0 0.0 0.0 0.0 0.0 0.0 0.0 0.0 0.0 0.0 0.0 0.0 0.0 0.0 0.0 0.0 0.0 0.0
  0.0 0.0 0.0 1.0 0.0 1.0 0.0 1.5453194098373437 -0.4393819157059598
  0.3690688959010339 -0.5627786717191704 0.7278681198225285
  -0.3465509467662028 0.1189606070994637]
 [0.0 0.0 0.0 0.0 0.0 0.0 0.0 0.0 0.0 1.0 0.0 0.0 0.0 0.0 0.0 0.0 0.0 0.0
  0.0 0.0 0.0 0.0 0.0 0.0 0.0 0.0 0.0 0.0 0.0 0.0 0.0 0.0 0.0 0.0 0.0 0.0
  0.0 0.0 0.0 1.0 0.0 1.0 0.0 1.5453194098373437 1.3829987628520586
  -1.1259366220045053 -0.16328279676229265 -0.5022655178006122
  -0.6558509997297483 0.1189606070994637]
 [0.0 0.0 0.0 0.0 0.0 0.0 0.0 0.0 0.0 0.0 1.0 0.0 0.0 0.0 0.0 0.0 0.0 0.0
  0.0 0.0 0.0 0.0 0.0 0.0 0.0 0.0 0.0 0.0 0.0 0.0 0.0 0.0 0.0 0.0 0.0 0.0
  0.0 0.0 0.0 0.0 1.0 1.0 0.0 1.5453194098373437 1.8682480559592232
  -1.4777026262175734 0.23621307819458515 1.1479137521816503
  1.1226243048106297 0.1189606070994637]
 [0.0 0.0 0.0 0.0 0.0 0.0 0.0 0.0 0.0 0.0 0.0 1.0 0.0 0.0 0.0 0.0 0.0 0.0
  0.0 0.0 0.0 0.0 0.0 0.0 0.0 0.0 0.0 0.0 0.0 0.0 0.0 0.0 0.0 0.0 0.0 0.0
  0.0 0.0 0.0 1.0 0.0 0.0 1.0 1.5453194098373437 -0.5040818214535817
  0.632893399060835 0.5691263073253167 0.7278681198225285
  0.65867422536532 0.1189606070994637]
 [0.0 0.0 0.0 0.0 0.0 0.0 0.0 0.0 0.0 0.0 0.0 0.0 0.0 1.0 0.0 0.0 0.0 0.0
  0.0 0.0 0.0 0.0 0.0 0.0 0.0 0.0 0.0 0.0 0.0 0.0 0.0 0.0 0.0 0.0 0.0 0.0
  0.0 0.0 0.0 0.0 1.0 1.0 0.0 1.5453194098373437 0.8330495639972719
  -2.2691761356969766 -1.628101004937511 -0.8022981123428422
  -1.815726198343044 0.1189606070994637]
 [0.0 0.0 0.0 0.0 0.0 0.0 0.0 0.0 0.0 0.0 0.0 0.0 0.0 0.0 0.0 1.0 0.0 0.0
  0.0 0.0 0.0 0.0 0.0 0.0 0.0 0.0 0.0 0.0 0.0 0.0 0.0 0.0 0.0 0.0 0.0 0.0
  0.0 0.0 0.0 1.0 0.0 1.0 0.0 1.5453194098373437 0.31545031801629636
  -0.7741706177914373 -0.6293613175453168 0.06779641182962447
  0.4266991856426609 0.1189606070994637]
 [0.0 0.0 0.0 0.0 0.0 0.0 0.0 0.0 0.0 0.0 0.0 0.0 0.0 0.0 0.0 0.0 1.0 0.0
  0.0 0.0 0.0 0.0 0.0 0.0 0.0 0.0 0.0 0.0 0.0 0.0 0.0 0.0 0.0 0.0 0.0 0.0
  0.0 0.0 0.0 1.0 0.0 1.0 0.0 1.5453194098373437 -0.19136561034007563
  0.720834900114102 0.3693783698468777 1.0579039738189815
  1.1226243048106297 0.1189606070994637]] 
 
 
Val : (986, 50) 
 

FINISHED ENCODING
~~~~~~~~~~~~~~~~~~~~~~~~~~~~~~~~~~~~~~~~~~~~~~~~~~~~~~~~~~~~~~~~~~~~~~~~~~~~~~~
Number of Classes B4 Bin Verifier: 8
Unique values in y_train: (array([0., 1., 2., 3., 4., 5., 6., 7.]), 8)
Unique values in y_test: (array([0., 1., 2., 3., 4., 5., 6., 7.]), 8)
No need to shift labels.
VERIFY SHIFT
Train after shift : [0 1 2 3 4 5 6 7], Length : 8
Test after shift : [0 1 2 3 4 5 6 7], Length : 8
Number of Classes After Bin Verifier: 8
In get_device
Using dim 8 and batch size 64
{'dim': 32, 'depth': 3, 'heads': 4, 'dropout': 0.3}
Epoch 0 loss 2.0490803718566895
Epoch 1 loss 1.9530714750289917
Epoch 2 loss 1.7604036331176758
Epoch 3 loss 1.5881894826889038
Epoch 4 loss 1.42854642868042
Epoch 5 loss 1.2819691896438599
Epoch 6 loss 1.174767255783081
Epoch 7 loss 1.0970139503479004
Epoch 8 loss 1.0491583347320557
Epoch 9 loss 1.0009113550186157
Epoch 10 loss 0.9836797714233398
Epoch 11 loss 0.9730347394943237
Epoch 12 loss 0.9894158840179443
Epoch 13 loss 0.9753560423851013
Epoch 14 loss 0.9621837139129639
Epoch 15 loss 0.9566230773925781
Epoch 16 loss 0.9425637722015381
Epoch 17 loss 0.9529047012329102
Epoch 18 loss 0.9377992153167725
Epoch 19 loss 0.9323393702507019
Epoch 20 loss 0.9379128217697144
Epoch 21 loss 1.0070031881332397
Epoch 22 loss 0.9356802701950073
Epoch 23 loss 1.0016638040542603
Epoch 24 loss 0.9507523775100708
Epoch 25 loss 0.9414709806442261
Epoch 26 loss 0.9501129388809204
Epoch 27 loss 0.9459304809570312
Epoch 28 loss 0.9444044232368469
Epoch 29 loss 0.9702812433242798
Epoch 30 loss 0.9700782299041748
Epoch 31 loss 0.9077086448669434
Epoch 32 loss 0.9389829635620117
Epoch 33 loss 0.9679891467094421
Epoch 34 loss 0.9100571870803833
Epoch 35 loss 0.9395826458930969
Epoch 36 loss 0.9183279275894165
Epoch 37 loss 0.9695016145706177
Epoch 38 loss 0.9678224921226501
Epoch 39 loss 0.9116358757019043
Epoch 40 loss 0.9376010298728943
Epoch 41 loss 0.9607231616973877
Epoch 42 loss 0.9113026857376099
Epoch 43 loss 0.9155709743499756
Epoch 44 loss 0.9034417867660522
Epoch 45 loss 0.9165215492248535
Epoch 46 loss 0.9683452844619751
Epoch 47 loss 0.9313748478889465
Epoch 48 loss 1.0057767629623413
Epoch 49 loss 0.9280669689178467
Epoch 50 loss 0.9138079881668091
Epoch 51 loss 0.9508066177368164
Epoch 52 loss 0.934842050075531
Epoch 53 loss 0.9418390393257141
Epoch 54 loss 0.9317065477371216
Epoch 55 loss 0.9562760591506958
Epoch 56 loss 0.9131901860237122
Epoch 57 loss 0.9373990893363953
Epoch 58 loss 0.9938898086547852
Epoch 59 loss 0.948839545249939
Epoch 60 loss 0.9190356731414795
Epoch 61 loss 0.9609454274177551
Epoch 62 loss 0.9611356854438782
Epoch 63 loss 0.9298148155212402
Epoch 64 loss 0.9610262513160706
Epoch 65 loss 1.0060393810272217
Validation loss has not improved for 20 steps!
Early stopping applies.
State of save is True b4 loss saving
Log file exists at: output/SAINT/Moneyball/logging/loss_4.txt
File name : output/SAINT/Moneyball/logging/loss_4.txt . The file was saved
Log file exists at: output/SAINT/Moneyball/logging/val_loss_4.txt
File name : output/SAINT/Moneyball/logging/val_loss_4.txt . The file was saved
Saved Losses and Regularization
±±±±±±±±±±±±±±±±±±±±±±±±±±±±±±±±±±±±±±±±±±±±±±±±±±±±±±±±±±±±±±±±±±±±±±±±±±± 

B4 Evaluation
Number of classes : 8
Class label len :8
Class labels : [0, 1, 2, 3, 4, 5, 6, 7]
Unique y_true : [0 1 2 3 4 5 6 7] 

Prediction shape : (246,)
Probabilities shape : (246, 8) 

±±±±±±±±±±±±±±±±±±±±±±±±±±±±±±±±±±±±±±±±±±±±±±±±±±±±±±±±±±±±±±±±±±±±±±±±±±± 

After Evaluation
{'Log Loss - mean': 0.90596, 'Log Loss - std': 0.04893312170708099} 
 

Saving model.....
Results After CV: {'Log Loss - mean': 0.90596, 'Log Loss - std': 0.04893312170708099}
Train time: 73.186951705
Inference time: 0.16434388180000498
Finished cross validation
Loss path :output/SAINT/Moneyball/logging/
Plots saved successfully!
