[I 2025-04-07 00:01:50,477] Using an existing study with name 'SAINT_Socmob' instead of creating a new one.
[I 2025-04-07 00:13:59,983] Trial 1 finished with value: 2.9486160000000003 and parameters: {'dim': 64, 'depth': 1, 'heads': 2, 'dropout': 0.2}. Best is trial 1 with value: 2.9486160000000003.
[I 2025-04-07 00:26:54,425] Using an existing study with name 'SAINT_Sensory' instead of creating a new one.
[I 2025-04-07 00:39:46,203] Trial 1 finished with value: 1.6636780000000002 and parameters: {'dim': 128, 'depth': 1, 'heads': 8, 'dropout': 0}. Best is trial 1 with value: 1.6636780000000002.
usage: train.py [-h] [-config CONFIG] --model_name MODEL_NAME --dataset
                DATASET --objective
                {regression,probabilistic_regression,classification,binary}
                [--use_gpu] [--gpu_ids GPU_IDS] [--data_parallel]
                [--optimize_hyperparameters] [--n_trials N_TRIALS]
                [--direction {minimize,maximize}] --y_distribution
                {normal,skewed,bimodial} [--num_splits NUM_SPLITS]
                [--num_bins NUM_BINS] [--shuffle] [--seed SEED] [--scale]
                [--target_encode] [--one_hot_encode] [--ordinal_encode]
                [--frequency_reg] [--batch_size BATCH_SIZE]
                [--val_batch_size VAL_BATCH_SIZE]
                [--early_stopping_rounds EARLY_STOPPING_ROUNDS]
                [--epochs EPOCHS] [--logging_period LOGGING_PERIOD]
                --num_features NUM_FEATURES [--num_classes NUM_CLASSES]
                [--cat_idx CAT_IDX] [--nominal_idx NOMINAL_IDX]
                [--ordinal_idx ORDINAL_IDX] [--num_idx NUM_IDX]
                [--cat_dims CAT_DIMS] [--bin_alt BIN_ALT]
                [--dropna_idx DROPNA_IDX] [--miss_cat_idx MISS_CAT_IDX]
                [--miss_num_idx MISS_NUM_IDX]
train.py: error: Unable to open config file: config/brazillian_houses. Error: No such file or directory
srun: error: stud-000: task 0: Exited with exit code 2
usage: train.py [-h] [-config CONFIG] --model_name MODEL_NAME --dataset
                DATASET --objective
                {regression,probabilistic_regression,classification,binary}
                [--use_gpu] [--gpu_ids GPU_IDS] [--data_parallel]
                [--optimize_hyperparameters] [--n_trials N_TRIALS]
                [--direction {minimize,maximize}] --y_distribution
                {normal,skewed,bimodial} [--num_splits NUM_SPLITS]
                [--num_bins NUM_BINS] [--shuffle] [--seed SEED] [--scale]
                [--target_encode] [--one_hot_encode] [--ordinal_encode]
                [--frequency_reg] [--batch_size BATCH_SIZE]
                [--val_batch_size VAL_BATCH_SIZE]
                [--early_stopping_rounds EARLY_STOPPING_ROUNDS]
                [--epochs EPOCHS] [--logging_period LOGGING_PERIOD]
                --num_features NUM_FEATURES [--num_classes NUM_CLASSES]
                [--cat_idx CAT_IDX] [--nominal_idx NOMINAL_IDX]
                [--ordinal_idx ORDINAL_IDX] [--num_idx NUM_IDX]
                [--cat_dims CAT_DIMS] [--bin_alt BIN_ALT]
                [--dropna_idx DROPNA_IDX] [--miss_cat_idx MISS_CAT_IDX]
                [--miss_num_idx MISS_NUM_IDX]
train.py: error: Unable to open config file: config/black_friday. Error: No such file or directory
srun: error: stud-000: task 0: Exited with exit code 2
