Running Mode: Nested CV with Predefined Hyperparameters
Arguements: Namespace(batch_size=128, best_params_file='config/best_params.yml', bin_alt=None, binning=None, cat_dims=[2], cat_idx=[0], class_comp=False, class_weights=None, config='config/allstate.yml', data_parallel=False, dataset='Allstate_Claims', direction='minimize', dropna_idx=[0], early_stopping_rounds=20, epochs=100, frequency_reg=False, gpu_ids=[0, 1], logging_period=100, miss_cat_idx=None, miss_num_idx=None, model_name='XGBoost', n_trials=100, nominal_idx=[1, 2, 3, 4, 5, 6, 7, 8, 9, 10, 11, 12, 13, 14, 15, 16, 17, 18, 19, 20, 21, 22, 23, 24, 25, 26, 27, 28, 29, 30, 31, 32, 33, 34, 35, 36, 37, 38, 39, 40, 41, 42, 43, 44, 45, 46, 47, 48, 49, 50, 51, 52, 53, 54, 55, 56, 57, 58, 59, 60, 61, 62, 63, 64, 65, 66, 67, 68, 69, 70, 71, 72, 73, 74, 75, 76, 77, 78, 79, 80, 81, 82, 83, 84, 85, 86, 87, 88, 89, 90, 91, 92, 93, 94, 95, 96, 97, 98, 99, 100, 101, 102, 103, 104, 105, 106, 107, 108, 109, 110, 111, 112, 113, 114, 115, 116], num_bins=10, num_classes=1, num_features=131, num_idx=None, num_splits=5, objective='regression', one_hot_encode=True, optimize_hyperparameters=False, ordinal_encode=False, ordinal_idx=None, outer_splits=3, parameters={'Abalone': {'FTTransformer': {'learning_rate': 0.003346353491248373, 'weight_decay': 1.6039854113455462e-05}, 'MLP': {'d_block': 256, 'd_in': 10, 'd_out': 1, 'dropout': 0.03190847875416855, 'n_blocks': 2}, 'ResMLP': {'d_block': 256, 'd_hidden': 4, 'd_hidden_multiplier': 2.8762609772024286, 'd_in': 10, 'd_out': 13, 'dropout1': 0.36451371991488923, 'dropout2': 0.16141544478285838, 'n_blocks': 6}, 'SAINT': {'dim': 32, 'depth': 3, 'heads': 8, 'dropout': 0.8}, 'CatBoost': {'learning_rate': 0.21504074295681935, 'max_depth': 5, 'l2_leaf_reg': 10.538309275911207}, 'LightGBM': {'num_leaves': 10, 'lambda_l1': 0.0004905461472416862, 'lambda_l2': 4.8560469792408415e-05, 'learning_rate': 0.2628126398294097}, 'XGBoost': {'max_depth': 3, 'alpha': 0.31754394496574395, 'lambda': 0.00023658169410883335, 'eta': 0.052419276591241695}}, 'Allstate_Claims': {'FTTransformer': {'learning_rate': 0.0010788862572108022, 'weight_decay': 0.00025889495174850674}, 'MLP': {'d_block': 256, 'd_in': 1073, 'd_out': 1, 'dropout': 0.07682853251149886, 'n_blocks': 6}, 'ResMLP': {'d_block': 256, 'd_hidden': 6, 'd_hidden_multiplier': 1.6908700578519567, 'd_in': 1093, 'd_out': 311, 'dropout1': 0.40497738257298865, 'dropout2': 0.15707213143131246, 'n_blocks': 2}, 'SAINT': {'dim': 32, 'depth': 2, 'heads': 4, 'dropout': 0.4}, 'CatBoost': {'learning_rate': 0.2502833800217669, 'max_depth': 7, 'l2_leaf_reg': 2.463939819180679}, 'LightGBM': {'num_leaves': 30, 'lambda_l1': 3.1061998576175134e-08, 'lambda_l2': 4.235283519033495e-06, 'learning_rate': 0.08129154436932463}, 'XGBoost': {'max_depth': 4, 'alpha': 3.404949917072644e-07, 'lambda': 9.528801580499112e-08, 'eta': 0.14336552603624825}}, 'Black_Friday': {'FTTransformer': {'learning_rate': 0.00018442395349507182, "weight_decay'": 0.001611408166564025}, 'MLP': {'d_block': 256, 'd_in': 75, 'd_out': 1, 'dropout': 0.10721970311199958, 'n_blocks': 6}, 'ResMLP': {'d_block': 256, 'd_hidden': 2, 'd_hidden_multiplier': 3.238707896287477, 'd_in': 75, 'd_out': 36, 'dropout1': 0.1447794249707017, 'dropout2': 0.10652983108653614, 'n_blocks': 2}, 'SAINT': {'depth': 3, 'dim': 32, 'dropout': 0.5, 'heads': 2}, 'CatBoost': {'learning_rate': 0.0699928966757608, 'max_depth': 12, 'l2_leaf_reg': 0.60066810485453}, 'LightGBM': {'num_leaves': 82, 'lambda_l1': 0.15733308546736582, 'lambda_l2': 1.465534875984741e-07, 'learning_rate': 0.10434694857266238}, 'XGBoost': {'max_depth': 7, 'alpha': 6.986726717707178e-07, 'lambda': 5.465344165680221e-06, 'eta': 0.29400950414189186}}, 'Boston': {'FTTransformer': {'learning_rate': 0.005961637956043898, 'weight_decay': 8.92702675678448e-05}, 'MLP': {'d_block': 256, 'd_in': 14, 'd_out': 1, 'dropout': 0.19313939240578717, 'n_blocks': 2}, 'ResMLP': {'d_block': 256, 'd_hidden': 3, 'd_hidden_multiplier': 2.4381847417017717, 'd_in': 14, 'd_out': 10, 'dropout1': 0.4292852059127049, 'dropout2': 0.26527704540625047, 'n_blocks': 4}, 'SAINT': {'dim': 64, 'depth': 1, 'heads': 8, 'dropout': 0.3}, 'CatBoost': {'learning_rate': 0.2665320756964617, 'max_depth': 4, 'l2_leaf_reg': 0.804730457673769}, 'LightGBM': {'num_leaves': 3607, 'lambda_l1': 0.00017081282281981877, 'lambda_l2': 7.183937753408192e-07, 'learning_rate': 0.08999848013822337}, 'XGBoost': {'max_depth': 2, 'alpha': 8.462153008039433e-06, 'lambda': 1.9404218709476588e-05, 'eta': 0.09910985949066609}}, 'Brazillian_Houses': {'FTTransformer': {'learning_rate': 0.007246604745497065, 'weight_decay': 0.0029245663761010127}, 'MLP': {'d_block': 256, 'd_in': 17, 'd_out': 1, 'dropout': 0.07678813857296692, 'n_blocks': 5}, 'ResMLP': {'d_block': 256, 'd_hidden': 4, 'd_hidden_multiplier': 4.057211730145489, 'd_in': 17, 'd_out': 1095, 'dropout1': 0.4371413695633215, 'dropout2': 0.29149024331234025, 'n_blocks': 3}, 'SAINT': {'dim': 32, 'depth': 12, 'heads': 2, 'dropout': 0.2}, 'CatBoost': {'learning_rate': 0.016216033040678132, 'max_depth': 7, 'l2_leaf_reg': 0.6067570402684513}, 'LightGBM': {'num_leaves': 39, 'lambda_l1': 9.081048923197494e-06, 'lambda_l2': 2.8888932831719614, 'learning_rate': 0.060673244626302573}, 'XGBoost': {'max_depth': 2, 'alpha': 2.2083853825308624e-08, 'lambda': 0.0017040890821263966, 'eta': 0.24058442782041825}}, 'Diamonds': {'FTTransformer': {'learning_rate': 0.007101255154561158, 'weight_decay': 0.0009434149491471733}, 'MLP': {'d_block': 256, 'd_in': 9, 'd_out': 1, 'dropout': 0.23677836111066783, 'n_blocks': 6}, 'ResMLP': {'d_block': 256, 'd_hidden': 2, 'd_hidden_multiplier': 2.723561499824081, 'd_in': 9, 'd_out': 34, 'dropout1': 0.21310736716949388, 'dropout2': 0.09647228888528614, 'n_blocks': 5}, 'SAINT': {'depth': 1, 'dim': 256, 'dropout': 0.5, 'heads': 2}, 'CatBoost': {'learning_rate': 0.15112337670160492, 'max_depth': 10, 'l2_leaf_reg': 15.996172615472394}, 'LightGBM': {'num_leaves': 41, 'lambda_l1': 0.001764257201033146, 'lambda_l2': 1.3434715639555923e-05, 'learning_rate': 0.1759097275434853}, 'XGBoost': {'max_depth': 8, 'alpha': 0.016557454766339894, 'lambda': 2.1467882724430124e-07, 'eta': 0.13685411433920083}}, 'House_Prices_Nominal': {'FTTransformer': {'learning_rate': 0.0003973965546674877, 'weight_decay': 0.0012259613827403538}, 'MLP': {'d_block': 256, 'd_in': 109, 'd_out': 1, 'dropout': 0.20383999785660487, 'n_blocks': 2}, 'ResMLP': {'d_block': 256, 'd_hidden': 2, 'd_hidden_multiplier': 1.3709674297417445, 'd_in': 109, 'd_out': 17, 'dropout1': 0.4328849233188455, 'dropout2': 0.03863249998871383, 'n_blocks': 4}, 'SAINT': {'depth': 1, 'dim': 256, 'dropout': 0.1, 'heads': 8}, 'CatBoost': {'learning_rate': 0.23431250104041895, 'max_depth': 2, 'l2_leaf_reg': 1.6951988388463495}, 'LightGBM': {'num_leaves': 8, 'lambda_l1': 1.877030904417553e-05, 'lambda_l2': 0.110105768744722, 'learning_rate': 0.08355115347016198}, 'XGBoost': {'max_depth': 5, 'alpha': 0.017077444591583498, 'lambda': 0.0013165910056231439, 'eta': 0.18394165476867871}}, 'House_Sales': {'FTTransformer': {'learning_rate': 0.0008304138365966551, 'weight_decay': 1.4243260329863695e-05}, 'MLP': {'d_block': 256, 'd_in': 90, 'd_out': 1, 'dropout': 0.013522222134953151, 'n_blocks': 3}, 'ResMLP': {'d_block': 256, 'd_hidden': 3, 'd_hidden_multiplier': 4.237481136393337, 'd_in': 90, 'd_out': 131, 'dropout1': 0.04569104969076137, 'dropout2': 0.010941575331359225, 'n_blocks': 4}, 'SAINT': {'depth': 6, 'dim': 64, 'dropout': 0, 'heads': 8}, 'CatBoost': {'learning_rate': 0.2493128987457134, 'max_depth': 6, 'l2_leaf_reg': 1.701138175278075}, 'LightGBM': {'num_leaves': 16, 'lambda_l1': 0.0025789430178050363, 'lambda_l2': 3.5374912505595794e-05, 'learning_rate': 0.23810449603002587}, 'XGBoost': {'max_depth': 2, 'alpha': 0.009341918576561432, 'lambda': 1.6477053019350504e-06, 'eta': 0.25069941667869916}}, 'MIP': {'FTTransformer': {'learning_rate': 0.005478197312390903, 'weight_decay': 1.7129302740564993e-05}, 'MLP': {'d_block': 64, 'd_in': 151, 'd_out': 1, 'dropout': 0.2651113818434264, 'n_blocks': 6}, 'ResMLP': {'d_block': 256, 'd_hidden': 4, 'd_hidden_multiplier': 2.8943918828322444, 'd_in': 151, 'd_out': 80, 'dropout1': 0.46585676851386065, 'dropout2': 0.1740730761384721, 'n_blocks': 5}, 'SAINT': {'depth': 12, 'dim': 256, 'dropout': 0.3, 'heads': 2}, 'CatBoost': {'learning_rate': 0.07829044547427533, 'max_depth': 2, 'l2_leaf_reg': 0.8972340047247755}, 'LightGBM': {'num_leaves': 292, 'lambda_l1': 5.101905453725273e-08, 'lambda_l2': 2.8789360978920297e-05, 'learning_rate': 0.11093227123635475}, 'XGBoost': {'max_depth': 2, 'alpha': 0.00035509999996169325, 'lambda': 1.935368584660575e-07, 'eta': 0.07213372586209671}}, 'Mercedes_Benz': {'FTTransformer': {'learning_rate': 0.0003973965546674877, 'weight_decay': 0.0012259613827403538}, 'MLP': {'d_block': 256, 'd_in': 549, 'd_out': 1, 'dropout': 0.29646621574612675, 'n_blocks': 2}, 'ResMLP': {'d_block': 256, 'd_hidden': 2, 'd_hidden_multiplier': 2.2490677131211343, 'd_in': 547, 'd_out': 18, 'dropout1': 0.00954377334572581, 'dropout2': 0.17621231533002782, 'n_blocks': 4}, 'SAINT': {'dim': 256, 'depth': 2, 'heads': 4, 'dropout': 0.2}, 'CatBoost': {'learning_rate': 0.28010137414964426, 'max_depth': 2, 'l2_leaf_reg': 4.625185470081477}, 'LightGBM': {'num_leaves': 3, 'lambda_l1': 0.000776649282257678, 'lambda_l2': 0.0002397670653631374, 'learning_rate': 0.0613527271188514}, 'XGBoost': {'max_depth': 3, 'alpha': 1.80613318106913e-08, 'lambda': 0.4033325485614207, 'eta': 0.04373143886440441}}, 'Moneyball': {'FTTransformer': {'learning_rate': 0.008974241215295128, 'weight_decay': 7.459646430671164e-05}, 'MLP': {'d_block': 256, 'd_in': 48, 'd_out': 1, 'dropout': 0.04372445488402272, 'n_blocks': 6}, 'ResMLP': {'d_block': 256, 'd_hidden': 7, 'd_hidden_multiplier': 2.290032735440481, 'd_in': 48, 'd_out': 10, 'dropout1': 0.4078828219530447, 'dropout2': 0.16833482708406416, 'n_blocks': 2}, 'SAINT': {'dim': 128, 'depth': 6, 'heads': 2, 'dropout': 0.1}, 'CatBoost': {'learning_rate': 0.29875843445424805, 'max_depth': 6, 'l2_leaf_reg': 14.821662580370248}, 'LightGBM': {'num_leaves': 1215, 'lambda_l1': 0.0023925668929126614, 'lambda_l2': 3.895014161842395e-07, 'learning_rate': 0.08438882165065448}, 'XGBoost': {'max_depth': 2, 'alpha': 3.914045316230592e-05, 'lambda': 0.319811266659572, 'eta': 0.09464240000522656}}, 'SAT11': {'FTTransformer': {'learning_rate': 0.004544327453839196, 'weight_decay': 0.000312514807931228}, 'MLP': {'d_block': 256, 'd_in': 130, 'd_out': 1, 'dropout': 0.1541837529458395, 'n_blocks': 2}, 'ResMLP': {'d_block': 128, 'd_hidden': 2, 'd_hidden_multiplier': 1.2674975187110258, 'd_in': 130, 'd_out': 3, 'dropout1': 0.3407681665344991, 'dropout2': 0.21986827250639, 'n_blocks': 4}, 'SAINT': {'depth': 6, 'dim': 256, 'dropout': 0.1, 'heads': 4}, 'CatBoost': {'learning_rate': 0.21908640123079498, 'max_depth': 11, 'l2_leaf_reg': 9.313881685748441}, 'LightGBM': {'num_leaves': 762, 'lambda_l1': 1.87284499986866e-07, 'lambda_l2': 0.03085239769819928, 'learning_rate': 0.07085988305636355}, 'XGBoost': {'max_depth': 6, 'alpha': 1.2990735895136888e-06, 'lambda': 1.8060446939267034e-08, 'eta': 0.1331690599779273}}, 'Sensory': {'FTTransformer': {'learning_rate': 0.007837909586982108, 'weight_decay': 7.3601111536878155e-06}, 'MLP': {'d_block': 256, 'd_in': 36, 'd_out': 1, 'dropout': 0.16215696303563998, 'n_blocks': 2}, 'ResMLP': {'d_block': 256, 'd_hidden': 3, 'd_hidden_multiplier': 2.544110387653899, 'd_in': 36, 'd_out': 6, 'dropout1': 0.12905452512026205, 'dropout2': 0.02854369523746009, 'n_blocks': 5}, 'SAINT': {'dim': 64, 'depth': 1, 'heads': 2, 'dropout': 0.1}, 'CatBoost': {'learning_rate': 0.22802467975527588, 'max_depth': 2, 'l2_leaf_reg': 7.622245724828566}, 'LightGBM': {'num_leaves': 1297, 'lambda_l1': 1.7985521100597463e-06, 'lambda_l2': 0.14135964366804374, 'learning_rate': 0.14793326802930828}, 'XGBoost': {'max_depth': 2, 'alpha': 3.8628734334151045e-07, 'lambda': 0.04825003662277624, 'eta': 0.055937333566860314}}, 'Socmob': {'FTTransformer': {'learning_rate': 0.005567330402018387, 'weight_decay': 0.00020066904579140864}, 'MLP': {'d_block': 256, 'd_in': 39, 'd_out': 1, 'dropout': 0.2713416938393725, 'n_blocks': 3}, 'ResMLP': {'d_block': 256, 'd_hidden': 2, 'd_hidden_multiplier': 2.2103839284834628, 'd_in': 39, 'd_out': 40, 'dropout1': 0.3964088449977436, 'dropout2': 0.03875240542559993, 'n_blocks': 3}, 'SAINT': {'dim': 128, 'depth': 3, 'heads': 2, 'dropout': 0.6}, 'CatBoost': {'learning_rate': 0.06922414781810075, 'max_depth': 4, 'l2_leaf_reg': 2.5924822649610864}, 'LightGBM': {'num_leaves': 9, 'lambda_l1': 1.0423507318474041e-08, 'lambda_l2': 8.917849337877523e-06, 'learning_rate': 0.09425267922362643}, 'XGBoost': {'max_depth': 2, 'alpha': 6.105162617992694e-06, 'lambda': 6.755503372760612e-08, 'eta': 0.11623060221352166}}}, save_results=False, scale=True, seed=221, shuffle=True, strategy=None, target_encode=False, test_seed=None, use_gpu=True, val_batch_size=256, weighted_loss=False, y_distribution='skewed')
--- Running Nested Cross-Validation with Predefined Hyperparameters ---
Dataset: Allstate_Claims, Model: XGBoost, Objective: regression
Loading dataset Allstate_Claims...
Dataset loaded! 

(188318, 130)
X : [['A' 'B' 'A' 'B' 'A' 'A' 'A' 'A' 'B' 'B' 'B' 'A' 'A' 'A' 'A' 'A' 'A' 'A'
  'A' 'A' 'A' 'A' 'B' 'A' 'A' 'A' 'A' 'A' 'A' 'A' 'A' 'A' 'A' 'A' 'A' 'A'
  'A' 'A' 'A' 'A' 'A' 'A' 'A' 'A' 'A' 'A' 'A' 'A' 'A' 'A' 'A' 'A' 'A' 'A'
  'A' 'A' 'A' 'A' 'A' 'A' 'A' 'A' 'A' 'A' 'A' 'A' 'A' 'A' 'A' 'A' 'A' 'B'
  'A' 'A' 'A' 'A' 'D' 'B' 'B' 'D' 'D' 'B' 'B' 'A' 'B' 'D' 'B' 'A' 'A' 'A'
  'G' 'H' 'D' 'D' 'C' 'E' 'C' 'D' 'T' 'G' 'J' 'A' 'A' 'E' 'E' 'H' 'I' 'K'
  'BI' 'CQ' 'C' 'K' 'S' 'A' 'O' 'DJ' 0.522145 0.7370680000000001 0.592681
  0.696873 0.38056 0.52884 0.376307 0.78888 0.53774 0.4777899999999999
  0.352419 0.345316 0.620891 0.360832]
 ['A' 'A' 'A' 'A' 'A' 'B' 'A' 'A' 'A' 'A' 'A' 'A' 'A' 'A' 'A' 'A' 'A' 'A'
  'A' 'A' 'A' 'A' 'A' 'A' 'A' 'A' 'A' 'A' 'A' 'A' 'A' 'A' 'A' 'A' 'A' 'A'
  'A' 'A' 'A' 'A' 'A' 'A' 'A' 'A' 'A' 'A' 'A' 'A' 'B' 'B' 'A' 'A' 'A' 'A'
  'A' 'A' 'A' 'A' 'A' 'A' 'A' 'A' 'A' 'A' 'A' 'A' 'A' 'A' 'A' 'A' 'A' 'B'
  'A' 'A' 'A' 'A' 'D' 'B' 'B' 'D' 'D' 'B' 'B' 'A' 'B' 'C' 'B' 'A' 'A' 'A'
  'G' 'H' 'D' 'B' 'E' 'D' 'A' 'E' 'R' 'H' 'A' 'A' 'A' 'G' 'E' 'H' 'J' 'F'
  'AB' 'EL' 'A' 'X' 'N' 'J' 'M' 'HH' 0.474338 0.199504 0.246911 0.534409
  0.281143 0.562068 0.357963 0.3128 0.52728 0.7913899999999999 0.377724
  0.369858 0.689974 0.562597]
 ['A' 'A' 'A' 'A' 'B' 'A' 'A' 'A' 'A' 'A' 'A' 'A' 'A' 'A' 'A' 'A' 'A' 'A'
  'A' 'A' 'A' 'A' 'A' 'A' 'A' 'A' 'A' 'A' 'A' 'A' 'A' 'A' 'A' 'A' 'A' 'A'
  'A' 'B' 'A' 'A' 'A' 'A' 'A' 'B' 'A' 'A' 'A' 'A' 'A' 'A' 'A' 'A' 'A' 'A'
  'A' 'A' 'A' 'A' 'A' 'A' 'A' 'A' 'A' 'A' 'A' 'A' 'A' 'A' 'A' 'A' 'A' 'A'
  'A' 'A' 'A' 'A' 'D' 'B' 'B' 'D' 'B' 'B' 'B' 'A' 'B' 'D' 'B' 'A' 'A' 'A'
  'G' 'H' 'D' 'D' 'C' 'E' 'C' 'D' 'T' 'I' 'A' 'A' 'C' 'I' 'F' 'F' 'J' 'E'
  'BI' 'CL' 'A' 'E' 'H' 'A' 'O' 'KR' 0.397499 0.245921 0.462347 0.318422
  0.2953969999999999 0.726386 0.807647 0.53046 0.479 0.56081 0.771508
  0.758883 0.648701 0.823361]
 ['A' 'A' 'A' 'A' 'A' 'B' 'A' 'A' 'A' 'A' 'A' 'A' 'A' 'A' 'A' 'A' 'A' 'A'
  'A' 'A' 'A' 'A' 'A' 'A' 'A' 'A' 'A' 'A' 'A' 'A' 'A' 'A' 'A' 'A' 'A' 'A'
  'A' 'A' 'A' 'A' 'A' 'A' 'A' 'A' 'A' 'A' 'A' 'A' 'A' 'B' 'A' 'A' 'A' 'A'
  'A' 'A' 'A' 'A' 'A' 'A' 'A' 'A' 'A' 'A' 'A' 'A' 'A' 'A' 'A' 'A' 'A' 'A'
  'A' 'A' 'A' 'A' 'D' 'B' 'B' 'D' 'D' 'B' 'B' 'C' 'B' 'B' 'C' 'A' 'A' 'A'
  'A' 'A' 'D' 'B' 'D' 'E' 'C' 'A' 'P' 'K' 'A' 'A' 'A' 'G' 'F' 'G' 'F' 'B'
  'AB' 'EG' 'A' 'AH' 'BC' 'E' 'K' 'HK' 0.474338 0.422197 0.280933
  0.8645860000000001 0.68211 0.4062159999999999 0.38878 0.58354 0.5063
  0.39068 0.453334 0.443374 0.3128849999999999 0.2525679999999999]
 ['A' 'B' 'B' 'A' 'A' 'B' 'A' 'A' 'B' 'A' 'A' 'A' 'A' 'A' 'A' 'A' 'B' 'A'
  'A' 'A' 'B' 'A' 'A' 'A' 'A' 'A' 'A' 'A' 'A' 'A' 'A' 'A' 'A' 'A' 'A' 'A'
  'A' 'A' 'A' 'A' 'A' 'A' 'A' 'A' 'A' 'A' 'A' 'A' 'A' 'B' 'A' 'A' 'A' 'A'
  'A' 'A' 'A' 'A' 'A' 'A' 'A' 'A' 'A' 'A' 'A' 'A' 'A' 'A' 'A' 'A' 'A' 'B'
  'A' 'A' 'A' 'A' 'D' 'B' 'D' 'B' 'D' 'B' 'B' 'C' 'B' 'D' 'D' 'A' 'A' 'C'
  'B' 'H' 'D' 'C' 'C' 'E' 'E' 'D' 'T' 'F' 'D' 'A' 'A' 'G' 'E' 'H' 'J' 'K'
  'BI' 'EG' 'A' 'R' 'L' 'E' 'O' 'HJ' 0.470002 0.422197 0.230975 0.652072
  0.372405 0.521509 0.432583 0.93875 0.5105 0.43373 0.396226 0.387819
  0.633362 0.440303]]
X : [1448.21  949.95 6831.39 1057.   3025.33]
Started Classification Module ...... 
Parameters Used HERE: {'max_depth': 4, 'alpha': 3.404949917072644e-07, 'lambda': 9.528801580499112e-08, 'eta': 0.14336552603624825}
~~~~~~~~~~~~~~~~~~~~~~~~~~~~~~~~~~~~~~~~~~~~~~~~~~~~~~~~~~~~~~~~~~~~~~~~~~~~~~~
TESTING MODEL
X_train shape: (94159, 130)
y_train shape: (94159,)
X_test shape: (94159, 130)
y_test shape: (94159,)
In Test Model, Seed is  0
--- Test Run 1/3 ---
~~~~~~~~~~~~~~~~~~~~~~~~~~~~~~~~~~~~~~~~~~~~~~~~~~~~~~~~~~~~~~~~~~~~~~~~~~~~~~~
BEFORE ANY ENCODING
num_features :130
num_classes : 1
cat_idx : [0]
nominal_idx : [0, 1, 2, 3, 4, 5, 6, 7, 8, 9, 10, 11, 12, 13, 14, 15, 16, 17, 18, 19, 20, 21, 22, 23, 24, 25, 26, 27, 28, 29, 30, 31, 32, 33, 34, 35, 36, 37, 38, 39, 40, 41, 42, 43, 44, 45, 46, 47, 48, 49, 50, 51, 52, 53, 54, 55, 56, 57, 58, 59, 60, 61, 62, 63, 64, 65, 66, 67, 68, 69, 70, 71, 72, 73, 74, 75, 76, 77, 78, 79, 80, 81, 82, 83, 84, 85, 86, 87, 88, 89, 90, 91, 92, 93, 94, 95, 96, 97, 98, 99, 100, 101, 102, 103, 104, 105, 106, 107, 108, 109, 110, 111, 112, 113, 114, 115]
ordinal_idx : None
num_idx : None
cat_dims : [2]
bin_alt : None 


X_train shape : (94159, 130)
~~~~~~~~~~~~~~~~~~~~~~~~~~~~~~~~~~~~~~~~~~~~~~~~~~~~~~~~~~~~~~~~~~~~~~~~~~~~~~~
~~~~~~~~~~~~~~~~~~~~~~~~~~~~~~~~~~~~~~~~~~~~~~~~~~~~~~~~~~~~~~~~~~~~~~~~~~~~~~~
AFTER getting cat idx
Nominal Index : [0, 1, 2, 3, 4, 5, 6, 7, 8, 9, 10, 11, 12, 13, 14, 15, 16, 17, 18, 19, 20, 21, 22, 23, 24, 25, 26, 27, 28, 29, 30, 31, 32, 33, 34, 35, 36, 37, 38, 39, 40, 41, 42, 43, 44, 45, 46, 47, 48, 49, 50, 51, 52, 53, 54, 55, 56, 57, 58, 59, 60, 61, 62, 63, 64, 65, 66, 67, 68, 69, 70, 71, 72, 73, 74, 75, 76, 77, 78, 79, 80, 81, 82, 83, 84, 85, 86, 87, 88, 89, 90, 91, 92, 93, 94, 95, 96, 97, 98, 99, 100, 101, 102, 103, 104, 105, 106, 107, 108, 109, 110, 111, 112, 113, 114, 115]
Ordinal Index : None
Cat Idx : [0]
Cat dims : [2]
~~~~~~~~~~~~~~~~~~~~~~~~~~~~~~~~~~~~~~~~~~~~~~~~~~~~~~~~~~~~~~~~~~~~~~~~~~~~~~~
BEFORE getting cat idx
Nominal Index : [0, 1, 2, 3, 4, 5, 6, 7, 8, 9, 10, 11, 12, 13, 14, 15, 16, 17, 18, 19, 20, 21, 22, 23, 24, 25, 26, 27, 28, 29, 30, 31, 32, 33, 34, 35, 36, 37, 38, 39, 40, 41, 42, 43, 44, 45, 46, 47, 48, 49, 50, 51, 52, 53, 54, 55, 56, 57, 58, 59, 60, 61, 62, 63, 64, 65, 66, 67, 68, 69, 70, 71, 72, 73, 74, 75, 76, 77, 78, 79, 80, 81, 82, 83, 84, 85, 86, 87, 88, 89, 90, 91, 92, 93, 94, 95, 96, 97, 98, 99, 100, 101, 102, 103, 104, 105, 106, 107, 108, 109, 110, 111, 112, 113, 114, 115]
Ordinal Index : None
Cat Idx : [0, 1, 2, 3, 4, 5, 6, 7, 8, 9, 10, 11, 12, 13, 14, 15, 16, 17, 18, 19, 20, 21, 22, 23, 24, 25, 26, 27, 28, 29, 30, 31, 32, 33, 34, 35, 36, 37, 38, 39, 40, 41, 42, 43, 44, 45, 46, 47, 48, 49, 50, 51, 52, 53, 54, 55, 56, 57, 58, 59, 60, 61, 62, 63, 64, 65, 66, 67, 68, 69, 70, 71, 72, 73, 74, 75, 76, 77, 78, 79, 80, 81, 82, 83, 84, 85, 86, 87, 88, 89, 90, 91, 92, 93, 94, 95, 96, 97, 98, 99, 100, 101, 102, 103, 104, 105, 106, 107, 108, 109, 110, 111, 112, 113, 114, 115]
Cat dims : []
No one Hot for this Baby!!! 

~~~~~~~~~~~~~~~~~~~~~~~~~~~~~~~~~~~~~~~~~~~~~~~~~~~~~~~~~~~~~~~~~~~~~~~~~~~~~~~ 


AFTER SEPARATING CATEGORICALS AND NUMERICALS
Ordinal Index : None
Numerical Index V1 : [116, 117, 118, 119, 120, 121, 122, 123, 124, 125, 126, 127, 128, 129]
Cat Idx V1 : [0, 1, 2, 3, 4, 5, 6, 7, 8, 9, 10, 11, 12, 13, 14, 15, 16, 17, 18, 19, 20, 21, 22, 23, 24, 25, 26, 27, 28, 29, 30, 31, 32, 33, 34, 35, 36, 37, 38, 39, 40, 41, 42, 43, 44, 45, 46, 47, 48, 49, 50, 51, 52, 53, 54, 55, 56, 57, 58, 59, 60, 61, 62, 63, 64, 65, 66, 67, 68, 69, 70, 71, 72, 73, 74, 75, 76, 77, 78, 79, 80, 81, 82, 83, 84, 85, 86, 87, 88, 89, 90, 91, 92, 93, 94, 95, 96, 97, 98, 99, 100, 101, 102, 103, 104, 105, 106, 107, 108, 109, 110, 111, 112, 113, 114, 115] 
Cat Dims V1 : [2, 2, 2, 2, 2, 2, 2, 2, 2, 2, 2, 2, 2, 2, 2, 2, 2, 2, 2, 2, 2, 2, 2, 2, 2, 2, 2, 2, 2, 2, 2, 2, 2, 2, 2, 2, 2, 2, 2, 2, 2, 2, 2, 2, 2, 2, 2, 2, 2, 2, 2, 2, 2, 2, 2, 2, 2, 2, 2, 2, 2, 2, 2, 2, 2, 2, 2, 2, 2, 2, 2, 2, 3, 3, 2, 3, 4, 4, 4, 4, 4, 4, 4, 4, 4, 4, 4, 4, 5, 6, 8, 6, 5, 7, 5, 8, 7, 5, 15, 15, 17, 7, 13, 17, 17, 17, 19, 11, 75, 119, 14, 51, 55, 17, 20, 274]
 

~~~~~~~~~~~~~~~~~~~~~~~~~~~~~~~~~~~~~~~~~~~~~~~~~~~~~~~~~~~~~~~~~~~~~~~~~~~~~~~ 


Scaling the data...
~~~~~~~~~~~~~~~~~~~~~~~~~~~~~~~~~~~~~~~~~~~~~~~~~~~~~~~~~~~~~~~~~~~~~~~~~~~~~~~
After OHE
Numerical Index V2 : [116, 117, 118, 119, 120, 121, 122, 123, 124, 125, 126, 127, 128, 129] 


OHE Idx : [0, 1, 2, 3, 4, 5, 6, 7, 8, 9, 10, 11, 12, 13, 14, 15, 16, 17, 18, 19, 20, 21, 22, 23, 24, 25, 26, 27, 28, 29, 30, 31, 32, 33, 34, 35, 36, 37, 38, 39, 40, 41, 42, 43, 44, 45, 46, 47, 48, 49, 50, 51, 52, 53, 54, 55, 56, 57, 58, 59, 60, 61, 62, 63, 64, 65, 66, 67, 68, 69, 70, 71, 72, 73, 74, 75, 76, 77, 78, 79, 80, 81, 82, 83, 84, 85, 86, 87, 88, 89, 90, 91, 92, 93, 94, 95, 96, 97, 98, 99, 100, 101, 102, 103, 104, 105, 106, 107, 108, 109, 110, 111, 112, 113, 114, 115]


Ordinal Idx V2: None


Cat Dims V2 : [2, 2, 2, 2, 2, 2, 2, 2, 2, 2, 2, 2, 2, 2, 2, 2, 2, 2, 2, 2, 2, 2, 2, 2, 2, 2, 2, 2, 2, 2, 2, 2, 2, 2, 2, 2, 2, 2, 2, 2, 2, 2, 2, 2, 2, 2, 2, 2, 2, 2, 2, 2, 2, 2, 2, 2, 2, 2, 2, 2, 2, 2, 2, 2, 2, 2, 2, 2, 2, 2, 2, 2, 3, 3, 2, 3, 4, 4, 4, 4, 4, 4, 4, 4, 4, 4, 4, 4, 5, 6, 8, 6, 5, 7, 5, 8, 7, 5, 15, 15, 17, 7, 13, 17, 17, 17, 19, 11, 75, 119, 14, 51, 55, 17, 20, 274]
Cat Idx V2 : [0, 1, 2, 3, 4, 5, 6, 7, 8, 9, 10, 11, 12, 13, 14, 15, 16, 17, 18, 19, 20, 21, 22, 23, 24, 25, 26, 27, 28, 29, 30, 31, 32, 33, 34, 35, 36, 37, 38, 39, 40, 41, 42, 43, 44, 45, 46, 47, 48, 49, 50, 51, 52, 53, 54, 55, 56, 57, 58, 59, 60, 61, 62, 63, 64, 65, 66, 67, 68, 69, 70, 71, 72, 73, 74, 75, 76, 77, 78, 79, 80, 81, 82, 83, 84, 85, 86, 87, 88, 89, 90, 91, 92, 93, 94, 95, 96, 97, 98, 99, 100, 101, 102, 103, 104, 105, 106, 107, 108, 109, 110, 111, 112, 113, 114, 115] 
 

Train: [[0.0 0.0 0.0 0.0 0.0]
 [1.0 0.0 0.0 0.0 1.0]
 [1.0 1.0 0.0 0.0 0.0]
 [0.0 1.0 0.0 0.0 1.0]
 [0.0 0.0 0.0 0.0 1.0]
 [0.0 1.0 0.0 0.0 0.0]
 [0.0 0.0 0.0 0.0 0.0]
 [0.0 0.0 0.0 0.0 1.0]
 [0.0 0.0 0.0 0.0 1.0]
 [0.0 0.0 0.0 0.0 1.0]] 
 
 
Val : (94159, 130) 
 

~~~~~~~~~~~~~~~~~~~~~~~~~~~~~~~~~~~~~~~~~~~~~~~~~~~~~~~~~~~~~~~~~~~~~~~~~~~~~~~
Cat Idx V3 : [0, 1, 2, 3, 4, 5, 6, 7, 8, 9, 10, 11, 12, 13, 14, 15, 16, 17, 18, 19, 20, 21, 22, 23, 24, 25, 26, 27, 28, 29, 30, 31, 32, 33, 34, 35, 36, 37, 38, 39, 40, 41, 42, 43, 44, 45, 46, 47, 48, 49, 50, 51, 52, 53, 54, 55, 56, 57, 58, 59, 60, 61, 62, 63, 64, 65, 66, 67, 68, 69, 70, 71, 72, 73, 74, 75, 76, 77, 78, 79, 80, 81, 82, 83, 84, 85, 86, 87, 88, 89, 90, 91, 92, 93, 94, 95, 96, 97, 98, 99, 100, 101, 102, 103, 104, 105, 106, 107, 108, 109, 110, 111, 112, 113, 114, 115] 
 

~~~~~~~~~~~~~~~~~~~~~~~~~~~~~~~~~~~~~~~~~~~~~~~~~~~~~~~~~~~~~~~~~~~~~~~~~~~~~~~
After ORDINAL
Numerical Index V2 : [116, 117, 118, 119, 120, 121, 122, 123, 124, 125, 126, 127, 128, 129] 


OHE Idx : [0, 1, 2, 3, 4, 5, 6, 7, 8, 9, 10, 11, 12, 13, 14, 15, 16, 17, 18, 19, 20, 21, 22, 23, 24, 25, 26, 27, 28, 29, 30, 31, 32, 33, 34, 35, 36, 37, 38, 39, 40, 41, 42, 43, 44, 45, 46, 47, 48, 49, 50, 51, 52, 53, 54, 55, 56, 57, 58, 59, 60, 61, 62, 63, 64, 65, 66, 67, 68, 69, 70, 71, 72, 73, 74, 75, 76, 77, 78, 79, 80, 81, 82, 83, 84, 85, 86, 87, 88, 89, 90, 91, 92, 93, 94, 95, 96, 97, 98, 99, 100, 101, 102, 103, 104, 105, 106, 107, 108, 109, 110, 111, 112, 113, 114, 115]


Ordinal Idx V2: None


Cat Dims V2 : [2, 2, 2, 2, 2, 2, 2, 2, 2, 2, 2, 2, 2, 2, 2, 2, 2, 2, 2, 2, 2, 2, 2, 2, 2, 2, 2, 2, 2, 2, 2, 2, 2, 2, 2, 2, 2, 2, 2, 2, 2, 2, 2, 2, 2, 2, 2, 2, 2, 2, 2, 2, 2, 2, 2, 2, 2, 2, 2, 2, 2, 2, 2, 2, 2, 2, 2, 2, 2, 2, 2, 2, 3, 3, 2, 3, 4, 4, 4, 4, 4, 4, 4, 4, 4, 4, 4, 4, 5, 6, 8, 6, 5, 7, 5, 8, 7, 5, 15, 15, 17, 7, 13, 17, 17, 17, 19, 11, 75, 119, 14, 51, 55, 17, 20, 274, 3, 3, 3, 3, 3, 3, 3, 3, 3, 3, 3, 3, 3, 3, 3, 3, 3, 3, 3, 3, 3, 3, 3, 3, 3, 3, 3, 3, 3, 3, 3, 3, 3, 3, 3, 3, 3, 3, 3, 3, 3, 3, 3, 3, 3, 3, 3, 3, 3, 3, 3, 3, 3, 3, 3, 3, 3, 3, 3, 3, 3, 3, 3, 3, 3, 3, 3, 3, 3, 3, 3, 3, 4, 4, 3, 4, 5, 5, 5, 5, 5, 5, 5, 5, 5, 5, 5, 5, 6, 7, 9, 7, 6, 8, 6, 9, 8, 6, 16, 16, 18, 8, 14, 18, 18, 18, 20, 12, 76, 120, 15, 52, 56, 18, 21, 275]
Cat Idx V2 : [0, 1, 2, 3, 4, 5, 6, 7, 8, 9, 10, 11, 12, 13, 14, 15, 16, 17, 18, 19, 20, 21, 22, 23, 24, 25, 26, 27, 28, 29, 30, 31, 32, 33, 34, 35, 36, 37, 38, 39, 40, 41, 42, 43, 44, 45, 46, 47, 48, 49, 50, 51, 52, 53, 54, 55, 56, 57, 58, 59, 60, 61, 62, 63, 64, 65, 66, 67, 68, 69, 70, 71, 72, 73, 74, 75, 76, 77, 78, 79, 80, 81, 82, 83, 84, 85, 86, 87, 88, 89, 90, 91, 92, 93, 94, 95, 96, 97, 98, 99, 100, 101, 102, 103, 104, 105, 106, 107, 108, 109, 110, 111, 112, 113, 114, 115] 
 

Train: [[0.0 0.0 0.0 ... -1.3643415474265173 -0.5508860892226184
  0.82405272198212]
 [1.0 0.0 0.0 ... 1.4237193044332686 1.5036970518334274
  -0.2209465382110398]
 [1.0 1.0 0.0 ... -0.8963485703445646 0.5223269823878822
  -0.6351107130722614]
 ...
 [0.0 0.0 0.0 ... -0.236016231422818 -1.1127229835742547
  -1.0816791182024428]
 [0.0 0.0 0.0 ... 0.16383008139395455 -0.9127164131144511
  1.2936640351931747]
 [0.0 0.0 0.0 ... -0.236016231422818 -0.6522150691180656
  -0.8241031040417286]] 
 
 
Val : (94159, 130) 
 

FINISHED ENCODING
~~~~~~~~~~~~~~~~~~~~~~~~~~~~~~~~~~~~~~~~~~~~~~~~~~~~~~~~~~~~~~~~~~~~~~~~~~~~~~~


~~~~~~~~~~~~~~~~~~~~~~~~~~~~~~~~~~~~~~~~~~~~~~~~~~~~~~~~~~~~~~~~~~~~~~~~~~~~~~~
Test numpy array issues
X dtype: object
X Val dtype: object
X dtype: float32
X Val dtype: float32
After encoding : : WE ARE IN TRAIN.PY
~~~~~~~~~~~~~~~~~~~~~~~~~~~~~~~~~~~~~~~~~~~~~~~~~~~~~~~~~~~~~~~~~~~~~~~~~~~~~~~
num_features :130
num_classes : 1
cat_idx : [0, 1, 2, 3, 4, 5, 6, 7, 8, 9, 10, 11, 12, 13, 14, 15, 16, 17, 18, 19, 20, 21, 22, 23, 24, 25, 26, 27, 28, 29, 30, 31, 32, 33, 34, 35, 36, 37, 38, 39, 40, 41, 42, 43, 44, 45, 46, 47, 48, 49, 50, 51, 52, 53, 54, 55, 56, 57, 58, 59, 60, 61, 62, 63, 64, 65, 66, 67, 68, 69, 70, 71, 72, 73, 74, 75, 76, 77, 78, 79, 80, 81, 82, 83, 84, 85, 86, 87, 88, 89, 90, 91, 92, 93, 94, 95, 96, 97, 98, 99, 100, 101, 102, 103, 104, 105, 106, 107, 108, 109, 110, 111, 112, 113, 114, 115]
nominal_idx : [0, 1, 2, 3, 4, 5, 6, 7, 8, 9, 10, 11, 12, 13, 14, 15, 16, 17, 18, 19, 20, 21, 22, 23, 24, 25, 26, 27, 28, 29, 30, 31, 32, 33, 34, 35, 36, 37, 38, 39, 40, 41, 42, 43, 44, 45, 46, 47, 48, 49, 50, 51, 52, 53, 54, 55, 56, 57, 58, 59, 60, 61, 62, 63, 64, 65, 66, 67, 68, 69, 70, 71, 72, 73, 74, 75, 76, 77, 78, 79, 80, 81, 82, 83, 84, 85, 86, 87, 88, 89, 90, 91, 92, 93, 94, 95, 96, 97, 98, 99, 100, 101, 102, 103, 104, 105, 106, 107, 108, 109, 110, 111, 112, 113, 114, 115]
ordinal_idx : None
num_idx : [116, 117, 118, 119, 120, 121, 122, 123, 124, 125, 126, 127, 128, 129]
cat_dims : [2, 2, 2, 2, 2, 2, 2, 2, 2, 2, 2, 2, 2, 2, 2, 2, 2, 2, 2, 2, 2, 2, 2, 2, 2, 2, 2, 2, 2, 2, 2, 2, 2, 2, 2, 2, 2, 2, 2, 2, 2, 2, 2, 2, 2, 2, 2, 2, 2, 2, 2, 2, 2, 2, 2, 2, 2, 2, 2, 2, 2, 2, 2, 2, 2, 2, 2, 2, 2, 2, 2, 2, 3, 3, 2, 3, 4, 4, 4, 4, 4, 4, 4, 4, 4, 4, 4, 4, 5, 6, 8, 6, 5, 7, 5, 8, 7, 5, 15, 15, 17, 7, 13, 17, 17, 17, 19, 11, 75, 119, 14, 51, 55, 17, 20, 274, 3, 3, 3, 3, 3, 3, 3, 3, 3, 3, 3, 3, 3, 3, 3, 3, 3, 3, 3, 3, 3, 3, 3, 3, 3, 3, 3, 3, 3, 3, 3, 3, 3, 3, 3, 3, 3, 3, 3, 3, 3, 3, 3, 3, 3, 3, 3, 3, 3, 3, 3, 3, 3, 3, 3, 3, 3, 3, 3, 3, 3, 3, 3, 3, 3, 3, 3, 3, 3, 3, 3, 3, 4, 4, 3, 4, 5, 5, 5, 5, 5, 5, 5, 5, 5, 5, 5, 5, 6, 7, 9, 7, 6, 8, 6, 9, 8, 6, 16, 16, 18, 8, 14, 18, 18, 18, 20, 12, 76, 120, 15, 52, 56, 18, 21, 275]
~~~~~~~~~~~~~~~~~~~~~~~~~~~~~~~~~~~~~~~~~~~~~~~~~~~~~~~~~~~~~~~~~~~~~~~~~~~~~~~


~~~~~~~~~~~~~~~~~~~~~~~~~~~~~~~~~~~~~~~~~~~~~~~~~~~~~~~~~~~~~~~~~~~~~~~~~~~~~~~
BINNING INIT
BINNING END
~~~~~~~~~~~~~~~~~~~~~~~~~~~~~~~~~~~~~~~~~~~~~~~~~~~~~~~~~~~~~~~~~~~~~~~~~~~~~~~ 


Model Parameters: {'max_depth': 4, 'alpha': 3.404949917072644e-07, 'lambda': 9.528801580499112e-08, 'eta': 0.14336552603624825, 'verbosity': 1, 'tree_method': 'gpu_hist', 'gpu_id': 0, 'objective': 'reg:squarederror', 'eval_metric': 'rmse'}
Parameters Passed: {'max_depth': 4, 'alpha': 3.404949917072644e-07, 'lambda': 9.528801580499112e-08, 'eta': 0.14336552603624825, 'verbosity': 1, 'tree_method': 'gpu_hist', 'gpu_id': 0, 'objective': 'reg:squarederror', 'eval_metric': 'rmse'}
{'max_depth': 4, 'alpha': 3.404949917072644e-07, 'lambda': 9.528801580499112e-08, 'eta': 0.14336552603624825, 'verbosity': 1, 'tree_method': 'gpu_hist', 'gpu_id': 0, 'objective': 'reg:squarederror', 'eval_metric': 'rmse'}
Feature Types: ['c', 'c', 'c', 'c', 'c', 'c', 'c', 'c', 'c', 'c', 'c', 'c', 'c', 'c', 'c', 'c', 'c', 'c', 'c', 'c', 'c', 'c', 'c', 'c', 'c', 'c', 'c', 'c', 'c', 'c', 'c', 'c', 'c', 'c', 'c', 'c', 'c', 'c', 'c', 'c', 'c', 'c', 'c', 'c', 'c', 'c', 'c', 'c', 'c', 'c', 'c', 'c', 'c', 'c', 'c', 'c', 'c', 'c', 'c', 'c', 'c', 'c', 'c', 'c', 'c', 'c', 'c', 'c', 'c', 'c', 'c', 'c', 'c', 'c', 'c', 'c', 'c', 'c', 'c', 'c', 'c', 'c', 'c', 'c', 'c', 'c', 'c', 'c', 'c', 'c', 'c', 'c', 'c', 'c', 'c', 'c', 'c', 'c', 'c', 'c', 'c', 'c', 'c', 'c', 'c', 'c', 'c', 'c', 'c', 'c', 'c', 'c', 'c', 'c', 'c', 'c', 'q', 'q', 'q', 'q', 'q', 'q', 'q', 'q', 'q', 'q', 'q', 'q', 'q', 'q']
Prediction shape : (94159,)
Prediction shape : (94159,)
Prediction Results : [ 5195.6875  2670.5845  6173.0806  5402.039   3355.296   2930.0874
  1124.6055 13149.266   2201.5898  4406.606 ]
State of save is True b4 loss saving
Saving loss to file: output/XGBoost/Allstate_Claims/logging/loss_0.txt
Log file exists at: output/XGBoost/Allstate_Claims/logging/loss_0.txt
File name : output/XGBoost/Allstate_Claims/logging/loss_0.txt . The file was saved
Saving loss to file: output/XGBoost/Allstate_Claims/logging/test_loss_0.txt
Log file exists at: output/XGBoost/Allstate_Claims/logging/test_loss_0.txt
File name : output/XGBoost/Allstate_Claims/logging/test_loss_0.txt . The file was saved
Saved Losses and Regularization
±±±±±±±±±±±±±±±±±±±±±±±±±±±±±±±±±±±±±±±±±±±±±±±±±±±±±±±±±±±±±±±±±±±±±±±±±±± 

B4 Evaluation
Number of classes : 1
Prediction shape : (94159,)
±±±±±±±±±±±±±±±±±±±±±±±±±±±±±±±±±±±±±±±±±±±±±±±±±±±±±±±±±±±±±±±±±±±±±±±±±±± 

We are not in Class comp
After Evaluation
ERRORS: {'MSE': 4175252.948322767, 'R2': 0.5099117551320663}
{'MSE - mean': 4175252.948322767, 'MSE - std': 0.0, 'R2 - mean': 0.5099117551320663, 'R2 - std': 0.0} 
 

In Test Model, Seed is  1
--- Test Run 2/3 ---
~~~~~~~~~~~~~~~~~~~~~~~~~~~~~~~~~~~~~~~~~~~~~~~~~~~~~~~~~~~~~~~~~~~~~~~~~~~~~~~
BEFORE ANY ENCODING
num_features :130
num_classes : 1
cat_idx : [0]
nominal_idx : [0, 1, 2, 3, 4, 5, 6, 7, 8, 9, 10, 11, 12, 13, 14, 15, 16, 17, 18, 19, 20, 21, 22, 23, 24, 25, 26, 27, 28, 29, 30, 31, 32, 33, 34, 35, 36, 37, 38, 39, 40, 41, 42, 43, 44, 45, 46, 47, 48, 49, 50, 51, 52, 53, 54, 55, 56, 57, 58, 59, 60, 61, 62, 63, 64, 65, 66, 67, 68, 69, 70, 71, 72, 73, 74, 75, 76, 77, 78, 79, 80, 81, 82, 83, 84, 85, 86, 87, 88, 89, 90, 91, 92, 93, 94, 95, 96, 97, 98, 99, 100, 101, 102, 103, 104, 105, 106, 107, 108, 109, 110, 111, 112, 113, 114, 115]
ordinal_idx : None
num_idx : None
cat_dims : [2]
bin_alt : None 


X_train shape : (94159, 130)
~~~~~~~~~~~~~~~~~~~~~~~~~~~~~~~~~~~~~~~~~~~~~~~~~~~~~~~~~~~~~~~~~~~~~~~~~~~~~~~
~~~~~~~~~~~~~~~~~~~~~~~~~~~~~~~~~~~~~~~~~~~~~~~~~~~~~~~~~~~~~~~~~~~~~~~~~~~~~~~
AFTER getting cat idx
Nominal Index : [0, 1, 2, 3, 4, 5, 6, 7, 8, 9, 10, 11, 12, 13, 14, 15, 16, 17, 18, 19, 20, 21, 22, 23, 24, 25, 26, 27, 28, 29, 30, 31, 32, 33, 34, 35, 36, 37, 38, 39, 40, 41, 42, 43, 44, 45, 46, 47, 48, 49, 50, 51, 52, 53, 54, 55, 56, 57, 58, 59, 60, 61, 62, 63, 64, 65, 66, 67, 68, 69, 70, 71, 72, 73, 74, 75, 76, 77, 78, 79, 80, 81, 82, 83, 84, 85, 86, 87, 88, 89, 90, 91, 92, 93, 94, 95, 96, 97, 98, 99, 100, 101, 102, 103, 104, 105, 106, 107, 108, 109, 110, 111, 112, 113, 114, 115]
Ordinal Index : None
Cat Idx : [0]
Cat dims : [2]
~~~~~~~~~~~~~~~~~~~~~~~~~~~~~~~~~~~~~~~~~~~~~~~~~~~~~~~~~~~~~~~~~~~~~~~~~~~~~~~
BEFORE getting cat idx
Nominal Index : [0, 1, 2, 3, 4, 5, 6, 7, 8, 9, 10, 11, 12, 13, 14, 15, 16, 17, 18, 19, 20, 21, 22, 23, 24, 25, 26, 27, 28, 29, 30, 31, 32, 33, 34, 35, 36, 37, 38, 39, 40, 41, 42, 43, 44, 45, 46, 47, 48, 49, 50, 51, 52, 53, 54, 55, 56, 57, 58, 59, 60, 61, 62, 63, 64, 65, 66, 67, 68, 69, 70, 71, 72, 73, 74, 75, 76, 77, 78, 79, 80, 81, 82, 83, 84, 85, 86, 87, 88, 89, 90, 91, 92, 93, 94, 95, 96, 97, 98, 99, 100, 101, 102, 103, 104, 105, 106, 107, 108, 109, 110, 111, 112, 113, 114, 115]
Ordinal Index : None
Cat Idx : [0, 1, 2, 3, 4, 5, 6, 7, 8, 9, 10, 11, 12, 13, 14, 15, 16, 17, 18, 19, 20, 21, 22, 23, 24, 25, 26, 27, 28, 29, 30, 31, 32, 33, 34, 35, 36, 37, 38, 39, 40, 41, 42, 43, 44, 45, 46, 47, 48, 49, 50, 51, 52, 53, 54, 55, 56, 57, 58, 59, 60, 61, 62, 63, 64, 65, 66, 67, 68, 69, 70, 71, 72, 73, 74, 75, 76, 77, 78, 79, 80, 81, 82, 83, 84, 85, 86, 87, 88, 89, 90, 91, 92, 93, 94, 95, 96, 97, 98, 99, 100, 101, 102, 103, 104, 105, 106, 107, 108, 109, 110, 111, 112, 113, 114, 115]
Cat dims : []
No one Hot for this Baby!!! 

~~~~~~~~~~~~~~~~~~~~~~~~~~~~~~~~~~~~~~~~~~~~~~~~~~~~~~~~~~~~~~~~~~~~~~~~~~~~~~~ 


AFTER SEPARATING CATEGORICALS AND NUMERICALS
Ordinal Index : None
Numerical Index V1 : [116, 117, 118, 119, 120, 121, 122, 123, 124, 125, 126, 127, 128, 129]
Cat Idx V1 : [0, 1, 2, 3, 4, 5, 6, 7, 8, 9, 10, 11, 12, 13, 14, 15, 16, 17, 18, 19, 20, 21, 22, 23, 24, 25, 26, 27, 28, 29, 30, 31, 32, 33, 34, 35, 36, 37, 38, 39, 40, 41, 42, 43, 44, 45, 46, 47, 48, 49, 50, 51, 52, 53, 54, 55, 56, 57, 58, 59, 60, 61, 62, 63, 64, 65, 66, 67, 68, 69, 70, 71, 72, 73, 74, 75, 76, 77, 78, 79, 80, 81, 82, 83, 84, 85, 86, 87, 88, 89, 90, 91, 92, 93, 94, 95, 96, 97, 98, 99, 100, 101, 102, 103, 104, 105, 106, 107, 108, 109, 110, 111, 112, 113, 114, 115] 
Cat Dims V1 : [2, 2, 2, 2, 2, 2, 2, 2, 2, 2, 2, 2, 2, 2, 2, 2, 2, 2, 2, 2, 2, 2, 2, 2, 2, 2, 2, 2, 2, 2, 2, 2, 2, 2, 2, 2, 2, 2, 2, 2, 2, 2, 2, 2, 2, 2, 2, 2, 2, 2, 2, 2, 2, 2, 2, 2, 2, 2, 2, 2, 2, 2, 2, 2, 2, 2, 2, 2, 2, 2, 2, 2, 3, 3, 2, 3, 4, 4, 4, 4, 4, 4, 4, 4, 4, 4, 4, 4, 6, 6, 8, 6, 5, 7, 5, 8, 7, 5, 15, 15, 16, 8, 13, 17, 19, 17, 18, 11, 75, 116, 15, 51, 58, 17, 22, 285]
 

~~~~~~~~~~~~~~~~~~~~~~~~~~~~~~~~~~~~~~~~~~~~~~~~~~~~~~~~~~~~~~~~~~~~~~~~~~~~~~~ 


Scaling the data...
~~~~~~~~~~~~~~~~~~~~~~~~~~~~~~~~~~~~~~~~~~~~~~~~~~~~~~~~~~~~~~~~~~~~~~~~~~~~~~~
After OHE
Numerical Index V2 : [116, 117, 118, 119, 120, 121, 122, 123, 124, 125, 126, 127, 128, 129] 


OHE Idx : [0, 1, 2, 3, 4, 5, 6, 7, 8, 9, 10, 11, 12, 13, 14, 15, 16, 17, 18, 19, 20, 21, 22, 23, 24, 25, 26, 27, 28, 29, 30, 31, 32, 33, 34, 35, 36, 37, 38, 39, 40, 41, 42, 43, 44, 45, 46, 47, 48, 49, 50, 51, 52, 53, 54, 55, 56, 57, 58, 59, 60, 61, 62, 63, 64, 65, 66, 67, 68, 69, 70, 71, 72, 73, 74, 75, 76, 77, 78, 79, 80, 81, 82, 83, 84, 85, 86, 87, 88, 89, 90, 91, 92, 93, 94, 95, 96, 97, 98, 99, 100, 101, 102, 103, 104, 105, 106, 107, 108, 109, 110, 111, 112, 113, 114, 115]


Ordinal Idx V2: None


Cat Dims V2 : [2, 2, 2, 2, 2, 2, 2, 2, 2, 2, 2, 2, 2, 2, 2, 2, 2, 2, 2, 2, 2, 2, 2, 2, 2, 2, 2, 2, 2, 2, 2, 2, 2, 2, 2, 2, 2, 2, 2, 2, 2, 2, 2, 2, 2, 2, 2, 2, 2, 2, 2, 2, 2, 2, 2, 2, 2, 2, 2, 2, 2, 2, 2, 2, 2, 2, 2, 2, 2, 2, 2, 2, 3, 3, 2, 3, 4, 4, 4, 4, 4, 4, 4, 4, 4, 4, 4, 4, 6, 6, 8, 6, 5, 7, 5, 8, 7, 5, 15, 15, 16, 8, 13, 17, 19, 17, 18, 11, 75, 116, 15, 51, 58, 17, 22, 285]
Cat Idx V2 : [0, 1, 2, 3, 4, 5, 6, 7, 8, 9, 10, 11, 12, 13, 14, 15, 16, 17, 18, 19, 20, 21, 22, 23, 24, 25, 26, 27, 28, 29, 30, 31, 32, 33, 34, 35, 36, 37, 38, 39, 40, 41, 42, 43, 44, 45, 46, 47, 48, 49, 50, 51, 52, 53, 54, 55, 56, 57, 58, 59, 60, 61, 62, 63, 64, 65, 66, 67, 68, 69, 70, 71, 72, 73, 74, 75, 76, 77, 78, 79, 80, 81, 82, 83, 84, 85, 86, 87, 88, 89, 90, 91, 92, 93, 94, 95, 96, 97, 98, 99, 100, 101, 102, 103, 104, 105, 106, 107, 108, 109, 110, 111, 112, 113, 114, 115] 
 

Train: [[1.0 0.0 0.0 0.0 1.0]
 [0.0 0.0 0.0 0.0 0.0]
 [0.0 0.0 0.0 0.0 0.0]
 [1.0 0.0 0.0 1.0 0.0]
 [0.0 0.0 0.0 0.0 0.0]
 [0.0 0.0 0.0 0.0 0.0]
 [0.0 1.0 0.0 1.0 1.0]
 [0.0 1.0 0.0 0.0 1.0]
 [0.0 0.0 0.0 0.0 0.0]
 [0.0 0.0 0.0 0.0 0.0]] 
 
 
Val : (94159, 130) 
 

~~~~~~~~~~~~~~~~~~~~~~~~~~~~~~~~~~~~~~~~~~~~~~~~~~~~~~~~~~~~~~~~~~~~~~~~~~~~~~~
Cat Idx V3 : [0, 1, 2, 3, 4, 5, 6, 7, 8, 9, 10, 11, 12, 13, 14, 15, 16, 17, 18, 19, 20, 21, 22, 23, 24, 25, 26, 27, 28, 29, 30, 31, 32, 33, 34, 35, 36, 37, 38, 39, 40, 41, 42, 43, 44, 45, 46, 47, 48, 49, 50, 51, 52, 53, 54, 55, 56, 57, 58, 59, 60, 61, 62, 63, 64, 65, 66, 67, 68, 69, 70, 71, 72, 73, 74, 75, 76, 77, 78, 79, 80, 81, 82, 83, 84, 85, 86, 87, 88, 89, 90, 91, 92, 93, 94, 95, 96, 97, 98, 99, 100, 101, 102, 103, 104, 105, 106, 107, 108, 109, 110, 111, 112, 113, 114, 115] 
 

~~~~~~~~~~~~~~~~~~~~~~~~~~~~~~~~~~~~~~~~~~~~~~~~~~~~~~~~~~~~~~~~~~~~~~~~~~~~~~~
After ORDINAL
Numerical Index V2 : [116, 117, 118, 119, 120, 121, 122, 123, 124, 125, 126, 127, 128, 129] 


OHE Idx : [0, 1, 2, 3, 4, 5, 6, 7, 8, 9, 10, 11, 12, 13, 14, 15, 16, 17, 18, 19, 20, 21, 22, 23, 24, 25, 26, 27, 28, 29, 30, 31, 32, 33, 34, 35, 36, 37, 38, 39, 40, 41, 42, 43, 44, 45, 46, 47, 48, 49, 50, 51, 52, 53, 54, 55, 56, 57, 58, 59, 60, 61, 62, 63, 64, 65, 66, 67, 68, 69, 70, 71, 72, 73, 74, 75, 76, 77, 78, 79, 80, 81, 82, 83, 84, 85, 86, 87, 88, 89, 90, 91, 92, 93, 94, 95, 96, 97, 98, 99, 100, 101, 102, 103, 104, 105, 106, 107, 108, 109, 110, 111, 112, 113, 114, 115]


Ordinal Idx V2: None


Cat Dims V2 : [2, 2, 2, 2, 2, 2, 2, 2, 2, 2, 2, 2, 2, 2, 2, 2, 2, 2, 2, 2, 2, 2, 2, 2, 2, 2, 2, 2, 2, 2, 2, 2, 2, 2, 2, 2, 2, 2, 2, 2, 2, 2, 2, 2, 2, 2, 2, 2, 2, 2, 2, 2, 2, 2, 2, 2, 2, 2, 2, 2, 2, 2, 2, 2, 2, 2, 2, 2, 2, 2, 2, 2, 3, 3, 2, 3, 4, 4, 4, 4, 4, 4, 4, 4, 4, 4, 4, 4, 6, 6, 8, 6, 5, 7, 5, 8, 7, 5, 15, 15, 16, 8, 13, 17, 19, 17, 18, 11, 75, 116, 15, 51, 58, 17, 22, 285, 3, 3, 3, 3, 3, 3, 3, 3, 3, 3, 3, 3, 3, 3, 3, 3, 3, 3, 3, 3, 3, 3, 3, 3, 3, 3, 3, 3, 3, 3, 3, 3, 3, 3, 3, 3, 3, 3, 3, 3, 3, 3, 3, 3, 3, 3, 3, 3, 3, 3, 3, 3, 3, 3, 3, 3, 3, 3, 3, 3, 3, 3, 3, 3, 3, 3, 3, 3, 3, 3, 3, 3, 4, 4, 3, 4, 5, 5, 5, 5, 5, 5, 5, 5, 5, 5, 5, 5, 7, 7, 9, 7, 6, 8, 6, 9, 8, 6, 16, 16, 17, 9, 14, 18, 20, 18, 19, 12, 76, 117, 16, 52, 59, 18, 23, 286]
Cat Idx V2 : [0, 1, 2, 3, 4, 5, 6, 7, 8, 9, 10, 11, 12, 13, 14, 15, 16, 17, 18, 19, 20, 21, 22, 23, 24, 25, 26, 27, 28, 29, 30, 31, 32, 33, 34, 35, 36, 37, 38, 39, 40, 41, 42, 43, 44, 45, 46, 47, 48, 49, 50, 51, 52, 53, 54, 55, 56, 57, 58, 59, 60, 61, 62, 63, 64, 65, 66, 67, 68, 69, 70, 71, 72, 73, 74, 75, 76, 77, 78, 79, 80, 81, 82, 83, 84, 85, 86, 87, 88, 89, 90, 91, 92, 93, 94, 95, 96, 97, 98, 99, 100, 101, 102, 103, 104, 105, 106, 107, 108, 109, 110, 111, 112, 113, 114, 115] 
 

Train: [[1.0 0.0 0.0 ... 0.2540779042410193 -0.8875547948836983
  -0.6616359534293884]
 [0.0 0.0 0.0 ... 0.9853186316861372 0.5249862475277217
  -0.5993132749851352]
 [0.0 0.0 0.0 ... 0.8268855355806177 1.129008218780374
  -1.2683202429140377]
 ...
 [0.0 1.0 0.0 ... -0.5898352989519144 -0.10931314995996902
  -0.6010657342821435]
 [0.0 0.0 0.0 ... -0.2377170483535305 -0.9913651264413399
  -0.519191196328851]
 [0.0 0.0 0.0 ... -1.1354614858148577 -0.9658458498768101
  1.0339112142754048]] 
 
 
Val : (94159, 130) 
 

FINISHED ENCODING
~~~~~~~~~~~~~~~~~~~~~~~~~~~~~~~~~~~~~~~~~~~~~~~~~~~~~~~~~~~~~~~~~~~~~~~~~~~~~~~


~~~~~~~~~~~~~~~~~~~~~~~~~~~~~~~~~~~~~~~~~~~~~~~~~~~~~~~~~~~~~~~~~~~~~~~~~~~~~~~
Test numpy array issues
X dtype: object
X Val dtype: object
X dtype: float32
X Val dtype: float32
After encoding : : WE ARE IN TRAIN.PY
~~~~~~~~~~~~~~~~~~~~~~~~~~~~~~~~~~~~~~~~~~~~~~~~~~~~~~~~~~~~~~~~~~~~~~~~~~~~~~~
num_features :130
num_classes : 1
cat_idx : [0, 1, 2, 3, 4, 5, 6, 7, 8, 9, 10, 11, 12, 13, 14, 15, 16, 17, 18, 19, 20, 21, 22, 23, 24, 25, 26, 27, 28, 29, 30, 31, 32, 33, 34, 35, 36, 37, 38, 39, 40, 41, 42, 43, 44, 45, 46, 47, 48, 49, 50, 51, 52, 53, 54, 55, 56, 57, 58, 59, 60, 61, 62, 63, 64, 65, 66, 67, 68, 69, 70, 71, 72, 73, 74, 75, 76, 77, 78, 79, 80, 81, 82, 83, 84, 85, 86, 87, 88, 89, 90, 91, 92, 93, 94, 95, 96, 97, 98, 99, 100, 101, 102, 103, 104, 105, 106, 107, 108, 109, 110, 111, 112, 113, 114, 115]
nominal_idx : [0, 1, 2, 3, 4, 5, 6, 7, 8, 9, 10, 11, 12, 13, 14, 15, 16, 17, 18, 19, 20, 21, 22, 23, 24, 25, 26, 27, 28, 29, 30, 31, 32, 33, 34, 35, 36, 37, 38, 39, 40, 41, 42, 43, 44, 45, 46, 47, 48, 49, 50, 51, 52, 53, 54, 55, 56, 57, 58, 59, 60, 61, 62, 63, 64, 65, 66, 67, 68, 69, 70, 71, 72, 73, 74, 75, 76, 77, 78, 79, 80, 81, 82, 83, 84, 85, 86, 87, 88, 89, 90, 91, 92, 93, 94, 95, 96, 97, 98, 99, 100, 101, 102, 103, 104, 105, 106, 107, 108, 109, 110, 111, 112, 113, 114, 115]
ordinal_idx : None
num_idx : [116, 117, 118, 119, 120, 121, 122, 123, 124, 125, 126, 127, 128, 129]
cat_dims : [2, 2, 2, 2, 2, 2, 2, 2, 2, 2, 2, 2, 2, 2, 2, 2, 2, 2, 2, 2, 2, 2, 2, 2, 2, 2, 2, 2, 2, 2, 2, 2, 2, 2, 2, 2, 2, 2, 2, 2, 2, 2, 2, 2, 2, 2, 2, 2, 2, 2, 2, 2, 2, 2, 2, 2, 2, 2, 2, 2, 2, 2, 2, 2, 2, 2, 2, 2, 2, 2, 2, 2, 3, 3, 2, 3, 4, 4, 4, 4, 4, 4, 4, 4, 4, 4, 4, 4, 6, 6, 8, 6, 5, 7, 5, 8, 7, 5, 15, 15, 16, 8, 13, 17, 19, 17, 18, 11, 75, 116, 15, 51, 58, 17, 22, 285, 3, 3, 3, 3, 3, 3, 3, 3, 3, 3, 3, 3, 3, 3, 3, 3, 3, 3, 3, 3, 3, 3, 3, 3, 3, 3, 3, 3, 3, 3, 3, 3, 3, 3, 3, 3, 3, 3, 3, 3, 3, 3, 3, 3, 3, 3, 3, 3, 3, 3, 3, 3, 3, 3, 3, 3, 3, 3, 3, 3, 3, 3, 3, 3, 3, 3, 3, 3, 3, 3, 3, 3, 4, 4, 3, 4, 5, 5, 5, 5, 5, 5, 5, 5, 5, 5, 5, 5, 7, 7, 9, 7, 6, 8, 6, 9, 8, 6, 16, 16, 17, 9, 14, 18, 20, 18, 19, 12, 76, 117, 16, 52, 59, 18, 23, 286]
~~~~~~~~~~~~~~~~~~~~~~~~~~~~~~~~~~~~~~~~~~~~~~~~~~~~~~~~~~~~~~~~~~~~~~~~~~~~~~~


~~~~~~~~~~~~~~~~~~~~~~~~~~~~~~~~~~~~~~~~~~~~~~~~~~~~~~~~~~~~~~~~~~~~~~~~~~~~~~~
BINNING INIT
BINNING END
~~~~~~~~~~~~~~~~~~~~~~~~~~~~~~~~~~~~~~~~~~~~~~~~~~~~~~~~~~~~~~~~~~~~~~~~~~~~~~~ 


Model Parameters: {'max_depth': 4, 'alpha': 3.404949917072644e-07, 'lambda': 9.528801580499112e-08, 'eta': 0.14336552603624825, 'verbosity': 1, 'tree_method': 'gpu_hist', 'gpu_id': 0, 'objective': 'reg:squarederror', 'eval_metric': 'rmse'}
Parameters Passed: {'max_depth': 4, 'alpha': 3.404949917072644e-07, 'lambda': 9.528801580499112e-08, 'eta': 0.14336552603624825, 'verbosity': 1, 'tree_method': 'gpu_hist', 'gpu_id': 0, 'objective': 'reg:squarederror', 'eval_metric': 'rmse'}
{'max_depth': 4, 'alpha': 3.404949917072644e-07, 'lambda': 9.528801580499112e-08, 'eta': 0.14336552603624825, 'verbosity': 1, 'tree_method': 'gpu_hist', 'gpu_id': 0, 'objective': 'reg:squarederror', 'eval_metric': 'rmse'}
Feature Types: ['c', 'c', 'c', 'c', 'c', 'c', 'c', 'c', 'c', 'c', 'c', 'c', 'c', 'c', 'c', 'c', 'c', 'c', 'c', 'c', 'c', 'c', 'c', 'c', 'c', 'c', 'c', 'c', 'c', 'c', 'c', 'c', 'c', 'c', 'c', 'c', 'c', 'c', 'c', 'c', 'c', 'c', 'c', 'c', 'c', 'c', 'c', 'c', 'c', 'c', 'c', 'c', 'c', 'c', 'c', 'c', 'c', 'c', 'c', 'c', 'c', 'c', 'c', 'c', 'c', 'c', 'c', 'c', 'c', 'c', 'c', 'c', 'c', 'c', 'c', 'c', 'c', 'c', 'c', 'c', 'c', 'c', 'c', 'c', 'c', 'c', 'c', 'c', 'c', 'c', 'c', 'c', 'c', 'c', 'c', 'c', 'c', 'c', 'c', 'c', 'c', 'c', 'c', 'c', 'c', 'c', 'c', 'c', 'c', 'c', 'c', 'c', 'c', 'c', 'c', 'c', 'q', 'q', 'q', 'q', 'q', 'q', 'q', 'q', 'q', 'q', 'q', 'q', 'q', 'q']
Prediction shape : (94159,)
Prediction shape : (94159,)
Prediction Results : [ 4902.935   3222.169   6923.7666  4307.8066  4144.218   2656.0505
  1302.4095 11338.254   2194.5923  4464.1064]
State of save is True b4 loss saving
Saving loss to file: output/XGBoost/Allstate_Claims/logging/loss_1.txt
Log file exists at: output/XGBoost/Allstate_Claims/logging/loss_1.txt
File name : output/XGBoost/Allstate_Claims/logging/loss_1.txt . The file was saved
Saving loss to file: output/XGBoost/Allstate_Claims/logging/test_loss_1.txt
Log file exists at: output/XGBoost/Allstate_Claims/logging/test_loss_1.txt
File name : output/XGBoost/Allstate_Claims/logging/test_loss_1.txt . The file was saved
Saved Losses and Regularization
±±±±±±±±±±±±±±±±±±±±±±±±±±±±±±±±±±±±±±±±±±±±±±±±±±±±±±±±±±±±±±±±±±±±±±±±±±± 

B4 Evaluation
Number of classes : 1
Prediction shape : (94159,)
±±±±±±±±±±±±±±±±±±±±±±±±±±±±±±±±±±±±±±±±±±±±±±±±±±±±±±±±±±±±±±±±±±±±±±±±±±± 

We are not in Class comp
After Evaluation
ERRORS: {'MSE': 4012021.486411357, 'R2': 0.5290717489493333}
{'MSE - mean': 4093637.217367062, 'MSE - std': 81615.73095570505, 'R2 - mean': 0.5194917520406999, 'R2 - std': 0.009579996908633481} 
 

In Test Model, Seed is  2
--- Test Run 3/3 ---
~~~~~~~~~~~~~~~~~~~~~~~~~~~~~~~~~~~~~~~~~~~~~~~~~~~~~~~~~~~~~~~~~~~~~~~~~~~~~~~
BEFORE ANY ENCODING
num_features :130
num_classes : 1
cat_idx : [0]
nominal_idx : [0, 1, 2, 3, 4, 5, 6, 7, 8, 9, 10, 11, 12, 13, 14, 15, 16, 17, 18, 19, 20, 21, 22, 23, 24, 25, 26, 27, 28, 29, 30, 31, 32, 33, 34, 35, 36, 37, 38, 39, 40, 41, 42, 43, 44, 45, 46, 47, 48, 49, 50, 51, 52, 53, 54, 55, 56, 57, 58, 59, 60, 61, 62, 63, 64, 65, 66, 67, 68, 69, 70, 71, 72, 73, 74, 75, 76, 77, 78, 79, 80, 81, 82, 83, 84, 85, 86, 87, 88, 89, 90, 91, 92, 93, 94, 95, 96, 97, 98, 99, 100, 101, 102, 103, 104, 105, 106, 107, 108, 109, 110, 111, 112, 113, 114, 115]
ordinal_idx : None
num_idx : None
cat_dims : [2]
bin_alt : None 


X_train shape : (94159, 130)
~~~~~~~~~~~~~~~~~~~~~~~~~~~~~~~~~~~~~~~~~~~~~~~~~~~~~~~~~~~~~~~~~~~~~~~~~~~~~~~
~~~~~~~~~~~~~~~~~~~~~~~~~~~~~~~~~~~~~~~~~~~~~~~~~~~~~~~~~~~~~~~~~~~~~~~~~~~~~~~
AFTER getting cat idx
Nominal Index : [0, 1, 2, 3, 4, 5, 6, 7, 8, 9, 10, 11, 12, 13, 14, 15, 16, 17, 18, 19, 20, 21, 22, 23, 24, 25, 26, 27, 28, 29, 30, 31, 32, 33, 34, 35, 36, 37, 38, 39, 40, 41, 42, 43, 44, 45, 46, 47, 48, 49, 50, 51, 52, 53, 54, 55, 56, 57, 58, 59, 60, 61, 62, 63, 64, 65, 66, 67, 68, 69, 70, 71, 72, 73, 74, 75, 76, 77, 78, 79, 80, 81, 82, 83, 84, 85, 86, 87, 88, 89, 90, 91, 92, 93, 94, 95, 96, 97, 98, 99, 100, 101, 102, 103, 104, 105, 106, 107, 108, 109, 110, 111, 112, 113, 114, 115]
Ordinal Index : None
Cat Idx : [0]
Cat dims : [2]
~~~~~~~~~~~~~~~~~~~~~~~~~~~~~~~~~~~~~~~~~~~~~~~~~~~~~~~~~~~~~~~~~~~~~~~~~~~~~~~
BEFORE getting cat idx
Nominal Index : [0, 1, 2, 3, 4, 5, 6, 7, 8, 9, 10, 11, 12, 13, 14, 15, 16, 17, 18, 19, 20, 21, 22, 23, 24, 25, 26, 27, 28, 29, 30, 31, 32, 33, 34, 35, 36, 37, 38, 39, 40, 41, 42, 43, 44, 45, 46, 47, 48, 49, 50, 51, 52, 53, 54, 55, 56, 57, 58, 59, 60, 61, 62, 63, 64, 65, 66, 67, 68, 69, 70, 71, 72, 73, 74, 75, 76, 77, 78, 79, 80, 81, 82, 83, 84, 85, 86, 87, 88, 89, 90, 91, 92, 93, 94, 95, 96, 97, 98, 99, 100, 101, 102, 103, 104, 105, 106, 107, 108, 109, 110, 111, 112, 113, 114, 115]
Ordinal Index : None
Cat Idx : [0, 1, 2, 3, 4, 5, 6, 7, 8, 9, 10, 11, 12, 13, 14, 15, 16, 17, 18, 19, 20, 21, 22, 23, 24, 25, 26, 27, 28, 29, 30, 31, 32, 33, 34, 35, 36, 37, 38, 39, 40, 41, 42, 43, 44, 45, 46, 47, 48, 49, 50, 51, 52, 53, 54, 55, 56, 57, 58, 59, 60, 61, 62, 63, 64, 65, 66, 67, 68, 69, 70, 71, 72, 73, 74, 75, 76, 77, 78, 79, 80, 81, 82, 83, 84, 85, 86, 87, 88, 89, 90, 91, 92, 93, 94, 95, 96, 97, 98, 99, 100, 101, 102, 103, 104, 105, 106, 107, 108, 109, 110, 111, 112, 113, 114, 115]
Cat dims : []
No one Hot for this Baby!!! 

~~~~~~~~~~~~~~~~~~~~~~~~~~~~~~~~~~~~~~~~~~~~~~~~~~~~~~~~~~~~~~~~~~~~~~~~~~~~~~~ 


AFTER SEPARATING CATEGORICALS AND NUMERICALS
Ordinal Index : None
Numerical Index V1 : [116, 117, 118, 119, 120, 121, 122, 123, 124, 125, 126, 127, 128, 129]
Cat Idx V1 : [0, 1, 2, 3, 4, 5, 6, 7, 8, 9, 10, 11, 12, 13, 14, 15, 16, 17, 18, 19, 20, 21, 22, 23, 24, 25, 26, 27, 28, 29, 30, 31, 32, 33, 34, 35, 36, 37, 38, 39, 40, 41, 42, 43, 44, 45, 46, 47, 48, 49, 50, 51, 52, 53, 54, 55, 56, 57, 58, 59, 60, 61, 62, 63, 64, 65, 66, 67, 68, 69, 70, 71, 72, 73, 74, 75, 76, 77, 78, 79, 80, 81, 82, 83, 84, 85, 86, 87, 88, 89, 90, 91, 92, 93, 94, 95, 96, 97, 98, 99, 100, 101, 102, 103, 104, 105, 106, 107, 108, 109, 110, 111, 112, 113, 114, 115] 
Cat Dims V1 : [2, 2, 2, 2, 2, 2, 2, 2, 2, 2, 2, 2, 2, 2, 2, 2, 2, 2, 2, 2, 2, 2, 2, 2, 2, 2, 2, 2, 2, 2, 2, 2, 2, 2, 2, 2, 2, 2, 2, 2, 2, 2, 2, 2, 2, 2, 2, 2, 2, 2, 2, 2, 2, 2, 2, 2, 2, 2, 2, 2, 2, 2, 2, 2, 2, 2, 2, 2, 2, 2, 2, 2, 3, 3, 2, 3, 4, 4, 4, 4, 4, 4, 4, 4, 4, 4, 4, 4, 6, 7, 8, 6, 5, 7, 5, 8, 7, 5, 15, 15, 17, 8, 12, 17, 18, 17, 19, 11, 77, 120, 15, 51, 57, 18, 20, 285]
 

~~~~~~~~~~~~~~~~~~~~~~~~~~~~~~~~~~~~~~~~~~~~~~~~~~~~~~~~~~~~~~~~~~~~~~~~~~~~~~~ 


Scaling the data...
~~~~~~~~~~~~~~~~~~~~~~~~~~~~~~~~~~~~~~~~~~~~~~~~~~~~~~~~~~~~~~~~~~~~~~~~~~~~~~~
After OHE
Numerical Index V2 : [116, 117, 118, 119, 120, 121, 122, 123, 124, 125, 126, 127, 128, 129] 


OHE Idx : [0, 1, 2, 3, 4, 5, 6, 7, 8, 9, 10, 11, 12, 13, 14, 15, 16, 17, 18, 19, 20, 21, 22, 23, 24, 25, 26, 27, 28, 29, 30, 31, 32, 33, 34, 35, 36, 37, 38, 39, 40, 41, 42, 43, 44, 45, 46, 47, 48, 49, 50, 51, 52, 53, 54, 55, 56, 57, 58, 59, 60, 61, 62, 63, 64, 65, 66, 67, 68, 69, 70, 71, 72, 73, 74, 75, 76, 77, 78, 79, 80, 81, 82, 83, 84, 85, 86, 87, 88, 89, 90, 91, 92, 93, 94, 95, 96, 97, 98, 99, 100, 101, 102, 103, 104, 105, 106, 107, 108, 109, 110, 111, 112, 113, 114, 115]


Ordinal Idx V2: None


Cat Dims V2 : [2, 2, 2, 2, 2, 2, 2, 2, 2, 2, 2, 2, 2, 2, 2, 2, 2, 2, 2, 2, 2, 2, 2, 2, 2, 2, 2, 2, 2, 2, 2, 2, 2, 2, 2, 2, 2, 2, 2, 2, 2, 2, 2, 2, 2, 2, 2, 2, 2, 2, 2, 2, 2, 2, 2, 2, 2, 2, 2, 2, 2, 2, 2, 2, 2, 2, 2, 2, 2, 2, 2, 2, 3, 3, 2, 3, 4, 4, 4, 4, 4, 4, 4, 4, 4, 4, 4, 4, 6, 7, 8, 6, 5, 7, 5, 8, 7, 5, 15, 15, 17, 8, 12, 17, 18, 17, 19, 11, 77, 120, 15, 51, 57, 18, 20, 285]
Cat Idx V2 : [0, 1, 2, 3, 4, 5, 6, 7, 8, 9, 10, 11, 12, 13, 14, 15, 16, 17, 18, 19, 20, 21, 22, 23, 24, 25, 26, 27, 28, 29, 30, 31, 32, 33, 34, 35, 36, 37, 38, 39, 40, 41, 42, 43, 44, 45, 46, 47, 48, 49, 50, 51, 52, 53, 54, 55, 56, 57, 58, 59, 60, 61, 62, 63, 64, 65, 66, 67, 68, 69, 70, 71, 72, 73, 74, 75, 76, 77, 78, 79, 80, 81, 82, 83, 84, 85, 86, 87, 88, 89, 90, 91, 92, 93, 94, 95, 96, 97, 98, 99, 100, 101, 102, 103, 104, 105, 106, 107, 108, 109, 110, 111, 112, 113, 114, 115] 
 

Train: [[0.0 0.0 0.0 1.0 0.0]
 [0.0 1.0 0.0 0.0 1.0]
 [1.0 0.0 0.0 1.0 0.0]
 [0.0 1.0 0.0 0.0 0.0]
 [0.0 1.0 0.0 1.0 0.0]
 [0.0 1.0 0.0 1.0 0.0]
 [1.0 0.0 0.0 0.0 0.0]
 [1.0 0.0 0.0 0.0 1.0]
 [1.0 1.0 0.0 0.0 1.0]
 [0.0 1.0 0.0 0.0 1.0]] 
 
 
Val : (94159, 130) 
 

~~~~~~~~~~~~~~~~~~~~~~~~~~~~~~~~~~~~~~~~~~~~~~~~~~~~~~~~~~~~~~~~~~~~~~~~~~~~~~~
Cat Idx V3 : [0, 1, 2, 3, 4, 5, 6, 7, 8, 9, 10, 11, 12, 13, 14, 15, 16, 17, 18, 19, 20, 21, 22, 23, 24, 25, 26, 27, 28, 29, 30, 31, 32, 33, 34, 35, 36, 37, 38, 39, 40, 41, 42, 43, 44, 45, 46, 47, 48, 49, 50, 51, 52, 53, 54, 55, 56, 57, 58, 59, 60, 61, 62, 63, 64, 65, 66, 67, 68, 69, 70, 71, 72, 73, 74, 75, 76, 77, 78, 79, 80, 81, 82, 83, 84, 85, 86, 87, 88, 89, 90, 91, 92, 93, 94, 95, 96, 97, 98, 99, 100, 101, 102, 103, 104, 105, 106, 107, 108, 109, 110, 111, 112, 113, 114, 115] 
 

~~~~~~~~~~~~~~~~~~~~~~~~~~~~~~~~~~~~~~~~~~~~~~~~~~~~~~~~~~~~~~~~~~~~~~~~~~~~~~~
After ORDINAL
Numerical Index V2 : [116, 117, 118, 119, 120, 121, 122, 123, 124, 125, 126, 127, 128, 129] 


OHE Idx : [0, 1, 2, 3, 4, 5, 6, 7, 8, 9, 10, 11, 12, 13, 14, 15, 16, 17, 18, 19, 20, 21, 22, 23, 24, 25, 26, 27, 28, 29, 30, 31, 32, 33, 34, 35, 36, 37, 38, 39, 40, 41, 42, 43, 44, 45, 46, 47, 48, 49, 50, 51, 52, 53, 54, 55, 56, 57, 58, 59, 60, 61, 62, 63, 64, 65, 66, 67, 68, 69, 70, 71, 72, 73, 74, 75, 76, 77, 78, 79, 80, 81, 82, 83, 84, 85, 86, 87, 88, 89, 90, 91, 92, 93, 94, 95, 96, 97, 98, 99, 100, 101, 102, 103, 104, 105, 106, 107, 108, 109, 110, 111, 112, 113, 114, 115]


Ordinal Idx V2: None


Cat Dims V2 : [2, 2, 2, 2, 2, 2, 2, 2, 2, 2, 2, 2, 2, 2, 2, 2, 2, 2, 2, 2, 2, 2, 2, 2, 2, 2, 2, 2, 2, 2, 2, 2, 2, 2, 2, 2, 2, 2, 2, 2, 2, 2, 2, 2, 2, 2, 2, 2, 2, 2, 2, 2, 2, 2, 2, 2, 2, 2, 2, 2, 2, 2, 2, 2, 2, 2, 2, 2, 2, 2, 2, 2, 3, 3, 2, 3, 4, 4, 4, 4, 4, 4, 4, 4, 4, 4, 4, 4, 6, 7, 8, 6, 5, 7, 5, 8, 7, 5, 15, 15, 17, 8, 12, 17, 18, 17, 19, 11, 77, 120, 15, 51, 57, 18, 20, 285, 3, 3, 3, 3, 3, 3, 3, 3, 3, 3, 3, 3, 3, 3, 3, 3, 3, 3, 3, 3, 3, 3, 3, 3, 3, 3, 3, 3, 3, 3, 3, 3, 3, 3, 3, 3, 3, 3, 3, 3, 3, 3, 3, 3, 3, 3, 3, 3, 3, 3, 3, 3, 3, 3, 3, 3, 3, 3, 3, 3, 3, 3, 3, 3, 3, 3, 3, 3, 3, 3, 3, 3, 4, 4, 3, 4, 5, 5, 5, 5, 5, 5, 5, 5, 5, 5, 5, 5, 7, 8, 9, 7, 6, 8, 6, 9, 8, 6, 16, 16, 18, 9, 13, 18, 19, 18, 20, 12, 78, 121, 16, 52, 58, 19, 21, 286]
Cat Idx V2 : [0, 1, 2, 3, 4, 5, 6, 7, 8, 9, 10, 11, 12, 13, 14, 15, 16, 17, 18, 19, 20, 21, 22, 23, 24, 25, 26, 27, 28, 29, 30, 31, 32, 33, 34, 35, 36, 37, 38, 39, 40, 41, 42, 43, 44, 45, 46, 47, 48, 49, 50, 51, 52, 53, 54, 55, 56, 57, 58, 59, 60, 61, 62, 63, 64, 65, 66, 67, 68, 69, 70, 71, 72, 73, 74, 75, 76, 77, 78, 79, 80, 81, 82, 83, 84, 85, 86, 87, 88, 89, 90, 91, 92, 93, 94, 95, 96, 97, 98, 99, 100, 101, 102, 103, 104, 105, 106, 107, 108, 109, 110, 111, 112, 113, 114, 115] 
 

Train: [[0.0 0.0 0.0 ... -1.555224864667927 -0.7227384782910818
  -0.6512360641102061]
 [0.0 1.0 0.0 ... -1.202246603071752 -0.9644069221137536
  -0.02776242956077353]
 [1.0 0.0 0.0 ... 0.7404519880073742 -0.7367196459712152
  1.4933587973819682]
 ...
 [1.0 0.0 0.0 ... 1.4560415300020118 1.6211904567848785
  1.0497588855043618]
 [1.0 1.0 0.0 ... 1.4203367959584303 -0.7227384782910818
  1.3521900252792995]
 [0.0 1.0 0.0 ... 1.0561303602402037 1.0513043762527299
  -0.6170409093179915]] 
 
 
Val : (94159, 130) 
 

FINISHED ENCODING
~~~~~~~~~~~~~~~~~~~~~~~~~~~~~~~~~~~~~~~~~~~~~~~~~~~~~~~~~~~~~~~~~~~~~~~~~~~~~~~


~~~~~~~~~~~~~~~~~~~~~~~~~~~~~~~~~~~~~~~~~~~~~~~~~~~~~~~~~~~~~~~~~~~~~~~~~~~~~~~
Test numpy array issues
X dtype: object
X Val dtype: object
X dtype: float32
X Val dtype: float32
After encoding : : WE ARE IN TRAIN.PY
~~~~~~~~~~~~~~~~~~~~~~~~~~~~~~~~~~~~~~~~~~~~~~~~~~~~~~~~~~~~~~~~~~~~~~~~~~~~~~~
num_features :130
num_classes : 1
cat_idx : [0, 1, 2, 3, 4, 5, 6, 7, 8, 9, 10, 11, 12, 13, 14, 15, 16, 17, 18, 19, 20, 21, 22, 23, 24, 25, 26, 27, 28, 29, 30, 31, 32, 33, 34, 35, 36, 37, 38, 39, 40, 41, 42, 43, 44, 45, 46, 47, 48, 49, 50, 51, 52, 53, 54, 55, 56, 57, 58, 59, 60, 61, 62, 63, 64, 65, 66, 67, 68, 69, 70, 71, 72, 73, 74, 75, 76, 77, 78, 79, 80, 81, 82, 83, 84, 85, 86, 87, 88, 89, 90, 91, 92, 93, 94, 95, 96, 97, 98, 99, 100, 101, 102, 103, 104, 105, 106, 107, 108, 109, 110, 111, 112, 113, 114, 115]
nominal_idx : [0, 1, 2, 3, 4, 5, 6, 7, 8, 9, 10, 11, 12, 13, 14, 15, 16, 17, 18, 19, 20, 21, 22, 23, 24, 25, 26, 27, 28, 29, 30, 31, 32, 33, 34, 35, 36, 37, 38, 39, 40, 41, 42, 43, 44, 45, 46, 47, 48, 49, 50, 51, 52, 53, 54, 55, 56, 57, 58, 59, 60, 61, 62, 63, 64, 65, 66, 67, 68, 69, 70, 71, 72, 73, 74, 75, 76, 77, 78, 79, 80, 81, 82, 83, 84, 85, 86, 87, 88, 89, 90, 91, 92, 93, 94, 95, 96, 97, 98, 99, 100, 101, 102, 103, 104, 105, 106, 107, 108, 109, 110, 111, 112, 113, 114, 115]
ordinal_idx : None
num_idx : [116, 117, 118, 119, 120, 121, 122, 123, 124, 125, 126, 127, 128, 129]
cat_dims : [2, 2, 2, 2, 2, 2, 2, 2, 2, 2, 2, 2, 2, 2, 2, 2, 2, 2, 2, 2, 2, 2, 2, 2, 2, 2, 2, 2, 2, 2, 2, 2, 2, 2, 2, 2, 2, 2, 2, 2, 2, 2, 2, 2, 2, 2, 2, 2, 2, 2, 2, 2, 2, 2, 2, 2, 2, 2, 2, 2, 2, 2, 2, 2, 2, 2, 2, 2, 2, 2, 2, 2, 3, 3, 2, 3, 4, 4, 4, 4, 4, 4, 4, 4, 4, 4, 4, 4, 6, 7, 8, 6, 5, 7, 5, 8, 7, 5, 15, 15, 17, 8, 12, 17, 18, 17, 19, 11, 77, 120, 15, 51, 57, 18, 20, 285, 3, 3, 3, 3, 3, 3, 3, 3, 3, 3, 3, 3, 3, 3, 3, 3, 3, 3, 3, 3, 3, 3, 3, 3, 3, 3, 3, 3, 3, 3, 3, 3, 3, 3, 3, 3, 3, 3, 3, 3, 3, 3, 3, 3, 3, 3, 3, 3, 3, 3, 3, 3, 3, 3, 3, 3, 3, 3, 3, 3, 3, 3, 3, 3, 3, 3, 3, 3, 3, 3, 3, 3, 4, 4, 3, 4, 5, 5, 5, 5, 5, 5, 5, 5, 5, 5, 5, 5, 7, 8, 9, 7, 6, 8, 6, 9, 8, 6, 16, 16, 18, 9, 13, 18, 19, 18, 20, 12, 78, 121, 16, 52, 58, 19, 21, 286]
~~~~~~~~~~~~~~~~~~~~~~~~~~~~~~~~~~~~~~~~~~~~~~~~~~~~~~~~~~~~~~~~~~~~~~~~~~~~~~~


~~~~~~~~~~~~~~~~~~~~~~~~~~~~~~~~~~~~~~~~~~~~~~~~~~~~~~~~~~~~~~~~~~~~~~~~~~~~~~~
BINNING INIT
BINNING END
~~~~~~~~~~~~~~~~~~~~~~~~~~~~~~~~~~~~~~~~~~~~~~~~~~~~~~~~~~~~~~~~~~~~~~~~~~~~~~~ 


Model Parameters: {'max_depth': 4, 'alpha': 3.404949917072644e-07, 'lambda': 9.528801580499112e-08, 'eta': 0.14336552603624825, 'verbosity': 1, 'tree_method': 'gpu_hist', 'gpu_id': 0, 'objective': 'reg:squarederror', 'eval_metric': 'rmse'}
Parameters Passed: {'max_depth': 4, 'alpha': 3.404949917072644e-07, 'lambda': 9.528801580499112e-08, 'eta': 0.14336552603624825, 'verbosity': 1, 'tree_method': 'gpu_hist', 'gpu_id': 0, 'objective': 'reg:squarederror', 'eval_metric': 'rmse'}
{'max_depth': 4, 'alpha': 3.404949917072644e-07, 'lambda': 9.528801580499112e-08, 'eta': 0.14336552603624825, 'verbosity': 1, 'tree_method': 'gpu_hist', 'gpu_id': 0, 'objective': 'reg:squarederror', 'eval_metric': 'rmse'}
Feature Types: ['c', 'c', 'c', 'c', 'c', 'c', 'c', 'c', 'c', 'c', 'c', 'c', 'c', 'c', 'c', 'c', 'c', 'c', 'c', 'c', 'c', 'c', 'c', 'c', 'c', 'c', 'c', 'c', 'c', 'c', 'c', 'c', 'c', 'c', 'c', 'c', 'c', 'c', 'c', 'c', 'c', 'c', 'c', 'c', 'c', 'c', 'c', 'c', 'c', 'c', 'c', 'c', 'c', 'c', 'c', 'c', 'c', 'c', 'c', 'c', 'c', 'c', 'c', 'c', 'c', 'c', 'c', 'c', 'c', 'c', 'c', 'c', 'c', 'c', 'c', 'c', 'c', 'c', 'c', 'c', 'c', 'c', 'c', 'c', 'c', 'c', 'c', 'c', 'c', 'c', 'c', 'c', 'c', 'c', 'c', 'c', 'c', 'c', 'c', 'c', 'c', 'c', 'c', 'c', 'c', 'c', 'c', 'c', 'c', 'c', 'c', 'c', 'c', 'c', 'c', 'c', 'q', 'q', 'q', 'q', 'q', 'q', 'q', 'q', 'q', 'q', 'q', 'q', 'q', 'q']
Prediction shape : (94159,)
Prediction shape : (94159,)
Prediction Results : [ 5126.6025  3049.1587  6593.1406  5501.628   3478.8953  2279.8442
  1042.5468 10791.377   1985.295   4546.2065]
State of save is True b4 loss saving
Saving loss to file: output/XGBoost/Allstate_Claims/logging/loss_2.txt
Log file exists at: output/XGBoost/Allstate_Claims/logging/loss_2.txt
File name : output/XGBoost/Allstate_Claims/logging/loss_2.txt . The file was saved
Saving loss to file: output/XGBoost/Allstate_Claims/logging/test_loss_2.txt
Log file exists at: output/XGBoost/Allstate_Claims/logging/test_loss_2.txt
File name : output/XGBoost/Allstate_Claims/logging/test_loss_2.txt . The file was saved
Saved Losses and Regularization
±±±±±±±±±±±±±±±±±±±±±±±±±±±±±±±±±±±±±±±±±±±±±±±±±±±±±±±±±±±±±±±±±±±±±±±±±±± 

B4 Evaluation
Number of classes : 1
Prediction shape : (94159,)
±±±±±±±±±±±±±±±±±±±±±±±±±±±±±±±±±±±±±±±±±±±±±±±±±±±±±±±±±±±±±±±±±±±±±±±±±±± 

We are not in Class comp
After Evaluation
ERRORS: {'MSE': 3950530.861299068, 'R2': 0.5362894751350533}
{'MSE - mean': 4045935.0986777307, 'MSE - std': 94824.76442289804, 'R2 - mean': 0.525090993072151, 'R2 - std': 0.011130463936251299} 
 

In Test Model, Seed is  3
--- Test Run 4/3 ---
~~~~~~~~~~~~~~~~~~~~~~~~~~~~~~~~~~~~~~~~~~~~~~~~~~~~~~~~~~~~~~~~~~~~~~~~~~~~~~~
BEFORE ANY ENCODING
num_features :130
num_classes : 1
cat_idx : [0]
nominal_idx : [0, 1, 2, 3, 4, 5, 6, 7, 8, 9, 10, 11, 12, 13, 14, 15, 16, 17, 18, 19, 20, 21, 22, 23, 24, 25, 26, 27, 28, 29, 30, 31, 32, 33, 34, 35, 36, 37, 38, 39, 40, 41, 42, 43, 44, 45, 46, 47, 48, 49, 50, 51, 52, 53, 54, 55, 56, 57, 58, 59, 60, 61, 62, 63, 64, 65, 66, 67, 68, 69, 70, 71, 72, 73, 74, 75, 76, 77, 78, 79, 80, 81, 82, 83, 84, 85, 86, 87, 88, 89, 90, 91, 92, 93, 94, 95, 96, 97, 98, 99, 100, 101, 102, 103, 104, 105, 106, 107, 108, 109, 110, 111, 112, 113, 114, 115]
ordinal_idx : None
num_idx : None
cat_dims : [2]
bin_alt : None 


X_train shape : (94159, 130)
~~~~~~~~~~~~~~~~~~~~~~~~~~~~~~~~~~~~~~~~~~~~~~~~~~~~~~~~~~~~~~~~~~~~~~~~~~~~~~~
~~~~~~~~~~~~~~~~~~~~~~~~~~~~~~~~~~~~~~~~~~~~~~~~~~~~~~~~~~~~~~~~~~~~~~~~~~~~~~~
AFTER getting cat idx
Nominal Index : [0, 1, 2, 3, 4, 5, 6, 7, 8, 9, 10, 11, 12, 13, 14, 15, 16, 17, 18, 19, 20, 21, 22, 23, 24, 25, 26, 27, 28, 29, 30, 31, 32, 33, 34, 35, 36, 37, 38, 39, 40, 41, 42, 43, 44, 45, 46, 47, 48, 49, 50, 51, 52, 53, 54, 55, 56, 57, 58, 59, 60, 61, 62, 63, 64, 65, 66, 67, 68, 69, 70, 71, 72, 73, 74, 75, 76, 77, 78, 79, 80, 81, 82, 83, 84, 85, 86, 87, 88, 89, 90, 91, 92, 93, 94, 95, 96, 97, 98, 99, 100, 101, 102, 103, 104, 105, 106, 107, 108, 109, 110, 111, 112, 113, 114, 115]
Ordinal Index : None
Cat Idx : [0]
Cat dims : [2]
~~~~~~~~~~~~~~~~~~~~~~~~~~~~~~~~~~~~~~~~~~~~~~~~~~~~~~~~~~~~~~~~~~~~~~~~~~~~~~~
BEFORE getting cat idx
Nominal Index : [0, 1, 2, 3, 4, 5, 6, 7, 8, 9, 10, 11, 12, 13, 14, 15, 16, 17, 18, 19, 20, 21, 22, 23, 24, 25, 26, 27, 28, 29, 30, 31, 32, 33, 34, 35, 36, 37, 38, 39, 40, 41, 42, 43, 44, 45, 46, 47, 48, 49, 50, 51, 52, 53, 54, 55, 56, 57, 58, 59, 60, 61, 62, 63, 64, 65, 66, 67, 68, 69, 70, 71, 72, 73, 74, 75, 76, 77, 78, 79, 80, 81, 82, 83, 84, 85, 86, 87, 88, 89, 90, 91, 92, 93, 94, 95, 96, 97, 98, 99, 100, 101, 102, 103, 104, 105, 106, 107, 108, 109, 110, 111, 112, 113, 114, 115]
Ordinal Index : None
Cat Idx : [0, 1, 2, 3, 4, 5, 6, 7, 8, 9, 10, 11, 12, 13, 14, 15, 16, 17, 18, 19, 20, 21, 22, 23, 24, 25, 26, 27, 28, 29, 30, 31, 32, 33, 34, 35, 36, 37, 38, 39, 40, 41, 42, 43, 44, 45, 46, 47, 48, 49, 50, 51, 52, 53, 54, 55, 56, 57, 58, 59, 60, 61, 62, 63, 64, 65, 66, 67, 68, 69, 70, 71, 72, 73, 74, 75, 76, 77, 78, 79, 80, 81, 82, 83, 84, 85, 86, 87, 88, 89, 90, 91, 92, 93, 94, 95, 96, 97, 98, 99, 100, 101, 102, 103, 104, 105, 106, 107, 108, 109, 110, 111, 112, 113, 114, 115]
Cat dims : []
No one Hot for this Baby!!! 

~~~~~~~~~~~~~~~~~~~~~~~~~~~~~~~~~~~~~~~~~~~~~~~~~~~~~~~~~~~~~~~~~~~~~~~~~~~~~~~ 


AFTER SEPARATING CATEGORICALS AND NUMERICALS
Ordinal Index : None
Numerical Index V1 : [116, 117, 118, 119, 120, 121, 122, 123, 124, 125, 126, 127, 128, 129]
Cat Idx V1 : [0, 1, 2, 3, 4, 5, 6, 7, 8, 9, 10, 11, 12, 13, 14, 15, 16, 17, 18, 19, 20, 21, 22, 23, 24, 25, 26, 27, 28, 29, 30, 31, 32, 33, 34, 35, 36, 37, 38, 39, 40, 41, 42, 43, 44, 45, 46, 47, 48, 49, 50, 51, 52, 53, 54, 55, 56, 57, 58, 59, 60, 61, 62, 63, 64, 65, 66, 67, 68, 69, 70, 71, 72, 73, 74, 75, 76, 77, 78, 79, 80, 81, 82, 83, 84, 85, 86, 87, 88, 89, 90, 91, 92, 93, 94, 95, 96, 97, 98, 99, 100, 101, 102, 103, 104, 105, 106, 107, 108, 109, 110, 111, 112, 113, 114, 115] 
Cat Dims V1 : [2, 2, 2, 2, 2, 2, 2, 2, 2, 2, 2, 2, 2, 2, 2, 2, 2, 2, 2, 2, 2, 2, 2, 2, 2, 2, 2, 2, 2, 2, 2, 2, 2, 2, 2, 2, 2, 2, 2, 2, 2, 2, 2, 2, 2, 2, 2, 2, 2, 2, 2, 2, 2, 2, 2, 2, 2, 2, 2, 2, 2, 2, 2, 2, 2, 2, 2, 2, 2, 2, 2, 2, 3, 3, 2, 3, 4, 4, 4, 4, 4, 4, 4, 4, 4, 4, 4, 4, 5, 6, 8, 6, 5, 7, 5, 8, 7, 5, 15, 15, 16, 7, 13, 17, 19, 16, 17, 11, 72, 118, 15, 51, 56, 17, 19, 278]
 

~~~~~~~~~~~~~~~~~~~~~~~~~~~~~~~~~~~~~~~~~~~~~~~~~~~~~~~~~~~~~~~~~~~~~~~~~~~~~~~ 


Scaling the data...
~~~~~~~~~~~~~~~~~~~~~~~~~~~~~~~~~~~~~~~~~~~~~~~~~~~~~~~~~~~~~~~~~~~~~~~~~~~~~~~
After OHE
Numerical Index V2 : [116, 117, 118, 119, 120, 121, 122, 123, 124, 125, 126, 127, 128, 129] 


OHE Idx : [0, 1, 2, 3, 4, 5, 6, 7, 8, 9, 10, 11, 12, 13, 14, 15, 16, 17, 18, 19, 20, 21, 22, 23, 24, 25, 26, 27, 28, 29, 30, 31, 32, 33, 34, 35, 36, 37, 38, 39, 40, 41, 42, 43, 44, 45, 46, 47, 48, 49, 50, 51, 52, 53, 54, 55, 56, 57, 58, 59, 60, 61, 62, 63, 64, 65, 66, 67, 68, 69, 70, 71, 72, 73, 74, 75, 76, 77, 78, 79, 80, 81, 82, 83, 84, 85, 86, 87, 88, 89, 90, 91, 92, 93, 94, 95, 96, 97, 98, 99, 100, 101, 102, 103, 104, 105, 106, 107, 108, 109, 110, 111, 112, 113, 114, 115]


Ordinal Idx V2: None


Cat Dims V2 : [2, 2, 2, 2, 2, 2, 2, 2, 2, 2, 2, 2, 2, 2, 2, 2, 2, 2, 2, 2, 2, 2, 2, 2, 2, 2, 2, 2, 2, 2, 2, 2, 2, 2, 2, 2, 2, 2, 2, 2, 2, 2, 2, 2, 2, 2, 2, 2, 2, 2, 2, 2, 2, 2, 2, 2, 2, 2, 2, 2, 2, 2, 2, 2, 2, 2, 2, 2, 2, 2, 2, 2, 3, 3, 2, 3, 4, 4, 4, 4, 4, 4, 4, 4, 4, 4, 4, 4, 5, 6, 8, 6, 5, 7, 5, 8, 7, 5, 15, 15, 16, 7, 13, 17, 19, 16, 17, 11, 72, 118, 15, 51, 56, 17, 19, 278]
Cat Idx V2 : [0, 1, 2, 3, 4, 5, 6, 7, 8, 9, 10, 11, 12, 13, 14, 15, 16, 17, 18, 19, 20, 21, 22, 23, 24, 25, 26, 27, 28, 29, 30, 31, 32, 33, 34, 35, 36, 37, 38, 39, 40, 41, 42, 43, 44, 45, 46, 47, 48, 49, 50, 51, 52, 53, 54, 55, 56, 57, 58, 59, 60, 61, 62, 63, 64, 65, 66, 67, 68, 69, 70, 71, 72, 73, 74, 75, 76, 77, 78, 79, 80, 81, 82, 83, 84, 85, 86, 87, 88, 89, 90, 91, 92, 93, 94, 95, 96, 97, 98, 99, 100, 101, 102, 103, 104, 105, 106, 107, 108, 109, 110, 111, 112, 113, 114, 115] 
 

Train: [[0.0 1.0 0.0 0.0 0.0]
 [1.0 0.0 0.0 0.0 0.0]
 [0.0 0.0 0.0 0.0 1.0]
 [1.0 0.0 0.0 1.0 0.0]
 [0.0 1.0 0.0 0.0 0.0]
 [0.0 1.0 0.0 0.0 0.0]
 [0.0 1.0 0.0 0.0 1.0]
 [0.0 0.0 0.0 0.0 1.0]
 [0.0 1.0 0.0 0.0 0.0]
 [0.0 0.0 0.0 0.0 1.0]] 
 
 
Val : (94159, 130) 
 

~~~~~~~~~~~~~~~~~~~~~~~~~~~~~~~~~~~~~~~~~~~~~~~~~~~~~~~~~~~~~~~~~~~~~~~~~~~~~~~
Cat Idx V3 : [0, 1, 2, 3, 4, 5, 6, 7, 8, 9, 10, 11, 12, 13, 14, 15, 16, 17, 18, 19, 20, 21, 22, 23, 24, 25, 26, 27, 28, 29, 30, 31, 32, 33, 34, 35, 36, 37, 38, 39, 40, 41, 42, 43, 44, 45, 46, 47, 48, 49, 50, 51, 52, 53, 54, 55, 56, 57, 58, 59, 60, 61, 62, 63, 64, 65, 66, 67, 68, 69, 70, 71, 72, 73, 74, 75, 76, 77, 78, 79, 80, 81, 82, 83, 84, 85, 86, 87, 88, 89, 90, 91, 92, 93, 94, 95, 96, 97, 98, 99, 100, 101, 102, 103, 104, 105, 106, 107, 108, 109, 110, 111, 112, 113, 114, 115] 
 

~~~~~~~~~~~~~~~~~~~~~~~~~~~~~~~~~~~~~~~~~~~~~~~~~~~~~~~~~~~~~~~~~~~~~~~~~~~~~~~
After ORDINAL
Numerical Index V2 : [116, 117, 118, 119, 120, 121, 122, 123, 124, 125, 126, 127, 128, 129] 


OHE Idx : [0, 1, 2, 3, 4, 5, 6, 7, 8, 9, 10, 11, 12, 13, 14, 15, 16, 17, 18, 19, 20, 21, 22, 23, 24, 25, 26, 27, 28, 29, 30, 31, 32, 33, 34, 35, 36, 37, 38, 39, 40, 41, 42, 43, 44, 45, 46, 47, 48, 49, 50, 51, 52, 53, 54, 55, 56, 57, 58, 59, 60, 61, 62, 63, 64, 65, 66, 67, 68, 69, 70, 71, 72, 73, 74, 75, 76, 77, 78, 79, 80, 81, 82, 83, 84, 85, 86, 87, 88, 89, 90, 91, 92, 93, 94, 95, 96, 97, 98, 99, 100, 101, 102, 103, 104, 105, 106, 107, 108, 109, 110, 111, 112, 113, 114, 115]


Ordinal Idx V2: None


Cat Dims V2 : [2, 2, 2, 2, 2, 2, 2, 2, 2, 2, 2, 2, 2, 2, 2, 2, 2, 2, 2, 2, 2, 2, 2, 2, 2, 2, 2, 2, 2, 2, 2, 2, 2, 2, 2, 2, 2, 2, 2, 2, 2, 2, 2, 2, 2, 2, 2, 2, 2, 2, 2, 2, 2, 2, 2, 2, 2, 2, 2, 2, 2, 2, 2, 2, 2, 2, 2, 2, 2, 2, 2, 2, 3, 3, 2, 3, 4, 4, 4, 4, 4, 4, 4, 4, 4, 4, 4, 4, 5, 6, 8, 6, 5, 7, 5, 8, 7, 5, 15, 15, 16, 7, 13, 17, 19, 16, 17, 11, 72, 118, 15, 51, 56, 17, 19, 278, 3, 3, 3, 3, 3, 3, 3, 3, 3, 3, 3, 3, 3, 3, 3, 3, 3, 3, 3, 3, 3, 3, 3, 3, 3, 3, 3, 3, 3, 3, 3, 3, 3, 3, 3, 3, 3, 3, 3, 3, 3, 3, 3, 3, 3, 3, 3, 3, 3, 3, 3, 3, 3, 3, 3, 3, 3, 3, 3, 3, 3, 3, 3, 3, 3, 3, 3, 3, 3, 3, 3, 3, 4, 4, 3, 4, 5, 5, 5, 5, 5, 5, 5, 5, 5, 5, 5, 5, 6, 7, 9, 7, 6, 8, 6, 9, 8, 6, 16, 16, 17, 8, 14, 18, 20, 17, 18, 12, 73, 119, 16, 52, 57, 18, 20, 279]
Cat Idx V2 : [0, 1, 2, 3, 4, 5, 6, 7, 8, 9, 10, 11, 12, 13, 14, 15, 16, 17, 18, 19, 20, 21, 22, 23, 24, 25, 26, 27, 28, 29, 30, 31, 32, 33, 34, 35, 36, 37, 38, 39, 40, 41, 42, 43, 44, 45, 46, 47, 48, 49, 50, 51, 52, 53, 54, 55, 56, 57, 58, 59, 60, 61, 62, 63, 64, 65, 66, 67, 68, 69, 70, 71, 72, 73, 74, 75, 76, 77, 78, 79, 80, 81, 82, 83, 84, 85, 86, 87, 88, 89, 90, 91, 92, 93, 94, 95, 96, 97, 98, 99, 100, 101, 102, 103, 104, 105, 106, 107, 108, 109, 110, 111, 112, 113, 114, 115] 
 

Train: [[0.0 1.0 0.0 ... -1.203884630450042 -0.9161432744980305
  1.250436460496368]
 [1.0 0.0 0.0 ... 0.033079597412641853 0.8949014759045084
  -0.5997984096060991]
 [0.0 0.0 0.0 ... -0.6751867282138501 -0.7258348429251271
  -1.161598609468303]
 ...
 [0.0 0.0 0.0 ... -1.3075108536936773 -0.7537962298597586
  0.9630014974720505]
 [0.0 1.0 0.0 ... 2.0400995516759375 -0.6692026991924352
  -0.46634228336427896]
 [0.0 0.0 0.0 ... 1.621807828599012 1.7418045321927518
  -0.5121763369051245]] 
 
 
Val : (94159, 130) 
 

FINISHED ENCODING
~~~~~~~~~~~~~~~~~~~~~~~~~~~~~~~~~~~~~~~~~~~~~~~~~~~~~~~~~~~~~~~~~~~~~~~~~~~~~~~


~~~~~~~~~~~~~~~~~~~~~~~~~~~~~~~~~~~~~~~~~~~~~~~~~~~~~~~~~~~~~~~~~~~~~~~~~~~~~~~
Test numpy array issues
X dtype: object
X Val dtype: object
X dtype: float32
X Val dtype: float32
After encoding : : WE ARE IN TRAIN.PY
~~~~~~~~~~~~~~~~~~~~~~~~~~~~~~~~~~~~~~~~~~~~~~~~~~~~~~~~~~~~~~~~~~~~~~~~~~~~~~~
num_features :130
num_classes : 1
cat_idx : [0, 1, 2, 3, 4, 5, 6, 7, 8, 9, 10, 11, 12, 13, 14, 15, 16, 17, 18, 19, 20, 21, 22, 23, 24, 25, 26, 27, 28, 29, 30, 31, 32, 33, 34, 35, 36, 37, 38, 39, 40, 41, 42, 43, 44, 45, 46, 47, 48, 49, 50, 51, 52, 53, 54, 55, 56, 57, 58, 59, 60, 61, 62, 63, 64, 65, 66, 67, 68, 69, 70, 71, 72, 73, 74, 75, 76, 77, 78, 79, 80, 81, 82, 83, 84, 85, 86, 87, 88, 89, 90, 91, 92, 93, 94, 95, 96, 97, 98, 99, 100, 101, 102, 103, 104, 105, 106, 107, 108, 109, 110, 111, 112, 113, 114, 115]
nominal_idx : [0, 1, 2, 3, 4, 5, 6, 7, 8, 9, 10, 11, 12, 13, 14, 15, 16, 17, 18, 19, 20, 21, 22, 23, 24, 25, 26, 27, 28, 29, 30, 31, 32, 33, 34, 35, 36, 37, 38, 39, 40, 41, 42, 43, 44, 45, 46, 47, 48, 49, 50, 51, 52, 53, 54, 55, 56, 57, 58, 59, 60, 61, 62, 63, 64, 65, 66, 67, 68, 69, 70, 71, 72, 73, 74, 75, 76, 77, 78, 79, 80, 81, 82, 83, 84, 85, 86, 87, 88, 89, 90, 91, 92, 93, 94, 95, 96, 97, 98, 99, 100, 101, 102, 103, 104, 105, 106, 107, 108, 109, 110, 111, 112, 113, 114, 115]
ordinal_idx : None
num_idx : [116, 117, 118, 119, 120, 121, 122, 123, 124, 125, 126, 127, 128, 129]
cat_dims : [2, 2, 2, 2, 2, 2, 2, 2, 2, 2, 2, 2, 2, 2, 2, 2, 2, 2, 2, 2, 2, 2, 2, 2, 2, 2, 2, 2, 2, 2, 2, 2, 2, 2, 2, 2, 2, 2, 2, 2, 2, 2, 2, 2, 2, 2, 2, 2, 2, 2, 2, 2, 2, 2, 2, 2, 2, 2, 2, 2, 2, 2, 2, 2, 2, 2, 2, 2, 2, 2, 2, 2, 3, 3, 2, 3, 4, 4, 4, 4, 4, 4, 4, 4, 4, 4, 4, 4, 5, 6, 8, 6, 5, 7, 5, 8, 7, 5, 15, 15, 16, 7, 13, 17, 19, 16, 17, 11, 72, 118, 15, 51, 56, 17, 19, 278, 3, 3, 3, 3, 3, 3, 3, 3, 3, 3, 3, 3, 3, 3, 3, 3, 3, 3, 3, 3, 3, 3, 3, 3, 3, 3, 3, 3, 3, 3, 3, 3, 3, 3, 3, 3, 3, 3, 3, 3, 3, 3, 3, 3, 3, 3, 3, 3, 3, 3, 3, 3, 3, 3, 3, 3, 3, 3, 3, 3, 3, 3, 3, 3, 3, 3, 3, 3, 3, 3, 3, 3, 4, 4, 3, 4, 5, 5, 5, 5, 5, 5, 5, 5, 5, 5, 5, 5, 6, 7, 9, 7, 6, 8, 6, 9, 8, 6, 16, 16, 17, 8, 14, 18, 20, 17, 18, 12, 73, 119, 16, 52, 57, 18, 20, 279]
~~~~~~~~~~~~~~~~~~~~~~~~~~~~~~~~~~~~~~~~~~~~~~~~~~~~~~~~~~~~~~~~~~~~~~~~~~~~~~~


~~~~~~~~~~~~~~~~~~~~~~~~~~~~~~~~~~~~~~~~~~~~~~~~~~~~~~~~~~~~~~~~~~~~~~~~~~~~~~~
BINNING INIT
BINNING END
~~~~~~~~~~~~~~~~~~~~~~~~~~~~~~~~~~~~~~~~~~~~~~~~~~~~~~~~~~~~~~~~~~~~~~~~~~~~~~~ 


Model Parameters: {'max_depth': 4, 'alpha': 3.404949917072644e-07, 'lambda': 9.528801580499112e-08, 'eta': 0.14336552603624825, 'verbosity': 1, 'tree_method': 'gpu_hist', 'gpu_id': 0, 'objective': 'reg:squarederror', 'eval_metric': 'rmse'}
Parameters Passed: {'max_depth': 4, 'alpha': 3.404949917072644e-07, 'lambda': 9.528801580499112e-08, 'eta': 0.14336552603624825, 'verbosity': 1, 'tree_method': 'gpu_hist', 'gpu_id': 0, 'objective': 'reg:squarederror', 'eval_metric': 'rmse'}
{'max_depth': 4, 'alpha': 3.404949917072644e-07, 'lambda': 9.528801580499112e-08, 'eta': 0.14336552603624825, 'verbosity': 1, 'tree_method': 'gpu_hist', 'gpu_id': 0, 'objective': 'reg:squarederror', 'eval_metric': 'rmse'}
Feature Types: ['c', 'c', 'c', 'c', 'c', 'c', 'c', 'c', 'c', 'c', 'c', 'c', 'c', 'c', 'c', 'c', 'c', 'c', 'c', 'c', 'c', 'c', 'c', 'c', 'c', 'c', 'c', 'c', 'c', 'c', 'c', 'c', 'c', 'c', 'c', 'c', 'c', 'c', 'c', 'c', 'c', 'c', 'c', 'c', 'c', 'c', 'c', 'c', 'c', 'c', 'c', 'c', 'c', 'c', 'c', 'c', 'c', 'c', 'c', 'c', 'c', 'c', 'c', 'c', 'c', 'c', 'c', 'c', 'c', 'c', 'c', 'c', 'c', 'c', 'c', 'c', 'c', 'c', 'c', 'c', 'c', 'c', 'c', 'c', 'c', 'c', 'c', 'c', 'c', 'c', 'c', 'c', 'c', 'c', 'c', 'c', 'c', 'c', 'c', 'c', 'c', 'c', 'c', 'c', 'c', 'c', 'c', 'c', 'c', 'c', 'c', 'c', 'c', 'c', 'c', 'c', 'q', 'q', 'q', 'q', 'q', 'q', 'q', 'q', 'q', 'q', 'q', 'q', 'q', 'q']
Prediction shape : (94159,)
Prediction shape : (94159,)
Prediction Results : [ 5954.9873   3149.546    6706.532    5740.6494   4095.6733   3111.342
   878.60925 10677.974    1836.1129   4832.3413 ]
State of save is True b4 loss saving
Saving loss to file: output/XGBoost/Allstate_Claims/logging/loss_3.txt
Log file exists at: output/XGBoost/Allstate_Claims/logging/loss_3.txt
File name : output/XGBoost/Allstate_Claims/logging/loss_3.txt . The file was saved
Saving loss to file: output/XGBoost/Allstate_Claims/logging/test_loss_3.txt
Log file exists at: output/XGBoost/Allstate_Claims/logging/test_loss_3.txt
File name : output/XGBoost/Allstate_Claims/logging/test_loss_3.txt . The file was saved
Saved Losses and Regularization
±±±±±±±±±±±±±±±±±±±±±±±±±±±±±±±±±±±±±±±±±±±±±±±±±±±±±±±±±±±±±±±±±±±±±±±±±±± 

B4 Evaluation
Number of classes : 1
Prediction shape : (94159,)
±±±±±±±±±±±±±±±±±±±±±±±±±±±±±±±±±±±±±±±±±±±±±±±±±±±±±±±±±±±±±±±±±±±±±±±±±±± 

We are not in Class comp
After Evaluation
ERRORS: {'MSE': 4129923.850998147, 'R2': 0.5152324525902154}
{'MSE - mean': 4066932.2867578347, 'MSE - std': 89813.40480522589, 'R2 - mean': 0.5226263579516671, 'R2 - std': 0.01054223408052159} 
 

In Test Model, Seed is  4
--- Test Run 5/3 ---
~~~~~~~~~~~~~~~~~~~~~~~~~~~~~~~~~~~~~~~~~~~~~~~~~~~~~~~~~~~~~~~~~~~~~~~~~~~~~~~
BEFORE ANY ENCODING
num_features :130
num_classes : 1
cat_idx : [0]
nominal_idx : [0, 1, 2, 3, 4, 5, 6, 7, 8, 9, 10, 11, 12, 13, 14, 15, 16, 17, 18, 19, 20, 21, 22, 23, 24, 25, 26, 27, 28, 29, 30, 31, 32, 33, 34, 35, 36, 37, 38, 39, 40, 41, 42, 43, 44, 45, 46, 47, 48, 49, 50, 51, 52, 53, 54, 55, 56, 57, 58, 59, 60, 61, 62, 63, 64, 65, 66, 67, 68, 69, 70, 71, 72, 73, 74, 75, 76, 77, 78, 79, 80, 81, 82, 83, 84, 85, 86, 87, 88, 89, 90, 91, 92, 93, 94, 95, 96, 97, 98, 99, 100, 101, 102, 103, 104, 105, 106, 107, 108, 109, 110, 111, 112, 113, 114, 115]
ordinal_idx : None
num_idx : None
cat_dims : [2]
bin_alt : None 


X_train shape : (94159, 130)
~~~~~~~~~~~~~~~~~~~~~~~~~~~~~~~~~~~~~~~~~~~~~~~~~~~~~~~~~~~~~~~~~~~~~~~~~~~~~~~
~~~~~~~~~~~~~~~~~~~~~~~~~~~~~~~~~~~~~~~~~~~~~~~~~~~~~~~~~~~~~~~~~~~~~~~~~~~~~~~
AFTER getting cat idx
Nominal Index : [0, 1, 2, 3, 4, 5, 6, 7, 8, 9, 10, 11, 12, 13, 14, 15, 16, 17, 18, 19, 20, 21, 22, 23, 24, 25, 26, 27, 28, 29, 30, 31, 32, 33, 34, 35, 36, 37, 38, 39, 40, 41, 42, 43, 44, 45, 46, 47, 48, 49, 50, 51, 52, 53, 54, 55, 56, 57, 58, 59, 60, 61, 62, 63, 64, 65, 66, 67, 68, 69, 70, 71, 72, 73, 74, 75, 76, 77, 78, 79, 80, 81, 82, 83, 84, 85, 86, 87, 88, 89, 90, 91, 92, 93, 94, 95, 96, 97, 98, 99, 100, 101, 102, 103, 104, 105, 106, 107, 108, 109, 110, 111, 112, 113, 114, 115]
Ordinal Index : None
Cat Idx : [0]
Cat dims : [2]
~~~~~~~~~~~~~~~~~~~~~~~~~~~~~~~~~~~~~~~~~~~~~~~~~~~~~~~~~~~~~~~~~~~~~~~~~~~~~~~
BEFORE getting cat idx
Nominal Index : [0, 1, 2, 3, 4, 5, 6, 7, 8, 9, 10, 11, 12, 13, 14, 15, 16, 17, 18, 19, 20, 21, 22, 23, 24, 25, 26, 27, 28, 29, 30, 31, 32, 33, 34, 35, 36, 37, 38, 39, 40, 41, 42, 43, 44, 45, 46, 47, 48, 49, 50, 51, 52, 53, 54, 55, 56, 57, 58, 59, 60, 61, 62, 63, 64, 65, 66, 67, 68, 69, 70, 71, 72, 73, 74, 75, 76, 77, 78, 79, 80, 81, 82, 83, 84, 85, 86, 87, 88, 89, 90, 91, 92, 93, 94, 95, 96, 97, 98, 99, 100, 101, 102, 103, 104, 105, 106, 107, 108, 109, 110, 111, 112, 113, 114, 115]
Ordinal Index : None
Cat Idx : [0, 1, 2, 3, 4, 5, 6, 7, 8, 9, 10, 11, 12, 13, 14, 15, 16, 17, 18, 19, 20, 21, 22, 23, 24, 25, 26, 27, 28, 29, 30, 31, 32, 33, 34, 35, 36, 37, 38, 39, 40, 41, 42, 43, 44, 45, 46, 47, 48, 49, 50, 51, 52, 53, 54, 55, 56, 57, 58, 59, 60, 61, 62, 63, 64, 65, 66, 67, 68, 69, 70, 71, 72, 73, 74, 75, 76, 77, 78, 79, 80, 81, 82, 83, 84, 85, 86, 87, 88, 89, 90, 91, 92, 93, 94, 95, 96, 97, 98, 99, 100, 101, 102, 103, 104, 105, 106, 107, 108, 109, 110, 111, 112, 113, 114, 115]
Cat dims : []
No one Hot for this Baby!!! 

~~~~~~~~~~~~~~~~~~~~~~~~~~~~~~~~~~~~~~~~~~~~~~~~~~~~~~~~~~~~~~~~~~~~~~~~~~~~~~~ 


AFTER SEPARATING CATEGORICALS AND NUMERICALS
Ordinal Index : None
Numerical Index V1 : [116, 117, 118, 119, 120, 121, 122, 123, 124, 125, 126, 127, 128, 129]
Cat Idx V1 : [0, 1, 2, 3, 4, 5, 6, 7, 8, 9, 10, 11, 12, 13, 14, 15, 16, 17, 18, 19, 20, 21, 22, 23, 24, 25, 26, 27, 28, 29, 30, 31, 32, 33, 34, 35, 36, 37, 38, 39, 40, 41, 42, 43, 44, 45, 46, 47, 48, 49, 50, 51, 52, 53, 54, 55, 56, 57, 58, 59, 60, 61, 62, 63, 64, 65, 66, 67, 68, 69, 70, 71, 72, 73, 74, 75, 76, 77, 78, 79, 80, 81, 82, 83, 84, 85, 86, 87, 88, 89, 90, 91, 92, 93, 94, 95, 96, 97, 98, 99, 100, 101, 102, 103, 104, 105, 106, 107, 108, 109, 110, 111, 112, 113, 114, 115] 
Cat Dims V1 : [2, 2, 2, 2, 2, 2, 2, 2, 2, 2, 2, 2, 2, 2, 2, 2, 2, 2, 2, 2, 2, 2, 2, 2, 2, 2, 2, 2, 2, 2, 2, 2, 2, 2, 2, 2, 2, 2, 2, 2, 2, 2, 2, 2, 2, 2, 2, 2, 2, 2, 2, 2, 2, 2, 2, 2, 2, 2, 2, 2, 2, 2, 2, 2, 2, 2, 2, 2, 2, 2, 2, 2, 3, 3, 2, 3, 4, 4, 4, 4, 4, 4, 4, 4, 4, 4, 4, 4, 5, 6, 8, 6, 5, 7, 5, 8, 7, 5, 15, 15, 16, 7, 13, 17, 18, 17, 18, 11, 74, 120, 14, 51, 57, 17, 20, 281]
 

~~~~~~~~~~~~~~~~~~~~~~~~~~~~~~~~~~~~~~~~~~~~~~~~~~~~~~~~~~~~~~~~~~~~~~~~~~~~~~~ 


Scaling the data...
~~~~~~~~~~~~~~~~~~~~~~~~~~~~~~~~~~~~~~~~~~~~~~~~~~~~~~~~~~~~~~~~~~~~~~~~~~~~~~~
After OHE
Numerical Index V2 : [116, 117, 118, 119, 120, 121, 122, 123, 124, 125, 126, 127, 128, 129] 


OHE Idx : [0, 1, 2, 3, 4, 5, 6, 7, 8, 9, 10, 11, 12, 13, 14, 15, 16, 17, 18, 19, 20, 21, 22, 23, 24, 25, 26, 27, 28, 29, 30, 31, 32, 33, 34, 35, 36, 37, 38, 39, 40, 41, 42, 43, 44, 45, 46, 47, 48, 49, 50, 51, 52, 53, 54, 55, 56, 57, 58, 59, 60, 61, 62, 63, 64, 65, 66, 67, 68, 69, 70, 71, 72, 73, 74, 75, 76, 77, 78, 79, 80, 81, 82, 83, 84, 85, 86, 87, 88, 89, 90, 91, 92, 93, 94, 95, 96, 97, 98, 99, 100, 101, 102, 103, 104, 105, 106, 107, 108, 109, 110, 111, 112, 113, 114, 115]


Ordinal Idx V2: None


Cat Dims V2 : [2, 2, 2, 2, 2, 2, 2, 2, 2, 2, 2, 2, 2, 2, 2, 2, 2, 2, 2, 2, 2, 2, 2, 2, 2, 2, 2, 2, 2, 2, 2, 2, 2, 2, 2, 2, 2, 2, 2, 2, 2, 2, 2, 2, 2, 2, 2, 2, 2, 2, 2, 2, 2, 2, 2, 2, 2, 2, 2, 2, 2, 2, 2, 2, 2, 2, 2, 2, 2, 2, 2, 2, 3, 3, 2, 3, 4, 4, 4, 4, 4, 4, 4, 4, 4, 4, 4, 4, 5, 6, 8, 6, 5, 7, 5, 8, 7, 5, 15, 15, 16, 7, 13, 17, 18, 17, 18, 11, 74, 120, 14, 51, 57, 17, 20, 281]
Cat Idx V2 : [0, 1, 2, 3, 4, 5, 6, 7, 8, 9, 10, 11, 12, 13, 14, 15, 16, 17, 18, 19, 20, 21, 22, 23, 24, 25, 26, 27, 28, 29, 30, 31, 32, 33, 34, 35, 36, 37, 38, 39, 40, 41, 42, 43, 44, 45, 46, 47, 48, 49, 50, 51, 52, 53, 54, 55, 56, 57, 58, 59, 60, 61, 62, 63, 64, 65, 66, 67, 68, 69, 70, 71, 72, 73, 74, 75, 76, 77, 78, 79, 80, 81, 82, 83, 84, 85, 86, 87, 88, 89, 90, 91, 92, 93, 94, 95, 96, 97, 98, 99, 100, 101, 102, 103, 104, 105, 106, 107, 108, 109, 110, 111, 112, 113, 114, 115] 
 

Train: [[0.0 1.0 0.0 1.0 0.0]
 [0.0 0.0 0.0 0.0 0.0]
 [1.0 0.0 0.0 0.0 1.0]
 [0.0 1.0 0.0 1.0 1.0]
 [0.0 1.0 0.0 0.0 0.0]
 [0.0 0.0 0.0 1.0 0.0]
 [0.0 0.0 0.0 1.0 0.0]
 [0.0 1.0 0.0 1.0 0.0]
 [0.0 1.0 0.0 0.0 1.0]
 [1.0 0.0 0.0 0.0 0.0]] 
 
 
Val : (94159, 130) 
 

~~~~~~~~~~~~~~~~~~~~~~~~~~~~~~~~~~~~~~~~~~~~~~~~~~~~~~~~~~~~~~~~~~~~~~~~~~~~~~~
Cat Idx V3 : [0, 1, 2, 3, 4, 5, 6, 7, 8, 9, 10, 11, 12, 13, 14, 15, 16, 17, 18, 19, 20, 21, 22, 23, 24, 25, 26, 27, 28, 29, 30, 31, 32, 33, 34, 35, 36, 37, 38, 39, 40, 41, 42, 43, 44, 45, 46, 47, 48, 49, 50, 51, 52, 53, 54, 55, 56, 57, 58, 59, 60, 61, 62, 63, 64, 65, 66, 67, 68, 69, 70, 71, 72, 73, 74, 75, 76, 77, 78, 79, 80, 81, 82, 83, 84, 85, 86, 87, 88, 89, 90, 91, 92, 93, 94, 95, 96, 97, 98, 99, 100, 101, 102, 103, 104, 105, 106, 107, 108, 109, 110, 111, 112, 113, 114, 115] 
 

~~~~~~~~~~~~~~~~~~~~~~~~~~~~~~~~~~~~~~~~~~~~~~~~~~~~~~~~~~~~~~~~~~~~~~~~~~~~~~~
After ORDINAL
Numerical Index V2 : [116, 117, 118, 119, 120, 121, 122, 123, 124, 125, 126, 127, 128, 129] 


OHE Idx : [0, 1, 2, 3, 4, 5, 6, 7, 8, 9, 10, 11, 12, 13, 14, 15, 16, 17, 18, 19, 20, 21, 22, 23, 24, 25, 26, 27, 28, 29, 30, 31, 32, 33, 34, 35, 36, 37, 38, 39, 40, 41, 42, 43, 44, 45, 46, 47, 48, 49, 50, 51, 52, 53, 54, 55, 56, 57, 58, 59, 60, 61, 62, 63, 64, 65, 66, 67, 68, 69, 70, 71, 72, 73, 74, 75, 76, 77, 78, 79, 80, 81, 82, 83, 84, 85, 86, 87, 88, 89, 90, 91, 92, 93, 94, 95, 96, 97, 98, 99, 100, 101, 102, 103, 104, 105, 106, 107, 108, 109, 110, 111, 112, 113, 114, 115]


Ordinal Idx V2: None


Cat Dims V2 : [2, 2, 2, 2, 2, 2, 2, 2, 2, 2, 2, 2, 2, 2, 2, 2, 2, 2, 2, 2, 2, 2, 2, 2, 2, 2, 2, 2, 2, 2, 2, 2, 2, 2, 2, 2, 2, 2, 2, 2, 2, 2, 2, 2, 2, 2, 2, 2, 2, 2, 2, 2, 2, 2, 2, 2, 2, 2, 2, 2, 2, 2, 2, 2, 2, 2, 2, 2, 2, 2, 2, 2, 3, 3, 2, 3, 4, 4, 4, 4, 4, 4, 4, 4, 4, 4, 4, 4, 5, 6, 8, 6, 5, 7, 5, 8, 7, 5, 15, 15, 16, 7, 13, 17, 18, 17, 18, 11, 74, 120, 14, 51, 57, 17, 20, 281, 3, 3, 3, 3, 3, 3, 3, 3, 3, 3, 3, 3, 3, 3, 3, 3, 3, 3, 3, 3, 3, 3, 3, 3, 3, 3, 3, 3, 3, 3, 3, 3, 3, 3, 3, 3, 3, 3, 3, 3, 3, 3, 3, 3, 3, 3, 3, 3, 3, 3, 3, 3, 3, 3, 3, 3, 3, 3, 3, 3, 3, 3, 3, 3, 3, 3, 3, 3, 3, 3, 3, 3, 4, 4, 3, 4, 5, 5, 5, 5, 5, 5, 5, 5, 5, 5, 5, 5, 6, 7, 9, 7, 6, 8, 6, 9, 8, 6, 16, 16, 17, 8, 14, 18, 19, 18, 19, 12, 75, 121, 15, 52, 58, 18, 21, 282]
Cat Idx V2 : [0, 1, 2, 3, 4, 5, 6, 7, 8, 9, 10, 11, 12, 13, 14, 15, 16, 17, 18, 19, 20, 21, 22, 23, 24, 25, 26, 27, 28, 29, 30, 31, 32, 33, 34, 35, 36, 37, 38, 39, 40, 41, 42, 43, 44, 45, 46, 47, 48, 49, 50, 51, 52, 53, 54, 55, 56, 57, 58, 59, 60, 61, 62, 63, 64, 65, 66, 67, 68, 69, 70, 71, 72, 73, 74, 75, 76, 77, 78, 79, 80, 81, 82, 83, 84, 85, 86, 87, 88, 89, 90, 91, 92, 93, 94, 95, 96, 97, 98, 99, 100, 101, 102, 103, 104, 105, 106, 107, 108, 109, 110, 111, 112, 113, 114, 115] 
 

Train: [[0.0 1.0 0.0 ... -0.9463174833048271 -0.7243533352388126
  -1.177128030209305]
 [0.0 0.0 0.0 ... -1.5028733834505161 -0.8879490532755323
  1.4612349742915696]
 [1.0 0.0 0.0 ... 1.5060233278690252 1.6930975990145753
  -1.1636126704400254]
 ...
 [0.0 1.0 0.0 ... -0.9463174833048271 -0.7243533352388126
  0.9547151270023151]
 [0.0 1.0 0.0 ... 1.0498824488938865 1.3535570163454826
  -0.8312122565541323]
 [1.0 0.0 0.0 ... -0.6091091882334183 -0.7243533352388126
  1.4168215751829936]] 
 
 
Val : (94159, 130) 
 

FINISHED ENCODING
~~~~~~~~~~~~~~~~~~~~~~~~~~~~~~~~~~~~~~~~~~~~~~~~~~~~~~~~~~~~~~~~~~~~~~~~~~~~~~~


~~~~~~~~~~~~~~~~~~~~~~~~~~~~~~~~~~~~~~~~~~~~~~~~~~~~~~~~~~~~~~~~~~~~~~~~~~~~~~~
Test numpy array issues
X dtype: object
X Val dtype: object
X dtype: float32
X Val dtype: float32
After encoding : : WE ARE IN TRAIN.PY
~~~~~~~~~~~~~~~~~~~~~~~~~~~~~~~~~~~~~~~~~~~~~~~~~~~~~~~~~~~~~~~~~~~~~~~~~~~~~~~
num_features :130
num_classes : 1
cat_idx : [0, 1, 2, 3, 4, 5, 6, 7, 8, 9, 10, 11, 12, 13, 14, 15, 16, 17, 18, 19, 20, 21, 22, 23, 24, 25, 26, 27, 28, 29, 30, 31, 32, 33, 34, 35, 36, 37, 38, 39, 40, 41, 42, 43, 44, 45, 46, 47, 48, 49, 50, 51, 52, 53, 54, 55, 56, 57, 58, 59, 60, 61, 62, 63, 64, 65, 66, 67, 68, 69, 70, 71, 72, 73, 74, 75, 76, 77, 78, 79, 80, 81, 82, 83, 84, 85, 86, 87, 88, 89, 90, 91, 92, 93, 94, 95, 96, 97, 98, 99, 100, 101, 102, 103, 104, 105, 106, 107, 108, 109, 110, 111, 112, 113, 114, 115]
nominal_idx : [0, 1, 2, 3, 4, 5, 6, 7, 8, 9, 10, 11, 12, 13, 14, 15, 16, 17, 18, 19, 20, 21, 22, 23, 24, 25, 26, 27, 28, 29, 30, 31, 32, 33, 34, 35, 36, 37, 38, 39, 40, 41, 42, 43, 44, 45, 46, 47, 48, 49, 50, 51, 52, 53, 54, 55, 56, 57, 58, 59, 60, 61, 62, 63, 64, 65, 66, 67, 68, 69, 70, 71, 72, 73, 74, 75, 76, 77, 78, 79, 80, 81, 82, 83, 84, 85, 86, 87, 88, 89, 90, 91, 92, 93, 94, 95, 96, 97, 98, 99, 100, 101, 102, 103, 104, 105, 106, 107, 108, 109, 110, 111, 112, 113, 114, 115]
ordinal_idx : None
num_idx : [116, 117, 118, 119, 120, 121, 122, 123, 124, 125, 126, 127, 128, 129]
cat_dims : [2, 2, 2, 2, 2, 2, 2, 2, 2, 2, 2, 2, 2, 2, 2, 2, 2, 2, 2, 2, 2, 2, 2, 2, 2, 2, 2, 2, 2, 2, 2, 2, 2, 2, 2, 2, 2, 2, 2, 2, 2, 2, 2, 2, 2, 2, 2, 2, 2, 2, 2, 2, 2, 2, 2, 2, 2, 2, 2, 2, 2, 2, 2, 2, 2, 2, 2, 2, 2, 2, 2, 2, 3, 3, 2, 3, 4, 4, 4, 4, 4, 4, 4, 4, 4, 4, 4, 4, 5, 6, 8, 6, 5, 7, 5, 8, 7, 5, 15, 15, 16, 7, 13, 17, 18, 17, 18, 11, 74, 120, 14, 51, 57, 17, 20, 281, 3, 3, 3, 3, 3, 3, 3, 3, 3, 3, 3, 3, 3, 3, 3, 3, 3, 3, 3, 3, 3, 3, 3, 3, 3, 3, 3, 3, 3, 3, 3, 3, 3, 3, 3, 3, 3, 3, 3, 3, 3, 3, 3, 3, 3, 3, 3, 3, 3, 3, 3, 3, 3, 3, 3, 3, 3, 3, 3, 3, 3, 3, 3, 3, 3, 3, 3, 3, 3, 3, 3, 3, 4, 4, 3, 4, 5, 5, 5, 5, 5, 5, 5, 5, 5, 5, 5, 5, 6, 7, 9, 7, 6, 8, 6, 9, 8, 6, 16, 16, 17, 8, 14, 18, 19, 18, 19, 12, 75, 121, 15, 52, 58, 18, 21, 282]
~~~~~~~~~~~~~~~~~~~~~~~~~~~~~~~~~~~~~~~~~~~~~~~~~~~~~~~~~~~~~~~~~~~~~~~~~~~~~~~


~~~~~~~~~~~~~~~~~~~~~~~~~~~~~~~~~~~~~~~~~~~~~~~~~~~~~~~~~~~~~~~~~~~~~~~~~~~~~~~
BINNING INIT
BINNING END
~~~~~~~~~~~~~~~~~~~~~~~~~~~~~~~~~~~~~~~~~~~~~~~~~~~~~~~~~~~~~~~~~~~~~~~~~~~~~~~ 


Model Parameters: {'max_depth': 4, 'alpha': 3.404949917072644e-07, 'lambda': 9.528801580499112e-08, 'eta': 0.14336552603624825, 'verbosity': 1, 'tree_method': 'gpu_hist', 'gpu_id': 0, 'objective': 'reg:squarederror', 'eval_metric': 'rmse'}
Parameters Passed: {'max_depth': 4, 'alpha': 3.404949917072644e-07, 'lambda': 9.528801580499112e-08, 'eta': 0.14336552603624825, 'verbosity': 1, 'tree_method': 'gpu_hist', 'gpu_id': 0, 'objective': 'reg:squarederror', 'eval_metric': 'rmse'}
{'max_depth': 4, 'alpha': 3.404949917072644e-07, 'lambda': 9.528801580499112e-08, 'eta': 0.14336552603624825, 'verbosity': 1, 'tree_method': 'gpu_hist', 'gpu_id': 0, 'objective': 'reg:squarederror', 'eval_metric': 'rmse'}
Feature Types: ['c', 'c', 'c', 'c', 'c', 'c', 'c', 'c', 'c', 'c', 'c', 'c', 'c', 'c', 'c', 'c', 'c', 'c', 'c', 'c', 'c', 'c', 'c', 'c', 'c', 'c', 'c', 'c', 'c', 'c', 'c', 'c', 'c', 'c', 'c', 'c', 'c', 'c', 'c', 'c', 'c', 'c', 'c', 'c', 'c', 'c', 'c', 'c', 'c', 'c', 'c', 'c', 'c', 'c', 'c', 'c', 'c', 'c', 'c', 'c', 'c', 'c', 'c', 'c', 'c', 'c', 'c', 'c', 'c', 'c', 'c', 'c', 'c', 'c', 'c', 'c', 'c', 'c', 'c', 'c', 'c', 'c', 'c', 'c', 'c', 'c', 'c', 'c', 'c', 'c', 'c', 'c', 'c', 'c', 'c', 'c', 'c', 'c', 'c', 'c', 'c', 'c', 'c', 'c', 'c', 'c', 'c', 'c', 'c', 'c', 'c', 'c', 'c', 'c', 'c', 'c', 'q', 'q', 'q', 'q', 'q', 'q', 'q', 'q', 'q', 'q', 'q', 'q', 'q', 'q']
Prediction shape : (94159,)
Prediction shape : (94159,)
Prediction Results : [ 5290.414   2702.3293  6966.4736  5352.461   3889.0518  2424.855
   850.4798 12373.411   1923.3159  4661.497 ]
State of save is True b4 loss saving
Saving loss to file: output/XGBoost/Allstate_Claims/logging/loss_4.txt
Log file exists at: output/XGBoost/Allstate_Claims/logging/loss_4.txt
File name : output/XGBoost/Allstate_Claims/logging/loss_4.txt . The file was saved
Saving loss to file: output/XGBoost/Allstate_Claims/logging/test_loss_4.txt
Log file exists at: output/XGBoost/Allstate_Claims/logging/test_loss_4.txt
File name : output/XGBoost/Allstate_Claims/logging/test_loss_4.txt . The file was saved
Saved Losses and Regularization
±±±±±±±±±±±±±±±±±±±±±±±±±±±±±±±±±±±±±±±±±±±±±±±±±±±±±±±±±±±±±±±±±±±±±±±±±±± 

B4 Evaluation
Number of classes : 1
Prediction shape : (94159,)
±±±±±±±±±±±±±±±±±±±±±±±±±±±±±±±±±±±±±±±±±±±±±±±±±±±±±±±±±±±±±±±±±±±±±±±±±±± 

We are not in Class comp
After Evaluation
ERRORS: {'MSE': 4066785.9061180274, 'R2': 0.5226435400078764}
{'MSE - mean': 4066903.010629873, 'MSE - std': 80331.57271292884, 'R2 - mean': 0.522629794362909, 'R2 - std': 0.009429263320243932} 
 

Saving model.....
Results After CV: {'MSE - mean': 4066903.010629873, 'MSE - std': 80331.57271292884, 'R2 - mean': 0.522629794362909, 'R2 - std': 0.009429263320243932}
Train time: 1.0970483629999996
Inference time: 0.5299918508000019
Finished cross validation

--- Testin on Final Model Finished ---
Aggregated Results: {'MSE - mean': 4066903.010629873, 'MSE - std': 80331.57271292884, 'R2 - mean': 0.522629794362909, 'R2 - std': 0.009429263320243932}
Avg Outer Fold Train Time: 1.0970 sec
Avg Outer Fold Inference Time: 0.5300 sec
