[I 2025-05-03 22:55:20,200] A new study created in memory with name: MLP_Diamonds_outer1
[I 2025-05-03 22:55:21,325] Trial 0 finished with value: 0.0 and parameters: {'n_blocks': 3, 'd_block': 64, 'dropout': 0.08192826110854905}. Best is trial 0 with value: 0.0.
[I 2025-05-03 22:55:21,604] Trial 1 finished with value: 0.0 and parameters: {'n_blocks': 2, 'd_block': 256, 'dropout': 0.2961137069782543}. Best is trial 0 with value: 0.0.
[I 2025-05-03 22:55:21,889] Trial 2 finished with value: 0.0 and parameters: {'n_blocks': 5, 'd_block': 64, 'dropout': 0.16242458383756367}. Best is trial 0 with value: 0.0.
[I 2025-05-03 22:55:22,167] Trial 3 finished with value: 0.0 and parameters: {'n_blocks': 4, 'd_block': 64, 'dropout': 0.07506536796738433}. Best is trial 0 with value: 0.0.
[I 2025-05-03 22:55:22,448] Trial 4 finished with value: 0.0 and parameters: {'n_blocks': 2, 'd_block': 128, 'dropout': 0.1834118479621965}. Best is trial 0 with value: 0.0.
[I 2025-05-03 22:55:22,522] A new study created in memory with name: MLP_Diamonds_outer2
[I 2025-05-03 22:55:22,806] Trial 0 finished with value: 0.0 and parameters: {'n_blocks': 2, 'd_block': 256, 'dropout': 0.09800143303806}. Best is trial 0 with value: 0.0.
[I 2025-05-03 22:55:23,084] Trial 1 finished with value: 0.0 and parameters: {'n_blocks': 3, 'd_block': 128, 'dropout': 0.07354662705400666}. Best is trial 0 with value: 0.0.
[I 2025-05-03 22:55:23,363] Trial 2 finished with value: 0.0 and parameters: {'n_blocks': 4, 'd_block': 64, 'dropout': 0.2577605486442327}. Best is trial 0 with value: 0.0.
[I 2025-05-03 22:55:23,643] Trial 3 finished with value: 0.0 and parameters: {'n_blocks': 2, 'd_block': 64, 'dropout': 0.003877490827579051}. Best is trial 0 with value: 0.0.
[I 2025-05-03 22:55:23,921] Trial 4 finished with value: 0.0 and parameters: {'n_blocks': 2, 'd_block': 64, 'dropout': 0.25392365946932255}. Best is trial 0 with value: 0.0.
[I 2025-05-03 22:55:23,993] A new study created in memory with name: MLP_Diamonds_outer3
[I 2025-05-03 22:55:24,274] Trial 0 finished with value: 0.0 and parameters: {'n_blocks': 6, 'd_block': 64, 'dropout': 0.0193682872639773}. Best is trial 0 with value: 0.0.
[I 2025-05-03 22:55:24,557] Trial 1 finished with value: 0.0 and parameters: {'n_blocks': 4, 'd_block': 64, 'dropout': 0.2880069635472905}. Best is trial 0 with value: 0.0.
[I 2025-05-03 22:55:24,839] Trial 2 finished with value: 0.0 and parameters: {'n_blocks': 3, 'd_block': 256, 'dropout': 0.23395142283100254}. Best is trial 0 with value: 0.0.
[I 2025-05-03 22:55:25,123] Trial 3 finished with value: 0.0 and parameters: {'n_blocks': 4, 'd_block': 128, 'dropout': 0.21334736270694846}. Best is trial 0 with value: 0.0.
[I 2025-05-03 22:55:25,412] Trial 4 finished with value: 0.0 and parameters: {'n_blocks': 2, 'd_block': 256, 'dropout': 0.18880771444563058}. Best is trial 0 with value: 0.0.
[I 2025-05-03 22:55:25,486] A new study created in memory with name: MLP_Diamonds_outer4
[I 2025-05-03 22:55:25,769] Trial 0 finished with value: 0.0 and parameters: {'n_blocks': 5, 'd_block': 64, 'dropout': 0.21381172836445814}. Best is trial 0 with value: 0.0.
[I 2025-05-03 22:55:26,050] Trial 1 finished with value: 0.0 and parameters: {'n_blocks': 5, 'd_block': 64, 'dropout': 0.21013079737319196}. Best is trial 0 with value: 0.0.
[I 2025-05-03 22:55:26,337] Trial 2 finished with value: 0.0 and parameters: {'n_blocks': 3, 'd_block': 64, 'dropout': 0.16137440797198452}. Best is trial 0 with value: 0.0.
[I 2025-05-03 22:55:26,614] Trial 3 finished with value: 0.0 and parameters: {'n_blocks': 2, 'd_block': 64, 'dropout': 0.16600765369701462}. Best is trial 0 with value: 0.0.
[I 2025-05-03 22:55:26,906] Trial 4 finished with value: 0.0 and parameters: {'n_blocks': 2, 'd_block': 64, 'dropout': 0.11501006417964786}. Best is trial 0 with value: 0.0.
[I 2025-05-03 22:55:26,976] A new study created in memory with name: MLP_Diamonds_outer5
[I 2025-05-03 22:55:27,249] Trial 0 finished with value: 0.0 and parameters: {'n_blocks': 6, 'd_block': 64, 'dropout': 0.20204076143740565}. Best is trial 0 with value: 0.0.
[I 2025-05-03 22:55:27,525] Trial 1 finished with value: 0.0 and parameters: {'n_blocks': 2, 'd_block': 256, 'dropout': 0.1983317143724821}. Best is trial 0 with value: 0.0.
[I 2025-05-03 22:55:27,796] Trial 2 finished with value: 0.0 and parameters: {'n_blocks': 5, 'd_block': 128, 'dropout': 0.20214846051851196}. Best is trial 0 with value: 0.0.
[I 2025-05-03 22:55:28,071] Trial 3 finished with value: 0.0 and parameters: {'n_blocks': 3, 'd_block': 256, 'dropout': 0.09765265265712617}. Best is trial 0 with value: 0.0.
[I 2025-05-03 22:55:28,355] Trial 4 finished with value: 0.0 and parameters: {'n_blocks': 5, 'd_block': 256, 'dropout': 0.2907233807431468}. Best is trial 0 with value: 0.0.
Traceback (most recent call last):
  File "train.py", line 1192, in <module>
    main(arguments)
  File "train.py", line 1063, in main
    agg_scorer, avg_train_time, avg_test_time = nested_cross_validation(
  File "train.py", line 705, in nested_cross_validation
    best_hp_idx = best_loss_dict.index(min(best_loss_dict))
ValueError: min() arg is an empty sequence
srun: error: stud-000: task 0: Exited with exit code 1
