[I 2025-05-03 22:55:45,153] A new study created in memory with name: MLP_Brazillian_Houses_outer1
/home/mburu/.local/lib/python3.8/site-packages/sklearn/preprocessing/_discretization.py:322: UserWarning: Bins whose width are too small (i.e., <= 1e-8) in feature 0 are removed. Consider decreasing the number of bins.
  warnings.warn(
/home/mburu/.local/lib/python3.8/site-packages/sklearn/preprocessing/_discretization.py:322: UserWarning: Bins whose width are too small (i.e., <= 1e-8) in feature 0 are removed. Consider decreasing the number of bins.
  warnings.warn(
/home/mburu/.local/lib/python3.8/site-packages/sklearn/preprocessing/_discretization.py:322: UserWarning: Bins whose width are too small (i.e., <= 1e-8) in feature 0 are removed. Consider decreasing the number of bins.
  warnings.warn(
/home/mburu/.local/lib/python3.8/site-packages/sklearn/preprocessing/_discretization.py:322: UserWarning: Bins whose width are too small (i.e., <= 1e-8) in feature 0 are removed. Consider decreasing the number of bins.
  warnings.warn(
[I 2025-05-03 22:55:46,273] Trial 0 finished with value: 0.0 and parameters: {'n_blocks': 4, 'd_block': 256, 'dropout': 0.1202739939020289}. Best is trial 0 with value: 0.0.
/home/mburu/.local/lib/python3.8/site-packages/sklearn/preprocessing/_discretization.py:322: UserWarning: Bins whose width are too small (i.e., <= 1e-8) in feature 0 are removed. Consider decreasing the number of bins.
  warnings.warn(
/home/mburu/.local/lib/python3.8/site-packages/sklearn/preprocessing/_discretization.py:322: UserWarning: Bins whose width are too small (i.e., <= 1e-8) in feature 0 are removed. Consider decreasing the number of bins.
  warnings.warn(
/home/mburu/.local/lib/python3.8/site-packages/sklearn/preprocessing/_discretization.py:322: UserWarning: Bins whose width are too small (i.e., <= 1e-8) in feature 0 are removed. Consider decreasing the number of bins.
  warnings.warn(
/home/mburu/.local/lib/python3.8/site-packages/sklearn/preprocessing/_discretization.py:322: UserWarning: Bins whose width are too small (i.e., <= 1e-8) in feature 0 are removed. Consider decreasing the number of bins.
  warnings.warn(
[I 2025-05-03 22:55:46,793] Trial 1 finished with value: 0.0 and parameters: {'n_blocks': 4, 'd_block': 128, 'dropout': 0.06750555739353177}. Best is trial 0 with value: 0.0.
/home/mburu/.local/lib/python3.8/site-packages/sklearn/preprocessing/_discretization.py:322: UserWarning: Bins whose width are too small (i.e., <= 1e-8) in feature 0 are removed. Consider decreasing the number of bins.
  warnings.warn(
/home/mburu/.local/lib/python3.8/site-packages/sklearn/preprocessing/_discretization.py:322: UserWarning: Bins whose width are too small (i.e., <= 1e-8) in feature 0 are removed. Consider decreasing the number of bins.
  warnings.warn(
/home/mburu/.local/lib/python3.8/site-packages/sklearn/preprocessing/_discretization.py:322: UserWarning: Bins whose width are too small (i.e., <= 1e-8) in feature 0 are removed. Consider decreasing the number of bins.
  warnings.warn(
/home/mburu/.local/lib/python3.8/site-packages/sklearn/preprocessing/_discretization.py:322: UserWarning: Bins whose width are too small (i.e., <= 1e-8) in feature 0 are removed. Consider decreasing the number of bins.
  warnings.warn(
[I 2025-05-03 22:55:47,311] Trial 2 finished with value: 0.0 and parameters: {'n_blocks': 6, 'd_block': 128, 'dropout': 0.022397325800658317}. Best is trial 0 with value: 0.0.
/home/mburu/.local/lib/python3.8/site-packages/sklearn/preprocessing/_discretization.py:322: UserWarning: Bins whose width are too small (i.e., <= 1e-8) in feature 0 are removed. Consider decreasing the number of bins.
  warnings.warn(
/home/mburu/.local/lib/python3.8/site-packages/sklearn/preprocessing/_discretization.py:322: UserWarning: Bins whose width are too small (i.e., <= 1e-8) in feature 0 are removed. Consider decreasing the number of bins.
  warnings.warn(
/home/mburu/.local/lib/python3.8/site-packages/sklearn/preprocessing/_discretization.py:322: UserWarning: Bins whose width are too small (i.e., <= 1e-8) in feature 0 are removed. Consider decreasing the number of bins.
  warnings.warn(
/home/mburu/.local/lib/python3.8/site-packages/sklearn/preprocessing/_discretization.py:322: UserWarning: Bins whose width are too small (i.e., <= 1e-8) in feature 0 are removed. Consider decreasing the number of bins.
  warnings.warn(
[I 2025-05-03 22:55:47,841] Trial 3 finished with value: 0.0 and parameters: {'n_blocks': 4, 'd_block': 256, 'dropout': 0.27134593618401537}. Best is trial 0 with value: 0.0.
/home/mburu/.local/lib/python3.8/site-packages/sklearn/preprocessing/_discretization.py:322: UserWarning: Bins whose width are too small (i.e., <= 1e-8) in feature 0 are removed. Consider decreasing the number of bins.
  warnings.warn(
/home/mburu/.local/lib/python3.8/site-packages/sklearn/preprocessing/_discretization.py:322: UserWarning: Bins whose width are too small (i.e., <= 1e-8) in feature 0 are removed. Consider decreasing the number of bins.
  warnings.warn(
/home/mburu/.local/lib/python3.8/site-packages/sklearn/preprocessing/_discretization.py:322: UserWarning: Bins whose width are too small (i.e., <= 1e-8) in feature 0 are removed. Consider decreasing the number of bins.
  warnings.warn(
/home/mburu/.local/lib/python3.8/site-packages/sklearn/preprocessing/_discretization.py:322: UserWarning: Bins whose width are too small (i.e., <= 1e-8) in feature 0 are removed. Consider decreasing the number of bins.
  warnings.warn(
[I 2025-05-03 22:55:48,365] Trial 4 finished with value: 0.0 and parameters: {'n_blocks': 2, 'd_block': 256, 'dropout': 0.24700005045047901}. Best is trial 0 with value: 0.0.
/home/mburu/.local/lib/python3.8/site-packages/sklearn/preprocessing/_discretization.py:322: UserWarning: Bins whose width are too small (i.e., <= 1e-8) in feature 0 are removed. Consider decreasing the number of bins.
  warnings.warn(
[I 2025-05-03 22:55:48,529] A new study created in memory with name: MLP_Brazillian_Houses_outer2
/home/mburu/.local/lib/python3.8/site-packages/sklearn/preprocessing/_discretization.py:322: UserWarning: Bins whose width are too small (i.e., <= 1e-8) in feature 0 are removed. Consider decreasing the number of bins.
  warnings.warn(
/home/mburu/.local/lib/python3.8/site-packages/sklearn/preprocessing/_discretization.py:322: UserWarning: Bins whose width are too small (i.e., <= 1e-8) in feature 0 are removed. Consider decreasing the number of bins.
  warnings.warn(
/home/mburu/.local/lib/python3.8/site-packages/sklearn/preprocessing/_discretization.py:322: UserWarning: Bins whose width are too small (i.e., <= 1e-8) in feature 0 are removed. Consider decreasing the number of bins.
  warnings.warn(
/home/mburu/.local/lib/python3.8/site-packages/sklearn/preprocessing/_discretization.py:322: UserWarning: Bins whose width are too small (i.e., <= 1e-8) in feature 0 are removed. Consider decreasing the number of bins.
  warnings.warn(
/home/mburu/.local/lib/python3.8/site-packages/sklearn/preprocessing/_discretization.py:322: UserWarning: Bins whose width are too small (i.e., <= 1e-8) in feature 0 are removed. Consider decreasing the number of bins.
  warnings.warn(
[I 2025-05-03 22:55:49,121] Trial 0 finished with value: 0.0 and parameters: {'n_blocks': 3, 'd_block': 128, 'dropout': 0.06801553639684493}. Best is trial 0 with value: 0.0.
/home/mburu/.local/lib/python3.8/site-packages/sklearn/preprocessing/_discretization.py:322: UserWarning: Bins whose width are too small (i.e., <= 1e-8) in feature 0 are removed. Consider decreasing the number of bins.
  warnings.warn(
/home/mburu/.local/lib/python3.8/site-packages/sklearn/preprocessing/_discretization.py:322: UserWarning: Bins whose width are too small (i.e., <= 1e-8) in feature 0 are removed. Consider decreasing the number of bins.
  warnings.warn(
/home/mburu/.local/lib/python3.8/site-packages/sklearn/preprocessing/_discretization.py:322: UserWarning: Bins whose width are too small (i.e., <= 1e-8) in feature 0 are removed. Consider decreasing the number of bins.
  warnings.warn(
/home/mburu/.local/lib/python3.8/site-packages/sklearn/preprocessing/_discretization.py:322: UserWarning: Bins whose width are too small (i.e., <= 1e-8) in feature 0 are removed. Consider decreasing the number of bins.
  warnings.warn(
/home/mburu/.local/lib/python3.8/site-packages/sklearn/preprocessing/_discretization.py:322: UserWarning: Bins whose width are too small (i.e., <= 1e-8) in feature 0 are removed. Consider decreasing the number of bins.
  warnings.warn(
[I 2025-05-03 22:55:49,703] Trial 1 finished with value: 0.0 and parameters: {'n_blocks': 3, 'd_block': 64, 'dropout': 0.2977616897331911}. Best is trial 0 with value: 0.0.
/home/mburu/.local/lib/python3.8/site-packages/sklearn/preprocessing/_discretization.py:322: UserWarning: Bins whose width are too small (i.e., <= 1e-8) in feature 0 are removed. Consider decreasing the number of bins.
  warnings.warn(
/home/mburu/.local/lib/python3.8/site-packages/sklearn/preprocessing/_discretization.py:322: UserWarning: Bins whose width are too small (i.e., <= 1e-8) in feature 0 are removed. Consider decreasing the number of bins.
  warnings.warn(
/home/mburu/.local/lib/python3.8/site-packages/sklearn/preprocessing/_discretization.py:322: UserWarning: Bins whose width are too small (i.e., <= 1e-8) in feature 0 are removed. Consider decreasing the number of bins.
  warnings.warn(
/home/mburu/.local/lib/python3.8/site-packages/sklearn/preprocessing/_discretization.py:322: UserWarning: Bins whose width are too small (i.e., <= 1e-8) in feature 0 are removed. Consider decreasing the number of bins.
  warnings.warn(
/home/mburu/.local/lib/python3.8/site-packages/sklearn/preprocessing/_discretization.py:322: UserWarning: Bins whose width are too small (i.e., <= 1e-8) in feature 0 are removed. Consider decreasing the number of bins.
  warnings.warn(
[I 2025-05-03 22:55:50,280] Trial 2 finished with value: 0.0 and parameters: {'n_blocks': 3, 'd_block': 64, 'dropout': 0.2645549776393616}. Best is trial 0 with value: 0.0.
/home/mburu/.local/lib/python3.8/site-packages/sklearn/preprocessing/_discretization.py:322: UserWarning: Bins whose width are too small (i.e., <= 1e-8) in feature 0 are removed. Consider decreasing the number of bins.
  warnings.warn(
/home/mburu/.local/lib/python3.8/site-packages/sklearn/preprocessing/_discretization.py:322: UserWarning: Bins whose width are too small (i.e., <= 1e-8) in feature 0 are removed. Consider decreasing the number of bins.
  warnings.warn(
/home/mburu/.local/lib/python3.8/site-packages/sklearn/preprocessing/_discretization.py:322: UserWarning: Bins whose width are too small (i.e., <= 1e-8) in feature 0 are removed. Consider decreasing the number of bins.
  warnings.warn(
/home/mburu/.local/lib/python3.8/site-packages/sklearn/preprocessing/_discretization.py:322: UserWarning: Bins whose width are too small (i.e., <= 1e-8) in feature 0 are removed. Consider decreasing the number of bins.
  warnings.warn(
/home/mburu/.local/lib/python3.8/site-packages/sklearn/preprocessing/_discretization.py:322: UserWarning: Bins whose width are too small (i.e., <= 1e-8) in feature 0 are removed. Consider decreasing the number of bins.
  warnings.warn(
[I 2025-05-03 22:55:50,864] Trial 3 finished with value: 0.0 and parameters: {'n_blocks': 5, 'd_block': 128, 'dropout': 0.24819758066726771}. Best is trial 0 with value: 0.0.
/home/mburu/.local/lib/python3.8/site-packages/sklearn/preprocessing/_discretization.py:322: UserWarning: Bins whose width are too small (i.e., <= 1e-8) in feature 0 are removed. Consider decreasing the number of bins.
  warnings.warn(
/home/mburu/.local/lib/python3.8/site-packages/sklearn/preprocessing/_discretization.py:322: UserWarning: Bins whose width are too small (i.e., <= 1e-8) in feature 0 are removed. Consider decreasing the number of bins.
  warnings.warn(
/home/mburu/.local/lib/python3.8/site-packages/sklearn/preprocessing/_discretization.py:322: UserWarning: Bins whose width are too small (i.e., <= 1e-8) in feature 0 are removed. Consider decreasing the number of bins.
  warnings.warn(
/home/mburu/.local/lib/python3.8/site-packages/sklearn/preprocessing/_discretization.py:322: UserWarning: Bins whose width are too small (i.e., <= 1e-8) in feature 0 are removed. Consider decreasing the number of bins.
  warnings.warn(
/home/mburu/.local/lib/python3.8/site-packages/sklearn/preprocessing/_discretization.py:322: UserWarning: Bins whose width are too small (i.e., <= 1e-8) in feature 0 are removed. Consider decreasing the number of bins.
  warnings.warn(
[I 2025-05-03 22:55:51,452] Trial 4 finished with value: 0.0 and parameters: {'n_blocks': 4, 'd_block': 256, 'dropout': 0.07853262373227865}. Best is trial 0 with value: 0.0.
/home/mburu/.local/lib/python3.8/site-packages/sklearn/preprocessing/_discretization.py:322: UserWarning: Bins whose width are too small (i.e., <= 1e-8) in feature 0 are removed. Consider decreasing the number of bins.
  warnings.warn(
[I 2025-05-03 22:55:51,615] A new study created in memory with name: MLP_Brazillian_Houses_outer3
/home/mburu/.local/lib/python3.8/site-packages/sklearn/preprocessing/_discretization.py:322: UserWarning: Bins whose width are too small (i.e., <= 1e-8) in feature 0 are removed. Consider decreasing the number of bins.
  warnings.warn(
/home/mburu/.local/lib/python3.8/site-packages/sklearn/preprocessing/_discretization.py:322: UserWarning: Bins whose width are too small (i.e., <= 1e-8) in feature 0 are removed. Consider decreasing the number of bins.
  warnings.warn(
/home/mburu/.local/lib/python3.8/site-packages/sklearn/preprocessing/_discretization.py:322: UserWarning: Bins whose width are too small (i.e., <= 1e-8) in feature 0 are removed. Consider decreasing the number of bins.
  warnings.warn(
/home/mburu/.local/lib/python3.8/site-packages/sklearn/preprocessing/_discretization.py:322: UserWarning: Bins whose width are too small (i.e., <= 1e-8) in feature 0 are removed. Consider decreasing the number of bins.
  warnings.warn(
[I 2025-05-03 22:55:52,143] Trial 0 finished with value: 0.0 and parameters: {'n_blocks': 2, 'd_block': 128, 'dropout': 0.2534876995758604}. Best is trial 0 with value: 0.0.
/home/mburu/.local/lib/python3.8/site-packages/sklearn/preprocessing/_discretization.py:322: UserWarning: Bins whose width are too small (i.e., <= 1e-8) in feature 0 are removed. Consider decreasing the number of bins.
  warnings.warn(
/home/mburu/.local/lib/python3.8/site-packages/sklearn/preprocessing/_discretization.py:322: UserWarning: Bins whose width are too small (i.e., <= 1e-8) in feature 0 are removed. Consider decreasing the number of bins.
  warnings.warn(
/home/mburu/.local/lib/python3.8/site-packages/sklearn/preprocessing/_discretization.py:322: UserWarning: Bins whose width are too small (i.e., <= 1e-8) in feature 0 are removed. Consider decreasing the number of bins.
  warnings.warn(
/home/mburu/.local/lib/python3.8/site-packages/sklearn/preprocessing/_discretization.py:322: UserWarning: Bins whose width are too small (i.e., <= 1e-8) in feature 0 are removed. Consider decreasing the number of bins.
  warnings.warn(
[I 2025-05-03 22:55:52,671] Trial 1 finished with value: 0.0 and parameters: {'n_blocks': 2, 'd_block': 64, 'dropout': 0.028464781447664213}. Best is trial 0 with value: 0.0.
/home/mburu/.local/lib/python3.8/site-packages/sklearn/preprocessing/_discretization.py:322: UserWarning: Bins whose width are too small (i.e., <= 1e-8) in feature 0 are removed. Consider decreasing the number of bins.
  warnings.warn(
/home/mburu/.local/lib/python3.8/site-packages/sklearn/preprocessing/_discretization.py:322: UserWarning: Bins whose width are too small (i.e., <= 1e-8) in feature 0 are removed. Consider decreasing the number of bins.
  warnings.warn(
/home/mburu/.local/lib/python3.8/site-packages/sklearn/preprocessing/_discretization.py:322: UserWarning: Bins whose width are too small (i.e., <= 1e-8) in feature 0 are removed. Consider decreasing the number of bins.
  warnings.warn(
/home/mburu/.local/lib/python3.8/site-packages/sklearn/preprocessing/_discretization.py:322: UserWarning: Bins whose width are too small (i.e., <= 1e-8) in feature 0 are removed. Consider decreasing the number of bins.
  warnings.warn(
[I 2025-05-03 22:55:53,214] Trial 2 finished with value: 0.0 and parameters: {'n_blocks': 3, 'd_block': 256, 'dropout': 0.03322517745169901}. Best is trial 0 with value: 0.0.
/home/mburu/.local/lib/python3.8/site-packages/sklearn/preprocessing/_discretization.py:322: UserWarning: Bins whose width are too small (i.e., <= 1e-8) in feature 0 are removed. Consider decreasing the number of bins.
  warnings.warn(
/home/mburu/.local/lib/python3.8/site-packages/sklearn/preprocessing/_discretization.py:322: UserWarning: Bins whose width are too small (i.e., <= 1e-8) in feature 0 are removed. Consider decreasing the number of bins.
  warnings.warn(
/home/mburu/.local/lib/python3.8/site-packages/sklearn/preprocessing/_discretization.py:322: UserWarning: Bins whose width are too small (i.e., <= 1e-8) in feature 0 are removed. Consider decreasing the number of bins.
  warnings.warn(
/home/mburu/.local/lib/python3.8/site-packages/sklearn/preprocessing/_discretization.py:322: UserWarning: Bins whose width are too small (i.e., <= 1e-8) in feature 0 are removed. Consider decreasing the number of bins.
  warnings.warn(
[I 2025-05-03 22:55:53,744] Trial 3 finished with value: 0.0 and parameters: {'n_blocks': 3, 'd_block': 128, 'dropout': 0.08248934948650177}. Best is trial 0 with value: 0.0.
/home/mburu/.local/lib/python3.8/site-packages/sklearn/preprocessing/_discretization.py:322: UserWarning: Bins whose width are too small (i.e., <= 1e-8) in feature 0 are removed. Consider decreasing the number of bins.
  warnings.warn(
/home/mburu/.local/lib/python3.8/site-packages/sklearn/preprocessing/_discretization.py:322: UserWarning: Bins whose width are too small (i.e., <= 1e-8) in feature 0 are removed. Consider decreasing the number of bins.
  warnings.warn(
/home/mburu/.local/lib/python3.8/site-packages/sklearn/preprocessing/_discretization.py:322: UserWarning: Bins whose width are too small (i.e., <= 1e-8) in feature 0 are removed. Consider decreasing the number of bins.
  warnings.warn(
/home/mburu/.local/lib/python3.8/site-packages/sklearn/preprocessing/_discretization.py:322: UserWarning: Bins whose width are too small (i.e., <= 1e-8) in feature 0 are removed. Consider decreasing the number of bins.
  warnings.warn(
[I 2025-05-03 22:55:54,283] Trial 4 finished with value: 0.0 and parameters: {'n_blocks': 6, 'd_block': 128, 'dropout': 0.018585634083321152}. Best is trial 0 with value: 0.0.
/home/mburu/.local/lib/python3.8/site-packages/sklearn/preprocessing/_discretization.py:322: UserWarning: Bins whose width are too small (i.e., <= 1e-8) in feature 0 are removed. Consider decreasing the number of bins.
  warnings.warn(
[I 2025-05-03 22:55:54,448] A new study created in memory with name: MLP_Brazillian_Houses_outer4
/home/mburu/.local/lib/python3.8/site-packages/sklearn/preprocessing/_discretization.py:322: UserWarning: Bins whose width are too small (i.e., <= 1e-8) in feature 0 are removed. Consider decreasing the number of bins.
  warnings.warn(
/home/mburu/.local/lib/python3.8/site-packages/sklearn/preprocessing/_discretization.py:322: UserWarning: Bins whose width are too small (i.e., <= 1e-8) in feature 0 are removed. Consider decreasing the number of bins.
  warnings.warn(
/home/mburu/.local/lib/python3.8/site-packages/sklearn/preprocessing/_discretization.py:322: UserWarning: Bins whose width are too small (i.e., <= 1e-8) in feature 0 are removed. Consider decreasing the number of bins.
  warnings.warn(
/home/mburu/.local/lib/python3.8/site-packages/sklearn/preprocessing/_discretization.py:322: UserWarning: Bins whose width are too small (i.e., <= 1e-8) in feature 0 are removed. Consider decreasing the number of bins.
  warnings.warn(
/home/mburu/.local/lib/python3.8/site-packages/sklearn/preprocessing/_discretization.py:322: UserWarning: Bins whose width are too small (i.e., <= 1e-8) in feature 0 are removed. Consider decreasing the number of bins.
  warnings.warn(
[I 2025-05-03 22:55:55,029] Trial 0 finished with value: 0.0 and parameters: {'n_blocks': 6, 'd_block': 128, 'dropout': 0.0522186743948587}. Best is trial 0 with value: 0.0.
/home/mburu/.local/lib/python3.8/site-packages/sklearn/preprocessing/_discretization.py:322: UserWarning: Bins whose width are too small (i.e., <= 1e-8) in feature 0 are removed. Consider decreasing the number of bins.
  warnings.warn(
/home/mburu/.local/lib/python3.8/site-packages/sklearn/preprocessing/_discretization.py:322: UserWarning: Bins whose width are too small (i.e., <= 1e-8) in feature 0 are removed. Consider decreasing the number of bins.
  warnings.warn(
/home/mburu/.local/lib/python3.8/site-packages/sklearn/preprocessing/_discretization.py:322: UserWarning: Bins whose width are too small (i.e., <= 1e-8) in feature 0 are removed. Consider decreasing the number of bins.
  warnings.warn(
/home/mburu/.local/lib/python3.8/site-packages/sklearn/preprocessing/_discretization.py:322: UserWarning: Bins whose width are too small (i.e., <= 1e-8) in feature 0 are removed. Consider decreasing the number of bins.
  warnings.warn(
/home/mburu/.local/lib/python3.8/site-packages/sklearn/preprocessing/_discretization.py:322: UserWarning: Bins whose width are too small (i.e., <= 1e-8) in feature 0 are removed. Consider decreasing the number of bins.
  warnings.warn(
[I 2025-05-03 22:55:55,626] Trial 1 finished with value: 0.0 and parameters: {'n_blocks': 5, 'd_block': 256, 'dropout': 0.18016039168825226}. Best is trial 0 with value: 0.0.
/home/mburu/.local/lib/python3.8/site-packages/sklearn/preprocessing/_discretization.py:322: UserWarning: Bins whose width are too small (i.e., <= 1e-8) in feature 0 are removed. Consider decreasing the number of bins.
  warnings.warn(
/home/mburu/.local/lib/python3.8/site-packages/sklearn/preprocessing/_discretization.py:322: UserWarning: Bins whose width are too small (i.e., <= 1e-8) in feature 0 are removed. Consider decreasing the number of bins.
  warnings.warn(
/home/mburu/.local/lib/python3.8/site-packages/sklearn/preprocessing/_discretization.py:322: UserWarning: Bins whose width are too small (i.e., <= 1e-8) in feature 0 are removed. Consider decreasing the number of bins.
  warnings.warn(
/home/mburu/.local/lib/python3.8/site-packages/sklearn/preprocessing/_discretization.py:322: UserWarning: Bins whose width are too small (i.e., <= 1e-8) in feature 0 are removed. Consider decreasing the number of bins.
  warnings.warn(
/home/mburu/.local/lib/python3.8/site-packages/sklearn/preprocessing/_discretization.py:322: UserWarning: Bins whose width are too small (i.e., <= 1e-8) in feature 0 are removed. Consider decreasing the number of bins.
  warnings.warn(
[I 2025-05-03 22:55:56,213] Trial 2 finished with value: 0.0 and parameters: {'n_blocks': 4, 'd_block': 256, 'dropout': 0.14381362078438342}. Best is trial 0 with value: 0.0.
/home/mburu/.local/lib/python3.8/site-packages/sklearn/preprocessing/_discretization.py:322: UserWarning: Bins whose width are too small (i.e., <= 1e-8) in feature 0 are removed. Consider decreasing the number of bins.
  warnings.warn(
/home/mburu/.local/lib/python3.8/site-packages/sklearn/preprocessing/_discretization.py:322: UserWarning: Bins whose width are too small (i.e., <= 1e-8) in feature 0 are removed. Consider decreasing the number of bins.
  warnings.warn(
/home/mburu/.local/lib/python3.8/site-packages/sklearn/preprocessing/_discretization.py:322: UserWarning: Bins whose width are too small (i.e., <= 1e-8) in feature 0 are removed. Consider decreasing the number of bins.
  warnings.warn(
/home/mburu/.local/lib/python3.8/site-packages/sklearn/preprocessing/_discretization.py:322: UserWarning: Bins whose width are too small (i.e., <= 1e-8) in feature 0 are removed. Consider decreasing the number of bins.
  warnings.warn(
/home/mburu/.local/lib/python3.8/site-packages/sklearn/preprocessing/_discretization.py:322: UserWarning: Bins whose width are too small (i.e., <= 1e-8) in feature 0 are removed. Consider decreasing the number of bins.
  warnings.warn(
[I 2025-05-03 22:55:56,807] Trial 3 finished with value: 0.0 and parameters: {'n_blocks': 4, 'd_block': 256, 'dropout': 0.2678560511538808}. Best is trial 0 with value: 0.0.
/home/mburu/.local/lib/python3.8/site-packages/sklearn/preprocessing/_discretization.py:322: UserWarning: Bins whose width are too small (i.e., <= 1e-8) in feature 0 are removed. Consider decreasing the number of bins.
  warnings.warn(
/home/mburu/.local/lib/python3.8/site-packages/sklearn/preprocessing/_discretization.py:322: UserWarning: Bins whose width are too small (i.e., <= 1e-8) in feature 0 are removed. Consider decreasing the number of bins.
  warnings.warn(
/home/mburu/.local/lib/python3.8/site-packages/sklearn/preprocessing/_discretization.py:322: UserWarning: Bins whose width are too small (i.e., <= 1e-8) in feature 0 are removed. Consider decreasing the number of bins.
  warnings.warn(
/home/mburu/.local/lib/python3.8/site-packages/sklearn/preprocessing/_discretization.py:322: UserWarning: Bins whose width are too small (i.e., <= 1e-8) in feature 0 are removed. Consider decreasing the number of bins.
  warnings.warn(
/home/mburu/.local/lib/python3.8/site-packages/sklearn/preprocessing/_discretization.py:322: UserWarning: Bins whose width are too small (i.e., <= 1e-8) in feature 0 are removed. Consider decreasing the number of bins.
  warnings.warn(
[I 2025-05-03 22:55:57,389] Trial 4 finished with value: 0.0 and parameters: {'n_blocks': 2, 'd_block': 256, 'dropout': 0.29529388880908847}. Best is trial 0 with value: 0.0.
/home/mburu/.local/lib/python3.8/site-packages/sklearn/preprocessing/_discretization.py:322: UserWarning: Bins whose width are too small (i.e., <= 1e-8) in feature 0 are removed. Consider decreasing the number of bins.
  warnings.warn(
[I 2025-05-03 22:55:57,551] A new study created in memory with name: MLP_Brazillian_Houses_outer5
/home/mburu/.local/lib/python3.8/site-packages/sklearn/preprocessing/_discretization.py:322: UserWarning: Bins whose width are too small (i.e., <= 1e-8) in feature 0 are removed. Consider decreasing the number of bins.
  warnings.warn(
/home/mburu/.local/lib/python3.8/site-packages/sklearn/preprocessing/_discretization.py:322: UserWarning: Bins whose width are too small (i.e., <= 1e-8) in feature 0 are removed. Consider decreasing the number of bins.
  warnings.warn(
/home/mburu/.local/lib/python3.8/site-packages/sklearn/preprocessing/_discretization.py:322: UserWarning: Bins whose width are too small (i.e., <= 1e-8) in feature 0 are removed. Consider decreasing the number of bins.
  warnings.warn(
/home/mburu/.local/lib/python3.8/site-packages/sklearn/preprocessing/_discretization.py:322: UserWarning: Bins whose width are too small (i.e., <= 1e-8) in feature 0 are removed. Consider decreasing the number of bins.
  warnings.warn(
/home/mburu/.local/lib/python3.8/site-packages/sklearn/preprocessing/_discretization.py:322: UserWarning: Bins whose width are too small (i.e., <= 1e-8) in feature 0 are removed. Consider decreasing the number of bins.
  warnings.warn(
[I 2025-05-03 22:55:58,124] Trial 0 finished with value: 0.0 and parameters: {'n_blocks': 2, 'd_block': 128, 'dropout': 0.02585172084484781}. Best is trial 0 with value: 0.0.
/home/mburu/.local/lib/python3.8/site-packages/sklearn/preprocessing/_discretization.py:322: UserWarning: Bins whose width are too small (i.e., <= 1e-8) in feature 0 are removed. Consider decreasing the number of bins.
  warnings.warn(
/home/mburu/.local/lib/python3.8/site-packages/sklearn/preprocessing/_discretization.py:322: UserWarning: Bins whose width are too small (i.e., <= 1e-8) in feature 0 are removed. Consider decreasing the number of bins.
  warnings.warn(
/home/mburu/.local/lib/python3.8/site-packages/sklearn/preprocessing/_discretization.py:322: UserWarning: Bins whose width are too small (i.e., <= 1e-8) in feature 0 are removed. Consider decreasing the number of bins.
  warnings.warn(
/home/mburu/.local/lib/python3.8/site-packages/sklearn/preprocessing/_discretization.py:322: UserWarning: Bins whose width are too small (i.e., <= 1e-8) in feature 0 are removed. Consider decreasing the number of bins.
  warnings.warn(
/home/mburu/.local/lib/python3.8/site-packages/sklearn/preprocessing/_discretization.py:322: UserWarning: Bins whose width are too small (i.e., <= 1e-8) in feature 0 are removed. Consider decreasing the number of bins.
  warnings.warn(
[I 2025-05-03 22:55:58,707] Trial 1 finished with value: 0.0 and parameters: {'n_blocks': 4, 'd_block': 256, 'dropout': 0.18526272007340353}. Best is trial 0 with value: 0.0.
/home/mburu/.local/lib/python3.8/site-packages/sklearn/preprocessing/_discretization.py:322: UserWarning: Bins whose width are too small (i.e., <= 1e-8) in feature 0 are removed. Consider decreasing the number of bins.
  warnings.warn(
/home/mburu/.local/lib/python3.8/site-packages/sklearn/preprocessing/_discretization.py:322: UserWarning: Bins whose width are too small (i.e., <= 1e-8) in feature 0 are removed. Consider decreasing the number of bins.
  warnings.warn(
/home/mburu/.local/lib/python3.8/site-packages/sklearn/preprocessing/_discretization.py:322: UserWarning: Bins whose width are too small (i.e., <= 1e-8) in feature 0 are removed. Consider decreasing the number of bins.
  warnings.warn(
/home/mburu/.local/lib/python3.8/site-packages/sklearn/preprocessing/_discretization.py:322: UserWarning: Bins whose width are too small (i.e., <= 1e-8) in feature 0 are removed. Consider decreasing the number of bins.
  warnings.warn(
/home/mburu/.local/lib/python3.8/site-packages/sklearn/preprocessing/_discretization.py:322: UserWarning: Bins whose width are too small (i.e., <= 1e-8) in feature 0 are removed. Consider decreasing the number of bins.
  warnings.warn(
[I 2025-05-03 22:55:59,276] Trial 2 finished with value: 0.0 and parameters: {'n_blocks': 4, 'd_block': 128, 'dropout': 0.2178744454829079}. Best is trial 0 with value: 0.0.
/home/mburu/.local/lib/python3.8/site-packages/sklearn/preprocessing/_discretization.py:322: UserWarning: Bins whose width are too small (i.e., <= 1e-8) in feature 0 are removed. Consider decreasing the number of bins.
  warnings.warn(
/home/mburu/.local/lib/python3.8/site-packages/sklearn/preprocessing/_discretization.py:322: UserWarning: Bins whose width are too small (i.e., <= 1e-8) in feature 0 are removed. Consider decreasing the number of bins.
  warnings.warn(
/home/mburu/.local/lib/python3.8/site-packages/sklearn/preprocessing/_discretization.py:322: UserWarning: Bins whose width are too small (i.e., <= 1e-8) in feature 0 are removed. Consider decreasing the number of bins.
  warnings.warn(
/home/mburu/.local/lib/python3.8/site-packages/sklearn/preprocessing/_discretization.py:322: UserWarning: Bins whose width are too small (i.e., <= 1e-8) in feature 0 are removed. Consider decreasing the number of bins.
  warnings.warn(
/home/mburu/.local/lib/python3.8/site-packages/sklearn/preprocessing/_discretization.py:322: UserWarning: Bins whose width are too small (i.e., <= 1e-8) in feature 0 are removed. Consider decreasing the number of bins.
  warnings.warn(
[I 2025-05-03 22:55:59,851] Trial 3 finished with value: 0.0 and parameters: {'n_blocks': 2, 'd_block': 128, 'dropout': 0.053475249239974876}. Best is trial 0 with value: 0.0.
/home/mburu/.local/lib/python3.8/site-packages/sklearn/preprocessing/_discretization.py:322: UserWarning: Bins whose width are too small (i.e., <= 1e-8) in feature 0 are removed. Consider decreasing the number of bins.
  warnings.warn(
/home/mburu/.local/lib/python3.8/site-packages/sklearn/preprocessing/_discretization.py:322: UserWarning: Bins whose width are too small (i.e., <= 1e-8) in feature 0 are removed. Consider decreasing the number of bins.
  warnings.warn(
/home/mburu/.local/lib/python3.8/site-packages/sklearn/preprocessing/_discretization.py:322: UserWarning: Bins whose width are too small (i.e., <= 1e-8) in feature 0 are removed. Consider decreasing the number of bins.
  warnings.warn(
/home/mburu/.local/lib/python3.8/site-packages/sklearn/preprocessing/_discretization.py:322: UserWarning: Bins whose width are too small (i.e., <= 1e-8) in feature 0 are removed. Consider decreasing the number of bins.
  warnings.warn(
/home/mburu/.local/lib/python3.8/site-packages/sklearn/preprocessing/_discretization.py:322: UserWarning: Bins whose width are too small (i.e., <= 1e-8) in feature 0 are removed. Consider decreasing the number of bins.
  warnings.warn(
[I 2025-05-03 22:56:00,425] Trial 4 finished with value: 0.0 and parameters: {'n_blocks': 3, 'd_block': 64, 'dropout': 0.008948181367066654}. Best is trial 0 with value: 0.0.
/home/mburu/.local/lib/python3.8/site-packages/sklearn/preprocessing/_discretization.py:322: UserWarning: Bins whose width are too small (i.e., <= 1e-8) in feature 0 are removed. Consider decreasing the number of bins.
  warnings.warn(
Traceback (most recent call last):
  File "train.py", line 1192, in <module>
    main(arguments)
  File "train.py", line 1063, in main
    agg_scorer, avg_train_time, avg_test_time = nested_cross_validation(
  File "train.py", line 705, in nested_cross_validation
    best_hp_idx = best_loss_dict.index(min(best_loss_dict))
ValueError: min() arg is an empty sequence
srun: error: stud-000: task 0: Exited with exit code 1
[I 2025-05-03 22:56:04,789] A new study created in memory with name: MLP_Abalone_outer1
/home/mburu/.local/lib/python3.8/site-packages/sklearn/preprocessing/_discretization.py:322: UserWarning: Bins whose width are too small (i.e., <= 1e-8) in feature 0 are removed. Consider decreasing the number of bins.
  warnings.warn(
/home/mburu/.local/lib/python3.8/site-packages/sklearn/preprocessing/_discretization.py:322: UserWarning: Bins whose width are too small (i.e., <= 1e-8) in feature 0 are removed. Consider decreasing the number of bins.
  warnings.warn(
/home/mburu/.local/lib/python3.8/site-packages/sklearn/preprocessing/_discretization.py:322: UserWarning: Bins whose width are too small (i.e., <= 1e-8) in feature 0 are removed. Consider decreasing the number of bins.
  warnings.warn(
/home/mburu/.local/lib/python3.8/site-packages/sklearn/preprocessing/_discretization.py:322: UserWarning: Bins whose width are too small (i.e., <= 1e-8) in feature 0 are removed. Consider decreasing the number of bins.
  warnings.warn(
/home/mburu/.local/lib/python3.8/site-packages/sklearn/preprocessing/_discretization.py:322: UserWarning: Bins whose width are too small (i.e., <= 1e-8) in feature 0 are removed. Consider decreasing the number of bins.
  warnings.warn(
[I 2025-05-03 22:56:06,211] Trial 0 finished with value: 0.0 and parameters: {'n_blocks': 3, 'd_block': 64, 'dropout': 0.1143052152662889}. Best is trial 0 with value: 0.0.
/home/mburu/.local/lib/python3.8/site-packages/sklearn/preprocessing/_discretization.py:322: UserWarning: Bins whose width are too small (i.e., <= 1e-8) in feature 0 are removed. Consider decreasing the number of bins.
  warnings.warn(
/home/mburu/.local/lib/python3.8/site-packages/sklearn/preprocessing/_discretization.py:322: UserWarning: Bins whose width are too small (i.e., <= 1e-8) in feature 0 are removed. Consider decreasing the number of bins.
  warnings.warn(
/home/mburu/.local/lib/python3.8/site-packages/sklearn/preprocessing/_discretization.py:322: UserWarning: Bins whose width are too small (i.e., <= 1e-8) in feature 0 are removed. Consider decreasing the number of bins.
  warnings.warn(
/home/mburu/.local/lib/python3.8/site-packages/sklearn/preprocessing/_discretization.py:322: UserWarning: Bins whose width are too small (i.e., <= 1e-8) in feature 0 are removed. Consider decreasing the number of bins.
  warnings.warn(
/home/mburu/.local/lib/python3.8/site-packages/sklearn/preprocessing/_discretization.py:322: UserWarning: Bins whose width are too small (i.e., <= 1e-8) in feature 0 are removed. Consider decreasing the number of bins.
  warnings.warn(
[I 2025-05-03 22:56:06,260] Trial 1 finished with value: 0.0 and parameters: {'n_blocks': 4, 'd_block': 64, 'dropout': 0.11904893298390003}. Best is trial 0 with value: 0.0.
/home/mburu/.local/lib/python3.8/site-packages/sklearn/preprocessing/_discretization.py:322: UserWarning: Bins whose width are too small (i.e., <= 1e-8) in feature 0 are removed. Consider decreasing the number of bins.
  warnings.warn(
/home/mburu/.local/lib/python3.8/site-packages/sklearn/preprocessing/_discretization.py:322: UserWarning: Bins whose width are too small (i.e., <= 1e-8) in feature 0 are removed. Consider decreasing the number of bins.
  warnings.warn(
/home/mburu/.local/lib/python3.8/site-packages/sklearn/preprocessing/_discretization.py:322: UserWarning: Bins whose width are too small (i.e., <= 1e-8) in feature 0 are removed. Consider decreasing the number of bins.
  warnings.warn(
/home/mburu/.local/lib/python3.8/site-packages/sklearn/preprocessing/_discretization.py:322: UserWarning: Bins whose width are too small (i.e., <= 1e-8) in feature 0 are removed. Consider decreasing the number of bins.
  warnings.warn(
/home/mburu/.local/lib/python3.8/site-packages/sklearn/preprocessing/_discretization.py:322: UserWarning: Bins whose width are too small (i.e., <= 1e-8) in feature 0 are removed. Consider decreasing the number of bins.
  warnings.warn(
[I 2025-05-03 22:56:06,309] Trial 2 finished with value: 0.0 and parameters: {'n_blocks': 5, 'd_block': 128, 'dropout': 0.1746793399311916}. Best is trial 0 with value: 0.0.
/home/mburu/.local/lib/python3.8/site-packages/sklearn/preprocessing/_discretization.py:322: UserWarning: Bins whose width are too small (i.e., <= 1e-8) in feature 0 are removed. Consider decreasing the number of bins.
  warnings.warn(
/home/mburu/.local/lib/python3.8/site-packages/sklearn/preprocessing/_discretization.py:322: UserWarning: Bins whose width are too small (i.e., <= 1e-8) in feature 0 are removed. Consider decreasing the number of bins.
  warnings.warn(
/home/mburu/.local/lib/python3.8/site-packages/sklearn/preprocessing/_discretization.py:322: UserWarning: Bins whose width are too small (i.e., <= 1e-8) in feature 0 are removed. Consider decreasing the number of bins.
  warnings.warn(
/home/mburu/.local/lib/python3.8/site-packages/sklearn/preprocessing/_discretization.py:322: UserWarning: Bins whose width are too small (i.e., <= 1e-8) in feature 0 are removed. Consider decreasing the number of bins.
  warnings.warn(
/home/mburu/.local/lib/python3.8/site-packages/sklearn/preprocessing/_discretization.py:322: UserWarning: Bins whose width are too small (i.e., <= 1e-8) in feature 0 are removed. Consider decreasing the number of bins.
  warnings.warn(
[I 2025-05-03 22:56:06,357] Trial 3 finished with value: 0.0 and parameters: {'n_blocks': 2, 'd_block': 128, 'dropout': 0.0661472683640152}. Best is trial 0 with value: 0.0.
/home/mburu/.local/lib/python3.8/site-packages/sklearn/preprocessing/_discretization.py:322: UserWarning: Bins whose width are too small (i.e., <= 1e-8) in feature 0 are removed. Consider decreasing the number of bins.
  warnings.warn(
/home/mburu/.local/lib/python3.8/site-packages/sklearn/preprocessing/_discretization.py:322: UserWarning: Bins whose width are too small (i.e., <= 1e-8) in feature 0 are removed. Consider decreasing the number of bins.
  warnings.warn(
/home/mburu/.local/lib/python3.8/site-packages/sklearn/preprocessing/_discretization.py:322: UserWarning: Bins whose width are too small (i.e., <= 1e-8) in feature 0 are removed. Consider decreasing the number of bins.
  warnings.warn(
/home/mburu/.local/lib/python3.8/site-packages/sklearn/preprocessing/_discretization.py:322: UserWarning: Bins whose width are too small (i.e., <= 1e-8) in feature 0 are removed. Consider decreasing the number of bins.
  warnings.warn(
/home/mburu/.local/lib/python3.8/site-packages/sklearn/preprocessing/_discretization.py:322: UserWarning: Bins whose width are too small (i.e., <= 1e-8) in feature 0 are removed. Consider decreasing the number of bins.
  warnings.warn(
[I 2025-05-03 22:56:06,405] Trial 4 finished with value: 0.0 and parameters: {'n_blocks': 2, 'd_block': 128, 'dropout': 0.21623983639725164}. Best is trial 0 with value: 0.0.
[I 2025-05-03 22:56:06,415] A new study created in memory with name: MLP_Abalone_outer2
/home/mburu/.local/lib/python3.8/site-packages/sklearn/preprocessing/_discretization.py:322: UserWarning: Bins whose width are too small (i.e., <= 1e-8) in feature 0 are removed. Consider decreasing the number of bins.
  warnings.warn(
/home/mburu/.local/lib/python3.8/site-packages/sklearn/preprocessing/_discretization.py:322: UserWarning: Bins whose width are too small (i.e., <= 1e-8) in feature 0 are removed. Consider decreasing the number of bins.
  warnings.warn(
/home/mburu/.local/lib/python3.8/site-packages/sklearn/preprocessing/_discretization.py:322: UserWarning: Bins whose width are too small (i.e., <= 1e-8) in feature 0 are removed. Consider decreasing the number of bins.
  warnings.warn(
/home/mburu/.local/lib/python3.8/site-packages/sklearn/preprocessing/_discretization.py:322: UserWarning: Bins whose width are too small (i.e., <= 1e-8) in feature 0 are removed. Consider decreasing the number of bins.
  warnings.warn(
/home/mburu/.local/lib/python3.8/site-packages/sklearn/preprocessing/_discretization.py:322: UserWarning: Bins whose width are too small (i.e., <= 1e-8) in feature 0 are removed. Consider decreasing the number of bins.
  warnings.warn(
[I 2025-05-03 22:56:06,463] Trial 0 finished with value: 0.0 and parameters: {'n_blocks': 2, 'd_block': 256, 'dropout': 0.26346699615905905}. Best is trial 0 with value: 0.0.
/home/mburu/.local/lib/python3.8/site-packages/sklearn/preprocessing/_discretization.py:322: UserWarning: Bins whose width are too small (i.e., <= 1e-8) in feature 0 are removed. Consider decreasing the number of bins.
  warnings.warn(
/home/mburu/.local/lib/python3.8/site-packages/sklearn/preprocessing/_discretization.py:322: UserWarning: Bins whose width are too small (i.e., <= 1e-8) in feature 0 are removed. Consider decreasing the number of bins.
  warnings.warn(
/home/mburu/.local/lib/python3.8/site-packages/sklearn/preprocessing/_discretization.py:322: UserWarning: Bins whose width are too small (i.e., <= 1e-8) in feature 0 are removed. Consider decreasing the number of bins.
  warnings.warn(
/home/mburu/.local/lib/python3.8/site-packages/sklearn/preprocessing/_discretization.py:322: UserWarning: Bins whose width are too small (i.e., <= 1e-8) in feature 0 are removed. Consider decreasing the number of bins.
  warnings.warn(
/home/mburu/.local/lib/python3.8/site-packages/sklearn/preprocessing/_discretization.py:322: UserWarning: Bins whose width are too small (i.e., <= 1e-8) in feature 0 are removed. Consider decreasing the number of bins.
  warnings.warn(
[I 2025-05-03 22:56:06,513] Trial 1 finished with value: 0.0 and parameters: {'n_blocks': 2, 'd_block': 128, 'dropout': 0.07704577780821661}. Best is trial 0 with value: 0.0.
/home/mburu/.local/lib/python3.8/site-packages/sklearn/preprocessing/_discretization.py:322: UserWarning: Bins whose width are too small (i.e., <= 1e-8) in feature 0 are removed. Consider decreasing the number of bins.
  warnings.warn(
/home/mburu/.local/lib/python3.8/site-packages/sklearn/preprocessing/_discretization.py:322: UserWarning: Bins whose width are too small (i.e., <= 1e-8) in feature 0 are removed. Consider decreasing the number of bins.
  warnings.warn(
/home/mburu/.local/lib/python3.8/site-packages/sklearn/preprocessing/_discretization.py:322: UserWarning: Bins whose width are too small (i.e., <= 1e-8) in feature 0 are removed. Consider decreasing the number of bins.
  warnings.warn(
/home/mburu/.local/lib/python3.8/site-packages/sklearn/preprocessing/_discretization.py:322: UserWarning: Bins whose width are too small (i.e., <= 1e-8) in feature 0 are removed. Consider decreasing the number of bins.
  warnings.warn(
/home/mburu/.local/lib/python3.8/site-packages/sklearn/preprocessing/_discretization.py:322: UserWarning: Bins whose width are too small (i.e., <= 1e-8) in feature 0 are removed. Consider decreasing the number of bins.
  warnings.warn(
[I 2025-05-03 22:56:06,563] Trial 2 finished with value: 0.0 and parameters: {'n_blocks': 3, 'd_block': 256, 'dropout': 0.0516874625814051}. Best is trial 0 with value: 0.0.
/home/mburu/.local/lib/python3.8/site-packages/sklearn/preprocessing/_discretization.py:322: UserWarning: Bins whose width are too small (i.e., <= 1e-8) in feature 0 are removed. Consider decreasing the number of bins.
  warnings.warn(
/home/mburu/.local/lib/python3.8/site-packages/sklearn/preprocessing/_discretization.py:322: UserWarning: Bins whose width are too small (i.e., <= 1e-8) in feature 0 are removed. Consider decreasing the number of bins.
  warnings.warn(
/home/mburu/.local/lib/python3.8/site-packages/sklearn/preprocessing/_discretization.py:322: UserWarning: Bins whose width are too small (i.e., <= 1e-8) in feature 0 are removed. Consider decreasing the number of bins.
  warnings.warn(
/home/mburu/.local/lib/python3.8/site-packages/sklearn/preprocessing/_discretization.py:322: UserWarning: Bins whose width are too small (i.e., <= 1e-8) in feature 0 are removed. Consider decreasing the number of bins.
  warnings.warn(
/home/mburu/.local/lib/python3.8/site-packages/sklearn/preprocessing/_discretization.py:322: UserWarning: Bins whose width are too small (i.e., <= 1e-8) in feature 0 are removed. Consider decreasing the number of bins.
  warnings.warn(
[I 2025-05-03 22:56:06,616] Trial 3 finished with value: 0.0 and parameters: {'n_blocks': 3, 'd_block': 256, 'dropout': 0.26150139674606737}. Best is trial 0 with value: 0.0.
/home/mburu/.local/lib/python3.8/site-packages/sklearn/preprocessing/_discretization.py:322: UserWarning: Bins whose width are too small (i.e., <= 1e-8) in feature 0 are removed. Consider decreasing the number of bins.
  warnings.warn(
/home/mburu/.local/lib/python3.8/site-packages/sklearn/preprocessing/_discretization.py:322: UserWarning: Bins whose width are too small (i.e., <= 1e-8) in feature 0 are removed. Consider decreasing the number of bins.
  warnings.warn(
/home/mburu/.local/lib/python3.8/site-packages/sklearn/preprocessing/_discretization.py:322: UserWarning: Bins whose width are too small (i.e., <= 1e-8) in feature 0 are removed. Consider decreasing the number of bins.
  warnings.warn(
/home/mburu/.local/lib/python3.8/site-packages/sklearn/preprocessing/_discretization.py:322: UserWarning: Bins whose width are too small (i.e., <= 1e-8) in feature 0 are removed. Consider decreasing the number of bins.
  warnings.warn(
/home/mburu/.local/lib/python3.8/site-packages/sklearn/preprocessing/_discretization.py:322: UserWarning: Bins whose width are too small (i.e., <= 1e-8) in feature 0 are removed. Consider decreasing the number of bins.
  warnings.warn(
[I 2025-05-03 22:56:06,666] Trial 4 finished with value: 0.0 and parameters: {'n_blocks': 6, 'd_block': 64, 'dropout': 0.2476386099238777}. Best is trial 0 with value: 0.0.
/home/mburu/.local/lib/python3.8/site-packages/sklearn/preprocessing/_discretization.py:322: UserWarning: Bins whose width are too small (i.e., <= 1e-8) in feature 0 are removed. Consider decreasing the number of bins.
  warnings.warn(
[I 2025-05-03 22:56:06,677] A new study created in memory with name: MLP_Abalone_outer3
/home/mburu/.local/lib/python3.8/site-packages/sklearn/preprocessing/_discretization.py:322: UserWarning: Bins whose width are too small (i.e., <= 1e-8) in feature 0 are removed. Consider decreasing the number of bins.
  warnings.warn(
/home/mburu/.local/lib/python3.8/site-packages/sklearn/preprocessing/_discretization.py:322: UserWarning: Bins whose width are too small (i.e., <= 1e-8) in feature 0 are removed. Consider decreasing the number of bins.
  warnings.warn(
/home/mburu/.local/lib/python3.8/site-packages/sklearn/preprocessing/_discretization.py:322: UserWarning: Bins whose width are too small (i.e., <= 1e-8) in feature 0 are removed. Consider decreasing the number of bins.
  warnings.warn(
/home/mburu/.local/lib/python3.8/site-packages/sklearn/preprocessing/_discretization.py:322: UserWarning: Bins whose width are too small (i.e., <= 1e-8) in feature 0 are removed. Consider decreasing the number of bins.
  warnings.warn(
/home/mburu/.local/lib/python3.8/site-packages/sklearn/preprocessing/_discretization.py:322: UserWarning: Bins whose width are too small (i.e., <= 1e-8) in feature 0 are removed. Consider decreasing the number of bins.
  warnings.warn(
[I 2025-05-03 22:56:06,722] Trial 0 finished with value: 0.0 and parameters: {'n_blocks': 2, 'd_block': 64, 'dropout': 0.17416271602915653}. Best is trial 0 with value: 0.0.
/home/mburu/.local/lib/python3.8/site-packages/sklearn/preprocessing/_discretization.py:322: UserWarning: Bins whose width are too small (i.e., <= 1e-8) in feature 0 are removed. Consider decreasing the number of bins.
  warnings.warn(
/home/mburu/.local/lib/python3.8/site-packages/sklearn/preprocessing/_discretization.py:322: UserWarning: Bins whose width are too small (i.e., <= 1e-8) in feature 0 are removed. Consider decreasing the number of bins.
  warnings.warn(
/home/mburu/.local/lib/python3.8/site-packages/sklearn/preprocessing/_discretization.py:322: UserWarning: Bins whose width are too small (i.e., <= 1e-8) in feature 0 are removed. Consider decreasing the number of bins.
  warnings.warn(
/home/mburu/.local/lib/python3.8/site-packages/sklearn/preprocessing/_discretization.py:322: UserWarning: Bins whose width are too small (i.e., <= 1e-8) in feature 0 are removed. Consider decreasing the number of bins.
  warnings.warn(
/home/mburu/.local/lib/python3.8/site-packages/sklearn/preprocessing/_discretization.py:322: UserWarning: Bins whose width are too small (i.e., <= 1e-8) in feature 0 are removed. Consider decreasing the number of bins.
  warnings.warn(
[I 2025-05-03 22:56:06,770] Trial 1 finished with value: 0.0 and parameters: {'n_blocks': 3, 'd_block': 128, 'dropout': 0.1830991678247919}. Best is trial 0 with value: 0.0.
/home/mburu/.local/lib/python3.8/site-packages/sklearn/preprocessing/_discretization.py:322: UserWarning: Bins whose width are too small (i.e., <= 1e-8) in feature 0 are removed. Consider decreasing the number of bins.
  warnings.warn(
/home/mburu/.local/lib/python3.8/site-packages/sklearn/preprocessing/_discretization.py:322: UserWarning: Bins whose width are too small (i.e., <= 1e-8) in feature 0 are removed. Consider decreasing the number of bins.
  warnings.warn(
/home/mburu/.local/lib/python3.8/site-packages/sklearn/preprocessing/_discretization.py:322: UserWarning: Bins whose width are too small (i.e., <= 1e-8) in feature 0 are removed. Consider decreasing the number of bins.
  warnings.warn(
/home/mburu/.local/lib/python3.8/site-packages/sklearn/preprocessing/_discretization.py:322: UserWarning: Bins whose width are too small (i.e., <= 1e-8) in feature 0 are removed. Consider decreasing the number of bins.
  warnings.warn(
/home/mburu/.local/lib/python3.8/site-packages/sklearn/preprocessing/_discretization.py:322: UserWarning: Bins whose width are too small (i.e., <= 1e-8) in feature 0 are removed. Consider decreasing the number of bins.
  warnings.warn(
[I 2025-05-03 22:56:06,818] Trial 2 finished with value: 0.0 and parameters: {'n_blocks': 3, 'd_block': 128, 'dropout': 0.15826582504223952}. Best is trial 0 with value: 0.0.
/home/mburu/.local/lib/python3.8/site-packages/sklearn/preprocessing/_discretization.py:322: UserWarning: Bins whose width are too small (i.e., <= 1e-8) in feature 0 are removed. Consider decreasing the number of bins.
  warnings.warn(
/home/mburu/.local/lib/python3.8/site-packages/sklearn/preprocessing/_discretization.py:322: UserWarning: Bins whose width are too small (i.e., <= 1e-8) in feature 0 are removed. Consider decreasing the number of bins.
  warnings.warn(
/home/mburu/.local/lib/python3.8/site-packages/sklearn/preprocessing/_discretization.py:322: UserWarning: Bins whose width are too small (i.e., <= 1e-8) in feature 0 are removed. Consider decreasing the number of bins.
  warnings.warn(
/home/mburu/.local/lib/python3.8/site-packages/sklearn/preprocessing/_discretization.py:322: UserWarning: Bins whose width are too small (i.e., <= 1e-8) in feature 0 are removed. Consider decreasing the number of bins.
  warnings.warn(
/home/mburu/.local/lib/python3.8/site-packages/sklearn/preprocessing/_discretization.py:322: UserWarning: Bins whose width are too small (i.e., <= 1e-8) in feature 0 are removed. Consider decreasing the number of bins.
  warnings.warn(
[I 2025-05-03 22:56:06,872] Trial 3 finished with value: 0.0 and parameters: {'n_blocks': 4, 'd_block': 256, 'dropout': 0.15561348876200154}. Best is trial 0 with value: 0.0.
/home/mburu/.local/lib/python3.8/site-packages/sklearn/preprocessing/_discretization.py:322: UserWarning: Bins whose width are too small (i.e., <= 1e-8) in feature 0 are removed. Consider decreasing the number of bins.
  warnings.warn(
/home/mburu/.local/lib/python3.8/site-packages/sklearn/preprocessing/_discretization.py:322: UserWarning: Bins whose width are too small (i.e., <= 1e-8) in feature 0 are removed. Consider decreasing the number of bins.
  warnings.warn(
/home/mburu/.local/lib/python3.8/site-packages/sklearn/preprocessing/_discretization.py:322: UserWarning: Bins whose width are too small (i.e., <= 1e-8) in feature 0 are removed. Consider decreasing the number of bins.
  warnings.warn(
/home/mburu/.local/lib/python3.8/site-packages/sklearn/preprocessing/_discretization.py:322: UserWarning: Bins whose width are too small (i.e., <= 1e-8) in feature 0 are removed. Consider decreasing the number of bins.
  warnings.warn(
/home/mburu/.local/lib/python3.8/site-packages/sklearn/preprocessing/_discretization.py:322: UserWarning: Bins whose width are too small (i.e., <= 1e-8) in feature 0 are removed. Consider decreasing the number of bins.
  warnings.warn(
[I 2025-05-03 22:56:06,920] Trial 4 finished with value: 0.0 and parameters: {'n_blocks': 5, 'd_block': 128, 'dropout': 0.0009541954505304286}. Best is trial 0 with value: 0.0.
/home/mburu/.local/lib/python3.8/site-packages/sklearn/preprocessing/_discretization.py:322: UserWarning: Bins whose width are too small (i.e., <= 1e-8) in feature 0 are removed. Consider decreasing the number of bins.
  warnings.warn(
[I 2025-05-03 22:56:06,929] A new study created in memory with name: MLP_Abalone_outer4
/home/mburu/.local/lib/python3.8/site-packages/sklearn/preprocessing/_discretization.py:322: UserWarning: Bins whose width are too small (i.e., <= 1e-8) in feature 0 are removed. Consider decreasing the number of bins.
  warnings.warn(
/home/mburu/.local/lib/python3.8/site-packages/sklearn/preprocessing/_discretization.py:322: UserWarning: Bins whose width are too small (i.e., <= 1e-8) in feature 0 are removed. Consider decreasing the number of bins.
  warnings.warn(
/home/mburu/.local/lib/python3.8/site-packages/sklearn/preprocessing/_discretization.py:322: UserWarning: Bins whose width are too small (i.e., <= 1e-8) in feature 0 are removed. Consider decreasing the number of bins.
  warnings.warn(
/home/mburu/.local/lib/python3.8/site-packages/sklearn/preprocessing/_discretization.py:322: UserWarning: Bins whose width are too small (i.e., <= 1e-8) in feature 0 are removed. Consider decreasing the number of bins.
  warnings.warn(
/home/mburu/.local/lib/python3.8/site-packages/sklearn/preprocessing/_discretization.py:322: UserWarning: Bins whose width are too small (i.e., <= 1e-8) in feature 0 are removed. Consider decreasing the number of bins.
  warnings.warn(
[I 2025-05-03 22:56:06,991] Trial 0 finished with value: 0.0 and parameters: {'n_blocks': 6, 'd_block': 256, 'dropout': 0.05822610715567646}. Best is trial 0 with value: 0.0.
/home/mburu/.local/lib/python3.8/site-packages/sklearn/preprocessing/_discretization.py:322: UserWarning: Bins whose width are too small (i.e., <= 1e-8) in feature 0 are removed. Consider decreasing the number of bins.
  warnings.warn(
/home/mburu/.local/lib/python3.8/site-packages/sklearn/preprocessing/_discretization.py:322: UserWarning: Bins whose width are too small (i.e., <= 1e-8) in feature 0 are removed. Consider decreasing the number of bins.
  warnings.warn(
/home/mburu/.local/lib/python3.8/site-packages/sklearn/preprocessing/_discretization.py:322: UserWarning: Bins whose width are too small (i.e., <= 1e-8) in feature 0 are removed. Consider decreasing the number of bins.
  warnings.warn(
/home/mburu/.local/lib/python3.8/site-packages/sklearn/preprocessing/_discretization.py:322: UserWarning: Bins whose width are too small (i.e., <= 1e-8) in feature 0 are removed. Consider decreasing the number of bins.
  warnings.warn(
/home/mburu/.local/lib/python3.8/site-packages/sklearn/preprocessing/_discretization.py:322: UserWarning: Bins whose width are too small (i.e., <= 1e-8) in feature 0 are removed. Consider decreasing the number of bins.
  warnings.warn(
[I 2025-05-03 22:56:07,041] Trial 1 finished with value: 0.0 and parameters: {'n_blocks': 3, 'd_block': 64, 'dropout': 0.1391133413896141}. Best is trial 0 with value: 0.0.
/home/mburu/.local/lib/python3.8/site-packages/sklearn/preprocessing/_discretization.py:322: UserWarning: Bins whose width are too small (i.e., <= 1e-8) in feature 0 are removed. Consider decreasing the number of bins.
  warnings.warn(
/home/mburu/.local/lib/python3.8/site-packages/sklearn/preprocessing/_discretization.py:322: UserWarning: Bins whose width are too small (i.e., <= 1e-8) in feature 0 are removed. Consider decreasing the number of bins.
  warnings.warn(
/home/mburu/.local/lib/python3.8/site-packages/sklearn/preprocessing/_discretization.py:322: UserWarning: Bins whose width are too small (i.e., <= 1e-8) in feature 0 are removed. Consider decreasing the number of bins.
  warnings.warn(
/home/mburu/.local/lib/python3.8/site-packages/sklearn/preprocessing/_discretization.py:322: UserWarning: Bins whose width are too small (i.e., <= 1e-8) in feature 0 are removed. Consider decreasing the number of bins.
  warnings.warn(
/home/mburu/.local/lib/python3.8/site-packages/sklearn/preprocessing/_discretization.py:322: UserWarning: Bins whose width are too small (i.e., <= 1e-8) in feature 0 are removed. Consider decreasing the number of bins.
  warnings.warn(
[I 2025-05-03 22:56:07,090] Trial 2 finished with value: 0.0 and parameters: {'n_blocks': 3, 'd_block': 256, 'dropout': 0.1271550197404128}. Best is trial 0 with value: 0.0.
/home/mburu/.local/lib/python3.8/site-packages/sklearn/preprocessing/_discretization.py:322: UserWarning: Bins whose width are too small (i.e., <= 1e-8) in feature 0 are removed. Consider decreasing the number of bins.
  warnings.warn(
/home/mburu/.local/lib/python3.8/site-packages/sklearn/preprocessing/_discretization.py:322: UserWarning: Bins whose width are too small (i.e., <= 1e-8) in feature 0 are removed. Consider decreasing the number of bins.
  warnings.warn(
/home/mburu/.local/lib/python3.8/site-packages/sklearn/preprocessing/_discretization.py:322: UserWarning: Bins whose width are too small (i.e., <= 1e-8) in feature 0 are removed. Consider decreasing the number of bins.
  warnings.warn(
/home/mburu/.local/lib/python3.8/site-packages/sklearn/preprocessing/_discretization.py:322: UserWarning: Bins whose width are too small (i.e., <= 1e-8) in feature 0 are removed. Consider decreasing the number of bins.
  warnings.warn(
/home/mburu/.local/lib/python3.8/site-packages/sklearn/preprocessing/_discretization.py:322: UserWarning: Bins whose width are too small (i.e., <= 1e-8) in feature 0 are removed. Consider decreasing the number of bins.
  warnings.warn(
[I 2025-05-03 22:56:07,137] Trial 3 finished with value: 0.0 and parameters: {'n_blocks': 2, 'd_block': 256, 'dropout': 0.14955323024603878}. Best is trial 0 with value: 0.0.
/home/mburu/.local/lib/python3.8/site-packages/sklearn/preprocessing/_discretization.py:322: UserWarning: Bins whose width are too small (i.e., <= 1e-8) in feature 0 are removed. Consider decreasing the number of bins.
  warnings.warn(
/home/mburu/.local/lib/python3.8/site-packages/sklearn/preprocessing/_discretization.py:322: UserWarning: Bins whose width are too small (i.e., <= 1e-8) in feature 0 are removed. Consider decreasing the number of bins.
  warnings.warn(
/home/mburu/.local/lib/python3.8/site-packages/sklearn/preprocessing/_discretization.py:322: UserWarning: Bins whose width are too small (i.e., <= 1e-8) in feature 0 are removed. Consider decreasing the number of bins.
  warnings.warn(
/home/mburu/.local/lib/python3.8/site-packages/sklearn/preprocessing/_discretization.py:322: UserWarning: Bins whose width are too small (i.e., <= 1e-8) in feature 0 are removed. Consider decreasing the number of bins.
  warnings.warn(
/home/mburu/.local/lib/python3.8/site-packages/sklearn/preprocessing/_discretization.py:322: UserWarning: Bins whose width are too small (i.e., <= 1e-8) in feature 0 are removed. Consider decreasing the number of bins.
  warnings.warn(
[I 2025-05-03 22:56:07,193] Trial 4 finished with value: 0.0 and parameters: {'n_blocks': 4, 'd_block': 256, 'dropout': 0.21995058821041566}. Best is trial 0 with value: 0.0.
/home/mburu/.local/lib/python3.8/site-packages/sklearn/preprocessing/_discretization.py:322: UserWarning: Bins whose width are too small (i.e., <= 1e-8) in feature 0 are removed. Consider decreasing the number of bins.
  warnings.warn(
[I 2025-05-03 22:56:07,206] A new study created in memory with name: MLP_Abalone_outer5
/home/mburu/.local/lib/python3.8/site-packages/sklearn/preprocessing/_discretization.py:322: UserWarning: Bins whose width are too small (i.e., <= 1e-8) in feature 0 are removed. Consider decreasing the number of bins.
  warnings.warn(
/home/mburu/.local/lib/python3.8/site-packages/sklearn/preprocessing/_discretization.py:322: UserWarning: Bins whose width are too small (i.e., <= 1e-8) in feature 0 are removed. Consider decreasing the number of bins.
  warnings.warn(
/home/mburu/.local/lib/python3.8/site-packages/sklearn/preprocessing/_discretization.py:322: UserWarning: Bins whose width are too small (i.e., <= 1e-8) in feature 0 are removed. Consider decreasing the number of bins.
  warnings.warn(
/home/mburu/.local/lib/python3.8/site-packages/sklearn/preprocessing/_discretization.py:322: UserWarning: Bins whose width are too small (i.e., <= 1e-8) in feature 0 are removed. Consider decreasing the number of bins.
  warnings.warn(
/home/mburu/.local/lib/python3.8/site-packages/sklearn/preprocessing/_discretization.py:322: UserWarning: Bins whose width are too small (i.e., <= 1e-8) in feature 0 are removed. Consider decreasing the number of bins.
  warnings.warn(
[I 2025-05-03 22:56:07,257] Trial 0 finished with value: 0.0 and parameters: {'n_blocks': 2, 'd_block': 128, 'dropout': 0.2592545964687248}. Best is trial 0 with value: 0.0.
/home/mburu/.local/lib/python3.8/site-packages/sklearn/preprocessing/_discretization.py:322: UserWarning: Bins whose width are too small (i.e., <= 1e-8) in feature 0 are removed. Consider decreasing the number of bins.
  warnings.warn(
/home/mburu/.local/lib/python3.8/site-packages/sklearn/preprocessing/_discretization.py:322: UserWarning: Bins whose width are too small (i.e., <= 1e-8) in feature 0 are removed. Consider decreasing the number of bins.
  warnings.warn(
/home/mburu/.local/lib/python3.8/site-packages/sklearn/preprocessing/_discretization.py:322: UserWarning: Bins whose width are too small (i.e., <= 1e-8) in feature 0 are removed. Consider decreasing the number of bins.
  warnings.warn(
/home/mburu/.local/lib/python3.8/site-packages/sklearn/preprocessing/_discretization.py:322: UserWarning: Bins whose width are too small (i.e., <= 1e-8) in feature 0 are removed. Consider decreasing the number of bins.
  warnings.warn(
/home/mburu/.local/lib/python3.8/site-packages/sklearn/preprocessing/_discretization.py:322: UserWarning: Bins whose width are too small (i.e., <= 1e-8) in feature 0 are removed. Consider decreasing the number of bins.
  warnings.warn(
[I 2025-05-03 22:56:07,310] Trial 1 finished with value: 0.0 and parameters: {'n_blocks': 5, 'd_block': 128, 'dropout': 0.02494826228951553}. Best is trial 0 with value: 0.0.
/home/mburu/.local/lib/python3.8/site-packages/sklearn/preprocessing/_discretization.py:322: UserWarning: Bins whose width are too small (i.e., <= 1e-8) in feature 0 are removed. Consider decreasing the number of bins.
  warnings.warn(
/home/mburu/.local/lib/python3.8/site-packages/sklearn/preprocessing/_discretization.py:322: UserWarning: Bins whose width are too small (i.e., <= 1e-8) in feature 0 are removed. Consider decreasing the number of bins.
  warnings.warn(
/home/mburu/.local/lib/python3.8/site-packages/sklearn/preprocessing/_discretization.py:322: UserWarning: Bins whose width are too small (i.e., <= 1e-8) in feature 0 are removed. Consider decreasing the number of bins.
  warnings.warn(
/home/mburu/.local/lib/python3.8/site-packages/sklearn/preprocessing/_discretization.py:322: UserWarning: Bins whose width are too small (i.e., <= 1e-8) in feature 0 are removed. Consider decreasing the number of bins.
  warnings.warn(
/home/mburu/.local/lib/python3.8/site-packages/sklearn/preprocessing/_discretization.py:322: UserWarning: Bins whose width are too small (i.e., <= 1e-8) in feature 0 are removed. Consider decreasing the number of bins.
  warnings.warn(
[I 2025-05-03 22:56:07,360] Trial 2 finished with value: 0.0 and parameters: {'n_blocks': 3, 'd_block': 128, 'dropout': 0.06851817431213694}. Best is trial 0 with value: 0.0.
/home/mburu/.local/lib/python3.8/site-packages/sklearn/preprocessing/_discretization.py:322: UserWarning: Bins whose width are too small (i.e., <= 1e-8) in feature 0 are removed. Consider decreasing the number of bins.
  warnings.warn(
/home/mburu/.local/lib/python3.8/site-packages/sklearn/preprocessing/_discretization.py:322: UserWarning: Bins whose width are too small (i.e., <= 1e-8) in feature 0 are removed. Consider decreasing the number of bins.
  warnings.warn(
/home/mburu/.local/lib/python3.8/site-packages/sklearn/preprocessing/_discretization.py:322: UserWarning: Bins whose width are too small (i.e., <= 1e-8) in feature 0 are removed. Consider decreasing the number of bins.
  warnings.warn(
/home/mburu/.local/lib/python3.8/site-packages/sklearn/preprocessing/_discretization.py:322: UserWarning: Bins whose width are too small (i.e., <= 1e-8) in feature 0 are removed. Consider decreasing the number of bins.
  warnings.warn(
/home/mburu/.local/lib/python3.8/site-packages/sklearn/preprocessing/_discretization.py:322: UserWarning: Bins whose width are too small (i.e., <= 1e-8) in feature 0 are removed. Consider decreasing the number of bins.
  warnings.warn(
[I 2025-05-03 22:56:07,413] Trial 3 finished with value: 0.0 and parameters: {'n_blocks': 3, 'd_block': 256, 'dropout': 0.04787046820555672}. Best is trial 0 with value: 0.0.
/home/mburu/.local/lib/python3.8/site-packages/sklearn/preprocessing/_discretization.py:322: UserWarning: Bins whose width are too small (i.e., <= 1e-8) in feature 0 are removed. Consider decreasing the number of bins.
  warnings.warn(
/home/mburu/.local/lib/python3.8/site-packages/sklearn/preprocessing/_discretization.py:322: UserWarning: Bins whose width are too small (i.e., <= 1e-8) in feature 0 are removed. Consider decreasing the number of bins.
  warnings.warn(
/home/mburu/.local/lib/python3.8/site-packages/sklearn/preprocessing/_discretization.py:322: UserWarning: Bins whose width are too small (i.e., <= 1e-8) in feature 0 are removed. Consider decreasing the number of bins.
  warnings.warn(
/home/mburu/.local/lib/python3.8/site-packages/sklearn/preprocessing/_discretization.py:322: UserWarning: Bins whose width are too small (i.e., <= 1e-8) in feature 0 are removed. Consider decreasing the number of bins.
  warnings.warn(
/home/mburu/.local/lib/python3.8/site-packages/sklearn/preprocessing/_discretization.py:322: UserWarning: Bins whose width are too small (i.e., <= 1e-8) in feature 0 are removed. Consider decreasing the number of bins.
  warnings.warn(
[I 2025-05-03 22:56:07,465] Trial 4 finished with value: 0.0 and parameters: {'n_blocks': 6, 'd_block': 128, 'dropout': 0.030643272515217253}. Best is trial 0 with value: 0.0.
/home/mburu/.local/lib/python3.8/site-packages/sklearn/preprocessing/_discretization.py:322: UserWarning: Bins whose width are too small (i.e., <= 1e-8) in feature 0 are removed. Consider decreasing the number of bins.
  warnings.warn(
Traceback (most recent call last):
  File "train.py", line 1192, in <module>
    main(arguments)
  File "train.py", line 1063, in main
    agg_scorer, avg_train_time, avg_test_time = nested_cross_validation(
  File "train.py", line 705, in nested_cross_validation
    best_hp_idx = best_loss_dict.index(min(best_loss_dict))
ValueError: min() arg is an empty sequence
srun: error: stud-000: task 0: Exited with exit code 1
