

----------------------------------------------------------------------------
Training VIME Vesion 1 with Dataset: config/diamonds.yml 



----------------------------------------------------------------------------
Namespace(batch_size=128, bin_alt=None, cat_dims=[2], cat_idx=[0], config='config/diamonds.yml', data_parallel=False, dataset='Diamonds', direction='minimize', dropna_idx=None, early_stopping_rounds=20, epochs=100, frequency_reg=False, gpu_ids=[0, 1], logging_period=100, miss_cat_idx=None, miss_num_idx=None, model_name='TabNet', n_trials=100, nominal_idx=None, num_bins=10, num_classes=1, num_features=9, num_idx=None, num_splits=5, objective='probabilistic_regression', one_hot_encode=False, optimize_hyperparameters=False, ordinal_encode=True, ordinal_idx=[1, 2, 3], scale=True, seed=221, shuffle=True, target_encode=False, use_gpu=True, val_batch_size=256, y_distribution='normal')
Train model with given hyperparameters
Loading dataset Diamonds...
Dataset loaded! 

(53940, 9)
I am in Main Once
In get_device


----------------------------------------------------------------------------
Training VIME Vesion 1 with Dataset: config/house_prices_nominal.yml 



----------------------------------------------------------------------------
Namespace(batch_size=128, bin_alt=None, cat_dims=[2], cat_idx=[0], config='config/house_prices_nominal.yml', data_parallel=False, dataset='House_Prices_Nominal', direction='minimize', dropna_idx=[0], early_stopping_rounds=20, epochs=100, frequency_reg=False, gpu_ids=[0, 1], logging_period=100, miss_cat_idx=[6, 25, 30, 31, 32, 33, 35, 42, 57, 58, 60, 63, 64, 72, 73, 74], miss_num_idx=[3, 26, 59], model_name='TabNet', n_trials=100, nominal_idx=[2, 7, 12], num_bins=10, num_classes=1, num_features=80, num_idx=None, num_splits=5, objective='probabilistic_regression', one_hot_encode=True, optimize_hyperparameters=False, ordinal_encode=True, ordinal_idx=[5, 6, 8, 9, 10, 11, 13, 14, 15, 16, 21, 22, 23, 24, 25, 27, 28, 29, 30, 31, 32, 33, 35, 39, 40, 41, 42, 53, 55, 57, 58, 60, 63, 64, 65, 72, 73, 74, 78, 79], scale=True, seed=221, shuffle=True, target_encode=False, use_gpu=True, val_batch_size=256, y_distribution='normal')
Train model with given hyperparameters
Loading dataset House_Prices_Nominal...
Dataset loaded! 

(1460, 79)
I am in Main Once
In get_device
TabNet Classes REVAMP: None
Almost Cross Validating
Model Name: TabNet
Fold 1
num_features : 79
num_classes : 1
cat_idx : [0]
nominal_idx : [1, 6, 11]
ordinal_idx : [4, 5, 7, 8, 9, 10, 12, 13, 14, 15, 20, 21, 22, 23, 24, 26, 27, 28, 29, 30, 31, 32, 34, 38, 39, 40, 41, 52, 54, 56, 57, 59, 62, 63, 64, 71, 72, 73, 77, 78]
num_idx : None
cat_dims : [2]
bin_alt : None
~~~~~~~~~~~~~~~~~~~~~~~~~~~~~~~~~~~~~~~~~~~~~~~~~~~~~~~~~~~~~~~~~~~~~~~~~~~~~~~
BEFORE ANY ENCODING
num_features :79
num_classes : 1
cat_idx : [0]
nominal_idx : [1, 6, 11]
ordinal_idx : [4, 5, 7, 8, 9, 10, 12, 13, 14, 15, 20, 21, 22, 23, 24, 26, 27, 28, 29, 30, 31, 32, 34, 38, 39, 40, 41, 52, 54, 56, 57, 59, 62, 63, 64, 71, 72, 73, 77, 78]
num_idx : None
cat_dims : [2]
bin_alt : None 


X shape : (1168, 79)
~~~~~~~~~~~~~~~~~~~~~~~~~~~~~~~~~~~~~~~~~~~~~~~~~~~~~~~~~~~~~~~~~~~~~~~~~~~~~~~
~~~~~~~~~~~~~~~~~~~~~~~~~~~~~~~~~~~~~~~~~~~~~~~~~~~~~~~~~~~~~~~~~~~~~~~~~~~~~~~ 


AFTER SEPARATING CATEGORICALS AND NUMERICALS
Numerical Index V1 : [0, 2, 3, 16, 17, 18, 19, 25, 33, 35, 36, 37, 42, 43, 44, 45, 46, 47, 48, 49, 50, 51, 53, 55, 58, 60, 61, 65, 66, 67, 68, 69, 70, 74, 75, 76]
Cat Dims V1 : [3, 3, 5, 3, 6, 4, 10, 9, 6, 9, 7, 8, 15, 17, 4, 5, 6, 7, 5, 5, 5, 7, 7, 7, 6, 3, 6, 5, 8, 6, 7, 4, 6, 6, 4, 4, 5, 4, 10, 7]
Cat Idx V1 : [1, 4, 5, 6, 7, 8, 9, 10, 11, 12, 13, 14, 15, 20, 21, 22, 23, 24, 26, 27, 28, 29, 30, 31, 32, 34, 38, 39, 40, 41, 52, 54, 56, 57, 59, 62, 63, 64, 71, 72, 73, 77, 78] 
 

~~~~~~~~~~~~~~~~~~~~~~~~~~~~~~~~~~~~~~~~~~~~~~~~~~~~~~~~~~~~~~~~~~~~~~~~~~~~~~~ 


Scaling the data...
One Hot Encoding...
~~~~~~~~~~~~~~~~~~~~~~~~~~~~~~~~~~~~~~~~~~~~~~~~~~~~~~~~~~~~~~~~~~~~~~~~~~~~~~~
After OHE
Numerical Index V2 : [0, 2, 3, 16, 17, 18, 19, 25, 33, 35, 36, 37, 42, 43, 44, 45, 46, 47, 48, 49, 50, 51, 53, 55, 58, 60, 61, 65, 66, 67, 68, 69, 70, 74, 75, 76] 


OHE Idx : [40, 41, 42, 43, 44, 45, 46, 47, 48, 49, 50, 51, 52, 53, 54, 55, 56, 57, 58, 59, 60, 61, 62, 63, 64, 65, 66, 67, 68, 69, 70, 71, 72, 73]


Ordinal Idx V2: [0, 1, 2, 3, 4, 5, 6, 7, 8, 9, 10, 11, 12, 13, 14, 15, 16, 17, 18, 19, 20, 21, 22, 23, 24, 25, 26, 27, 28, 29, 30, 31, 32, 33, 34, 35, 36, 37, 38, 39]


Cat Dims V2 : [3, 3, 5, 3, 6, 4, 10, 9, 6, 9, 7, 8, 15, 17, 4, 5, 6, 7, 5, 5, 5, 7, 7, 7, 6, 3, 6, 5, 8, 6, 7, 4, 6, 6, 4, 4, 5, 4, 10, 7]
Cat Idx V2 : [0, 1, 2, 3, 4, 5, 6, 7, 8, 9, 10, 11, 12, 13, 14, 15, 16, 17, 18, 19, 20, 21, 22, 23, 24, 25, 26, 27, 28, 29, 30, 31, 32, 33, 34, 35, 36, 37, 38, 39] 
 

Train: [['Pave' 'None' 'Lvl' 'AllPub' 'Inside']
 ['Pave' 'None' 'Lvl' 'AllPub' 'FR2']
 ['Pave' 'None' 'Lvl' 'AllPub' 'Corner']
 ['Pave' 'None' 'Lvl' 'AllPub' 'FR2']
 ['Pave' 'None' 'Lvl' 'AllPub' 'Inside']
 ['Pave' 'None' 'Lvl' 'AllPub' 'Inside']
 ['Pave' 'None' 'Lvl' 'AllPub' 'Corner']
 ['Pave' 'None' 'Lvl' 'AllPub' 'Inside']
 ['Pave' 'None' 'Lvl' 'AllPub' 'Corner']
 ['Pave' 'None' 'Lvl' 'AllPub' 'Inside']] 
 
 
Val : (1168, 110) 
 

~~~~~~~~~~~~~~~~~~~~~~~~~~~~~~~~~~~~~~~~~~~~~~~~~~~~~~~~~~~~~~~~~~~~~~~~~~~~~~~
~~~~~~~~~~~~~~~~~~~~~~~~~~~~~~~~~~~~~~~~~~~~~~~~~~~~~~~~~~~~~~~~~~~~~~~~~~~~~~~
After ORDINAL
Numerical Index V2 : [0, 2, 3, 16, 17, 18, 19, 25, 33, 35, 36, 37, 42, 43, 44, 45, 46, 47, 48, 49, 50, 51, 53, 55, 58, 60, 61, 65, 66, 67, 68, 69, 70, 74, 75, 76] 


OHE Idx : [40, 41, 42, 43, 44, 45, 46, 47, 48, 49, 50, 51, 52, 53, 54, 55, 56, 57, 58, 59, 60, 61, 62, 63, 64, 65, 66, 67, 68, 69, 70, 71, 72, 73]


Ordinal Idx V2: [0, 1, 2, 3, 4, 5, 6, 7, 8, 9, 10, 11, 12, 13, 14, 15, 16, 17, 18, 19, 20, 21, 22, 23, 24, 25, 26, 27, 28, 29, 30, 31, 32, 33, 34, 35, 36, 37, 38, 39]


Cat Dims V2 : [3, 3, 5, 3, 6, 4, 10, 9, 6, 9, 7, 8, 15, 17, 4, 5, 6, 7, 5, 5, 5, 7, 7, 7, 6, 3, 6, 5, 8, 6, 7, 4, 6, 6, 4, 4, 5, 4, 10, 7]
Cat Idx V2 : [0, 1, 2, 3, 4, 5, 6, 7, 8, 9, 10, 11, 12, 13, 14, 15, 16, 17, 18, 19, 20, 21, 22, 23, 24, 25, 26, 27, 28, 29, 30, 31, 32, 33, 34, 35, 36, 37, 38, 39] 
 

Train: [[2 0 4 ... -0.08549072883692027 -1.6038865594520038 0.11325845825763112]
 [2 0 4 ... -0.08549072883692027 -0.4812300464036975 -0.6383658556335169]
 [2 0 4 ... -0.08549072883692027 -1.6038865594520038 -1.389990169524665]
 ...
 [2 0 4 ... -0.08549072883692027 -0.8554488840864662 0.11325845825763112]
 [2 0 4 ... -0.08549072883692027 -1.9781053971347726 0.11325845825763112]
 [2 0 4 ... -0.08549072883692027 0.2672076289618401 -1.389990169524665]] 
 
 
Val : (1168, 110) 
 

FINISHED ENCODING
~~~~~~~~~~~~~~~~~~~~~~~~~~~~~~~~~~~~~~~~~~~~~~~~~~~~~~~~~~~~~~~~~~~~~~~~~~~~~~~
Number of Classes B4 Bin Verifier: 8
Unique values in y_train: (array([0., 1., 2., 3., 4., 5., 6., 7.]), 8)
Unique values in y_test: (array([0., 1., 2., 3., 4., 5., 6., 7.]), 8)
No need to shift labels.
VERIFY SHIFT
Train after shift : [0 1 2 3 4 5 6 7], Length : 8
Test after shift : [0 1 2 3 4 5 6 7], Length : 8
Number of Classes After Bin Verifier: 8
In get_device
TabNet Classes REVAMP: [0, 1, 2, 3, 4, 5, 6, 7]
{'n_d': 26, 'n_steps': 8, 'gamma': 1.3514142331293966, 'cat_emb_dim': 1, 'n_independent': 1, 'n_shared': 1, 'momentum': 0.23057141586702234, 'mask_type': 'sparsemax', 'n_a': 26, 'cat_idxs': [0, 1, 2, 3, 4, 5, 6, 7, 8, 9, 10, 11, 12, 13, 14, 15, 16, 17, 18, 19, 20, 21, 22, 23, 24, 25, 26, 27, 28, 29, 30, 31, 32, 33, 34, 35, 36, 37, 38, 39], 'cat_dims': [3, 3, 5, 3, 6, 4, 10, 9, 6, 9, 7, 8, 15, 17, 4, 5, 6, 7, 5, 5, 5, 7, 7, 7, 6, 3, 6, 5, 8, 6, 7, 4, 6, 6, 4, 4, 5, 4, 10, 7], 'device_name': device(type='cuda')}


----------------------------------------------------------------------------
Training VIME Vesion 1 with Dataset: config/sat11.yml 



----------------------------------------------------------------------------
Namespace(batch_size=128, bin_alt=None, cat_dims=[2], cat_idx=[0], config='config/sat11.yml', data_parallel=False, dataset='SAT11', direction='minimize', dropna_idx=[116], early_stopping_rounds=20, epochs=100, frequency_reg=False, gpu_ids=[0, 1], logging_period=100, miss_cat_idx=None, miss_num_idx=None, model_name='TabNet', n_trials=100, nominal_idx=[115], num_bins=10, num_classes=1, num_features=117, num_idx=None, num_splits=5, objective='probabilistic_regression', one_hot_encode=True, optimize_hyperparameters=False, ordinal_encode=False, ordinal_idx=None, scale=True, seed=221, shuffle=True, target_encode=False, use_gpu=True, val_batch_size=256, y_distribution='bimodial')
Train model with given hyperparameters
Loading dataset SAT11...
Dataset loaded! 

(1725, 116)
I am in Main Once
In get_device
TabNet Classes REVAMP: None
Almost Cross Validating
Model Name: TabNet
Fold 1
num_features : 116
num_classes : 1
cat_idx : [0]
nominal_idx : [115]
ordinal_idx : None
num_idx : None
cat_dims : [2]
bin_alt : None
~~~~~~~~~~~~~~~~~~~~~~~~~~~~~~~~~~~~~~~~~~~~~~~~~~~~~~~~~~~~~~~~~~~~~~~~~~~~~~~
BEFORE ANY ENCODING
num_features :116
num_classes : 1
cat_idx : [0]
nominal_idx : [115]
ordinal_idx : None
num_idx : None
cat_dims : [2]
bin_alt : None 


X shape : (1380, 116)
~~~~~~~~~~~~~~~~~~~~~~~~~~~~~~~~~~~~~~~~~~~~~~~~~~~~~~~~~~~~~~~~~~~~~~~~~~~~~~~
~~~~~~~~~~~~~~~~~~~~~~~~~~~~~~~~~~~~~~~~~~~~~~~~~~~~~~~~~~~~~~~~~~~~~~~~~~~~~~~ 


AFTER SEPARATING CATEGORICALS AND NUMERICALS
Numerical Index V1 : [0, 1, 2, 3, 4, 5, 6, 7, 8, 9, 10, 11, 12, 13, 14, 15, 16, 17, 18, 19, 20, 21, 22, 23, 24, 25, 26, 27, 28, 29, 30, 31, 32, 33, 34, 35, 36, 37, 38, 39, 40, 41, 42, 43, 44, 45, 46, 47, 48, 49, 50, 51, 52, 53, 54, 55, 56, 57, 58, 59, 60, 61, 62, 63, 64, 65, 66, 67, 68, 69, 70, 71, 72, 73, 74, 75, 76, 77, 78, 79, 80, 81, 82, 83, 84, 85, 86, 87, 88, 89, 90, 91, 92, 93, 94, 95, 96, 97, 98, 99, 100, 101, 102, 103, 104, 105, 106, 107, 108, 109, 110, 111, 112, 113, 114]
Cat Dims V1 : []
Cat Idx V1 : [115] 
 

~~~~~~~~~~~~~~~~~~~~~~~~~~~~~~~~~~~~~~~~~~~~~~~~~~~~~~~~~~~~~~~~~~~~~~~~~~~~~~~ 


Scaling the data...
One Hot Encoding...
~~~~~~~~~~~~~~~~~~~~~~~~~~~~~~~~~~~~~~~~~~~~~~~~~~~~~~~~~~~~~~~~~~~~~~~~~~~~~~~
After OHE
Numerical Index V2 : [0, 1, 2, 3, 4, 5, 6, 7, 8, 9, 10, 11, 12, 13, 14, 15, 16, 17, 18, 19, 20, 21, 22, 23, 24, 25, 26, 27, 28, 29, 30, 31, 32, 33, 34, 35, 36, 37, 38, 39, 40, 41, 42, 43, 44, 45, 46, 47, 48, 49, 50, 51, 52, 53, 54, 55, 56, 57, 58, 59, 60, 61, 62, 63, 64, 65, 66, 67, 68, 69, 70, 71, 72, 73, 74, 75, 76, 77, 78, 79, 80, 81, 82, 83, 84, 85, 86, 87, 88, 89, 90, 91, 92, 93, 94, 95, 96, 97, 98, 99, 100, 101, 102, 103, 104, 105, 106, 107, 108, 109, 110, 111, 112, 113, 114] 


OHE Idx : [0, 1, 2, 3, 4, 5, 6, 7, 8, 9, 10, 11, 12, 13, 14]


Ordinal Idx V2: None


Cat Dims V2 : []
Cat Idx V2 : None 
 

Train: [[0.0 1.0 0.0 0.0 0.0]
 [0.0 0.0 0.0 0.0 0.0]
 [1.0 0.0 0.0 0.0 0.0]
 [0.0 0.0 0.0 0.0 0.0]
 [0.0 0.0 0.0 0.0 0.0]
 [0.0 0.0 0.0 0.0 0.0]
 [0.0 0.0 0.0 0.0 1.0]
 [0.0 0.0 0.0 0.0 0.0]
 [0.0 0.0 0.0 0.0 0.0]
 [0.0 0.0 0.0 0.0 0.0]] 
 
 
Val : (1380, 130) 
 

~~~~~~~~~~~~~~~~~~~~~~~~~~~~~~~~~~~~~~~~~~~~~~~~~~~~~~~~~~~~~~~~~~~~~~~~~~~~~~~
~~~~~~~~~~~~~~~~~~~~~~~~~~~~~~~~~~~~~~~~~~~~~~~~~~~~~~~~~~~~~~~~~~~~~~~~~~~~~~~
After ORDINAL
Numerical Index V2 : [0, 1, 2, 3, 4, 5, 6, 7, 8, 9, 10, 11, 12, 13, 14, 15, 16, 17, 18, 19, 20, 21, 22, 23, 24, 25, 26, 27, 28, 29, 30, 31, 32, 33, 34, 35, 36, 37, 38, 39, 40, 41, 42, 43, 44, 45, 46, 47, 48, 49, 50, 51, 52, 53, 54, 55, 56, 57, 58, 59, 60, 61, 62, 63, 64, 65, 66, 67, 68, 69, 70, 71, 72, 73, 74, 75, 76, 77, 78, 79, 80, 81, 82, 83, 84, 85, 86, 87, 88, 89, 90, 91, 92, 93, 94, 95, 96, 97, 98, 99, 100, 101, 102, 103, 104, 105, 106, 107, 108, 109, 110, 111, 112, 113, 114] 


OHE Idx : [0, 1, 2, 3, 4, 5, 6, 7, 8, 9, 10, 11, 12, 13, 14]


Ordinal Idx V2: None


Cat Dims V2 : []
Cat Idx V2 : None 
 

Train: [[0.0 1.0 0.0 ... 2.579169386727153 1.2837928753303054 0.9948004955077808]
 [0.0 0.0 0.0 ... 2.579169386727153 1.2837928753303054 0.9948004955077808]
 [1.0 0.0 0.0 ... 2.579169386727153 1.2837928753303054 0.9948004955077808]
 ...
 [0.0 0.0 0.0 ... 2.579169386727153 1.2837928753303054 0.9948004955077808]
 [0.0 0.0 0.0 ... 2.579169386727153 1.2837928753303054 0.9948004955077808]
 [0.0 0.0 0.0 ... 2.579169386727153 1.2837928753303054 0.9948004955077808]] 
 
 
Val : (1380, 130) 
 

FINISHED ENCODING
~~~~~~~~~~~~~~~~~~~~~~~~~~~~~~~~~~~~~~~~~~~~~~~~~~~~~~~~~~~~~~~~~~~~~~~~~~~~~~~
Number of Classes B4 Bin Verifier: 3
Unique values in y_train: (array([0., 1., 2.]), 3)
Unique values in y_test: (array([0., 1., 2.]), 3)
No need to shift labels.
VERIFY SHIFT
Train after shift : [0 1 2], Length : 3
Test after shift : [0 1 2], Length : 3
Number of Classes After Bin Verifier: 3
In get_device
TabNet Classes REVAMP: [0, 1, 2]
{'n_d': '36,', 'n_steps': 6, 'gamma': 1.2879697909916161, 'cat_emb_dim': 3, 'n_independent': 5, 'n_shared': 2, 'momentum': 0.09808991167616203, 'mask_type': 'entmax', 'n_a': '36,', 'cat_idxs': [], 'cat_dims': [], 'device_name': device(type='cuda')}
