[I 2025-05-30 13:13:17,297] A new study created in memory with name: RandomForest_Brazillian_Houses_outer1
[I 2025-05-30 13:13:17,962] Trial 0 finished with value: 383008309.4447359 and parameters: {'max_depth': 5, 'n_estimators': 26}. Best is trial 0 with value: 383008309.4447359.
[I 2025-05-30 13:13:19,130] Trial 1 finished with value: 391444187.8744389 and parameters: {'max_depth': 2, 'n_estimators': 86}. Best is trial 0 with value: 383008309.4447359.
[I 2025-05-30 13:13:19,677] Trial 2 finished with value: 382435026.20409375 and parameters: {'max_depth': 5, 'n_estimators': 13}. Best is trial 2 with value: 382435026.20409375.
[I 2025-05-30 13:13:20,487] Trial 3 finished with value: 392168337.66718173 and parameters: {'max_depth': 2, 'n_estimators': 41}. Best is trial 2 with value: 382435026.20409375.
[I 2025-05-30 13:13:21,125] Trial 4 finished with value: 381277237.0135335 and parameters: {'max_depth': 9, 'n_estimators': 12}. Best is trial 4 with value: 381277237.0135335.
[I 2025-05-30 13:13:21,261] A new study created in memory with name: RandomForest_Brazillian_Houses_outer2
[I 2025-05-30 13:13:21,984] Trial 0 finished with value: 41487663.11394056 and parameters: {'max_depth': 11, 'n_estimators': 15}. Best is trial 0 with value: 41487663.11394056.
[I 2025-05-30 13:13:22,998] Trial 1 finished with value: 57719012.68485614 and parameters: {'max_depth': 4, 'n_estimators': 53}. Best is trial 0 with value: 41487663.11394056.
[I 2025-05-30 13:13:23,962] Trial 2 finished with value: 53399264.648464866 and parameters: {'max_depth': 8, 'n_estimators': 35}. Best is trial 0 with value: 41487663.11394056.
[I 2025-05-30 13:13:24,387] Trial 3 finished with value: 68072504.1107283 and parameters: {'max_depth': 3, 'n_estimators': 6}. Best is trial 0 with value: 41487663.11394056.
[I 2025-05-30 13:13:25,364] Trial 4 finished with value: 54367538.69172392 and parameters: {'max_depth': 6, 'n_estimators': 42}. Best is trial 0 with value: 41487663.11394056.
[I 2025-05-30 13:13:25,535] A new study created in memory with name: RandomForest_Brazillian_Houses_outer3
[I 2025-05-30 13:13:26,108] Trial 0 finished with value: 246820076.05815426 and parameters: {'max_depth': 2, 'n_estimators': 22}. Best is trial 0 with value: 246820076.05815426.
[I 2025-05-30 13:13:27,853] Trial 1 finished with value: 237236720.70848665 and parameters: {'max_depth': 10, 'n_estimators': 79}. Best is trial 1 with value: 237236720.70848665.
[I 2025-05-30 13:13:28,316] Trial 2 finished with value: 246376235.8010065 and parameters: {'max_depth': 2, 'n_estimators': 19}. Best is trial 1 with value: 237236720.70848665.
[I 2025-05-30 13:13:28,746] Trial 3 finished with value: 237207545.55834824 and parameters: {'max_depth': 8, 'n_estimators': 6}. Best is trial 3 with value: 237207545.55834824.
[I 2025-05-30 13:13:29,343] Trial 4 finished with value: 238169033.62180296 and parameters: {'max_depth': 6, 'n_estimators': 20}. Best is trial 3 with value: 237207545.55834824.
[I 2025-05-30 13:13:29,444] A new study created in memory with name: RandomForest_Brazillian_Houses_outer4
[I 2025-05-30 13:13:29,929] Trial 0 finished with value: 71482496.03980236 and parameters: {'max_depth': 4, 'n_estimators': 13}. Best is trial 0 with value: 71482496.03980236.
[I 2025-05-30 13:13:30,806] Trial 1 finished with value: 97099614.92742774 and parameters: {'max_depth': 11, 'n_estimators': 20}. Best is trial 0 with value: 71482496.03980236.
[I 2025-05-30 13:13:31,962] Trial 2 finished with value: 70830430.160966 and parameters: {'max_depth': 5, 'n_estimators': 64}. Best is trial 2 with value: 70830430.160966.
[I 2025-05-30 13:13:32,468] Trial 3 finished with value: 106363210.3781734 and parameters: {'max_depth': 2, 'n_estimators': 17}. Best is trial 2 with value: 70830430.160966.
[I 2025-05-30 13:13:33,805] Trial 4 finished with value: 99273664.63106653 and parameters: {'max_depth': 2, 'n_estimators': 93}. Best is trial 2 with value: 70830430.160966.
[I 2025-05-30 13:13:34,069] A new study created in memory with name: RandomForest_Brazillian_Houses_outer5
[I 2025-05-30 13:13:34,619] Trial 0 finished with value: 61095102.43302504 and parameters: {'max_depth': 11, 'n_estimators': 7}. Best is trial 0 with value: 61095102.43302504.
[I 2025-05-30 13:13:35,364] Trial 1 finished with value: 71229857.4436857 and parameters: {'max_depth': 9, 'n_estimators': 17}. Best is trial 0 with value: 61095102.43302504.
[I 2025-05-30 13:13:36,605] Trial 2 finished with value: 44287822.202870294 and parameters: {'max_depth': 3, 'n_estimators': 79}. Best is trial 2 with value: 44287822.202870294.
[I 2025-05-30 13:13:37,106] Trial 3 finished with value: 47591428.49210144 and parameters: {'max_depth': 2, 'n_estimators': 13}. Best is trial 2 with value: 44287822.202870294.
[I 2025-05-30 13:13:37,736] Trial 4 finished with value: 28374717.1408221 and parameters: {'max_depth': 10, 'n_estimators': 9}. Best is trial 4 with value: 28374717.1408221.
[I 2025-05-30 13:13:42,486] A new study created in memory with name: RandomForest_Abalone_outer1
[I 2025-05-30 13:13:43,032] Trial 0 finished with value: 4.651136734909379 and parameters: {'max_depth': 8, 'n_estimators': 25}. Best is trial 0 with value: 4.651136734909379.
[I 2025-05-30 13:13:43,371] Trial 1 finished with value: 4.699946889298005 and parameters: {'max_depth': 7, 'n_estimators': 8}. Best is trial 0 with value: 4.651136734909379.
[I 2025-05-30 13:13:45,098] Trial 2 finished with value: 4.647304865113222 and parameters: {'max_depth': 12, 'n_estimators': 94}. Best is trial 2 with value: 4.647304865113222.
[I 2025-05-30 13:13:46,294] Trial 3 finished with value: 6.134726876999945 and parameters: {'max_depth': 2, 'n_estimators': 97}. Best is trial 2 with value: 4.647304865113222.
[I 2025-05-30 13:13:46,647] Trial 4 finished with value: 6.205800415919085 and parameters: {'max_depth': 2, 'n_estimators': 15}. Best is trial 2 with value: 4.647304865113222.
[I 2025-05-30 13:13:47,022] A new study created in memory with name: RandomForest_Abalone_outer2
[I 2025-05-30 13:13:47,340] Trial 0 finished with value: 5.971663341486963 and parameters: {'max_depth': 2, 'n_estimators': 11}. Best is trial 0 with value: 5.971663341486963.
[I 2025-05-30 13:13:48,397] Trial 1 finished with value: 4.414996489870781 and parameters: {'max_depth': 6, 'n_estimators': 71}. Best is trial 1 with value: 4.414996489870781.
[I 2025-05-30 13:13:48,818] Trial 2 finished with value: 4.735206865028762 and parameters: {'max_depth': 12, 'n_estimators': 12}. Best is trial 1 with value: 4.414996489870781.
[I 2025-05-30 13:13:49,179] Trial 3 finished with value: 4.847015584461121 and parameters: {'max_depth': 9, 'n_estimators': 9}. Best is trial 1 with value: 4.414996489870781.
[I 2025-05-30 13:13:49,541] Trial 4 finished with value: 4.780067963065633 and parameters: {'max_depth': 5, 'n_estimators': 10}. Best is trial 1 with value: 4.414996489870781.
[I 2025-05-30 13:13:49,758] A new study created in memory with name: RandomForest_Abalone_outer3
[I 2025-05-30 13:13:50,042] Trial 0 finished with value: 6.541715136229688 and parameters: {'max_depth': 2, 'n_estimators': 5}. Best is trial 0 with value: 6.541715136229688.
[I 2025-05-30 13:13:50,658] Trial 1 finished with value: 5.372655559595369 and parameters: {'max_depth': 4, 'n_estimators': 38}. Best is trial 1 with value: 5.372655559595369.
[I 2025-05-30 13:13:51,104] Trial 2 finished with value: 5.1149357825631485 and parameters: {'max_depth': 5, 'n_estimators': 21}. Best is trial 2 with value: 5.1149357825631485.
[I 2025-05-30 13:13:51,485] Trial 3 finished with value: 4.948596630669137 and parameters: {'max_depth': 6, 'n_estimators': 14}. Best is trial 3 with value: 4.948596630669137.
[I 2025-05-30 13:13:52,312] Trial 4 finished with value: 6.479196595599612 and parameters: {'max_depth': 2, 'n_estimators': 62}. Best is trial 3 with value: 4.948596630669137.
[I 2025-05-30 13:13:52,389] A new study created in memory with name: RandomForest_Abalone_outer4
[I 2025-05-30 13:13:52,914] Trial 0 finished with value: 4.909249605885397 and parameters: {'max_depth': 10, 'n_estimators': 21}. Best is trial 0 with value: 4.909249605885397.
[I 2025-05-30 13:13:53,664] Trial 1 finished with value: 6.251374945190532 and parameters: {'max_depth': 2, 'n_estimators': 52}. Best is trial 0 with value: 4.909249605885397.
[I 2025-05-30 13:13:53,980] Trial 2 finished with value: 5.199786349032893 and parameters: {'max_depth': 9, 'n_estimators': 6}. Best is trial 0 with value: 4.909249605885397.
[I 2025-05-30 13:13:55,825] Trial 3 finished with value: 4.629952810575935 and parameters: {'max_depth': 12, 'n_estimators': 99}. Best is trial 3 with value: 4.629952810575935.
[I 2025-05-30 13:13:56,404] Trial 4 finished with value: 4.705876753721245 and parameters: {'max_depth': 8, 'n_estimators': 28}. Best is trial 3 with value: 4.629952810575935.
[I 2025-05-30 13:13:56,797] A new study created in memory with name: RandomForest_Abalone_outer5
[I 2025-05-30 13:13:57,090] Trial 0 finished with value: 5.460563145323313 and parameters: {'max_depth': 4, 'n_estimators': 7}. Best is trial 0 with value: 5.460563145323313.
[I 2025-05-30 13:13:57,506] Trial 1 finished with value: 5.0717691814403185 and parameters: {'max_depth': 10, 'n_estimators': 13}. Best is trial 1 with value: 5.0717691814403185.
[I 2025-05-30 13:13:57,851] Trial 2 finished with value: 5.074336452665667 and parameters: {'max_depth': 11, 'n_estimators': 7}. Best is trial 1 with value: 5.0717691814403185.
[I 2025-05-30 13:13:58,137] Trial 3 finished with value: 6.480504445191545 and parameters: {'max_depth': 2, 'n_estimators': 6}. Best is trial 1 with value: 5.0717691814403185.
[I 2025-05-30 13:13:58,619] Trial 4 finished with value: 5.399272017296034 and parameters: {'max_depth': 4, 'n_estimators': 25}. Best is trial 1 with value: 5.0717691814403185.
[I 2025-05-30 13:14:03,663] A new study created in memory with name: RandomForest_House_Sales_outer1
[I 2025-05-30 13:14:04,862] Trial 0 finished with value: 36520111594.32359 and parameters: {'max_depth': 6, 'n_estimators': 17}. Best is trial 0 with value: 36520111594.32359.
[I 2025-05-30 13:14:05,773] Trial 1 finished with value: 34304957530.09101 and parameters: {'max_depth': 10, 'n_estimators': 6}. Best is trial 1 with value: 34304957530.09101.
[I 2025-05-30 13:14:09,432] Trial 2 finished with value: 30268954872.740795 and parameters: {'max_depth': 9, 'n_estimators': 70}. Best is trial 2 with value: 30268954872.740795.
[I 2025-05-30 13:14:10,812] Trial 3 finished with value: 32546005608.667152 and parameters: {'max_depth': 7, 'n_estimators': 24}. Best is trial 2 with value: 30268954872.740795.
[I 2025-05-30 13:14:11,506] Trial 4 finished with value: 72148042835.13628 and parameters: {'max_depth': 2, 'n_estimators': 9}. Best is trial 2 with value: 30268954872.740795.
[I 2025-05-30 13:14:12,389] A new study created in memory with name: RandomForest_House_Sales_outer2
[I 2025-05-30 13:14:13,716] Trial 0 finished with value: 48613329489.09111 and parameters: {'max_depth': 3, 'n_estimators': 44}. Best is trial 0 with value: 48613329489.09111.
[I 2025-05-30 13:14:14,554] Trial 1 finished with value: 39859502146.719826 and parameters: {'max_depth': 4, 'n_estimators': 13}. Best is trial 1 with value: 39859502146.719826.
[I 2025-05-30 13:14:18,633] Trial 2 finished with value: 21598959279.434338 and parameters: {'max_depth': 12, 'n_estimators': 59}. Best is trial 2 with value: 21598959279.434338.
[I 2025-05-30 13:14:19,278] Trial 3 finished with value: 52262205031.66426 and parameters: {'max_depth': 3, 'n_estimators': 5}. Best is trial 2 with value: 21598959279.434338.
[I 2025-05-30 13:14:20,106] Trial 4 finished with value: 39188445983.87609 and parameters: {'max_depth': 4, 'n_estimators': 11}. Best is trial 2 with value: 21598959279.434338.
[I 2025-05-30 13:14:21,118] A new study created in memory with name: RandomForest_House_Sales_outer3
[I 2025-05-30 13:14:24,750] Trial 0 finished with value: 21229842649.09894 and parameters: {'max_depth': 10, 'n_estimators': 63}. Best is trial 0 with value: 21229842649.09894.
[I 2025-05-30 13:14:25,784] Trial 1 finished with value: 23078769933.170383 and parameters: {'max_depth': 8, 'n_estimators': 10}. Best is trial 0 with value: 21229842649.09894.
[I 2025-05-30 13:14:26,995] Trial 2 finished with value: 22356926174.795208 and parameters: {'max_depth': 10, 'n_estimators': 11}. Best is trial 0 with value: 21229842649.09894.
[I 2025-05-30 13:14:31,843] Trial 3 finished with value: 20857915493.565468 and parameters: {'max_depth': 9, 'n_estimators': 97}. Best is trial 3 with value: 20857915493.565468.
[I 2025-05-30 13:14:32,913] Trial 4 finished with value: 25348052961.358562 and parameters: {'max_depth': 7, 'n_estimators': 14}. Best is trial 3 with value: 20857915493.565468.
[I 2025-05-30 13:14:34,093] A new study created in memory with name: RandomForest_House_Sales_outer4
[I 2025-05-30 13:14:37,023] Trial 0 finished with value: 24985298483.318962 and parameters: {'max_depth': 8, 'n_estimators': 61}. Best is trial 0 with value: 24985298483.318962.
[I 2025-05-30 13:14:39,414] Trial 1 finished with value: 24250453584.179817 and parameters: {'max_depth': 9, 'n_estimators': 42}. Best is trial 1 with value: 24250453584.179817.
[I 2025-05-30 13:14:41,200] Trial 2 finished with value: 23301171206.69695 and parameters: {'max_depth': 12, 'n_estimators': 22}. Best is trial 2 with value: 23301171206.69695.
[I 2025-05-30 13:14:41,790] Trial 3 finished with value: 65933471448.23308 and parameters: {'max_depth': 2, 'n_estimators': 5}. Best is trial 2 with value: 23301171206.69695.
[I 2025-05-30 13:14:42,523] Trial 4 finished with value: 41225707229.82565 and parameters: {'max_depth': 4, 'n_estimators': 7}. Best is trial 2 with value: 23301171206.69695.
[I 2025-05-30 13:14:42,964] A new study created in memory with name: RandomForest_House_Sales_outer5
[I 2025-05-30 13:14:43,786] Trial 0 finished with value: 32305039870.18993 and parameters: {'max_depth': 5, 'n_estimators': 9}. Best is trial 0 with value: 32305039870.18993.
[I 2025-05-30 13:14:44,488] Trial 1 finished with value: 59366956895.471146 and parameters: {'max_depth': 2, 'n_estimators': 10}. Best is trial 0 with value: 32305039870.18993.
[I 2025-05-30 13:14:45,385] Trial 2 finished with value: 29443650852.704376 and parameters: {'max_depth': 6, 'n_estimators': 7}. Best is trial 2 with value: 29443650852.704376.
[I 2025-05-30 13:14:46,708] Trial 3 finished with value: 25608205289.99395 and parameters: {'max_depth': 7, 'n_estimators': 18}. Best is trial 3 with value: 25608205289.99395.
[I 2025-05-30 13:14:47,979] Trial 4 finished with value: 22145486610.63558 and parameters: {'max_depth': 8, 'n_estimators': 17}. Best is trial 4 with value: 22145486610.63558.
[I 2025-05-30 13:14:52,687] A new study created in memory with name: RandomForest_MIP_outer1
[I 2025-05-30 13:14:53,157] Trial 0 finished with value: 610656.6685313608 and parameters: {'max_depth': 5, 'n_estimators': 13}. Best is trial 0 with value: 610656.6685313608.
[I 2025-05-30 13:14:53,661] Trial 1 finished with value: 621173.3846081209 and parameters: {'max_depth': 2, 'n_estimators': 27}. Best is trial 0 with value: 610656.6685313608.
[I 2025-05-30 13:14:54,331] Trial 2 finished with value: 578563.3648683609 and parameters: {'max_depth': 3, 'n_estimators': 38}. Best is trial 2 with value: 578563.3648683609.
[I 2025-05-30 13:14:55,687] Trial 3 finished with value: 587317.2950554059 and parameters: {'max_depth': 4, 'n_estimators': 96}. Best is trial 2 with value: 578563.3648683609.
[I 2025-05-30 13:14:56,544] Trial 4 finished with value: 580757.7774176418 and parameters: {'max_depth': 3, 'n_estimators': 60}. Best is trial 2 with value: 578563.3648683609.
[I 2025-05-30 13:14:56,678] A new study created in memory with name: RandomForest_MIP_outer2
[I 2025-05-30 13:14:57,260] Trial 0 finished with value: 997906.1559451487 and parameters: {'max_depth': 2, 'n_estimators': 33}. Best is trial 0 with value: 997906.1559451487.
[I 2025-05-30 13:14:57,968] Trial 1 finished with value: 974921.2755698044 and parameters: {'max_depth': 3, 'n_estimators': 49}. Best is trial 1 with value: 974921.2755698044.
[I 2025-05-30 13:14:59,076] Trial 2 finished with value: 929641.2249878865 and parameters: {'max_depth': 6, 'n_estimators': 71}. Best is trial 2 with value: 929641.2249878865.
[I 2025-05-30 13:14:59,528] Trial 3 finished with value: 838080.1872186124 and parameters: {'max_depth': 6, 'n_estimators': 15}. Best is trial 3 with value: 838080.1872186124.
[I 2025-05-30 13:14:59,857] Trial 4 finished with value: 1044529.0598146205 and parameters: {'max_depth': 2, 'n_estimators': 10}. Best is trial 3 with value: 838080.1872186124.
[I 2025-05-30 13:14:59,956] A new study created in memory with name: RandomForest_MIP_outer3
[I 2025-05-30 13:15:01,557] Trial 0 finished with value: 482563.2482749907 and parameters: {'max_depth': 10, 'n_estimators': 79}. Best is trial 0 with value: 482563.2482749907.
[I 2025-05-30 13:15:01,989] Trial 1 finished with value: 565630.5719088467 and parameters: {'max_depth': 2, 'n_estimators': 20}. Best is trial 0 with value: 482563.2482749907.
[I 2025-05-30 13:15:02,370] Trial 2 finished with value: 501125.7450423654 and parameters: {'max_depth': 10, 'n_estimators': 6}. Best is trial 0 with value: 482563.2482749907.
[I 2025-05-30 13:15:03,253] Trial 3 finished with value: 507902.69916970225 and parameters: {'max_depth': 6, 'n_estimators': 55}. Best is trial 0 with value: 482563.2482749907.
[I 2025-05-30 13:15:05,068] Trial 4 finished with value: 464668.7821312871 and parameters: {'max_depth': 12, 'n_estimators': 93}. Best is trial 4 with value: 464668.7821312871.
[I 2025-05-30 13:15:05,493] A new study created in memory with name: RandomForest_MIP_outer4
[I 2025-05-30 13:15:06,019] Trial 0 finished with value: 650588.1859457893 and parameters: {'max_depth': 7, 'n_estimators': 21}. Best is trial 0 with value: 650588.1859457893.
[I 2025-05-30 13:15:07,023] Trial 1 finished with value: 677511.3509012102 and parameters: {'max_depth': 4, 'n_estimators': 80}. Best is trial 0 with value: 650588.1859457893.
[I 2025-05-30 13:15:07,495] Trial 2 finished with value: 648021.6575380659 and parameters: {'max_depth': 4, 'n_estimators': 22}. Best is trial 2 with value: 648021.6575380659.
[I 2025-05-30 13:15:08,103] Trial 3 finished with value: 683698.3314361136 and parameters: {'max_depth': 10, 'n_estimators': 20}. Best is trial 2 with value: 648021.6575380659.
[I 2025-05-30 13:15:08,884] Trial 4 finished with value: 617108.7118075067 and parameters: {'max_depth': 2, 'n_estimators': 63}. Best is trial 4 with value: 617108.7118075067.
[I 2025-05-30 13:15:09,045] A new study created in memory with name: RandomForest_MIP_outer5
[I 2025-05-30 13:15:09,395] Trial 0 finished with value: 703094.5176161721 and parameters: {'max_depth': 2, 'n_estimators': 10}. Best is trial 0 with value: 703094.5176161721.
[I 2025-05-30 13:15:10,100] Trial 1 finished with value: 693666.6699699368 and parameters: {'max_depth': 2, 'n_estimators': 51}. Best is trial 1 with value: 693666.6699699368.
[I 2025-05-30 13:15:10,561] Trial 2 finished with value: 753260.2453626511 and parameters: {'max_depth': 11, 'n_estimators': 5}. Best is trial 1 with value: 693666.6699699368.
[I 2025-05-30 13:15:12,069] Trial 3 finished with value: 623712.4714458918 and parameters: {'max_depth': 7, 'n_estimators': 82}. Best is trial 3 with value: 623712.4714458918.
[I 2025-05-30 13:15:12,424] Trial 4 finished with value: 719748.5925307171 and parameters: {'max_depth': 2, 'n_estimators': 7}. Best is trial 3 with value: 623712.4714458918.
