[I 2025-05-30 13:13:22,513] A new study created in memory with name: RandomForest_Boston_outer1
[I 2025-05-30 13:13:22,798] Trial 0 finished with value: 21.93211118621434 and parameters: {'max_depth': 2, 'n_estimators': 10}. Best is trial 0 with value: 21.93211118621434.
[I 2025-05-30 13:13:23,675] Trial 1 finished with value: 15.590004399843583 and parameters: {'max_depth': 12, 'n_estimators': 66}. Best is trial 1 with value: 15.590004399843583.
[I 2025-05-30 13:13:23,950] Trial 2 finished with value: 17.26596426441222 and parameters: {'max_depth': 7, 'n_estimators': 8}. Best is trial 1 with value: 15.590004399843583.
[I 2025-05-30 13:13:25,079] Trial 3 finished with value: 15.60026804224296 and parameters: {'max_depth': 11, 'n_estimators': 92}. Best is trial 1 with value: 15.590004399843583.
[I 2025-05-30 13:13:25,987] Trial 4 finished with value: 21.547411484619992 and parameters: {'max_depth': 2, 'n_estimators': 69}. Best is trial 1 with value: 15.590004399843583.
[I 2025-05-30 13:13:26,164] A new study created in memory with name: RandomForest_Boston_outer2
[I 2025-05-30 13:13:26,511] Trial 0 finished with value: 18.874739434400926 and parameters: {'max_depth': 3, 'n_estimators': 18}. Best is trial 0 with value: 18.874739434400926.
[I 2025-05-30 13:13:26,784] Trial 1 finished with value: 17.379357535635773 and parameters: {'max_depth': 7, 'n_estimators': 10}. Best is trial 1 with value: 17.379357535635773.
[I 2025-05-30 13:13:27,301] Trial 2 finished with value: 15.09869820782663 and parameters: {'max_depth': 9, 'n_estimators': 35}. Best is trial 2 with value: 15.09869820782663.
[I 2025-05-30 13:13:27,575] Trial 3 finished with value: 16.882216320558662 and parameters: {'max_depth': 4, 'n_estimators': 8}. Best is trial 2 with value: 15.09869820782663.
[I 2025-05-30 13:13:28,496] Trial 4 finished with value: 14.712756730390556 and parameters: {'max_depth': 8, 'n_estimators': 70}. Best is trial 4 with value: 14.712756730390556.
[I 2025-05-30 13:13:28,674] A new study created in memory with name: RandomForest_Boston_outer3
[I 2025-05-30 13:13:29,023] Trial 0 finished with value: 13.369115358047083 and parameters: {'max_depth': 11, 'n_estimators': 15}. Best is trial 0 with value: 13.369115358047083.
[I 2025-05-30 13:13:29,266] Trial 1 finished with value: 17.313235359623818 and parameters: {'max_depth': 3, 'n_estimators': 5}. Best is trial 0 with value: 13.369115358047083.
[I 2025-05-30 13:13:29,614] Trial 2 finished with value: 15.31802268958614 and parameters: {'max_depth': 3, 'n_estimators': 15}. Best is trial 0 with value: 13.369115358047083.
[I 2025-05-30 13:13:30,027] Trial 3 finished with value: 11.904826378744614 and parameters: {'max_depth': 6, 'n_estimators': 22}. Best is trial 3 with value: 11.904826378744614.
[I 2025-05-30 13:13:30,707] Trial 4 finished with value: 18.29129718473758 and parameters: {'max_depth': 2, 'n_estimators': 52}. Best is trial 3 with value: 11.904826378744614.
[I 2025-05-30 13:13:30,789] A new study created in memory with name: RandomForest_Boston_outer4
[I 2025-05-30 13:13:31,768] Trial 0 finished with value: 17.417397598055693 and parameters: {'max_depth': 8, 'n_estimators': 77}. Best is trial 0 with value: 17.417397598055693.
[I 2025-05-30 13:13:32,088] Trial 1 finished with value: 20.15209352025122 and parameters: {'max_depth': 3, 'n_estimators': 12}. Best is trial 0 with value: 17.417397598055693.
[I 2025-05-30 13:13:33,086] Trial 2 finished with value: 21.17190143124779 and parameters: {'max_depth': 3, 'n_estimators': 78}. Best is trial 0 with value: 17.417397598055693.
[I 2025-05-30 13:13:33,343] Trial 3 finished with value: 28.534376468119813 and parameters: {'max_depth': 2, 'n_estimators': 5}. Best is trial 0 with value: 17.417397598055693.
[I 2025-05-30 13:13:33,601] Trial 4 finished with value: 21.42511030523611 and parameters: {'max_depth': 6, 'n_estimators': 5}. Best is trial 0 with value: 17.417397598055693.
[I 2025-05-30 13:13:33,797] A new study created in memory with name: RandomForest_Boston_outer5
[I 2025-05-30 13:13:34,067] Trial 0 finished with value: 24.06867171842539 and parameters: {'max_depth': 2, 'n_estimators': 6}. Best is trial 0 with value: 24.06867171842539.
[I 2025-05-30 13:13:34,485] Trial 1 finished with value: 16.589858187363877 and parameters: {'max_depth': 4, 'n_estimators': 21}. Best is trial 1 with value: 16.589858187363877.
[I 2025-05-30 13:13:34,765] Trial 2 finished with value: 16.48335871060489 and parameters: {'max_depth': 5, 'n_estimators': 10}. Best is trial 2 with value: 16.48335871060489.
[I 2025-05-30 13:13:35,425] Trial 3 finished with value: 15.88988631578943 and parameters: {'max_depth': 12, 'n_estimators': 46}. Best is trial 3 with value: 15.88988631578943.
[I 2025-05-30 13:13:35,698] Trial 4 finished with value: 20.293889296603037 and parameters: {'max_depth': 3, 'n_estimators': 8}. Best is trial 3 with value: 15.88988631578943.
[I 2025-05-30 13:13:40,451] A new study created in memory with name: RandomForest_Socmob_outer1
[I 2025-05-30 13:13:40,996] Trial 0 finished with value: 394.6352348421443 and parameters: {'max_depth': 12, 'n_estimators': 30}. Best is trial 0 with value: 394.6352348421443.
[I 2025-05-30 13:13:41,795] Trial 1 finished with value: 447.34655962557315 and parameters: {'max_depth': 6, 'n_estimators': 51}. Best is trial 0 with value: 394.6352348421443.
[I 2025-05-30 13:13:42,477] Trial 2 finished with value: 534.3405441516622 and parameters: {'max_depth': 3, 'n_estimators': 44}. Best is trial 0 with value: 394.6352348421443.
[I 2025-05-30 13:13:42,802] Trial 3 finished with value: 664.1615226696633 and parameters: {'max_depth': 3, 'n_estimators': 6}. Best is trial 0 with value: 394.6352348421443.
[I 2025-05-30 13:13:43,988] Trial 4 finished with value: 506.3979792472734 and parameters: {'max_depth': 4, 'n_estimators': 89}. Best is trial 0 with value: 394.6352348421443.
[I 2025-05-30 13:13:44,097] A new study created in memory with name: RandomForest_Socmob_outer2
[I 2025-05-30 13:13:44,433] Trial 0 finished with value: 504.4779868858565 and parameters: {'max_depth': 3, 'n_estimators': 9}. Best is trial 0 with value: 504.4779868858565.
[I 2025-05-30 13:13:44,898] Trial 1 finished with value: 599.76989863516 and parameters: {'max_depth': 5, 'n_estimators': 21}. Best is trial 0 with value: 504.4779868858565.
[I 2025-05-30 13:13:45,228] Trial 2 finished with value: 551.9649030603379 and parameters: {'max_depth': 12, 'n_estimators': 9}. Best is trial 0 with value: 504.4779868858565.
[I 2025-05-30 13:13:45,690] Trial 3 finished with value: 528.3198268252529 and parameters: {'max_depth': 3, 'n_estimators': 20}. Best is trial 0 with value: 504.4779868858565.
[I 2025-05-30 13:13:46,085] Trial 4 finished with value: 568.1315001790349 and parameters: {'max_depth': 4, 'n_estimators': 15}. Best is trial 0 with value: 504.4779868858565.
[I 2025-05-30 13:13:46,154] A new study created in memory with name: RandomForest_Socmob_outer3
[I 2025-05-30 13:13:46,495] Trial 0 finished with value: 696.8378627220648 and parameters: {'max_depth': 12, 'n_estimators': 9}. Best is trial 0 with value: 696.8378627220648.
[I 2025-05-30 13:13:46,813] Trial 1 finished with value: 724.6705250029896 and parameters: {'max_depth': 4, 'n_estimators': 5}. Best is trial 0 with value: 696.8378627220648.
[I 2025-05-30 13:13:47,515] Trial 2 finished with value: 764.9291548426022 and parameters: {'max_depth': 2, 'n_estimators': 47}. Best is trial 0 with value: 696.8378627220648.
[I 2025-05-30 13:13:47,971] Trial 3 finished with value: 743.39632551716 and parameters: {'max_depth': 3, 'n_estimators': 20}. Best is trial 0 with value: 696.8378627220648.
[I 2025-05-30 13:13:48,849] Trial 4 finished with value: 633.8798575997577 and parameters: {'max_depth': 7, 'n_estimators': 59}. Best is trial 4 with value: 633.8798575997577.
[I 2025-05-30 13:13:49,027] A new study created in memory with name: RandomForest_Socmob_outer4
[I 2025-05-30 13:13:49,503] Trial 0 finished with value: 377.70160354781444 and parameters: {'max_depth': 5, 'n_estimators': 20}. Best is trial 0 with value: 377.70160354781444.
[I 2025-05-30 13:13:49,827] Trial 1 finished with value: 382.0535932768215 and parameters: {'max_depth': 8, 'n_estimators': 7}. Best is trial 0 with value: 377.70160354781444.
[I 2025-05-30 13:13:50,297] Trial 2 finished with value: 376.689400675334 and parameters: {'max_depth': 6, 'n_estimators': 20}. Best is trial 2 with value: 376.689400675334.
[I 2025-05-30 13:13:50,702] Trial 3 finished with value: 613.0054451825079 and parameters: {'max_depth': 2, 'n_estimators': 15}. Best is trial 2 with value: 376.689400675334.
[I 2025-05-30 13:13:50,990] Trial 4 finished with value: 442.2175137930835 and parameters: {'max_depth': 3, 'n_estimators': 5}. Best is trial 2 with value: 376.689400675334.
[I 2025-05-30 13:13:51,077] A new study created in memory with name: RandomForest_Socmob_outer5
[I 2025-05-30 13:13:51,540] Trial 0 finished with value: 527.7611757869403 and parameters: {'max_depth': 11, 'n_estimators': 21}. Best is trial 0 with value: 527.7611757869403.
[I 2025-05-30 13:13:52,743] Trial 1 finished with value: 523.3988762923457 and parameters: {'max_depth': 6, 'n_estimators': 89}. Best is trial 1 with value: 523.3988762923457.
[I 2025-05-30 13:13:53,188] Trial 2 finished with value: 564.2801641968696 and parameters: {'max_depth': 11, 'n_estimators': 19}. Best is trial 1 with value: 523.3988762923457.
[I 2025-05-30 13:13:53,799] Trial 3 finished with value: 522.9909369206691 and parameters: {'max_depth': 6, 'n_estimators': 36}. Best is trial 3 with value: 522.9909369206691.
[I 2025-05-30 13:13:54,281] Trial 4 finished with value: 774.7925488376159 and parameters: {'max_depth': 2, 'n_estimators': 21}. Best is trial 3 with value: 522.9909369206691.
[I 2025-05-30 13:13:59,531] A new study created in memory with name: RandomForest_Sensory_outer1
[I 2025-05-30 13:14:00,067] Trial 0 finished with value: 0.6829423226738977 and parameters: {'max_depth': 7, 'n_estimators': 29}. Best is trial 0 with value: 0.6829423226738977.
[I 2025-05-30 13:14:00,385] Trial 1 finished with value: 0.7107320046549297 and parameters: {'max_depth': 5, 'n_estimators': 7}. Best is trial 0 with value: 0.6829423226738977.
[I 2025-05-30 13:14:00,962] Trial 2 finished with value: 0.6524549494894107 and parameters: {'max_depth': 6, 'n_estimators': 32}. Best is trial 2 with value: 0.6524549494894107.
[I 2025-05-30 13:14:01,372] Trial 3 finished with value: 0.6509857083666161 and parameters: {'max_depth': 5, 'n_estimators': 19}. Best is trial 3 with value: 0.6509857083666161.
[I 2025-05-30 13:14:01,694] Trial 4 finished with value: 0.7459959465110961 and parameters: {'max_depth': 2, 'n_estimators': 9}. Best is trial 3 with value: 0.6509857083666161.
[I 2025-05-30 13:14:01,774] A new study created in memory with name: RandomForest_Sensory_outer2
[I 2025-05-30 13:14:02,846] Trial 0 finished with value: 0.6335921479936193 and parameters: {'max_depth': 4, 'n_estimators': 78}. Best is trial 0 with value: 0.6335921479936193.
[I 2025-05-30 13:14:03,624] Trial 1 finished with value: 0.6515004854296551 and parameters: {'max_depth': 9, 'n_estimators': 52}. Best is trial 0 with value: 0.6335921479936193.
[I 2025-05-30 13:14:03,928] Trial 2 finished with value: 0.7941776332809116 and parameters: {'max_depth': 8, 'n_estimators': 5}. Best is trial 0 with value: 0.6335921479936193.
[I 2025-05-30 13:14:04,274] Trial 3 finished with value: 0.7316578948002727 and parameters: {'max_depth': 10, 'n_estimators': 11}. Best is trial 0 with value: 0.6335921479936193.
[I 2025-05-30 13:14:04,800] Trial 4 finished with value: 0.6620864630491345 and parameters: {'max_depth': 2, 'n_estimators': 29}. Best is trial 0 with value: 0.6335921479936193.
[I 2025-05-30 13:14:05,005] A new study created in memory with name: RandomForest_Sensory_outer3
[I 2025-05-30 13:14:05,342] Trial 0 finished with value: 0.6756660188292474 and parameters: {'max_depth': 8, 'n_estimators': 10}. Best is trial 0 with value: 0.6756660188292474.
[I 2025-05-30 13:14:06,127] Trial 1 finished with value: 0.5914303607308136 and parameters: {'max_depth': 3, 'n_estimators': 55}. Best is trial 1 with value: 0.5914303607308136.
[I 2025-05-30 13:14:06,533] Trial 2 finished with value: 0.568701541101554 and parameters: {'max_depth': 9, 'n_estimators': 18}. Best is trial 2 with value: 0.568701541101554.
[I 2025-05-30 13:14:06,981] Trial 3 finished with value: 0.6324683521942559 and parameters: {'max_depth': 9, 'n_estimators': 20}. Best is trial 2 with value: 0.568701541101554.
[I 2025-05-30 13:14:07,389] Trial 4 finished with value: 0.6035186108371768 and parameters: {'max_depth': 2, 'n_estimators': 17}. Best is trial 2 with value: 0.568701541101554.
[I 2025-05-30 13:14:07,471] A new study created in memory with name: RandomForest_Sensory_outer4
[I 2025-05-30 13:14:08,299] Trial 0 finished with value: 0.5387706412117719 and parameters: {'max_depth': 6, 'n_estimators': 57}. Best is trial 0 with value: 0.5387706412117719.
[I 2025-05-30 13:14:09,432] Trial 1 finished with value: 0.5458666051492921 and parameters: {'max_depth': 9, 'n_estimators': 90}. Best is trial 0 with value: 0.5387706412117719.
[I 2025-05-30 13:14:09,947] Trial 2 finished with value: 0.5858193774731687 and parameters: {'max_depth': 2, 'n_estimators': 27}. Best is trial 0 with value: 0.5387706412117719.
[I 2025-05-30 13:14:10,274] Trial 3 finished with value: 0.5949367367801764 and parameters: {'max_depth': 2, 'n_estimators': 9}. Best is trial 0 with value: 0.5387706412117719.
[I 2025-05-30 13:14:10,593] Trial 4 finished with value: 0.5890747525714517 and parameters: {'max_depth': 7, 'n_estimators': 9}. Best is trial 0 with value: 0.5387706412117719.
[I 2025-05-30 13:14:10,762] A new study created in memory with name: RandomForest_Sensory_outer5
[I 2025-05-30 13:14:11,884] Trial 0 finished with value: 0.6380845684966003 and parameters: {'max_depth': 3, 'n_estimators': 84}. Best is trial 0 with value: 0.6380845684966003.
[I 2025-05-30 13:14:12,352] Trial 1 finished with value: 0.6602207579329226 and parameters: {'max_depth': 3, 'n_estimators': 22}. Best is trial 0 with value: 0.6380845684966003.
[I 2025-05-30 13:14:12,722] Trial 2 finished with value: 0.6601733015165336 and parameters: {'max_depth': 6, 'n_estimators': 13}. Best is trial 0 with value: 0.6380845684966003.
[I 2025-05-30 13:14:13,071] Trial 3 finished with value: 0.6576327748384097 and parameters: {'max_depth': 2, 'n_estimators': 12}. Best is trial 0 with value: 0.6380845684966003.
[I 2025-05-30 13:14:13,412] Trial 4 finished with value: 0.6768341930904913 and parameters: {'max_depth': 2, 'n_estimators': 11}. Best is trial 0 with value: 0.6380845684966003.
[I 2025-05-30 13:14:19,164] A new study created in memory with name: RandomForest_Moneyball_outer1
[I 2025-05-30 13:14:19,696] Trial 0 finished with value: 698.8037867848415 and parameters: {'max_depth': 7, 'n_estimators': 27}. Best is trial 0 with value: 698.8037867848415.
[I 2025-05-30 13:14:20,165] Trial 1 finished with value: 666.1680336208401 and parameters: {'max_depth': 10, 'n_estimators': 17}. Best is trial 1 with value: 666.1680336208401.
[I 2025-05-30 13:14:20,547] Trial 2 finished with value: 876.595491166671 and parameters: {'max_depth': 3, 'n_estimators': 12}. Best is trial 1 with value: 666.1680336208401.
[I 2025-05-30 13:14:21,203] Trial 3 finished with value: 657.9978380868237 and parameters: {'max_depth': 8, 'n_estimators': 40}. Best is trial 3 with value: 657.9978380868237.
[I 2025-05-30 13:14:22,042] Trial 4 finished with value: 883.4487108005009 and parameters: {'max_depth': 3, 'n_estimators': 56}. Best is trial 3 with value: 657.9978380868237.
[I 2025-05-30 13:14:22,177] A new study created in memory with name: RandomForest_Moneyball_outer2
[I 2025-05-30 13:14:22,978] Trial 0 finished with value: 1390.5704520460536 and parameters: {'max_depth': 2, 'n_estimators': 57}. Best is trial 0 with value: 1390.5704520460536.
[I 2025-05-30 13:14:23,359] Trial 1 finished with value: 1022.8388752032986 and parameters: {'max_depth': 3, 'n_estimators': 12}. Best is trial 1 with value: 1022.8388752032986.
[I 2025-05-30 13:14:23,750] Trial 2 finished with value: 1411.0447863635504 and parameters: {'max_depth': 2, 'n_estimators': 13}. Best is trial 1 with value: 1022.8388752032986.
[I 2025-05-30 13:14:24,153] Trial 3 finished with value: 968.2601328535518 and parameters: {'max_depth': 3, 'n_estimators': 13}. Best is trial 3 with value: 968.2601328535518.
[I 2025-05-30 13:14:24,483] Trial 4 finished with value: 828.5744720359359 and parameters: {'max_depth': 5, 'n_estimators': 5}. Best is trial 4 with value: 828.5744720359359.
[I 2025-05-30 13:14:24,548] A new study created in memory with name: RandomForest_Moneyball_outer3
[I 2025-05-30 13:14:24,887] Trial 0 finished with value: 1665.576652933633 and parameters: {'max_depth': 2, 'n_estimators': 8}. Best is trial 0 with value: 1665.576652933633.
[I 2025-05-30 13:14:26,082] Trial 1 finished with value: 712.2804997238898 and parameters: {'max_depth': 7, 'n_estimators': 89}. Best is trial 1 with value: 712.2804997238898.
[I 2025-05-30 13:14:26,802] Trial 2 finished with value: 998.1915703426694 and parameters: {'max_depth': 3, 'n_estimators': 48}. Best is trial 1 with value: 712.2804997238898.
[I 2025-05-30 13:14:27,185] Trial 3 finished with value: 761.7928062870731 and parameters: {'max_depth': 8, 'n_estimators': 11}. Best is trial 1 with value: 712.2804997238898.
[I 2025-05-30 13:14:27,523] Trial 4 finished with value: 1073.2507546297438 and parameters: {'max_depth': 3, 'n_estimators': 7}. Best is trial 1 with value: 712.2804997238898.
[I 2025-05-30 13:14:27,772] A new study created in memory with name: RandomForest_Moneyball_outer4
[I 2025-05-30 13:14:28,877] Trial 0 finished with value: 724.1349477018673 and parameters: {'max_depth': 9, 'n_estimators': 78}. Best is trial 0 with value: 724.1349477018673.
[I 2025-05-30 13:14:29,224] Trial 1 finished with value: 1426.5038242625674 and parameters: {'max_depth': 2, 'n_estimators': 10}. Best is trial 0 with value: 724.1349477018673.
[I 2025-05-30 13:14:29,773] Trial 2 finished with value: 1367.1648291936285 and parameters: {'max_depth': 2, 'n_estimators': 31}. Best is trial 0 with value: 724.1349477018673.
[I 2025-05-30 13:14:30,927] Trial 3 finished with value: 818.498768861639 and parameters: {'max_depth': 4, 'n_estimators': 88}. Best is trial 0 with value: 724.1349477018673.
[I 2025-05-30 13:14:31,397] Trial 4 finished with value: 760.0857761074121 and parameters: {'max_depth': 11, 'n_estimators': 18}. Best is trial 0 with value: 724.1349477018673.
[I 2025-05-30 13:14:31,631] A new study created in memory with name: RandomForest_Moneyball_outer5
[I 2025-05-30 13:14:32,644] Trial 0 finished with value: 987.4662759323488 and parameters: {'max_depth': 3, 'n_estimators': 74}. Best is trial 0 with value: 987.4662759323488.
[I 2025-05-30 13:14:33,206] Trial 1 finished with value: 862.6865994487013 and parameters: {'max_depth': 4, 'n_estimators': 31}. Best is trial 1 with value: 862.6865994487013.
[I 2025-05-30 13:14:33,973] Trial 2 finished with value: 995.2850068727197 and parameters: {'max_depth': 3, 'n_estimators': 49}. Best is trial 1 with value: 862.6865994487013.
[I 2025-05-30 13:14:34,499] Trial 3 finished with value: 771.1730304596842 and parameters: {'max_depth': 7, 'n_estimators': 25}. Best is trial 3 with value: 771.1730304596842.
[I 2025-05-30 13:14:34,907] Trial 4 finished with value: 804.6990960135902 and parameters: {'max_depth': 12, 'n_estimators': 14}. Best is trial 3 with value: 771.1730304596842.
[I 2025-05-30 13:14:40,053] A new study created in memory with name: RandomForest_Black_Friday_outer1
[I 2025-05-30 13:15:01,386] Trial 0 finished with value: 13624033.085745161 and parameters: {'max_depth': 5, 'n_estimators': 51}. Best is trial 0 with value: 13624033.085745161.
[I 2025-05-30 13:15:20,071] Trial 1 finished with value: 13639789.109781062 and parameters: {'max_depth': 5, 'n_estimators': 22}. Best is trial 0 with value: 13624033.085745161.
[I 2025-05-30 13:15:42,506] Trial 2 finished with value: 13310818.88014822 and parameters: {'max_depth': 6, 'n_estimators': 55}. Best is trial 2 with value: 13310818.88014822.
[I 2025-05-30 13:15:59,381] Trial 3 finished with value: 15830467.753057014 and parameters: {'max_depth': 3, 'n_estimators': 6}. Best is trial 2 with value: 13310818.88014822.
[I 2025-05-30 13:16:18,922] Trial 4 finished with value: 12596582.195058081 and parameters: {'max_depth': 11, 'n_estimators': 24}. Best is trial 4 with value: 12596582.195058081.
[I 2025-05-30 13:16:23,791] A new study created in memory with name: RandomForest_Black_Friday_outer2
[I 2025-05-30 13:16:44,198] Trial 0 finished with value: 17751131.92187366 and parameters: {'max_depth': 2, 'n_estimators': 96}. Best is trial 0 with value: 17751131.92187366.
[I 2025-05-30 13:17:04,827] Trial 1 finished with value: 17750102.781777143 and parameters: {'max_depth': 2, 'n_estimators': 83}. Best is trial 1 with value: 17750102.781777143.
[I 2025-05-30 13:17:22,120] Trial 2 finished with value: 13553466.892635271 and parameters: {'max_depth': 5, 'n_estimators': 15}. Best is trial 2 with value: 13553466.892635271.
[I 2025-05-30 13:17:39,593] Trial 3 finished with value: 12862237.50864307 and parameters: {'max_depth': 7, 'n_estimators': 9}. Best is trial 3 with value: 12862237.50864307.
[I 2025-05-30 13:17:55,696] Trial 4 finished with value: 17778505.708723802 and parameters: {'max_depth': 2, 'n_estimators': 5}. Best is trial 3 with value: 12862237.50864307.
[I 2025-05-30 13:18:00,018] A new study created in memory with name: RandomForest_Black_Friday_outer3
[I 2025-05-30 13:18:19,480] Trial 0 finished with value: 12561727.733764164 and parameters: {'max_depth': 10, 'n_estimators': 22}. Best is trial 0 with value: 12561727.733764164.
[I 2025-05-30 13:18:36,495] Trial 1 finished with value: 13209710.222386856 and parameters: {'max_depth': 6, 'n_estimators': 9}. Best is trial 0 with value: 12561727.733764164.
[I 2025-05-30 13:18:52,821] Trial 2 finished with value: 17871277.37315387 and parameters: {'max_depth': 2, 'n_estimators': 9}. Best is trial 0 with value: 12561727.733764164.
[I 2025-05-30 13:19:10,029] Trial 3 finished with value: 16074193.76557308 and parameters: {'max_depth': 3, 'n_estimators': 24}. Best is trial 0 with value: 12561727.733764164.
[I 2025-05-30 13:19:27,948] Trial 4 finished with value: 12570224.249476176 and parameters: {'max_depth': 10, 'n_estimators': 13}. Best is trial 0 with value: 12561727.733764164.
[I 2025-05-30 13:19:33,024] A new study created in memory with name: RandomForest_Black_Friday_outer4
[I 2025-05-30 13:19:49,913] Trial 0 finished with value: 13333991.250702988 and parameters: {'max_depth': 6, 'n_estimators': 5}. Best is trial 0 with value: 13333991.250702988.
[I 2025-05-30 13:20:06,212] Trial 1 finished with value: 15918655.710058844 and parameters: {'max_depth': 3, 'n_estimators': 9}. Best is trial 0 with value: 13333991.250702988.
[I 2025-05-30 13:20:35,461] Trial 2 finished with value: 12604563.565609459 and parameters: {'max_depth': 10, 'n_estimators': 91}. Best is trial 2 with value: 12604563.565609459.
[I 2025-05-30 13:20:57,396] Trial 3 finished with value: 13016734.99958276 and parameters: {'max_depth': 7, 'n_estimators': 44}. Best is trial 2 with value: 12604563.565609459.
[I 2025-05-30 13:21:16,954] Trial 4 finished with value: 17714497.726369187 and parameters: {'max_depth': 2, 'n_estimators': 75}. Best is trial 2 with value: 12604563.565609459.
[I 2025-05-30 13:21:23,981] A new study created in memory with name: RandomForest_Black_Friday_outer5
[I 2025-05-30 13:21:42,316] Trial 0 finished with value: 17821816.91147486 and parameters: {'max_depth': 2, 'n_estimators': 58}. Best is trial 0 with value: 17821816.91147486.
[I 2025-05-30 13:22:05,046] Trial 1 finished with value: 13356580.053631434 and parameters: {'max_depth': 6, 'n_estimators': 68}. Best is trial 1 with value: 13356580.053631434.
[I 2025-05-30 13:22:22,397] Trial 2 finished with value: 17824332.2875643 and parameters: {'max_depth': 2, 'n_estimators': 7}. Best is trial 1 with value: 13356580.053631434.
[I 2025-05-30 13:22:41,061] Trial 3 finished with value: 12725354.917853484 and parameters: {'max_depth': 12, 'n_estimators': 12}. Best is trial 3 with value: 12725354.917853484.
[I 2025-05-30 13:23:00,663] Trial 4 finished with value: 17820862.200633906 and parameters: {'max_depth': 2, 'n_estimators': 75}. Best is trial 3 with value: 12725354.917853484.
