[I 2025-05-30 13:13:30,124] A new study created in memory with name: RandomForest_Diamonds_outer1
[I 2025-05-30 13:13:30,990] Trial 0 finished with value: 492157.8503524106 and parameters: {'max_depth': 7, 'n_estimators': 8}. Best is trial 0 with value: 492157.8503524106.
[I 2025-05-30 13:13:31,996] Trial 1 finished with value: 407611.0849803056 and parameters: {'max_depth': 8, 'n_estimators': 11}. Best is trial 1 with value: 407611.0849803056.
[I 2025-05-30 13:13:33,414] Trial 2 finished with value: 2571108.8395500258 and parameters: {'max_depth': 2, 'n_estimators': 69}. Best is trial 1 with value: 407611.0849803056.
[I 2025-05-30 13:13:34,152] Trial 3 finished with value: 1222120.0830990975 and parameters: {'max_depth': 4, 'n_estimators': 6}. Best is trial 1 with value: 407611.0849803056.
[I 2025-05-30 13:13:35,301] Trial 4 finished with value: 608060.6288851114 and parameters: {'max_depth': 6, 'n_estimators': 23}. Best is trial 1 with value: 407611.0849803056.
[I 2025-05-30 13:13:35,557] A new study created in memory with name: RandomForest_Diamonds_outer2
[I 2025-05-30 13:13:36,411] Trial 0 finished with value: 402412.7162336074 and parameters: {'max_depth': 9, 'n_estimators': 5}. Best is trial 0 with value: 402412.7162336074.
[I 2025-05-30 13:13:38,076] Trial 1 finished with value: 2532512.1978066266 and parameters: {'max_depth': 2, 'n_estimators': 99}. Best is trial 0 with value: 402412.7162336074.
[I 2025-05-30 13:13:38,830] Trial 2 finished with value: 2443659.992182826 and parameters: {'max_depth': 2, 'n_estimators': 17}. Best is trial 0 with value: 402412.7162336074.
[I 2025-05-30 13:13:41,111] Trial 3 finished with value: 610624.4408511309 and parameters: {'max_depth': 6, 'n_estimators': 76}. Best is trial 0 with value: 402412.7162336074.
[I 2025-05-30 13:13:41,796] Trial 4 finished with value: 1167377.592181997 and parameters: {'max_depth': 4, 'n_estimators': 7}. Best is trial 0 with value: 402412.7162336074.
[I 2025-05-30 13:13:41,996] A new study created in memory with name: RandomForest_Diamonds_outer3
[I 2025-05-30 13:13:42,609] Trial 0 finished with value: 1686479.7979004662 and parameters: {'max_depth': 3, 'n_estimators': 5}. Best is trial 0 with value: 1686479.7979004662.
[I 2025-05-30 13:13:44,317] Trial 1 finished with value: 335141.7331549538 and parameters: {'max_depth': 10, 'n_estimators': 28}. Best is trial 1 with value: 335141.7331549538.
[I 2025-05-30 13:13:46,313] Trial 2 finished with value: 1139971.2829535333 and parameters: {'max_depth': 4, 'n_estimators': 82}. Best is trial 1 with value: 335141.7331549538.
[I 2025-05-30 13:13:47,113] Trial 3 finished with value: 1165349.7550036707 and parameters: {'max_depth': 4, 'n_estimators': 15}. Best is trial 1 with value: 335141.7331549538.
[I 2025-05-30 13:13:47,750] Trial 4 finished with value: 2631454.1258350806 and parameters: {'max_depth': 2, 'n_estimators': 6}. Best is trial 1 with value: 335141.7331549538.
[I 2025-05-30 13:13:48,153] A new study created in memory with name: RandomForest_Diamonds_outer4
[I 2025-05-30 13:13:49,033] Trial 0 finished with value: 610012.7128688811 and parameters: {'max_depth': 6, 'n_estimators': 13}. Best is trial 0 with value: 610012.7128688811.
[I 2025-05-30 13:13:49,755] Trial 1 finished with value: 2335974.069625926 and parameters: {'max_depth': 2, 'n_estimators': 16}. Best is trial 0 with value: 610012.7128688811.
[I 2025-05-30 13:13:50,803] Trial 2 finished with value: 2452224.2961541107 and parameters: {'max_depth': 2, 'n_estimators': 44}. Best is trial 0 with value: 610012.7128688811.
[I 2025-05-30 13:13:51,619] Trial 3 finished with value: 2491411.657168053 and parameters: {'max_depth': 2, 'n_estimators': 24}. Best is trial 0 with value: 610012.7128688811.
[I 2025-05-30 13:13:52,684] Trial 4 finished with value: 2469436.6766389436 and parameters: {'max_depth': 2, 'n_estimators': 44}. Best is trial 0 with value: 610012.7128688811.
[I 2025-05-30 13:13:52,891] A new study created in memory with name: RandomForest_Diamonds_outer5
[I 2025-05-30 13:13:53,618] Trial 0 finished with value: 676969.826036796 and parameters: {'max_depth': 6, 'n_estimators': 7}. Best is trial 0 with value: 676969.826036796.
[I 2025-05-30 13:13:54,627] Trial 1 finished with value: 2611241.8434855915 and parameters: {'max_depth': 2, 'n_estimators': 41}. Best is trial 0 with value: 676969.826036796.
[I 2025-05-30 13:13:56,610] Trial 2 finished with value: 827047.6242722975 and parameters: {'max_depth': 5, 'n_estimators': 73}. Best is trial 0 with value: 676969.826036796.
[I 2025-05-30 13:13:58,210] Trial 3 finished with value: 356199.34225056163 and parameters: {'max_depth': 12, 'n_estimators': 23}. Best is trial 3 with value: 356199.34225056163.
[I 2025-05-30 13:13:59,418] Trial 4 finished with value: 1679112.2584275242 and parameters: {'max_depth': 3, 'n_estimators': 49}. Best is trial 3 with value: 356199.34225056163.
[I 2025-05-30 13:14:04,596] A new study created in memory with name: RandomForest_House_Prices_Nominal_outer1
[I 2025-05-30 13:14:05,120] Trial 0 finished with value: 2472924876.7450604 and parameters: {'max_depth': 2, 'n_estimators': 15}. Best is trial 0 with value: 2472924876.7450604.
[I 2025-05-30 13:14:05,721] Trial 1 finished with value: 2571845027.960957 and parameters: {'max_depth': 2, 'n_estimators': 24}. Best is trial 0 with value: 2472924876.7450604.
[I 2025-05-30 13:14:06,236] Trial 2 finished with value: 1391218785.3413243 and parameters: {'max_depth': 8, 'n_estimators': 8}. Best is trial 2 with value: 1391218785.3413243.
[I 2025-05-30 13:14:07,343] Trial 3 finished with value: 1307820795.0469928 and parameters: {'max_depth': 7, 'n_estimators': 53}. Best is trial 3 with value: 1307820795.0469928.
[I 2025-05-30 13:14:07,846] Trial 4 finished with value: 1292005521.010409 and parameters: {'max_depth': 7, 'n_estimators': 7}. Best is trial 4 with value: 1292005521.010409.
[I 2025-05-30 13:14:07,952] A new study created in memory with name: RandomForest_House_Prices_Nominal_outer2
[I 2025-05-30 13:14:08,473] Trial 0 finished with value: 2816202024.309795 and parameters: {'max_depth': 2, 'n_estimators': 14}. Best is trial 0 with value: 2816202024.309795.
[I 2025-05-30 13:14:09,058] Trial 1 finished with value: 1839153500.3823314 and parameters: {'max_depth': 6, 'n_estimators': 17}. Best is trial 1 with value: 1839153500.3823314.
[I 2025-05-30 13:14:09,655] Trial 2 finished with value: 2313294206.675405 and parameters: {'max_depth': 3, 'n_estimators': 24}. Best is trial 1 with value: 1839153500.3823314.
[I 2025-05-30 13:14:10,168] Trial 3 finished with value: 2683334463.636607 and parameters: {'max_depth': 2, 'n_estimators': 12}. Best is trial 1 with value: 1839153500.3823314.
[I 2025-05-30 13:14:10,890] Trial 4 finished with value: 2214880671.244523 and parameters: {'max_depth': 3, 'n_estimators': 38}. Best is trial 1 with value: 1839153500.3823314.
[I 2025-05-30 13:14:11,026] A new study created in memory with name: RandomForest_House_Prices_Nominal_outer3
[I 2025-05-30 13:14:11,536] Trial 0 finished with value: 1527602778.719227 and parameters: {'max_depth': 7, 'n_estimators': 6}. Best is trial 0 with value: 1527602778.719227.
[I 2025-05-30 13:14:11,999] Trial 1 finished with value: 2452010804.8500757 and parameters: {'max_depth': 2, 'n_estimators': 9}. Best is trial 0 with value: 1527602778.719227.
[I 2025-05-30 13:14:12,584] Trial 2 finished with value: 1598647595.0163102 and parameters: {'max_depth': 6, 'n_estimators': 14}. Best is trial 0 with value: 1527602778.719227.
[I 2025-05-30 13:14:13,131] Trial 3 finished with value: 2545768000.828719 and parameters: {'max_depth': 2, 'n_estimators': 19}. Best is trial 0 with value: 1527602778.719227.
[I 2025-05-30 13:14:13,570] Trial 4 finished with value: 2214045703.5644026 and parameters: {'max_depth': 4, 'n_estimators': 5}. Best is trial 0 with value: 1527602778.719227.
[I 2025-05-30 13:14:13,674] A new study created in memory with name: RandomForest_House_Prices_Nominal_outer4
[I 2025-05-30 13:14:14,866] Trial 0 finished with value: 1573618663.3862333 and parameters: {'max_depth': 11, 'n_estimators': 47}. Best is trial 0 with value: 1573618663.3862333.
[I 2025-05-30 13:14:15,459] Trial 1 finished with value: 1663355722.3478363 and parameters: {'max_depth': 10, 'n_estimators': 11}. Best is trial 0 with value: 1573618663.3862333.
[I 2025-05-30 13:14:15,915] Trial 2 finished with value: 2602922490.3960905 and parameters: {'max_depth': 2, 'n_estimators': 6}. Best is trial 0 with value: 1573618663.3862333.
[I 2025-05-30 13:14:16,893] Trial 3 finished with value: 2569276147.2851367 and parameters: {'max_depth': 2, 'n_estimators': 65}. Best is trial 0 with value: 1573618663.3862333.
[I 2025-05-30 13:14:17,651] Trial 4 finished with value: 2639257040.3265967 and parameters: {'max_depth': 2, 'n_estimators': 43}. Best is trial 0 with value: 1573618663.3862333.
[I 2025-05-30 13:14:17,917] A new study created in memory with name: RandomForest_House_Prices_Nominal_outer5
[I 2025-05-30 13:14:18,898] Trial 0 finished with value: 2141226981.5521927 and parameters: {'max_depth': 2, 'n_estimators': 63}. Best is trial 0 with value: 2141226981.5521927.
[I 2025-05-30 13:14:19,634] Trial 1 finished with value: 1387520393.1955848 and parameters: {'max_depth': 12, 'n_estimators': 18}. Best is trial 1 with value: 1387520393.1955848.
[I 2025-05-30 13:14:20,225] Trial 2 finished with value: 1272663855.899324 and parameters: {'max_depth': 10, 'n_estimators': 10}. Best is trial 2 with value: 1272663855.899324.
[I 2025-05-30 13:14:21,280] Trial 3 finished with value: 1202078417.3901768 and parameters: {'max_depth': 12, 'n_estimators': 39}. Best is trial 3 with value: 1202078417.3901768.
[I 2025-05-30 13:14:21,894] Trial 4 finished with value: 1552666822.8401313 and parameters: {'max_depth': 12, 'n_estimators': 11}. Best is trial 3 with value: 1202078417.3901768.
[I 2025-05-30 13:14:26,929] A new study created in memory with name: RandomForest_Mercedes_Benz_outer1
[I 2025-05-30 13:14:29,639] Trial 0 finished with value: 75.62806053883595 and parameters: {'max_depth': 9, 'n_estimators': 58}. Best is trial 0 with value: 75.62806053883595.
[I 2025-05-30 13:14:31,178] Trial 1 finished with value: 77.36925185391542 and parameters: {'max_depth': 2, 'n_estimators': 7}. Best is trial 0 with value: 75.62806053883595.
[I 2025-05-30 13:14:33,248] Trial 2 finished with value: 76.84395768051002 and parameters: {'max_depth': 2, 'n_estimators': 60}. Best is trial 0 with value: 75.62806053883595.
[I 2025-05-30 13:14:35,631] Trial 3 finished with value: 75.08547410468829 and parameters: {'max_depth': 8, 'n_estimators': 50}. Best is trial 3 with value: 75.08547410468829.
[I 2025-05-30 13:14:37,255] Trial 4 finished with value: 71.45642678687548 and parameters: {'max_depth': 3, 'n_estimators': 20}. Best is trial 4 with value: 71.45642678687548.
[I 2025-05-30 13:14:37,631] A new study created in memory with name: RandomForest_Mercedes_Benz_outer2
[I 2025-05-30 13:14:39,667] Trial 0 finished with value: 74.7768831322524 and parameters: {'max_depth': 5, 'n_estimators': 44}. Best is trial 0 with value: 74.7768831322524.
[I 2025-05-30 13:14:41,250] Trial 1 finished with value: 73.56526320432917 and parameters: {'max_depth': 3, 'n_estimators': 6}. Best is trial 1 with value: 73.56526320432917.
[I 2025-05-30 13:14:42,824] Trial 2 finished with value: 76.83511057833893 and parameters: {'max_depth': 5, 'n_estimators': 8}. Best is trial 1 with value: 73.56526320432917.
[I 2025-05-30 13:14:44,603] Trial 3 finished with value: 73.81125317636096 and parameters: {'max_depth': 3, 'n_estimators': 19}. Best is trial 1 with value: 73.56526320432917.
[I 2025-05-30 13:14:46,166] Trial 4 finished with value: 81.31833344987106 and parameters: {'max_depth': 2, 'n_estimators': 7}. Best is trial 1 with value: 73.56526320432917.
[I 2025-05-30 13:14:46,539] A new study created in memory with name: RandomForest_Mercedes_Benz_outer3
[I 2025-05-30 13:14:48,104] Trial 0 finished with value: 67.59245247378263 and parameters: {'max_depth': 2, 'n_estimators': 5}. Best is trial 0 with value: 67.59245247378263.
[I 2025-05-30 13:14:49,780] Trial 1 finished with value: 63.858929014705 and parameters: {'max_depth': 3, 'n_estimators': 12}. Best is trial 1 with value: 63.858929014705.
[I 2025-05-30 13:14:51,353] Trial 2 finished with value: 70.26460468545494 and parameters: {'max_depth': 6, 'n_estimators': 5}. Best is trial 1 with value: 63.858929014705.
[I 2025-05-30 13:14:53,731] Trial 3 finished with value: 67.20357386193966 and parameters: {'max_depth': 11, 'n_estimators': 38}. Best is trial 1 with value: 63.858929014705.
[I 2025-05-30 13:14:55,468] Trial 4 finished with value: 67.19879068326827 and parameters: {'max_depth': 2, 'n_estimators': 40}. Best is trial 1 with value: 63.858929014705.
[I 2025-05-30 13:14:55,826] A new study created in memory with name: RandomForest_Mercedes_Benz_outer4
[I 2025-05-30 13:14:57,448] Trial 0 finished with value: 74.15937423409615 and parameters: {'max_depth': 2, 'n_estimators': 10}. Best is trial 0 with value: 74.15937423409615.
[I 2025-05-30 13:14:59,002] Trial 1 finished with value: 67.32508826939707 and parameters: {'max_depth': 3, 'n_estimators': 8}. Best is trial 1 with value: 67.32508826939707.
[I 2025-05-30 13:15:01,765] Trial 2 finished with value: 72.76453653441851 and parameters: {'max_depth': 12, 'n_estimators': 48}. Best is trial 1 with value: 67.32508826939707.
[I 2025-05-30 13:15:03,349] Trial 3 finished with value: 73.07487406143352 and parameters: {'max_depth': 9, 'n_estimators': 8}. Best is trial 1 with value: 67.32508826939707.
[I 2025-05-30 13:15:05,099] Trial 4 finished with value: 75.9956167444166 and parameters: {'max_depth': 11, 'n_estimators': 6}. Best is trial 1 with value: 67.32508826939707.
[I 2025-05-30 13:15:05,492] A new study created in memory with name: RandomForest_Mercedes_Benz_outer5
[I 2025-05-30 13:15:07,118] Trial 0 finished with value: 67.21676556537359 and parameters: {'max_depth': 3, 'n_estimators': 9}. Best is trial 0 with value: 67.21676556537359.
[I 2025-05-30 13:15:09,295] Trial 1 finished with value: 67.23803618626823 and parameters: {'max_depth': 4, 'n_estimators': 46}. Best is trial 0 with value: 67.21676556537359.
[I 2025-05-30 13:15:11,062] Trial 2 finished with value: 71.68433726452156 and parameters: {'max_depth': 8, 'n_estimators': 17}. Best is trial 0 with value: 67.21676556537359.
[I 2025-05-30 13:15:12,661] Trial 3 finished with value: 67.14832566740975 and parameters: {'max_depth': 5, 'n_estimators': 10}. Best is trial 3 with value: 67.14832566740975.
[I 2025-05-30 13:15:14,336] Trial 4 finished with value: 71.01590835537809 and parameters: {'max_depth': 9, 'n_estimators': 6}. Best is trial 3 with value: 67.14832566740975.
[I 2025-05-30 13:15:28,342] A new study created in memory with name: RandomForest_Allstate_Claims_outer1
[I 2025-05-30 13:22:25,079] Trial 0 finished with value: 5078376.649424618 and parameters: {'max_depth': 4, 'n_estimators': 12}. Best is trial 0 with value: 5078376.649424618.
[I 2025-05-30 13:31:29,446] Trial 1 finished with value: 4116070.876088108 and parameters: {'max_depth': 10, 'n_estimators': 41}. Best is trial 1 with value: 4116070.876088108.
[I 2025-05-30 13:39:06,745] Trial 2 finished with value: 4251106.325714087 and parameters: {'max_depth': 9, 'n_estimators': 22}. Best is trial 1 with value: 4116070.876088108.
[I 2025-05-30 13:46:41,167] Trial 3 finished with value: 4403427.367215321 and parameters: {'max_depth': 8, 'n_estimators': 11}. Best is trial 1 with value: 4116070.876088108.
[I 2025-05-30 13:53:16,206] Trial 4 finished with value: 5466119.585792954 and parameters: {'max_depth': 3, 'n_estimators': 10}. Best is trial 1 with value: 4116070.876088108.
[I 2025-05-30 13:55:36,814] A new study created in memory with name: RandomForest_Allstate_Claims_outer2
[I 2025-05-30 14:04:25,128] Trial 0 finished with value: 4136293.22338638 and parameters: {'max_depth': 9, 'n_estimators': 42}. Best is trial 0 with value: 4136293.22338638.
[I 2025-05-30 14:11:11,089] Trial 1 finished with value: 5363575.477026279 and parameters: {'max_depth': 3, 'n_estimators': 20}. Best is trial 0 with value: 4136293.22338638.
[I 2025-05-30 14:19:10,142] Trial 2 finished with value: 5782709.9616000885 and parameters: {'max_depth': 2, 'n_estimators': 98}. Best is trial 0 with value: 4136293.22338638.
[I 2025-05-30 14:28:42,345] Trial 3 finished with value: 4761734.9941042615 and parameters: {'max_depth': 5, 'n_estimators': 71}. Best is trial 0 with value: 4136293.22338638.
[I 2025-05-30 14:36:40,161] Trial 4 finished with value: 5381347.611486405 and parameters: {'max_depth': 3, 'n_estimators': 47}. Best is trial 0 with value: 4136293.22338638.
[I 2025-05-30 14:39:07,307] A new study created in memory with name: RandomForest_Allstate_Claims_outer3
[I 2025-05-30 14:47:02,793] Trial 0 finished with value: 4766008.448166573 and parameters: {'max_depth': 6, 'n_estimators': 25}. Best is trial 0 with value: 4766008.448166573.
[I 2025-05-30 14:54:10,268] Trial 1 finished with value: 5971992.105989141 and parameters: {'max_depth': 2, 'n_estimators': 29}. Best is trial 0 with value: 4766008.448166573.
[I 2025-05-30 15:00:55,998] Trial 2 finished with value: 5958955.584349436 and parameters: {'max_depth': 2, 'n_estimators': 10}. Best is trial 0 with value: 4766008.448166573.
[I 2025-05-30 15:07:34,686] Trial 3 finished with value: 6012770.284810509 and parameters: {'max_depth': 2, 'n_estimators': 5}. Best is trial 0 with value: 4766008.448166573.
[I 2025-05-30 15:14:40,166] Trial 4 finished with value: 4777213.438987867 and parameters: {'max_depth': 6, 'n_estimators': 9}. Best is trial 0 with value: 4766008.448166573.
[I 2025-05-30 15:16:40,165] A new study created in memory with name: RandomForest_Allstate_Claims_outer4
[I 2025-05-30 15:24:50,442] Trial 0 finished with value: 4392314.93944517 and parameters: {'max_depth': 8, 'n_estimators': 25}. Best is trial 0 with value: 4392314.93944517.
[I 2025-05-30 15:34:46,115] Trial 1 finished with value: 4527997.239561357 and parameters: {'max_depth': 7, 'n_estimators': 58}. Best is trial 0 with value: 4392314.93944517.
[I 2025-05-30 15:44:03,808] Trial 2 finished with value: 4214624.52184326 and parameters: {'max_depth': 10, 'n_estimators': 39}. Best is trial 2 with value: 4214624.52184326.
[I 2025-05-30 15:54:10,333] Trial 3 finished with value: 4301454.818093273 and parameters: {'max_depth': 9, 'n_estimators': 53}. Best is trial 2 with value: 4214624.52184326.
[I 2025-05-30 16:03:44,375] Trial 4 finished with value: 4511386.621210294 and parameters: {'max_depth': 7, 'n_estimators': 51}. Best is trial 2 with value: 4214624.52184326.
[I 2025-05-30 16:06:21,036] A new study created in memory with name: RandomForest_Allstate_Claims_outer5
[I 2025-05-30 16:14:10,031] Trial 0 finished with value: 4426565.28854253 and parameters: {'max_depth': 6, 'n_estimators': 15}. Best is trial 0 with value: 4426565.28854253.
[I 2025-05-30 16:23:01,029] Trial 1 finished with value: 5120071.094059356 and parameters: {'max_depth': 3, 'n_estimators': 77}. Best is trial 0 with value: 4426565.28854253.
[I 2025-05-30 16:30:17,833] Trial 2 finished with value: 5119491.410122984 and parameters: {'max_depth': 3, 'n_estimators': 20}. Best is trial 0 with value: 4426565.28854253.
[I 2025-05-30 16:37:18,062] Trial 3 finished with value: 5107716.0410016645 and parameters: {'max_depth': 3, 'n_estimators': 11}. Best is trial 0 with value: 4426565.28854253.
[I 2025-05-30 16:49:14,853] Trial 4 finished with value: 4095181.0056725396 and parameters: {'max_depth': 8, 'n_estimators': 85}. Best is trial 4 with value: 4095181.0056725396.
