

----------------------------------------------------------------------------
Training CatBoost Vesion 1 with Dataset: config/brazillian_houses.yml 



----------------------------------------------------------------------------
Running Mode: Nested CV with Hyperparameter Optimization
Arguements: Namespace(batch_size=128, bin_alt=None, cat_dims=[2], cat_idx=[0], config='config/brazillian_houses.yml', data_parallel=False, dataset='Brazillian_Houses', direction='minimize', dropna_idx=None, early_stopping_rounds=20, epochs=100, frequency_reg=False, gpu_ids=[0, 1], logging_period=100, miss_cat_idx=None, miss_num_idx=None, model_name='CatBoost', n_trials=5, nominal_idx=[0, 6], num_bins=10, num_classes=1, num_features=12, num_idx=None, num_splits=5, objective='probabilistic_regression', one_hot_encode=True, optimize_hyperparameters=True, ordinal_encode=True, ordinal_idx=[7], outer_splits=2, save_results=False, scale=True, seed=221, shuffle=True, target_encode=False, use_gpu=True, val_batch_size=256, weighted_loss=False, y_distribution='skewed')
--- Running Nested Cross-Validation with Hyperparameter Optimization ---
Loading dataset Brazillian_Houses...
Dataset loaded! 

(10692, 12)
--- Starting Nested Cross-Validation (2 Outer Folds, 5 Inner Folds) ---
Hyperparameter Optimization per Outer Fold: True

--- Outer Fold 1/2 ---
Starting Hyperparameter Optimization for Outer Fold 1...
  outer_1_inner Fold 1/5
Before Debugging -- Inner Fold 1
DEBUG Inner Fold 1: num_features: 12
DEBUG Inner Fold 1: num_classes: 1
DEBUG Inner Fold 1: cat_idx: [0]
DEBUG Inner Fold 1: nominal_idx: [0, 6]
DEBUG Inner Fold 1: ordinal_idx: [7]
DEBUG Inner Fold 1: num_idx: None
DEBUG Inner Fold 1: cat_dims: [2]
DEBUG Inner Fold 1: bin_alt: None
~~~~~~~~~~~~~~~~~~~~~~~~~~~~~~~~~~~~~~~~~~~~~~~~~~~~~~~~~~~~~~~~~~~~~~~~~~~~~~~
BEFORE ANY ENCODING
num_features :12
num_classes : 1
cat_idx : [0]
nominal_idx : [0, 6]
ordinal_idx : [7]
num_idx : None
cat_dims : [2]
bin_alt : None 


X_train shape : (3420, 12)
~~~~~~~~~~~~~~~~~~~~~~~~~~~~~~~~~~~~~~~~~~~~~~~~~~~~~~~~~~~~~~~~~~~~~~~~~~~~~~~
~~~~~~~~~~~~~~~~~~~~~~~~~~~~~~~~~~~~~~~~~~~~~~~~~~~~~~~~~~~~~~~~~~~~~~~~~~~~~~~
AFTER getting cat idx
Nominal Index : [0, 6]
Ordinal Index : [7]
Cat Idx : [0]
Cat dims : [2]
~~~~~~~~~~~~~~~~~~~~~~~~~~~~~~~~~~~~~~~~~~~~~~~~~~~~~~~~~~~~~~~~~~~~~~~~~~~~~~~
BEFORE getting cat idx
Nominal Index : [0, 6]
Ordinal Index : [7]
Cat Idx : [0, 6, 7]
Cat dims : []
No one Hot for this Baby!!! 

~~~~~~~~~~~~~~~~~~~~~~~~~~~~~~~~~~~~~~~~~~~~~~~~~~~~~~~~~~~~~~~~~~~~~~~~~~~~~~~ 


AFTER SEPARATING CATEGORICALS AND NUMERICALS
Ordinal Index : [7]
Numerical Index V1 : [1, 2, 3, 4, 5, 8, 9, 10, 11]
Cat Idx V1 : [0, 6, 7] 
Cat Dims V1 : [5, 2, 2]
 

~~~~~~~~~~~~~~~~~~~~~~~~~~~~~~~~~~~~~~~~~~~~~~~~~~~~~~~~~~~~~~~~~~~~~~~~~~~~~~~ 


Scaling the data...
~~~~~~~~~~~~~~~~~~~~~~~~~~~~~~~~~~~~~~~~~~~~~~~~~~~~~~~~~~~~~~~~~~~~~~~~~~~~~~~
After OHE
Numerical Index V2 : [1, 2, 3, 4, 5, 8, 9, 10, 11] 


OHE Idx : [0, 6]


Ordinal Idx V2: [7]


Cat Dims V2 : [5, 2, 2]
Cat Idx V2 : [0, 6, 7] 
 

Train: [[3.0 -0.6066119667393784 -0.4409735877705798 -0.8891088668162085
  -1.0310300730068107]
 [0.0 -0.7242858670452416 -1.3092117398577316 -0.8891088668162085
  -0.3988818389294905]
 [1.0 -0.6507396793540772 -0.4409735877705798 -0.8891088668162085
  -0.3988818389294905]
 [4.0 0.7172194117015818 2.1637408684908754 -0.19008534394001708
  0.8654146292251502]
 [4.0 0.7172194117015818 0.42726456431657195 0.5089381789361743
  0.23326639514782987]
 [3.0 0.275942285554595 0.42726456431657195 0.5089381789361743
  -1.0310300730068107]
 [0.0 -0.5330657790482141 -0.4409735877705798 -0.19008534394001708
  0.23326639514782987]
 [4.0 -0.040306321517412154 0.42726456431657195 0.5089381789361743
  -0.3988818389294905]
 [0.0 -0.5698388728937962 -0.4409735877705798 -0.19008534394001708
  -0.3988818389294905]
 [2.0 -0.35655492858941934 -0.4409735877705798 -0.19008534394001708
  0.23326639514782987]] 
 
 
Val : (3420, 12) 
 

~~~~~~~~~~~~~~~~~~~~~~~~~~~~~~~~~~~~~~~~~~~~~~~~~~~~~~~~~~~~~~~~~~~~~~~~~~~~~~~
Cat Idx V3 : [0, 6] 
 

~~~~~~~~~~~~~~~~~~~~~~~~~~~~~~~~~~~~~~~~~~~~~~~~~~~~~~~~~~~~~~~~~~~~~~~~~~~~~~~
After ORDINAL
Numerical Index V2 : [1, 2, 3, 4, 5, 8, 9, 10, 11] 


OHE Idx : [0, 6]


Ordinal Idx V2: [7]


Cat Dims V2 : [5, 2, 2, 6, 3]
Cat Idx V2 : [0, 6] 
 

Train: [[3.0 -0.6066119667393784 -0.4409735877705798 -0.8891088668162085
  -1.0310300730068107 0.2638682927091926 0.0 1.0 -0.03726588519561444
  -0.8168946486982943 -0.0649112397113407 -0.7997059857529025]
 [0.0 -0.7242858670452416 -1.3092117398577316 -0.8891088668162085
  -0.3988818389294905 0.8090605966303156 0.0 1.0 -0.03768442184442685
  -0.1307794991794192 -0.03924644180762629 -0.14718167573763577]
 [1.0 -0.6507396793540772 -0.4409735877705798 -0.8891088668162085
  -0.3988818389294905 -0.2813240112119303 0.0 1.0 -0.049926618822189746
  -0.845768661240547 -0.07654348624324005 -0.8404887551288567]
 [4.0 0.7172194117015818 2.1637408684908754 -0.19008534394001708
  0.8654146292251502 -0.6902182391527725 1.0 1.0 -0.06488930401723328
  0.7268644377191747 -0.02724491760804761 0.8927789433491956]
 [4.0 0.7172194117015818 0.42726456431657195 0.5089381789361743
  0.23326639514782987 -0.6902182391527725 0.0 1.0 -0.06488930401723328
  0.012161156970346462 -0.026875639940368266 0.13829770989404344]
 [3.0 0.275942285554595 0.42726456431657195 0.5089381789361743
  -1.0310300730068107 -0.6902182391527725 0.0 1.0 -0.06384296239520226
  -0.4166608114789505 -0.049401577668808254 -0.31031275324145247]
 [0.0 -0.5330657790482141 -0.4409735877705798 -0.19008534394001708
  0.23326639514782987 0.1275702167289119 0.0 1.0 -0.03219112832876401
  -0.4881311395538333 -0.0418313854813817 -0.4938352154332462]
 [4.0 -0.040306321517412154 0.42726456431657195 0.5089381789361743
  -0.3988818389294905 0.5364644446697541 0.0 0.0 0.00035009611640060854
  0.4409831254196434 -0.024844612768131873 0.32182017208583724]
 [0.0 -0.5698388728937962 -0.4409735877705798 -0.19008534394001708
  -0.3988818389294905 -0.14502593523164956 0.0 1.0 -0.05154844833633782
  -0.7311302550084349 -0.06583443388053907 -0.7181404470009942]
 [2.0 -0.35655492858941934 -0.4409735877705798 -0.19008534394001708
  0.23326639514782987 0.40016636868947336 0.0 1.0 -0.033499055356302786
  -0.302308286559138 -0.03832324763842793 -0.2287472144895441]] 
 
 
Val : (3420, 12) 
 

FINISHED ENCODING
~~~~~~~~~~~~~~~~~~~~~~~~~~~~~~~~~~~~~~~~~~~~~~~~~~~~~~~~~~~~~~~~~~~~~~~~~~~~~~~


~~~~~~~~~~~~~~~~~~~~~~~~~~~~~~~~~~~~~~~~~~~~~~~~~~~~~~~~~~~~~~~~~~~~~~~~~~~~~~~
Test numpy array issues
X dtype: object
X Val dtype: object
X dtype: float32
X Val dtype: float32
Number of bins: 1019
Number of Classes B4 Bin Verifier: 1019
Unique values in y: (array([0.000e+00, 1.000e+00, 2.000e+00, ..., 1.011e+03, 1.012e+03,
       1.013e+03]), 1007)
Unique values in y_val: (array([1.000e+00, 3.000e+00, 5.000e+00, 6.000e+00, 7.000e+00, 1.000e+01,
       1.100e+01, 1.200e+01, 1.300e+01, 1.600e+01, 1.800e+01, 2.000e+01,
       2.100e+01, 2.300e+01, 2.500e+01, 2.700e+01, 2.900e+01, 3.000e+01,
       3.100e+01, 3.200e+01, 3.300e+01, 3.400e+01, 3.500e+01, 3.600e+01,
       3.700e+01, 3.800e+01, 3.900e+01, 4.300e+01, 4.400e+01, 4.500e+01,
       4.600e+01, 4.800e+01, 5.200e+01, 5.500e+01, 5.900e+01, 6.000e+01,
       6.100e+01, 6.300e+01, 6.400e+01, 6.500e+01, 6.700e+01, 6.900e+01,
       7.000e+01, 7.100e+01, 7.300e+01, 7.400e+01, 7.500e+01, 7.600e+01,
       7.700e+01, 8.000e+01, 8.100e+01, 8.200e+01, 8.900e+01, 9.000e+01,
       9.200e+01, 9.300e+01, 9.400e+01, 9.500e+01, 9.900e+01, 1.000e+02,
       1.010e+02, 1.040e+02, 1.060e+02, 1.100e+02, 1.120e+02, 1.130e+02,
       1.190e+02, 1.210e+02, 1.230e+02, 1.260e+02, 1.270e+02, 1.290e+02,
       1.300e+02, 1.310e+02, 1.320e+02, 1.400e+02, 1.410e+02, 1.420e+02,
       1.430e+02, 1.440e+02, 1.490e+02, 1.510e+02, 1.520e+02, 1.530e+02,
       1.550e+02, 1.570e+02, 1.590e+02, 1.600e+02, 1.620e+02, 1.630e+02,
       1.680e+02, 1.690e+02, 1.700e+02, 1.710e+02, 1.720e+02, 1.730e+02,
       1.740e+02, 1.750e+02, 1.770e+02, 1.790e+02, 1.800e+02, 1.810e+02,
       1.910e+02, 1.960e+02, 1.990e+02, 2.000e+02, 2.020e+02, 2.040e+02,
       2.050e+02, 2.080e+02, 2.090e+02, 2.100e+02, 2.120e+02, 2.130e+02,
       2.180e+02, 2.190e+02, 2.220e+02, 2.230e+02, 2.270e+02, 2.280e+02,
       2.290e+02, 2.300e+02, 2.310e+02, 2.340e+02, 2.370e+02, 2.380e+02,
       2.390e+02, 2.410e+02, 2.420e+02, 2.440e+02, 2.480e+02, 2.490e+02,
       2.500e+02, 2.510e+02, 2.520e+02, 2.560e+02, 2.570e+02, 2.610e+02,
       2.640e+02, 2.650e+02, 2.690e+02, 2.700e+02, 2.710e+02, 2.730e+02,
       2.740e+02, 2.750e+02, 2.780e+02, 2.790e+02, 2.800e+02, 2.830e+02,
       2.840e+02, 2.860e+02, 2.890e+02, 2.920e+02, 2.930e+02, 2.940e+02,
       2.970e+02, 3.010e+02, 3.020e+02, 3.030e+02, 3.040e+02, 3.060e+02,
       3.090e+02, 3.100e+02, 3.110e+02, 3.120e+02, 3.130e+02, 3.150e+02,
       3.160e+02, 3.180e+02, 3.190e+02, 3.200e+02, 3.210e+02, 3.220e+02,
       3.230e+02, 3.240e+02, 3.250e+02, 3.280e+02, 3.300e+02, 3.310e+02,
       3.320e+02, 3.340e+02, 3.350e+02, 3.360e+02, 3.410e+02, 3.430e+02,
       3.440e+02, 3.450e+02, 3.460e+02, 3.470e+02, 3.480e+02, 3.500e+02,
       3.540e+02, 3.550e+02, 3.560e+02, 3.570e+02, 3.580e+02, 3.620e+02,
       3.630e+02, 3.640e+02, 3.650e+02, 3.670e+02, 3.690e+02, 3.710e+02,
       3.730e+02, 3.740e+02, 3.750e+02, 3.760e+02, 3.790e+02, 3.800e+02,
       3.820e+02, 3.900e+02, 3.910e+02, 3.920e+02, 3.930e+02, 3.940e+02,
       3.950e+02, 3.960e+02, 3.970e+02, 3.980e+02, 4.000e+02, 4.020e+02,
       4.030e+02, 4.040e+02, 4.090e+02, 4.150e+02, 4.160e+02, 4.170e+02,
       4.180e+02, 4.240e+02, 4.250e+02, 4.260e+02, 4.270e+02, 4.280e+02,
       4.290e+02, 4.310e+02, 4.340e+02, 4.350e+02, 4.360e+02, 4.370e+02,
       4.380e+02, 4.400e+02, 4.420e+02, 4.440e+02, 4.450e+02, 4.460e+02,
       4.480e+02, 4.510e+02, 4.520e+02, 4.540e+02, 4.570e+02, 4.610e+02,
       4.630e+02, 4.640e+02, 4.650e+02, 4.670e+02, 4.680e+02, 4.690e+02,
       4.710e+02, 4.730e+02, 4.750e+02, 4.760e+02, 4.790e+02, 4.810e+02,
       4.830e+02, 4.840e+02, 4.850e+02, 4.860e+02, 4.870e+02, 4.880e+02,
       4.900e+02, 4.940e+02, 4.950e+02, 4.980e+02, 5.020e+02, 5.050e+02,
       5.060e+02, 5.070e+02, 5.080e+02, 5.090e+02, 5.100e+02, 5.120e+02,
       5.140e+02, 5.170e+02, 5.180e+02, 5.200e+02, 5.210e+02, 5.250e+02,
       5.260e+02, 5.270e+02, 5.290e+02, 5.320e+02, 5.330e+02, 5.350e+02,
       5.360e+02, 5.370e+02, 5.400e+02, 5.440e+02, 5.460e+02, 5.470e+02,
       5.480e+02, 5.500e+02, 5.510e+02, 5.530e+02, 5.540e+02, 5.570e+02,
       5.600e+02, 5.610e+02, 5.620e+02, 5.650e+02, 5.660e+02, 5.700e+02,
       5.710e+02, 5.720e+02, 5.730e+02, 5.740e+02, 5.790e+02, 5.800e+02,
       5.810e+02, 5.820e+02, 5.830e+02, 5.850e+02, 5.860e+02, 5.870e+02,
       5.890e+02, 5.900e+02, 5.920e+02, 5.930e+02, 5.950e+02, 5.960e+02,
       5.980e+02, 5.990e+02, 6.000e+02, 6.050e+02, 6.060e+02, 6.080e+02,
       6.100e+02, 6.110e+02, 6.120e+02, 6.130e+02, 6.140e+02, 6.150e+02,
       6.160e+02, 6.190e+02, 6.250e+02, 6.260e+02, 6.280e+02, 6.290e+02,
       6.330e+02, 6.360e+02, 6.380e+02, 6.390e+02, 6.410e+02, 6.420e+02,
       6.430e+02, 6.450e+02, 6.460e+02, 6.470e+02, 6.480e+02, 6.500e+02,
       6.510e+02, 6.520e+02, 6.540e+02, 6.550e+02, 6.570e+02, 6.580e+02,
       6.600e+02, 6.630e+02, 6.680e+02, 6.710e+02, 6.720e+02, 6.790e+02,
       6.800e+02, 6.850e+02, 6.890e+02, 6.960e+02, 7.000e+02, 7.020e+02,
       7.040e+02, 7.050e+02, 7.080e+02, 7.090e+02, 7.110e+02, 7.140e+02,
       7.150e+02, 7.160e+02, 7.170e+02, 7.200e+02, 7.230e+02, 7.250e+02,
       7.280e+02, 7.290e+02, 7.300e+02, 7.320e+02, 7.340e+02, 7.350e+02,
       7.370e+02, 7.380e+02, 7.390e+02, 7.410e+02, 7.430e+02, 7.450e+02,
       7.470e+02, 7.490e+02, 7.520e+02, 7.540e+02, 7.550e+02, 7.560e+02,
       7.630e+02, 7.640e+02, 7.650e+02, 7.700e+02, 7.710e+02, 7.720e+02,
       7.740e+02, 7.760e+02, 7.780e+02, 7.790e+02, 7.810e+02, 7.820e+02,
       7.830e+02, 7.860e+02, 7.890e+02, 7.900e+02, 7.910e+02, 7.920e+02,
       7.930e+02, 7.950e+02, 7.960e+02, 7.970e+02, 7.980e+02, 7.990e+02,
       8.000e+02, 8.010e+02, 8.030e+02, 8.040e+02, 8.080e+02, 8.110e+02,
       8.120e+02, 8.130e+02, 8.140e+02, 8.150e+02, 8.170e+02, 8.180e+02,
       8.190e+02, 8.200e+02, 8.210e+02, 8.250e+02, 8.290e+02, 8.300e+02,
       8.330e+02, 8.340e+02, 8.350e+02, 8.370e+02, 8.380e+02, 8.410e+02,
       8.420e+02, 8.450e+02, 8.470e+02, 8.480e+02, 8.500e+02, 8.550e+02,
       8.570e+02, 8.580e+02, 8.590e+02, 8.600e+02, 8.610e+02, 8.620e+02,
       8.640e+02, 8.650e+02, 8.660e+02, 8.670e+02, 8.710e+02, 8.720e+02,
       8.740e+02, 8.760e+02, 8.780e+02, 8.790e+02, 8.800e+02, 8.850e+02,
       8.870e+02, 8.900e+02, 8.910e+02, 8.920e+02, 8.960e+02, 8.970e+02,
       8.980e+02, 8.990e+02, 9.000e+02, 9.020e+02, 9.030e+02, 9.070e+02,
       9.090e+02, 9.100e+02, 9.110e+02, 9.120e+02, 9.180e+02, 9.200e+02,
       9.230e+02, 9.240e+02, 9.270e+02, 9.280e+02, 9.290e+02, 9.300e+02,
       9.320e+02, 9.360e+02, 9.390e+02, 9.410e+02, 9.430e+02, 9.460e+02,
       9.470e+02, 9.480e+02, 9.500e+02, 9.520e+02, 9.570e+02, 9.590e+02,
       9.660e+02, 9.700e+02, 9.710e+02, 9.720e+02, 9.750e+02, 9.760e+02,
       9.780e+02, 9.800e+02, 9.810e+02, 9.820e+02, 9.830e+02, 9.860e+02,
       9.900e+02, 9.910e+02, 9.920e+02, 9.930e+02, 9.940e+02, 9.960e+02,
       9.970e+02, 9.990e+02, 1.003e+03, 1.005e+03, 1.007e+03, 1.008e+03,
       1.012e+03]), 541)
WE ARE IN THE GUTTERS!!!!!
Final Train Labels Length: 1007
Final Test Labels Length: 540
Final Num Classes: 1007
Final Bin Labels: [0, 1, 2, 3, 4, 5, 6, 7, 8, 9, 10, 11, 12, 13, 14, 15, 16, 17, 18, 19, 20, 21, 22, 23, 24, 25, 26, 27, 28, 29, 30, 31, 32, 33, 34, 35, 36, 37, 38, 39, 40, 41, 42, 43, 44, 45, 46, 47, 48, 49, 50, 51, 52, 53, 54, 55, 56, 57, 58, 59, 60, 61, 62, 63, 64, 65, 66, 67, 68, 69, 70, 71, 72, 73, 74, 75, 76, 77, 78, 79, 80, 81, 82, 83, 84, 85, 86, 87, 88, 89, 90, 91, 92, 93, 94, 95, 96, 97, 98, 99, 100, 101, 102, 103, 104, 105, 106, 107, 108, 109, 110, 111, 112, 113, 114, 115, 116, 117, 118, 119, 120, 121, 122, 123, 124, 125, 126, 127, 128, 129, 130, 131, 132, 133, 134, 135, 136, 137, 138, 139, 140, 141, 142, 143, 144, 145, 146, 147, 148, 149, 150, 151, 152, 153, 154, 155, 156, 157, 158, 159, 160, 161, 162, 163, 164, 165, 166, 167, 168, 169, 170, 171, 172, 173, 174, 175, 176, 177, 178, 179, 180, 181, 182, 183, 184, 185, 186, 187, 188, 189, 190, 191, 192, 193, 194, 195, 196, 197, 198, 199, 200, 201, 202, 203, 204, 205, 206, 207, 208, 209, 210, 211, 212, 213, 214, 215, 216, 217, 218, 219, 220, 221, 222, 223, 224, 225, 226, 227, 228, 229, 230, 231, 232, 233, 234, 235, 236, 237, 238, 239, 240, 241, 242, 243, 244, 245, 246, 247, 248, 249, 250, 251, 252, 253, 254, 255, 256, 257, 258, 259, 260, 261, 262, 263, 264, 265, 266, 267, 268, 269, 270, 271, 272, 273, 274, 275, 276, 277, 278, 279, 280, 281, 282, 283, 284, 285, 286, 287, 288, 289, 290, 291, 292, 293, 294, 295, 296, 297, 298, 299, 300, 301, 302, 303, 304, 305, 306, 307, 308, 309, 310, 311, 312, 313, 314, 315, 316, 317, 318, 319, 320, 321, 322, 323, 324, 325, 326, 327, 328, 329, 330, 331, 332, 333, 334, 335, 336, 337, 338, 339, 340, 341, 342, 343, 344, 345, 346, 347, 348, 349, 350, 351, 352, 353, 354, 355, 356, 357, 358, 359, 360, 361, 362, 363, 364, 365, 366, 367, 368, 369, 370, 371, 372, 373, 374, 375, 376, 377, 378, 379, 380, 381, 382, 383, 384, 385, 386, 387, 388, 389, 390, 391, 392, 393, 394, 395, 396, 397, 398, 399, 400, 401, 402, 403, 404, 405, 406, 407, 408, 409, 410, 411, 412, 413, 414, 415, 416, 417, 418, 419, 420, 421, 422, 423, 424, 425, 426, 427, 428, 429, 430, 431, 432, 433, 434, 435, 436, 437, 438, 439, 440, 441, 442, 443, 444, 445, 446, 447, 448, 449, 450, 451, 452, 453, 454, 455, 456, 457, 458, 459, 460, 461, 462, 463, 464, 465, 466, 467, 468, 469, 470, 471, 472, 473, 474, 475, 476, 477, 478, 479, 480, 481, 482, 483, 484, 485, 486, 487, 488, 489, 490, 491, 492, 493, 494, 495, 496, 497, 498, 499, 500, 501, 502, 503, 504, 505, 506, 507, 508, 509, 510, 511, 512, 513, 514, 515, 516, 517, 518, 519, 520, 521, 522, 523, 524, 525, 526, 527, 528, 529, 530, 531, 532, 533, 534, 535, 536, 537, 538, 539, 540, 541, 542, 543, 544, 545, 546, 547, 548, 549, 550, 551, 552, 553, 554, 555, 556, 557, 558, 559, 560, 561, 562, 563, 564, 565, 566, 567, 568, 569, 570, 571, 572, 573, 574, 575, 576, 577, 578, 579, 580, 581, 582, 583, 584, 585, 586, 587, 588, 589, 590, 591, 592, 593, 594, 595, 596, 597, 598, 599, 600, 601, 602, 603, 604, 605, 606, 607, 608, 609, 610, 611, 612, 613, 614, 615, 616, 617, 618, 619, 620, 621, 622, 623, 624, 625, 626, 627, 628, 629, 630, 631, 632, 633, 634, 635, 636, 637, 638, 639, 640, 641, 642, 643, 644, 645, 646, 647, 648, 649, 650, 651, 652, 653, 654, 655, 656, 657, 658, 659, 660, 661, 662, 663, 664, 665, 666, 667, 668, 669, 670, 671, 672, 673, 674, 675, 676, 677, 678, 679, 680, 681, 682, 683, 684, 685, 686, 687, 688, 689, 690, 691, 692, 693, 694, 695, 696, 697, 698, 699, 700, 701, 702, 703, 704, 705, 706, 707, 708, 709, 710, 711, 712, 713, 714, 715, 716, 717, 718, 719, 720, 721, 722, 723, 724, 725, 726, 727, 728, 729, 730, 731, 732, 733, 734, 735, 736, 737, 738, 739, 740, 741, 742, 743, 744, 745, 746, 747, 748, 749, 750, 751, 752, 753, 754, 755, 756, 757, 758, 759, 760, 761, 762, 763, 764, 765, 766, 767, 768, 769, 770, 771, 772, 773, 774, 775, 776, 777, 778, 779, 780, 781, 782, 783, 784, 785, 786, 787, 788, 789, 790, 791, 792, 793, 794, 795, 796, 797, 798, 799, 800, 801, 802, 803, 804, 805, 806, 807, 808, 809, 810, 811, 812, 813, 814, 815, 816, 817, 818, 819, 820, 821, 822, 823, 824, 825, 826, 827, 828, 829, 830, 831, 832, 833, 834, 835, 836, 837, 838, 839, 840, 841, 842, 843, 844, 845, 846, 847, 848, 849, 850, 851, 852, 853, 854, 855, 856, 857, 858, 859, 860, 861, 862, 863, 864, 865, 866, 867, 868, 869, 870, 871, 872, 873, 874, 875, 876, 877, 878, 879, 880, 881, 882, 883, 884, 885, 886, 887, 888, 889, 890, 891, 892, 893, 894, 895, 896, 897, 898, 899, 900, 901, 902, 903, 904, 905, 906, 907, 908, 909, 910, 911, 912, 913, 914, 915, 916, 917, 918, 919, 920, 921, 922, 923, 924, 925, 926, 927, 928, 929, 930, 931, 932, 933, 934, 935, 936, 937, 938, 939, 940, 941, 942, 943, 944, 945, 946, 947, 948, 949, 950, 951, 952, 953, 954, 955, 956, 957, 958, 959, 960, 961, 962, 963, 964, 965, 966, 967, 968, 969, 970, 971, 972, 973, 974, 975, 976, 977, 978, 979, 980, 981, 982, 983, 984, 985, 986, 987, 988, 989, 990, 991, 992, 993, 994, 995, 996, 997, 998, 999, 1000, 1001, 1002, 1003, 1004, 1005, 1006]
VERIFY SHIFT
Y shape : (3420,) , Y_val shape : (856,)
Train after shift : [   0    1    2 ... 1004 1005 1006], Length : 1007
Number of Classes After Bin Verifier: 1007 


After Debugging -- Inner Fold 1
DEBUG Inner Fold 1: num_features: 12
DEBUG Inner Fold 1: num_classes: 1007
DEBUG Inner Fold 1: cat_idx: [0, 6]
DEBUG Inner Fold 1: nominal_idx: [0, 6]
DEBUG Inner Fold 1: ordinal_idx: [7]
DEBUG Inner Fold 1: num_idx: [1, 2, 3, 4, 5, 8, 9, 10, 11]
DEBUG Inner Fold 1: cat_dims: [5, 2, 2, 6, 3]
DEBUG Inner Fold 1: bin_alt: [0, 1, 2, 3, 4, 5, 6, 7, 8, 9, 10, 11, 12, 13, 14, 15, 16, 17, 18, 19, 20, 21, 22, 23, 24, 25, 26, 27, 28, 29, 30, 31, 32, 33, 34, 35, 36, 37, 38, 39, 40, 41, 42, 43, 44, 45, 46, 47, 48, 49, 50, 51, 52, 53, 54, 55, 56, 57, 58, 59, 60, 61, 62, 63, 64, 65, 66, 67, 68, 69, 70, 71, 72, 73, 74, 75, 76, 77, 78, 79, 80, 81, 82, 83, 84, 85, 86, 87, 88, 89, 90, 91, 92, 93, 94, 95, 96, 97, 98, 99, 100, 101, 102, 103, 104, 105, 106, 107, 108, 109, 110, 111, 112, 113, 114, 115, 116, 117, 118, 119, 120, 121, 122, 123, 124, 125, 126, 127, 128, 129, 130, 131, 132, 133, 134, 135, 136, 137, 138, 139, 140, 141, 142, 143, 144, 145, 146, 147, 148, 149, 150, 151, 152, 153, 154, 155, 156, 157, 158, 159, 160, 161, 162, 163, 164, 165, 166, 167, 168, 169, 170, 171, 172, 173, 174, 175, 176, 177, 178, 179, 180, 181, 182, 183, 184, 185, 186, 187, 188, 189, 190, 191, 192, 193, 194, 195, 196, 197, 198, 199, 200, 201, 202, 203, 204, 205, 206, 207, 208, 209, 210, 211, 212, 213, 214, 215, 216, 217, 218, 219, 220, 221, 222, 223, 224, 225, 226, 227, 228, 229, 230, 231, 232, 233, 234, 235, 236, 237, 238, 239, 240, 241, 242, 243, 244, 245, 246, 247, 248, 249, 250, 251, 252, 253, 254, 255, 256, 257, 258, 259, 260, 261, 262, 263, 264, 265, 266, 267, 268, 269, 270, 271, 272, 273, 274, 275, 276, 277, 278, 279, 280, 281, 282, 283, 284, 285, 286, 287, 288, 289, 290, 291, 292, 293, 294, 295, 296, 297, 298, 299, 300, 301, 302, 303, 304, 305, 306, 307, 308, 309, 310, 311, 312, 313, 314, 315, 316, 317, 318, 319, 320, 321, 322, 323, 324, 325, 326, 327, 328, 329, 330, 331, 332, 333, 334, 335, 336, 337, 338, 339, 340, 341, 342, 343, 344, 345, 346, 347, 348, 349, 350, 351, 352, 353, 354, 355, 356, 357, 358, 359, 360, 361, 362, 363, 364, 365, 366, 367, 368, 369, 370, 371, 372, 373, 374, 375, 376, 377, 378, 379, 380, 381, 382, 383, 384, 385, 386, 387, 388, 389, 390, 391, 392, 393, 394, 395, 396, 397, 398, 399, 400, 401, 402, 403, 404, 405, 406, 407, 408, 409, 410, 411, 412, 413, 414, 415, 416, 417, 418, 419, 420, 421, 422, 423, 424, 425, 426, 427, 428, 429, 430, 431, 432, 433, 434, 435, 436, 437, 438, 439, 440, 441, 442, 443, 444, 445, 446, 447, 448, 449, 450, 451, 452, 453, 454, 455, 456, 457, 458, 459, 460, 461, 462, 463, 464, 465, 466, 467, 468, 469, 470, 471, 472, 473, 474, 475, 476, 477, 478, 479, 480, 481, 482, 483, 484, 485, 486, 487, 488, 489, 490, 491, 492, 493, 494, 495, 496, 497, 498, 499, 500, 501, 502, 503, 504, 505, 506, 507, 508, 509, 510, 511, 512, 513, 514, 515, 516, 517, 518, 519, 520, 521, 522, 523, 524, 525, 526, 527, 528, 529, 530, 531, 532, 533, 534, 535, 536, 537, 538, 539, 540, 541, 542, 543, 544, 545, 546, 547, 548, 549, 550, 551, 552, 553, 554, 555, 556, 557, 558, 559, 560, 561, 562, 563, 564, 565, 566, 567, 568, 569, 570, 571, 572, 573, 574, 575, 576, 577, 578, 579, 580, 581, 582, 583, 584, 585, 586, 587, 588, 589, 590, 591, 592, 593, 594, 595, 596, 597, 598, 599, 600, 601, 602, 603, 604, 605, 606, 607, 608, 609, 610, 611, 612, 613, 614, 615, 616, 617, 618, 619, 620, 621, 622, 623, 624, 625, 626, 627, 628, 629, 630, 631, 632, 633, 634, 635, 636, 637, 638, 639, 640, 641, 642, 643, 644, 645, 646, 647, 648, 649, 650, 651, 652, 653, 654, 655, 656, 657, 658, 659, 660, 661, 662, 663, 664, 665, 666, 667, 668, 669, 670, 671, 672, 673, 674, 675, 676, 677, 678, 679, 680, 681, 682, 683, 684, 685, 686, 687, 688, 689, 690, 691, 692, 693, 694, 695, 696, 697, 698, 699, 700, 701, 702, 703, 704, 705, 706, 707, 708, 709, 710, 711, 712, 713, 714, 715, 716, 717, 718, 719, 720, 721, 722, 723, 724, 725, 726, 727, 728, 729, 730, 731, 732, 733, 734, 735, 736, 737, 738, 739, 740, 741, 742, 743, 744, 745, 746, 747, 748, 749, 750, 751, 752, 753, 754, 755, 756, 757, 758, 759, 760, 761, 762, 763, 764, 765, 766, 767, 768, 769, 770, 771, 772, 773, 774, 775, 776, 777, 778, 779, 780, 781, 782, 783, 784, 785, 786, 787, 788, 789, 790, 791, 792, 793, 794, 795, 796, 797, 798, 799, 800, 801, 802, 803, 804, 805, 806, 807, 808, 809, 810, 811, 812, 813, 814, 815, 816, 817, 818, 819, 820, 821, 822, 823, 824, 825, 826, 827, 828, 829, 830, 831, 832, 833, 834, 835, 836, 837, 838, 839, 840, 841, 842, 843, 844, 845, 846, 847, 848, 849, 850, 851, 852, 853, 854, 855, 856, 857, 858, 859, 860, 861, 862, 863, 864, 865, 866, 867, 868, 869, 870, 871, 872, 873, 874, 875, 876, 877, 878, 879, 880, 881, 882, 883, 884, 885, 886, 887, 888, 889, 890, 891, 892, 893, 894, 895, 896, 897, 898, 899, 900, 901, 902, 903, 904, 905, 906, 907, 908, 909, 910, 911, 912, 913, 914, 915, 916, 917, 918, 919, 920, 921, 922, 923, 924, 925, 926, 927, 928, 929, 930, 931, 932, 933, 934, 935, 936, 937, 938, 939, 940, 941, 942, 943, 944, 945, 946, 947, 948, 949, 950, 951, 952, 953, 954, 955, 956, 957, 958, 959, 960, 961, 962, 963, 964, 965, 966, 967, 968, 969, 970, 971, 972, 973, 974, 975, 976, 977, 978, 979, 980, 981, 982, 983, 984, 985, 986, 987, 988, 989, 990, 991, 992, 993, 994, 995, 996, 997, 998, 999, 1000, 1001, 1002, 1003, 1004, 1005, 1006]
**** Data b4 Fitting ****


----------------------------------------------------------------------------
Training CatBoost Vesion 1 with Dataset: config/abalone.yml 



----------------------------------------------------------------------------
Running Mode: Nested CV with Hyperparameter Optimization
Arguements: Namespace(batch_size=128, bin_alt=None, cat_dims=[2], cat_idx=[0], config='config/abalone.yml', data_parallel=False, dataset='Abalone', direction='minimize', dropna_idx=None, early_stopping_rounds=20, epochs=100, frequency_reg=False, gpu_ids=[0, 1], logging_period=100, miss_cat_idx=None, miss_num_idx=None, model_name='CatBoost', n_trials=5, nominal_idx=[0], num_bins=10, num_classes=1, num_features=8, num_idx=None, num_splits=5, objective='probabilistic_regression', one_hot_encode=True, optimize_hyperparameters=True, ordinal_encode=False, ordinal_idx=None, outer_splits=2, save_results=False, scale=True, seed=221, shuffle=True, target_encode=False, use_gpu=True, val_batch_size=256, weighted_loss=False, y_distribution='normal')
--- Running Nested Cross-Validation with Hyperparameter Optimization ---
Loading dataset Abalone...
In Abalone
<class 'pandas.core.frame.DataFrame'>
RangeIndex: 4177 entries, 0 to 4176
Data columns (total 9 columns):
 #   Column                 Non-Null Count  Dtype  
---  ------                 --------------  -----  
 0   Sex                    4177 non-null   object 
 1   Length                 4177 non-null   float64
 2   Diameter               4177 non-null   float64
 3   Height                 4177 non-null   float64
 4   Whole_weight           4177 non-null   float64
 5   Shucked_weight         4177 non-null   float64
 6   Viscera_weight         4177 non-null   float64
 7   Shell_weight           4177 non-null   float64
 8   Class_number_of_rings  4177 non-null   int64  
dtypes: float64(7), int64(1), object(1)
memory usage: 293.8+ KB
None
Dataset loaded! 

(4177, 8)
--- Starting Nested Cross-Validation (2 Outer Folds, 5 Inner Folds) ---
Hyperparameter Optimization per Outer Fold: True

--- Outer Fold 1/2 ---
Starting Hyperparameter Optimization for Outer Fold 1...
  outer_1_inner Fold 1/5
Before Debugging -- Inner Fold 1
DEBUG Inner Fold 1: num_features: 8
DEBUG Inner Fold 1: num_classes: 1
DEBUG Inner Fold 1: cat_idx: [0]
DEBUG Inner Fold 1: nominal_idx: [0]
DEBUG Inner Fold 1: ordinal_idx: None
DEBUG Inner Fold 1: num_idx: None
DEBUG Inner Fold 1: cat_dims: [2]
DEBUG Inner Fold 1: bin_alt: None
~~~~~~~~~~~~~~~~~~~~~~~~~~~~~~~~~~~~~~~~~~~~~~~~~~~~~~~~~~~~~~~~~~~~~~~~~~~~~~~
BEFORE ANY ENCODING
num_features :8
num_classes : 1
cat_idx : [0]
nominal_idx : [0]
ordinal_idx : None
num_idx : None
cat_dims : [2]
bin_alt : None 


X_train shape : (1336, 8)
~~~~~~~~~~~~~~~~~~~~~~~~~~~~~~~~~~~~~~~~~~~~~~~~~~~~~~~~~~~~~~~~~~~~~~~~~~~~~~~
~~~~~~~~~~~~~~~~~~~~~~~~~~~~~~~~~~~~~~~~~~~~~~~~~~~~~~~~~~~~~~~~~~~~~~~~~~~~~~~
AFTER getting cat idx
Nominal Index : [0]
Ordinal Index : None
Cat Idx : [0]
Cat dims : [2]
~~~~~~~~~~~~~~~~~~~~~~~~~~~~~~~~~~~~~~~~~~~~~~~~~~~~~~~~~~~~~~~~~~~~~~~~~~~~~~~
BEFORE getting cat idx
Nominal Index : [0]
Ordinal Index : None
Cat Idx : [0]
Cat dims : []
No one Hot for this Baby!!! 

~~~~~~~~~~~~~~~~~~~~~~~~~~~~~~~~~~~~~~~~~~~~~~~~~~~~~~~~~~~~~~~~~~~~~~~~~~~~~~~ 


AFTER SEPARATING CATEGORICALS AND NUMERICALS
Ordinal Index : None
Numerical Index V1 : [1, 2, 3, 4, 5, 6, 7]
Cat Idx V1 : [0] 
Cat Dims V1 : [3]
 

~~~~~~~~~~~~~~~~~~~~~~~~~~~~~~~~~~~~~~~~~~~~~~~~~~~~~~~~~~~~~~~~~~~~~~~~~~~~~~~ 


Scaling the data...
~~~~~~~~~~~~~~~~~~~~~~~~~~~~~~~~~~~~~~~~~~~~~~~~~~~~~~~~~~~~~~~~~~~~~~~~~~~~~~~
After OHE
Numerical Index V2 : [1, 2, 3, 4, 5, 6, 7] 


OHE Idx : [0]


Ordinal Idx V2: None


Cat Dims V2 : [3]
Cat Idx V2 : [0] 
 

Train: [[1.0 -0.5210135593039967 -0.5264236083441137 0.003160426666250289
  -0.6861564486638813]
 [2.0 -2.815853454093107 -2.8177961754094762 -1.896888085083021
  -1.6243889648840444]
 [0.0 0.42150996891295867 0.37020043963798493 -0.10239782398648709
  0.09055251003485096]
 [1.0 -1.914309209711671 -1.9211721274273779 -1.5802133331248092
  -1.473833056330118]
 [0.0 1.3640334971299144 1.1671995933998502 1.058742933193623
  1.3049703684367198]
 [2.0 0.25759283357088014 0.1211382040874018 0.10871867731898709
  0.06363191711461258]
 [2.0 0.9132613749391969 0.818512463629034 0.4253934292771992
  0.5252702327468499]
 [0.0 0.4624892527484785 0.5694502280784514 0.10871867731898709
  0.296943722423346]
 [1.0 0.2166135497353603 0.42001288674810155 -0.20795607463922447
  -0.06698281149839631]
 [2.0 0.5034685365839984 0.5694502280784514 0.4253934292771992
  0.23512606460650204]] 
 
 
Val : (1336, 8) 
 

~~~~~~~~~~~~~~~~~~~~~~~~~~~~~~~~~~~~~~~~~~~~~~~~~~~~~~~~~~~~~~~~~~~~~~~~~~~~~~~
Cat Idx V3 : [0] 
 

~~~~~~~~~~~~~~~~~~~~~~~~~~~~~~~~~~~~~~~~~~~~~~~~~~~~~~~~~~~~~~~~~~~~~~~~~~~~~~~
After ORDINAL
Numerical Index V2 : [1, 2, 3, 4, 5, 6, 7] 


OHE Idx : [0]


Ordinal Idx V2: None


Cat Dims V2 : [3, 4]
Cat Idx V2 : [0] 
 

Train: [[1.0 -0.5210135593039967 -0.5264236083441137 0.003160426666250289
  -0.6861564486638813 -0.6556321434848429 -0.44075853302523915
  -0.8834611143629936]
 [2.0 -2.815853454093107 -2.8177961754094762 -1.896888085083021
  -1.6243889648840444 -1.5719358742359575 -1.5756766932967177
  -1.627846179579559]
 [0.0 0.42150996891295867 0.37020043963798493 -0.10239782398648709
  0.09055251003485096 0.07299491952206758 0.1867844497131076
  0.14449921379321556]
 [1.0 -1.914309209711671 -1.9211721274273779 -1.5802133331248092
  -1.473833056330118 -1.4217945400405942 -1.4377062502833224
  -1.4789691665362459]
 [0.0 1.3640334971299144 1.1671995933998502 1.058742933193623
  1.3049703684367198 1.227758416348171 1.851331084777943
  1.278800265551791]
 [2.0 0.25759283357088014 0.1211382040874018 0.10871867731898709
  0.06363191711461258 -0.25157531763555624 0.6674556705339693
  0.07360539805830453]
 [2.0 0.9132613749391969 0.818512463629034 0.4253934292771992
  0.5252702327468499 0.7486309234012029 0.03546202834357723
  0.7506413383267042]
 [0.0 0.4624892527484785 0.5694502280784514 0.10871867731898709
  0.296943722423346 0.46601194138640095 0.293600276562188
  0.07360539805830453]
 [1.0 0.2166135497353603 0.42001288674810155 -0.20795607463922447
  -0.06698281149839631 -0.11909766981611783 -0.3739986412445639
  -0.06818223341151734]
 [2.0 0.5034685365839984 0.5694502280784514 0.4253934292771992
  0.23512606460650204 0.41964476464959777 0.4760773140960335
  0.1799461216606711]] 
 
 
Val : (1336, 8) 
 

FINISHED ENCODING
~~~~~~~~~~~~~~~~~~~~~~~~~~~~~~~~~~~~~~~~~~~~~~~~~~~~~~~~~~~~~~~~~~~~~~~~~~~~~~~


~~~~~~~~~~~~~~~~~~~~~~~~~~~~~~~~~~~~~~~~~~~~~~~~~~~~~~~~~~~~~~~~~~~~~~~~~~~~~~~
Test numpy array issues
X dtype: object
X Val dtype: object
X dtype: float32
X Val dtype: float32
Number of bins: 9
Number of Classes B4 Bin Verifier: 9
Unique values in y: (array([0., 1., 2., 3., 4., 5., 6.]), 7)
Unique values in y_val: (array([0., 1., 2., 3., 4., 5., 6.]), 7)
WE ARE IN THE GUTTERS!!!!!
Final Train Labels Length: 7
Final Test Labels Length: 7
Final Num Classes: 7
Final Bin Labels: [0, 1, 2, 3, 4, 5, 6]
VERIFY SHIFT
Y shape : (1336,) , Y_val shape : (334,)
Train after shift : [0 1 2 3 4 5 6], Length : 7
Number of Classes After Bin Verifier: 7 


After Debugging -- Inner Fold 1
DEBUG Inner Fold 1: num_features: 8
DEBUG Inner Fold 1: num_classes: 7
DEBUG Inner Fold 1: cat_idx: [0]
DEBUG Inner Fold 1: nominal_idx: [0]
DEBUG Inner Fold 1: ordinal_idx: None
DEBUG Inner Fold 1: num_idx: [1, 2, 3, 4, 5, 6, 7]
DEBUG Inner Fold 1: cat_dims: [3, 4]
DEBUG Inner Fold 1: bin_alt: [0, 1, 2, 3, 4, 5, 6]
**** Data b4 Fitting ****


----------------------------------------------------------------------------
Training CatBoost Vesion 1 with Dataset: config/house_sales.yml 



----------------------------------------------------------------------------
Running Mode: Nested CV with Hyperparameter Optimization
Arguements: Namespace(batch_size=128, bin_alt=None, cat_dims=[2], cat_idx=[0], config='config/house_sales.yml', data_parallel=False, dataset='House_Sales', direction='minimize', dropna_idx=[0], early_stopping_rounds=20, epochs=100, frequency_reg=False, gpu_ids=[0, 1], logging_period=100, miss_cat_idx=None, miss_num_idx=None, model_name='CatBoost', n_trials=5, nominal_idx=[14], num_bins=10, num_classes=1, num_features=21, num_idx=None, num_splits=5, objective='probabilistic_regression', one_hot_encode=True, optimize_hyperparameters=True, ordinal_encode=False, ordinal_idx=None, outer_splits=2, save_results=False, scale=True, seed=221, shuffle=True, target_encode=False, use_gpu=True, val_batch_size=256, weighted_loss=False, y_distribution='skewed')
--- Running Nested Cross-Validation with Hyperparameter Optimization ---
Loading dataset House_Sales...
Dataset loaded! 

(21613, 21)
--- Starting Nested Cross-Validation (2 Outer Folds, 5 Inner Folds) ---
Hyperparameter Optimization per Outer Fold: True

--- Outer Fold 1/2 ---
Starting Hyperparameter Optimization for Outer Fold 1...
  outer_1_inner Fold 1/5
Before Debugging -- Inner Fold 1
DEBUG Inner Fold 1: num_features: 21
DEBUG Inner Fold 1: num_classes: 1
DEBUG Inner Fold 1: cat_idx: [0]
DEBUG Inner Fold 1: nominal_idx: [13]
DEBUG Inner Fold 1: ordinal_idx: None
DEBUG Inner Fold 1: num_idx: None
DEBUG Inner Fold 1: cat_dims: [2]
DEBUG Inner Fold 1: bin_alt: None
~~~~~~~~~~~~~~~~~~~~~~~~~~~~~~~~~~~~~~~~~~~~~~~~~~~~~~~~~~~~~~~~~~~~~~~~~~~~~~~
BEFORE ANY ENCODING
num_features :21
num_classes : 1
cat_idx : [0]
nominal_idx : [13]
ordinal_idx : None
num_idx : None
cat_dims : [2]
bin_alt : None 


X_train shape : (6915, 21)
~~~~~~~~~~~~~~~~~~~~~~~~~~~~~~~~~~~~~~~~~~~~~~~~~~~~~~~~~~~~~~~~~~~~~~~~~~~~~~~
~~~~~~~~~~~~~~~~~~~~~~~~~~~~~~~~~~~~~~~~~~~~~~~~~~~~~~~~~~~~~~~~~~~~~~~~~~~~~~~
AFTER getting cat idx
Nominal Index : [13]
Ordinal Index : None
Cat Idx : [0]
Cat dims : [2]
~~~~~~~~~~~~~~~~~~~~~~~~~~~~~~~~~~~~~~~~~~~~~~~~~~~~~~~~~~~~~~~~~~~~~~~~~~~~~~~
BEFORE getting cat idx
Nominal Index : [13]
Ordinal Index : None
Cat Idx : [13]
Cat dims : []
No one Hot for this Baby!!! 

~~~~~~~~~~~~~~~~~~~~~~~~~~~~~~~~~~~~~~~~~~~~~~~~~~~~~~~~~~~~~~~~~~~~~~~~~~~~~~~ 


AFTER SEPARATING CATEGORICALS AND NUMERICALS
Ordinal Index : None
Numerical Index V1 : [0, 1, 2, 3, 4, 5, 6, 7, 8, 9, 10, 11, 12, 14, 15, 16, 17, 18, 19, 20]
Cat Idx V1 : [13] 
Cat Dims V1 : [70]
 

~~~~~~~~~~~~~~~~~~~~~~~~~~~~~~~~~~~~~~~~~~~~~~~~~~~~~~~~~~~~~~~~~~~~~~~~~~~~~~~ 


Scaling the data...
~~~~~~~~~~~~~~~~~~~~~~~~~~~~~~~~~~~~~~~~~~~~~~~~~~~~~~~~~~~~~~~~~~~~~~~~~~~~~~~
After OHE
Numerical Index V2 : [0, 1, 2, 3, 4, 5, 6, 7, 8, 9, 10, 11, 12, 14, 15, 16, 17, 18, 19, 20] 


OHE Idx : [13]


Ordinal Idx V2: None


Cat Dims V2 : [70]
Cat Idx V2 : [13] 
 

Train: [[-0.40800336 -1.4636497  -1.11809154 -0.11706556 -0.91278871]
 [-1.52404102 -0.47894358 -0.75385093 -0.19060721 -0.91278871]
 [ 0.70803431  0.50576253 -0.16885843 -0.14934363  0.94420862]
 [-1.52404102 -1.4636497  -1.28365545 -0.16995361 -0.91278871]
 [ 0.70803431  2.14693938 -0.10263287 -0.24676669  0.94420862]
 [-0.40800336  0.50576253 -0.16885843 -0.13586536  0.94420862]
 [-1.52404102 -0.80717896 -0.67658777 -0.21176243  0.01570996]
 [-1.52404102 -1.4636497  -1.22846748 -0.18341008 -0.91278871]
 [-0.40800336 -0.15070821 -0.31234716 -0.18777198 -0.91278871]
 [-0.40800336 -0.47894358 -0.6103622  -0.06821227 -0.91278871]] 
 
 
Val : (6915, 21) 
 

~~~~~~~~~~~~~~~~~~~~~~~~~~~~~~~~~~~~~~~~~~~~~~~~~~~~~~~~~~~~~~~~~~~~~~~~~~~~~~~
Cat Idx V3 : [13] 
 

~~~~~~~~~~~~~~~~~~~~~~~~~~~~~~~~~~~~~~~~~~~~~~~~~~~~~~~~~~~~~~~~~~~~~~~~~~~~~~~
After ORDINAL
Numerical Index V2 : [0, 1, 2, 3, 4, 5, 6, 7, 8, 9, 10, 11, 12, 14, 15, 16, 17, 18, 19, 20] 


OHE Idx : [13]


Ordinal Idx V2: None


Cat Dims V2 : [70, 71]
Cat Idx V2 : [13] 
 

Train: [[-4.08003358e-01 -1.46364970e+00 -1.11809154e+00 -1.17065563e-01
  -9.12788706e-01 -8.87162488e-02 -3.07924311e-01  8.96096872e-01
  -5.59475382e-01 -8.86445388e-01 -6.60379672e-01 -4.66884194e-01
  -2.22068662e-01  6.70000000e+01 -8.20499942e-01 -4.99055981e-01
  -1.25350496e+00 -7.10319768e-02  1.44371040e+00 -1.14017854e+00
   8.46237689e-01]
 [-1.52404102e+00 -4.78943585e-01 -7.53850928e-01 -1.90607214e-01
  -9.12788706e-01 -8.87162488e-02 -3.07924311e-01 -6.33905565e-01
  -1.41920255e+00 -1.30382134e+00  8.60737502e-01 -1.01119377e+00
  -2.22068662e-01  4.90000000e+01  9.63006802e-01 -6.77905824e-01
  -1.56199562e+00 -2.29555328e-01  1.44371040e+00 -5.00631606e-01
   9.61205245e-01]
 [ 7.08034308e-01  5.05762527e-01 -1.68858432e-01 -1.49343630e-01
   9.44208617e-01 -8.87162488e-02  2.27304128e+00  8.96096872e-01
  -5.59475382e-01  1.69270261e-01 -6.60379672e-01  7.91831697e-01
  -2.22068662e-01  1.20000000e+01 -2.61982812e+00  1.46829229e+00
  -2.39892782e-01 -1.51148179e-01 -6.92659689e-01  1.38915328e-01
  -8.78275647e-01]
 [-1.52404102e+00 -1.46364970e+00 -1.28365545e+00 -1.69953612e-01
  -9.12788706e-01 -8.87162488e-02 -3.07924311e-01 -6.33905565e-01
  -1.41920255e+00 -1.07058184e+00 -6.60379672e-01 -1.18129051e+00
  -2.22068662e-01  5.50000000e+01  1.26361399e+00 -6.56443842e-01
  -9.89084389e-01 -2.21044943e-01 -6.92659689e-01  4.58688795e-01
   1.19114036e+00]
 [ 7.08034308e-01  2.14693938e+00 -1.02632867e-01 -2.46766689e-01
   9.44208617e-01 -8.87162488e-02 -3.07924311e-01 -6.33905565e-01
   1.15997896e+00  2.42924842e-01 -6.60379672e-01  1.30212192e+00
  -2.22068662e-01  4.20000000e+01  9.53657775e-01 -1.02129752e+00
  -7.39353853e-01 -3.18147035e-01 -6.92659689e-01  1.38915328e-01
   1.76597814e+00]
 [-4.08003358e-01  5.05762527e-01 -1.68858432e-01 -1.35865356e-01
   9.44208617e-01 -8.87162488e-02 -3.07924311e-01 -6.33905565e-01
   3.00251788e-01  1.69270261e-01 -6.60379672e-01  5.87715607e-01
  -2.22068662e-01  3.00000000e+01 -5.44344059e-01 -1.27048307e-01
  -7.83024353e-02 -1.99141167e-01 -6.92659689e-01 -5.00631606e-01
  -9.93243203e-01]
 [-1.52404102e+00 -8.07178956e-01 -6.76587768e-01 -2.11762433e-01
   1.57099557e-02 -8.87162488e-02 -3.07924311e-01 -6.33905565e-01
  -5.59475382e-01 -3.95414853e-01 -6.60379672e-01 -1.99775487e+00
  -2.22068662e-01  4.90000000e+01  9.08350950e-01 -7.06521799e-01
  -2.98652908e-01 -3.19542180e-01  1.44371040e+00 -1.77972547e+00
   1.42107547e+00]
 [-1.52404102e+00 -1.46364970e+00 -1.22846748e+00 -1.83410077e-01
  -9.12788706e-01 -8.87162488e-02 -3.07924311e-01 -6.33905565e-01
  -3.13865689e+00 -1.00920302e+00 -6.60379672e-01 -1.79363878e+00
  -2.22068662e-01  6.80000000e+01 -1.23041883e+00 -6.70751830e-01
  -1.95822687e-01 -1.68866520e-01  1.44371040e+00 -8.20405073e-01
  -8.78275647e-01]
 [-4.08003358e-01 -1.50708214e-01 -3.12347158e-01 -1.87771978e-01
  -9.12788706e-01 -8.87162488e-02 -3.07924311e-01  8.96096872e-01
  -5.59475382e-01 -6.65481647e-01  5.88298605e-01 -2.28748755e-01
  -2.22068662e-01  5.70000000e+01  1.22621788e+00 -8.99679629e-01
  -7.54043885e-01 -2.14906305e-01  1.44371040e+00 -1.14017854e+00
   4.14647989e-02]
 [-4.08003358e-01 -4.78943585e-01 -6.10362202e-01 -6.82122718e-02
  -9.12788706e-01 -8.87162488e-02 -3.07924311e-01 -6.33905565e-01
   3.00251788e-01 -6.90033174e-01  2.07175696e-02  2.47522122e-01
  -2.22068662e-01  6.20000000e+01  1.39593868e+00 -6.13519880e-01
  -1.81132656e-01  1.87804827e-02 -6.92659689e-01  1.38915328e-01
   4.14647989e-02]] 
 
 
Val : (6915, 21) 
 

FINISHED ENCODING
~~~~~~~~~~~~~~~~~~~~~~~~~~~~~~~~~~~~~~~~~~~~~~~~~~~~~~~~~~~~~~~~~~~~~~~~~~~~~~~


~~~~~~~~~~~~~~~~~~~~~~~~~~~~~~~~~~~~~~~~~~~~~~~~~~~~~~~~~~~~~~~~~~~~~~~~~~~~~~~
Test numpy array issues
X dtype: float64
X Val dtype: float64
X dtype: float32
X Val dtype: float32
Number of bins: 94
Number of Classes B4 Bin Verifier: 94
Unique values in y: (array([ 0.,  1.,  2.,  3.,  4.,  5.,  6.,  7.,  8.,  9., 10., 11., 12.,
       13., 14., 15., 16., 17., 18., 19., 20., 21., 22., 23., 24., 25.,
       26., 27., 28., 29., 30., 31., 32., 33., 34., 35., 36., 37., 38.,
       39., 40., 41., 42., 43., 44., 45., 46., 47., 48., 49., 50., 51.,
       52., 53., 54., 55., 56., 57., 58., 59., 60., 61., 62., 63., 64.,
       65., 66., 67., 68., 69., 70., 71., 72., 73., 74., 75., 76., 77.,
       78., 79., 80., 81., 82., 83., 84., 85., 86., 87., 88., 89., 90.,
       91., 92., 93.]), 94)
Unique values in y_val: (array([ 0.,  1.,  2.,  3.,  4.,  5.,  6.,  7.,  8.,  9., 10., 11., 12.,
       13., 14., 15., 16., 17., 18., 19., 20., 21., 22., 23., 24., 25.,
       26., 27., 28., 29., 30., 31., 32., 33., 34., 35., 36., 37., 38.,
       39., 40., 41., 42., 43., 44., 45., 46., 47., 48., 49., 50., 51.,
       52., 53., 54., 55., 56., 57., 58., 59., 60., 61., 62., 63., 64.,
       65., 66., 67., 68., 69., 70., 71., 72., 73., 74., 75., 76., 77.,
       78., 79., 80., 81., 82., 83., 84., 85., 86., 87., 88., 89., 90.,
       91., 92., 93.]), 94)
No need to shift labels.
VERIFY SHIFT
Y shape : (6915,) , Y_val shape : (1729,)
Train after shift : [ 0  1  2  3  4  5  6  7  8  9 10 11 12 13 14 15 16 17 18 19 20 21 22 23
 24 25 26 27 28 29 30 31 32 33 34 35 36 37 38 39 40 41 42 43 44 45 46 47
 48 49 50 51 52 53 54 55 56 57 58 59 60 61 62 63 64 65 66 67 68 69 70 71
 72 73 74 75 76 77 78 79 80 81 82 83 84 85 86 87 88 89 90 91 92 93], Length : 94
Number of Classes After Bin Verifier: 94 


After Debugging -- Inner Fold 1
DEBUG Inner Fold 1: num_features: 21
DEBUG Inner Fold 1: num_classes: 94
DEBUG Inner Fold 1: cat_idx: [13]
DEBUG Inner Fold 1: nominal_idx: [13]
DEBUG Inner Fold 1: ordinal_idx: None
DEBUG Inner Fold 1: num_idx: [0, 1, 2, 3, 4, 5, 6, 7, 8, 9, 10, 11, 12, 14, 15, 16, 17, 18, 19, 20]
DEBUG Inner Fold 1: cat_dims: [70, 71]
DEBUG Inner Fold 1: bin_alt: [0, 1, 2, 3, 4, 5, 6, 7, 8, 9, 10, 11, 12, 13, 14, 15, 16, 17, 18, 19, 20, 21, 22, 23, 24, 25, 26, 27, 28, 29, 30, 31, 32, 33, 34, 35, 36, 37, 38, 39, 40, 41, 42, 43, 44, 45, 46, 47, 48, 49, 50, 51, 52, 53, 54, 55, 56, 57, 58, 59, 60, 61, 62, 63, 64, 65, 66, 67, 68, 69, 70, 71, 72, 73, 74, 75, 76, 77, 78, 79, 80, 81, 82, 83, 84, 85, 86, 87, 88, 89, 90, 91, 92, 93]
**** Data b4 Fitting ****


----------------------------------------------------------------------------
Training CatBoost Vesion 1 with Dataset: config/mip_2016.yml 



----------------------------------------------------------------------------
Running Mode: Nested CV with Hyperparameter Optimization
Arguements: Namespace(batch_size=128, bin_alt=None, cat_dims=[2], cat_idx=[0], config='config/mip_2016.yml', data_parallel=False, dataset='MIP', direction='minimize', dropna_idx=[0], early_stopping_rounds=20, epochs=100, frequency_reg=False, gpu_ids=[0, 1], logging_period=100, miss_cat_idx=None, miss_num_idx=None, model_name='CatBoost', n_trials=5, nominal_idx=[145, 146], num_bins=10, num_classes=1, num_features=147, num_idx=None, num_splits=5, objective='probabilistic_regression', one_hot_encode=True, optimize_hyperparameters=True, ordinal_encode=False, ordinal_idx=None, outer_splits=2, save_results=False, scale=True, seed=221, shuffle=True, target_encode=False, use_gpu=True, val_batch_size=256, weighted_loss=False, y_distribution='bimodial')
--- Running Nested Cross-Validation with Hyperparameter Optimization ---
Loading dataset MIP...
Dataset loaded! 

(1090, 146)
--- Starting Nested Cross-Validation (2 Outer Folds, 5 Inner Folds) ---
Hyperparameter Optimization per Outer Fold: True

--- Outer Fold 1/2 ---
Starting Hyperparameter Optimization for Outer Fold 1...
  outer_1_inner Fold 1/5
Before Debugging -- Inner Fold 1
DEBUG Inner Fold 1: num_features: 146
DEBUG Inner Fold 1: num_classes: 1
DEBUG Inner Fold 1: cat_idx: [0]
DEBUG Inner Fold 1: nominal_idx: [144, 145]
DEBUG Inner Fold 1: ordinal_idx: None
DEBUG Inner Fold 1: num_idx: None
DEBUG Inner Fold 1: cat_dims: [2]
DEBUG Inner Fold 1: bin_alt: None
~~~~~~~~~~~~~~~~~~~~~~~~~~~~~~~~~~~~~~~~~~~~~~~~~~~~~~~~~~~~~~~~~~~~~~~~~~~~~~~
BEFORE ANY ENCODING
num_features :146
num_classes : 1
cat_idx : [0]
nominal_idx : [144, 145]
ordinal_idx : None
num_idx : None
cat_dims : [2]
bin_alt : None 


X_train shape : (348, 146)
~~~~~~~~~~~~~~~~~~~~~~~~~~~~~~~~~~~~~~~~~~~~~~~~~~~~~~~~~~~~~~~~~~~~~~~~~~~~~~~
~~~~~~~~~~~~~~~~~~~~~~~~~~~~~~~~~~~~~~~~~~~~~~~~~~~~~~~~~~~~~~~~~~~~~~~~~~~~~~~
AFTER getting cat idx
Nominal Index : [144, 145]
Ordinal Index : None
Cat Idx : [0]
Cat dims : [2]
~~~~~~~~~~~~~~~~~~~~~~~~~~~~~~~~~~~~~~~~~~~~~~~~~~~~~~~~~~~~~~~~~~~~~~~~~~~~~~~
BEFORE getting cat idx
Nominal Index : [144, 145]
Ordinal Index : None
Cat Idx : [144, 145]
Cat dims : []
No one Hot for this Baby!!! 

~~~~~~~~~~~~~~~~~~~~~~~~~~~~~~~~~~~~~~~~~~~~~~~~~~~~~~~~~~~~~~~~~~~~~~~~~~~~~~~ 


AFTER SEPARATING CATEGORICALS AND NUMERICALS
Ordinal Index : None
Numerical Index V1 : [0, 1, 2, 3, 4, 5, 6, 7, 8, 9, 10, 11, 12, 13, 14, 15, 16, 17, 18, 19, 20, 21, 22, 23, 24, 25, 26, 27, 28, 29, 30, 31, 32, 33, 34, 35, 36, 37, 38, 39, 40, 41, 42, 43, 44, 45, 46, 47, 48, 49, 50, 51, 52, 53, 54, 55, 56, 57, 58, 59, 60, 61, 62, 63, 64, 65, 66, 67, 68, 69, 70, 71, 72, 73, 74, 75, 76, 77, 78, 79, 80, 81, 82, 83, 84, 85, 86, 87, 88, 89, 90, 91, 92, 93, 94, 95, 96, 97, 98, 99, 100, 101, 102, 103, 104, 105, 106, 107, 108, 109, 110, 111, 112, 113, 114, 115, 116, 117, 118, 119, 120, 121, 122, 123, 124, 125, 126, 127, 128, 129, 130, 131, 132, 133, 134, 135, 136, 137, 138, 139, 140, 141, 142, 143]
Cat Idx V1 : [144, 145] 
Cat Dims V1 : [5, 2]
 

~~~~~~~~~~~~~~~~~~~~~~~~~~~~~~~~~~~~~~~~~~~~~~~~~~~~~~~~~~~~~~~~~~~~~~~~~~~~~~~ 


Scaling the data...
~~~~~~~~~~~~~~~~~~~~~~~~~~~~~~~~~~~~~~~~~~~~~~~~~~~~~~~~~~~~~~~~~~~~~~~~~~~~~~~
After OHE
Numerical Index V2 : [0, 1, 2, 3, 4, 5, 6, 7, 8, 9, 10, 11, 12, 13, 14, 15, 16, 17, 18, 19, 20, 21, 22, 23, 24, 25, 26, 27, 28, 29, 30, 31, 32, 33, 34, 35, 36, 37, 38, 39, 40, 41, 42, 43, 44, 45, 46, 47, 48, 49, 50, 51, 52, 53, 54, 55, 56, 57, 58, 59, 60, 61, 62, 63, 64, 65, 66, 67, 68, 69, 70, 71, 72, 73, 74, 75, 76, 77, 78, 79, 80, 81, 82, 83, 84, 85, 86, 87, 88, 89, 90, 91, 92, 93, 94, 95, 96, 97, 98, 99, 100, 101, 102, 103, 104, 105, 106, 107, 108, 109, 110, 111, 112, 113, 114, 115, 116, 117, 118, 119, 120, 121, 122, 123, 124, 125, 126, 127, 128, 129, 130, 131, 132, 133, 134, 135, 136, 137, 138, 139, 140, 141, 142, 143] 


OHE Idx : [144, 145]


Ordinal Idx V2: None


Cat Dims V2 : [5, 2]
Cat Idx V2 : [144, 145] 
 

Train: [[0.0 0.0 -0.07448934257739598 0.03958236031432974 -0.056225907366599465]
 [0.0 0.0 -0.39671869967829576 -0.3399491178353402 -0.1331915056296986]
 [0.0 0.0 -0.44771638784797163 -0.3831465506255267 -0.17606591844624372]
 [0.0 0.0 -0.3176193629238049 -0.39081313484479263 -0.15701939368008164]
 [0.0 0.0 3.0983617429507087 4.279388341907614 0.18082012503256842]
 [0.0 0.0 -0.10980540363517659 -0.38158194160118675 -0.047040862836570066]
 [0.0 0.0 -0.40712991767820417 -0.3695628995505751 -0.17127411835267112]
 [0.0 0.0 3.1525562366473276 2.0143749759626406 0.3662339569679946]
 [0.0 0.0 -0.36706184840469774 -0.34821309822753593 -0.116913996844644]
 [0.0 0.0 -0.44855878930439574 -0.39522248754975076 -0.17726549922109808]] 
 
 
Val : (348, 146) 
 

~~~~~~~~~~~~~~~~~~~~~~~~~~~~~~~~~~~~~~~~~~~~~~~~~~~~~~~~~~~~~~~~~~~~~~~~~~~~~~~
Cat Idx V3 : [144, 145] 
 

~~~~~~~~~~~~~~~~~~~~~~~~~~~~~~~~~~~~~~~~~~~~~~~~~~~~~~~~~~~~~~~~~~~~~~~~~~~~~~~
After ORDINAL
Numerical Index V2 : [0, 1, 2, 3, 4, 5, 6, 7, 8, 9, 10, 11, 12, 13, 14, 15, 16, 17, 18, 19, 20, 21, 22, 23, 24, 25, 26, 27, 28, 29, 30, 31, 32, 33, 34, 35, 36, 37, 38, 39, 40, 41, 42, 43, 44, 45, 46, 47, 48, 49, 50, 51, 52, 53, 54, 55, 56, 57, 58, 59, 60, 61, 62, 63, 64, 65, 66, 67, 68, 69, 70, 71, 72, 73, 74, 75, 76, 77, 78, 79, 80, 81, 82, 83, 84, 85, 86, 87, 88, 89, 90, 91, 92, 93, 94, 95, 96, 97, 98, 99, 100, 101, 102, 103, 104, 105, 106, 107, 108, 109, 110, 111, 112, 113, 114, 115, 116, 117, 118, 119, 120, 121, 122, 123, 124, 125, 126, 127, 128, 129, 130, 131, 132, 133, 134, 135, 136, 137, 138, 139, 140, 141, 142, 143] 


OHE Idx : [144, 145]


Ordinal Idx V2: None


Cat Dims V2 : [5, 2, 6, 3]
Cat Idx V2 : [144, 145] 
 

Train: [[0.0 0.0 -0.07448934257739598 ... 0.5336055756917906 1.0 0.0]
 [0.0 0.0 -0.39671869967829576 ... -0.36811702227232307 4.0 0.0]
 [0.0 0.0 -0.44771638784797163 ... -0.30800218240804883 3.0 0.0]
 ...
 [0.0 0.0 3.1525562366473276 ... -0.36811702227232307 1.0 0.0]
 [0.0 0.0 -0.36706184840469774 ... -0.36811702227232307 4.0 0.0]
 [0.0 0.0 -0.44855878930439574 ... -0.36811702227232307 4.0 0.0]] 
 
 
Val : (348, 146) 
 

FINISHED ENCODING
~~~~~~~~~~~~~~~~~~~~~~~~~~~~~~~~~~~~~~~~~~~~~~~~~~~~~~~~~~~~~~~~~~~~~~~~~~~~~~~


~~~~~~~~~~~~~~~~~~~~~~~~~~~~~~~~~~~~~~~~~~~~~~~~~~~~~~~~~~~~~~~~~~~~~~~~~~~~~~~
Test numpy array issues
X dtype: object
X Val dtype: object
X dtype: float32
X Val dtype: float32
Number of bins: 84
Number of Classes B4 Bin Verifier: 84
Unique values in y: (array([ 0.,  1.,  2.,  3.,  4.,  5.,  6.,  7.,  8.,  9., 10., 11., 12.,
       13., 14., 15., 16., 17., 18., 19., 20., 21., 22., 23., 24., 25.,
       26., 27., 28., 29., 30., 31., 32., 33., 34., 35., 36., 37., 38.,
       39., 40., 41., 42., 43., 44., 45., 46., 47., 48., 49., 50., 51.,
       52., 53., 54., 55., 56., 57., 58., 59., 60., 61., 62., 63., 64.,
       65., 66., 67., 68., 69., 70., 71., 72., 73., 74., 75., 76., 77.,
       78., 79., 80., 81., 82., 83.]), 84)
Unique values in y_val: (array([ 0.,  2.,  5., 13., 15., 23., 25., 37., 38., 40., 41., 42., 46.,
       53., 60., 61., 62., 63., 64., 65., 66., 67., 68., 69., 70., 72.,
       78., 80., 83.]), 29)
No need to shift labels.
VERIFY SHIFT
Y shape : (348,) , Y_val shape : (88,)
Train after shift : [ 0  1  2  3  4  5  6  7  8  9 10 11 12 13 14 15 16 17 18 19 20 21 22 23
 24 25 26 27 28 29 30 31 32 33 34 35 36 37 38 39 40 41 42 43 44 45 46 47
 48 49 50 51 52 53 54 55 56 57 58 59 60 61 62 63 64 65 66 67 68 69 70 71
 72 73 74 75 76 77 78 79 80 81 82 83], Length : 84
Number of Classes After Bin Verifier: 84 


After Debugging -- Inner Fold 1
DEBUG Inner Fold 1: num_features: 146
DEBUG Inner Fold 1: num_classes: 84
DEBUG Inner Fold 1: cat_idx: [144, 145]
DEBUG Inner Fold 1: nominal_idx: [144, 145]
DEBUG Inner Fold 1: ordinal_idx: None
DEBUG Inner Fold 1: num_idx: [0, 1, 2, 3, 4, 5, 6, 7, 8, 9, 10, 11, 12, 13, 14, 15, 16, 17, 18, 19, 20, 21, 22, 23, 24, 25, 26, 27, 28, 29, 30, 31, 32, 33, 34, 35, 36, 37, 38, 39, 40, 41, 42, 43, 44, 45, 46, 47, 48, 49, 50, 51, 52, 53, 54, 55, 56, 57, 58, 59, 60, 61, 62, 63, 64, 65, 66, 67, 68, 69, 70, 71, 72, 73, 74, 75, 76, 77, 78, 79, 80, 81, 82, 83, 84, 85, 86, 87, 88, 89, 90, 91, 92, 93, 94, 95, 96, 97, 98, 99, 100, 101, 102, 103, 104, 105, 106, 107, 108, 109, 110, 111, 112, 113, 114, 115, 116, 117, 118, 119, 120, 121, 122, 123, 124, 125, 126, 127, 128, 129, 130, 131, 132, 133, 134, 135, 136, 137, 138, 139, 140, 141, 142, 143]
DEBUG Inner Fold 1: cat_dims: [5, 2, 6, 3]
DEBUG Inner Fold 1: bin_alt: [0, 1, 2, 3, 4, 5, 6, 7, 8, 9, 10, 11, 12, 13, 14, 15, 16, 17, 18, 19, 20, 21, 22, 23, 24, 25, 26, 27, 28, 29, 30, 31, 32, 33, 34, 35, 36, 37, 38, 39, 40, 41, 42, 43, 44, 45, 46, 47, 48, 49, 50, 51, 52, 53, 54, 55, 56, 57, 58, 59, 60, 61, 62, 63, 64, 65, 66, 67, 68, 69, 70, 71, 72, 73, 74, 75, 76, 77, 78, 79, 80, 81, 82, 83]
**** Data b4 Fitting ****
