[I 2025-05-03 23:00:35,891] A new study created in memory with name: CatBoost_Brazillian_Houses_outer1
[I 2025-05-03 23:00:36,399] Trial 0 finished with value: 0.0 and parameters: {'learning_rate': 0.01859064389227231, 'max_depth': 9, 'l2_leaf_reg': 29.624406804557996}. Best is trial 0 with value: 0.0.
[I 2025-05-03 23:00:36,859] Trial 1 finished with value: 0.0 and parameters: {'learning_rate': 0.01355935437557538, 'max_depth': 12, 'l2_leaf_reg': 0.8338843912135143}. Best is trial 0 with value: 0.0.
[I 2025-05-03 23:00:37,322] Trial 2 finished with value: 0.0 and parameters: {'learning_rate': 0.013108127513573391, 'max_depth': 6, 'l2_leaf_reg': 16.894366032135387}. Best is trial 0 with value: 0.0.
[I 2025-05-03 23:00:37,789] Trial 3 finished with value: 0.0 and parameters: {'learning_rate': 0.296238757220422, 'max_depth': 8, 'l2_leaf_reg': 1.1057799874062746}. Best is trial 0 with value: 0.0.
[I 2025-05-03 23:00:38,260] Trial 4 finished with value: 0.0 and parameters: {'learning_rate': 0.01480559640795274, 'max_depth': 3, 'l2_leaf_reg': 1.4054207131769902}. Best is trial 0 with value: 0.0.
[I 2025-05-03 23:00:38,410] A new study created in memory with name: CatBoost_Brazillian_Houses_outer2
[I 2025-05-03 23:00:38,947] Trial 0 finished with value: 0.0 and parameters: {'learning_rate': 0.011788994405125687, 'max_depth': 11, 'l2_leaf_reg': 0.5488954738817952}. Best is trial 0 with value: 0.0.
[I 2025-05-03 23:00:39,476] Trial 1 finished with value: 0.0 and parameters: {'learning_rate': 0.24955784826299832, 'max_depth': 2, 'l2_leaf_reg': 16.67333710678084}. Best is trial 0 with value: 0.0.
[I 2025-05-03 23:00:40,011] Trial 2 finished with value: 0.0 and parameters: {'learning_rate': 0.010131073670737617, 'max_depth': 3, 'l2_leaf_reg': 12.933908567873635}. Best is trial 0 with value: 0.0.
[I 2025-05-03 23:00:40,541] Trial 3 finished with value: 0.0 and parameters: {'learning_rate': 0.010185857045486538, 'max_depth': 2, 'l2_leaf_reg': 2.595177118931529}. Best is trial 0 with value: 0.0.
[I 2025-05-03 23:00:41,062] Trial 4 finished with value: 0.0 and parameters: {'learning_rate': 0.21698081014519643, 'max_depth': 2, 'l2_leaf_reg': 0.6826585983945092}. Best is trial 0 with value: 0.0.
[I 2025-05-03 23:00:41,215] A new study created in memory with name: CatBoost_Brazillian_Houses_outer3
[I 2025-05-03 23:00:41,688] Trial 0 finished with value: 0.0 and parameters: {'learning_rate': 0.10670967548841738, 'max_depth': 2, 'l2_leaf_reg': 1.977487474903141}. Best is trial 0 with value: 0.0.
[I 2025-05-03 23:00:42,165] Trial 1 finished with value: 0.0 and parameters: {'learning_rate': 0.12201827170430705, 'max_depth': 10, 'l2_leaf_reg': 4.9287589519354}. Best is trial 0 with value: 0.0.
[I 2025-05-03 23:00:42,646] Trial 2 finished with value: 0.0 and parameters: {'learning_rate': 0.02458167790267563, 'max_depth': 11, 'l2_leaf_reg': 28.379877548878852}. Best is trial 0 with value: 0.0.
[I 2025-05-03 23:00:43,129] Trial 3 finished with value: 0.0 and parameters: {'learning_rate': 0.1715435722196662, 'max_depth': 7, 'l2_leaf_reg': 0.7604768701419463}. Best is trial 0 with value: 0.0.
[I 2025-05-03 23:00:43,612] Trial 4 finished with value: 0.0 and parameters: {'learning_rate': 0.01689253230494177, 'max_depth': 6, 'l2_leaf_reg': 8.75382828858166}. Best is trial 0 with value: 0.0.
[I 2025-05-03 23:00:43,767] A new study created in memory with name: CatBoost_Brazillian_Houses_outer4
[I 2025-05-03 23:00:44,293] Trial 0 finished with value: 0.0 and parameters: {'learning_rate': 0.032766663771205365, 'max_depth': 4, 'l2_leaf_reg': 28.20766610718874}. Best is trial 0 with value: 0.0.
[I 2025-05-03 23:00:44,820] Trial 1 finished with value: 0.0 and parameters: {'learning_rate': 0.043815870447258, 'max_depth': 5, 'l2_leaf_reg': 1.2452223280486339}. Best is trial 0 with value: 0.0.
[I 2025-05-03 23:00:45,335] Trial 2 finished with value: 0.0 and parameters: {'learning_rate': 0.22785697564471352, 'max_depth': 3, 'l2_leaf_reg': 2.069198487810981}. Best is trial 0 with value: 0.0.
[I 2025-05-03 23:00:45,860] Trial 3 finished with value: 0.0 and parameters: {'learning_rate': 0.013964280329917313, 'max_depth': 6, 'l2_leaf_reg': 11.026810279256159}. Best is trial 0 with value: 0.0.
[I 2025-05-03 23:00:46,378] Trial 4 finished with value: 0.0 and parameters: {'learning_rate': 0.07302239642194215, 'max_depth': 3, 'l2_leaf_reg': 7.446725930769769}. Best is trial 0 with value: 0.0.
[I 2025-05-03 23:00:46,527] A new study created in memory with name: CatBoost_Brazillian_Houses_outer5
[I 2025-05-03 23:00:47,044] Trial 0 finished with value: 0.0 and parameters: {'learning_rate': 0.08894987883596389, 'max_depth': 2, 'l2_leaf_reg': 0.6166466460092691}. Best is trial 0 with value: 0.0.
[I 2025-05-03 23:00:47,557] Trial 1 finished with value: 0.0 and parameters: {'learning_rate': 0.21334281389419626, 'max_depth': 5, 'l2_leaf_reg': 0.9834464372216114}. Best is trial 0 with value: 0.0.
[I 2025-05-03 23:00:48,071] Trial 2 finished with value: 0.0 and parameters: {'learning_rate': 0.028827860131893413, 'max_depth': 2, 'l2_leaf_reg': 4.0274714706380665}. Best is trial 0 with value: 0.0.
[I 2025-05-03 23:00:48,587] Trial 3 finished with value: 0.0 and parameters: {'learning_rate': 0.2090920173909824, 'max_depth': 11, 'l2_leaf_reg': 6.314638339914492}. Best is trial 0 with value: 0.0.
[I 2025-05-03 23:00:49,108] Trial 4 finished with value: 0.0 and parameters: {'learning_rate': 0.014809923951127507, 'max_depth': 2, 'l2_leaf_reg': 1.962222409523071}. Best is trial 0 with value: 0.0.
Traceback (most recent call last):
  File "train.py", line 1192, in <module>
    main(arguments)
  File "train.py", line 1063, in main
    agg_scorer, avg_train_time, avg_test_time = nested_cross_validation(
  File "train.py", line 705, in nested_cross_validation
    best_hp_idx = best_loss_dict.index(min(best_loss_dict))
ValueError: min() arg is an empty sequence
srun: error: stud-000: task 0: Exited with exit code 1
[I 2025-05-03 23:00:55,954] A new study created in memory with name: CatBoost_Abalone_outer1
[I 2025-05-03 23:00:56,023] Trial 0 finished with value: 0.0 and parameters: {'learning_rate': 0.038993165147635525, 'max_depth': 8, 'l2_leaf_reg': 4.788275564655277}. Best is trial 0 with value: 0.0.
[I 2025-05-03 23:00:56,056] Trial 1 finished with value: 0.0 and parameters: {'learning_rate': 0.188392530699354, 'max_depth': 12, 'l2_leaf_reg': 3.0660939346833196}. Best is trial 0 with value: 0.0.
[I 2025-05-03 23:00:56,087] Trial 2 finished with value: 0.0 and parameters: {'learning_rate': 0.04962943466478425, 'max_depth': 9, 'l2_leaf_reg': 0.7228839859711085}. Best is trial 0 with value: 0.0.
[I 2025-05-03 23:00:56,118] Trial 3 finished with value: 0.0 and parameters: {'learning_rate': 0.11568592058423591, 'max_depth': 2, 'l2_leaf_reg': 29.81852839130284}. Best is trial 0 with value: 0.0.
[I 2025-05-03 23:00:56,150] Trial 4 finished with value: 0.0 and parameters: {'learning_rate': 0.04353565407216664, 'max_depth': 2, 'l2_leaf_reg': 17.79551981053507}. Best is trial 0 with value: 0.0.
[I 2025-05-03 23:00:56,156] A new study created in memory with name: CatBoost_Abalone_outer2
[I 2025-05-03 23:00:56,191] Trial 0 finished with value: 0.0 and parameters: {'learning_rate': 0.08301357855179274, 'max_depth': 8, 'l2_leaf_reg': 2.7637894438020996}. Best is trial 0 with value: 0.0.
[I 2025-05-03 23:00:56,224] Trial 1 finished with value: 0.0 and parameters: {'learning_rate': 0.012758938907652017, 'max_depth': 12, 'l2_leaf_reg': 0.76976093259461}. Best is trial 0 with value: 0.0.
[I 2025-05-03 23:00:56,256] Trial 2 finished with value: 0.0 and parameters: {'learning_rate': 0.05512300596322529, 'max_depth': 7, 'l2_leaf_reg': 0.803069714286634}. Best is trial 0 with value: 0.0.
[I 2025-05-03 23:00:56,288] Trial 3 finished with value: 0.0 and parameters: {'learning_rate': 0.11223181613704826, 'max_depth': 11, 'l2_leaf_reg': 8.28361179805606}. Best is trial 0 with value: 0.0.
[I 2025-05-03 23:00:56,322] Trial 4 finished with value: 0.0 and parameters: {'learning_rate': 0.01024014120279276, 'max_depth': 4, 'l2_leaf_reg': 3.2563594151309854}. Best is trial 0 with value: 0.0.
[I 2025-05-03 23:00:56,329] A new study created in memory with name: CatBoost_Abalone_outer3
[I 2025-05-03 23:00:56,362] Trial 0 finished with value: 0.0 and parameters: {'learning_rate': 0.13497280155213684, 'max_depth': 3, 'l2_leaf_reg': 11.228352300592427}. Best is trial 0 with value: 0.0.
[I 2025-05-03 23:00:56,396] Trial 1 finished with value: 0.0 and parameters: {'learning_rate': 0.035591508105307486, 'max_depth': 10, 'l2_leaf_reg': 22.2056430346985}. Best is trial 0 with value: 0.0.
[I 2025-05-03 23:00:56,428] Trial 2 finished with value: 0.0 and parameters: {'learning_rate': 0.015802717250178927, 'max_depth': 2, 'l2_leaf_reg': 1.2726163245137172}. Best is trial 0 with value: 0.0.
[I 2025-05-03 23:00:56,462] Trial 3 finished with value: 0.0 and parameters: {'learning_rate': 0.01007025453030566, 'max_depth': 6, 'l2_leaf_reg': 3.1527562521203625}. Best is trial 0 with value: 0.0.
[I 2025-05-03 23:00:56,495] Trial 4 finished with value: 0.0 and parameters: {'learning_rate': 0.012685320923529662, 'max_depth': 8, 'l2_leaf_reg': 0.5572117154619606}. Best is trial 0 with value: 0.0.
[I 2025-05-03 23:00:56,503] A new study created in memory with name: CatBoost_Abalone_outer4
[I 2025-05-03 23:00:56,537] Trial 0 finished with value: 0.0 and parameters: {'learning_rate': 0.016989854640346955, 'max_depth': 3, 'l2_leaf_reg': 10.239544087343884}. Best is trial 0 with value: 0.0.
[I 2025-05-03 23:00:56,569] Trial 1 finished with value: 0.0 and parameters: {'learning_rate': 0.024976367500318775, 'max_depth': 6, 'l2_leaf_reg': 5.797581651019487}. Best is trial 0 with value: 0.0.
[I 2025-05-03 23:00:56,606] Trial 2 finished with value: 0.0 and parameters: {'learning_rate': 0.07691100809208583, 'max_depth': 3, 'l2_leaf_reg': 1.1024708860128207}. Best is trial 0 with value: 0.0.
[I 2025-05-03 23:00:56,640] Trial 3 finished with value: 0.0 and parameters: {'learning_rate': 0.025201313680110384, 'max_depth': 8, 'l2_leaf_reg': 7.294152233596904}. Best is trial 0 with value: 0.0.
[I 2025-05-03 23:00:56,674] Trial 4 finished with value: 0.0 and parameters: {'learning_rate': 0.24639181218886252, 'max_depth': 2, 'l2_leaf_reg': 10.111109018680542}. Best is trial 0 with value: 0.0.
[I 2025-05-03 23:00:56,682] A new study created in memory with name: CatBoost_Abalone_outer5
[I 2025-05-03 23:00:56,718] Trial 0 finished with value: 0.0 and parameters: {'learning_rate': 0.09175152980581672, 'max_depth': 8, 'l2_leaf_reg': 1.4916481091646507}. Best is trial 0 with value: 0.0.
[I 2025-05-03 23:00:56,751] Trial 1 finished with value: 0.0 and parameters: {'learning_rate': 0.02078158178846443, 'max_depth': 7, 'l2_leaf_reg': 28.027966725756308}. Best is trial 0 with value: 0.0.
[I 2025-05-03 23:00:56,784] Trial 2 finished with value: 0.0 and parameters: {'learning_rate': 0.04432136648454264, 'max_depth': 6, 'l2_leaf_reg': 24.06361597011748}. Best is trial 0 with value: 0.0.
[I 2025-05-03 23:00:56,817] Trial 3 finished with value: 0.0 and parameters: {'learning_rate': 0.2257006036379051, 'max_depth': 5, 'l2_leaf_reg': 1.0821551430424952}. Best is trial 0 with value: 0.0.
[I 2025-05-03 23:00:56,848] Trial 4 finished with value: 0.0 and parameters: {'learning_rate': 0.2826087533522117, 'max_depth': 3, 'l2_leaf_reg': 2.935852939236395}. Best is trial 0 with value: 0.0.
Traceback (most recent call last):
  File "train.py", line 1192, in <module>
    main(arguments)
  File "train.py", line 1063, in main
    agg_scorer, avg_train_time, avg_test_time = nested_cross_validation(
  File "train.py", line 705, in nested_cross_validation
    best_hp_idx = best_loss_dict.index(min(best_loss_dict))
ValueError: min() arg is an empty sequence
srun: error: stud-000: task 0: Exited with exit code 1
[I 2025-05-03 23:01:01,116] A new study created in memory with name: CatBoost_House_Sales_outer1
[I 2025-05-03 23:01:01,395] Trial 0 finished with value: 0.0 and parameters: {'learning_rate': 0.017058549889312394, 'max_depth': 4, 'l2_leaf_reg': 7.712138061222565}. Best is trial 0 with value: 0.0.
[I 2025-05-03 23:01:01,635] Trial 1 finished with value: 0.0 and parameters: {'learning_rate': 0.049425891373106025, 'max_depth': 10, 'l2_leaf_reg': 25.151197157146456}. Best is trial 0 with value: 0.0.
[I 2025-05-03 23:01:01,874] Trial 2 finished with value: 0.0 and parameters: {'learning_rate': 0.0469732827113758, 'max_depth': 5, 'l2_leaf_reg': 2.3026691990294137}. Best is trial 0 with value: 0.0.
[I 2025-05-03 23:01:02,114] Trial 3 finished with value: 0.0 and parameters: {'learning_rate': 0.09866744861791137, 'max_depth': 11, 'l2_leaf_reg': 3.797836456017979}. Best is trial 0 with value: 0.0.
[I 2025-05-03 23:01:02,356] Trial 4 finished with value: 0.0 and parameters: {'learning_rate': 0.2134448474905508, 'max_depth': 5, 'l2_leaf_reg': 1.0676830339688612}. Best is trial 0 with value: 0.0.
[I 2025-05-03 23:01:02,418] A new study created in memory with name: CatBoost_House_Sales_outer2
[I 2025-05-03 23:01:02,657] Trial 0 finished with value: 0.0 and parameters: {'learning_rate': 0.04449181951664567, 'max_depth': 12, 'l2_leaf_reg': 2.7268320987387202}. Best is trial 0 with value: 0.0.
[I 2025-05-03 23:01:02,894] Trial 1 finished with value: 0.0 and parameters: {'learning_rate': 0.03519912667686759, 'max_depth': 2, 'l2_leaf_reg': 5.151365696756081}. Best is trial 0 with value: 0.0.
[I 2025-05-03 23:01:03,137] Trial 2 finished with value: 0.0 and parameters: {'learning_rate': 0.253956438333873, 'max_depth': 12, 'l2_leaf_reg': 9.807501275098272}. Best is trial 0 with value: 0.0.
[I 2025-05-03 23:01:03,376] Trial 3 finished with value: 0.0 and parameters: {'learning_rate': 0.03090822832865933, 'max_depth': 4, 'l2_leaf_reg': 2.232218159398593}. Best is trial 0 with value: 0.0.
[I 2025-05-03 23:01:03,613] Trial 4 finished with value: 0.0 and parameters: {'learning_rate': 0.015755942735982808, 'max_depth': 10, 'l2_leaf_reg': 1.4805877315115754}. Best is trial 0 with value: 0.0.
[I 2025-05-03 23:01:03,674] A new study created in memory with name: CatBoost_House_Sales_outer3
[I 2025-05-03 23:01:03,918] Trial 0 finished with value: 0.0 and parameters: {'learning_rate': 0.22746375828255058, 'max_depth': 12, 'l2_leaf_reg': 1.741499017375213}. Best is trial 0 with value: 0.0.
[I 2025-05-03 23:01:04,160] Trial 1 finished with value: 0.0 and parameters: {'learning_rate': 0.105589133621024, 'max_depth': 3, 'l2_leaf_reg': 8.656169913697015}. Best is trial 0 with value: 0.0.
[I 2025-05-03 23:01:04,401] Trial 2 finished with value: 0.0 and parameters: {'learning_rate': 0.04118151726040973, 'max_depth': 2, 'l2_leaf_reg': 1.3064902179496245}. Best is trial 0 with value: 0.0.
[I 2025-05-03 23:01:04,640] Trial 3 finished with value: 0.0 and parameters: {'learning_rate': 0.12932923602938795, 'max_depth': 10, 'l2_leaf_reg': 10.423964838873895}. Best is trial 0 with value: 0.0.
[I 2025-05-03 23:01:04,878] Trial 4 finished with value: 0.0 and parameters: {'learning_rate': 0.05284730449399, 'max_depth': 10, 'l2_leaf_reg': 1.1077706252647082}. Best is trial 0 with value: 0.0.
[I 2025-05-03 23:01:04,939] A new study created in memory with name: CatBoost_House_Sales_outer4
[I 2025-05-03 23:01:05,177] Trial 0 finished with value: 0.0 and parameters: {'learning_rate': 0.025337469966750476, 'max_depth': 4, 'l2_leaf_reg': 9.493051500712175}. Best is trial 0 with value: 0.0.
[I 2025-05-03 23:01:05,407] Trial 1 finished with value: 0.0 and parameters: {'learning_rate': 0.01882162473327398, 'max_depth': 4, 'l2_leaf_reg': 7.76400709698879}. Best is trial 0 with value: 0.0.
[I 2025-05-03 23:01:05,640] Trial 2 finished with value: 0.0 and parameters: {'learning_rate': 0.04310409159586611, 'max_depth': 10, 'l2_leaf_reg': 1.404926158706467}. Best is trial 0 with value: 0.0.
[I 2025-05-03 23:01:05,873] Trial 3 finished with value: 0.0 and parameters: {'learning_rate': 0.0645184241707043, 'max_depth': 2, 'l2_leaf_reg': 1.559209982361563}. Best is trial 0 with value: 0.0.
[I 2025-05-03 23:01:06,105] Trial 4 finished with value: 0.0 and parameters: {'learning_rate': 0.26344003208976324, 'max_depth': 4, 'l2_leaf_reg': 24.657640134180493}. Best is trial 0 with value: 0.0.
[I 2025-05-03 23:01:06,166] A new study created in memory with name: CatBoost_House_Sales_outer5
[I 2025-05-03 23:01:06,405] Trial 0 finished with value: 0.0 and parameters: {'learning_rate': 0.1559569256458275, 'max_depth': 3, 'l2_leaf_reg': 2.648791110054934}. Best is trial 0 with value: 0.0.
[I 2025-05-03 23:01:06,648] Trial 1 finished with value: 0.0 and parameters: {'learning_rate': 0.025409017387101336, 'max_depth': 3, 'l2_leaf_reg': 1.6134569986285594}. Best is trial 0 with value: 0.0.
[I 2025-05-03 23:01:06,886] Trial 2 finished with value: 0.0 and parameters: {'learning_rate': 0.04185496126992158, 'max_depth': 3, 'l2_leaf_reg': 26.968620584763045}. Best is trial 0 with value: 0.0.
[I 2025-05-03 23:01:07,124] Trial 3 finished with value: 0.0 and parameters: {'learning_rate': 0.038855928752155475, 'max_depth': 4, 'l2_leaf_reg': 7.6061194134054375}. Best is trial 0 with value: 0.0.
[I 2025-05-03 23:01:07,360] Trial 4 finished with value: 0.0 and parameters: {'learning_rate': 0.16674908564474408, 'max_depth': 2, 'l2_leaf_reg': 2.5589720341336504}. Best is trial 0 with value: 0.0.
Traceback (most recent call last):
  File "train.py", line 1192, in <module>
    main(arguments)
  File "train.py", line 1063, in main
    agg_scorer, avg_train_time, avg_test_time = nested_cross_validation(
  File "train.py", line 705, in nested_cross_validation
    best_hp_idx = best_loss_dict.index(min(best_loss_dict))
ValueError: min() arg is an empty sequence
srun: error: stud-000: task 0: Exited with exit code 1
[I 2025-05-03 23:01:11,723] A new study created in memory with name: CatBoost_MIP_outer1
[I 2025-05-03 23:01:12,085] Trial 0 finished with value: 0.0 and parameters: {'learning_rate': 0.08455988739884442, 'max_depth': 8, 'l2_leaf_reg': 19.670506877173683}. Best is trial 0 with value: 0.0.
[I 2025-05-03 23:01:12,163] Trial 1 finished with value: 0.0 and parameters: {'learning_rate': 0.034002180668128185, 'max_depth': 6, 'l2_leaf_reg': 1.904271218398001}. Best is trial 0 with value: 0.0.
[I 2025-05-03 23:01:12,240] Trial 2 finished with value: 0.0 and parameters: {'learning_rate': 0.0975423001244504, 'max_depth': 3, 'l2_leaf_reg': 19.41458941702654}. Best is trial 0 with value: 0.0.
[I 2025-05-03 23:01:12,320] Trial 3 finished with value: 0.0 and parameters: {'learning_rate': 0.17799506200082893, 'max_depth': 2, 'l2_leaf_reg': 5.405262843068024}. Best is trial 0 with value: 0.0.
[I 2025-05-03 23:01:12,400] Trial 4 finished with value: 0.0 and parameters: {'learning_rate': 0.14832846079510434, 'max_depth': 4, 'l2_leaf_reg': 5.360622883373866}. Best is trial 0 with value: 0.0.
[I 2025-05-03 23:01:12,418] A new study created in memory with name: CatBoost_MIP_outer2
[I 2025-05-03 23:01:12,502] Trial 0 finished with value: 0.0 and parameters: {'learning_rate': 0.055752858110217976, 'max_depth': 4, 'l2_leaf_reg': 6.093706499186447}. Best is trial 0 with value: 0.0.
[I 2025-05-03 23:01:12,582] Trial 1 finished with value: 0.0 and parameters: {'learning_rate': 0.17734816254652863, 'max_depth': 11, 'l2_leaf_reg': 16.906950599631443}. Best is trial 0 with value: 0.0.
[I 2025-05-03 23:01:12,663] Trial 2 finished with value: 0.0 and parameters: {'learning_rate': 0.056026050840211755, 'max_depth': 2, 'l2_leaf_reg': 29.397837951404732}. Best is trial 0 with value: 0.0.
[I 2025-05-03 23:01:12,744] Trial 3 finished with value: 0.0 and parameters: {'learning_rate': 0.2829676855883062, 'max_depth': 2, 'l2_leaf_reg': 22.920651001321712}. Best is trial 0 with value: 0.0.
[I 2025-05-03 23:01:12,826] Trial 4 finished with value: 0.0 and parameters: {'learning_rate': 0.04090587413134935, 'max_depth': 3, 'l2_leaf_reg': 25.326749259416}. Best is trial 0 with value: 0.0.
[I 2025-05-03 23:01:12,843] A new study created in memory with name: CatBoost_MIP_outer3
[I 2025-05-03 23:01:12,922] Trial 0 finished with value: 0.0 and parameters: {'learning_rate': 0.043740484477742834, 'max_depth': 2, 'l2_leaf_reg': 11.71321124003182}. Best is trial 0 with value: 0.0.
[I 2025-05-03 23:01:13,004] Trial 1 finished with value: 0.0 and parameters: {'learning_rate': 0.01031659159960934, 'max_depth': 6, 'l2_leaf_reg': 8.899408554280974}. Best is trial 0 with value: 0.0.
[I 2025-05-03 23:01:13,080] Trial 2 finished with value: 0.0 and parameters: {'learning_rate': 0.035540725104443255, 'max_depth': 5, 'l2_leaf_reg': 2.670112816567386}. Best is trial 0 with value: 0.0.
[I 2025-05-03 23:01:13,163] Trial 3 finished with value: 0.0 and parameters: {'learning_rate': 0.2693160007845909, 'max_depth': 3, 'l2_leaf_reg': 3.5296066134070916}. Best is trial 0 with value: 0.0.
[I 2025-05-03 23:01:13,240] Trial 4 finished with value: 0.0 and parameters: {'learning_rate': 0.2587716573297971, 'max_depth': 2, 'l2_leaf_reg': 4.550396636471832}. Best is trial 0 with value: 0.0.
[I 2025-05-03 23:01:13,258] A new study created in memory with name: CatBoost_MIP_outer4
[I 2025-05-03 23:01:13,338] Trial 0 finished with value: 0.0 and parameters: {'learning_rate': 0.014888293671119674, 'max_depth': 11, 'l2_leaf_reg': 1.9238999687392293}. Best is trial 0 with value: 0.0.
[I 2025-05-03 23:01:13,417] Trial 1 finished with value: 0.0 and parameters: {'learning_rate': 0.02177313921290493, 'max_depth': 10, 'l2_leaf_reg': 15.08930347237115}. Best is trial 0 with value: 0.0.
[I 2025-05-03 23:01:13,495] Trial 2 finished with value: 0.0 and parameters: {'learning_rate': 0.1015253430413451, 'max_depth': 12, 'l2_leaf_reg': 3.3240266256837017}. Best is trial 0 with value: 0.0.
[I 2025-05-03 23:01:13,574] Trial 3 finished with value: 0.0 and parameters: {'learning_rate': 0.010246341653179433, 'max_depth': 2, 'l2_leaf_reg': 0.9145604859935028}. Best is trial 0 with value: 0.0.
[I 2025-05-03 23:01:13,658] Trial 4 finished with value: 0.0 and parameters: {'learning_rate': 0.074366645515987, 'max_depth': 2, 'l2_leaf_reg': 3.778719547182797}. Best is trial 0 with value: 0.0.
[I 2025-05-03 23:01:13,681] A new study created in memory with name: CatBoost_MIP_outer5
[I 2025-05-03 23:01:13,782] Trial 0 finished with value: 0.0 and parameters: {'learning_rate': 0.181758905016924, 'max_depth': 2, 'l2_leaf_reg': 13.26849434780351}. Best is trial 0 with value: 0.0.
[I 2025-05-03 23:01:13,858] Trial 1 finished with value: 0.0 and parameters: {'learning_rate': 0.013817948986206868, 'max_depth': 8, 'l2_leaf_reg': 1.72611882034071}. Best is trial 0 with value: 0.0.
[I 2025-05-03 23:01:13,933] Trial 2 finished with value: 0.0 and parameters: {'learning_rate': 0.0245427040841647, 'max_depth': 2, 'l2_leaf_reg': 0.9218075925682792}. Best is trial 0 with value: 0.0.
[I 2025-05-03 23:01:14,020] Trial 3 finished with value: 0.0 and parameters: {'learning_rate': 0.01606131174396216, 'max_depth': 9, 'l2_leaf_reg': 0.6922673133950675}. Best is trial 0 with value: 0.0.
[I 2025-05-03 23:01:14,098] Trial 4 finished with value: 0.0 and parameters: {'learning_rate': 0.10396070465267221, 'max_depth': 9, 'l2_leaf_reg': 12.50516291729769}. Best is trial 0 with value: 0.0.
Traceback (most recent call last):
  File "train.py", line 1192, in <module>
    main(arguments)
  File "train.py", line 1063, in main
    agg_scorer, avg_train_time, avg_test_time = nested_cross_validation(
  File "train.py", line 705, in nested_cross_validation
    best_hp_idx = best_loss_dict.index(min(best_loss_dict))
ValueError: min() arg is an empty sequence
srun: error: stud-000: task 0: Exited with exit code 1
