

----------------------------------------------------------------------------
Training CatBoost Vesion 1 with Dataset: config/boston.yml 



----------------------------------------------------------------------------
Running Mode: Nested CV with Hyperparameter Optimization
Arguements: Namespace(batch_size=128, bin_alt=None, cat_dims=[2], cat_idx=[0], config='config/boston.yml', data_parallel=False, dataset='Boston', direction='minimize', dropna_idx=None, early_stopping_rounds=20, epochs=100, frequency_reg=False, gpu_ids=[0, 1], logging_period=100, miss_cat_idx=None, miss_num_idx=None, model_name='CatBoost', n_trials=5, nominal_idx=[3], num_bins=10, num_classes=1, num_features=13, num_idx=None, num_splits=5, objective='probabilistic_regression', one_hot_encode=True, optimize_hyperparameters=True, ordinal_encode=False, ordinal_idx=None, outer_splits=2, save_results=False, scale=True, seed=221, shuffle=True, target_encode=False, use_gpu=True, val_batch_size=256, weighted_loss=False, y_distribution='normal')
--- Running Nested Cross-Validation with Hyperparameter Optimization ---
Loading dataset Boston...
Dataset loaded! 

(506, 13)
--- Starting Nested Cross-Validation (2 Outer Folds, 5 Inner Folds) ---
Hyperparameter Optimization per Outer Fold: True

--- Outer Fold 1/2 ---
Starting Hyperparameter Optimization for Outer Fold 1...
  outer_1_inner Fold 1/5
Before Debugging -- Inner Fold 1
DEBUG Inner Fold 1: num_features: 13
DEBUG Inner Fold 1: num_classes: 1
DEBUG Inner Fold 1: cat_idx: [0]
DEBUG Inner Fold 1: nominal_idx: [3]
DEBUG Inner Fold 1: ordinal_idx: None
DEBUG Inner Fold 1: num_idx: None
DEBUG Inner Fold 1: cat_dims: [2]
DEBUG Inner Fold 1: bin_alt: None
~~~~~~~~~~~~~~~~~~~~~~~~~~~~~~~~~~~~~~~~~~~~~~~~~~~~~~~~~~~~~~~~~~~~~~~~~~~~~~~
BEFORE ANY ENCODING
num_features :13
num_classes : 1
cat_idx : [0]
nominal_idx : [3]
ordinal_idx : None
num_idx : None
cat_dims : [2]
bin_alt : None 


X_train shape : (161, 13)
~~~~~~~~~~~~~~~~~~~~~~~~~~~~~~~~~~~~~~~~~~~~~~~~~~~~~~~~~~~~~~~~~~~~~~~~~~~~~~~
~~~~~~~~~~~~~~~~~~~~~~~~~~~~~~~~~~~~~~~~~~~~~~~~~~~~~~~~~~~~~~~~~~~~~~~~~~~~~~~
AFTER getting cat idx
Nominal Index : [3]
Ordinal Index : None
Cat Idx : [0]
Cat dims : [2]
~~~~~~~~~~~~~~~~~~~~~~~~~~~~~~~~~~~~~~~~~~~~~~~~~~~~~~~~~~~~~~~~~~~~~~~~~~~~~~~
BEFORE getting cat idx
Nominal Index : [3]
Ordinal Index : None
Cat Idx : [3]
Cat dims : []
No one Hot for this Baby!!! 

~~~~~~~~~~~~~~~~~~~~~~~~~~~~~~~~~~~~~~~~~~~~~~~~~~~~~~~~~~~~~~~~~~~~~~~~~~~~~~~ 


AFTER SEPARATING CATEGORICALS AND NUMERICALS
Ordinal Index : None
Numerical Index V1 : [0, 1, 2, 4, 5, 6, 7, 8, 9, 10, 11, 12]
Cat Idx V1 : [3] 
Cat Dims V1 : [2]
 

~~~~~~~~~~~~~~~~~~~~~~~~~~~~~~~~~~~~~~~~~~~~~~~~~~~~~~~~~~~~~~~~~~~~~~~~~~~~~~~ 


Scaling the data...
~~~~~~~~~~~~~~~~~~~~~~~~~~~~~~~~~~~~~~~~~~~~~~~~~~~~~~~~~~~~~~~~~~~~~~~~~~~~~~~
After OHE
Numerical Index V2 : [0, 1, 2, 4, 5, 6, 7, 8, 9, 10, 11, 12] 


OHE Idx : [3]


Ordinal Idx V2: None


Cat Dims V2 : [2]
Cat Idx V2 : [3] 
 

Train: [[-0.4474006  -0.531099   -0.49746357  0.         -0.82796454]
 [-0.45386968 -0.531099    2.47958591  0.          0.60289923]
 [-0.42105335 -0.531099   -0.43029059  0.         -0.42803367]
 [-0.47321653  1.68137724 -0.72470835  0.         -1.2101207 ]
 [-0.47650454  2.84029336 -1.23350797  0.         -1.38786775]
 [-0.4726438   0.64888833  0.66448613  0.         -0.68576689]
 [-0.41054239 -0.531099   -0.07012906  0.          0.02522131]
 [-0.46928333 -0.531099   -0.74328811  0.         -0.23251191]
 [ 3.09383027 -0.531099    1.10182513  0.          1.04726686]
 [-0.46545536  1.3653092  -0.99340028  0.         -0.92572542]] 
 
 
Val : (161, 13) 
 

~~~~~~~~~~~~~~~~~~~~~~~~~~~~~~~~~~~~~~~~~~~~~~~~~~~~~~~~~~~~~~~~~~~~~~~~~~~~~~~
Cat Idx V3 : [3] 
 

~~~~~~~~~~~~~~~~~~~~~~~~~~~~~~~~~~~~~~~~~~~~~~~~~~~~~~~~~~~~~~~~~~~~~~~~~~~~~~~
After ORDINAL
Numerical Index V2 : [0, 1, 2, 4, 5, 6, 7, 8, 9, 10, 11, 12] 


OHE Idx : [3]


Ordinal Idx V2: None


Cat Dims V2 : [2, 3]
Cat Idx V2 : [3] 
 

Train: [[-4.47400601e-01 -5.31098998e-01 -4.97463572e-01  0.00000000e+00
  -8.27964537e-01 -8.12535881e-01 -1.24105249e+00  4.95908065e-01
  -6.98040889e-01 -9.66072145e-01 -3.39995663e-01  4.55594017e-01
   2.70443831e-01]
 [-4.53869677e-01 -5.31098998e-01  2.47958591e+00  0.00000000e+00
   6.02899232e-01 -1.31207200e+00  9.30431742e-01 -9.78130451e-01
  -5.77585816e-01  1.94435965e+00  7.89708500e-01  4.37102501e-01
   8.43126474e-01]
 [-4.21053348e-01 -5.31098998e-01 -4.30290588e-01  0.00000000e+00
  -4.28033670e-01  1.33874408e-01 -9.92465066e-01  3.25423903e-01
  -4.57130743e-01 -6.37278595e-01  5.32957554e-01  4.55594017e-01
  -9.05679346e-01]
 [-4.73216527e-01  1.68137724e+00 -7.24708347e-01  0.00000000e+00
  -1.21012070e+00 -1.76078723e-01 -1.31416643e+00  1.49229428e+00
  -3.36675670e-01 -6.00745978e-01 -1.00754812e+00  4.55594017e-01
  -7.56283874e-01]
 [-4.76504543e-01  2.84029336e+00 -1.23350797e+00  0.00000000e+00
  -1.38786775e+00 -1.44481560e-01 -1.30685504e+00  2.28875601e+00
  -9.38951035e-01 -9.17361989e-01 -1.85945095e-01 -1.09367794e-01
   9.17551292e-02]
 [-4.72643798e-01  6.48888327e-01  6.64486129e-01  0.00000000e+00
  -6.85766895e-01  1.74499333e-01 -4.98945924e-01 -1.48857372e-01
  -5.77585816e-01 -7.40787676e-01 -1.85945095e-01  4.36285196e-01
  -6.06888402e-01]
 [-4.10542394e-01 -5.31098998e-01 -7.01290568e-02  0.00000000e+00
   2.52213131e-02  8.42217216e-02 -1.77108319e-03 -2.08816737e-01
  -5.77585816e-01 -5.33769515e-01 -8.32447167e-02  4.38328457e-01
  -2.84662874e-01]
 [-4.69283329e-01 -5.31098998e-01 -7.43288108e-01  0.00000000e+00
  -2.32511912e-01 -5.38693794e-01 -3.19816753e-01  3.66370666e-01
  -4.57130743e-01 -1.02087107e+00  8.41058689e-01  4.55594017e-01
  -4.41381654e-01]
 [ 3.09383027e+00 -5.31098998e-01  1.10182513e+00  0.00000000e+00
   1.04726686e+00 -3.29216093e+00  1.19729765e+00 -1.26705009e+00
   1.83151564e+00  1.67036502e+00  8.41058689e-01  1.83022930e-01
   1.61646774e+00]
 [-4.65455361e-01  1.36530920e+00 -9.93400283e-01  0.00000000e+00
  -9.25725415e-01  1.29243708e+00 -1.03633343e+00  2.56025657e-01
  -4.57130743e-01  3.85748126e-02 -1.72645077e+00  4.55594017e-01
  -1.01259964e+00]] 
 
 
Val : (161, 13) 
 

FINISHED ENCODING
~~~~~~~~~~~~~~~~~~~~~~~~~~~~~~~~~~~~~~~~~~~~~~~~~~~~~~~~~~~~~~~~~~~~~~~~~~~~~~~


~~~~~~~~~~~~~~~~~~~~~~~~~~~~~~~~~~~~~~~~~~~~~~~~~~~~~~~~~~~~~~~~~~~~~~~~~~~~~~~
Test numpy array issues
X dtype: float64
X Val dtype: float64
X dtype: float32
X Val dtype: float32
Number of bins: 6
Number of Classes B4 Bin Verifier: 6
Unique values in y: (array([0., 1., 2., 3., 4., 5.]), 6)
Unique values in y_val: (array([0., 1., 2., 3., 4., 5.]), 6)
No need to shift labels.
VERIFY SHIFT
Y shape : (161,) , Y_val shape : (41,)
Train after shift : [0 1 2 3 4 5], Length : 6
Number of Classes After Bin Verifier: 6 


After Debugging -- Inner Fold 1
DEBUG Inner Fold 1: num_features: 13
DEBUG Inner Fold 1: num_classes: 6
DEBUG Inner Fold 1: cat_idx: [3]
DEBUG Inner Fold 1: nominal_idx: [3]
DEBUG Inner Fold 1: ordinal_idx: None
DEBUG Inner Fold 1: num_idx: [0, 1, 2, 4, 5, 6, 7, 8, 9, 10, 11, 12]
DEBUG Inner Fold 1: cat_dims: [2, 3]
DEBUG Inner Fold 1: bin_alt: [0, 1, 2, 3, 4, 5]
**** Data b4 Fitting ****


----------------------------------------------------------------------------
Training CatBoost Vesion 1 with Dataset: config/socmob.yml 



----------------------------------------------------------------------------
Running Mode: Nested CV with Hyperparameter Optimization
Arguements: Namespace(batch_size=128, bin_alt=None, cat_dims=[2], cat_idx=[0], config='config/socmob.yml', data_parallel=False, dataset='Socmob', direction='minimize', dropna_idx=None, early_stopping_rounds=20, epochs=100, frequency_reg=False, gpu_ids=[0, 1], logging_period=100, miss_cat_idx=None, miss_num_idx=None, model_name='CatBoost', n_trials=5, nominal_idx=[0, 1, 2, 3], num_bins=10, num_classes=1, num_features=5, num_idx=None, num_splits=5, objective='probabilistic_regression', one_hot_encode=True, optimize_hyperparameters=True, ordinal_encode=False, ordinal_idx=None, outer_splits=2, save_results=False, scale=True, seed=221, shuffle=True, target_encode=False, use_gpu=True, val_batch_size=256, weighted_loss=False, y_distribution='skewed')
--- Running Nested Cross-Validation with Hyperparameter Optimization ---
Loading dataset Socmob...
Dataset loaded! 

(1156, 5)
--- Starting Nested Cross-Validation (2 Outer Folds, 5 Inner Folds) ---
Hyperparameter Optimization per Outer Fold: True

--- Outer Fold 1/2 ---
Starting Hyperparameter Optimization for Outer Fold 1...
  outer_1_inner Fold 1/5
Before Debugging -- Inner Fold 1
DEBUG Inner Fold 1: num_features: 5
DEBUG Inner Fold 1: num_classes: 1
DEBUG Inner Fold 1: cat_idx: [0]
DEBUG Inner Fold 1: nominal_idx: [0, 1, 2, 3]
DEBUG Inner Fold 1: ordinal_idx: None
DEBUG Inner Fold 1: num_idx: None
DEBUG Inner Fold 1: cat_dims: [2]
DEBUG Inner Fold 1: bin_alt: None
~~~~~~~~~~~~~~~~~~~~~~~~~~~~~~~~~~~~~~~~~~~~~~~~~~~~~~~~~~~~~~~~~~~~~~~~~~~~~~~
BEFORE ANY ENCODING
num_features :5
num_classes : 1
cat_idx : [0]
nominal_idx : [0, 1, 2, 3]
ordinal_idx : None
num_idx : None
cat_dims : [2]
bin_alt : None 


X_train shape : (369, 5)
~~~~~~~~~~~~~~~~~~~~~~~~~~~~~~~~~~~~~~~~~~~~~~~~~~~~~~~~~~~~~~~~~~~~~~~~~~~~~~~
~~~~~~~~~~~~~~~~~~~~~~~~~~~~~~~~~~~~~~~~~~~~~~~~~~~~~~~~~~~~~~~~~~~~~~~~~~~~~~~
AFTER getting cat idx
Nominal Index : [0, 1, 2, 3]
Ordinal Index : None
Cat Idx : [0]
Cat dims : [2]
~~~~~~~~~~~~~~~~~~~~~~~~~~~~~~~~~~~~~~~~~~~~~~~~~~~~~~~~~~~~~~~~~~~~~~~~~~~~~~~
BEFORE getting cat idx
Nominal Index : [0, 1, 2, 3]
Ordinal Index : None
Cat Idx : [0, 1, 2, 3]
Cat dims : []
No one Hot for this Baby!!! 

~~~~~~~~~~~~~~~~~~~~~~~~~~~~~~~~~~~~~~~~~~~~~~~~~~~~~~~~~~~~~~~~~~~~~~~~~~~~~~~ 


AFTER SEPARATING CATEGORICALS AND NUMERICALS
Ordinal Index : None
Numerical Index V1 : [4]
Cat Idx V1 : [0, 1, 2, 3] 
Cat Dims V1 : [17, 17, 2, 2]
 

~~~~~~~~~~~~~~~~~~~~~~~~~~~~~~~~~~~~~~~~~~~~~~~~~~~~~~~~~~~~~~~~~~~~~~~~~~~~~~~ 


Scaling the data...
~~~~~~~~~~~~~~~~~~~~~~~~~~~~~~~~~~~~~~~~~~~~~~~~~~~~~~~~~~~~~~~~~~~~~~~~~~~~~~~
After OHE
Numerical Index V2 : [4] 


OHE Idx : [0, 1, 2, 3]


Ordinal Idx V2: None


Cat Dims V2 : [17, 17, 2, 2]
Cat Idx V2 : [0, 1, 2, 3] 
 

Train: [[8.0 10.0 1.0 1.0 -0.23948807746264092]
 [1.0 15.0 0.0 1.0 0.7748808556759901]
 [5.0 4.0 0.0 0.0 2.0981946415471993]
 [2.0 13.0 1.0 1.0 -0.4351531508599403]
 [0.0 12.0 0.0 0.0 -0.4248549891021877]
 [4.0 16.0 0.0 1.0 0.09262763922488039]
 [14.0 15.0 0.0 0.0 -0.4351531508599403]
 [4.0 9.0 1.0 0.0 -0.2626589414175843]
 [11.0 3.0 1.0 1.0 -0.32444791196409983]
 [11.0 10.0 1.0 0.0 -0.411982286904997]] 
 
 
Val : (369, 5) 
 

~~~~~~~~~~~~~~~~~~~~~~~~~~~~~~~~~~~~~~~~~~~~~~~~~~~~~~~~~~~~~~~~~~~~~~~~~~~~~~~
Cat Idx V3 : [0, 1, 2, 3] 
 

~~~~~~~~~~~~~~~~~~~~~~~~~~~~~~~~~~~~~~~~~~~~~~~~~~~~~~~~~~~~~~~~~~~~~~~~~~~~~~~
After ORDINAL
Numerical Index V2 : [4] 


OHE Idx : [0, 1, 2, 3]


Ordinal Idx V2: None


Cat Dims V2 : [17, 17, 2, 2, 18, 18, 3, 3]
Cat Idx V2 : [0, 1, 2, 3] 
 

Train: [[8.0 10.0 1.0 1.0 -0.23948807746264092]
 [1.0 15.0 0.0 1.0 0.7748808556759901]
 [5.0 4.0 0.0 0.0 2.0981946415471993]
 [2.0 13.0 1.0 1.0 -0.4351531508599403]
 [0.0 12.0 0.0 0.0 -0.4248549891021877]
 [4.0 16.0 0.0 1.0 0.09262763922488039]
 [14.0 15.0 0.0 0.0 -0.4351531508599403]
 [4.0 9.0 1.0 0.0 -0.2626589414175843]
 [11.0 3.0 1.0 1.0 -0.32444791196409983]
 [11.0 10.0 1.0 0.0 -0.411982286904997]] 
 
 
Val : (369, 5) 
 

FINISHED ENCODING
~~~~~~~~~~~~~~~~~~~~~~~~~~~~~~~~~~~~~~~~~~~~~~~~~~~~~~~~~~~~~~~~~~~~~~~~~~~~~~~


~~~~~~~~~~~~~~~~~~~~~~~~~~~~~~~~~~~~~~~~~~~~~~~~~~~~~~~~~~~~~~~~~~~~~~~~~~~~~~~
Test numpy array issues
X dtype: object
X Val dtype: object
X dtype: float32
X Val dtype: float32
Number of bins: 57
Number of Classes B4 Bin Verifier: 57
Unique values in y: (array([ 0.,  1.,  3.,  4.,  5.,  6.,  7.,  8.,  9., 10., 11., 12., 13.,
       14., 15., 16., 17., 18., 19., 20., 21., 22., 23., 24., 25., 26.,
       27., 28., 29., 30., 31., 32., 33., 34., 35., 36., 37., 38., 39.,
       40., 41., 42., 43., 44., 45., 46.]), 46)
Unique values in y_val: (array([ 0.,  1.,  3.,  5.,  6.,  7.,  8.,  9., 10., 12., 13., 14., 15.,
       17., 18., 19., 21., 22., 24., 25., 26., 27., 28., 29., 31., 32.,
       35., 36., 37., 38., 39., 40., 41., 44.]), 34)
WE ARE IN THE GUTTERS!!!!!
Final Train Labels Length: 46
Final Test Labels Length: 34
Final Num Classes: 46
Final Bin Labels: [0, 1, 2, 3, 4, 5, 6, 7, 8, 9, 10, 11, 12, 13, 14, 15, 16, 17, 18, 19, 20, 21, 22, 23, 24, 25, 26, 27, 28, 29, 30, 31, 32, 33, 34, 35, 36, 37, 38, 39, 40, 41, 42, 43, 44, 45]
VERIFY SHIFT
Y shape : (369,) , Y_val shape : (93,)
Train after shift : [ 0  1  2  3  4  5  6  7  8  9 10 11 12 13 14 15 16 17 18 19 20 21 22 23
 24 25 26 27 28 29 30 31 32 33 34 35 36 37 38 39 40 41 42 43 44 45], Length : 46
Number of Classes After Bin Verifier: 46 


After Debugging -- Inner Fold 1
DEBUG Inner Fold 1: num_features: 5
DEBUG Inner Fold 1: num_classes: 46
DEBUG Inner Fold 1: cat_idx: [0, 1, 2, 3]
DEBUG Inner Fold 1: nominal_idx: [0, 1, 2, 3]
DEBUG Inner Fold 1: ordinal_idx: None
DEBUG Inner Fold 1: num_idx: [4]
DEBUG Inner Fold 1: cat_dims: [17, 17, 2, 2, 18, 18, 3, 3]
DEBUG Inner Fold 1: bin_alt: [0, 1, 2, 3, 4, 5, 6, 7, 8, 9, 10, 11, 12, 13, 14, 15, 16, 17, 18, 19, 20, 21, 22, 23, 24, 25, 26, 27, 28, 29, 30, 31, 32, 33, 34, 35, 36, 37, 38, 39, 40, 41, 42, 43, 44, 45]
**** Data b4 Fitting ****


----------------------------------------------------------------------------
Training CatBoost Vesion 1 with Dataset: config/sensory.yml 



----------------------------------------------------------------------------
Running Mode: Nested CV with Hyperparameter Optimization
Arguements: Namespace(batch_size=128, bin_alt=None, cat_dims=[2], cat_idx=[0], config='config/sensory.yml', data_parallel=False, dataset='Sensory', direction='minimize', dropna_idx=None, early_stopping_rounds=20, epochs=100, frequency_reg=False, gpu_ids=[0, 1], logging_period=100, miss_cat_idx=None, miss_num_idx=None, model_name='CatBoost', n_trials=5, nominal_idx=[0, 1, 2, 3, 4, 5, 6, 7, 8, 9, 10], num_bins=10, num_classes=1, num_features=11, num_idx=None, num_splits=5, objective='probabilistic_regression', one_hot_encode=True, optimize_hyperparameters=True, ordinal_encode=False, ordinal_idx=None, outer_splits=2, save_results=False, scale=False, seed=221, shuffle=True, target_encode=False, use_gpu=True, val_batch_size=256, weighted_loss=False, y_distribution='normal')
--- Running Nested Cross-Validation with Hyperparameter Optimization ---
Loading dataset Sensory...
Dataset loaded! 

(576, 11)
--- Starting Nested Cross-Validation (2 Outer Folds, 5 Inner Folds) ---
Hyperparameter Optimization per Outer Fold: True

--- Outer Fold 1/2 ---
Starting Hyperparameter Optimization for Outer Fold 1...
  outer_1_inner Fold 1/5
Before Debugging -- Inner Fold 1
DEBUG Inner Fold 1: num_features: 11
DEBUG Inner Fold 1: num_classes: 1
DEBUG Inner Fold 1: cat_idx: [0]
DEBUG Inner Fold 1: nominal_idx: [0, 1, 2, 3, 4, 5, 6, 7, 8, 9, 10]
DEBUG Inner Fold 1: ordinal_idx: None
DEBUG Inner Fold 1: num_idx: None
DEBUG Inner Fold 1: cat_dims: [2]
DEBUG Inner Fold 1: bin_alt: None
~~~~~~~~~~~~~~~~~~~~~~~~~~~~~~~~~~~~~~~~~~~~~~~~~~~~~~~~~~~~~~~~~~~~~~~~~~~~~~~
BEFORE ANY ENCODING
num_features :11
num_classes : 1
cat_idx : [0]
nominal_idx : [0, 1, 2, 3, 4, 5, 6, 7, 8, 9, 10]
ordinal_idx : None
num_idx : None
cat_dims : [2]
bin_alt : None 


X_train shape : (184, 11)
~~~~~~~~~~~~~~~~~~~~~~~~~~~~~~~~~~~~~~~~~~~~~~~~~~~~~~~~~~~~~~~~~~~~~~~~~~~~~~~
~~~~~~~~~~~~~~~~~~~~~~~~~~~~~~~~~~~~~~~~~~~~~~~~~~~~~~~~~~~~~~~~~~~~~~~~~~~~~~~
AFTER getting cat idx
Nominal Index : [0, 1, 2, 3, 4, 5, 6, 7, 8, 9, 10]
Ordinal Index : None
Cat Idx : [0]
Cat dims : [2]
~~~~~~~~~~~~~~~~~~~~~~~~~~~~~~~~~~~~~~~~~~~~~~~~~~~~~~~~~~~~~~~~~~~~~~~~~~~~~~~
BEFORE getting cat idx
Nominal Index : [0, 1, 2, 3, 4, 5, 6, 7, 8, 9, 10]
Ordinal Index : None
Cat Idx : [0, 1, 2, 3, 4, 5, 6, 7, 8, 9, 10]
Cat dims : []
No one Hot for this Baby!!! 

~~~~~~~~~~~~~~~~~~~~~~~~~~~~~~~~~~~~~~~~~~~~~~~~~~~~~~~~~~~~~~~~~~~~~~~~~~~~~~~ 


AFTER SEPARATING CATEGORICALS AND NUMERICALS
Ordinal Index : None
Numerical Index V1 : []
Cat Idx V1 : [0, 1, 2, 3, 4, 5, 6, 7, 8, 9, 10] 
Cat Dims V1 : [2, 6, 3, 4, 4, 2, 3, 4, 2, 4, 2]
 

~~~~~~~~~~~~~~~~~~~~~~~~~~~~~~~~~~~~~~~~~~~~~~~~~~~~~~~~~~~~~~~~~~~~~~~~~~~~~~~ 


~~~~~~~~~~~~~~~~~~~~~~~~~~~~~~~~~~~~~~~~~~~~~~~~~~~~~~~~~~~~~~~~~~~~~~~~~~~~~~~
After OHE
Numerical Index V2 : [] 


OHE Idx : [0, 1, 2, 3, 4, 5, 6, 7, 8, 9, 10]


Ordinal Idx V2: None


Cat Dims V2 : [2, 6, 3, 4, 4, 2, 3, 4, 2, 4, 2]
Cat Idx V2 : [0, 1, 2, 3, 4, 5, 6, 7, 8, 9, 10] 
 

Train: [[0 3 2 2 3]
 [1 3 1 0 2]
 [1 0 1 3 3]
 [1 3 2 0 3]
 [1 0 0 1 0]
 [0 4 1 1 3]
 [1 2 1 1 2]
 [0 5 2 3 0]
 [0 3 1 0 2]
 [1 3 2 0 1]] 
 
 
Val : (184, 11) 
 

~~~~~~~~~~~~~~~~~~~~~~~~~~~~~~~~~~~~~~~~~~~~~~~~~~~~~~~~~~~~~~~~~~~~~~~~~~~~~~~
Cat Idx V3 : [0, 1, 2, 3, 4, 5, 6, 7, 8, 9, 10] 
 

~~~~~~~~~~~~~~~~~~~~~~~~~~~~~~~~~~~~~~~~~~~~~~~~~~~~~~~~~~~~~~~~~~~~~~~~~~~~~~~
After ORDINAL
Numerical Index V2 : [] 


OHE Idx : [0, 1, 2, 3, 4, 5, 6, 7, 8, 9, 10]


Ordinal Idx V2: None


Cat Dims V2 : [2, 6, 3, 4, 4, 2, 3, 4, 2, 4, 2, 3, 7, 4, 5, 5, 3, 4, 5, 3, 5, 3]
Cat Idx V2 : [0, 1, 2, 3, 4, 5, 6, 7, 8, 9, 10] 
 

Train: [[0 3 2 2 3 0 1 2 1 2 1]
 [1 3 1 0 2 1 1 0 1 1 1]
 [1 0 1 3 3 1 1 1 0 0 0]
 [1 3 2 0 3 1 0 0 0 3 0]
 [1 0 0 1 0 1 2 0 1 0 1]
 [0 4 1 1 3 0 2 3 0 3 0]
 [1 2 1 1 2 1 0 3 1 0 1]
 [0 5 2 3 0 0 2 2 1 1 1]
 [0 3 1 0 2 0 0 1 0 3 0]
 [1 3 2 0 1 1 0 0 0 3 0]] 
 
 
Val : (184, 11) 
 

FINISHED ENCODING
~~~~~~~~~~~~~~~~~~~~~~~~~~~~~~~~~~~~~~~~~~~~~~~~~~~~~~~~~~~~~~~~~~~~~~~~~~~~~~~


~~~~~~~~~~~~~~~~~~~~~~~~~~~~~~~~~~~~~~~~~~~~~~~~~~~~~~~~~~~~~~~~~~~~~~~~~~~~~~~
Test numpy array issues
X dtype: int64
X Val dtype: int64
X dtype: float32
X Val dtype: float32
Number of bins: 6
Number of Classes B4 Bin Verifier: 6
Unique values in y: (array([0., 1., 2., 3., 4.]), 5)
Unique values in y_val: (array([0., 1., 2., 3., 4.]), 5)
WE ARE IN THE GUTTERS!!!!!
Final Train Labels Length: 5
Final Test Labels Length: 5
Final Num Classes: 5
Final Bin Labels: [0, 1, 2, 3, 4]
VERIFY SHIFT
Y shape : (184,) , Y_val shape : (46,)
Train after shift : [0 1 2 3 4], Length : 5
Number of Classes After Bin Verifier: 5 


After Debugging -- Inner Fold 1
DEBUG Inner Fold 1: num_features: 11
DEBUG Inner Fold 1: num_classes: 5
DEBUG Inner Fold 1: cat_idx: [0, 1, 2, 3, 4, 5, 6, 7, 8, 9, 10]
DEBUG Inner Fold 1: nominal_idx: [0, 1, 2, 3, 4, 5, 6, 7, 8, 9, 10]
DEBUG Inner Fold 1: ordinal_idx: None
DEBUG Inner Fold 1: num_idx: []
DEBUG Inner Fold 1: cat_dims: [2, 6, 3, 4, 4, 2, 3, 4, 2, 4, 2, 3, 7, 4, 5, 5, 3, 4, 5, 3, 5, 3]
DEBUG Inner Fold 1: bin_alt: [0, 1, 2, 3, 4]
**** Data b4 Fitting ****


----------------------------------------------------------------------------
Training CatBoost Vesion 1 with Dataset: config/moneyball.yml 



----------------------------------------------------------------------------
Running Mode: Nested CV with Hyperparameter Optimization
Arguements: Namespace(batch_size=128, bin_alt=None, cat_dims=[2], cat_idx=[0], config='config/moneyball.yml', data_parallel=False, dataset='Moneyball', direction='minimize', dropna_idx=[9, 10, 12, 13], early_stopping_rounds=20, epochs=100, frequency_reg=False, gpu_ids=[0, 1], logging_period=100, miss_cat_idx=None, miss_num_idx=None, model_name='CatBoost', n_trials=5, nominal_idx=[0, 1, 8], num_bins=10, num_classes=1, num_features=14, num_idx=None, num_splits=5, objective='probabilistic_regression', one_hot_encode=True, optimize_hyperparameters=True, ordinal_encode=False, ordinal_idx=None, outer_splits=2, save_results=False, scale=True, seed=221, shuffle=True, target_encode=False, use_gpu=True, val_batch_size=256, weighted_loss=False, y_distribution='normal')
--- Running Nested Cross-Validation with Hyperparameter Optimization ---
Loading dataset Moneyball...
Dataset loaded! 

(1232, 10)
--- Starting Nested Cross-Validation (2 Outer Folds, 5 Inner Folds) ---
Hyperparameter Optimization per Outer Fold: True

--- Outer Fold 1/2 ---
Starting Hyperparameter Optimization for Outer Fold 1...
  outer_1_inner Fold 1/5
Before Debugging -- Inner Fold 1
DEBUG Inner Fold 1: num_features: 10
DEBUG Inner Fold 1: num_classes: 1
DEBUG Inner Fold 1: cat_idx: [0]
DEBUG Inner Fold 1: nominal_idx: [0, 1, 8]
DEBUG Inner Fold 1: ordinal_idx: None
DEBUG Inner Fold 1: num_idx: None
DEBUG Inner Fold 1: cat_dims: [2]
DEBUG Inner Fold 1: bin_alt: None
~~~~~~~~~~~~~~~~~~~~~~~~~~~~~~~~~~~~~~~~~~~~~~~~~~~~~~~~~~~~~~~~~~~~~~~~~~~~~~~
BEFORE ANY ENCODING
num_features :10
num_classes : 1
cat_idx : [0]
nominal_idx : [0, 1, 8]
ordinal_idx : None
num_idx : None
cat_dims : [2]
bin_alt : None 


X_train shape : (393, 10)
~~~~~~~~~~~~~~~~~~~~~~~~~~~~~~~~~~~~~~~~~~~~~~~~~~~~~~~~~~~~~~~~~~~~~~~~~~~~~~~
~~~~~~~~~~~~~~~~~~~~~~~~~~~~~~~~~~~~~~~~~~~~~~~~~~~~~~~~~~~~~~~~~~~~~~~~~~~~~~~
AFTER getting cat idx
Nominal Index : [0, 1, 8]
Ordinal Index : None
Cat Idx : [0]
Cat dims : [2]
~~~~~~~~~~~~~~~~~~~~~~~~~~~~~~~~~~~~~~~~~~~~~~~~~~~~~~~~~~~~~~~~~~~~~~~~~~~~~~~
BEFORE getting cat idx
Nominal Index : [0, 1, 8]
Ordinal Index : None
Cat Idx : [0, 1, 8]
Cat dims : []
No one Hot for this Baby!!! 

~~~~~~~~~~~~~~~~~~~~~~~~~~~~~~~~~~~~~~~~~~~~~~~~~~~~~~~~~~~~~~~~~~~~~~~~~~~~~~~ 


AFTER SEPARATING CATEGORICALS AND NUMERICALS
Ordinal Index : None
Numerical Index V1 : [2, 3, 4, 5, 6, 7, 9]
Cat Idx V1 : [0, 1, 8] 
Cat Dims V1 : [37, 2, 2]
 

~~~~~~~~~~~~~~~~~~~~~~~~~~~~~~~~~~~~~~~~~~~~~~~~~~~~~~~~~~~~~~~~~~~~~~~~~~~~~~~ 


Scaling the data...
~~~~~~~~~~~~~~~~~~~~~~~~~~~~~~~~~~~~~~~~~~~~~~~~~~~~~~~~~~~~~~~~~~~~~~~~~~~~~~~
After OHE
Numerical Index V2 : [2, 3, 4, 5, 6, 7, 9] 


OHE Idx : [0, 1, 8]


Ordinal Idx V2: None


Cat Dims V2 : [37, 2, 2]
Cat Idx V2 : [0, 1, 8] 
 

Train: [[3.0 0.0 -1.3266188932257892 -2.1507664617181286 2.4777035108011187]
 [9.0 0.0 1.2743692322086329 -0.12149506915509796 1.3279680669607083]
 [6.0 1.0 1.1374751203436633 -0.012977882387021463 -0.17553212883059705]
 [21.0 1.0 -0.3683601101710021 -0.7508947524099416 0.0897914351325745]
 [4.0 0.0 -1.737301228820698 -0.12149506915509796 -0.4408556927937686]
 [22.0 1.0 -0.9843836135633652 -0.7508947524099416 -0.8830616327323879]
 [7.0 0.0 1.3428162881411176 0.14979789776509328 0.7088797510466415]
 [19.0 0.0 1.6166045118710568 1.2675249214762812 -1.325267572671007]
 [30.0 1.0 -0.7790424457659109 -0.29512256798402037 0.17823262312029836]
 [28.0 0.0 0.589898672883785 1.2783766401530887 0.7973209390343653]] 
 
 
Val : (393, 10) 
 

~~~~~~~~~~~~~~~~~~~~~~~~~~~~~~~~~~~~~~~~~~~~~~~~~~~~~~~~~~~~~~~~~~~~~~~~~~~~~~~
Cat Idx V3 : [0, 1, 8] 
 

~~~~~~~~~~~~~~~~~~~~~~~~~~~~~~~~~~~~~~~~~~~~~~~~~~~~~~~~~~~~~~~~~~~~~~~~~~~~~~~
After ORDINAL
Numerical Index V2 : [2, 3, 4, 5, 6, 7, 9] 


OHE Idx : [0, 1, 8]


Ordinal Idx V2: None


Cat Dims V2 : [37, 2, 2, 38, 3, 3]
Cat Idx V2 : [0, 1, 8] 
 

Train: [[3.0 0.0 -1.3266188932257892 -2.1507664617181286 2.4777035108011187
  1.1596417049010475 0.5413415257598645 0.4714692666519435 1.0
  0.2023458206374609]
 [9.0 0.0 1.2743692322086329 -0.12149506915509796 1.3279680669607083
  1.1596417049010475 1.0109821871806746 0.733916039731565 1.0
  0.2023458206374609]
 [6.0 1.0 1.1374751203436633 -0.012977882387021463 -0.17553212883059705
  -0.21219679486069387 1.413531325541369 0.9088805551179794 0.0
  0.2023458206374609]
 [21.0 1.0 -0.3683601101710021 -0.7508947524099416 0.0897914351325745
  -0.06779274225419393 -0.3979397970817538 0.38398700895873633 0.0
  1.9694993208711924]
 [4.0 0.0 -1.737301228820698 -0.12149506915509796 -0.4408556927937686
  -1.0786211104996934 0.0717008643390563 -0.6658000833597499 0.0
  -1.5648076795962707]
 [22.0 1.0 -0.9843836135633652 -0.7508947524099416 -0.8830616327323879
  -1.1508231368029436 -2.310048204295054 -2.152998464144272 0.0
  0.2023458206374609]
 [7.0 0.0 1.3428162881411176 0.14979789776509328 0.7088797510466415
  0.3654194155653059 1.6818974177818282 0.2965047512655291 1.0
  1.9694993208711924]
 [19.0 0.0 1.6166045118710568 1.2675249214762812 -1.325267572671007
  -0.13999476855744392 -0.26375675096152235 0.03405797818590757 0.0
  0.2023458206374609]
 [30.0 1.0 -0.7790424457659109 -0.29512256798402037 0.17823262312029836
  0.22101536295880594 -0.3308482740216418 0.9088805551179794 0.0
  0.2023458206374609]
 [28.0 0.0 0.589898672883785 1.2783766401530887 0.7973209390343653
  2.026066020540051 2.923090594393971 1.7837031320500514 1.0
  0.2023458206374609]] 
 
 
Val : (393, 10) 
 

FINISHED ENCODING
~~~~~~~~~~~~~~~~~~~~~~~~~~~~~~~~~~~~~~~~~~~~~~~~~~~~~~~~~~~~~~~~~~~~~~~~~~~~~~~


~~~~~~~~~~~~~~~~~~~~~~~~~~~~~~~~~~~~~~~~~~~~~~~~~~~~~~~~~~~~~~~~~~~~~~~~~~~~~~~
Test numpy array issues
X dtype: object
X Val dtype: object
X dtype: float32
X Val dtype: float32
Number of bins: 7
Number of Classes B4 Bin Verifier: 7
Unique values in y: (array([0., 1., 2., 3., 4., 5., 6.]), 7)
Unique values in y_val: (array([0., 1., 2., 3., 4., 5., 6.]), 7)
No need to shift labels.
VERIFY SHIFT
Y shape : (393,) , Y_val shape : (99,)
Train after shift : [0 1 2 3 4 5 6], Length : 7
Number of Classes After Bin Verifier: 7 


After Debugging -- Inner Fold 1
DEBUG Inner Fold 1: num_features: 10
DEBUG Inner Fold 1: num_classes: 7
DEBUG Inner Fold 1: cat_idx: [0, 1, 8]
DEBUG Inner Fold 1: nominal_idx: [0, 1, 8]
DEBUG Inner Fold 1: ordinal_idx: None
DEBUG Inner Fold 1: num_idx: [2, 3, 4, 5, 6, 7, 9]
DEBUG Inner Fold 1: cat_dims: [37, 2, 2, 38, 3, 3]
DEBUG Inner Fold 1: bin_alt: [0, 1, 2, 3, 4, 5, 6]
**** Data b4 Fitting ****
