[I 2025-05-03 23:01:41,001] A new study created in memory with name: CatBoost_Boston_outer1
[I 2025-05-03 23:01:41,072] Trial 0 finished with value: 0.0 and parameters: {'learning_rate': 0.1206345855915645, 'max_depth': 5, 'l2_leaf_reg': 0.7189398838286065}. Best is trial 0 with value: 0.0.
[I 2025-05-03 23:01:41,104] Trial 1 finished with value: 0.0 and parameters: {'learning_rate': 0.032023712130459264, 'max_depth': 5, 'l2_leaf_reg': 2.7507364437559567}. Best is trial 0 with value: 0.0.
[I 2025-05-03 23:01:41,133] Trial 2 finished with value: 0.0 and parameters: {'learning_rate': 0.0498763036721759, 'max_depth': 5, 'l2_leaf_reg': 3.8750485487844615}. Best is trial 0 with value: 0.0.
[I 2025-05-03 23:01:41,161] Trial 3 finished with value: 0.0 and parameters: {'learning_rate': 0.04883930722293225, 'max_depth': 9, 'l2_leaf_reg': 9.589534608839719}. Best is trial 0 with value: 0.0.
[I 2025-05-03 23:01:41,191] Trial 4 finished with value: 0.0 and parameters: {'learning_rate': 0.042097746459039465, 'max_depth': 6, 'l2_leaf_reg': 3.4668652321029594}. Best is trial 0 with value: 0.0.
[I 2025-05-03 23:01:41,196] A new study created in memory with name: CatBoost_Boston_outer2
[I 2025-05-03 23:01:41,225] Trial 0 finished with value: 0.0 and parameters: {'learning_rate': 0.21661264701461502, 'max_depth': 5, 'l2_leaf_reg': 2.8064365846358696}. Best is trial 0 with value: 0.0.
[I 2025-05-03 23:01:41,255] Trial 1 finished with value: 0.0 and parameters: {'learning_rate': 0.01274489531227436, 'max_depth': 7, 'l2_leaf_reg': 9.128179811206094}. Best is trial 0 with value: 0.0.
[I 2025-05-03 23:01:41,284] Trial 2 finished with value: 0.0 and parameters: {'learning_rate': 0.19730580501958597, 'max_depth': 7, 'l2_leaf_reg': 2.0137292206409376}. Best is trial 0 with value: 0.0.
[I 2025-05-03 23:01:41,313] Trial 3 finished with value: 0.0 and parameters: {'learning_rate': 0.0810007598532213, 'max_depth': 9, 'l2_leaf_reg': 1.7806494531249086}. Best is trial 0 with value: 0.0.
[I 2025-05-03 23:01:41,342] Trial 4 finished with value: 0.0 and parameters: {'learning_rate': 0.07268528737978958, 'max_depth': 7, 'l2_leaf_reg': 4.244195659895748}. Best is trial 0 with value: 0.0.
[I 2025-05-03 23:01:41,347] A new study created in memory with name: CatBoost_Boston_outer3
[I 2025-05-03 23:01:41,376] Trial 0 finished with value: 0.0 and parameters: {'learning_rate': 0.047526773953587585, 'max_depth': 6, 'l2_leaf_reg': 0.540909643818297}. Best is trial 0 with value: 0.0.
[I 2025-05-03 23:01:41,405] Trial 1 finished with value: 0.0 and parameters: {'learning_rate': 0.014839022264737699, 'max_depth': 8, 'l2_leaf_reg': 3.506087952467226}. Best is trial 0 with value: 0.0.
[I 2025-05-03 23:01:41,434] Trial 2 finished with value: 0.0 and parameters: {'learning_rate': 0.10604274098262097, 'max_depth': 10, 'l2_leaf_reg': 23.301789885436207}. Best is trial 0 with value: 0.0.
[I 2025-05-03 23:01:41,464] Trial 3 finished with value: 0.0 and parameters: {'learning_rate': 0.10058521327580182, 'max_depth': 7, 'l2_leaf_reg': 7.7796906625442634}. Best is trial 0 with value: 0.0.
[I 2025-05-03 23:01:41,493] Trial 4 finished with value: 0.0 and parameters: {'learning_rate': 0.04338779189701234, 'max_depth': 8, 'l2_leaf_reg': 3.7677370706036095}. Best is trial 0 with value: 0.0.
[I 2025-05-03 23:01:41,498] A new study created in memory with name: CatBoost_Boston_outer4
[I 2025-05-03 23:01:41,527] Trial 0 finished with value: 0.0 and parameters: {'learning_rate': 0.22454404046874007, 'max_depth': 2, 'l2_leaf_reg': 1.1108433854439261}. Best is trial 0 with value: 0.0.
[I 2025-05-03 23:01:41,556] Trial 1 finished with value: 0.0 and parameters: {'learning_rate': 0.018266372812333453, 'max_depth': 3, 'l2_leaf_reg': 27.65323743756632}. Best is trial 0 with value: 0.0.
[I 2025-05-03 23:01:41,586] Trial 2 finished with value: 0.0 and parameters: {'learning_rate': 0.019243777702009426, 'max_depth': 9, 'l2_leaf_reg': 13.279501580617259}. Best is trial 0 with value: 0.0.
[I 2025-05-03 23:01:41,615] Trial 3 finished with value: 0.0 and parameters: {'learning_rate': 0.027071317729410863, 'max_depth': 5, 'l2_leaf_reg': 2.7860505512951224}. Best is trial 0 with value: 0.0.
[I 2025-05-03 23:01:41,645] Trial 4 finished with value: 0.0 and parameters: {'learning_rate': 0.03523402073714678, 'max_depth': 5, 'l2_leaf_reg': 4.141292392027073}. Best is trial 0 with value: 0.0.
[I 2025-05-03 23:01:41,649] A new study created in memory with name: CatBoost_Boston_outer5
[I 2025-05-03 23:01:41,679] Trial 0 finished with value: 0.0 and parameters: {'learning_rate': 0.09897596271857334, 'max_depth': 5, 'l2_leaf_reg': 13.845754686960749}. Best is trial 0 with value: 0.0.
[I 2025-05-03 23:01:41,708] Trial 1 finished with value: 0.0 and parameters: {'learning_rate': 0.014494472979771049, 'max_depth': 9, 'l2_leaf_reg': 0.9876622932342064}. Best is trial 0 with value: 0.0.
[I 2025-05-03 23:01:41,736] Trial 2 finished with value: 0.0 and parameters: {'learning_rate': 0.0720692750324501, 'max_depth': 3, 'l2_leaf_reg': 10.741270845458521}. Best is trial 0 with value: 0.0.
[I 2025-05-03 23:01:41,765] Trial 3 finished with value: 0.0 and parameters: {'learning_rate': 0.03694363686410095, 'max_depth': 7, 'l2_leaf_reg': 20.730940256979284}. Best is trial 0 with value: 0.0.
[I 2025-05-03 23:01:41,795] Trial 4 finished with value: 0.0 and parameters: {'learning_rate': 0.017871341439147138, 'max_depth': 5, 'l2_leaf_reg': 6.79046960344028}. Best is trial 0 with value: 0.0.
Traceback (most recent call last):
  File "train.py", line 1192, in <module>
    main(arguments)
  File "train.py", line 1063, in main
    agg_scorer, avg_train_time, avg_test_time = nested_cross_validation(
  File "train.py", line 705, in nested_cross_validation
    best_hp_idx = best_loss_dict.index(min(best_loss_dict))
ValueError: min() arg is an empty sequence
srun: error: stud-000: task 0: Exited with exit code 1
[I 2025-05-03 23:01:46,004] A new study created in memory with name: CatBoost_Socmob_outer1
[I 2025-05-03 23:01:46,065] Trial 0 finished with value: 0.0 and parameters: {'learning_rate': 0.015004513029012371, 'max_depth': 5, 'l2_leaf_reg': 5.060971645243534}. Best is trial 0 with value: 0.0.
[I 2025-05-03 23:01:46,095] Trial 1 finished with value: 0.0 and parameters: {'learning_rate': 0.042913132410856106, 'max_depth': 2, 'l2_leaf_reg': 2.6376863216070547}. Best is trial 0 with value: 0.0.
[I 2025-05-03 23:01:46,127] Trial 2 finished with value: 0.0 and parameters: {'learning_rate': 0.11816098551774962, 'max_depth': 2, 'l2_leaf_reg': 1.7779134717483842}. Best is trial 0 with value: 0.0.
[I 2025-05-03 23:01:46,160] Trial 3 finished with value: 0.0 and parameters: {'learning_rate': 0.11653250111796487, 'max_depth': 2, 'l2_leaf_reg': 0.8753340830968406}. Best is trial 0 with value: 0.0.
[I 2025-05-03 23:01:46,192] Trial 4 finished with value: 0.0 and parameters: {'learning_rate': 0.1096746718285107, 'max_depth': 6, 'l2_leaf_reg': 2.737963137178903}. Best is trial 0 with value: 0.0.
[I 2025-05-03 23:01:46,200] A new study created in memory with name: CatBoost_Socmob_outer2
[I 2025-05-03 23:01:46,232] Trial 0 finished with value: 0.0 and parameters: {'learning_rate': 0.1631306170607698, 'max_depth': 4, 'l2_leaf_reg': 23.787396044567906}. Best is trial 0 with value: 0.0.
[I 2025-05-03 23:01:46,262] Trial 1 finished with value: 0.0 and parameters: {'learning_rate': 0.12051341613643994, 'max_depth': 5, 'l2_leaf_reg': 8.183337255295445}. Best is trial 0 with value: 0.0.
[I 2025-05-03 23:01:46,291] Trial 2 finished with value: 0.0 and parameters: {'learning_rate': 0.04736256820076241, 'max_depth': 4, 'l2_leaf_reg': 2.3238635157325627}. Best is trial 0 with value: 0.0.
[I 2025-05-03 23:01:46,321] Trial 3 finished with value: 0.0 and parameters: {'learning_rate': 0.010004232620144304, 'max_depth': 9, 'l2_leaf_reg': 2.2039174179441265}. Best is trial 0 with value: 0.0.
[I 2025-05-03 23:01:46,356] Trial 4 finished with value: 0.0 and parameters: {'learning_rate': 0.152220351324178, 'max_depth': 4, 'l2_leaf_reg': 1.6931664291438564}. Best is trial 0 with value: 0.0.
[I 2025-05-03 23:01:46,363] A new study created in memory with name: CatBoost_Socmob_outer3
[I 2025-05-03 23:01:46,393] Trial 0 finished with value: 0.0 and parameters: {'learning_rate': 0.07442448469104337, 'max_depth': 2, 'l2_leaf_reg': 3.3435088055403455}. Best is trial 0 with value: 0.0.
[I 2025-05-03 23:01:46,422] Trial 1 finished with value: 0.0 and parameters: {'learning_rate': 0.02156002364440603, 'max_depth': 2, 'l2_leaf_reg': 12.696543509192589}. Best is trial 0 with value: 0.0.
[I 2025-05-03 23:01:46,452] Trial 2 finished with value: 0.0 and parameters: {'learning_rate': 0.13010260446108263, 'max_depth': 7, 'l2_leaf_reg': 2.8996644703894314}. Best is trial 0 with value: 0.0.
[I 2025-05-03 23:01:46,482] Trial 3 finished with value: 0.0 and parameters: {'learning_rate': 0.061684433459800306, 'max_depth': 8, 'l2_leaf_reg': 1.0371796506446784}. Best is trial 0 with value: 0.0.
[I 2025-05-03 23:01:46,512] Trial 4 finished with value: 0.0 and parameters: {'learning_rate': 0.015536664838408543, 'max_depth': 3, 'l2_leaf_reg': 5.770058869796207}. Best is trial 0 with value: 0.0.
[I 2025-05-03 23:01:46,518] A new study created in memory with name: CatBoost_Socmob_outer4
[I 2025-05-03 23:01:46,548] Trial 0 finished with value: 0.0 and parameters: {'learning_rate': 0.13085237298436633, 'max_depth': 12, 'l2_leaf_reg': 2.2683130362140833}. Best is trial 0 with value: 0.0.
[I 2025-05-03 23:01:46,576] Trial 1 finished with value: 0.0 and parameters: {'learning_rate': 0.04223553017241659, 'max_depth': 2, 'l2_leaf_reg': 1.7244757771089576}. Best is trial 0 with value: 0.0.
[I 2025-05-03 23:01:46,607] Trial 2 finished with value: 0.0 and parameters: {'learning_rate': 0.20103586139638116, 'max_depth': 9, 'l2_leaf_reg': 14.500470072300637}. Best is trial 0 with value: 0.0.
[I 2025-05-03 23:01:46,636] Trial 3 finished with value: 0.0 and parameters: {'learning_rate': 0.13270840756564403, 'max_depth': 4, 'l2_leaf_reg': 25.668121591829454}. Best is trial 0 with value: 0.0.
[I 2025-05-03 23:01:46,667] Trial 4 finished with value: 0.0 and parameters: {'learning_rate': 0.06690638962199623, 'max_depth': 3, 'l2_leaf_reg': 0.7195488094458065}. Best is trial 0 with value: 0.0.
[I 2025-05-03 23:01:46,673] A new study created in memory with name: CatBoost_Socmob_outer5
[I 2025-05-03 23:01:46,706] Trial 0 finished with value: 0.0 and parameters: {'learning_rate': 0.01369003371665946, 'max_depth': 9, 'l2_leaf_reg': 0.9336390769547611}. Best is trial 0 with value: 0.0.
[I 2025-05-03 23:01:46,737] Trial 1 finished with value: 0.0 and parameters: {'learning_rate': 0.16352797373403194, 'max_depth': 8, 'l2_leaf_reg': 1.372097111175453}. Best is trial 0 with value: 0.0.
[I 2025-05-03 23:01:46,767] Trial 2 finished with value: 0.0 and parameters: {'learning_rate': 0.034877445740357345, 'max_depth': 7, 'l2_leaf_reg': 1.7548617498921497}. Best is trial 0 with value: 0.0.
[I 2025-05-03 23:01:46,797] Trial 3 finished with value: 0.0 and parameters: {'learning_rate': 0.011836625537653352, 'max_depth': 2, 'l2_leaf_reg': 16.36108363296864}. Best is trial 0 with value: 0.0.
[I 2025-05-03 23:01:46,826] Trial 4 finished with value: 0.0 and parameters: {'learning_rate': 0.016583327734003728, 'max_depth': 3, 'l2_leaf_reg': 16.92367367627232}. Best is trial 0 with value: 0.0.
Traceback (most recent call last):
  File "train.py", line 1192, in <module>
    main(arguments)
  File "train.py", line 1063, in main
    agg_scorer, avg_train_time, avg_test_time = nested_cross_validation(
  File "train.py", line 705, in nested_cross_validation
    best_hp_idx = best_loss_dict.index(min(best_loss_dict))
ValueError: min() arg is an empty sequence
srun: error: stud-000: task 0: Exited with exit code 1
[I 2025-05-03 23:01:51,046] A new study created in memory with name: CatBoost_Sensory_outer1
[I 2025-05-03 23:01:51,105] Trial 0 finished with value: 0.0 and parameters: {'learning_rate': 0.01376084750143324, 'max_depth': 10, 'l2_leaf_reg': 12.022905352137029}. Best is trial 0 with value: 0.0.
[I 2025-05-03 23:01:51,130] Trial 1 finished with value: 0.0 and parameters: {'learning_rate': 0.2808347288625688, 'max_depth': 2, 'l2_leaf_reg': 13.70331840837942}. Best is trial 0 with value: 0.0.
[I 2025-05-03 23:01:51,167] Trial 2 finished with value: 0.0 and parameters: {'learning_rate': 0.028994932315928004, 'max_depth': 3, 'l2_leaf_reg': 1.0936446713438681}. Best is trial 0 with value: 0.0.
[I 2025-05-03 23:01:51,193] Trial 3 finished with value: 0.0 and parameters: {'learning_rate': 0.07228981906586675, 'max_depth': 4, 'l2_leaf_reg': 1.007955127772565}. Best is trial 0 with value: 0.0.
[I 2025-05-03 23:01:51,219] Trial 4 finished with value: 0.0 and parameters: {'learning_rate': 0.03505946050148197, 'max_depth': 7, 'l2_leaf_reg': 2.575509804981425}. Best is trial 0 with value: 0.0.
[I 2025-05-03 23:01:51,224] A new study created in memory with name: CatBoost_Sensory_outer2
[I 2025-05-03 23:01:51,250] Trial 0 finished with value: 0.0 and parameters: {'learning_rate': 0.03778888773471878, 'max_depth': 4, 'l2_leaf_reg': 3.3057197258415063}. Best is trial 0 with value: 0.0.
[I 2025-05-03 23:01:51,277] Trial 1 finished with value: 0.0 and parameters: {'learning_rate': 0.015760158374515932, 'max_depth': 3, 'l2_leaf_reg': 3.56828377760724}. Best is trial 0 with value: 0.0.
[I 2025-05-03 23:01:51,303] Trial 2 finished with value: 0.0 and parameters: {'learning_rate': 0.10582582655509343, 'max_depth': 2, 'l2_leaf_reg': 0.7036486467614999}. Best is trial 0 with value: 0.0.
[I 2025-05-03 23:01:51,329] Trial 3 finished with value: 0.0 and parameters: {'learning_rate': 0.09024796443240903, 'max_depth': 3, 'l2_leaf_reg': 10.4564588625849}. Best is trial 0 with value: 0.0.
[I 2025-05-03 23:01:51,359] Trial 4 finished with value: 0.0 and parameters: {'learning_rate': 0.05360762064777212, 'max_depth': 8, 'l2_leaf_reg': 0.96123628553498}. Best is trial 0 with value: 0.0.
[I 2025-05-03 23:01:51,364] A new study created in memory with name: CatBoost_Sensory_outer3
[I 2025-05-03 23:01:51,389] Trial 0 finished with value: 0.0 and parameters: {'learning_rate': 0.01150399291490366, 'max_depth': 5, 'l2_leaf_reg': 4.234999906229657}. Best is trial 0 with value: 0.0.
[I 2025-05-03 23:01:51,415] Trial 1 finished with value: 0.0 and parameters: {'learning_rate': 0.014325970712903325, 'max_depth': 12, 'l2_leaf_reg': 8.091229190258236}. Best is trial 0 with value: 0.0.
[I 2025-05-03 23:01:51,441] Trial 2 finished with value: 0.0 and parameters: {'learning_rate': 0.04631889849566825, 'max_depth': 2, 'l2_leaf_reg': 0.5911437463011104}. Best is trial 0 with value: 0.0.
[I 2025-05-03 23:01:51,467] Trial 3 finished with value: 0.0 and parameters: {'learning_rate': 0.053567844713212964, 'max_depth': 2, 'l2_leaf_reg': 1.2437630320573838}. Best is trial 0 with value: 0.0.
[I 2025-05-03 23:01:51,494] Trial 4 finished with value: 0.0 and parameters: {'learning_rate': 0.012683906993899693, 'max_depth': 12, 'l2_leaf_reg': 5.4963126819236505}. Best is trial 0 with value: 0.0.
[I 2025-05-03 23:01:51,498] A new study created in memory with name: CatBoost_Sensory_outer4
[I 2025-05-03 23:01:51,525] Trial 0 finished with value: 0.0 and parameters: {'learning_rate': 0.17561082111866574, 'max_depth': 9, 'l2_leaf_reg': 3.225144442985846}. Best is trial 0 with value: 0.0.
[I 2025-05-03 23:01:51,551] Trial 1 finished with value: 0.0 and parameters: {'learning_rate': 0.29561046768516747, 'max_depth': 10, 'l2_leaf_reg': 17.866546366801888}. Best is trial 0 with value: 0.0.
[I 2025-05-03 23:01:51,577] Trial 2 finished with value: 0.0 and parameters: {'learning_rate': 0.03303641262694691, 'max_depth': 3, 'l2_leaf_reg': 1.7860668714396966}. Best is trial 0 with value: 0.0.
[I 2025-05-03 23:01:51,603] Trial 3 finished with value: 0.0 and parameters: {'learning_rate': 0.022947125188634003, 'max_depth': 3, 'l2_leaf_reg': 6.250187685038021}. Best is trial 0 with value: 0.0.
[I 2025-05-03 23:01:51,629] Trial 4 finished with value: 0.0 and parameters: {'learning_rate': 0.08337054203041896, 'max_depth': 2, 'l2_leaf_reg': 2.512811172038369}. Best is trial 0 with value: 0.0.
[I 2025-05-03 23:01:51,634] A new study created in memory with name: CatBoost_Sensory_outer5
[I 2025-05-03 23:01:51,660] Trial 0 finished with value: 0.0 and parameters: {'learning_rate': 0.010366561585911947, 'max_depth': 3, 'l2_leaf_reg': 6.435189347369549}. Best is trial 0 with value: 0.0.
[I 2025-05-03 23:01:51,685] Trial 1 finished with value: 0.0 and parameters: {'learning_rate': 0.07006564964584343, 'max_depth': 5, 'l2_leaf_reg': 1.0272104342962327}. Best is trial 0 with value: 0.0.
[I 2025-05-03 23:01:51,711] Trial 2 finished with value: 0.0 and parameters: {'learning_rate': 0.16562000378177136, 'max_depth': 5, 'l2_leaf_reg': 1.445067210507475}. Best is trial 0 with value: 0.0.
[I 2025-05-03 23:01:51,736] Trial 3 finished with value: 0.0 and parameters: {'learning_rate': 0.03801317202505729, 'max_depth': 2, 'l2_leaf_reg': 0.511934523574685}. Best is trial 0 with value: 0.0.
[I 2025-05-03 23:01:51,761] Trial 4 finished with value: 0.0 and parameters: {'learning_rate': 0.017741665933737747, 'max_depth': 12, 'l2_leaf_reg': 26.547041385617007}. Best is trial 0 with value: 0.0.
Traceback (most recent call last):
  File "train.py", line 1192, in <module>
    main(arguments)
  File "train.py", line 1063, in main
    agg_scorer, avg_train_time, avg_test_time = nested_cross_validation(
  File "train.py", line 705, in nested_cross_validation
    best_hp_idx = best_loss_dict.index(min(best_loss_dict))
ValueError: min() arg is an empty sequence
srun: error: stud-000: task 0: Exited with exit code 1
[I 2025-05-03 23:01:56,723] A new study created in memory with name: CatBoost_Moneyball_outer1
[I 2025-05-03 23:01:56,773] Trial 0 finished with value: 0.0 and parameters: {'learning_rate': 0.2640214825054709, 'max_depth': 2, 'l2_leaf_reg': 0.6713979982880929}. Best is trial 0 with value: 0.0.
[I 2025-05-03 23:01:56,789] Trial 1 finished with value: 0.0 and parameters: {'learning_rate': 0.2507930959202526, 'max_depth': 8, 'l2_leaf_reg': 4.421250527317899}. Best is trial 0 with value: 0.0.
[I 2025-05-03 23:01:56,805] Trial 2 finished with value: 0.0 and parameters: {'learning_rate': 0.07807977536585872, 'max_depth': 2, 'l2_leaf_reg': 1.8151401457210463}. Best is trial 0 with value: 0.0.
[I 2025-05-03 23:01:56,823] Trial 3 finished with value: 0.0 and parameters: {'learning_rate': 0.0701248995649592, 'max_depth': 3, 'l2_leaf_reg': 5.609317403403303}. Best is trial 0 with value: 0.0.
[I 2025-05-03 23:01:56,838] Trial 4 finished with value: 0.0 and parameters: {'learning_rate': 0.278325124753667, 'max_depth': 2, 'l2_leaf_reg': 10.568265368844022}. Best is trial 0 with value: 0.0.
[I 2025-05-03 23:01:56,843] A new study created in memory with name: CatBoost_Moneyball_outer2
[I 2025-05-03 23:01:56,864] Trial 0 finished with value: 0.0 and parameters: {'learning_rate': 0.10899969842171607, 'max_depth': 3, 'l2_leaf_reg': 2.9638543781727558}. Best is trial 0 with value: 0.0.
[I 2025-05-03 23:01:56,885] Trial 1 finished with value: 0.0 and parameters: {'learning_rate': 0.11030491270873824, 'max_depth': 5, 'l2_leaf_reg': 3.551785166109455}. Best is trial 0 with value: 0.0.
[I 2025-05-03 23:01:56,905] Trial 2 finished with value: 0.0 and parameters: {'learning_rate': 0.1282764402951756, 'max_depth': 2, 'l2_leaf_reg': 0.9956511803595908}. Best is trial 0 with value: 0.0.
[I 2025-05-03 23:01:56,926] Trial 3 finished with value: 0.0 and parameters: {'learning_rate': 0.017069775976241895, 'max_depth': 5, 'l2_leaf_reg': 1.2096852448595128}. Best is trial 0 with value: 0.0.
[I 2025-05-03 23:01:56,947] Trial 4 finished with value: 0.0 and parameters: {'learning_rate': 0.12370841558453591, 'max_depth': 10, 'l2_leaf_reg': 0.7686914885918762}. Best is trial 0 with value: 0.0.
[I 2025-05-03 23:01:56,948] A new study created in memory with name: CatBoost_Moneyball_outer3
[I 2025-05-03 23:01:56,965] Trial 0 finished with value: 0.0 and parameters: {'learning_rate': 0.2616205280786533, 'max_depth': 12, 'l2_leaf_reg': 1.9298259309861276}. Best is trial 0 with value: 0.0.
[I 2025-05-03 23:01:56,981] Trial 1 finished with value: 0.0 and parameters: {'learning_rate': 0.05951124837203593, 'max_depth': 5, 'l2_leaf_reg': 27.828709189294166}. Best is trial 0 with value: 0.0.
[I 2025-05-03 23:01:56,997] Trial 2 finished with value: 0.0 and parameters: {'learning_rate': 0.020478188331177438, 'max_depth': 6, 'l2_leaf_reg': 19.084601652978574}. Best is trial 0 with value: 0.0.
[I 2025-05-03 23:01:57,015] Trial 3 finished with value: 0.0 and parameters: {'learning_rate': 0.15865209582759054, 'max_depth': 2, 'l2_leaf_reg': 11.814006822117296}. Best is trial 0 with value: 0.0.
[I 2025-05-03 23:01:57,031] Trial 4 finished with value: 0.0 and parameters: {'learning_rate': 0.011352923184481294, 'max_depth': 3, 'l2_leaf_reg': 22.004397170734926}. Best is trial 0 with value: 0.0.
[I 2025-05-03 23:01:57,036] A new study created in memory with name: CatBoost_Moneyball_outer4
[I 2025-05-03 23:01:57,056] Trial 0 finished with value: 0.0 and parameters: {'learning_rate': 0.1271411924599236, 'max_depth': 9, 'l2_leaf_reg': 4.785642340126843}. Best is trial 0 with value: 0.0.
[I 2025-05-03 23:01:57,077] Trial 1 finished with value: 0.0 and parameters: {'learning_rate': 0.1913634132894198, 'max_depth': 3, 'l2_leaf_reg': 2.0286736271874606}. Best is trial 0 with value: 0.0.
[I 2025-05-03 23:01:57,098] Trial 2 finished with value: 0.0 and parameters: {'learning_rate': 0.012941576107617737, 'max_depth': 2, 'l2_leaf_reg': 1.807954982957301}. Best is trial 0 with value: 0.0.
[I 2025-05-03 23:01:57,119] Trial 3 finished with value: 0.0 and parameters: {'learning_rate': 0.059404697277960265, 'max_depth': 9, 'l2_leaf_reg': 1.5634910378673121}. Best is trial 0 with value: 0.0.
[I 2025-05-03 23:01:57,139] Trial 4 finished with value: 0.0 and parameters: {'learning_rate': 0.014570961740506705, 'max_depth': 8, 'l2_leaf_reg': 11.038973901549241}. Best is trial 0 with value: 0.0.
[I 2025-05-03 23:01:57,144] A new study created in memory with name: CatBoost_Moneyball_outer5
[I 2025-05-03 23:01:57,167] Trial 0 finished with value: 0.0 and parameters: {'learning_rate': 0.05594068605665828, 'max_depth': 2, 'l2_leaf_reg': 4.156588679635938}. Best is trial 0 with value: 0.0.
[I 2025-05-03 23:01:57,187] Trial 1 finished with value: 0.0 and parameters: {'learning_rate': 0.28949128914436273, 'max_depth': 2, 'l2_leaf_reg': 3.7601181504255914}. Best is trial 0 with value: 0.0.
[I 2025-05-03 23:01:57,208] Trial 2 finished with value: 0.0 and parameters: {'learning_rate': 0.14064961746772725, 'max_depth': 7, 'l2_leaf_reg': 6.032921906366378}. Best is trial 0 with value: 0.0.
[I 2025-05-03 23:01:57,228] Trial 3 finished with value: 0.0 and parameters: {'learning_rate': 0.04818765691105605, 'max_depth': 7, 'l2_leaf_reg': 3.5923791530947367}. Best is trial 0 with value: 0.0.
[I 2025-05-03 23:01:57,249] Trial 4 finished with value: 0.0 and parameters: {'learning_rate': 0.20700816710536415, 'max_depth': 5, 'l2_leaf_reg': 0.9666624546218895}. Best is trial 0 with value: 0.0.
Traceback (most recent call last):
  File "train.py", line 1192, in <module>
    main(arguments)
  File "train.py", line 1063, in main
    agg_scorer, avg_train_time, avg_test_time = nested_cross_validation(
  File "train.py", line 705, in nested_cross_validation
    best_hp_idx = best_loss_dict.index(min(best_loss_dict))
ValueError: min() arg is an empty sequence
srun: error: stud-000: task 0: Exited with exit code 1
