Running Mode: Nested CV with Hyperparameter Optimization
Arguements: Namespace(batch_size=128, bin_alt=None, cat_dims=[2], cat_idx=[0], config='config/house_prices_nominal.yml', data_parallel=False, dataset='House_Prices_Nominal', direction='minimize', dropna_idx=[0], early_stopping_rounds=20, epochs=100, frequency_reg=False, gpu_ids=[0, 1], logging_period=100, miss_cat_idx=[6, 25, 30, 31, 32, 33, 35, 42, 57, 58, 60, 63, 64, 72, 73, 74], miss_num_idx=[3, 26, 59], model_name='CatBoost', n_trials=5, nominal_idx=[2, 7, 12], num_bins=10, num_classes=1, num_features=80, num_idx=None, num_splits=5, objective='probabilistic_regression', one_hot_encode=True, optimize_hyperparameters=True, ordinal_encode=True, ordinal_idx=[5, 6, 8, 9, 10, 11, 13, 14, 15, 16, 21, 22, 23, 24, 25, 27, 28, 29, 30, 31, 32, 33, 35, 39, 40, 41, 42, 53, 55, 57, 58, 60, 63, 64, 65, 72, 73, 74, 78, 79], outer_splits=2, save_results=False, scale=True, seed=221, shuffle=True, target_encode=False, use_gpu=True, val_batch_size=256, weighted_loss=False, y_distribution='normal')
--- Running Nested Cross-Validation with Hyperparameter Optimization ---
Loading dataset House_Prices_Nominal...
Dataset loaded! 

(1460, 79)
--- Starting Nested Cross-Validation (2 Outer Folds, 5 Inner Folds) ---
Hyperparameter Optimization per Outer Fold: True

--- Outer Fold 1/2 ---
Starting Hyperparameter Optimization for Outer Fold 1...
  outer_1_inner Fold 1/5
Before Debugging -- Inner Fold 1
DEBUG Inner Fold 1: num_features: 79
DEBUG Inner Fold 1: num_classes: 1
DEBUG Inner Fold 1: cat_idx: [0]
DEBUG Inner Fold 1: nominal_idx: [1, 6, 11]
DEBUG Inner Fold 1: ordinal_idx: [4, 5, 7, 8, 9, 10, 12, 13, 14, 15, 20, 21, 22, 23, 24, 26, 27, 28, 29, 30, 31, 32, 34, 38, 39, 40, 41, 52, 54, 56, 57, 59, 62, 63, 64, 71, 72, 73, 77, 78]
DEBUG Inner Fold 1: num_idx: None
DEBUG Inner Fold 1: cat_dims: [2]
DEBUG Inner Fold 1: bin_alt: None
~~~~~~~~~~~~~~~~~~~~~~~~~~~~~~~~~~~~~~~~~~~~~~~~~~~~~~~~~~~~~~~~~~~~~~~~~~~~~~~
BEFORE ANY ENCODING
num_features :79
num_classes : 1
cat_idx : [0]
nominal_idx : [1, 6, 11]
ordinal_idx : [4, 5, 7, 8, 9, 10, 12, 13, 14, 15, 20, 21, 22, 23, 24, 26, 27, 28, 29, 30, 31, 32, 34, 38, 39, 40, 41, 52, 54, 56, 57, 59, 62, 63, 64, 71, 72, 73, 77, 78]
num_idx : None
cat_dims : [2]
bin_alt : None 


X_train shape : (467, 79)
~~~~~~~~~~~~~~~~~~~~~~~~~~~~~~~~~~~~~~~~~~~~~~~~~~~~~~~~~~~~~~~~~~~~~~~~~~~~~~~
~~~~~~~~~~~~~~~~~~~~~~~~~~~~~~~~~~~~~~~~~~~~~~~~~~~~~~~~~~~~~~~~~~~~~~~~~~~~~~~
AFTER getting cat idx
Nominal Index : [1, 6, 11]
Ordinal Index : [4, 5, 7, 8, 9, 10, 12, 13, 14, 15, 20, 21, 22, 23, 24, 26, 27, 28, 29, 30, 31, 32, 34, 38, 39, 40, 41, 52, 54, 56, 57, 59, 62, 63, 64, 71, 72, 73, 77, 78]
Cat Idx : [0]
Cat dims : [2]
~~~~~~~~~~~~~~~~~~~~~~~~~~~~~~~~~~~~~~~~~~~~~~~~~~~~~~~~~~~~~~~~~~~~~~~~~~~~~~~
BEFORE getting cat idx
Nominal Index : [1, 6, 11]
Ordinal Index : [4, 5, 7, 8, 9, 10, 12, 13, 14, 15, 20, 21, 22, 23, 24, 26, 27, 28, 29, 30, 31, 32, 34, 38, 39, 40, 41, 52, 54, 56, 57, 59, 62, 63, 64, 71, 72, 73, 77, 78]
Cat Idx : [1, 4, 5, 6, 7, 8, 9, 10, 11, 12, 13, 14, 15, 20, 21, 22, 23, 24, 26, 27, 28, 29, 30, 31, 32, 34, 38, 39, 40, 41, 52, 54, 56, 57, 59, 62, 63, 64, 71, 72, 73, 77, 78]
Cat dims : []
No one Hot for this Baby!!! 

~~~~~~~~~~~~~~~~~~~~~~~~~~~~~~~~~~~~~~~~~~~~~~~~~~~~~~~~~~~~~~~~~~~~~~~~~~~~~~~ 


AFTER SEPARATING CATEGORICALS AND NUMERICALS
Ordinal Index : [4, 5, 7, 8, 9, 10, 12, 13, 14, 15, 20, 21, 22, 23, 24, 26, 27, 28, 29, 30, 31, 32, 34, 38, 39, 40, 41, 52, 54, 56, 57, 59, 62, 63, 64, 71, 72, 73, 77, 78]
Numerical Index V1 : [0, 2, 3, 16, 17, 18, 19, 25, 33, 35, 36, 37, 42, 43, 44, 45, 46, 47, 48, 49, 50, 51, 53, 55, 58, 60, 61, 65, 66, 67, 68, 69, 70, 74, 75, 76]
Cat Idx V1 : [1, 4, 5, 6, 7, 8, 9, 10, 11, 12, 13, 14, 15, 20, 21, 22, 23, 24, 26, 27, 28, 29, 30, 31, 32, 34, 38, 39, 40, 41, 52, 54, 56, 57, 59, 62, 63, 64, 71, 72, 73, 77, 78] 
Cat Dims V1 : [5, 2, 3, 4, 4, 1, 5, 3, 24, 7, 3, 5, 8, 5, 6, 11, 14, 4, 4, 4, 6, 5, 5, 5, 7, 7, 3, 4, 2, 6, 4, 7, 6, 7, 4, 6, 5, 3, 2, 5, 3, 7, 6]
 

~~~~~~~~~~~~~~~~~~~~~~~~~~~~~~~~~~~~~~~~~~~~~~~~~~~~~~~~~~~~~~~~~~~~~~~~~~~~~~~ 


Scaling the data...
~~~~~~~~~~~~~~~~~~~~~~~~~~~~~~~~~~~~~~~~~~~~~~~~~~~~~~~~~~~~~~~~~~~~~~~~~~~~~~~
After OHE
Numerical Index V2 : [0, 2, 3, 16, 17, 18, 19, 25, 33, 35, 36, 37, 42, 43, 44, 45, 46, 47, 48, 49, 50, 51, 53, 55, 58, 60, 61, 65, 66, 67, 68, 69, 70, 74, 75, 76] 


OHE Idx : [1, 6, 11]


Ordinal Idx V2: [4, 5, 7, 8, 9, 10, 12, 13, 14, 15, 20, 21, 22, 23, 24, 26, 27, 28, 29, 30, 31, 32, 34, 38, 39, 40, 41, 52, 54, 56, 57, 59, 62, 63, 64, 71, 72, 73, 77, 78]


Cat Dims V2 : [5, 2, 3, 4, 4, 1, 5, 3, 24, 7, 3, 5, 8, 5, 6, 11, 14, 4, 4, 4, 6, 5, 5, 5, 7, 7, 3, 4, 2, 6, 4, 7, 6, 7, 4, 6, 5, 3, 2, 5, 3, 7, 6]
Cat Idx V2 : [1, 4, 5, 6, 7, 8, 9, 10, 11, 12, 13, 14, 15, 20, 21, 22, 23, 24, 26, 27, 28, 29, 30, 31, 32, 34, 38, 39, 40, 41, 52, 54, 56, 57, 59, 62, 63, 64, 71, 72, 73, 77, 78] 
 

Train: [[-0.14253837675877462 3.0 -0.4411341669078533 -0.28858592101453 1.0]
 [-0.8595806239366681 3.0 0.1602863422539648 -0.20355408211881412 1.0]
 [0.3354897880264877 3.0 0.20654945834333543 0.10358501789245854 1.0]
 [-0.8595806239366681 3.0 -0.2560817025503708 -0.4318082231545431 1.0]
 [-0.620566541544037 4.0 0.06776011007522356 -0.4176703993381469 1.0]
 [0.09647570563385653 3.0 1.7794954053819367 0.3890051421857893 1.0]
 [1.5305601999896437 3.0 -1.3663964886952658 -0.42873478319445696 1.0]
 [1.5305601999896437 3.0 -1.6439751852314894 -0.573288909317174 1.0]
 [0.09647570563385653 3.0 0.25281257443270605 -0.15407169876142762 1.0]
 [1.5305601999896437 3.0 -1.227607140427154 -0.8158857701666382 1.0]] 
 
 
Val : (467, 79) 
 

~~~~~~~~~~~~~~~~~~~~~~~~~~~~~~~~~~~~~~~~~~~~~~~~~~~~~~~~~~~~~~~~~~~~~~~~~~~~~~~
Cat Idx V3 : [1, 6, 11] 
 

~~~~~~~~~~~~~~~~~~~~~~~~~~~~~~~~~~~~~~~~~~~~~~~~~~~~~~~~~~~~~~~~~~~~~~~~~~~~~~~
After ORDINAL
Numerical Index V2 : [0, 2, 3, 16, 17, 18, 19, 25, 33, 35, 36, 37, 42, 43, 44, 45, 46, 47, 48, 49, 50, 51, 53, 55, 58, 60, 61, 65, 66, 67, 68, 69, 70, 74, 75, 76] 


OHE Idx : [1, 6, 11]


Ordinal Idx V2: [4, 5, 7, 8, 9, 10, 12, 13, 14, 15, 20, 21, 22, 23, 24, 26, 27, 28, 29, 30, 31, 32, 34, 38, 39, 40, 41, 52, 54, 56, 57, 59, 62, 63, 64, 71, 72, 73, 77, 78]


Cat Dims V2 : [5, 2, 3, 4, 4, 1, 5, 3, 24, 7, 3, 5, 8, 5, 6, 11, 14, 4, 4, 4, 6, 5, 5, 5, 7, 7, 3, 4, 2, 6, 4, 7, 6, 7, 4, 6, 5, 3, 2, 5, 3, 7, 6, 6, 5, 25]
Cat Idx V2 : [1, 6, 11] 
 

Train: [[-0.14253837675877462 3.0 -0.4411341669078533 -0.28858592101453 1.0 1.0
  3.0 3.0 0.0 4.0 0.0 6.0 2.0 1.0 0.0 0.0 -0.798738451559692
  0.5014845859065856 -1.0825698482501709 -1.684693402581959 1.0 1.0 4.0
  6.0 2.0 -0.5437045154578635 3.0 3.0 0.0 4.0 4.0 3.0 0.0
  -0.2782171097835688 6.0 -0.27570209043753824 -0.32875324557139735
  -0.6876882240207923 0.0 1.0 0.0 1.0 -1.0322643821190736
  0.08250576509993868 -0.12228967182564648 -0.725797536381494
  1.1135180470317554 -0.2059386177619785 -1.0431951208903685
  1.3039359259948833 0.17741513946201748 -0.21699124819614674 3.0
  0.27620214448071045 6.0 -0.9919178880803842 3.0 5.0 -1.6211805175538874
  3.0 -0.9901365589338478 -1.074303341756019 5.0 4.0 1.0
  -0.7078926993211142 -0.7413977199041893 -0.34776398131116426
  -0.12640879213769043 -0.24723852628591864 -0.06531209817875704 1.0 4.0
  0.0 -0.14669024954753734 -0.7993636720562501 -0.5816793981352959 6.0
  1.0]
 [-0.8595806239366681 3.0 0.1602863422539648 -0.20355408211881412 1.0 1.0
  0.0 3.0 0.0 4.0 0.0 4.0 2.0 1.0 0.0 2.0 0.5751505240512695
  -0.43528862056691703 1.1029916807186342 0.9732519318970092 1.0 1.0 8.0
  11.0 2.0 -0.5437045154578635 2.0 3.0 2.0 2.0 4.0 2.0 6.0
  -0.8972591011693287 6.0 -0.27570209043753824 2.02062702692395
  0.8538370229878752 0.0 0.0 1.0 5.0 0.7579513787758428
  -0.782775407074002 -0.12228967182564648 -0.06153462624383865
  -0.8124557602416883 -0.2059386177619785 0.7478788550500804
  -0.7394804412521319 -1.0591948624598042 -0.21699124819614674 2.0
  -0.946417774689827 6.0 -0.9919178880803842 3.0 1.0 1.0980198477076526
  2.0 0.3197608150664552 0.8703209675548104 5.0 4.0 2.0 2.094900720838767
  -0.24053500460331864 -0.34776398131116426 -0.12640879213769043
  -0.24723852628591864 -0.06531209817875704 1.0 4.0 0.0
  -0.14669024954753734 -0.7993636720562501 -1.366778470185057 4.0 5.0]
 [0.3354897880264877 3.0 0.20654945834333543 0.10358501789245854 1.0 1.0
  0.0 1.0 0.0 4.0 1.0 5.0 2.0 1.0 0.0 5.0 -0.11179396375421123
  1.4382577923800883 -1.2812572599746077 0.451155526910069 3.0 1.0 7.0
  10.0 2.0 -0.5437045154578635 3.0 3.0 1.0 4.0 4.0 3.0 3.0
  -0.25043958452907955 6.0 -0.27570209043753824 -0.45134899034107867
  -0.7728668427908131 0.0 1.0 1.0 0.0 -0.8078842395810316
  1.0736876369288177 -0.12228967182564648 0.23409886672951344
  -0.8124557602416883 -0.2059386177619785 -1.0431951208903685
  1.3039359259948833 0.17741513946201748 -0.21699124819614674 3.0
  -0.3351078151045582 6.0 0.48803627720248943 2.0 5.0 -1.662380523088153
  3.0 -0.9901365589338478 -1.074303341756019 5.0 4.0 2.0
  -0.7078926993211142 -0.7413977199041893 -0.34776398131116426
  -0.12640879213769043 -0.24723852628591864 -0.06531209817875704 1.0 4.0
  0.0 -0.14669024954753734 0.6213892674309768 0.20341967391446503 6.0 4.0]
 [-0.8595806239366681 3.0 -0.2560817025503708 -0.4318082231545431 1.0 1.0
  3.0 3.0 0.0 4.0 0.0 4.0 2.0 1.0 0.0 2.0 0.5751505240512695
  -0.43528862056691703 1.1361062493393737 1.0207152414412766 1.0 1.0 8.0
  11.0 1.0 -0.008311771717595152 2.0 3.0 2.0 2.0 4.0 3.0 2.0
  0.4201892394721604 6.0 -0.27570209043753824 -0.10585189144470407
  0.2513541097365092 0.0 0.0 1.0 5.0 0.058271364409905095
  -0.782775407074002 -0.12228967182564648 -0.5907550766282343
  1.1135180470317554 -0.2059386177619785 0.7478788550500804
  -0.7394804412521319 -1.0591948624598042 -0.21699124819614674 2.0
  -0.3351078151045582 6.0 -0.9919178880803842 3.0 1.0 1.1392198532419182
  2.0 0.3197608150664552 0.6602121341350197 5.0 4.0 2.0
  0.13054977679508956 0.07819581422450818 -0.34776398131116426
  -0.12640879213769043 -0.24723852628591864 -0.06531209817875704 1.0 4.0
  0.0 -0.14669024954753734 0.9765775023027835 -0.5816793981352959 4.0 5.0]
 [-0.620566541544037 4.0 0.06776011007522356 -0.4176703993381469 1.0 1.0
  3.0 3.0 0.0 4.0 0.0 8.0 2.0 1.0 0.0 2.0 -0.798738451559692
  0.5014845859065856 -1.0825698482501709 -1.4473768548606225 1.0 1.0 8.0
  11.0 2.0 -0.5437045154578635 3.0 3.0 1.0 4.0 4.0 3.0 0.0
  -0.0976631956293888 5.0 0.5201692145417564 -0.8458843871453259
  -0.7209286606139712 0.0 0.0 1.0 5.0 -0.9791852086154508
  -0.782775407074002 -0.12228967182564648 -1.3754612616809592
  -0.8124557602416883 -0.2059386177619785 -1.0431951208903685
  -0.7394804412521319 -1.0591948624598042 -0.21699124819614674 3.0
  -1.5577277342750957 6.0 0.48803627720248943 2.0 5.0 -0.5499803736629777
  0.0 -0.9901365589338478 1.9834507446085956 0.0 0.0 2.0
  -0.7078926993211142 -0.36195626891868127 -0.34776398131116426
  -0.12640879213769043 -0.24723852628591864 -0.06531209817875704 1.0 4.0
  0.0 -0.14669024954753734 -1.5097401417998635 0.20341967391446503 6.0
  4.0]
 [0.09647570563385653 3.0 1.7794954053819367 0.3890051421857893 1.0 1.0
  0.0 3.0 0.0 0.0 0.0 14.0 2.0 1.0 0.0 5.0 1.9490394996622311
  -0.43528862056691703 0.8711897003734579 0.6410087650871382 1.0 1.0 8.0
  11.0 1.0 0.27425662081199087 2.0 3.0 2.0 2.0 4.0 3.0 6.0
  -0.8972591011693287 6.0 -0.27570209043753824 1.786580605090922
  0.6356966578451393 0.0 0.0 1.0 5.0 0.5745869612178729 1.911499565541681
  -0.12228967182564648 1.9476781871120914 -0.8124557602416883
  -0.2059386177619785 0.7478788550500804 1.3039359259948833
  1.4140251413838392 -0.21699124819614674 2.0 2.1101320232365164 6.0
  0.48803627720248943 5.0 3.0 0.8096198089677922 0.0 1.629658189066758
  1.3352426415049856 5.0 4.0 2.0 4.626198482065782 -0.28606797872157963
  -0.34776398131116426 -0.12640879213769043 -0.24723852628591864
  -0.06531209817875704 1.0 4.0 0.0 -0.14669024954753734
  -0.4441754371844434 1.773617818013987 6.0 4.0]
 [1.5305601999896437 3.0 -1.3663964886952658 -0.42873478319445696 1.0 1.0
  0.0 3.0 0.0 4.0 0.0 15.0 2.0 1.0 4.0 2.0 0.5751505240512695
  -0.43528862056691703 1.0698771120978947 0.9732519318970092 1.0 1.0 8.0
  11.0 3.0 -0.07771453479503733 2.0 3.0 2.0 2.0 4.0 3.0 6.0
  -0.8972591011693287 6.0 -0.27570209043753824 1.7308552665592487
  0.5837584756682973 0.0 0.0 1.0 5.0 0.4443017171635259
  -0.782775407074002 -0.12228967182564648 -0.29877137986442986
  -0.8124557602416883 -0.2059386177619785 0.7478788550500804
  -0.7394804412521319 -1.0591948624598042 -0.21699124819614674 2.0
  -0.3351078151045582 6.0 0.48803627720248943 2.0 1.0 1.0568198421733868
  2.0 0.3197608150664552 -0.028229575368124527 5.0 4.0 2.0
  0.34614927065354195 -0.210179688524478 -0.34776398131116426
  -0.12640879213769043 -0.24723852628591864 -0.06531209817875704 1.0 4.0
  0.0 -0.14669024954753734 -1.1545519069280568 -1.366778470185057 4.0 5.0]
 [1.5305601999896437 3.0 -1.6439751852314894 -0.573288909317174 1.0 1.0
  0.0 3.0 0.0 4.0 0.0 15.0 2.0 1.0 3.0 2.0 -0.11179396375421123
  -0.43528862056691703 1.0698771120978947 0.925788622352742 1.0 1.0 8.0
  11.0 3.0 0.12553641421747191 2.0 3.0 2.0 2.0 4.0 0.0 0.0
  0.8884389509049788 6.0 -0.27570209043753824 -0.41345576013954083
  0.45495178386972945 0.0 0.0 1.0 5.0 0.29471495547149784
  -0.782775407074002 -0.12228967182564648 -0.4119150623604041
  1.1135180470317554 -0.2059386177619785 0.7478788550500804
  -0.7394804412521319 -2.295804864381626 -0.21699124819614674 2.0
  -0.946417774689827 6.0 0.48803627720248943 2.0 1.0 1.0568198421733868
  2.0 0.3197608150664552 0.6423305312907821 5.0 4.0 2.0
  0.6495855953432157 0.2147947365792911 -0.34776398131116426
  -0.12640879213769043 -0.24723852628591864 -0.06531209817875704 1.0 4.0
  0.0 -0.14669024954753734 0.6213892674309768 0.988518745964226 6.0 4.0]
 [0.09647570563385653 3.0 0.25281257443270605 -0.15407169876142762 1.0
  1.0 3.0 3.0 0.0 4.0 0.0 4.0 2.0 1.0 0.0 5.0 1.2620950118567502
  -0.43528862056691703 0.9705334062356763 0.7833986937199401 1.0 1.0 8.0
  11.0 2.0 -0.5437045154578635 2.0 3.0 2.0 2.0 4.0 3.0 2.0
  0.6979644920170527 6.0 -0.27570209043753824 -0.5962348705234294
  0.08515192677061512 0.0 0.0 1.0 5.0 -0.1347438119669053
  1.2842851708970786 -0.12228967182564648 0.9111360636005852
  1.1135180470317554 -0.2059386177619785 0.7478788550500804
  1.3039359259948833 0.17741513946201748 -0.21699124819614674 2.0
  0.27620214448071045 6.0 0.48803627720248943 2.0 1.0 0.9332198255705895
  2.0 0.3197608150664552 0.4322216978709914 5.0 4.0 2.0
  -0.7078926993211142 2.461088126413499 -0.34776398131116426
  -0.12640879213769043 -0.24723852628591864 -0.06531209817875704 1.0 4.0
  0.0 -0.14669024954753734 -1.1545519069280568 0.20341967391446503 6.0
  4.0]
 [1.5305601999896437 3.0 -1.227607140427154 -0.8158857701666382 1.0 1.0
  3.0 3.0 0.0 4.0 0.0 0.0 2.0 1.0 4.0 2.0 0.5751505240512695
  -0.43528862056691703 1.0698771120978947 0.925788622352742 1.0 1.0 8.0
  11.0 1.0 0.1751098164156449 2.0 3.0 2.0 2.0 4.0 1.0 2.0
  -0.8655133580213411 6.0 -0.27570209043753824 1.6818169686513762
  0.5712933119458553 0.0 0.0 1.0 5.0 0.7772528964135238
  -0.782775407074002 -0.12228967182564648 -0.046935441405648426
  -0.8124557602416883 -0.2059386177619785 0.7478788550500804
  -0.7394804412521319 -1.0591948624598042 -0.21699124819614674 2.0
  -0.3351078151045582 6.0 0.48803627720248943 2.0 1.0 1.0568198421733868
  0.0 0.3197608150664552 -0.18022319954414337 5.0 4.0 2.0
  0.42600093504556136 -0.43784455911578285 -0.34776398131116426
  -0.12640879213769043 -0.24723852628591864 -0.06531209817875704 1.0 4.0
  0.0 -0.14669024954753734 -0.7993636720562501 -1.366778470185057 6.0 4.0]] 
 
 
Val : (467, 79) 
 

FINISHED ENCODING
~~~~~~~~~~~~~~~~~~~~~~~~~~~~~~~~~~~~~~~~~~~~~~~~~~~~~~~~~~~~~~~~~~~~~~~~~~~~~~~


~~~~~~~~~~~~~~~~~~~~~~~~~~~~~~~~~~~~~~~~~~~~~~~~~~~~~~~~~~~~~~~~~~~~~~~~~~~~~~~
Test numpy array issues
X dtype: object
X Val dtype: object
X dtype: float32
X Val dtype: float32
Number of bins: 7
Number of Classes B4 Bin Verifier: 7
Unique values in y: (array([0., 1., 2., 3., 4., 5., 6.]), 7)
Unique values in y_val: (array([0., 1., 2., 3., 4., 5., 6.]), 7)
No need to shift labels.
VERIFY SHIFT
Y shape : (467,) , Y_val shape : (117,)
Train after shift : [0 1 2 3 4 5 6], Length : 7
Number of Classes After Bin Verifier: 7 


After Debugging -- Inner Fold 1
DEBUG Inner Fold 1: num_features: 79
DEBUG Inner Fold 1: num_classes: 7
DEBUG Inner Fold 1: cat_idx: [1, 6, 11]
DEBUG Inner Fold 1: nominal_idx: [1, 6, 11]
DEBUG Inner Fold 1: ordinal_idx: [4, 5, 7, 8, 9, 10, 12, 13, 14, 15, 20, 21, 22, 23, 24, 26, 27, 28, 29, 30, 31, 32, 34, 38, 39, 40, 41, 52, 54, 56, 57, 59, 62, 63, 64, 71, 72, 73, 77, 78]
DEBUG Inner Fold 1: num_idx: [0, 2, 3, 16, 17, 18, 19, 25, 33, 35, 36, 37, 42, 43, 44, 45, 46, 47, 48, 49, 50, 51, 53, 55, 58, 60, 61, 65, 66, 67, 68, 69, 70, 74, 75, 76]
DEBUG Inner Fold 1: cat_dims: [5, 2, 3, 4, 4, 1, 5, 3, 24, 7, 3, 5, 8, 5, 6, 11, 14, 4, 4, 4, 6, 5, 5, 5, 7, 7, 3, 4, 2, 6, 4, 7, 6, 7, 4, 6, 5, 3, 2, 5, 3, 7, 6, 6, 5, 25]
DEBUG Inner Fold 1: bin_alt: [0, 1, 2, 3, 4, 5, 6]
**** Data b4 Fitting ****
