[I 2025-05-01 02:23:50,219] A new study created in memory with name: CatBoost_Boston_outer1
[W 2025-05-01 02:23:50,263] Trial 0 failed with parameters: {'learning_rate': 0.013641064586224749, 'max_depth': 2, 'l2_leaf_reg': 0.5116185580318248} because of the following error: AttributeError("'float' object has no attribute 'get_results'").
Traceback (most recent call last):
  File "/home/mburu/.local/lib/python3.8/site-packages/optuna/study/_optimize.py", line 197, in _run_trial
    value_or_values = func(trial)
  File "train.py", line 980, in __call__
    print(f"Trial Results B4 Saving: {inner_sc.get_results()}")
AttributeError: 'float' object has no attribute 'get_results'
[W 2025-05-01 02:23:50,263] Trial 0 failed with value None.
[I 2025-05-01 02:23:50,264] A new study created in memory with name: CatBoost_Boston_outer2
[W 2025-05-01 02:23:50,300] Trial 0 failed with parameters: {'learning_rate': 0.031611268003009584, 'max_depth': 2, 'l2_leaf_reg': 13.046305614076488} because of the following error: AttributeError("'float' object has no attribute 'get_results'").
Traceback (most recent call last):
  File "/home/mburu/.local/lib/python3.8/site-packages/optuna/study/_optimize.py", line 197, in _run_trial
    value_or_values = func(trial)
  File "train.py", line 980, in __call__
    print(f"Trial Results B4 Saving: {inner_sc.get_results()}")
AttributeError: 'float' object has no attribute 'get_results'
[W 2025-05-01 02:23:50,300] Trial 0 failed with value None.
[I 2025-05-01 02:23:50,300] A new study created in memory with name: CatBoost_Boston_outer3
[W 2025-05-01 02:23:50,328] Trial 0 failed with parameters: {'learning_rate': 0.15582320732827584, 'max_depth': 2, 'l2_leaf_reg': 4.844548077658353} because of the following error: AttributeError("'float' object has no attribute 'get_results'").
Traceback (most recent call last):
  File "/home/mburu/.local/lib/python3.8/site-packages/optuna/study/_optimize.py", line 197, in _run_trial
    value_or_values = func(trial)
  File "train.py", line 980, in __call__
    print(f"Trial Results B4 Saving: {inner_sc.get_results()}")
AttributeError: 'float' object has no attribute 'get_results'
[W 2025-05-01 02:23:50,328] Trial 0 failed with value None.
[I 2025-05-01 02:23:50,329] A new study created in memory with name: CatBoost_Boston_outer4
[W 2025-05-01 02:23:50,357] Trial 0 failed with parameters: {'learning_rate': 0.051341528977343266, 'max_depth': 5, 'l2_leaf_reg': 0.5264282100675579} because of the following error: AttributeError("'float' object has no attribute 'get_results'").
Traceback (most recent call last):
  File "/home/mburu/.local/lib/python3.8/site-packages/optuna/study/_optimize.py", line 197, in _run_trial
    value_or_values = func(trial)
  File "train.py", line 980, in __call__
    print(f"Trial Results B4 Saving: {inner_sc.get_results()}")
AttributeError: 'float' object has no attribute 'get_results'
[W 2025-05-01 02:23:50,357] Trial 0 failed with value None.
[I 2025-05-01 02:23:50,357] A new study created in memory with name: CatBoost_Boston_outer5
[W 2025-05-01 02:23:50,388] Trial 0 failed with parameters: {'learning_rate': 0.01470818419013712, 'max_depth': 3, 'l2_leaf_reg': 9.149325012037995} because of the following error: AttributeError("'float' object has no attribute 'get_results'").
Traceback (most recent call last):
  File "/home/mburu/.local/lib/python3.8/site-packages/optuna/study/_optimize.py", line 197, in _run_trial
    value_or_values = func(trial)
  File "train.py", line 980, in __call__
    print(f"Trial Results B4 Saving: {inner_sc.get_results()}")
AttributeError: 'float' object has no attribute 'get_results'
[W 2025-05-01 02:23:50,388] Trial 0 failed with value None.
Traceback (most recent call last):
  File "train.py", line 1124, in <module>
    main(arguments)
  File "train.py", line 995, in main
    agg_scorer, avg_train_time, avg_test_time = nested_cross_validation(
  File "train.py", line 646, in nested_cross_validation
    best_hp_idx = best_loss_dict.index(min(best_loss_dict))
ValueError: min() arg is an empty sequence
srun: error: stud-000: task 0: Exited with exit code 1
[I 2025-05-01 02:23:54,656] A new study created in memory with name: CatBoost_Socmob_outer1
[W 2025-05-01 02:23:54,685] Trial 0 failed with parameters: {'learning_rate': 0.1568476457832061, 'max_depth': 2, 'l2_leaf_reg': 9.436394600921947} because of the following error: AttributeError("'float' object has no attribute 'get_results'").
Traceback (most recent call last):
  File "/home/mburu/.local/lib/python3.8/site-packages/optuna/study/_optimize.py", line 197, in _run_trial
    value_or_values = func(trial)
  File "train.py", line 980, in __call__
    print(f"Trial Results B4 Saving: {inner_sc.get_results()}")
AttributeError: 'float' object has no attribute 'get_results'
[W 2025-05-01 02:23:54,685] Trial 0 failed with value None.
[I 2025-05-01 02:23:54,686] A new study created in memory with name: CatBoost_Socmob_outer2
[W 2025-05-01 02:23:54,713] Trial 0 failed with parameters: {'learning_rate': 0.08522665293549456, 'max_depth': 7, 'l2_leaf_reg': 2.983379505548364} because of the following error: AttributeError("'float' object has no attribute 'get_results'").
Traceback (most recent call last):
  File "/home/mburu/.local/lib/python3.8/site-packages/optuna/study/_optimize.py", line 197, in _run_trial
    value_or_values = func(trial)
  File "train.py", line 980, in __call__
    print(f"Trial Results B4 Saving: {inner_sc.get_results()}")
AttributeError: 'float' object has no attribute 'get_results'
[W 2025-05-01 02:23:54,713] Trial 0 failed with value None.
[I 2025-05-01 02:23:54,713] A new study created in memory with name: CatBoost_Socmob_outer3
[W 2025-05-01 02:23:54,740] Trial 0 failed with parameters: {'learning_rate': 0.03290022985293173, 'max_depth': 7, 'l2_leaf_reg': 9.113212566823828} because of the following error: AttributeError("'float' object has no attribute 'get_results'").
Traceback (most recent call last):
  File "/home/mburu/.local/lib/python3.8/site-packages/optuna/study/_optimize.py", line 197, in _run_trial
    value_or_values = func(trial)
  File "train.py", line 980, in __call__
    print(f"Trial Results B4 Saving: {inner_sc.get_results()}")
AttributeError: 'float' object has no attribute 'get_results'
[W 2025-05-01 02:23:54,740] Trial 0 failed with value None.
[I 2025-05-01 02:23:54,741] A new study created in memory with name: CatBoost_Socmob_outer4
[W 2025-05-01 02:23:54,767] Trial 0 failed with parameters: {'learning_rate': 0.06434308744523988, 'max_depth': 2, 'l2_leaf_reg': 5.9610519968811255} because of the following error: AttributeError("'float' object has no attribute 'get_results'").
Traceback (most recent call last):
  File "/home/mburu/.local/lib/python3.8/site-packages/optuna/study/_optimize.py", line 197, in _run_trial
    value_or_values = func(trial)
  File "train.py", line 980, in __call__
    print(f"Trial Results B4 Saving: {inner_sc.get_results()}")
AttributeError: 'float' object has no attribute 'get_results'
[W 2025-05-01 02:23:54,767] Trial 0 failed with value None.
[I 2025-05-01 02:23:54,768] A new study created in memory with name: CatBoost_Socmob_outer5
[W 2025-05-01 02:23:54,794] Trial 0 failed with parameters: {'learning_rate': 0.022732578574431825, 'max_depth': 9, 'l2_leaf_reg': 26.14362399289469} because of the following error: AttributeError("'float' object has no attribute 'get_results'").
Traceback (most recent call last):
  File "/home/mburu/.local/lib/python3.8/site-packages/optuna/study/_optimize.py", line 197, in _run_trial
    value_or_values = func(trial)
  File "train.py", line 980, in __call__
    print(f"Trial Results B4 Saving: {inner_sc.get_results()}")
AttributeError: 'float' object has no attribute 'get_results'
[W 2025-05-01 02:23:54,795] Trial 0 failed with value None.
Traceback (most recent call last):
  File "train.py", line 1124, in <module>
    main(arguments)
  File "train.py", line 995, in main
    agg_scorer, avg_train_time, avg_test_time = nested_cross_validation(
  File "train.py", line 646, in nested_cross_validation
    best_hp_idx = best_loss_dict.index(min(best_loss_dict))
ValueError: min() arg is an empty sequence
srun: error: stud-000: task 0: Exited with exit code 1
[I 2025-05-01 02:23:59,110] A new study created in memory with name: CatBoost_Sensory_outer1
[W 2025-05-01 02:23:59,133] Trial 0 failed with parameters: {'learning_rate': 0.03111847202831788, 'max_depth': 2, 'l2_leaf_reg': 10.96478427066398} because of the following error: AttributeError("'float' object has no attribute 'get_results'").
Traceback (most recent call last):
  File "/home/mburu/.local/lib/python3.8/site-packages/optuna/study/_optimize.py", line 197, in _run_trial
    value_or_values = func(trial)
  File "train.py", line 980, in __call__
    print(f"Trial Results B4 Saving: {inner_sc.get_results()}")
AttributeError: 'float' object has no attribute 'get_results'
[W 2025-05-01 02:23:59,134] Trial 0 failed with value None.
[I 2025-05-01 02:23:59,134] A new study created in memory with name: CatBoost_Sensory_outer2
[W 2025-05-01 02:23:59,157] Trial 0 failed with parameters: {'learning_rate': 0.24060502794640815, 'max_depth': 6, 'l2_leaf_reg': 25.39847472101105} because of the following error: AttributeError("'float' object has no attribute 'get_results'").
Traceback (most recent call last):
  File "/home/mburu/.local/lib/python3.8/site-packages/optuna/study/_optimize.py", line 197, in _run_trial
    value_or_values = func(trial)
  File "train.py", line 980, in __call__
    print(f"Trial Results B4 Saving: {inner_sc.get_results()}")
AttributeError: 'float' object has no attribute 'get_results'
[W 2025-05-01 02:23:59,157] Trial 0 failed with value None.
[I 2025-05-01 02:23:59,157] A new study created in memory with name: CatBoost_Sensory_outer3
[W 2025-05-01 02:23:59,180] Trial 0 failed with parameters: {'learning_rate': 0.21390824120388569, 'max_depth': 5, 'l2_leaf_reg': 4.974073147266701} because of the following error: AttributeError("'float' object has no attribute 'get_results'").
Traceback (most recent call last):
  File "/home/mburu/.local/lib/python3.8/site-packages/optuna/study/_optimize.py", line 197, in _run_trial
    value_or_values = func(trial)
  File "train.py", line 980, in __call__
    print(f"Trial Results B4 Saving: {inner_sc.get_results()}")
AttributeError: 'float' object has no attribute 'get_results'
[W 2025-05-01 02:23:59,180] Trial 0 failed with value None.
[I 2025-05-01 02:23:59,180] A new study created in memory with name: CatBoost_Sensory_outer4
[W 2025-05-01 02:23:59,203] Trial 0 failed with parameters: {'learning_rate': 0.06554506695635383, 'max_depth': 2, 'l2_leaf_reg': 17.90832210367573} because of the following error: AttributeError("'float' object has no attribute 'get_results'").
Traceback (most recent call last):
  File "/home/mburu/.local/lib/python3.8/site-packages/optuna/study/_optimize.py", line 197, in _run_trial
    value_or_values = func(trial)
  File "train.py", line 980, in __call__
    print(f"Trial Results B4 Saving: {inner_sc.get_results()}")
AttributeError: 'float' object has no attribute 'get_results'
[W 2025-05-01 02:23:59,203] Trial 0 failed with value None.
[I 2025-05-01 02:23:59,203] A new study created in memory with name: CatBoost_Sensory_outer5
[W 2025-05-01 02:23:59,226] Trial 0 failed with parameters: {'learning_rate': 0.06667078147446223, 'max_depth': 6, 'l2_leaf_reg': 7.071872826307512} because of the following error: AttributeError("'float' object has no attribute 'get_results'").
Traceback (most recent call last):
  File "/home/mburu/.local/lib/python3.8/site-packages/optuna/study/_optimize.py", line 197, in _run_trial
    value_or_values = func(trial)
  File "train.py", line 980, in __call__
    print(f"Trial Results B4 Saving: {inner_sc.get_results()}")
AttributeError: 'float' object has no attribute 'get_results'
[W 2025-05-01 02:23:59,226] Trial 0 failed with value None.
Traceback (most recent call last):
  File "train.py", line 1124, in <module>
    main(arguments)
  File "train.py", line 995, in main
    agg_scorer, avg_train_time, avg_test_time = nested_cross_validation(
  File "train.py", line 646, in nested_cross_validation
    best_hp_idx = best_loss_dict.index(min(best_loss_dict))
ValueError: min() arg is an empty sequence
srun: error: stud-000: task 0: Exited with exit code 1
[I 2025-05-01 02:24:03,608] A new study created in memory with name: CatBoost_Moneyball_outer1
[W 2025-05-01 02:24:03,625] Trial 0 failed with parameters: {'learning_rate': 0.18336847829067765, 'max_depth': 3, 'l2_leaf_reg': 4.267184610981373} because of the following error: AttributeError("'float' object has no attribute 'get_results'").
Traceback (most recent call last):
  File "/home/mburu/.local/lib/python3.8/site-packages/optuna/study/_optimize.py", line 197, in _run_trial
    value_or_values = func(trial)
  File "train.py", line 980, in __call__
    print(f"Trial Results B4 Saving: {inner_sc.get_results()}")
AttributeError: 'float' object has no attribute 'get_results'
[W 2025-05-01 02:24:03,625] Trial 0 failed with value None.
[I 2025-05-01 02:24:03,626] A new study created in memory with name: CatBoost_Moneyball_outer2
[W 2025-05-01 02:24:03,645] Trial 0 failed with parameters: {'learning_rate': 0.16972334315038423, 'max_depth': 3, 'l2_leaf_reg': 1.8674836080750752} because of the following error: AttributeError("'float' object has no attribute 'get_results'").
Traceback (most recent call last):
  File "/home/mburu/.local/lib/python3.8/site-packages/optuna/study/_optimize.py", line 197, in _run_trial
    value_or_values = func(trial)
  File "train.py", line 980, in __call__
    print(f"Trial Results B4 Saving: {inner_sc.get_results()}")
AttributeError: 'float' object has no attribute 'get_results'
[W 2025-05-01 02:24:03,645] Trial 0 failed with value None.
[I 2025-05-01 02:24:03,645] A new study created in memory with name: CatBoost_Moneyball_outer3
[W 2025-05-01 02:24:03,661] Trial 0 failed with parameters: {'learning_rate': 0.09015421895316693, 'max_depth': 3, 'l2_leaf_reg': 20.442272856927275} because of the following error: AttributeError("'float' object has no attribute 'get_results'").
Traceback (most recent call last):
  File "/home/mburu/.local/lib/python3.8/site-packages/optuna/study/_optimize.py", line 197, in _run_trial
    value_or_values = func(trial)
  File "train.py", line 980, in __call__
    print(f"Trial Results B4 Saving: {inner_sc.get_results()}")
AttributeError: 'float' object has no attribute 'get_results'
[W 2025-05-01 02:24:03,661] Trial 0 failed with value None.
[I 2025-05-01 02:24:03,662] A new study created in memory with name: CatBoost_Moneyball_outer4
[W 2025-05-01 02:24:03,681] Trial 0 failed with parameters: {'learning_rate': 0.25142384962095976, 'max_depth': 10, 'l2_leaf_reg': 3.24601747184321} because of the following error: AttributeError("'float' object has no attribute 'get_results'").
Traceback (most recent call last):
  File "/home/mburu/.local/lib/python3.8/site-packages/optuna/study/_optimize.py", line 197, in _run_trial
    value_or_values = func(trial)
  File "train.py", line 980, in __call__
    print(f"Trial Results B4 Saving: {inner_sc.get_results()}")
AttributeError: 'float' object has no attribute 'get_results'
[W 2025-05-01 02:24:03,681] Trial 0 failed with value None.
[I 2025-05-01 02:24:03,682] A new study created in memory with name: CatBoost_Moneyball_outer5
[W 2025-05-01 02:24:03,701] Trial 0 failed with parameters: {'learning_rate': 0.14234633325693744, 'max_depth': 6, 'l2_leaf_reg': 6.148198189541719} because of the following error: AttributeError("'float' object has no attribute 'get_results'").
Traceback (most recent call last):
  File "/home/mburu/.local/lib/python3.8/site-packages/optuna/study/_optimize.py", line 197, in _run_trial
    value_or_values = func(trial)
  File "train.py", line 980, in __call__
    print(f"Trial Results B4 Saving: {inner_sc.get_results()}")
AttributeError: 'float' object has no attribute 'get_results'
[W 2025-05-01 02:24:03,701] Trial 0 failed with value None.
Traceback (most recent call last):
  File "train.py", line 1124, in <module>
    main(arguments)
  File "train.py", line 995, in main
    agg_scorer, avg_train_time, avg_test_time = nested_cross_validation(
  File "train.py", line 646, in nested_cross_validation
    best_hp_idx = best_loss_dict.index(min(best_loss_dict))
ValueError: min() arg is an empty sequence
srun: error: stud-000: task 0: Exited with exit code 1
