[I 2025-05-03 23:00:05,771] A new study created in memory with name: CatBoost_Mercedes_Benz_outer1
[I 2025-05-03 23:00:05,793] Trial 0 finished with value: 0.0 and parameters: {'learning_rate': 0.2313980357220737, 'max_depth': 2, 'l2_leaf_reg': 1.3982881117914556}. Best is trial 0 with value: 0.0.
[I 2025-05-03 23:00:05,809] Trial 1 finished with value: 0.0 and parameters: {'learning_rate': 0.06779324573762933, 'max_depth': 2, 'l2_leaf_reg': 11.751388720937964}. Best is trial 0 with value: 0.0.
[I 2025-05-03 23:00:05,823] Trial 2 finished with value: 0.0 and parameters: {'learning_rate': 0.08153413720749063, 'max_depth': 2, 'l2_leaf_reg': 2.294364597532595}. Best is trial 0 with value: 0.0.
[I 2025-05-03 23:00:05,837] Trial 3 finished with value: 0.0 and parameters: {'learning_rate': 0.04742359364815826, 'max_depth': 3, 'l2_leaf_reg': 1.2371735151288163}. Best is trial 0 with value: 0.0.
[I 2025-05-03 23:00:05,851] Trial 4 finished with value: 0.0 and parameters: {'learning_rate': 0.04651163171812252, 'max_depth': 4, 'l2_leaf_reg': 28.065504050216155}. Best is trial 0 with value: 0.0.
[I 2025-05-03 23:00:05,855] A new study created in memory with name: CatBoost_Mercedes_Benz_outer2
[I 2025-05-03 23:00:05,872] Trial 0 finished with value: 0.0 and parameters: {'learning_rate': 0.019371802808484478, 'max_depth': 4, 'l2_leaf_reg': 0.6094235845489372}. Best is trial 0 with value: 0.0.
[I 2025-05-03 23:00:05,887] Trial 1 finished with value: 0.0 and parameters: {'learning_rate': 0.015925442353329135, 'max_depth': 6, 'l2_leaf_reg': 1.3559784801679682}. Best is trial 0 with value: 0.0.
[I 2025-05-03 23:00:05,903] Trial 2 finished with value: 0.0 and parameters: {'learning_rate': 0.04818685583654041, 'max_depth': 8, 'l2_leaf_reg': 1.6449944857150316}. Best is trial 0 with value: 0.0.
[I 2025-05-03 23:00:05,918] Trial 3 finished with value: 0.0 and parameters: {'learning_rate': 0.032795930606460244, 'max_depth': 3, 'l2_leaf_reg': 0.9584245892109012}. Best is trial 0 with value: 0.0.
[I 2025-05-03 23:00:05,934] Trial 4 finished with value: 0.0 and parameters: {'learning_rate': 0.05689295201439307, 'max_depth': 9, 'l2_leaf_reg': 9.48152717337936}. Best is trial 0 with value: 0.0.
[I 2025-05-03 23:00:05,937] A new study created in memory with name: CatBoost_Mercedes_Benz_outer3
[I 2025-05-03 23:00:05,956] Trial 0 finished with value: 0.0 and parameters: {'learning_rate': 0.28489125897924034, 'max_depth': 6, 'l2_leaf_reg': 0.8342446683676088}. Best is trial 0 with value: 0.0.
[I 2025-05-03 23:00:05,972] Trial 1 finished with value: 0.0 and parameters: {'learning_rate': 0.012063617134037108, 'max_depth': 3, 'l2_leaf_reg': 15.672033981941617}. Best is trial 0 with value: 0.0.
[I 2025-05-03 23:00:05,988] Trial 2 finished with value: 0.0 and parameters: {'learning_rate': 0.12377154447066091, 'max_depth': 3, 'l2_leaf_reg': 20.633068287934332}. Best is trial 0 with value: 0.0.
[I 2025-05-03 23:00:06,004] Trial 3 finished with value: 0.0 and parameters: {'learning_rate': 0.11307557513506228, 'max_depth': 6, 'l2_leaf_reg': 13.164933564517574}. Best is trial 0 with value: 0.0.
[I 2025-05-03 23:00:06,020] Trial 4 finished with value: 0.0 and parameters: {'learning_rate': 0.037657610619099925, 'max_depth': 2, 'l2_leaf_reg': 18.64750035924059}. Best is trial 0 with value: 0.0.
[I 2025-05-03 23:00:06,462] A new study created in memory with name: CatBoost_Mercedes_Benz_outer4
[I 2025-05-03 23:00:06,482] Trial 0 finished with value: 0.0 and parameters: {'learning_rate': 0.011370398763598941, 'max_depth': 2, 'l2_leaf_reg': 3.39624905256379}. Best is trial 0 with value: 0.0.
[I 2025-05-03 23:00:06,497] Trial 1 finished with value: 0.0 and parameters: {'learning_rate': 0.017663119098171726, 'max_depth': 5, 'l2_leaf_reg': 4.215548748294979}. Best is trial 0 with value: 0.0.
[I 2025-05-03 23:00:06,511] Trial 2 finished with value: 0.0 and parameters: {'learning_rate': 0.1369651655663442, 'max_depth': 3, 'l2_leaf_reg': 7.653846969452655}. Best is trial 0 with value: 0.0.
[I 2025-05-03 23:00:06,526] Trial 3 finished with value: 0.0 and parameters: {'learning_rate': 0.05842533359299228, 'max_depth': 2, 'l2_leaf_reg': 3.156043048017864}. Best is trial 0 with value: 0.0.
[I 2025-05-03 23:00:06,541] Trial 4 finished with value: 0.0 and parameters: {'learning_rate': 0.1025846725643617, 'max_depth': 8, 'l2_leaf_reg': 2.3342115658620473}. Best is trial 0 with value: 0.0.
[I 2025-05-03 23:00:06,544] A new study created in memory with name: CatBoost_Mercedes_Benz_outer5
[I 2025-05-03 23:00:06,657] Trial 0 finished with value: 0.0 and parameters: {'learning_rate': 0.015103287308136417, 'max_depth': 7, 'l2_leaf_reg': 4.171899915717899}. Best is trial 0 with value: 0.0.
[I 2025-05-03 23:00:06,766] Trial 1 finished with value: 0.0 and parameters: {'learning_rate': 0.011278708459076423, 'max_depth': 6, 'l2_leaf_reg': 11.38441801808069}. Best is trial 0 with value: 0.0.
[I 2025-05-03 23:00:06,876] Trial 2 finished with value: 0.0 and parameters: {'learning_rate': 0.03554192891608391, 'max_depth': 11, 'l2_leaf_reg': 1.8128217508304654}. Best is trial 0 with value: 0.0.
[I 2025-05-03 23:00:06,986] Trial 3 finished with value: 0.0 and parameters: {'learning_rate': 0.29998580547316245, 'max_depth': 2, 'l2_leaf_reg': 1.1123246046314834}. Best is trial 0 with value: 0.0.
[I 2025-05-03 23:00:07,102] Trial 4 finished with value: 0.0 and parameters: {'learning_rate': 0.07281697058307961, 'max_depth': 10, 'l2_leaf_reg': 2.4936688908334146}. Best is trial 0 with value: 0.0.
Traceback (most recent call last):
  File "train.py", line 1192, in <module>
    main(arguments)
  File "train.py", line 1063, in main
    agg_scorer, avg_train_time, avg_test_time = nested_cross_validation(
  File "train.py", line 705, in nested_cross_validation
    best_hp_idx = best_loss_dict.index(min(best_loss_dict))
ValueError: min() arg is an empty sequence
srun: error: stud-000: task 0: Exited with exit code 1
