[I 2025-05-03 22:58:35,802] A new study created in memory with name: CatBoost_Black_Friday_outer1
[I 2025-05-03 22:58:37,640] Trial 0 finished with value: 0.0 and parameters: {'learning_rate': 0.09326340757351614, 'max_depth': 2, 'l2_leaf_reg': 5.817786184699435}. Best is trial 0 with value: 0.0.
[I 2025-05-03 22:58:39,131] Trial 1 finished with value: 0.0 and parameters: {'learning_rate': 0.03988804873986131, 'max_depth': 3, 'l2_leaf_reg': 1.3318566715081213}. Best is trial 0 with value: 0.0.
[I 2025-05-03 22:58:40,689] Trial 2 finished with value: 0.0 and parameters: {'learning_rate': 0.018992837336984307, 'max_depth': 2, 'l2_leaf_reg': 18.69752594433694}. Best is trial 0 with value: 0.0.
[I 2025-05-03 22:58:42,178] Trial 3 finished with value: 0.0 and parameters: {'learning_rate': 0.013893267980858581, 'max_depth': 2, 'l2_leaf_reg': 0.5796085464625037}. Best is trial 0 with value: 0.0.
[I 2025-05-03 22:58:43,671] Trial 4 finished with value: 0.0 and parameters: {'learning_rate': 0.1720821249823321, 'max_depth': 7, 'l2_leaf_reg': 6.467883296839443}. Best is trial 0 with value: 0.0.
[I 2025-05-03 22:58:44,043] A new study created in memory with name: CatBoost_Black_Friday_outer2
[I 2025-05-03 22:58:45,527] Trial 0 finished with value: 0.0 and parameters: {'learning_rate': 0.029977010723950037, 'max_depth': 7, 'l2_leaf_reg': 21.316621898610094}. Best is trial 0 with value: 0.0.
[I 2025-05-03 22:58:47,031] Trial 1 finished with value: 0.0 and parameters: {'learning_rate': 0.0855148885456018, 'max_depth': 10, 'l2_leaf_reg': 3.9612524322517704}. Best is trial 0 with value: 0.0.
[I 2025-05-03 22:58:48,525] Trial 2 finished with value: 0.0 and parameters: {'learning_rate': 0.10340795580007375, 'max_depth': 2, 'l2_leaf_reg': 1.0999226245995044}. Best is trial 0 with value: 0.0.
[I 2025-05-03 22:58:50,065] Trial 3 finished with value: 0.0 and parameters: {'learning_rate': 0.1427496996611761, 'max_depth': 3, 'l2_leaf_reg': 1.0507965231739307}. Best is trial 0 with value: 0.0.
[I 2025-05-03 22:58:51,543] Trial 4 finished with value: 0.0 and parameters: {'learning_rate': 0.021076006234059752, 'max_depth': 4, 'l2_leaf_reg': 4.675900642998318}. Best is trial 0 with value: 0.0.
[I 2025-05-03 22:58:51,924] A new study created in memory with name: CatBoost_Black_Friday_outer3
[I 2025-05-03 22:58:53,455] Trial 0 finished with value: 0.0 and parameters: {'learning_rate': 0.08272050142698385, 'max_depth': 6, 'l2_leaf_reg': 1.263206439798651}. Best is trial 0 with value: 0.0.
[I 2025-05-03 22:58:54,941] Trial 1 finished with value: 0.0 and parameters: {'learning_rate': 0.01346048245258409, 'max_depth': 4, 'l2_leaf_reg': 0.9347790885373757}. Best is trial 0 with value: 0.0.
[I 2025-05-03 22:58:56,439] Trial 2 finished with value: 0.0 and parameters: {'learning_rate': 0.05595557356713535, 'max_depth': 7, 'l2_leaf_reg': 1.3749391041710393}. Best is trial 0 with value: 0.0.
[I 2025-05-03 22:58:57,965] Trial 3 finished with value: 0.0 and parameters: {'learning_rate': 0.03221331539373992, 'max_depth': 9, 'l2_leaf_reg': 0.984004574593398}. Best is trial 0 with value: 0.0.
[I 2025-05-03 22:58:59,506] Trial 4 finished with value: 0.0 and parameters: {'learning_rate': 0.01901970739962845, 'max_depth': 10, 'l2_leaf_reg': 8.990148584700977}. Best is trial 0 with value: 0.0.
[I 2025-05-03 22:58:59,889] A new study created in memory with name: CatBoost_Black_Friday_outer4
[I 2025-05-03 22:59:01,429] Trial 0 finished with value: 0.0 and parameters: {'learning_rate': 0.11003531516316019, 'max_depth': 3, 'l2_leaf_reg': 3.0671960566528074}. Best is trial 0 with value: 0.0.
[I 2025-05-03 22:59:02,901] Trial 1 finished with value: 0.0 and parameters: {'learning_rate': 0.010606780913324051, 'max_depth': 2, 'l2_leaf_reg': 12.539442363137663}. Best is trial 0 with value: 0.0.
[I 2025-05-03 22:59:04,396] Trial 2 finished with value: 0.0 and parameters: {'learning_rate': 0.0560614728325808, 'max_depth': 11, 'l2_leaf_reg': 0.6303656192434479}. Best is trial 0 with value: 0.0.
[I 2025-05-03 22:59:05,946] Trial 3 finished with value: 0.0 and parameters: {'learning_rate': 0.13417461554092122, 'max_depth': 3, 'l2_leaf_reg': 3.368994429766454}. Best is trial 0 with value: 0.0.
[I 2025-05-03 22:59:07,460] Trial 4 finished with value: 0.0 and parameters: {'learning_rate': 0.0703240083335683, 'max_depth': 5, 'l2_leaf_reg': 11.917310689220768}. Best is trial 0 with value: 0.0.
[I 2025-05-03 22:59:07,839] A new study created in memory with name: CatBoost_Black_Friday_outer5
[I 2025-05-03 22:59:09,357] Trial 0 finished with value: 0.0 and parameters: {'learning_rate': 0.02371139452778217, 'max_depth': 4, 'l2_leaf_reg': 16.531325064989012}. Best is trial 0 with value: 0.0.
[I 2025-05-03 22:59:10,894] Trial 1 finished with value: 0.0 and parameters: {'learning_rate': 0.26931479478089526, 'max_depth': 4, 'l2_leaf_reg': 0.7217266161132094}. Best is trial 0 with value: 0.0.
[I 2025-05-03 22:59:12,363] Trial 2 finished with value: 0.0 and parameters: {'learning_rate': 0.06356985369480046, 'max_depth': 2, 'l2_leaf_reg': 1.3833650251132503}. Best is trial 0 with value: 0.0.
[I 2025-05-03 22:59:13,825] Trial 3 finished with value: 0.0 and parameters: {'learning_rate': 0.028062015494569586, 'max_depth': 3, 'l2_leaf_reg': 6.786294819463986}. Best is trial 0 with value: 0.0.
[I 2025-05-03 22:59:15,285] Trial 4 finished with value: 0.0 and parameters: {'learning_rate': 0.21823616975661522, 'max_depth': 9, 'l2_leaf_reg': 0.5092118946563565}. Best is trial 0 with value: 0.0.
Traceback (most recent call last):
  File "train.py", line 1192, in <module>
    main(arguments)
  File "train.py", line 1063, in main
    agg_scorer, avg_train_time, avg_test_time = nested_cross_validation(
  File "train.py", line 705, in nested_cross_validation
    best_hp_idx = best_loss_dict.index(min(best_loss_dict))
ValueError: min() arg is an empty sequence
srun: error: stud-000: task 0: Exited with exit code 1
