[I 2025-05-05 04:23:19,297] A new study created in memory with name: CatBoost_SAT11_outer1
[W 2025-05-05 04:23:19,599] Trial 0 failed with parameters: {'learning_rate': 0.06307744157457394, 'max_depth': 5, 'l2_leaf_reg': 10.072391379610698} because of the following error: AttributeError("'NoneType' object has no attribute 'fit'").
Traceback (most recent call last):
  File "/home/mburu/.local/lib/python3.8/site-packages/optuna/study/_optimize.py", line 197, in _run_trial
    value_or_values = func(trial)
  File "train.py", line 1026, in __call__
    inner_sc, avg_score, time = evaluate_hyperparameters_cv(
  File "train.py", line 353, in evaluate_hyperparameters_cv
    _,_ = curr_model.fit(X_train_inner_proc, y_train_inner_proc, X_val_inner_proc, y_val_inner_proc)
  File "/home/mburu/Master_Thesis/master-thesis-da/DNN_Trial/models/tree_models.py", line 136, in fit
    self.model.fit(X, y, eval_set=(X_val, y_val))
AttributeError: 'NoneType' object has no attribute 'fit'
[W 2025-05-05 04:23:19,600] Trial 0 failed with value None.
Traceback (most recent call last):
  File "train.py", line 1194, in <module>
    main(arguments)
  File "train.py", line 1065, in main
    agg_scorer, avg_train_time, avg_test_time = nested_cross_validation(
  File "train.py", line 512, in nested_cross_validation
    study.optimize(objective, n_trials=args.n_trials, n_jobs=1) # n_jobs=1 unless Objective and preprocessing are thread-safe
  File "/home/mburu/.local/lib/python3.8/site-packages/optuna/study/study.py", line 475, in optimize
    _optimize(
  File "/home/mburu/.local/lib/python3.8/site-packages/optuna/study/_optimize.py", line 63, in _optimize
    _optimize_sequential(
  File "/home/mburu/.local/lib/python3.8/site-packages/optuna/study/_optimize.py", line 160, in _optimize_sequential
    frozen_trial = _run_trial(study, func, catch)
  File "/home/mburu/.local/lib/python3.8/site-packages/optuna/study/_optimize.py", line 248, in _run_trial
    raise func_err
  File "/home/mburu/.local/lib/python3.8/site-packages/optuna/study/_optimize.py", line 197, in _run_trial
    value_or_values = func(trial)
  File "train.py", line 1026, in __call__
    inner_sc, avg_score, time = evaluate_hyperparameters_cv(
  File "train.py", line 353, in evaluate_hyperparameters_cv
    _,_ = curr_model.fit(X_train_inner_proc, y_train_inner_proc, X_val_inner_proc, y_val_inner_proc)
  File "/home/mburu/Master_Thesis/master-thesis-da/DNN_Trial/models/tree_models.py", line 136, in fit
    self.model.fit(X, y, eval_set=(X_val, y_val))
AttributeError: 'NoneType' object has no attribute 'fit'
srun: error: stud-000: task 0: Exited with exit code 1
[I 2025-05-05 04:23:24,360] A new study created in memory with name: CatBoost_Diamonds_outer1
[I 2025-05-05 04:23:24,577] Trial 0 finished with value: 0.0 and parameters: {'learning_rate': 0.020487402781282863, 'max_depth': 8, 'l2_leaf_reg': 1.9179273608291745}. Best is trial 0 with value: 0.0.
[I 2025-05-05 04:23:24,768] Trial 1 finished with value: 0.0 and parameters: {'learning_rate': 0.01343973361024732, 'max_depth': 2, 'l2_leaf_reg': 19.57472847261127}. Best is trial 0 with value: 0.0.
[I 2025-05-05 04:23:24,962] Trial 2 finished with value: 0.0 and parameters: {'learning_rate': 0.015871892963690327, 'max_depth': 4, 'l2_leaf_reg': 24.23252646211318}. Best is trial 0 with value: 0.0.
[I 2025-05-05 04:23:25,158] Trial 3 finished with value: 0.0 and parameters: {'learning_rate': 0.013487582288335615, 'max_depth': 2, 'l2_leaf_reg': 3.8891036267982373}. Best is trial 0 with value: 0.0.
[I 2025-05-05 04:23:25,358] Trial 4 finished with value: 0.0 and parameters: {'learning_rate': 0.15725639561035945, 'max_depth': 2, 'l2_leaf_reg': 0.7041341163451318}. Best is trial 0 with value: 0.0.
[I 2025-05-05 04:23:25,405] A new study created in memory with name: CatBoost_Diamonds_outer2
[I 2025-05-05 04:23:25,611] Trial 0 finished with value: 0.0 and parameters: {'learning_rate': 0.014884889444229043, 'max_depth': 3, 'l2_leaf_reg': 0.7274327538307086}. Best is trial 0 with value: 0.0.
[I 2025-05-05 04:23:25,833] Trial 1 finished with value: 0.0 and parameters: {'learning_rate': 0.05214523924849605, 'max_depth': 4, 'l2_leaf_reg': 20.231925090907602}. Best is trial 0 with value: 0.0.
[I 2025-05-05 04:23:26,057] Trial 2 finished with value: 0.0 and parameters: {'learning_rate': 0.040445250145581604, 'max_depth': 6, 'l2_leaf_reg': 1.0717753614681145}. Best is trial 0 with value: 0.0.
[I 2025-05-05 04:23:26,265] Trial 3 finished with value: 0.0 and parameters: {'learning_rate': 0.07840435392842966, 'max_depth': 4, 'l2_leaf_reg': 6.901710645155966}. Best is trial 0 with value: 0.0.
[I 2025-05-05 04:23:26,432] Trial 4 finished with value: 0.0 and parameters: {'learning_rate': 0.18209303255473042, 'max_depth': 9, 'l2_leaf_reg': 4.106029937680702}. Best is trial 0 with value: 0.0.
[I 2025-05-05 04:23:26,473] A new study created in memory with name: CatBoost_Diamonds_outer3
[I 2025-05-05 04:23:26,642] Trial 0 finished with value: 0.0 and parameters: {'learning_rate': 0.10032007523677593, 'max_depth': 5, 'l2_leaf_reg': 7.678091201941347}. Best is trial 0 with value: 0.0.
[I 2025-05-05 04:23:26,811] Trial 1 finished with value: 0.0 and parameters: {'learning_rate': 0.0332707395262963, 'max_depth': 2, 'l2_leaf_reg': 0.8333461402301516}. Best is trial 0 with value: 0.0.
[I 2025-05-05 04:23:26,985] Trial 2 finished with value: 0.0 and parameters: {'learning_rate': 0.19466227599142122, 'max_depth': 12, 'l2_leaf_reg': 7.432829766467828}. Best is trial 0 with value: 0.0.
[I 2025-05-05 04:23:27,155] Trial 3 finished with value: 0.0 and parameters: {'learning_rate': 0.017630132489563292, 'max_depth': 2, 'l2_leaf_reg': 3.0613765853060286}. Best is trial 0 with value: 0.0.
[I 2025-05-05 04:23:27,323] Trial 4 finished with value: 0.0 and parameters: {'learning_rate': 0.04436441899775879, 'max_depth': 2, 'l2_leaf_reg': 9.122698806915944}. Best is trial 0 with value: 0.0.
[I 2025-05-05 04:23:27,363] A new study created in memory with name: CatBoost_Diamonds_outer4
[I 2025-05-05 04:23:27,534] Trial 0 finished with value: 0.0 and parameters: {'learning_rate': 0.08056042898820634, 'max_depth': 3, 'l2_leaf_reg': 3.688330021150628}. Best is trial 0 with value: 0.0.
[I 2025-05-05 04:23:27,703] Trial 1 finished with value: 0.0 and parameters: {'learning_rate': 0.07991563297204414, 'max_depth': 8, 'l2_leaf_reg': 0.9288031780889907}. Best is trial 0 with value: 0.0.
[I 2025-05-05 04:23:27,867] Trial 2 finished with value: 0.0 and parameters: {'learning_rate': 0.2248480284820866, 'max_depth': 2, 'l2_leaf_reg': 10.571010814064957}. Best is trial 0 with value: 0.0.
[I 2025-05-05 04:23:28,037] Trial 3 finished with value: 0.0 and parameters: {'learning_rate': 0.07295656622170658, 'max_depth': 12, 'l2_leaf_reg': 0.5391275786252381}. Best is trial 0 with value: 0.0.
[I 2025-05-05 04:23:28,213] Trial 4 finished with value: 0.0 and parameters: {'learning_rate': 0.012042443421768101, 'max_depth': 2, 'l2_leaf_reg': 14.144212098214496}. Best is trial 0 with value: 0.0.
[I 2025-05-05 04:23:28,256] A new study created in memory with name: CatBoost_Diamonds_outer5
[I 2025-05-05 04:23:28,421] Trial 0 finished with value: 0.0 and parameters: {'learning_rate': 0.23515725402412663, 'max_depth': 6, 'l2_leaf_reg': 0.9187679327753643}. Best is trial 0 with value: 0.0.
[I 2025-05-05 04:23:28,589] Trial 1 finished with value: 0.0 and parameters: {'learning_rate': 0.19556995403206645, 'max_depth': 6, 'l2_leaf_reg': 17.15948838420479}. Best is trial 0 with value: 0.0.
[I 2025-05-05 04:23:28,754] Trial 2 finished with value: 0.0 and parameters: {'learning_rate': 0.029632380079884828, 'max_depth': 2, 'l2_leaf_reg': 14.497554830251756}. Best is trial 0 with value: 0.0.
[I 2025-05-05 04:23:28,947] Trial 3 finished with value: 0.0 and parameters: {'learning_rate': 0.031082459002888668, 'max_depth': 2, 'l2_leaf_reg': 11.146726856072902}. Best is trial 0 with value: 0.0.
[I 2025-05-05 04:23:29,140] Trial 4 finished with value: 0.0 and parameters: {'learning_rate': 0.02779004346900911, 'max_depth': 3, 'l2_leaf_reg': 7.346633990613962}. Best is trial 0 with value: 0.0.
Traceback (most recent call last):
  File "train.py", line 1194, in <module>
    main(arguments)
  File "train.py", line 1065, in main
    agg_scorer, avg_train_time, avg_test_time = nested_cross_validation(
  File "train.py", line 707, in nested_cross_validation
    best_hp_idx = best_loss_dict.index(min(best_loss_dict))
ValueError: min() arg is an empty sequence
srun: error: stud-000: task 0: Exited with exit code 1
