[I 2025-05-03 22:59:42,851] A new study created in memory with name: CatBoost_House_Prices_Nominal_outer1
[I 2025-05-03 22:59:42,874] Trial 0 finished with value: 0.0 and parameters: {'learning_rate': 0.013228084512947672, 'max_depth': 2, 'l2_leaf_reg': 11.379493128866988}. Best is trial 0 with value: 0.0.
[I 2025-05-03 22:59:42,891] Trial 1 finished with value: 0.0 and parameters: {'learning_rate': 0.21183399954548787, 'max_depth': 5, 'l2_leaf_reg': 1.8149394084380452}. Best is trial 0 with value: 0.0.
[I 2025-05-03 22:59:42,904] Trial 2 finished with value: 0.0 and parameters: {'learning_rate': 0.030498481472354247, 'max_depth': 4, 'l2_leaf_reg': 8.109556198060778}. Best is trial 0 with value: 0.0.
[I 2025-05-03 22:59:42,917] Trial 3 finished with value: 0.0 and parameters: {'learning_rate': 0.06690425432549253, 'max_depth': 5, 'l2_leaf_reg': 1.7180864387897485}. Best is trial 0 with value: 0.0.
[I 2025-05-03 22:59:42,930] Trial 4 finished with value: 0.0 and parameters: {'learning_rate': 0.014304328859403422, 'max_depth': 5, 'l2_leaf_reg': 5.24678369108912}. Best is trial 0 with value: 0.0.
[I 2025-05-03 22:59:42,932] A new study created in memory with name: CatBoost_House_Prices_Nominal_outer2
[I 2025-05-03 22:59:42,943] Trial 0 finished with value: 0.0 and parameters: {'learning_rate': 0.24748917502994622, 'max_depth': 12, 'l2_leaf_reg': 2.5735789857001206}. Best is trial 0 with value: 0.0.
[I 2025-05-03 22:59:42,953] Trial 1 finished with value: 0.0 and parameters: {'learning_rate': 0.02626798410082424, 'max_depth': 9, 'l2_leaf_reg': 2.3580681044323333}. Best is trial 0 with value: 0.0.
[I 2025-05-03 22:59:42,963] Trial 2 finished with value: 0.0 and parameters: {'learning_rate': 0.03774467831294271, 'max_depth': 8, 'l2_leaf_reg': 13.021914129752913}. Best is trial 0 with value: 0.0.
[I 2025-05-03 22:59:42,973] Trial 3 finished with value: 0.0 and parameters: {'learning_rate': 0.05981940635749131, 'max_depth': 2, 'l2_leaf_reg': 13.855421511439193}. Best is trial 0 with value: 0.0.
[I 2025-05-03 22:59:42,983] Trial 4 finished with value: 0.0 and parameters: {'learning_rate': 0.032279406761539016, 'max_depth': 3, 'l2_leaf_reg': 1.4779834820745492}. Best is trial 0 with value: 0.0.
[I 2025-05-03 22:59:42,987] A new study created in memory with name: CatBoost_House_Prices_Nominal_outer3
[I 2025-05-03 22:59:43,001] Trial 0 finished with value: 0.0 and parameters: {'learning_rate': 0.2723210238520145, 'max_depth': 3, 'l2_leaf_reg': 11.539197005413913}. Best is trial 0 with value: 0.0.
[I 2025-05-03 22:59:43,014] Trial 1 finished with value: 0.0 and parameters: {'learning_rate': 0.19671621650284668, 'max_depth': 2, 'l2_leaf_reg': 2.609418128252935}. Best is trial 0 with value: 0.0.
[I 2025-05-03 22:59:43,028] Trial 2 finished with value: 0.0 and parameters: {'learning_rate': 0.01557216218299859, 'max_depth': 7, 'l2_leaf_reg': 0.9751112169985032}. Best is trial 0 with value: 0.0.
[I 2025-05-03 22:59:43,041] Trial 3 finished with value: 0.0 and parameters: {'learning_rate': 0.03117829436502036, 'max_depth': 2, 'l2_leaf_reg': 1.0624695225238923}. Best is trial 0 with value: 0.0.
[I 2025-05-03 22:59:43,055] Trial 4 finished with value: 0.0 and parameters: {'learning_rate': 0.16714691058315723, 'max_depth': 8, 'l2_leaf_reg': 16.731292356784856}. Best is trial 0 with value: 0.0.
[I 2025-05-03 22:59:43,057] A new study created in memory with name: CatBoost_House_Prices_Nominal_outer4
[I 2025-05-03 22:59:43,071] Trial 0 finished with value: 0.0 and parameters: {'learning_rate': 0.026016237296478575, 'max_depth': 6, 'l2_leaf_reg': 4.863454454628051}. Best is trial 0 with value: 0.0.
[I 2025-05-03 22:59:43,086] Trial 1 finished with value: 0.0 and parameters: {'learning_rate': 0.012566915316674731, 'max_depth': 2, 'l2_leaf_reg': 14.541983859368512}. Best is trial 0 with value: 0.0.
[I 2025-05-03 22:59:43,100] Trial 2 finished with value: 0.0 and parameters: {'learning_rate': 0.09873970475092528, 'max_depth': 4, 'l2_leaf_reg': 4.554776863577137}. Best is trial 0 with value: 0.0.
[I 2025-05-03 22:59:43,114] Trial 3 finished with value: 0.0 and parameters: {'learning_rate': 0.16109053873256055, 'max_depth': 5, 'l2_leaf_reg': 17.075757366147233}. Best is trial 0 with value: 0.0.
[I 2025-05-03 22:59:43,128] Trial 4 finished with value: 0.0 and parameters: {'learning_rate': 0.11003088276608158, 'max_depth': 2, 'l2_leaf_reg': 10.646912664753906}. Best is trial 0 with value: 0.0.
[I 2025-05-03 22:59:43,131] A new study created in memory with name: CatBoost_House_Prices_Nominal_outer5
[I 2025-05-03 22:59:43,145] Trial 0 finished with value: 0.0 and parameters: {'learning_rate': 0.2775856526345777, 'max_depth': 3, 'l2_leaf_reg': 0.9012271698112175}. Best is trial 0 with value: 0.0.
[I 2025-05-03 22:59:43,157] Trial 1 finished with value: 0.0 and parameters: {'learning_rate': 0.10490077026264572, 'max_depth': 6, 'l2_leaf_reg': 2.7289192007780483}. Best is trial 0 with value: 0.0.
[I 2025-05-03 22:59:43,170] Trial 2 finished with value: 0.0 and parameters: {'learning_rate': 0.07439225872294558, 'max_depth': 4, 'l2_leaf_reg': 0.5699587426489086}. Best is trial 0 with value: 0.0.
[I 2025-05-03 22:59:43,182] Trial 3 finished with value: 0.0 and parameters: {'learning_rate': 0.2650330264151315, 'max_depth': 12, 'l2_leaf_reg': 5.886623346121362}. Best is trial 0 with value: 0.0.
[I 2025-05-03 22:59:43,194] Trial 4 finished with value: 0.0 and parameters: {'learning_rate': 0.011148157712758877, 'max_depth': 2, 'l2_leaf_reg': 1.3552715455193283}. Best is trial 0 with value: 0.0.
Traceback (most recent call last):
  File "train.py", line 1192, in <module>
    main(arguments)
  File "train.py", line 1063, in main
    agg_scorer, avg_train_time, avg_test_time = nested_cross_validation(
  File "train.py", line 705, in nested_cross_validation
    best_hp_idx = best_loss_dict.index(min(best_loss_dict))
ValueError: min() arg is an empty sequence
srun: error: stud-000: task 0: Exited with exit code 1
