[I 2025-05-11 05:26:52,677] A new study created in memory with name: ResMLP_Boston_outer1
[I 2025-05-11 05:26:53,857] Trial 0 finished with value: 2.2798392333333335 and parameters: {'n_blocks': 2, 'd_block': 128, 'd_hidden': 3, 'd_hidden_multiplier': 1.7268197071900206, 'dropout1': 0.24268163036724233, 'dropout2': 0.009935368513042482}. Best is trial 0 with value: 2.2798392333333335.
[I 2025-05-11 05:26:54,253] Trial 1 finished with value: 2.2550282333333334 and parameters: {'n_blocks': 5, 'd_block': 128, 'd_hidden': 4, 'd_hidden_multiplier': 2.9973019366596447, 'dropout1': 0.203000547463408, 'dropout2': 0.1038240553596839}. Best is trial 1 with value: 2.2550282333333334.
[I 2025-05-11 05:26:54,651] Trial 2 finished with value: 2.1424622666666666 and parameters: {'n_blocks': 4, 'd_block': 256, 'd_hidden': 3, 'd_hidden_multiplier': 2.4381847417017717, 'dropout1': 0.4292852059127049, 'dropout2': 0.26527704540625047}. Best is trial 2 with value: 2.1424622666666666.
[I 2025-05-11 05:26:54,989] Trial 3 finished with value: 2.2966776 and parameters: {'n_blocks': 3, 'd_block': 64, 'd_hidden': 2, 'd_hidden_multiplier': 1.998971390803037, 'dropout1': 0.4296971123989295, 'dropout2': 0.1008906457963875}. Best is trial 2 with value: 2.1424622666666666.
[I 2025-05-11 05:26:55,331] Trial 4 finished with value: 2.2599784 and parameters: {'n_blocks': 3, 'd_block': 128, 'd_hidden': 3, 'd_hidden_multiplier': 2.373869488472388, 'dropout1': 0.4640576302147867, 'dropout2': 0.233094559552582}. Best is trial 2 with value: 2.1424622666666666.
[I 2025-05-11 05:26:55,403] A new study created in memory with name: ResMLP_Boston_outer2
[I 2025-05-11 05:26:55,823] Trial 0 finished with value: 2.3439959666666668 and parameters: {'n_blocks': 6, 'd_block': 128, 'd_hidden': 2, 'd_hidden_multiplier': 1.2952651651350553, 'dropout1': 0.25234842334082375, 'dropout2': 0.05718759218281719}. Best is trial 0 with value: 2.3439959666666668.
[I 2025-05-11 05:26:56,239] Trial 1 finished with value: 2.2526304333333336 and parameters: {'n_blocks': 2, 'd_block': 256, 'd_hidden': 7, 'd_hidden_multiplier': 1.7089377361786409, 'dropout1': 0.16916616442320928, 'dropout2': 0.1334521973279246}. Best is trial 1 with value: 2.2526304333333336.
[I 2025-05-11 05:26:56,738] Trial 2 finished with value: 2.1122545333333336 and parameters: {'n_blocks': 4, 'd_block': 256, 'd_hidden': 2, 'd_hidden_multiplier': 4.895191482087796, 'dropout1': 0.15670962102315583, 'dropout2': 0.1444082068270618}. Best is trial 2 with value: 2.1122545333333336.
[I 2025-05-11 05:26:57,143] Trial 3 finished with value: 2.2532003666666665 and parameters: {'n_blocks': 5, 'd_block': 128, 'd_hidden': 6, 'd_hidden_multiplier': 2.3088434980223336, 'dropout1': 0.23001183616684875, 'dropout2': 0.24921213464421924}. Best is trial 2 with value: 2.1122545333333336.
[I 2025-05-11 05:26:57,531] Trial 4 finished with value: 2.376331533333333 and parameters: {'n_blocks': 3, 'd_block': 64, 'd_hidden': 4, 'd_hidden_multiplier': 2.3514038298606486, 'dropout1': 0.20876562778356383, 'dropout2': 0.22515648536608862}. Best is trial 2 with value: 2.1122545333333336.
[I 2025-05-11 05:26:57,637] A new study created in memory with name: ResMLP_Boston_outer3
[I 2025-05-11 05:26:58,066] Trial 0 finished with value: 2.0652614666666667 and parameters: {'n_blocks': 4, 'd_block': 256, 'd_hidden': 7, 'd_hidden_multiplier': 3.5738393319689292, 'dropout1': 0.42966064853886987, 'dropout2': 0.2647163903666221}. Best is trial 0 with value: 2.0652614666666667.
[I 2025-05-11 05:26:58,451] Trial 1 finished with value: 2.228657233333333 and parameters: {'n_blocks': 6, 'd_block': 128, 'd_hidden': 2, 'd_hidden_multiplier': 1.4890415678539435, 'dropout1': 0.3445578802175398, 'dropout2': 0.2497601811529123}. Best is trial 0 with value: 2.0652614666666667.
[I 2025-05-11 05:26:58,829] Trial 2 finished with value: 2.0962864666666667 and parameters: {'n_blocks': 3, 'd_block': 256, 'd_hidden': 2, 'd_hidden_multiplier': 2.7379092385223, 'dropout1': 0.4265679315076293, 'dropout2': 0.20513698247007486}. Best is trial 0 with value: 2.0652614666666667.
[I 2025-05-11 05:26:59,170] Trial 3 finished with value: 2.1867108666666666 and parameters: {'n_blocks': 2, 'd_block': 256, 'd_hidden': 7, 'd_hidden_multiplier': 1.8508237993248475, 'dropout1': 0.11392885246659117, 'dropout2': 0.016463837185649303}. Best is trial 0 with value: 2.0652614666666667.
[I 2025-05-11 05:26:59,555] Trial 4 finished with value: 2.3006422666666664 and parameters: {'n_blocks': 6, 'd_block': 64, 'd_hidden': 6, 'd_hidden_multiplier': 2.200349012320717, 'dropout1': 0.004713208320243046, 'dropout2': 0.008288875635643794}. Best is trial 0 with value: 2.0652614666666667.
[I 2025-05-11 05:26:59,649] A new study created in memory with name: ResMLP_Boston_outer4
[I 2025-05-11 05:26:59,994] Trial 0 finished with value: 2.270944 and parameters: {'n_blocks': 2, 'd_block': 128, 'd_hidden': 4, 'd_hidden_multiplier': 2.802250220435814, 'dropout1': 0.25096313167330897, 'dropout2': 0.056258214075849446}. Best is trial 0 with value: 2.270944.
[I 2025-05-11 05:27:00,405] Trial 1 finished with value: 2.216793533333333 and parameters: {'n_blocks': 5, 'd_block': 128, 'd_hidden': 7, 'd_hidden_multiplier': 4.246284320623214, 'dropout1': 0.23844308852859983, 'dropout2': 0.10417535512610217}. Best is trial 1 with value: 2.216793533333333.
[I 2025-05-11 05:27:00,764] Trial 2 finished with value: 2.1645251333333335 and parameters: {'n_blocks': 2, 'd_block': 256, 'd_hidden': 3, 'd_hidden_multiplier': 2.6718341256771123, 'dropout1': 0.18769511025539004, 'dropout2': 0.2070769309969523}. Best is trial 2 with value: 2.1645251333333335.
[I 2025-05-11 05:27:01,152] Trial 3 finished with value: 2.182696533333333 and parameters: {'n_blocks': 3, 'd_block': 256, 'd_hidden': 4, 'd_hidden_multiplier': 1.985417963090346, 'dropout1': 0.17364780379619368, 'dropout2': 0.011819966336319302}. Best is trial 2 with value: 2.1645251333333335.
[I 2025-05-11 05:27:01,551] Trial 4 finished with value: 2.2769795 and parameters: {'n_blocks': 6, 'd_block': 64, 'd_hidden': 3, 'd_hidden_multiplier': 2.071647941829888, 'dropout1': 0.2544830622145867, 'dropout2': 0.18986591215714724}. Best is trial 2 with value: 2.1645251333333335.
[I 2025-05-11 05:27:01,637] A new study created in memory with name: ResMLP_Boston_outer5
[I 2025-05-11 05:27:02,039] Trial 0 finished with value: 2.3426528333333336 and parameters: {'n_blocks': 5, 'd_block': 128, 'd_hidden': 5, 'd_hidden_multiplier': 1.1490200347954986, 'dropout1': 0.05215711484249554, 'dropout2': 0.031206530503005092}. Best is trial 0 with value: 2.3426528333333336.
[I 2025-05-11 05:27:02,392] Trial 1 finished with value: 2.3246293333333337 and parameters: {'n_blocks': 2, 'd_block': 128, 'd_hidden': 7, 'd_hidden_multiplier': 1.593607491591442, 'dropout1': 0.23294632513588506, 'dropout2': 0.008298464709865897}. Best is trial 1 with value: 2.3246293333333337.
[I 2025-05-11 05:27:02,787] Trial 2 finished with value: 2.3200086 and parameters: {'n_blocks': 5, 'd_block': 128, 'd_hidden': 2, 'd_hidden_multiplier': 1.3348279668493244, 'dropout1': 0.1581796250044625, 'dropout2': 0.05261876849465734}. Best is trial 2 with value: 2.3200086.
[I 2025-05-11 05:27:03,192] Trial 3 finished with value: 2.2879824666666666 and parameters: {'n_blocks': 5, 'd_block': 128, 'd_hidden': 3, 'd_hidden_multiplier': 1.5801600476934163, 'dropout1': 0.34598597640865636, 'dropout2': 0.10355398257971161}. Best is trial 3 with value: 2.2879824666666666.
[I 2025-05-11 05:27:03,564] Trial 4 finished with value: 2.2813602 and parameters: {'n_blocks': 3, 'd_block': 64, 'd_hidden': 2, 'd_hidden_multiplier': 1.0235888864732041, 'dropout1': 0.18619200229529706, 'dropout2': 0.059964629418049364}. Best is trial 4 with value: 2.2813602.
[I 2025-05-11 05:27:07,809] A new study created in memory with name: ResMLP_Socmob_outer1
/home/mburu/.local/lib/python3.8/site-packages/sklearn/preprocessing/_discretization.py:322: UserWarning: Bins whose width are too small (i.e., <= 1e-8) in feature 0 are removed. Consider decreasing the number of bins.
  warnings.warn(
/home/mburu/.local/lib/python3.8/site-packages/sklearn/preprocessing/_discretization.py:322: UserWarning: Bins whose width are too small (i.e., <= 1e-8) in feature 0 are removed. Consider decreasing the number of bins.
  warnings.warn(
/home/mburu/.local/lib/python3.8/site-packages/sklearn/preprocessing/_discretization.py:322: UserWarning: Bins whose width are too small (i.e., <= 1e-8) in feature 0 are removed. Consider decreasing the number of bins.
  warnings.warn(
/home/mburu/.local/lib/python3.8/site-packages/sklearn/preprocessing/_discretization.py:322: UserWarning: Bins whose width are too small (i.e., <= 1e-8) in feature 0 are removed. Consider decreasing the number of bins.
  warnings.warn(
/home/mburu/.local/lib/python3.8/site-packages/sklearn/preprocessing/_discretization.py:322: UserWarning: Bins whose width are too small (i.e., <= 1e-8) in feature 0 are removed. Consider decreasing the number of bins.
  warnings.warn(
[I 2025-05-11 05:27:12,038] Trial 0 finished with value: 3.7491979666666664 and parameters: {'n_blocks': 6, 'd_block': 128, 'd_hidden': 10, 'd_hidden_multiplier': 2.7991819630131065, 'dropout1': 0.3709965463505809, 'dropout2': 0.02606707458532693}. Best is trial 0 with value: 3.7491979666666664.
/home/mburu/.local/lib/python3.8/site-packages/sklearn/preprocessing/_discretization.py:322: UserWarning: Bins whose width are too small (i.e., <= 1e-8) in feature 0 are removed. Consider decreasing the number of bins.
  warnings.warn(
/home/mburu/.local/lib/python3.8/site-packages/sklearn/preprocessing/_discretization.py:322: UserWarning: Bins whose width are too small (i.e., <= 1e-8) in feature 0 are removed. Consider decreasing the number of bins.
  warnings.warn(
/home/mburu/.local/lib/python3.8/site-packages/sklearn/preprocessing/_discretization.py:322: UserWarning: Bins whose width are too small (i.e., <= 1e-8) in feature 0 are removed. Consider decreasing the number of bins.
  warnings.warn(
/home/mburu/.local/lib/python3.8/site-packages/sklearn/preprocessing/_discretization.py:322: UserWarning: Bins whose width are too small (i.e., <= 1e-8) in feature 0 are removed. Consider decreasing the number of bins.
  warnings.warn(
/home/mburu/.local/lib/python3.8/site-packages/sklearn/preprocessing/_discretization.py:322: UserWarning: Bins whose width are too small (i.e., <= 1e-8) in feature 0 are removed. Consider decreasing the number of bins.
  warnings.warn(
[I 2025-05-11 05:27:15,340] Trial 1 finished with value: 3.7572912 and parameters: {'n_blocks': 3, 'd_block': 256, 'd_hidden': 3, 'd_hidden_multiplier': 1.4877600804027624, 'dropout1': 0.1253780895470916, 'dropout2': 0.0826838005804771}. Best is trial 0 with value: 3.7491979666666664.
/home/mburu/.local/lib/python3.8/site-packages/sklearn/preprocessing/_discretization.py:322: UserWarning: Bins whose width are too small (i.e., <= 1e-8) in feature 0 are removed. Consider decreasing the number of bins.
  warnings.warn(
/home/mburu/.local/lib/python3.8/site-packages/sklearn/preprocessing/_discretization.py:322: UserWarning: Bins whose width are too small (i.e., <= 1e-8) in feature 0 are removed. Consider decreasing the number of bins.
  warnings.warn(
/home/mburu/.local/lib/python3.8/site-packages/sklearn/preprocessing/_discretization.py:322: UserWarning: Bins whose width are too small (i.e., <= 1e-8) in feature 0 are removed. Consider decreasing the number of bins.
  warnings.warn(
/home/mburu/.local/lib/python3.8/site-packages/sklearn/preprocessing/_discretization.py:322: UserWarning: Bins whose width are too small (i.e., <= 1e-8) in feature 0 are removed. Consider decreasing the number of bins.
  warnings.warn(
/home/mburu/.local/lib/python3.8/site-packages/sklearn/preprocessing/_discretization.py:322: UserWarning: Bins whose width are too small (i.e., <= 1e-8) in feature 0 are removed. Consider decreasing the number of bins.
  warnings.warn(
[I 2025-05-11 05:27:18,625] Trial 2 finished with value: 3.7808468 and parameters: {'n_blocks': 3, 'd_block': 64, 'd_hidden': 8, 'd_hidden_multiplier': 1.4304959937875874, 'dropout1': 0.0624491333295049, 'dropout2': 0.20223532198100383}. Best is trial 0 with value: 3.7491979666666664.
/home/mburu/.local/lib/python3.8/site-packages/sklearn/preprocessing/_discretization.py:322: UserWarning: Bins whose width are too small (i.e., <= 1e-8) in feature 0 are removed. Consider decreasing the number of bins.
  warnings.warn(
/home/mburu/.local/lib/python3.8/site-packages/sklearn/preprocessing/_discretization.py:322: UserWarning: Bins whose width are too small (i.e., <= 1e-8) in feature 0 are removed. Consider decreasing the number of bins.
  warnings.warn(
/home/mburu/.local/lib/python3.8/site-packages/sklearn/preprocessing/_discretization.py:322: UserWarning: Bins whose width are too small (i.e., <= 1e-8) in feature 0 are removed. Consider decreasing the number of bins.
  warnings.warn(
/home/mburu/.local/lib/python3.8/site-packages/sklearn/preprocessing/_discretization.py:322: UserWarning: Bins whose width are too small (i.e., <= 1e-8) in feature 0 are removed. Consider decreasing the number of bins.
  warnings.warn(
/home/mburu/.local/lib/python3.8/site-packages/sklearn/preprocessing/_discretization.py:322: UserWarning: Bins whose width are too small (i.e., <= 1e-8) in feature 0 are removed. Consider decreasing the number of bins.
  warnings.warn(
[I 2025-05-11 05:27:21,994] Trial 3 finished with value: 3.7630814333333342 and parameters: {'n_blocks': 6, 'd_block': 64, 'd_hidden': 3, 'd_hidden_multiplier': 3.484402779130922, 'dropout1': 0.2293444497162276, 'dropout2': 0.0531475381327179}. Best is trial 0 with value: 3.7491979666666664.
/home/mburu/.local/lib/python3.8/site-packages/sklearn/preprocessing/_discretization.py:322: UserWarning: Bins whose width are too small (i.e., <= 1e-8) in feature 0 are removed. Consider decreasing the number of bins.
  warnings.warn(
/home/mburu/.local/lib/python3.8/site-packages/sklearn/preprocessing/_discretization.py:322: UserWarning: Bins whose width are too small (i.e., <= 1e-8) in feature 0 are removed. Consider decreasing the number of bins.
  warnings.warn(
/home/mburu/.local/lib/python3.8/site-packages/sklearn/preprocessing/_discretization.py:322: UserWarning: Bins whose width are too small (i.e., <= 1e-8) in feature 0 are removed. Consider decreasing the number of bins.
  warnings.warn(
/home/mburu/.local/lib/python3.8/site-packages/sklearn/preprocessing/_discretization.py:322: UserWarning: Bins whose width are too small (i.e., <= 1e-8) in feature 0 are removed. Consider decreasing the number of bins.
  warnings.warn(
/home/mburu/.local/lib/python3.8/site-packages/sklearn/preprocessing/_discretization.py:322: UserWarning: Bins whose width are too small (i.e., <= 1e-8) in feature 0 are removed. Consider decreasing the number of bins.
  warnings.warn(
[I 2025-05-11 05:27:25,308] Trial 4 finished with value: 3.757468833333333 and parameters: {'n_blocks': 3, 'd_block': 256, 'd_hidden': 2, 'd_hidden_multiplier': 1.3909723290050044, 'dropout1': 0.14704780785874141, 'dropout2': 0.16408737821090955}. Best is trial 0 with value: 3.7491979666666664.
/home/mburu/.local/lib/python3.8/site-packages/sklearn/preprocessing/_discretization.py:322: UserWarning: Bins whose width are too small (i.e., <= 1e-8) in feature 0 are removed. Consider decreasing the number of bins.
  warnings.warn(
[I 2025-05-11 05:27:26,131] A new study created in memory with name: ResMLP_Socmob_outer2
/home/mburu/.local/lib/python3.8/site-packages/sklearn/preprocessing/_discretization.py:322: UserWarning: Bins whose width are too small (i.e., <= 1e-8) in feature 0 are removed. Consider decreasing the number of bins.
  warnings.warn(
/home/mburu/.local/lib/python3.8/site-packages/sklearn/preprocessing/_discretization.py:322: UserWarning: Bins whose width are too small (i.e., <= 1e-8) in feature 0 are removed. Consider decreasing the number of bins.
  warnings.warn(
/home/mburu/.local/lib/python3.8/site-packages/sklearn/preprocessing/_discretization.py:322: UserWarning: Bins whose width are too small (i.e., <= 1e-8) in feature 0 are removed. Consider decreasing the number of bins.
  warnings.warn(
/home/mburu/.local/lib/python3.8/site-packages/sklearn/preprocessing/_discretization.py:322: UserWarning: Bins whose width are too small (i.e., <= 1e-8) in feature 0 are removed. Consider decreasing the number of bins.
  warnings.warn(
/home/mburu/.local/lib/python3.8/site-packages/sklearn/preprocessing/_discretization.py:322: UserWarning: Bins whose width are too small (i.e., <= 1e-8) in feature 0 are removed. Consider decreasing the number of bins.
  warnings.warn(
[I 2025-05-11 05:27:28,771] Trial 0 finished with value: 3.659300833333333 and parameters: {'n_blocks': 4, 'd_block': 64, 'd_hidden': 2, 'd_hidden_multiplier': 2.012984937165645, 'dropout1': 0.36213117284346297, 'dropout2': 0.019978110937287866}. Best is trial 0 with value: 3.659300833333333.
/home/mburu/.local/lib/python3.8/site-packages/sklearn/preprocessing/_discretization.py:322: UserWarning: Bins whose width are too small (i.e., <= 1e-8) in feature 0 are removed. Consider decreasing the number of bins.
  warnings.warn(
/home/mburu/.local/lib/python3.8/site-packages/sklearn/preprocessing/_discretization.py:322: UserWarning: Bins whose width are too small (i.e., <= 1e-8) in feature 0 are removed. Consider decreasing the number of bins.
  warnings.warn(
/home/mburu/.local/lib/python3.8/site-packages/sklearn/preprocessing/_discretization.py:322: UserWarning: Bins whose width are too small (i.e., <= 1e-8) in feature 0 are removed. Consider decreasing the number of bins.
  warnings.warn(
/home/mburu/.local/lib/python3.8/site-packages/sklearn/preprocessing/_discretization.py:322: UserWarning: Bins whose width are too small (i.e., <= 1e-8) in feature 0 are removed. Consider decreasing the number of bins.
  warnings.warn(
/home/mburu/.local/lib/python3.8/site-packages/sklearn/preprocessing/_discretization.py:322: UserWarning: Bins whose width are too small (i.e., <= 1e-8) in feature 0 are removed. Consider decreasing the number of bins.
  warnings.warn(
[I 2025-05-11 05:27:31,419] Trial 1 finished with value: 3.6033101333333333 and parameters: {'n_blocks': 2, 'd_block': 256, 'd_hidden': 8, 'd_hidden_multiplier': 1.1089607282194642, 'dropout1': 0.42238965291911623, 'dropout2': 0.10232207464601739}. Best is trial 1 with value: 3.6033101333333333.
/home/mburu/.local/lib/python3.8/site-packages/sklearn/preprocessing/_discretization.py:322: UserWarning: Bins whose width are too small (i.e., <= 1e-8) in feature 0 are removed. Consider decreasing the number of bins.
  warnings.warn(
/home/mburu/.local/lib/python3.8/site-packages/sklearn/preprocessing/_discretization.py:322: UserWarning: Bins whose width are too small (i.e., <= 1e-8) in feature 0 are removed. Consider decreasing the number of bins.
  warnings.warn(
/home/mburu/.local/lib/python3.8/site-packages/sklearn/preprocessing/_discretization.py:322: UserWarning: Bins whose width are too small (i.e., <= 1e-8) in feature 0 are removed. Consider decreasing the number of bins.
  warnings.warn(
/home/mburu/.local/lib/python3.8/site-packages/sklearn/preprocessing/_discretization.py:322: UserWarning: Bins whose width are too small (i.e., <= 1e-8) in feature 0 are removed. Consider decreasing the number of bins.
  warnings.warn(
/home/mburu/.local/lib/python3.8/site-packages/sklearn/preprocessing/_discretization.py:322: UserWarning: Bins whose width are too small (i.e., <= 1e-8) in feature 0 are removed. Consider decreasing the number of bins.
  warnings.warn(
[I 2025-05-11 05:27:34,065] Trial 2 finished with value: 3.6095786666666667 and parameters: {'n_blocks': 5, 'd_block': 64, 'd_hidden': 3, 'd_hidden_multiplier': 4.697410437825572, 'dropout1': 0.11058652911863391, 'dropout2': 0.253898522489424}. Best is trial 1 with value: 3.6033101333333333.
/home/mburu/.local/lib/python3.8/site-packages/sklearn/preprocessing/_discretization.py:322: UserWarning: Bins whose width are too small (i.e., <= 1e-8) in feature 0 are removed. Consider decreasing the number of bins.
  warnings.warn(
/home/mburu/.local/lib/python3.8/site-packages/sklearn/preprocessing/_discretization.py:322: UserWarning: Bins whose width are too small (i.e., <= 1e-8) in feature 0 are removed. Consider decreasing the number of bins.
  warnings.warn(
/home/mburu/.local/lib/python3.8/site-packages/sklearn/preprocessing/_discretization.py:322: UserWarning: Bins whose width are too small (i.e., <= 1e-8) in feature 0 are removed. Consider decreasing the number of bins.
  warnings.warn(
/home/mburu/.local/lib/python3.8/site-packages/sklearn/preprocessing/_discretization.py:322: UserWarning: Bins whose width are too small (i.e., <= 1e-8) in feature 0 are removed. Consider decreasing the number of bins.
  warnings.warn(
/home/mburu/.local/lib/python3.8/site-packages/sklearn/preprocessing/_discretization.py:322: UserWarning: Bins whose width are too small (i.e., <= 1e-8) in feature 0 are removed. Consider decreasing the number of bins.
  warnings.warn(
[I 2025-05-11 05:27:36,694] Trial 3 finished with value: 3.5743439666666665 and parameters: {'n_blocks': 3, 'd_block': 256, 'd_hidden': 2, 'd_hidden_multiplier': 2.2103839284834628, 'dropout1': 0.3964088449977436, 'dropout2': 0.03875240542559993}. Best is trial 3 with value: 3.5743439666666665.
/home/mburu/.local/lib/python3.8/site-packages/sklearn/preprocessing/_discretization.py:322: UserWarning: Bins whose width are too small (i.e., <= 1e-8) in feature 0 are removed. Consider decreasing the number of bins.
  warnings.warn(
/home/mburu/.local/lib/python3.8/site-packages/sklearn/preprocessing/_discretization.py:322: UserWarning: Bins whose width are too small (i.e., <= 1e-8) in feature 0 are removed. Consider decreasing the number of bins.
  warnings.warn(
/home/mburu/.local/lib/python3.8/site-packages/sklearn/preprocessing/_discretization.py:322: UserWarning: Bins whose width are too small (i.e., <= 1e-8) in feature 0 are removed. Consider decreasing the number of bins.
  warnings.warn(
/home/mburu/.local/lib/python3.8/site-packages/sklearn/preprocessing/_discretization.py:322: UserWarning: Bins whose width are too small (i.e., <= 1e-8) in feature 0 are removed. Consider decreasing the number of bins.
  warnings.warn(
/home/mburu/.local/lib/python3.8/site-packages/sklearn/preprocessing/_discretization.py:322: UserWarning: Bins whose width are too small (i.e., <= 1e-8) in feature 0 are removed. Consider decreasing the number of bins.
  warnings.warn(
[I 2025-05-11 05:27:39,316] Trial 4 finished with value: 3.618333566666666 and parameters: {'n_blocks': 5, 'd_block': 128, 'd_hidden': 5, 'd_hidden_multiplier': 1.1865164967480302, 'dropout1': 0.021282722352553282, 'dropout2': 0.19492366092094537}. Best is trial 3 with value: 3.5743439666666665.
/home/mburu/.local/lib/python3.8/site-packages/sklearn/preprocessing/_discretization.py:322: UserWarning: Bins whose width are too small (i.e., <= 1e-8) in feature 0 are removed. Consider decreasing the number of bins.
  warnings.warn(
[I 2025-05-11 05:27:39,982] A new study created in memory with name: ResMLP_Socmob_outer3
/home/mburu/.local/lib/python3.8/site-packages/sklearn/preprocessing/_discretization.py:322: UserWarning: Bins whose width are too small (i.e., <= 1e-8) in feature 0 are removed. Consider decreasing the number of bins.
  warnings.warn(
/home/mburu/.local/lib/python3.8/site-packages/sklearn/preprocessing/_discretization.py:322: UserWarning: Bins whose width are too small (i.e., <= 1e-8) in feature 0 are removed. Consider decreasing the number of bins.
  warnings.warn(
/home/mburu/.local/lib/python3.8/site-packages/sklearn/preprocessing/_discretization.py:322: UserWarning: Bins whose width are too small (i.e., <= 1e-8) in feature 0 are removed. Consider decreasing the number of bins.
  warnings.warn(
/home/mburu/.local/lib/python3.8/site-packages/sklearn/preprocessing/_discretization.py:322: UserWarning: Bins whose width are too small (i.e., <= 1e-8) in feature 0 are removed. Consider decreasing the number of bins.
  warnings.warn(
/home/mburu/.local/lib/python3.8/site-packages/sklearn/preprocessing/_discretization.py:322: UserWarning: Bins whose width are too small (i.e., <= 1e-8) in feature 0 are removed. Consider decreasing the number of bins.
  warnings.warn(
[I 2025-05-11 05:27:42,626] Trial 0 finished with value: 3.6407765999999997 and parameters: {'n_blocks': 5, 'd_block': 128, 'd_hidden': 6, 'd_hidden_multiplier': 1.9964669455760327, 'dropout1': 0.04889216584034568, 'dropout2': 0.191124317438587}. Best is trial 0 with value: 3.6407765999999997.
/home/mburu/.local/lib/python3.8/site-packages/sklearn/preprocessing/_discretization.py:322: UserWarning: Bins whose width are too small (i.e., <= 1e-8) in feature 0 are removed. Consider decreasing the number of bins.
  warnings.warn(
/home/mburu/.local/lib/python3.8/site-packages/sklearn/preprocessing/_discretization.py:322: UserWarning: Bins whose width are too small (i.e., <= 1e-8) in feature 0 are removed. Consider decreasing the number of bins.
  warnings.warn(
/home/mburu/.local/lib/python3.8/site-packages/sklearn/preprocessing/_discretization.py:322: UserWarning: Bins whose width are too small (i.e., <= 1e-8) in feature 0 are removed. Consider decreasing the number of bins.
  warnings.warn(
/home/mburu/.local/lib/python3.8/site-packages/sklearn/preprocessing/_discretization.py:322: UserWarning: Bins whose width are too small (i.e., <= 1e-8) in feature 0 are removed. Consider decreasing the number of bins.
  warnings.warn(
/home/mburu/.local/lib/python3.8/site-packages/sklearn/preprocessing/_discretization.py:322: UserWarning: Bins whose width are too small (i.e., <= 1e-8) in feature 0 are removed. Consider decreasing the number of bins.
  warnings.warn(
[I 2025-05-11 05:27:45,280] Trial 1 finished with value: 3.620787 and parameters: {'n_blocks': 5, 'd_block': 128, 'd_hidden': 4, 'd_hidden_multiplier': 4.578813252864977, 'dropout1': 0.050166867098952996, 'dropout2': 0.24845644725918015}. Best is trial 1 with value: 3.620787.
/home/mburu/.local/lib/python3.8/site-packages/sklearn/preprocessing/_discretization.py:322: UserWarning: Bins whose width are too small (i.e., <= 1e-8) in feature 0 are removed. Consider decreasing the number of bins.
  warnings.warn(
/home/mburu/.local/lib/python3.8/site-packages/sklearn/preprocessing/_discretization.py:322: UserWarning: Bins whose width are too small (i.e., <= 1e-8) in feature 0 are removed. Consider decreasing the number of bins.
  warnings.warn(
/home/mburu/.local/lib/python3.8/site-packages/sklearn/preprocessing/_discretization.py:322: UserWarning: Bins whose width are too small (i.e., <= 1e-8) in feature 0 are removed. Consider decreasing the number of bins.
  warnings.warn(
/home/mburu/.local/lib/python3.8/site-packages/sklearn/preprocessing/_discretization.py:322: UserWarning: Bins whose width are too small (i.e., <= 1e-8) in feature 0 are removed. Consider decreasing the number of bins.
  warnings.warn(
/home/mburu/.local/lib/python3.8/site-packages/sklearn/preprocessing/_discretization.py:322: UserWarning: Bins whose width are too small (i.e., <= 1e-8) in feature 0 are removed. Consider decreasing the number of bins.
  warnings.warn(
[I 2025-05-11 05:27:47,886] Trial 2 finished with value: 3.6630248666666665 and parameters: {'n_blocks': 4, 'd_block': 64, 'd_hidden': 5, 'd_hidden_multiplier': 4.857344677241806, 'dropout1': 0.25605039699718213, 'dropout2': 0.11050821071697638}. Best is trial 1 with value: 3.620787.
/home/mburu/.local/lib/python3.8/site-packages/sklearn/preprocessing/_discretization.py:322: UserWarning: Bins whose width are too small (i.e., <= 1e-8) in feature 0 are removed. Consider decreasing the number of bins.
  warnings.warn(
/home/mburu/.local/lib/python3.8/site-packages/sklearn/preprocessing/_discretization.py:322: UserWarning: Bins whose width are too small (i.e., <= 1e-8) in feature 0 are removed. Consider decreasing the number of bins.
  warnings.warn(
/home/mburu/.local/lib/python3.8/site-packages/sklearn/preprocessing/_discretization.py:322: UserWarning: Bins whose width are too small (i.e., <= 1e-8) in feature 0 are removed. Consider decreasing the number of bins.
  warnings.warn(
/home/mburu/.local/lib/python3.8/site-packages/sklearn/preprocessing/_discretization.py:322: UserWarning: Bins whose width are too small (i.e., <= 1e-8) in feature 0 are removed. Consider decreasing the number of bins.
  warnings.warn(
/home/mburu/.local/lib/python3.8/site-packages/sklearn/preprocessing/_discretization.py:322: UserWarning: Bins whose width are too small (i.e., <= 1e-8) in feature 0 are removed. Consider decreasing the number of bins.
  warnings.warn(
[I 2025-05-11 05:27:50,499] Trial 3 finished with value: 3.6309387666666666 and parameters: {'n_blocks': 2, 'd_block': 256, 'd_hidden': 3, 'd_hidden_multiplier': 2.601689144954014, 'dropout1': 0.16503381419647725, 'dropout2': 0.14346826378996197}. Best is trial 1 with value: 3.620787.
/home/mburu/.local/lib/python3.8/site-packages/sklearn/preprocessing/_discretization.py:322: UserWarning: Bins whose width are too small (i.e., <= 1e-8) in feature 0 are removed. Consider decreasing the number of bins.
  warnings.warn(
/home/mburu/.local/lib/python3.8/site-packages/sklearn/preprocessing/_discretization.py:322: UserWarning: Bins whose width are too small (i.e., <= 1e-8) in feature 0 are removed. Consider decreasing the number of bins.
  warnings.warn(
/home/mburu/.local/lib/python3.8/site-packages/sklearn/preprocessing/_discretization.py:322: UserWarning: Bins whose width are too small (i.e., <= 1e-8) in feature 0 are removed. Consider decreasing the number of bins.
  warnings.warn(
/home/mburu/.local/lib/python3.8/site-packages/sklearn/preprocessing/_discretization.py:322: UserWarning: Bins whose width are too small (i.e., <= 1e-8) in feature 0 are removed. Consider decreasing the number of bins.
  warnings.warn(
/home/mburu/.local/lib/python3.8/site-packages/sklearn/preprocessing/_discretization.py:322: UserWarning: Bins whose width are too small (i.e., <= 1e-8) in feature 0 are removed. Consider decreasing the number of bins.
  warnings.warn(
[I 2025-05-11 05:27:53,073] Trial 4 finished with value: 3.6727590666666665 and parameters: {'n_blocks': 2, 'd_block': 128, 'd_hidden': 2, 'd_hidden_multiplier': 1.6547459837829726, 'dropout1': 0.115364382981092, 'dropout2': 0.12825603830946858}. Best is trial 1 with value: 3.620787.
/home/mburu/.local/lib/python3.8/site-packages/sklearn/preprocessing/_discretization.py:322: UserWarning: Bins whose width are too small (i.e., <= 1e-8) in feature 0 are removed. Consider decreasing the number of bins.
  warnings.warn(
[I 2025-05-11 05:27:53,773] A new study created in memory with name: ResMLP_Socmob_outer4
/home/mburu/.local/lib/python3.8/site-packages/sklearn/preprocessing/_discretization.py:322: UserWarning: Bins whose width are too small (i.e., <= 1e-8) in feature 0 are removed. Consider decreasing the number of bins.
  warnings.warn(
/home/mburu/.local/lib/python3.8/site-packages/sklearn/preprocessing/_discretization.py:322: UserWarning: Bins whose width are too small (i.e., <= 1e-8) in feature 0 are removed. Consider decreasing the number of bins.
  warnings.warn(
/home/mburu/.local/lib/python3.8/site-packages/sklearn/preprocessing/_discretization.py:322: UserWarning: Bins whose width are too small (i.e., <= 1e-8) in feature 0 are removed. Consider decreasing the number of bins.
  warnings.warn(
/home/mburu/.local/lib/python3.8/site-packages/sklearn/preprocessing/_discretization.py:322: UserWarning: Bins whose width are too small (i.e., <= 1e-8) in feature 0 are removed. Consider decreasing the number of bins.
  warnings.warn(
/home/mburu/.local/lib/python3.8/site-packages/sklearn/preprocessing/_discretization.py:322: UserWarning: Bins whose width are too small (i.e., <= 1e-8) in feature 0 are removed. Consider decreasing the number of bins.
  warnings.warn(
[I 2025-05-11 05:27:56,428] Trial 0 finished with value: 3.6952739333333335 and parameters: {'n_blocks': 2, 'd_block': 64, 'd_hidden': 6, 'd_hidden_multiplier': 2.629196234709369, 'dropout1': 0.41846069422679666, 'dropout2': 0.2671815336470726}. Best is trial 0 with value: 3.6952739333333335.
/home/mburu/.local/lib/python3.8/site-packages/sklearn/preprocessing/_discretization.py:322: UserWarning: Bins whose width are too small (i.e., <= 1e-8) in feature 0 are removed. Consider decreasing the number of bins.
  warnings.warn(
/home/mburu/.local/lib/python3.8/site-packages/sklearn/preprocessing/_discretization.py:322: UserWarning: Bins whose width are too small (i.e., <= 1e-8) in feature 0 are removed. Consider decreasing the number of bins.
  warnings.warn(
/home/mburu/.local/lib/python3.8/site-packages/sklearn/preprocessing/_discretization.py:322: UserWarning: Bins whose width are too small (i.e., <= 1e-8) in feature 0 are removed. Consider decreasing the number of bins.
  warnings.warn(
/home/mburu/.local/lib/python3.8/site-packages/sklearn/preprocessing/_discretization.py:322: UserWarning: Bins whose width are too small (i.e., <= 1e-8) in feature 0 are removed. Consider decreasing the number of bins.
  warnings.warn(
/home/mburu/.local/lib/python3.8/site-packages/sklearn/preprocessing/_discretization.py:322: UserWarning: Bins whose width are too small (i.e., <= 1e-8) in feature 0 are removed. Consider decreasing the number of bins.
  warnings.warn(
[I 2025-05-11 05:27:59,143] Trial 1 finished with value: 3.7026546333333337 and parameters: {'n_blocks': 6, 'd_block': 64, 'd_hidden': 2, 'd_hidden_multiplier': 2.9347899680242007, 'dropout1': 0.48960100287981456, 'dropout2': 0.053676432881352314}. Best is trial 0 with value: 3.6952739333333335.
/home/mburu/.local/lib/python3.8/site-packages/sklearn/preprocessing/_discretization.py:322: UserWarning: Bins whose width are too small (i.e., <= 1e-8) in feature 0 are removed. Consider decreasing the number of bins.
  warnings.warn(
/home/mburu/.local/lib/python3.8/site-packages/sklearn/preprocessing/_discretization.py:322: UserWarning: Bins whose width are too small (i.e., <= 1e-8) in feature 0 are removed. Consider decreasing the number of bins.
  warnings.warn(
/home/mburu/.local/lib/python3.8/site-packages/sklearn/preprocessing/_discretization.py:322: UserWarning: Bins whose width are too small (i.e., <= 1e-8) in feature 0 are removed. Consider decreasing the number of bins.
  warnings.warn(
/home/mburu/.local/lib/python3.8/site-packages/sklearn/preprocessing/_discretization.py:322: UserWarning: Bins whose width are too small (i.e., <= 1e-8) in feature 0 are removed. Consider decreasing the number of bins.
  warnings.warn(
/home/mburu/.local/lib/python3.8/site-packages/sklearn/preprocessing/_discretization.py:322: UserWarning: Bins whose width are too small (i.e., <= 1e-8) in feature 0 are removed. Consider decreasing the number of bins.
  warnings.warn(
[I 2025-05-11 05:28:01,841] Trial 2 finished with value: 3.6594670333333332 and parameters: {'n_blocks': 3, 'd_block': 256, 'd_hidden': 5, 'd_hidden_multiplier': 1.7346854445666462, 'dropout1': 0.15052643789966336, 'dropout2': 0.01865688292218334}. Best is trial 2 with value: 3.6594670333333332.
/home/mburu/.local/lib/python3.8/site-packages/sklearn/preprocessing/_discretization.py:322: UserWarning: Bins whose width are too small (i.e., <= 1e-8) in feature 0 are removed. Consider decreasing the number of bins.
  warnings.warn(
/home/mburu/.local/lib/python3.8/site-packages/sklearn/preprocessing/_discretization.py:322: UserWarning: Bins whose width are too small (i.e., <= 1e-8) in feature 0 are removed. Consider decreasing the number of bins.
  warnings.warn(
/home/mburu/.local/lib/python3.8/site-packages/sklearn/preprocessing/_discretization.py:322: UserWarning: Bins whose width are too small (i.e., <= 1e-8) in feature 0 are removed. Consider decreasing the number of bins.
  warnings.warn(
/home/mburu/.local/lib/python3.8/site-packages/sklearn/preprocessing/_discretization.py:322: UserWarning: Bins whose width are too small (i.e., <= 1e-8) in feature 0 are removed. Consider decreasing the number of bins.
  warnings.warn(
/home/mburu/.local/lib/python3.8/site-packages/sklearn/preprocessing/_discretization.py:322: UserWarning: Bins whose width are too small (i.e., <= 1e-8) in feature 0 are removed. Consider decreasing the number of bins.
  warnings.warn(
[I 2025-05-11 05:28:04,578] Trial 3 finished with value: 3.6653134333333335 and parameters: {'n_blocks': 5, 'd_block': 256, 'd_hidden': 2, 'd_hidden_multiplier': 1.7469749722814216, 'dropout1': 0.3414067520715921, 'dropout2': 0.006791755430638258}. Best is trial 2 with value: 3.6594670333333332.
/home/mburu/.local/lib/python3.8/site-packages/sklearn/preprocessing/_discretization.py:322: UserWarning: Bins whose width are too small (i.e., <= 1e-8) in feature 0 are removed. Consider decreasing the number of bins.
  warnings.warn(
/home/mburu/.local/lib/python3.8/site-packages/sklearn/preprocessing/_discretization.py:322: UserWarning: Bins whose width are too small (i.e., <= 1e-8) in feature 0 are removed. Consider decreasing the number of bins.
  warnings.warn(
/home/mburu/.local/lib/python3.8/site-packages/sklearn/preprocessing/_discretization.py:322: UserWarning: Bins whose width are too small (i.e., <= 1e-8) in feature 0 are removed. Consider decreasing the number of bins.
  warnings.warn(
/home/mburu/.local/lib/python3.8/site-packages/sklearn/preprocessing/_discretization.py:322: UserWarning: Bins whose width are too small (i.e., <= 1e-8) in feature 0 are removed. Consider decreasing the number of bins.
  warnings.warn(
/home/mburu/.local/lib/python3.8/site-packages/sklearn/preprocessing/_discretization.py:322: UserWarning: Bins whose width are too small (i.e., <= 1e-8) in feature 0 are removed. Consider decreasing the number of bins.
  warnings.warn(
[I 2025-05-11 05:28:07,310] Trial 4 finished with value: 3.684299966666667 and parameters: {'n_blocks': 4, 'd_block': 128, 'd_hidden': 2, 'd_hidden_multiplier': 3.9459778814946667, 'dropout1': 0.3362723439166843, 'dropout2': 0.12347676516915462}. Best is trial 2 with value: 3.6594670333333332.
/home/mburu/.local/lib/python3.8/site-packages/sklearn/preprocessing/_discretization.py:322: UserWarning: Bins whose width are too small (i.e., <= 1e-8) in feature 0 are removed. Consider decreasing the number of bins.
  warnings.warn(
[I 2025-05-11 05:28:07,935] A new study created in memory with name: ResMLP_Socmob_outer5
/home/mburu/.local/lib/python3.8/site-packages/sklearn/preprocessing/_discretization.py:322: UserWarning: Bins whose width are too small (i.e., <= 1e-8) in feature 0 are removed. Consider decreasing the number of bins.
  warnings.warn(
/home/mburu/.local/lib/python3.8/site-packages/sklearn/preprocessing/_discretization.py:322: UserWarning: Bins whose width are too small (i.e., <= 1e-8) in feature 0 are removed. Consider decreasing the number of bins.
  warnings.warn(
/home/mburu/.local/lib/python3.8/site-packages/sklearn/preprocessing/_discretization.py:322: UserWarning: Bins whose width are too small (i.e., <= 1e-8) in feature 0 are removed. Consider decreasing the number of bins.
  warnings.warn(
/home/mburu/.local/lib/python3.8/site-packages/sklearn/preprocessing/_discretization.py:322: UserWarning: Bins whose width are too small (i.e., <= 1e-8) in feature 0 are removed. Consider decreasing the number of bins.
  warnings.warn(
/home/mburu/.local/lib/python3.8/site-packages/sklearn/preprocessing/_discretization.py:322: UserWarning: Bins whose width are too small (i.e., <= 1e-8) in feature 0 are removed. Consider decreasing the number of bins.
  warnings.warn(
[I 2025-05-11 05:28:10,798] Trial 0 finished with value: 3.7019795333333336 and parameters: {'n_blocks': 4, 'd_block': 128, 'd_hidden': 5, 'd_hidden_multiplier': 2.674569022915377, 'dropout1': 0.2167808208518916, 'dropout2': 0.06443171491950093}. Best is trial 0 with value: 3.7019795333333336.
/home/mburu/.local/lib/python3.8/site-packages/sklearn/preprocessing/_discretization.py:322: UserWarning: Bins whose width are too small (i.e., <= 1e-8) in feature 0 are removed. Consider decreasing the number of bins.
  warnings.warn(
/home/mburu/.local/lib/python3.8/site-packages/sklearn/preprocessing/_discretization.py:322: UserWarning: Bins whose width are too small (i.e., <= 1e-8) in feature 0 are removed. Consider decreasing the number of bins.
  warnings.warn(
/home/mburu/.local/lib/python3.8/site-packages/sklearn/preprocessing/_discretization.py:322: UserWarning: Bins whose width are too small (i.e., <= 1e-8) in feature 0 are removed. Consider decreasing the number of bins.
  warnings.warn(
/home/mburu/.local/lib/python3.8/site-packages/sklearn/preprocessing/_discretization.py:322: UserWarning: Bins whose width are too small (i.e., <= 1e-8) in feature 0 are removed. Consider decreasing the number of bins.
  warnings.warn(
/home/mburu/.local/lib/python3.8/site-packages/sklearn/preprocessing/_discretization.py:322: UserWarning: Bins whose width are too small (i.e., <= 1e-8) in feature 0 are removed. Consider decreasing the number of bins.
  warnings.warn(
[I 2025-05-11 05:28:13,617] Trial 1 finished with value: 3.7339871000000002 and parameters: {'n_blocks': 4, 'd_block': 64, 'd_hidden': 5, 'd_hidden_multiplier': 2.728691854970013, 'dropout1': 0.1554982578061414, 'dropout2': 0.24361467363173564}. Best is trial 0 with value: 3.7019795333333336.
/home/mburu/.local/lib/python3.8/site-packages/sklearn/preprocessing/_discretization.py:322: UserWarning: Bins whose width are too small (i.e., <= 1e-8) in feature 0 are removed. Consider decreasing the number of bins.
  warnings.warn(
/home/mburu/.local/lib/python3.8/site-packages/sklearn/preprocessing/_discretization.py:322: UserWarning: Bins whose width are too small (i.e., <= 1e-8) in feature 0 are removed. Consider decreasing the number of bins.
  warnings.warn(
/home/mburu/.local/lib/python3.8/site-packages/sklearn/preprocessing/_discretization.py:322: UserWarning: Bins whose width are too small (i.e., <= 1e-8) in feature 0 are removed. Consider decreasing the number of bins.
  warnings.warn(
/home/mburu/.local/lib/python3.8/site-packages/sklearn/preprocessing/_discretization.py:322: UserWarning: Bins whose width are too small (i.e., <= 1e-8) in feature 0 are removed. Consider decreasing the number of bins.
  warnings.warn(
/home/mburu/.local/lib/python3.8/site-packages/sklearn/preprocessing/_discretization.py:322: UserWarning: Bins whose width are too small (i.e., <= 1e-8) in feature 0 are removed. Consider decreasing the number of bins.
  warnings.warn(
[I 2025-05-11 05:28:16,428] Trial 2 finished with value: 3.6867058666666663 and parameters: {'n_blocks': 2, 'd_block': 256, 'd_hidden': 3, 'd_hidden_multiplier': 4.130430199605095, 'dropout1': 0.3789552823416544, 'dropout2': 0.27464568145906426}. Best is trial 2 with value: 3.6867058666666663.
/home/mburu/.local/lib/python3.8/site-packages/sklearn/preprocessing/_discretization.py:322: UserWarning: Bins whose width are too small (i.e., <= 1e-8) in feature 0 are removed. Consider decreasing the number of bins.
  warnings.warn(
/home/mburu/.local/lib/python3.8/site-packages/sklearn/preprocessing/_discretization.py:322: UserWarning: Bins whose width are too small (i.e., <= 1e-8) in feature 0 are removed. Consider decreasing the number of bins.
  warnings.warn(
/home/mburu/.local/lib/python3.8/site-packages/sklearn/preprocessing/_discretization.py:322: UserWarning: Bins whose width are too small (i.e., <= 1e-8) in feature 0 are removed. Consider decreasing the number of bins.
  warnings.warn(
/home/mburu/.local/lib/python3.8/site-packages/sklearn/preprocessing/_discretization.py:322: UserWarning: Bins whose width are too small (i.e., <= 1e-8) in feature 0 are removed. Consider decreasing the number of bins.
  warnings.warn(
/home/mburu/.local/lib/python3.8/site-packages/sklearn/preprocessing/_discretization.py:322: UserWarning: Bins whose width are too small (i.e., <= 1e-8) in feature 0 are removed. Consider decreasing the number of bins.
  warnings.warn(
[I 2025-05-11 05:28:19,256] Trial 3 finished with value: 3.7096974333333335 and parameters: {'n_blocks': 4, 'd_block': 256, 'd_hidden': 2, 'd_hidden_multiplier': 1.6559817390663818, 'dropout1': 0.21422689443534526, 'dropout2': 0.22696979043265916}. Best is trial 2 with value: 3.6867058666666663.
/home/mburu/.local/lib/python3.8/site-packages/sklearn/preprocessing/_discretization.py:322: UserWarning: Bins whose width are too small (i.e., <= 1e-8) in feature 0 are removed. Consider decreasing the number of bins.
  warnings.warn(
/home/mburu/.local/lib/python3.8/site-packages/sklearn/preprocessing/_discretization.py:322: UserWarning: Bins whose width are too small (i.e., <= 1e-8) in feature 0 are removed. Consider decreasing the number of bins.
  warnings.warn(
/home/mburu/.local/lib/python3.8/site-packages/sklearn/preprocessing/_discretization.py:322: UserWarning: Bins whose width are too small (i.e., <= 1e-8) in feature 0 are removed. Consider decreasing the number of bins.
  warnings.warn(
/home/mburu/.local/lib/python3.8/site-packages/sklearn/preprocessing/_discretization.py:322: UserWarning: Bins whose width are too small (i.e., <= 1e-8) in feature 0 are removed. Consider decreasing the number of bins.
  warnings.warn(
/home/mburu/.local/lib/python3.8/site-packages/sklearn/preprocessing/_discretization.py:322: UserWarning: Bins whose width are too small (i.e., <= 1e-8) in feature 0 are removed. Consider decreasing the number of bins.
  warnings.warn(
[I 2025-05-11 05:28:22,019] Trial 4 finished with value: 3.713389033333333 and parameters: {'n_blocks': 2, 'd_block': 64, 'd_hidden': 9, 'd_hidden_multiplier': 1.6140416663779746, 'dropout1': 0.10771765690644047, 'dropout2': 0.15900981108804504}. Best is trial 2 with value: 3.6867058666666663.
/home/mburu/.local/lib/python3.8/site-packages/sklearn/preprocessing/_discretization.py:322: UserWarning: Bins whose width are too small (i.e., <= 1e-8) in feature 0 are removed. Consider decreasing the number of bins.
  warnings.warn(
[I 2025-05-11 05:28:34,688] A new study created in memory with name: ResMLP_Sensory_outer1
/home/mburu/.local/lib/python3.8/site-packages/sklearn/preprocessing/_discretization.py:322: UserWarning: Bins whose width are too small (i.e., <= 1e-8) in feature 0 are removed. Consider decreasing the number of bins.
  warnings.warn(
/home/mburu/.local/lib/python3.8/site-packages/sklearn/preprocessing/_discretization.py:322: UserWarning: Bins whose width are too small (i.e., <= 1e-8) in feature 0 are removed. Consider decreasing the number of bins.
  warnings.warn(
/home/mburu/.local/lib/python3.8/site-packages/sklearn/preprocessing/_discretization.py:322: UserWarning: Bins whose width are too small (i.e., <= 1e-8) in feature 0 are removed. Consider decreasing the number of bins.
  warnings.warn(
/home/mburu/.local/lib/python3.8/site-packages/sklearn/preprocessing/_discretization.py:322: UserWarning: Bins whose width are too small (i.e., <= 1e-8) in feature 0 are removed. Consider decreasing the number of bins.
  warnings.warn(
/home/mburu/.local/lib/python3.8/site-packages/sklearn/preprocessing/_discretization.py:322: UserWarning: Bins whose width are too small (i.e., <= 1e-8) in feature 0 are removed. Consider decreasing the number of bins.
  warnings.warn(
[I 2025-05-11 05:28:36,544] Trial 0 finished with value: 1.7964334000000002 and parameters: {'n_blocks': 2, 'd_block': 64, 'd_hidden': 2, 'd_hidden_multiplier': 1.6341693195484936, 'dropout1': 0.0720294474463694, 'dropout2': 0.20423534937041932}. Best is trial 0 with value: 1.7964334000000002.
/home/mburu/.local/lib/python3.8/site-packages/sklearn/preprocessing/_discretization.py:322: UserWarning: Bins whose width are too small (i.e., <= 1e-8) in feature 0 are removed. Consider decreasing the number of bins.
  warnings.warn(
/home/mburu/.local/lib/python3.8/site-packages/sklearn/preprocessing/_discretization.py:322: UserWarning: Bins whose width are too small (i.e., <= 1e-8) in feature 0 are removed. Consider decreasing the number of bins.
  warnings.warn(
/home/mburu/.local/lib/python3.8/site-packages/sklearn/preprocessing/_discretization.py:322: UserWarning: Bins whose width are too small (i.e., <= 1e-8) in feature 0 are removed. Consider decreasing the number of bins.
  warnings.warn(
/home/mburu/.local/lib/python3.8/site-packages/sklearn/preprocessing/_discretization.py:322: UserWarning: Bins whose width are too small (i.e., <= 1e-8) in feature 0 are removed. Consider decreasing the number of bins.
  warnings.warn(
/home/mburu/.local/lib/python3.8/site-packages/sklearn/preprocessing/_discretization.py:322: UserWarning: Bins whose width are too small (i.e., <= 1e-8) in feature 0 are removed. Consider decreasing the number of bins.
  warnings.warn(
[I 2025-05-11 05:28:36,812] Trial 1 finished with value: 1.7558167999999998 and parameters: {'n_blocks': 3, 'd_block': 256, 'd_hidden': 4, 'd_hidden_multiplier': 1.3194460603239315, 'dropout1': 0.2119322152850102, 'dropout2': 0.10281351574357045}. Best is trial 1 with value: 1.7558167999999998.
/home/mburu/.local/lib/python3.8/site-packages/sklearn/preprocessing/_discretization.py:322: UserWarning: Bins whose width are too small (i.e., <= 1e-8) in feature 0 are removed. Consider decreasing the number of bins.
  warnings.warn(
/home/mburu/.local/lib/python3.8/site-packages/sklearn/preprocessing/_discretization.py:322: UserWarning: Bins whose width are too small (i.e., <= 1e-8) in feature 0 are removed. Consider decreasing the number of bins.
  warnings.warn(
/home/mburu/.local/lib/python3.8/site-packages/sklearn/preprocessing/_discretization.py:322: UserWarning: Bins whose width are too small (i.e., <= 1e-8) in feature 0 are removed. Consider decreasing the number of bins.
  warnings.warn(
/home/mburu/.local/lib/python3.8/site-packages/sklearn/preprocessing/_discretization.py:322: UserWarning: Bins whose width are too small (i.e., <= 1e-8) in feature 0 are removed. Consider decreasing the number of bins.
  warnings.warn(
/home/mburu/.local/lib/python3.8/site-packages/sklearn/preprocessing/_discretization.py:322: UserWarning: Bins whose width are too small (i.e., <= 1e-8) in feature 0 are removed. Consider decreasing the number of bins.
  warnings.warn(
[I 2025-05-11 05:28:37,070] Trial 2 finished with value: 1.7620566666666666 and parameters: {'n_blocks': 2, 'd_block': 256, 'd_hidden': 4, 'd_hidden_multiplier': 2.751009926725267, 'dropout1': 0.3006016077509036, 'dropout2': 0.06689656879487074}. Best is trial 1 with value: 1.7558167999999998.
/home/mburu/.local/lib/python3.8/site-packages/sklearn/preprocessing/_discretization.py:322: UserWarning: Bins whose width are too small (i.e., <= 1e-8) in feature 0 are removed. Consider decreasing the number of bins.
  warnings.warn(
/home/mburu/.local/lib/python3.8/site-packages/sklearn/preprocessing/_discretization.py:322: UserWarning: Bins whose width are too small (i.e., <= 1e-8) in feature 0 are removed. Consider decreasing the number of bins.
  warnings.warn(
/home/mburu/.local/lib/python3.8/site-packages/sklearn/preprocessing/_discretization.py:322: UserWarning: Bins whose width are too small (i.e., <= 1e-8) in feature 0 are removed. Consider decreasing the number of bins.
  warnings.warn(
/home/mburu/.local/lib/python3.8/site-packages/sklearn/preprocessing/_discretization.py:322: UserWarning: Bins whose width are too small (i.e., <= 1e-8) in feature 0 are removed. Consider decreasing the number of bins.
  warnings.warn(
/home/mburu/.local/lib/python3.8/site-packages/sklearn/preprocessing/_discretization.py:322: UserWarning: Bins whose width are too small (i.e., <= 1e-8) in feature 0 are removed. Consider decreasing the number of bins.
  warnings.warn(
[I 2025-05-11 05:28:37,325] Trial 3 finished with value: 1.8084892666666665 and parameters: {'n_blocks': 4, 'd_block': 64, 'd_hidden': 3, 'd_hidden_multiplier': 1.1980882895566185, 'dropout1': 0.31510886495357343, 'dropout2': 0.06512395031947738}. Best is trial 1 with value: 1.7558167999999998.
/home/mburu/.local/lib/python3.8/site-packages/sklearn/preprocessing/_discretization.py:322: UserWarning: Bins whose width are too small (i.e., <= 1e-8) in feature 0 are removed. Consider decreasing the number of bins.
  warnings.warn(
/home/mburu/.local/lib/python3.8/site-packages/sklearn/preprocessing/_discretization.py:322: UserWarning: Bins whose width are too small (i.e., <= 1e-8) in feature 0 are removed. Consider decreasing the number of bins.
  warnings.warn(
/home/mburu/.local/lib/python3.8/site-packages/sklearn/preprocessing/_discretization.py:322: UserWarning: Bins whose width are too small (i.e., <= 1e-8) in feature 0 are removed. Consider decreasing the number of bins.
  warnings.warn(
/home/mburu/.local/lib/python3.8/site-packages/sklearn/preprocessing/_discretization.py:322: UserWarning: Bins whose width are too small (i.e., <= 1e-8) in feature 0 are removed. Consider decreasing the number of bins.
  warnings.warn(
/home/mburu/.local/lib/python3.8/site-packages/sklearn/preprocessing/_discretization.py:322: UserWarning: Bins whose width are too small (i.e., <= 1e-8) in feature 0 are removed. Consider decreasing the number of bins.
  warnings.warn(
[I 2025-05-11 05:28:37,565] Trial 4 finished with value: 1.7832796666666666 and parameters: {'n_blocks': 3, 'd_block': 64, 'd_hidden': 4, 'd_hidden_multiplier': 4.188927988125975, 'dropout1': 0.24043196008503243, 'dropout2': 0.029483438677719426}. Best is trial 1 with value: 1.7558167999999998.
/home/mburu/.local/lib/python3.8/site-packages/sklearn/preprocessing/_discretization.py:322: UserWarning: Bins whose width are too small (i.e., <= 1e-8) in feature 0 are removed. Consider decreasing the number of bins.
  warnings.warn(
[I 2025-05-11 05:28:37,618] A new study created in memory with name: ResMLP_Sensory_outer2
/home/mburu/.local/lib/python3.8/site-packages/sklearn/preprocessing/_discretization.py:322: UserWarning: Bins whose width are too small (i.e., <= 1e-8) in feature 0 are removed. Consider decreasing the number of bins.
  warnings.warn(
/home/mburu/.local/lib/python3.8/site-packages/sklearn/preprocessing/_discretization.py:322: UserWarning: Bins whose width are too small (i.e., <= 1e-8) in feature 0 are removed. Consider decreasing the number of bins.
  warnings.warn(
/home/mburu/.local/lib/python3.8/site-packages/sklearn/preprocessing/_discretization.py:322: UserWarning: Bins whose width are too small (i.e., <= 1e-8) in feature 0 are removed. Consider decreasing the number of bins.
  warnings.warn(
/home/mburu/.local/lib/python3.8/site-packages/sklearn/preprocessing/_discretization.py:322: UserWarning: Bins whose width are too small (i.e., <= 1e-8) in feature 0 are removed. Consider decreasing the number of bins.
  warnings.warn(
/home/mburu/.local/lib/python3.8/site-packages/sklearn/preprocessing/_discretization.py:322: UserWarning: Bins whose width are too small (i.e., <= 1e-8) in feature 0 are removed. Consider decreasing the number of bins.
  warnings.warn(
[I 2025-05-11 05:28:37,889] Trial 0 finished with value: 1.7936228 and parameters: {'n_blocks': 5, 'd_block': 128, 'd_hidden': 9, 'd_hidden_multiplier': 1.8408837387058046, 'dropout1': 0.49311174045800354, 'dropout2': 0.1169153272949013}. Best is trial 0 with value: 1.7936228.
/home/mburu/.local/lib/python3.8/site-packages/sklearn/preprocessing/_discretization.py:322: UserWarning: Bins whose width are too small (i.e., <= 1e-8) in feature 0 are removed. Consider decreasing the number of bins.
  warnings.warn(
/home/mburu/.local/lib/python3.8/site-packages/sklearn/preprocessing/_discretization.py:322: UserWarning: Bins whose width are too small (i.e., <= 1e-8) in feature 0 are removed. Consider decreasing the number of bins.
  warnings.warn(
/home/mburu/.local/lib/python3.8/site-packages/sklearn/preprocessing/_discretization.py:322: UserWarning: Bins whose width are too small (i.e., <= 1e-8) in feature 0 are removed. Consider decreasing the number of bins.
  warnings.warn(
/home/mburu/.local/lib/python3.8/site-packages/sklearn/preprocessing/_discretization.py:322: UserWarning: Bins whose width are too small (i.e., <= 1e-8) in feature 0 are removed. Consider decreasing the number of bins.
  warnings.warn(
/home/mburu/.local/lib/python3.8/site-packages/sklearn/preprocessing/_discretization.py:322: UserWarning: Bins whose width are too small (i.e., <= 1e-8) in feature 0 are removed. Consider decreasing the number of bins.
  warnings.warn(
[I 2025-05-11 05:28:38,226] Trial 1 finished with value: 1.7724937666666665 and parameters: {'n_blocks': 5, 'd_block': 256, 'd_hidden': 3, 'd_hidden_multiplier': 2.544110387653899, 'dropout1': 0.12905452512026205, 'dropout2': 0.02854369523746009}. Best is trial 1 with value: 1.7724937666666665.
/home/mburu/.local/lib/python3.8/site-packages/sklearn/preprocessing/_discretization.py:322: UserWarning: Bins whose width are too small (i.e., <= 1e-8) in feature 0 are removed. Consider decreasing the number of bins.
  warnings.warn(
/home/mburu/.local/lib/python3.8/site-packages/sklearn/preprocessing/_discretization.py:322: UserWarning: Bins whose width are too small (i.e., <= 1e-8) in feature 0 are removed. Consider decreasing the number of bins.
  warnings.warn(
/home/mburu/.local/lib/python3.8/site-packages/sklearn/preprocessing/_discretization.py:322: UserWarning: Bins whose width are too small (i.e., <= 1e-8) in feature 0 are removed. Consider decreasing the number of bins.
  warnings.warn(
/home/mburu/.local/lib/python3.8/site-packages/sklearn/preprocessing/_discretization.py:322: UserWarning: Bins whose width are too small (i.e., <= 1e-8) in feature 0 are removed. Consider decreasing the number of bins.
  warnings.warn(
/home/mburu/.local/lib/python3.8/site-packages/sklearn/preprocessing/_discretization.py:322: UserWarning: Bins whose width are too small (i.e., <= 1e-8) in feature 0 are removed. Consider decreasing the number of bins.
  warnings.warn(
[I 2025-05-11 05:28:38,556] Trial 2 finished with value: 1.7911588999999999 and parameters: {'n_blocks': 2, 'd_block': 256, 'd_hidden': 6, 'd_hidden_multiplier': 2.2657774872876457, 'dropout1': 0.1935658540828281, 'dropout2': 0.15046455233080236}. Best is trial 1 with value: 1.7724937666666665.
/home/mburu/.local/lib/python3.8/site-packages/sklearn/preprocessing/_discretization.py:322: UserWarning: Bins whose width are too small (i.e., <= 1e-8) in feature 0 are removed. Consider decreasing the number of bins.
  warnings.warn(
/home/mburu/.local/lib/python3.8/site-packages/sklearn/preprocessing/_discretization.py:322: UserWarning: Bins whose width are too small (i.e., <= 1e-8) in feature 0 are removed. Consider decreasing the number of bins.
  warnings.warn(
/home/mburu/.local/lib/python3.8/site-packages/sklearn/preprocessing/_discretization.py:322: UserWarning: Bins whose width are too small (i.e., <= 1e-8) in feature 0 are removed. Consider decreasing the number of bins.
  warnings.warn(
/home/mburu/.local/lib/python3.8/site-packages/sklearn/preprocessing/_discretization.py:322: UserWarning: Bins whose width are too small (i.e., <= 1e-8) in feature 0 are removed. Consider decreasing the number of bins.
  warnings.warn(
/home/mburu/.local/lib/python3.8/site-packages/sklearn/preprocessing/_discretization.py:322: UserWarning: Bins whose width are too small (i.e., <= 1e-8) in feature 0 are removed. Consider decreasing the number of bins.
  warnings.warn(
[I 2025-05-11 05:28:38,845] Trial 3 finished with value: 1.781074566666667 and parameters: {'n_blocks': 5, 'd_block': 128, 'd_hidden': 3, 'd_hidden_multiplier': 1.507784105948398, 'dropout1': 0.20152754469553835, 'dropout2': 0.04956846776494477}. Best is trial 1 with value: 1.7724937666666665.
/home/mburu/.local/lib/python3.8/site-packages/sklearn/preprocessing/_discretization.py:322: UserWarning: Bins whose width are too small (i.e., <= 1e-8) in feature 0 are removed. Consider decreasing the number of bins.
  warnings.warn(
/home/mburu/.local/lib/python3.8/site-packages/sklearn/preprocessing/_discretization.py:322: UserWarning: Bins whose width are too small (i.e., <= 1e-8) in feature 0 are removed. Consider decreasing the number of bins.
  warnings.warn(
/home/mburu/.local/lib/python3.8/site-packages/sklearn/preprocessing/_discretization.py:322: UserWarning: Bins whose width are too small (i.e., <= 1e-8) in feature 0 are removed. Consider decreasing the number of bins.
  warnings.warn(
/home/mburu/.local/lib/python3.8/site-packages/sklearn/preprocessing/_discretization.py:322: UserWarning: Bins whose width are too small (i.e., <= 1e-8) in feature 0 are removed. Consider decreasing the number of bins.
  warnings.warn(
/home/mburu/.local/lib/python3.8/site-packages/sklearn/preprocessing/_discretization.py:322: UserWarning: Bins whose width are too small (i.e., <= 1e-8) in feature 0 are removed. Consider decreasing the number of bins.
  warnings.warn(
[I 2025-05-11 05:28:39,069] Trial 4 finished with value: 1.8000806999999999 and parameters: {'n_blocks': 3, 'd_block': 64, 'd_hidden': 7, 'd_hidden_multiplier': 1.378449129946482, 'dropout1': 0.28538986851117415, 'dropout2': 0.1772892086283946}. Best is trial 1 with value: 1.7724937666666665.
/home/mburu/.local/lib/python3.8/site-packages/sklearn/preprocessing/_discretization.py:322: UserWarning: Bins whose width are too small (i.e., <= 1e-8) in feature 0 are removed. Consider decreasing the number of bins.
  warnings.warn(
[I 2025-05-11 05:28:39,135] A new study created in memory with name: ResMLP_Sensory_outer3
/home/mburu/.local/lib/python3.8/site-packages/sklearn/preprocessing/_discretization.py:322: UserWarning: Bins whose width are too small (i.e., <= 1e-8) in feature 0 are removed. Consider decreasing the number of bins.
  warnings.warn(
/home/mburu/.local/lib/python3.8/site-packages/sklearn/preprocessing/_discretization.py:322: UserWarning: Bins whose width are too small (i.e., <= 1e-8) in feature 0 are removed. Consider decreasing the number of bins.
  warnings.warn(
/home/mburu/.local/lib/python3.8/site-packages/sklearn/preprocessing/_discretization.py:322: UserWarning: Bins whose width are too small (i.e., <= 1e-8) in feature 0 are removed. Consider decreasing the number of bins.
  warnings.warn(
/home/mburu/.local/lib/python3.8/site-packages/sklearn/preprocessing/_discretization.py:322: UserWarning: Bins whose width are too small (i.e., <= 1e-8) in feature 0 are removed. Consider decreasing the number of bins.
  warnings.warn(
[I 2025-05-11 05:28:39,425] Trial 0 finished with value: 1.7834900333333334 and parameters: {'n_blocks': 6, 'd_block': 64, 'd_hidden': 8, 'd_hidden_multiplier': 3.9106097647029876, 'dropout1': 0.19434581060062597, 'dropout2': 0.1624197983960921}. Best is trial 0 with value: 1.7834900333333334.
/home/mburu/.local/lib/python3.8/site-packages/sklearn/preprocessing/_discretization.py:322: UserWarning: Bins whose width are too small (i.e., <= 1e-8) in feature 0 are removed. Consider decreasing the number of bins.
  warnings.warn(
/home/mburu/.local/lib/python3.8/site-packages/sklearn/preprocessing/_discretization.py:322: UserWarning: Bins whose width are too small (i.e., <= 1e-8) in feature 0 are removed. Consider decreasing the number of bins.
  warnings.warn(
/home/mburu/.local/lib/python3.8/site-packages/sklearn/preprocessing/_discretization.py:322: UserWarning: Bins whose width are too small (i.e., <= 1e-8) in feature 0 are removed. Consider decreasing the number of bins.
  warnings.warn(
/home/mburu/.local/lib/python3.8/site-packages/sklearn/preprocessing/_discretization.py:322: UserWarning: Bins whose width are too small (i.e., <= 1e-8) in feature 0 are removed. Consider decreasing the number of bins.
  warnings.warn(
[I 2025-05-11 05:28:39,716] Trial 1 finished with value: 1.7609164333333331 and parameters: {'n_blocks': 5, 'd_block': 128, 'd_hidden': 4, 'd_hidden_multiplier': 4.9322877006801695, 'dropout1': 0.32606947854998386, 'dropout2': 0.13674274905423855}. Best is trial 1 with value: 1.7609164333333331.
/home/mburu/.local/lib/python3.8/site-packages/sklearn/preprocessing/_discretization.py:322: UserWarning: Bins whose width are too small (i.e., <= 1e-8) in feature 0 are removed. Consider decreasing the number of bins.
  warnings.warn(
/home/mburu/.local/lib/python3.8/site-packages/sklearn/preprocessing/_discretization.py:322: UserWarning: Bins whose width are too small (i.e., <= 1e-8) in feature 0 are removed. Consider decreasing the number of bins.
  warnings.warn(
/home/mburu/.local/lib/python3.8/site-packages/sklearn/preprocessing/_discretization.py:322: UserWarning: Bins whose width are too small (i.e., <= 1e-8) in feature 0 are removed. Consider decreasing the number of bins.
  warnings.warn(
/home/mburu/.local/lib/python3.8/site-packages/sklearn/preprocessing/_discretization.py:322: UserWarning: Bins whose width are too small (i.e., <= 1e-8) in feature 0 are removed. Consider decreasing the number of bins.
  warnings.warn(
[I 2025-05-11 05:28:39,948] Trial 2 finished with value: 1.7717616999999997 and parameters: {'n_blocks': 3, 'd_block': 128, 'd_hidden': 3, 'd_hidden_multiplier': 1.1968251590310508, 'dropout1': 0.4432898618502074, 'dropout2': 0.23027321792099012}. Best is trial 1 with value: 1.7609164333333331.
/home/mburu/.local/lib/python3.8/site-packages/sklearn/preprocessing/_discretization.py:322: UserWarning: Bins whose width are too small (i.e., <= 1e-8) in feature 0 are removed. Consider decreasing the number of bins.
  warnings.warn(
/home/mburu/.local/lib/python3.8/site-packages/sklearn/preprocessing/_discretization.py:322: UserWarning: Bins whose width are too small (i.e., <= 1e-8) in feature 0 are removed. Consider decreasing the number of bins.
  warnings.warn(
/home/mburu/.local/lib/python3.8/site-packages/sklearn/preprocessing/_discretization.py:322: UserWarning: Bins whose width are too small (i.e., <= 1e-8) in feature 0 are removed. Consider decreasing the number of bins.
  warnings.warn(
/home/mburu/.local/lib/python3.8/site-packages/sklearn/preprocessing/_discretization.py:322: UserWarning: Bins whose width are too small (i.e., <= 1e-8) in feature 0 are removed. Consider decreasing the number of bins.
  warnings.warn(
[I 2025-05-11 05:28:40,162] Trial 3 finished with value: 1.7634063000000002 and parameters: {'n_blocks': 2, 'd_block': 64, 'd_hidden': 2, 'd_hidden_multiplier': 3.4774077608076603, 'dropout1': 0.04092695732384344, 'dropout2': 0.04405177093471528}. Best is trial 1 with value: 1.7609164333333331.
/home/mburu/.local/lib/python3.8/site-packages/sklearn/preprocessing/_discretization.py:322: UserWarning: Bins whose width are too small (i.e., <= 1e-8) in feature 0 are removed. Consider decreasing the number of bins.
  warnings.warn(
/home/mburu/.local/lib/python3.8/site-packages/sklearn/preprocessing/_discretization.py:322: UserWarning: Bins whose width are too small (i.e., <= 1e-8) in feature 0 are removed. Consider decreasing the number of bins.
  warnings.warn(
/home/mburu/.local/lib/python3.8/site-packages/sklearn/preprocessing/_discretization.py:322: UserWarning: Bins whose width are too small (i.e., <= 1e-8) in feature 0 are removed. Consider decreasing the number of bins.
  warnings.warn(
/home/mburu/.local/lib/python3.8/site-packages/sklearn/preprocessing/_discretization.py:322: UserWarning: Bins whose width are too small (i.e., <= 1e-8) in feature 0 are removed. Consider decreasing the number of bins.
  warnings.warn(
[I 2025-05-11 05:28:40,456] Trial 4 finished with value: 1.7450528666666663 and parameters: {'n_blocks': 6, 'd_block': 64, 'd_hidden': 3, 'd_hidden_multiplier': 3.445891089679452, 'dropout1': 0.1504004606430548, 'dropout2': 0.08953326241069787}. Best is trial 4 with value: 1.7450528666666663.
/home/mburu/.local/lib/python3.8/site-packages/sklearn/preprocessing/_discretization.py:322: UserWarning: Bins whose width are too small (i.e., <= 1e-8) in feature 0 are removed. Consider decreasing the number of bins.
  warnings.warn(
[I 2025-05-11 05:28:40,514] A new study created in memory with name: ResMLP_Sensory_outer4
/home/mburu/.local/lib/python3.8/site-packages/sklearn/preprocessing/_discretization.py:322: UserWarning: Bins whose width are too small (i.e., <= 1e-8) in feature 0 are removed. Consider decreasing the number of bins.
  warnings.warn(
/home/mburu/.local/lib/python3.8/site-packages/sklearn/preprocessing/_discretization.py:322: UserWarning: Bins whose width are too small (i.e., <= 1e-8) in feature 0 are removed. Consider decreasing the number of bins.
  warnings.warn(
/home/mburu/.local/lib/python3.8/site-packages/sklearn/preprocessing/_discretization.py:322: UserWarning: Bins whose width are too small (i.e., <= 1e-8) in feature 0 are removed. Consider decreasing the number of bins.
  warnings.warn(
/home/mburu/.local/lib/python3.8/site-packages/sklearn/preprocessing/_discretization.py:322: UserWarning: Bins whose width are too small (i.e., <= 1e-8) in feature 0 are removed. Consider decreasing the number of bins.
  warnings.warn(
/home/mburu/.local/lib/python3.8/site-packages/sklearn/preprocessing/_discretization.py:322: UserWarning: Bins whose width are too small (i.e., <= 1e-8) in feature 0 are removed. Consider decreasing the number of bins.
  warnings.warn(
[I 2025-05-11 05:28:40,724] Trial 0 finished with value: 1.7767939333333331 and parameters: {'n_blocks': 2, 'd_block': 64, 'd_hidden': 3, 'd_hidden_multiplier': 1.4881719114618954, 'dropout1': 0.19145911277984407, 'dropout2': 0.26915109143142396}. Best is trial 0 with value: 1.7767939333333331.
/home/mburu/.local/lib/python3.8/site-packages/sklearn/preprocessing/_discretization.py:322: UserWarning: Bins whose width are too small (i.e., <= 1e-8) in feature 0 are removed. Consider decreasing the number of bins.
  warnings.warn(
/home/mburu/.local/lib/python3.8/site-packages/sklearn/preprocessing/_discretization.py:322: UserWarning: Bins whose width are too small (i.e., <= 1e-8) in feature 0 are removed. Consider decreasing the number of bins.
  warnings.warn(
/home/mburu/.local/lib/python3.8/site-packages/sklearn/preprocessing/_discretization.py:322: UserWarning: Bins whose width are too small (i.e., <= 1e-8) in feature 0 are removed. Consider decreasing the number of bins.
  warnings.warn(
/home/mburu/.local/lib/python3.8/site-packages/sklearn/preprocessing/_discretization.py:322: UserWarning: Bins whose width are too small (i.e., <= 1e-8) in feature 0 are removed. Consider decreasing the number of bins.
  warnings.warn(
/home/mburu/.local/lib/python3.8/site-packages/sklearn/preprocessing/_discretization.py:322: UserWarning: Bins whose width are too small (i.e., <= 1e-8) in feature 0 are removed. Consider decreasing the number of bins.
  warnings.warn(
[I 2025-05-11 05:28:41,056] Trial 1 finished with value: 1.7797283000000004 and parameters: {'n_blocks': 6, 'd_block': 128, 'd_hidden': 7, 'd_hidden_multiplier': 1.3611951215661582, 'dropout1': 0.4819709186443394, 'dropout2': 0.2946072405321038}. Best is trial 0 with value: 1.7767939333333331.
/home/mburu/.local/lib/python3.8/site-packages/sklearn/preprocessing/_discretization.py:322: UserWarning: Bins whose width are too small (i.e., <= 1e-8) in feature 0 are removed. Consider decreasing the number of bins.
  warnings.warn(
/home/mburu/.local/lib/python3.8/site-packages/sklearn/preprocessing/_discretization.py:322: UserWarning: Bins whose width are too small (i.e., <= 1e-8) in feature 0 are removed. Consider decreasing the number of bins.
  warnings.warn(
/home/mburu/.local/lib/python3.8/site-packages/sklearn/preprocessing/_discretization.py:322: UserWarning: Bins whose width are too small (i.e., <= 1e-8) in feature 0 are removed. Consider decreasing the number of bins.
  warnings.warn(
/home/mburu/.local/lib/python3.8/site-packages/sklearn/preprocessing/_discretization.py:322: UserWarning: Bins whose width are too small (i.e., <= 1e-8) in feature 0 are removed. Consider decreasing the number of bins.
  warnings.warn(
/home/mburu/.local/lib/python3.8/site-packages/sklearn/preprocessing/_discretization.py:322: UserWarning: Bins whose width are too small (i.e., <= 1e-8) in feature 0 are removed. Consider decreasing the number of bins.
  warnings.warn(
[I 2025-05-11 05:28:41,355] Trial 2 finished with value: 1.7550887666666668 and parameters: {'n_blocks': 3, 'd_block': 256, 'd_hidden': 5, 'd_hidden_multiplier': 4.701545636523103, 'dropout1': 0.4890307674595732, 'dropout2': 0.0975906997662234}. Best is trial 2 with value: 1.7550887666666668.
/home/mburu/.local/lib/python3.8/site-packages/sklearn/preprocessing/_discretization.py:322: UserWarning: Bins whose width are too small (i.e., <= 1e-8) in feature 0 are removed. Consider decreasing the number of bins.
  warnings.warn(
/home/mburu/.local/lib/python3.8/site-packages/sklearn/preprocessing/_discretization.py:322: UserWarning: Bins whose width are too small (i.e., <= 1e-8) in feature 0 are removed. Consider decreasing the number of bins.
  warnings.warn(
/home/mburu/.local/lib/python3.8/site-packages/sklearn/preprocessing/_discretization.py:322: UserWarning: Bins whose width are too small (i.e., <= 1e-8) in feature 0 are removed. Consider decreasing the number of bins.
  warnings.warn(
/home/mburu/.local/lib/python3.8/site-packages/sklearn/preprocessing/_discretization.py:322: UserWarning: Bins whose width are too small (i.e., <= 1e-8) in feature 0 are removed. Consider decreasing the number of bins.
  warnings.warn(
/home/mburu/.local/lib/python3.8/site-packages/sklearn/preprocessing/_discretization.py:322: UserWarning: Bins whose width are too small (i.e., <= 1e-8) in feature 0 are removed. Consider decreasing the number of bins.
  warnings.warn(
[I 2025-05-11 05:28:41,644] Trial 3 finished with value: 1.7578947666666669 and parameters: {'n_blocks': 5, 'd_block': 256, 'd_hidden': 3, 'd_hidden_multiplier': 1.1695689545178718, 'dropout1': 0.4057102685743561, 'dropout2': 0.08396176769132922}. Best is trial 2 with value: 1.7550887666666668.
/home/mburu/.local/lib/python3.8/site-packages/sklearn/preprocessing/_discretization.py:322: UserWarning: Bins whose width are too small (i.e., <= 1e-8) in feature 0 are removed. Consider decreasing the number of bins.
  warnings.warn(
/home/mburu/.local/lib/python3.8/site-packages/sklearn/preprocessing/_discretization.py:322: UserWarning: Bins whose width are too small (i.e., <= 1e-8) in feature 0 are removed. Consider decreasing the number of bins.
  warnings.warn(
/home/mburu/.local/lib/python3.8/site-packages/sklearn/preprocessing/_discretization.py:322: UserWarning: Bins whose width are too small (i.e., <= 1e-8) in feature 0 are removed. Consider decreasing the number of bins.
  warnings.warn(
/home/mburu/.local/lib/python3.8/site-packages/sklearn/preprocessing/_discretization.py:322: UserWarning: Bins whose width are too small (i.e., <= 1e-8) in feature 0 are removed. Consider decreasing the number of bins.
  warnings.warn(
/home/mburu/.local/lib/python3.8/site-packages/sklearn/preprocessing/_discretization.py:322: UserWarning: Bins whose width are too small (i.e., <= 1e-8) in feature 0 are removed. Consider decreasing the number of bins.
  warnings.warn(
[I 2025-05-11 05:28:41,887] Trial 4 finished with value: 1.796357 and parameters: {'n_blocks': 4, 'd_block': 128, 'd_hidden': 7, 'd_hidden_multiplier': 1.5841181040973433, 'dropout1': 0.4202737239615319, 'dropout2': 0.22201903238566542}. Best is trial 2 with value: 1.7550887666666668.
/home/mburu/.local/lib/python3.8/site-packages/sklearn/preprocessing/_discretization.py:322: UserWarning: Bins whose width are too small (i.e., <= 1e-8) in feature 0 are removed. Consider decreasing the number of bins.
  warnings.warn(
[I 2025-05-11 05:28:41,948] A new study created in memory with name: ResMLP_Sensory_outer5
/home/mburu/.local/lib/python3.8/site-packages/sklearn/preprocessing/_discretization.py:322: UserWarning: Bins whose width are too small (i.e., <= 1e-8) in feature 0 are removed. Consider decreasing the number of bins.
  warnings.warn(
/home/mburu/.local/lib/python3.8/site-packages/sklearn/preprocessing/_discretization.py:322: UserWarning: Bins whose width are too small (i.e., <= 1e-8) in feature 0 are removed. Consider decreasing the number of bins.
  warnings.warn(
/home/mburu/.local/lib/python3.8/site-packages/sklearn/preprocessing/_discretization.py:322: UserWarning: Bins whose width are too small (i.e., <= 1e-8) in feature 0 are removed. Consider decreasing the number of bins.
  warnings.warn(
/home/mburu/.local/lib/python3.8/site-packages/sklearn/preprocessing/_discretization.py:322: UserWarning: Bins whose width are too small (i.e., <= 1e-8) in feature 0 are removed. Consider decreasing the number of bins.
  warnings.warn(
/home/mburu/.local/lib/python3.8/site-packages/sklearn/preprocessing/_discretization.py:322: UserWarning: Bins whose width are too small (i.e., <= 1e-8) in feature 0 are removed. Consider decreasing the number of bins.
  warnings.warn(
[I 2025-05-11 05:28:42,189] Trial 0 finished with value: 1.7995320999999997 and parameters: {'n_blocks': 3, 'd_block': 128, 'd_hidden': 2, 'd_hidden_multiplier': 1.0090633005265637, 'dropout1': 0.24824306303089075, 'dropout2': 0.2603251025468892}. Best is trial 0 with value: 1.7995320999999997.
/home/mburu/.local/lib/python3.8/site-packages/sklearn/preprocessing/_discretization.py:322: UserWarning: Bins whose width are too small (i.e., <= 1e-8) in feature 0 are removed. Consider decreasing the number of bins.
  warnings.warn(
/home/mburu/.local/lib/python3.8/site-packages/sklearn/preprocessing/_discretization.py:322: UserWarning: Bins whose width are too small (i.e., <= 1e-8) in feature 0 are removed. Consider decreasing the number of bins.
  warnings.warn(
/home/mburu/.local/lib/python3.8/site-packages/sklearn/preprocessing/_discretization.py:322: UserWarning: Bins whose width are too small (i.e., <= 1e-8) in feature 0 are removed. Consider decreasing the number of bins.
  warnings.warn(
/home/mburu/.local/lib/python3.8/site-packages/sklearn/preprocessing/_discretization.py:322: UserWarning: Bins whose width are too small (i.e., <= 1e-8) in feature 0 are removed. Consider decreasing the number of bins.
  warnings.warn(
/home/mburu/.local/lib/python3.8/site-packages/sklearn/preprocessing/_discretization.py:322: UserWarning: Bins whose width are too small (i.e., <= 1e-8) in feature 0 are removed. Consider decreasing the number of bins.
  warnings.warn(
[I 2025-05-11 05:28:42,416] Trial 1 finished with value: 1.8044035333333333 and parameters: {'n_blocks': 2, 'd_block': 64, 'd_hidden': 9, 'd_hidden_multiplier': 1.0545232167651906, 'dropout1': 0.20590120994604122, 'dropout2': 0.2516942310801756}. Best is trial 0 with value: 1.7995320999999997.
/home/mburu/.local/lib/python3.8/site-packages/sklearn/preprocessing/_discretization.py:322: UserWarning: Bins whose width are too small (i.e., <= 1e-8) in feature 0 are removed. Consider decreasing the number of bins.
  warnings.warn(
/home/mburu/.local/lib/python3.8/site-packages/sklearn/preprocessing/_discretization.py:322: UserWarning: Bins whose width are too small (i.e., <= 1e-8) in feature 0 are removed. Consider decreasing the number of bins.
  warnings.warn(
/home/mburu/.local/lib/python3.8/site-packages/sklearn/preprocessing/_discretization.py:322: UserWarning: Bins whose width are too small (i.e., <= 1e-8) in feature 0 are removed. Consider decreasing the number of bins.
  warnings.warn(
/home/mburu/.local/lib/python3.8/site-packages/sklearn/preprocessing/_discretization.py:322: UserWarning: Bins whose width are too small (i.e., <= 1e-8) in feature 0 are removed. Consider decreasing the number of bins.
  warnings.warn(
/home/mburu/.local/lib/python3.8/site-packages/sklearn/preprocessing/_discretization.py:322: UserWarning: Bins whose width are too small (i.e., <= 1e-8) in feature 0 are removed. Consider decreasing the number of bins.
  warnings.warn(
[I 2025-05-11 05:28:42,637] Trial 2 finished with value: 1.7758660333333331 and parameters: {'n_blocks': 2, 'd_block': 64, 'd_hidden': 9, 'd_hidden_multiplier': 2.3343693416925104, 'dropout1': 0.18974145116834257, 'dropout2': 0.08765851075024549}. Best is trial 2 with value: 1.7758660333333331.
/home/mburu/.local/lib/python3.8/site-packages/sklearn/preprocessing/_discretization.py:322: UserWarning: Bins whose width are too small (i.e., <= 1e-8) in feature 0 are removed. Consider decreasing the number of bins.
  warnings.warn(
/home/mburu/.local/lib/python3.8/site-packages/sklearn/preprocessing/_discretization.py:322: UserWarning: Bins whose width are too small (i.e., <= 1e-8) in feature 0 are removed. Consider decreasing the number of bins.
  warnings.warn(
/home/mburu/.local/lib/python3.8/site-packages/sklearn/preprocessing/_discretization.py:322: UserWarning: Bins whose width are too small (i.e., <= 1e-8) in feature 0 are removed. Consider decreasing the number of bins.
  warnings.warn(
/home/mburu/.local/lib/python3.8/site-packages/sklearn/preprocessing/_discretization.py:322: UserWarning: Bins whose width are too small (i.e., <= 1e-8) in feature 0 are removed. Consider decreasing the number of bins.
  warnings.warn(
/home/mburu/.local/lib/python3.8/site-packages/sklearn/preprocessing/_discretization.py:322: UserWarning: Bins whose width are too small (i.e., <= 1e-8) in feature 0 are removed. Consider decreasing the number of bins.
  warnings.warn(
[I 2025-05-11 05:28:42,921] Trial 3 finished with value: 1.7788311 and parameters: {'n_blocks': 3, 'd_block': 128, 'd_hidden': 5, 'd_hidden_multiplier': 1.0424685943849703, 'dropout1': 0.3074056336717508, 'dropout2': 0.1755613784136707}. Best is trial 2 with value: 1.7758660333333331.
/home/mburu/.local/lib/python3.8/site-packages/sklearn/preprocessing/_discretization.py:322: UserWarning: Bins whose width are too small (i.e., <= 1e-8) in feature 0 are removed. Consider decreasing the number of bins.
  warnings.warn(
/home/mburu/.local/lib/python3.8/site-packages/sklearn/preprocessing/_discretization.py:322: UserWarning: Bins whose width are too small (i.e., <= 1e-8) in feature 0 are removed. Consider decreasing the number of bins.
  warnings.warn(
/home/mburu/.local/lib/python3.8/site-packages/sklearn/preprocessing/_discretization.py:322: UserWarning: Bins whose width are too small (i.e., <= 1e-8) in feature 0 are removed. Consider decreasing the number of bins.
  warnings.warn(
/home/mburu/.local/lib/python3.8/site-packages/sklearn/preprocessing/_discretization.py:322: UserWarning: Bins whose width are too small (i.e., <= 1e-8) in feature 0 are removed. Consider decreasing the number of bins.
  warnings.warn(
/home/mburu/.local/lib/python3.8/site-packages/sklearn/preprocessing/_discretization.py:322: UserWarning: Bins whose width are too small (i.e., <= 1e-8) in feature 0 are removed. Consider decreasing the number of bins.
  warnings.warn(
[I 2025-05-11 05:28:43,149] Trial 4 finished with value: 1.7785908666666668 and parameters: {'n_blocks': 3, 'd_block': 64, 'd_hidden': 4, 'd_hidden_multiplier': 1.3475464125595609, 'dropout1': 0.09904169386797934, 'dropout2': 0.11355935338301434}. Best is trial 2 with value: 1.7758660333333331.
/home/mburu/.local/lib/python3.8/site-packages/sklearn/preprocessing/_discretization.py:322: UserWarning: Bins whose width are too small (i.e., <= 1e-8) in feature 0 are removed. Consider decreasing the number of bins.
  warnings.warn(
[I 2025-05-11 05:28:47,203] A new study created in memory with name: ResMLP_Moneyball_outer1
[I 2025-05-11 05:28:48,469] Trial 0 finished with value: 2.298759433333333 and parameters: {'n_blocks': 3, 'd_block': 128, 'd_hidden': 3, 'd_hidden_multiplier': 1.9748554538913645, 'dropout1': 0.404759711414499, 'dropout2': 0.14988568639876715}. Best is trial 0 with value: 2.298759433333333.
[I 2025-05-11 05:28:48,895] Trial 1 finished with value: 2.374828566666667 and parameters: {'n_blocks': 2, 'd_block': 64, 'd_hidden': 4, 'd_hidden_multiplier': 3.3112450423744835, 'dropout1': 0.16434019239245795, 'dropout2': 0.05844295709247064}. Best is trial 0 with value: 2.298759433333333.
[I 2025-05-11 05:28:49,363] Trial 2 finished with value: 2.2740837 and parameters: {'n_blocks': 3, 'd_block': 128, 'd_hidden': 3, 'd_hidden_multiplier': 4.310954429362409, 'dropout1': 0.1267759439213601, 'dropout2': 0.13346063392011892}. Best is trial 2 with value: 2.2740837.
[I 2025-05-11 05:28:49,788] Trial 3 finished with value: 2.3493391666666663 and parameters: {'n_blocks': 2, 'd_block': 64, 'd_hidden': 6, 'd_hidden_multiplier': 1.4253511308659732, 'dropout1': 0.49026956504184915, 'dropout2': 0.25756595599139054}. Best is trial 2 with value: 2.2740837.
[I 2025-05-11 05:28:50,231] Trial 4 finished with value: 2.356040966666667 and parameters: {'n_blocks': 3, 'd_block': 64, 'd_hidden': 10, 'd_hidden_multiplier': 1.9773636782856616, 'dropout1': 0.24511951543765792, 'dropout2': 0.22357658450898515}. Best is trial 2 with value: 2.2740837.
[I 2025-05-11 05:28:50,337] A new study created in memory with name: ResMLP_Moneyball_outer2
[I 2025-05-11 05:28:50,908] Trial 0 finished with value: 2.2195791666666667 and parameters: {'n_blocks': 6, 'd_block': 256, 'd_hidden': 5, 'd_hidden_multiplier': 1.2871371383768087, 'dropout1': 0.46399470890004196, 'dropout2': 0.29028309889146015}. Best is trial 0 with value: 2.2195791666666667.
[I 2025-05-11 05:28:51,399] Trial 1 finished with value: 2.2935247000000003 and parameters: {'n_blocks': 5, 'd_block': 64, 'd_hidden': 8, 'd_hidden_multiplier': 2.8819040715597493, 'dropout1': 0.27595913974343167, 'dropout2': 0.2667273151628911}. Best is trial 0 with value: 2.2195791666666667.
[I 2025-05-11 05:28:51,869] Trial 2 finished with value: 2.2775029 and parameters: {'n_blocks': 4, 'd_block': 64, 'd_hidden': 4, 'd_hidden_multiplier': 4.025589563825658, 'dropout1': 0.07492012490298773, 'dropout2': 0.07888328743098949}. Best is trial 0 with value: 2.2195791666666667.
[I 2025-05-11 05:28:52,375] Trial 3 finished with value: 2.2480096333333335 and parameters: {'n_blocks': 5, 'd_block': 128, 'd_hidden': 5, 'd_hidden_multiplier': 2.1895560033228025, 'dropout1': 0.21768439051412347, 'dropout2': 0.29033970145978444}. Best is trial 0 with value: 2.2195791666666667.
[I 2025-05-11 05:28:52,846] Trial 4 finished with value: 2.303825966666667 and parameters: {'n_blocks': 4, 'd_block': 64, 'd_hidden': 7, 'd_hidden_multiplier': 3.453990478091898, 'dropout1': 0.46268037332697237, 'dropout2': 0.06288592270339805}. Best is trial 0 with value: 2.2195791666666667.
[I 2025-05-11 05:28:52,972] A new study created in memory with name: ResMLP_Moneyball_outer3
[I 2025-05-11 05:28:53,417] Trial 0 finished with value: 2.3157654666666665 and parameters: {'n_blocks': 2, 'd_block': 128, 'd_hidden': 8, 'd_hidden_multiplier': 1.1517289681993645, 'dropout1': 0.47908517385089144, 'dropout2': 0.11775518292360751}. Best is trial 0 with value: 2.3157654666666665.
[I 2025-05-11 05:28:54,078] Trial 1 finished with value: 2.1444363999999996 and parameters: {'n_blocks': 6, 'd_block': 256, 'd_hidden': 10, 'd_hidden_multiplier': 3.6167029666149793, 'dropout1': 0.4854689388711561, 'dropout2': 0.19200004995739972}. Best is trial 1 with value: 2.1444363999999996.
[I 2025-05-11 05:28:54,586] Trial 2 finished with value: 2.3089626666666665 and parameters: {'n_blocks': 5, 'd_block': 64, 'd_hidden': 6, 'd_hidden_multiplier': 1.0850247475111399, 'dropout1': 0.018453161815896034, 'dropout2': 0.06225891501242639}. Best is trial 1 with value: 2.1444363999999996.
[I 2025-05-11 05:28:55,218] Trial 3 finished with value: 2.1378359666666666 and parameters: {'n_blocks': 6, 'd_block': 256, 'd_hidden': 4, 'd_hidden_multiplier': 2.9760417089906226, 'dropout1': 0.46780366553519387, 'dropout2': 0.22151142174907756}. Best is trial 3 with value: 2.1378359666666666.
[I 2025-05-11 05:28:55,746] Trial 4 finished with value: 2.205075233333333 and parameters: {'n_blocks': 3, 'd_block': 256, 'd_hidden': 2, 'd_hidden_multiplier': 3.4736499674904797, 'dropout1': 0.26676253380218967, 'dropout2': 0.254505623731177}. Best is trial 3 with value: 2.1378359666666666.
[I 2025-05-11 05:28:55,886] A new study created in memory with name: ResMLP_Moneyball_outer4
[I 2025-05-11 05:28:56,340] Trial 0 finished with value: 2.2814655333333334 and parameters: {'n_blocks': 3, 'd_block': 64, 'd_hidden': 4, 'd_hidden_multiplier': 3.4764043537944893, 'dropout1': 0.43772422836575026, 'dropout2': 0.26428735790994584}. Best is trial 0 with value: 2.2814655333333334.
[I 2025-05-11 05:28:56,760] Trial 1 finished with value: 2.2712454 and parameters: {'n_blocks': 2, 'd_block': 64, 'd_hidden': 5, 'd_hidden_multiplier': 1.0080411308528872, 'dropout1': 0.16924515908371915, 'dropout2': 0.1302503752699233}. Best is trial 1 with value: 2.2712454.
[I 2025-05-11 05:28:57,198] Trial 2 finished with value: 2.2715357666666667 and parameters: {'n_blocks': 2, 'd_block': 128, 'd_hidden': 7, 'd_hidden_multiplier': 3.6020445846066624, 'dropout1': 0.26653665976909063, 'dropout2': 0.03900058802778632}. Best is trial 1 with value: 2.2712454.
[I 2025-05-11 05:28:57,697] Trial 3 finished with value: 2.240511466666667 and parameters: {'n_blocks': 5, 'd_block': 64, 'd_hidden': 8, 'd_hidden_multiplier': 3.3149463561592443, 'dropout1': 0.08869565597389335, 'dropout2': 0.03687424485922928}. Best is trial 3 with value: 2.240511466666667.
[I 2025-05-11 05:28:58,160] Trial 4 finished with value: 2.1921927666666665 and parameters: {'n_blocks': 2, 'd_block': 256, 'd_hidden': 2, 'd_hidden_multiplier': 3.94786499749176, 'dropout1': 0.43367800653260846, 'dropout2': 0.005949559798131054}. Best is trial 4 with value: 2.1921927666666665.
[I 2025-05-11 05:28:58,266] A new study created in memory with name: ResMLP_Moneyball_outer5
[I 2025-05-11 05:28:58,640] Trial 0 finished with value: 2.1854658000000002 and parameters: {'n_blocks': 2, 'd_block': 64, 'd_hidden': 2, 'd_hidden_multiplier': 3.1236478864147204, 'dropout1': 0.20590666892073775, 'dropout2': 0.27813268353175796}. Best is trial 0 with value: 2.1854658000000002.
[I 2025-05-11 05:28:59,037] Trial 1 finished with value: 2.1383524 and parameters: {'n_blocks': 3, 'd_block': 128, 'd_hidden': 10, 'd_hidden_multiplier': 1.7494783960656088, 'dropout1': 0.16185596188327614, 'dropout2': 0.006364513094520222}. Best is trial 1 with value: 2.1383524.
[I 2025-05-11 05:28:59,500] Trial 2 finished with value: 2.1774732666666665 and parameters: {'n_blocks': 6, 'd_block': 64, 'd_hidden': 2, 'd_hidden_multiplier': 1.1090439149213098, 'dropout1': 0.1986091289342363, 'dropout2': 0.006476957188684964}. Best is trial 1 with value: 2.1383524.
[I 2025-05-11 05:28:59,893] Trial 3 finished with value: 2.104693566666666 and parameters: {'n_blocks': 2, 'd_block': 256, 'd_hidden': 7, 'd_hidden_multiplier': 2.290032735440481, 'dropout1': 0.4078828219530447, 'dropout2': 0.16833482708406416}. Best is trial 3 with value: 2.104693566666666.
[I 2025-05-11 05:29:00,367] Trial 4 finished with value: 2.153362566666667 and parameters: {'n_blocks': 3, 'd_block': 128, 'd_hidden': 2, 'd_hidden_multiplier': 1.8797807638099018, 'dropout1': 0.30090800880627655, 'dropout2': 0.2696935273509055}. Best is trial 3 with value: 2.104693566666666.
