Traceback (most recent call last):
  File "train.py", line 405, in <module>
    main_once(arguments)
  File "train.py", line 379, in main_once
    model_name = str2model(args.model_name)
  File "/home/mburu/Master_Thesis/master-thesis-da/DNN_Trial/models/__init__.py", line 97, in str2model
    from models.tabpfn import TabPFN
  File "/home/mburu/Master_Thesis/master-thesis-da/DNN_Trial/models/tabpfn.py", line 2, in <module>
    from tabpfn import TabPFNClassifier
ModuleNotFoundError: No module named 'tabpfn'
srun: error: stud-000: task 0: Exited with exit code 1
Traceback (most recent call last):
  File "train.py", line 405, in <module>
    main_once(arguments)
  File "train.py", line 379, in main_once
    model_name = str2model(args.model_name)
  File "/home/mburu/Master_Thesis/master-thesis-da/DNN_Trial/models/__init__.py", line 97, in str2model
    from models.tabpfn import TabPFN
  File "/home/mburu/Master_Thesis/master-thesis-da/DNN_Trial/models/tabpfn.py", line 2, in <module>
    from tabpfn import TabPFNClassifier
ModuleNotFoundError: No module named 'tabpfn'
srun: error: stud-000: task 0: Exited with exit code 1
Traceback (most recent call last):
  File "train.py", line 405, in <module>
    main_once(arguments)
  File "train.py", line 379, in main_once
    model_name = str2model(args.model_name)
  File "/home/mburu/Master_Thesis/master-thesis-da/DNN_Trial/models/__init__.py", line 97, in str2model
    from models.tabpfn import TabPFN
  File "/home/mburu/Master_Thesis/master-thesis-da/DNN_Trial/models/tabpfn.py", line 2, in <module>
    from tabpfn import TabPFNClassifier
ModuleNotFoundError: No module named 'tabpfn'
srun: error: stud-000: task 0: Exited with exit code 1
Traceback (most recent call last):
  File "train.py", line 405, in <module>
    main_once(arguments)
  File "train.py", line 379, in main_once
    model_name = str2model(args.model_name)
  File "/home/mburu/Master_Thesis/master-thesis-da/DNN_Trial/models/__init__.py", line 97, in str2model
    from models.tabpfn import TabPFN
  File "/home/mburu/Master_Thesis/master-thesis-da/DNN_Trial/models/tabpfn.py", line 2, in <module>
    from tabpfn import TabPFNClassifier
ModuleNotFoundError: No module named 'tabpfn'
srun: error: stud-000: task 0: Exited with exit code 1
Traceback (most recent call last):
  File "train.py", line 405, in <module>
    main_once(arguments)
  File "train.py", line 379, in main_once
    model_name = str2model(args.model_name)
  File "/home/mburu/Master_Thesis/master-thesis-da/DNN_Trial/models/__init__.py", line 97, in str2model
    from models.tabpfn import TabPFN
  File "/home/mburu/Master_Thesis/master-thesis-da/DNN_Trial/models/tabpfn.py", line 2, in <module>
    from tabpfn import TabPFNClassifier
ModuleNotFoundError: No module named 'tabpfn'
srun: error: stud-000: task 0: Exited with exit code 1
Traceback (most recent call last):
  File "train.py", line 405, in <module>
    main_once(arguments)
  File "train.py", line 379, in main_once
    model_name = str2model(args.model_name)
  File "/home/mburu/Master_Thesis/master-thesis-da/DNN_Trial/models/__init__.py", line 97, in str2model
    from models.tabpfn import TabPFN
  File "/home/mburu/Master_Thesis/master-thesis-da/DNN_Trial/models/tabpfn.py", line 2, in <module>
    from tabpfn import TabPFNClassifier
ModuleNotFoundError: No module named 'tabpfn'
srun: error: stud-000: task 0: Exited with exit code 1
Traceback (most recent call last):
  File "train.py", line 405, in <module>
    main_once(arguments)
  File "train.py", line 379, in main_once
    model_name = str2model(args.model_name)
  File "/home/mburu/Master_Thesis/master-thesis-da/DNN_Trial/models/__init__.py", line 97, in str2model
    from models.tabpfn import TabPFN
  File "/home/mburu/Master_Thesis/master-thesis-da/DNN_Trial/models/tabpfn.py", line 2, in <module>
    from tabpfn import TabPFNClassifier
ModuleNotFoundError: No module named 'tabpfn'
srun: error: stud-000: task 0: Exited with exit code 1
Traceback (most recent call last):
  File "train.py", line 405, in <module>
    main_once(arguments)
  File "train.py", line 379, in main_once
    model_name = str2model(args.model_name)
  File "/home/mburu/Master_Thesis/master-thesis-da/DNN_Trial/models/__init__.py", line 97, in str2model
    from models.tabpfn import TabPFN
  File "/home/mburu/Master_Thesis/master-thesis-da/DNN_Trial/models/tabpfn.py", line 2, in <module>
    from tabpfn import TabPFNClassifier
ModuleNotFoundError: No module named 'tabpfn'
srun: error: stud-000: task 0: Exited with exit code 1
Traceback (most recent call last):
  File "train.py", line 405, in <module>
    main_once(arguments)
  File "train.py", line 379, in main_once
    model_name = str2model(args.model_name)
  File "/home/mburu/Master_Thesis/master-thesis-da/DNN_Trial/models/__init__.py", line 97, in str2model
    from models.tabpfn import TabPFN
  File "/home/mburu/Master_Thesis/master-thesis-da/DNN_Trial/models/tabpfn.py", line 2, in <module>
    from tabpfn import TabPFNClassifier
ModuleNotFoundError: No module named 'tabpfn'
srun: error: stud-000: task 0: Exited with exit code 1
Traceback (most recent call last):
  File "train.py", line 405, in <module>
    main_once(arguments)
  File "train.py", line 379, in main_once
    model_name = str2model(args.model_name)
  File "/home/mburu/Master_Thesis/master-thesis-da/DNN_Trial/models/__init__.py", line 97, in str2model
    from models.tabpfn import TabPFN
  File "/home/mburu/Master_Thesis/master-thesis-da/DNN_Trial/models/tabpfn.py", line 2, in <module>
    from tabpfn import TabPFNClassifier
ModuleNotFoundError: No module named 'tabpfn'
srun: error: stud-000: task 0: Exited with exit code 1
Traceback (most recent call last):
  File "train.py", line 405, in <module>
    main_once(arguments)
  File "train.py", line 379, in main_once
    model_name = str2model(args.model_name)
  File "/home/mburu/Master_Thesis/master-thesis-da/DNN_Trial/models/__init__.py", line 97, in str2model
    from models.tabpfn import TabPFN
  File "/home/mburu/Master_Thesis/master-thesis-da/DNN_Trial/models/tabpfn.py", line 2, in <module>
    from tabpfn import TabPFNClassifier
ModuleNotFoundError: No module named 'tabpfn'
srun: error: stud-000: task 0: Exited with exit code 1
Traceback (most recent call last):
  File "train.py", line 405, in <module>
    main_once(arguments)
  File "train.py", line 379, in main_once
    model_name = str2model(args.model_name)
  File "/home/mburu/Master_Thesis/master-thesis-da/DNN_Trial/models/__init__.py", line 97, in str2model
    from models.tabpfn import TabPFN
  File "/home/mburu/Master_Thesis/master-thesis-da/DNN_Trial/models/tabpfn.py", line 2, in <module>
    from tabpfn import TabPFNClassifier
ModuleNotFoundError: No module named 'tabpfn'
srun: error: stud-000: task 0: Exited with exit code 1
Traceback (most recent call last):
  File "train.py", line 405, in <module>
    main_once(arguments)
  File "train.py", line 379, in main_once
    model_name = str2model(args.model_name)
  File "/home/mburu/Master_Thesis/master-thesis-da/DNN_Trial/models/__init__.py", line 97, in str2model
    from models.tabpfn import TabPFN
  File "/home/mburu/Master_Thesis/master-thesis-da/DNN_Trial/models/tabpfn.py", line 2, in <module>
    from tabpfn import TabPFNClassifier
ModuleNotFoundError: No module named 'tabpfn'
srun: error: stud-000: task 0: Exited with exit code 1
Traceback (most recent call last):
  File "train.py", line 405, in <module>
    main_once(arguments)
  File "train.py", line 379, in main_once
    model_name = str2model(args.model_name)
  File "/home/mburu/Master_Thesis/master-thesis-da/DNN_Trial/models/__init__.py", line 97, in str2model
    from models.tabpfn import TabPFN
  File "/home/mburu/Master_Thesis/master-thesis-da/DNN_Trial/models/tabpfn.py", line 2, in <module>
    from tabpfn import TabPFNClassifier
ModuleNotFoundError: No module named 'tabpfn'
srun: error: stud-000: task 0: Exited with exit code 1
