

----------------------------------------------------------------------------
Training VIME Vesion 1 with Dataset: config/abalone.yml 



----------------------------------------------------------------------------


----------------------------------------------------------------------------
Training VIME Vesion 1 with Dataset: config/allstate.yml 



----------------------------------------------------------------------------


----------------------------------------------------------------------------
Training VIME Vesion 1 with Dataset: config/black_friday.yml 



----------------------------------------------------------------------------


----------------------------------------------------------------------------
Training VIME Vesion 1 with Dataset: config/boston.yml 



----------------------------------------------------------------------------


----------------------------------------------------------------------------
Training VIME Vesion 1 with Dataset: config/brazillian_houses.yml 



----------------------------------------------------------------------------


----------------------------------------------------------------------------
Training VIME Vesion 1 with Dataset: config/diamonds.yml 



----------------------------------------------------------------------------


----------------------------------------------------------------------------
Training VIME Vesion 1 with Dataset: config/house_prices_nominal.yml 



----------------------------------------------------------------------------


----------------------------------------------------------------------------
Training VIME Vesion 1 with Dataset: config/house_sales.yml 



----------------------------------------------------------------------------


----------------------------------------------------------------------------
Training VIME Vesion 1 with Dataset: config/mercedes_benz.yml 



----------------------------------------------------------------------------


----------------------------------------------------------------------------
Training VIME Vesion 1 with Dataset: config/mip_2016.yml 



----------------------------------------------------------------------------


----------------------------------------------------------------------------
Training VIME Vesion 1 with Dataset: config/moneyball.yml 



----------------------------------------------------------------------------


----------------------------------------------------------------------------
Training VIME Vesion 1 with Dataset: config/sat11.yml 



----------------------------------------------------------------------------


----------------------------------------------------------------------------
Training VIME Vesion 1 with Dataset: config/sensory.yml 



----------------------------------------------------------------------------


----------------------------------------------------------------------------
Training VIME Vesion 1 with Dataset: config/socmob.yml 



----------------------------------------------------------------------------
