Traceback (most recent call last):
  File "/home/mburu/.local/lib/python3.8/site-packages/urllib3/connection.py", line 199, in _new_conn
    sock = connection.create_connection(
  File "/home/mburu/.local/lib/python3.8/site-packages/urllib3/util/connection.py", line 60, in create_connection
    for res in socket.getaddrinfo(host, port, family, socket.SOCK_STREAM):
  File "/home/mburu/anaconda3/envs/TabSurvey/lib/python3.8/socket.py", line 930, in getaddrinfo
    for res in _socket.getaddrinfo(host, port, family, type, proto, flags):
socket.gaierror: [Errno -3] Temporary failure in name resolution

The above exception was the direct cause of the following exception:

Traceback (most recent call last):
  File "/home/mburu/.local/lib/python3.8/site-packages/urllib3/connectionpool.py", line 789, in urlopen
    response = self._make_request(
  File "/home/mburu/.local/lib/python3.8/site-packages/urllib3/connectionpool.py", line 490, in _make_request
    raise new_e
  File "/home/mburu/.local/lib/python3.8/site-packages/urllib3/connectionpool.py", line 466, in _make_request
    self._validate_conn(conn)
  File "/home/mburu/.local/lib/python3.8/site-packages/urllib3/connectionpool.py", line 1095, in _validate_conn
    conn.connect()
  File "/home/mburu/.local/lib/python3.8/site-packages/urllib3/connection.py", line 693, in connect
    self.sock = sock = self._new_conn()
  File "/home/mburu/.local/lib/python3.8/site-packages/urllib3/connection.py", line 206, in _new_conn
    raise NameResolutionError(self.host, self, e) from e
urllib3.exceptions.NameResolutionError: <urllib3.connection.HTTPSConnection object at 0x7f7b96bfaf70>: Failed to resolve 'github.com' ([Errno -3] Temporary failure in name resolution)

The above exception was the direct cause of the following exception:

Traceback (most recent call last):
  File "/home/mburu/.local/lib/python3.8/site-packages/requests/adapters.py", line 667, in send
    resp = conn.urlopen(
  File "/home/mburu/.local/lib/python3.8/site-packages/urllib3/connectionpool.py", line 843, in urlopen
    retries = retries.increment(
  File "/home/mburu/.local/lib/python3.8/site-packages/urllib3/util/retry.py", line 519, in increment
    raise MaxRetryError(_pool, url, reason) from reason  # type: ignore[arg-type]
urllib3.exceptions.MaxRetryError: HTTPSConnectionPool(host='github.com', port=443): Max retries exceeded with url: /PriorLabs/TabPFN/raw/refs/tags/v1.0.0/tabpfn/models_diff/prior_diff_real_checkpoint_n_0_epoch_42.cpkt (Caused by NameResolutionError("<urllib3.connection.HTTPSConnection object at 0x7f7b96bfaf70>: Failed to resolve 'github.com' ([Errno -3] Temporary failure in name resolution)"))

During handling of the above exception, another exception occurred:

Traceback (most recent call last):
  File "train.py", line 405, in <module>
    main_once(arguments)
  File "train.py", line 382, in main_once
    model = model_name(parameters, args)
  File "/home/mburu/Master_Thesis/master-thesis-da/DNN_Trial/models/tabpfn.py", line 13, in __init__
    self.model = TabPFNClassifier()
  File "/home/mburu/anaconda3/envs/TabSurvey/lib/python3.8/site-packages/tabpfn/scripts/transformer_prediction_interface.py", line 153, in __init__
    model, c, results_file = load_model_workflow(i, -1, add_name=model_string, base_path=base_path, device=device,
  File "/home/mburu/anaconda3/envs/TabSurvey/lib/python3.8/site-packages/tabpfn/scripts/transformer_prediction_interface.py", line 80, in load_model_workflow
    model_file_, model_path_, results_file_ = check_file(e_)
  File "/home/mburu/anaconda3/envs/TabSurvey/lib/python3.8/site-packages/tabpfn/scripts/transformer_prediction_interface.py", line 72, in check_file
    r = requests.get(url, allow_redirects=True)
  File "/home/mburu/.local/lib/python3.8/site-packages/requests/api.py", line 73, in get
    return request("get", url, params=params, **kwargs)
  File "/home/mburu/.local/lib/python3.8/site-packages/requests/api.py", line 59, in request
    return session.request(method=method, url=url, **kwargs)
  File "/home/mburu/.local/lib/python3.8/site-packages/requests/sessions.py", line 589, in request
    resp = self.send(prep, **send_kwargs)
  File "/home/mburu/.local/lib/python3.8/site-packages/requests/sessions.py", line 703, in send
    r = adapter.send(request, **kwargs)
  File "/home/mburu/.local/lib/python3.8/site-packages/requests/adapters.py", line 700, in send
    raise ConnectionError(e, request=request)
requests.exceptions.ConnectionError: HTTPSConnectionPool(host='github.com', port=443): Max retries exceeded with url: /PriorLabs/TabPFN/raw/refs/tags/v1.0.0/tabpfn/models_diff/prior_diff_real_checkpoint_n_0_epoch_42.cpkt (Caused by NameResolutionError("<urllib3.connection.HTTPSConnection object at 0x7f7b96bfaf70>: Failed to resolve 'github.com' ([Errno -3] Temporary failure in name resolution)"))
srun: error: stud-000: task 0: Exited with exit code 1
Traceback (most recent call last):
  File "/home/mburu/.local/lib/python3.8/site-packages/urllib3/connection.py", line 199, in _new_conn
    sock = connection.create_connection(
  File "/home/mburu/.local/lib/python3.8/site-packages/urllib3/util/connection.py", line 60, in create_connection
    for res in socket.getaddrinfo(host, port, family, socket.SOCK_STREAM):
  File "/home/mburu/anaconda3/envs/TabSurvey/lib/python3.8/socket.py", line 930, in getaddrinfo
    for res in _socket.getaddrinfo(host, port, family, type, proto, flags):
socket.gaierror: [Errno -3] Temporary failure in name resolution

The above exception was the direct cause of the following exception:

Traceback (most recent call last):
  File "/home/mburu/.local/lib/python3.8/site-packages/urllib3/connectionpool.py", line 789, in urlopen
    response = self._make_request(
  File "/home/mburu/.local/lib/python3.8/site-packages/urllib3/connectionpool.py", line 490, in _make_request
    raise new_e
  File "/home/mburu/.local/lib/python3.8/site-packages/urllib3/connectionpool.py", line 466, in _make_request
    self._validate_conn(conn)
  File "/home/mburu/.local/lib/python3.8/site-packages/urllib3/connectionpool.py", line 1095, in _validate_conn
    conn.connect()
  File "/home/mburu/.local/lib/python3.8/site-packages/urllib3/connection.py", line 693, in connect
    self.sock = sock = self._new_conn()
  File "/home/mburu/.local/lib/python3.8/site-packages/urllib3/connection.py", line 206, in _new_conn
    raise NameResolutionError(self.host, self, e) from e
urllib3.exceptions.NameResolutionError: <urllib3.connection.HTTPSConnection object at 0x7f69ae8caf10>: Failed to resolve 'github.com' ([Errno -3] Temporary failure in name resolution)

The above exception was the direct cause of the following exception:

Traceback (most recent call last):
  File "/home/mburu/.local/lib/python3.8/site-packages/requests/adapters.py", line 667, in send
    resp = conn.urlopen(
  File "/home/mburu/.local/lib/python3.8/site-packages/urllib3/connectionpool.py", line 843, in urlopen
    retries = retries.increment(
  File "/home/mburu/.local/lib/python3.8/site-packages/urllib3/util/retry.py", line 519, in increment
    raise MaxRetryError(_pool, url, reason) from reason  # type: ignore[arg-type]
urllib3.exceptions.MaxRetryError: HTTPSConnectionPool(host='github.com', port=443): Max retries exceeded with url: /PriorLabs/TabPFN/raw/refs/tags/v1.0.0/tabpfn/models_diff/prior_diff_real_checkpoint_n_0_epoch_42.cpkt (Caused by NameResolutionError("<urllib3.connection.HTTPSConnection object at 0x7f69ae8caf10>: Failed to resolve 'github.com' ([Errno -3] Temporary failure in name resolution)"))

During handling of the above exception, another exception occurred:

Traceback (most recent call last):
  File "train.py", line 405, in <module>
    main_once(arguments)
  File "train.py", line 382, in main_once
    model = model_name(parameters, args)
  File "/home/mburu/Master_Thesis/master-thesis-da/DNN_Trial/models/tabpfn.py", line 13, in __init__
    self.model = TabPFNClassifier()
  File "/home/mburu/anaconda3/envs/TabSurvey/lib/python3.8/site-packages/tabpfn/scripts/transformer_prediction_interface.py", line 153, in __init__
    model, c, results_file = load_model_workflow(i, -1, add_name=model_string, base_path=base_path, device=device,
  File "/home/mburu/anaconda3/envs/TabSurvey/lib/python3.8/site-packages/tabpfn/scripts/transformer_prediction_interface.py", line 80, in load_model_workflow
    model_file_, model_path_, results_file_ = check_file(e_)
  File "/home/mburu/anaconda3/envs/TabSurvey/lib/python3.8/site-packages/tabpfn/scripts/transformer_prediction_interface.py", line 72, in check_file
    r = requests.get(url, allow_redirects=True)
  File "/home/mburu/.local/lib/python3.8/site-packages/requests/api.py", line 73, in get
    return request("get", url, params=params, **kwargs)
  File "/home/mburu/.local/lib/python3.8/site-packages/requests/api.py", line 59, in request
    return session.request(method=method, url=url, **kwargs)
  File "/home/mburu/.local/lib/python3.8/site-packages/requests/sessions.py", line 589, in request
    resp = self.send(prep, **send_kwargs)
  File "/home/mburu/.local/lib/python3.8/site-packages/requests/sessions.py", line 703, in send
    r = adapter.send(request, **kwargs)
  File "/home/mburu/.local/lib/python3.8/site-packages/requests/adapters.py", line 700, in send
    raise ConnectionError(e, request=request)
requests.exceptions.ConnectionError: HTTPSConnectionPool(host='github.com', port=443): Max retries exceeded with url: /PriorLabs/TabPFN/raw/refs/tags/v1.0.0/tabpfn/models_diff/prior_diff_real_checkpoint_n_0_epoch_42.cpkt (Caused by NameResolutionError("<urllib3.connection.HTTPSConnection object at 0x7f69ae8caf10>: Failed to resolve 'github.com' ([Errno -3] Temporary failure in name resolution)"))
srun: error: stud-000: task 0: Exited with exit code 1
Traceback (most recent call last):
  File "/home/mburu/.local/lib/python3.8/site-packages/urllib3/connection.py", line 199, in _new_conn
    sock = connection.create_connection(
  File "/home/mburu/.local/lib/python3.8/site-packages/urllib3/util/connection.py", line 60, in create_connection
    for res in socket.getaddrinfo(host, port, family, socket.SOCK_STREAM):
  File "/home/mburu/anaconda3/envs/TabSurvey/lib/python3.8/socket.py", line 930, in getaddrinfo
    for res in _socket.getaddrinfo(host, port, family, type, proto, flags):
socket.gaierror: [Errno -3] Temporary failure in name resolution

The above exception was the direct cause of the following exception:

Traceback (most recent call last):
  File "/home/mburu/.local/lib/python3.8/site-packages/urllib3/connectionpool.py", line 789, in urlopen
    response = self._make_request(
  File "/home/mburu/.local/lib/python3.8/site-packages/urllib3/connectionpool.py", line 490, in _make_request
    raise new_e
  File "/home/mburu/.local/lib/python3.8/site-packages/urllib3/connectionpool.py", line 466, in _make_request
    self._validate_conn(conn)
  File "/home/mburu/.local/lib/python3.8/site-packages/urllib3/connectionpool.py", line 1095, in _validate_conn
    conn.connect()
  File "/home/mburu/.local/lib/python3.8/site-packages/urllib3/connection.py", line 693, in connect
    self.sock = sock = self._new_conn()
  File "/home/mburu/.local/lib/python3.8/site-packages/urllib3/connection.py", line 206, in _new_conn
    raise NameResolutionError(self.host, self, e) from e
urllib3.exceptions.NameResolutionError: <urllib3.connection.HTTPSConnection object at 0x7fb796664fa0>: Failed to resolve 'github.com' ([Errno -3] Temporary failure in name resolution)

The above exception was the direct cause of the following exception:

Traceback (most recent call last):
  File "/home/mburu/.local/lib/python3.8/site-packages/requests/adapters.py", line 667, in send
    resp = conn.urlopen(
  File "/home/mburu/.local/lib/python3.8/site-packages/urllib3/connectionpool.py", line 843, in urlopen
    retries = retries.increment(
  File "/home/mburu/.local/lib/python3.8/site-packages/urllib3/util/retry.py", line 519, in increment
    raise MaxRetryError(_pool, url, reason) from reason  # type: ignore[arg-type]
urllib3.exceptions.MaxRetryError: HTTPSConnectionPool(host='github.com', port=443): Max retries exceeded with url: /PriorLabs/TabPFN/raw/refs/tags/v1.0.0/tabpfn/models_diff/prior_diff_real_checkpoint_n_0_epoch_42.cpkt (Caused by NameResolutionError("<urllib3.connection.HTTPSConnection object at 0x7fb796664fa0>: Failed to resolve 'github.com' ([Errno -3] Temporary failure in name resolution)"))

During handling of the above exception, another exception occurred:

Traceback (most recent call last):
  File "train.py", line 405, in <module>
    main_once(arguments)
  File "train.py", line 382, in main_once
    model = model_name(parameters, args)
  File "/home/mburu/Master_Thesis/master-thesis-da/DNN_Trial/models/tabpfn.py", line 13, in __init__
    self.model = TabPFNClassifier()
  File "/home/mburu/anaconda3/envs/TabSurvey/lib/python3.8/site-packages/tabpfn/scripts/transformer_prediction_interface.py", line 153, in __init__
    model, c, results_file = load_model_workflow(i, -1, add_name=model_string, base_path=base_path, device=device,
  File "/home/mburu/anaconda3/envs/TabSurvey/lib/python3.8/site-packages/tabpfn/scripts/transformer_prediction_interface.py", line 80, in load_model_workflow
    model_file_, model_path_, results_file_ = check_file(e_)
  File "/home/mburu/anaconda3/envs/TabSurvey/lib/python3.8/site-packages/tabpfn/scripts/transformer_prediction_interface.py", line 72, in check_file
    r = requests.get(url, allow_redirects=True)
  File "/home/mburu/.local/lib/python3.8/site-packages/requests/api.py", line 73, in get
    return request("get", url, params=params, **kwargs)
  File "/home/mburu/.local/lib/python3.8/site-packages/requests/api.py", line 59, in request
    return session.request(method=method, url=url, **kwargs)
  File "/home/mburu/.local/lib/python3.8/site-packages/requests/sessions.py", line 589, in request
    resp = self.send(prep, **send_kwargs)
  File "/home/mburu/.local/lib/python3.8/site-packages/requests/sessions.py", line 703, in send
    r = adapter.send(request, **kwargs)
  File "/home/mburu/.local/lib/python3.8/site-packages/requests/adapters.py", line 700, in send
    raise ConnectionError(e, request=request)
requests.exceptions.ConnectionError: HTTPSConnectionPool(host='github.com', port=443): Max retries exceeded with url: /PriorLabs/TabPFN/raw/refs/tags/v1.0.0/tabpfn/models_diff/prior_diff_real_checkpoint_n_0_epoch_42.cpkt (Caused by NameResolutionError("<urllib3.connection.HTTPSConnection object at 0x7fb796664fa0>: Failed to resolve 'github.com' ([Errno -3] Temporary failure in name resolution)"))
srun: error: stud-000: task 0: Exited with exit code 1
Traceback (most recent call last):
  File "/home/mburu/.local/lib/python3.8/site-packages/urllib3/connection.py", line 199, in _new_conn
    sock = connection.create_connection(
  File "/home/mburu/.local/lib/python3.8/site-packages/urllib3/util/connection.py", line 60, in create_connection
    for res in socket.getaddrinfo(host, port, family, socket.SOCK_STREAM):
  File "/home/mburu/anaconda3/envs/TabSurvey/lib/python3.8/socket.py", line 930, in getaddrinfo
    for res in _socket.getaddrinfo(host, port, family, type, proto, flags):
socket.gaierror: [Errno -3] Temporary failure in name resolution

The above exception was the direct cause of the following exception:

Traceback (most recent call last):
  File "/home/mburu/.local/lib/python3.8/site-packages/urllib3/connectionpool.py", line 789, in urlopen
    response = self._make_request(
  File "/home/mburu/.local/lib/python3.8/site-packages/urllib3/connectionpool.py", line 490, in _make_request
    raise new_e
  File "/home/mburu/.local/lib/python3.8/site-packages/urllib3/connectionpool.py", line 466, in _make_request
    self._validate_conn(conn)
  File "/home/mburu/.local/lib/python3.8/site-packages/urllib3/connectionpool.py", line 1095, in _validate_conn
    conn.connect()
  File "/home/mburu/.local/lib/python3.8/site-packages/urllib3/connection.py", line 693, in connect
    self.sock = sock = self._new_conn()
  File "/home/mburu/.local/lib/python3.8/site-packages/urllib3/connection.py", line 206, in _new_conn
    raise NameResolutionError(self.host, self, e) from e
urllib3.exceptions.NameResolutionError: <urllib3.connection.HTTPSConnection object at 0x7fd91151cf10>: Failed to resolve 'github.com' ([Errno -3] Temporary failure in name resolution)

The above exception was the direct cause of the following exception:

Traceback (most recent call last):
  File "/home/mburu/.local/lib/python3.8/site-packages/requests/adapters.py", line 667, in send
    resp = conn.urlopen(
  File "/home/mburu/.local/lib/python3.8/site-packages/urllib3/connectionpool.py", line 843, in urlopen
    retries = retries.increment(
  File "/home/mburu/.local/lib/python3.8/site-packages/urllib3/util/retry.py", line 519, in increment
    raise MaxRetryError(_pool, url, reason) from reason  # type: ignore[arg-type]
urllib3.exceptions.MaxRetryError: HTTPSConnectionPool(host='github.com', port=443): Max retries exceeded with url: /PriorLabs/TabPFN/raw/refs/tags/v1.0.0/tabpfn/models_diff/prior_diff_real_checkpoint_n_0_epoch_42.cpkt (Caused by NameResolutionError("<urllib3.connection.HTTPSConnection object at 0x7fd91151cf10>: Failed to resolve 'github.com' ([Errno -3] Temporary failure in name resolution)"))

During handling of the above exception, another exception occurred:

Traceback (most recent call last):
  File "train.py", line 405, in <module>
    main_once(arguments)
  File "train.py", line 382, in main_once
    model = model_name(parameters, args)
  File "/home/mburu/Master_Thesis/master-thesis-da/DNN_Trial/models/tabpfn.py", line 13, in __init__
    self.model = TabPFNClassifier()
  File "/home/mburu/anaconda3/envs/TabSurvey/lib/python3.8/site-packages/tabpfn/scripts/transformer_prediction_interface.py", line 153, in __init__
    model, c, results_file = load_model_workflow(i, -1, add_name=model_string, base_path=base_path, device=device,
  File "/home/mburu/anaconda3/envs/TabSurvey/lib/python3.8/site-packages/tabpfn/scripts/transformer_prediction_interface.py", line 80, in load_model_workflow
    model_file_, model_path_, results_file_ = check_file(e_)
  File "/home/mburu/anaconda3/envs/TabSurvey/lib/python3.8/site-packages/tabpfn/scripts/transformer_prediction_interface.py", line 72, in check_file
    r = requests.get(url, allow_redirects=True)
  File "/home/mburu/.local/lib/python3.8/site-packages/requests/api.py", line 73, in get
    return request("get", url, params=params, **kwargs)
  File "/home/mburu/.local/lib/python3.8/site-packages/requests/api.py", line 59, in request
    return session.request(method=method, url=url, **kwargs)
  File "/home/mburu/.local/lib/python3.8/site-packages/requests/sessions.py", line 589, in request
    resp = self.send(prep, **send_kwargs)
  File "/home/mburu/.local/lib/python3.8/site-packages/requests/sessions.py", line 703, in send
    r = adapter.send(request, **kwargs)
  File "/home/mburu/.local/lib/python3.8/site-packages/requests/adapters.py", line 700, in send
    raise ConnectionError(e, request=request)
requests.exceptions.ConnectionError: HTTPSConnectionPool(host='github.com', port=443): Max retries exceeded with url: /PriorLabs/TabPFN/raw/refs/tags/v1.0.0/tabpfn/models_diff/prior_diff_real_checkpoint_n_0_epoch_42.cpkt (Caused by NameResolutionError("<urllib3.connection.HTTPSConnection object at 0x7fd91151cf10>: Failed to resolve 'github.com' ([Errno -3] Temporary failure in name resolution)"))
srun: error: stud-000: task 0: Exited with exit code 1
Traceback (most recent call last):
  File "/home/mburu/.local/lib/python3.8/site-packages/urllib3/connection.py", line 199, in _new_conn
    sock = connection.create_connection(
  File "/home/mburu/.local/lib/python3.8/site-packages/urllib3/util/connection.py", line 60, in create_connection
    for res in socket.getaddrinfo(host, port, family, socket.SOCK_STREAM):
  File "/home/mburu/anaconda3/envs/TabSurvey/lib/python3.8/socket.py", line 930, in getaddrinfo
    for res in _socket.getaddrinfo(host, port, family, type, proto, flags):
socket.gaierror: [Errno -3] Temporary failure in name resolution

The above exception was the direct cause of the following exception:

Traceback (most recent call last):
  File "/home/mburu/.local/lib/python3.8/site-packages/urllib3/connectionpool.py", line 789, in urlopen
    response = self._make_request(
  File "/home/mburu/.local/lib/python3.8/site-packages/urllib3/connectionpool.py", line 490, in _make_request
    raise new_e
  File "/home/mburu/.local/lib/python3.8/site-packages/urllib3/connectionpool.py", line 466, in _make_request
    self._validate_conn(conn)
  File "/home/mburu/.local/lib/python3.8/site-packages/urllib3/connectionpool.py", line 1095, in _validate_conn
    conn.connect()
  File "/home/mburu/.local/lib/python3.8/site-packages/urllib3/connection.py", line 693, in connect
    self.sock = sock = self._new_conn()
  File "/home/mburu/.local/lib/python3.8/site-packages/urllib3/connection.py", line 206, in _new_conn
    raise NameResolutionError(self.host, self, e) from e
urllib3.exceptions.NameResolutionError: <urllib3.connection.HTTPSConnection object at 0x7ff9f497cf40>: Failed to resolve 'github.com' ([Errno -3] Temporary failure in name resolution)

The above exception was the direct cause of the following exception:

Traceback (most recent call last):
  File "/home/mburu/.local/lib/python3.8/site-packages/requests/adapters.py", line 667, in send
    resp = conn.urlopen(
  File "/home/mburu/.local/lib/python3.8/site-packages/urllib3/connectionpool.py", line 843, in urlopen
    retries = retries.increment(
  File "/home/mburu/.local/lib/python3.8/site-packages/urllib3/util/retry.py", line 519, in increment
    raise MaxRetryError(_pool, url, reason) from reason  # type: ignore[arg-type]
urllib3.exceptions.MaxRetryError: HTTPSConnectionPool(host='github.com', port=443): Max retries exceeded with url: /PriorLabs/TabPFN/raw/refs/tags/v1.0.0/tabpfn/models_diff/prior_diff_real_checkpoint_n_0_epoch_42.cpkt (Caused by NameResolutionError("<urllib3.connection.HTTPSConnection object at 0x7ff9f497cf40>: Failed to resolve 'github.com' ([Errno -3] Temporary failure in name resolution)"))

During handling of the above exception, another exception occurred:

Traceback (most recent call last):
  File "train.py", line 405, in <module>
    main_once(arguments)
  File "train.py", line 382, in main_once
    model = model_name(parameters, args)
  File "/home/mburu/Master_Thesis/master-thesis-da/DNN_Trial/models/tabpfn.py", line 13, in __init__
    self.model = TabPFNClassifier()
  File "/home/mburu/anaconda3/envs/TabSurvey/lib/python3.8/site-packages/tabpfn/scripts/transformer_prediction_interface.py", line 153, in __init__
    model, c, results_file = load_model_workflow(i, -1, add_name=model_string, base_path=base_path, device=device,
  File "/home/mburu/anaconda3/envs/TabSurvey/lib/python3.8/site-packages/tabpfn/scripts/transformer_prediction_interface.py", line 80, in load_model_workflow
    model_file_, model_path_, results_file_ = check_file(e_)
  File "/home/mburu/anaconda3/envs/TabSurvey/lib/python3.8/site-packages/tabpfn/scripts/transformer_prediction_interface.py", line 72, in check_file
    r = requests.get(url, allow_redirects=True)
  File "/home/mburu/.local/lib/python3.8/site-packages/requests/api.py", line 73, in get
    return request("get", url, params=params, **kwargs)
  File "/home/mburu/.local/lib/python3.8/site-packages/requests/api.py", line 59, in request
    return session.request(method=method, url=url, **kwargs)
  File "/home/mburu/.local/lib/python3.8/site-packages/requests/sessions.py", line 589, in request
    resp = self.send(prep, **send_kwargs)
  File "/home/mburu/.local/lib/python3.8/site-packages/requests/sessions.py", line 703, in send
    r = adapter.send(request, **kwargs)
  File "/home/mburu/.local/lib/python3.8/site-packages/requests/adapters.py", line 700, in send
    raise ConnectionError(e, request=request)
requests.exceptions.ConnectionError: HTTPSConnectionPool(host='github.com', port=443): Max retries exceeded with url: /PriorLabs/TabPFN/raw/refs/tags/v1.0.0/tabpfn/models_diff/prior_diff_real_checkpoint_n_0_epoch_42.cpkt (Caused by NameResolutionError("<urllib3.connection.HTTPSConnection object at 0x7ff9f497cf40>: Failed to resolve 'github.com' ([Errno -3] Temporary failure in name resolution)"))
srun: error: stud-000: task 0: Exited with exit code 1
Traceback (most recent call last):
  File "/home/mburu/.local/lib/python3.8/site-packages/urllib3/connection.py", line 199, in _new_conn
    sock = connection.create_connection(
  File "/home/mburu/.local/lib/python3.8/site-packages/urllib3/util/connection.py", line 60, in create_connection
    for res in socket.getaddrinfo(host, port, family, socket.SOCK_STREAM):
  File "/home/mburu/anaconda3/envs/TabSurvey/lib/python3.8/socket.py", line 930, in getaddrinfo
    for res in _socket.getaddrinfo(host, port, family, type, proto, flags):
socket.gaierror: [Errno -3] Temporary failure in name resolution

The above exception was the direct cause of the following exception:

Traceback (most recent call last):
  File "/home/mburu/.local/lib/python3.8/site-packages/urllib3/connectionpool.py", line 789, in urlopen
    response = self._make_request(
  File "/home/mburu/.local/lib/python3.8/site-packages/urllib3/connectionpool.py", line 490, in _make_request
    raise new_e
  File "/home/mburu/.local/lib/python3.8/site-packages/urllib3/connectionpool.py", line 466, in _make_request
    self._validate_conn(conn)
  File "/home/mburu/.local/lib/python3.8/site-packages/urllib3/connectionpool.py", line 1095, in _validate_conn
    conn.connect()
  File "/home/mburu/.local/lib/python3.8/site-packages/urllib3/connection.py", line 693, in connect
    self.sock = sock = self._new_conn()
  File "/home/mburu/.local/lib/python3.8/site-packages/urllib3/connection.py", line 206, in _new_conn
    raise NameResolutionError(self.host, self, e) from e
urllib3.exceptions.NameResolutionError: <urllib3.connection.HTTPSConnection object at 0x7fd2c0ec6fd0>: Failed to resolve 'github.com' ([Errno -3] Temporary failure in name resolution)

The above exception was the direct cause of the following exception:

Traceback (most recent call last):
  File "/home/mburu/.local/lib/python3.8/site-packages/requests/adapters.py", line 667, in send
    resp = conn.urlopen(
  File "/home/mburu/.local/lib/python3.8/site-packages/urllib3/connectionpool.py", line 843, in urlopen
    retries = retries.increment(
  File "/home/mburu/.local/lib/python3.8/site-packages/urllib3/util/retry.py", line 519, in increment
    raise MaxRetryError(_pool, url, reason) from reason  # type: ignore[arg-type]
urllib3.exceptions.MaxRetryError: HTTPSConnectionPool(host='github.com', port=443): Max retries exceeded with url: /PriorLabs/TabPFN/raw/refs/tags/v1.0.0/tabpfn/models_diff/prior_diff_real_checkpoint_n_0_epoch_42.cpkt (Caused by NameResolutionError("<urllib3.connection.HTTPSConnection object at 0x7fd2c0ec6fd0>: Failed to resolve 'github.com' ([Errno -3] Temporary failure in name resolution)"))

During handling of the above exception, another exception occurred:

Traceback (most recent call last):
  File "train.py", line 405, in <module>
    main_once(arguments)
  File "train.py", line 382, in main_once
    model = model_name(parameters, args)
  File "/home/mburu/Master_Thesis/master-thesis-da/DNN_Trial/models/tabpfn.py", line 13, in __init__
    self.model = TabPFNClassifier()
  File "/home/mburu/anaconda3/envs/TabSurvey/lib/python3.8/site-packages/tabpfn/scripts/transformer_prediction_interface.py", line 153, in __init__
    model, c, results_file = load_model_workflow(i, -1, add_name=model_string, base_path=base_path, device=device,
  File "/home/mburu/anaconda3/envs/TabSurvey/lib/python3.8/site-packages/tabpfn/scripts/transformer_prediction_interface.py", line 80, in load_model_workflow
    model_file_, model_path_, results_file_ = check_file(e_)
  File "/home/mburu/anaconda3/envs/TabSurvey/lib/python3.8/site-packages/tabpfn/scripts/transformer_prediction_interface.py", line 72, in check_file
    r = requests.get(url, allow_redirects=True)
  File "/home/mburu/.local/lib/python3.8/site-packages/requests/api.py", line 73, in get
    return request("get", url, params=params, **kwargs)
  File "/home/mburu/.local/lib/python3.8/site-packages/requests/api.py", line 59, in request
    return session.request(method=method, url=url, **kwargs)
  File "/home/mburu/.local/lib/python3.8/site-packages/requests/sessions.py", line 589, in request
    resp = self.send(prep, **send_kwargs)
  File "/home/mburu/.local/lib/python3.8/site-packages/requests/sessions.py", line 703, in send
    r = adapter.send(request, **kwargs)
  File "/home/mburu/.local/lib/python3.8/site-packages/requests/adapters.py", line 700, in send
    raise ConnectionError(e, request=request)
requests.exceptions.ConnectionError: HTTPSConnectionPool(host='github.com', port=443): Max retries exceeded with url: /PriorLabs/TabPFN/raw/refs/tags/v1.0.0/tabpfn/models_diff/prior_diff_real_checkpoint_n_0_epoch_42.cpkt (Caused by NameResolutionError("<urllib3.connection.HTTPSConnection object at 0x7fd2c0ec6fd0>: Failed to resolve 'github.com' ([Errno -3] Temporary failure in name resolution)"))
srun: error: stud-000: task 0: Exited with exit code 1
Traceback (most recent call last):
  File "/home/mburu/.local/lib/python3.8/site-packages/urllib3/connection.py", line 199, in _new_conn
    sock = connection.create_connection(
  File "/home/mburu/.local/lib/python3.8/site-packages/urllib3/util/connection.py", line 60, in create_connection
    for res in socket.getaddrinfo(host, port, family, socket.SOCK_STREAM):
  File "/home/mburu/anaconda3/envs/TabSurvey/lib/python3.8/socket.py", line 930, in getaddrinfo
    for res in _socket.getaddrinfo(host, port, family, type, proto, flags):
socket.gaierror: [Errno -3] Temporary failure in name resolution

The above exception was the direct cause of the following exception:

Traceback (most recent call last):
  File "/home/mburu/.local/lib/python3.8/site-packages/urllib3/connectionpool.py", line 789, in urlopen
    response = self._make_request(
  File "/home/mburu/.local/lib/python3.8/site-packages/urllib3/connectionpool.py", line 490, in _make_request
    raise new_e
  File "/home/mburu/.local/lib/python3.8/site-packages/urllib3/connectionpool.py", line 466, in _make_request
    self._validate_conn(conn)
  File "/home/mburu/.local/lib/python3.8/site-packages/urllib3/connectionpool.py", line 1095, in _validate_conn
    conn.connect()
  File "/home/mburu/.local/lib/python3.8/site-packages/urllib3/connection.py", line 693, in connect
    self.sock = sock = self._new_conn()
  File "/home/mburu/.local/lib/python3.8/site-packages/urllib3/connection.py", line 206, in _new_conn
    raise NameResolutionError(self.host, self, e) from e
urllib3.exceptions.NameResolutionError: <urllib3.connection.HTTPSConnection object at 0x7faa54aabfa0>: Failed to resolve 'github.com' ([Errno -3] Temporary failure in name resolution)

The above exception was the direct cause of the following exception:

Traceback (most recent call last):
  File "/home/mburu/.local/lib/python3.8/site-packages/requests/adapters.py", line 667, in send
    resp = conn.urlopen(
  File "/home/mburu/.local/lib/python3.8/site-packages/urllib3/connectionpool.py", line 843, in urlopen
    retries = retries.increment(
  File "/home/mburu/.local/lib/python3.8/site-packages/urllib3/util/retry.py", line 519, in increment
    raise MaxRetryError(_pool, url, reason) from reason  # type: ignore[arg-type]
urllib3.exceptions.MaxRetryError: HTTPSConnectionPool(host='github.com', port=443): Max retries exceeded with url: /PriorLabs/TabPFN/raw/refs/tags/v1.0.0/tabpfn/models_diff/prior_diff_real_checkpoint_n_0_epoch_42.cpkt (Caused by NameResolutionError("<urllib3.connection.HTTPSConnection object at 0x7faa54aabfa0>: Failed to resolve 'github.com' ([Errno -3] Temporary failure in name resolution)"))

During handling of the above exception, another exception occurred:

Traceback (most recent call last):
  File "train.py", line 405, in <module>
    main_once(arguments)
  File "train.py", line 382, in main_once
    model = model_name(parameters, args)
  File "/home/mburu/Master_Thesis/master-thesis-da/DNN_Trial/models/tabpfn.py", line 13, in __init__
    self.model = TabPFNClassifier()
  File "/home/mburu/anaconda3/envs/TabSurvey/lib/python3.8/site-packages/tabpfn/scripts/transformer_prediction_interface.py", line 153, in __init__
    model, c, results_file = load_model_workflow(i, -1, add_name=model_string, base_path=base_path, device=device,
  File "/home/mburu/anaconda3/envs/TabSurvey/lib/python3.8/site-packages/tabpfn/scripts/transformer_prediction_interface.py", line 80, in load_model_workflow
    model_file_, model_path_, results_file_ = check_file(e_)
  File "/home/mburu/anaconda3/envs/TabSurvey/lib/python3.8/site-packages/tabpfn/scripts/transformer_prediction_interface.py", line 72, in check_file
    r = requests.get(url, allow_redirects=True)
  File "/home/mburu/.local/lib/python3.8/site-packages/requests/api.py", line 73, in get
    return request("get", url, params=params, **kwargs)
  File "/home/mburu/.local/lib/python3.8/site-packages/requests/api.py", line 59, in request
    return session.request(method=method, url=url, **kwargs)
  File "/home/mburu/.local/lib/python3.8/site-packages/requests/sessions.py", line 589, in request
    resp = self.send(prep, **send_kwargs)
  File "/home/mburu/.local/lib/python3.8/site-packages/requests/sessions.py", line 703, in send
    r = adapter.send(request, **kwargs)
  File "/home/mburu/.local/lib/python3.8/site-packages/requests/adapters.py", line 700, in send
    raise ConnectionError(e, request=request)
requests.exceptions.ConnectionError: HTTPSConnectionPool(host='github.com', port=443): Max retries exceeded with url: /PriorLabs/TabPFN/raw/refs/tags/v1.0.0/tabpfn/models_diff/prior_diff_real_checkpoint_n_0_epoch_42.cpkt (Caused by NameResolutionError("<urllib3.connection.HTTPSConnection object at 0x7faa54aabfa0>: Failed to resolve 'github.com' ([Errno -3] Temporary failure in name resolution)"))
srun: error: stud-000: task 0: Exited with exit code 1
Traceback (most recent call last):
  File "/home/mburu/.local/lib/python3.8/site-packages/urllib3/connection.py", line 199, in _new_conn
    sock = connection.create_connection(
  File "/home/mburu/.local/lib/python3.8/site-packages/urllib3/util/connection.py", line 60, in create_connection
    for res in socket.getaddrinfo(host, port, family, socket.SOCK_STREAM):
  File "/home/mburu/anaconda3/envs/TabSurvey/lib/python3.8/socket.py", line 930, in getaddrinfo
    for res in _socket.getaddrinfo(host, port, family, type, proto, flags):
socket.gaierror: [Errno -3] Temporary failure in name resolution

The above exception was the direct cause of the following exception:

Traceback (most recent call last):
  File "/home/mburu/.local/lib/python3.8/site-packages/urllib3/connectionpool.py", line 789, in urlopen
    response = self._make_request(
  File "/home/mburu/.local/lib/python3.8/site-packages/urllib3/connectionpool.py", line 490, in _make_request
    raise new_e
  File "/home/mburu/.local/lib/python3.8/site-packages/urllib3/connectionpool.py", line 466, in _make_request
    self._validate_conn(conn)
  File "/home/mburu/.local/lib/python3.8/site-packages/urllib3/connectionpool.py", line 1095, in _validate_conn
    conn.connect()
  File "/home/mburu/.local/lib/python3.8/site-packages/urllib3/connection.py", line 693, in connect
    self.sock = sock = self._new_conn()
  File "/home/mburu/.local/lib/python3.8/site-packages/urllib3/connection.py", line 206, in _new_conn
    raise NameResolutionError(self.host, self, e) from e
urllib3.exceptions.NameResolutionError: <urllib3.connection.HTTPSConnection object at 0x7fb73ce7ff70>: Failed to resolve 'github.com' ([Errno -3] Temporary failure in name resolution)

The above exception was the direct cause of the following exception:

Traceback (most recent call last):
  File "/home/mburu/.local/lib/python3.8/site-packages/requests/adapters.py", line 667, in send
    resp = conn.urlopen(
  File "/home/mburu/.local/lib/python3.8/site-packages/urllib3/connectionpool.py", line 843, in urlopen
    retries = retries.increment(
  File "/home/mburu/.local/lib/python3.8/site-packages/urllib3/util/retry.py", line 519, in increment
    raise MaxRetryError(_pool, url, reason) from reason  # type: ignore[arg-type]
urllib3.exceptions.MaxRetryError: HTTPSConnectionPool(host='github.com', port=443): Max retries exceeded with url: /PriorLabs/TabPFN/raw/refs/tags/v1.0.0/tabpfn/models_diff/prior_diff_real_checkpoint_n_0_epoch_42.cpkt (Caused by NameResolutionError("<urllib3.connection.HTTPSConnection object at 0x7fb73ce7ff70>: Failed to resolve 'github.com' ([Errno -3] Temporary failure in name resolution)"))

During handling of the above exception, another exception occurred:

Traceback (most recent call last):
  File "train.py", line 405, in <module>
    main_once(arguments)
  File "train.py", line 382, in main_once
    model = model_name(parameters, args)
  File "/home/mburu/Master_Thesis/master-thesis-da/DNN_Trial/models/tabpfn.py", line 13, in __init__
    self.model = TabPFNClassifier()
  File "/home/mburu/anaconda3/envs/TabSurvey/lib/python3.8/site-packages/tabpfn/scripts/transformer_prediction_interface.py", line 153, in __init__
    model, c, results_file = load_model_workflow(i, -1, add_name=model_string, base_path=base_path, device=device,
  File "/home/mburu/anaconda3/envs/TabSurvey/lib/python3.8/site-packages/tabpfn/scripts/transformer_prediction_interface.py", line 80, in load_model_workflow
    model_file_, model_path_, results_file_ = check_file(e_)
  File "/home/mburu/anaconda3/envs/TabSurvey/lib/python3.8/site-packages/tabpfn/scripts/transformer_prediction_interface.py", line 72, in check_file
    r = requests.get(url, allow_redirects=True)
  File "/home/mburu/.local/lib/python3.8/site-packages/requests/api.py", line 73, in get
    return request("get", url, params=params, **kwargs)
  File "/home/mburu/.local/lib/python3.8/site-packages/requests/api.py", line 59, in request
    return session.request(method=method, url=url, **kwargs)
  File "/home/mburu/.local/lib/python3.8/site-packages/requests/sessions.py", line 589, in request
    resp = self.send(prep, **send_kwargs)
  File "/home/mburu/.local/lib/python3.8/site-packages/requests/sessions.py", line 703, in send
    r = adapter.send(request, **kwargs)
  File "/home/mburu/.local/lib/python3.8/site-packages/requests/adapters.py", line 700, in send
    raise ConnectionError(e, request=request)
requests.exceptions.ConnectionError: HTTPSConnectionPool(host='github.com', port=443): Max retries exceeded with url: /PriorLabs/TabPFN/raw/refs/tags/v1.0.0/tabpfn/models_diff/prior_diff_real_checkpoint_n_0_epoch_42.cpkt (Caused by NameResolutionError("<urllib3.connection.HTTPSConnection object at 0x7fb73ce7ff70>: Failed to resolve 'github.com' ([Errno -3] Temporary failure in name resolution)"))
srun: error: stud-000: task 0: Exited with exit code 1
Traceback (most recent call last):
  File "/home/mburu/.local/lib/python3.8/site-packages/urllib3/connection.py", line 199, in _new_conn
    sock = connection.create_connection(
  File "/home/mburu/.local/lib/python3.8/site-packages/urllib3/util/connection.py", line 60, in create_connection
    for res in socket.getaddrinfo(host, port, family, socket.SOCK_STREAM):
  File "/home/mburu/anaconda3/envs/TabSurvey/lib/python3.8/socket.py", line 930, in getaddrinfo
    for res in _socket.getaddrinfo(host, port, family, type, proto, flags):
socket.gaierror: [Errno -3] Temporary failure in name resolution

The above exception was the direct cause of the following exception:

Traceback (most recent call last):
  File "/home/mburu/.local/lib/python3.8/site-packages/urllib3/connectionpool.py", line 789, in urlopen
    response = self._make_request(
  File "/home/mburu/.local/lib/python3.8/site-packages/urllib3/connectionpool.py", line 490, in _make_request
    raise new_e
  File "/home/mburu/.local/lib/python3.8/site-packages/urllib3/connectionpool.py", line 466, in _make_request
    self._validate_conn(conn)
  File "/home/mburu/.local/lib/python3.8/site-packages/urllib3/connectionpool.py", line 1095, in _validate_conn
    conn.connect()
  File "/home/mburu/.local/lib/python3.8/site-packages/urllib3/connection.py", line 693, in connect
    self.sock = sock = self._new_conn()
  File "/home/mburu/.local/lib/python3.8/site-packages/urllib3/connection.py", line 206, in _new_conn
    raise NameResolutionError(self.host, self, e) from e
urllib3.exceptions.NameResolutionError: <urllib3.connection.HTTPSConnection object at 0x7fd74c286fd0>: Failed to resolve 'github.com' ([Errno -3] Temporary failure in name resolution)

The above exception was the direct cause of the following exception:

Traceback (most recent call last):
  File "/home/mburu/.local/lib/python3.8/site-packages/requests/adapters.py", line 667, in send
    resp = conn.urlopen(
  File "/home/mburu/.local/lib/python3.8/site-packages/urllib3/connectionpool.py", line 843, in urlopen
    retries = retries.increment(
  File "/home/mburu/.local/lib/python3.8/site-packages/urllib3/util/retry.py", line 519, in increment
    raise MaxRetryError(_pool, url, reason) from reason  # type: ignore[arg-type]
urllib3.exceptions.MaxRetryError: HTTPSConnectionPool(host='github.com', port=443): Max retries exceeded with url: /PriorLabs/TabPFN/raw/refs/tags/v1.0.0/tabpfn/models_diff/prior_diff_real_checkpoint_n_0_epoch_42.cpkt (Caused by NameResolutionError("<urllib3.connection.HTTPSConnection object at 0x7fd74c286fd0>: Failed to resolve 'github.com' ([Errno -3] Temporary failure in name resolution)"))

During handling of the above exception, another exception occurred:

Traceback (most recent call last):
  File "train.py", line 405, in <module>
    main_once(arguments)
  File "train.py", line 382, in main_once
    model = model_name(parameters, args)
  File "/home/mburu/Master_Thesis/master-thesis-da/DNN_Trial/models/tabpfn.py", line 13, in __init__
    self.model = TabPFNClassifier()
  File "/home/mburu/anaconda3/envs/TabSurvey/lib/python3.8/site-packages/tabpfn/scripts/transformer_prediction_interface.py", line 153, in __init__
    model, c, results_file = load_model_workflow(i, -1, add_name=model_string, base_path=base_path, device=device,
  File "/home/mburu/anaconda3/envs/TabSurvey/lib/python3.8/site-packages/tabpfn/scripts/transformer_prediction_interface.py", line 80, in load_model_workflow
    model_file_, model_path_, results_file_ = check_file(e_)
  File "/home/mburu/anaconda3/envs/TabSurvey/lib/python3.8/site-packages/tabpfn/scripts/transformer_prediction_interface.py", line 72, in check_file
    r = requests.get(url, allow_redirects=True)
  File "/home/mburu/.local/lib/python3.8/site-packages/requests/api.py", line 73, in get
    return request("get", url, params=params, **kwargs)
  File "/home/mburu/.local/lib/python3.8/site-packages/requests/api.py", line 59, in request
    return session.request(method=method, url=url, **kwargs)
  File "/home/mburu/.local/lib/python3.8/site-packages/requests/sessions.py", line 589, in request
    resp = self.send(prep, **send_kwargs)
  File "/home/mburu/.local/lib/python3.8/site-packages/requests/sessions.py", line 703, in send
    r = adapter.send(request, **kwargs)
  File "/home/mburu/.local/lib/python3.8/site-packages/requests/adapters.py", line 700, in send
    raise ConnectionError(e, request=request)
requests.exceptions.ConnectionError: HTTPSConnectionPool(host='github.com', port=443): Max retries exceeded with url: /PriorLabs/TabPFN/raw/refs/tags/v1.0.0/tabpfn/models_diff/prior_diff_real_checkpoint_n_0_epoch_42.cpkt (Caused by NameResolutionError("<urllib3.connection.HTTPSConnection object at 0x7fd74c286fd0>: Failed to resolve 'github.com' ([Errno -3] Temporary failure in name resolution)"))
srun: error: stud-000: task 0: Exited with exit code 1
Traceback (most recent call last):
  File "/home/mburu/.local/lib/python3.8/site-packages/urllib3/connection.py", line 199, in _new_conn
    sock = connection.create_connection(
  File "/home/mburu/.local/lib/python3.8/site-packages/urllib3/util/connection.py", line 60, in create_connection
    for res in socket.getaddrinfo(host, port, family, socket.SOCK_STREAM):
  File "/home/mburu/anaconda3/envs/TabSurvey/lib/python3.8/socket.py", line 930, in getaddrinfo
    for res in _socket.getaddrinfo(host, port, family, type, proto, flags):
socket.gaierror: [Errno -3] Temporary failure in name resolution

The above exception was the direct cause of the following exception:

Traceback (most recent call last):
  File "/home/mburu/.local/lib/python3.8/site-packages/urllib3/connectionpool.py", line 789, in urlopen
    response = self._make_request(
  File "/home/mburu/.local/lib/python3.8/site-packages/urllib3/connectionpool.py", line 490, in _make_request
    raise new_e
  File "/home/mburu/.local/lib/python3.8/site-packages/urllib3/connectionpool.py", line 466, in _make_request
    self._validate_conn(conn)
  File "/home/mburu/.local/lib/python3.8/site-packages/urllib3/connectionpool.py", line 1095, in _validate_conn
    conn.connect()
  File "/home/mburu/.local/lib/python3.8/site-packages/urllib3/connection.py", line 693, in connect
    self.sock = sock = self._new_conn()
  File "/home/mburu/.local/lib/python3.8/site-packages/urllib3/connection.py", line 206, in _new_conn
    raise NameResolutionError(self.host, self, e) from e
urllib3.exceptions.NameResolutionError: <urllib3.connection.HTTPSConnection object at 0x7faa2ad1efd0>: Failed to resolve 'github.com' ([Errno -3] Temporary failure in name resolution)

The above exception was the direct cause of the following exception:

Traceback (most recent call last):
  File "/home/mburu/.local/lib/python3.8/site-packages/requests/adapters.py", line 667, in send
    resp = conn.urlopen(
  File "/home/mburu/.local/lib/python3.8/site-packages/urllib3/connectionpool.py", line 843, in urlopen
    retries = retries.increment(
  File "/home/mburu/.local/lib/python3.8/site-packages/urllib3/util/retry.py", line 519, in increment
    raise MaxRetryError(_pool, url, reason) from reason  # type: ignore[arg-type]
urllib3.exceptions.MaxRetryError: HTTPSConnectionPool(host='github.com', port=443): Max retries exceeded with url: /PriorLabs/TabPFN/raw/refs/tags/v1.0.0/tabpfn/models_diff/prior_diff_real_checkpoint_n_0_epoch_42.cpkt (Caused by NameResolutionError("<urllib3.connection.HTTPSConnection object at 0x7faa2ad1efd0>: Failed to resolve 'github.com' ([Errno -3] Temporary failure in name resolution)"))

During handling of the above exception, another exception occurred:

Traceback (most recent call last):
  File "train.py", line 405, in <module>
    main_once(arguments)
  File "train.py", line 382, in main_once
    model = model_name(parameters, args)
  File "/home/mburu/Master_Thesis/master-thesis-da/DNN_Trial/models/tabpfn.py", line 13, in __init__
    self.model = TabPFNClassifier()
  File "/home/mburu/anaconda3/envs/TabSurvey/lib/python3.8/site-packages/tabpfn/scripts/transformer_prediction_interface.py", line 153, in __init__
    model, c, results_file = load_model_workflow(i, -1, add_name=model_string, base_path=base_path, device=device,
  File "/home/mburu/anaconda3/envs/TabSurvey/lib/python3.8/site-packages/tabpfn/scripts/transformer_prediction_interface.py", line 80, in load_model_workflow
    model_file_, model_path_, results_file_ = check_file(e_)
  File "/home/mburu/anaconda3/envs/TabSurvey/lib/python3.8/site-packages/tabpfn/scripts/transformer_prediction_interface.py", line 72, in check_file
    r = requests.get(url, allow_redirects=True)
  File "/home/mburu/.local/lib/python3.8/site-packages/requests/api.py", line 73, in get
    return request("get", url, params=params, **kwargs)
  File "/home/mburu/.local/lib/python3.8/site-packages/requests/api.py", line 59, in request
    return session.request(method=method, url=url, **kwargs)
  File "/home/mburu/.local/lib/python3.8/site-packages/requests/sessions.py", line 589, in request
    resp = self.send(prep, **send_kwargs)
  File "/home/mburu/.local/lib/python3.8/site-packages/requests/sessions.py", line 703, in send
    r = adapter.send(request, **kwargs)
  File "/home/mburu/.local/lib/python3.8/site-packages/requests/adapters.py", line 700, in send
    raise ConnectionError(e, request=request)
requests.exceptions.ConnectionError: HTTPSConnectionPool(host='github.com', port=443): Max retries exceeded with url: /PriorLabs/TabPFN/raw/refs/tags/v1.0.0/tabpfn/models_diff/prior_diff_real_checkpoint_n_0_epoch_42.cpkt (Caused by NameResolutionError("<urllib3.connection.HTTPSConnection object at 0x7faa2ad1efd0>: Failed to resolve 'github.com' ([Errno -3] Temporary failure in name resolution)"))
srun: error: stud-000: task 0: Exited with exit code 1
Traceback (most recent call last):
  File "/home/mburu/.local/lib/python3.8/site-packages/urllib3/connection.py", line 199, in _new_conn
    sock = connection.create_connection(
  File "/home/mburu/.local/lib/python3.8/site-packages/urllib3/util/connection.py", line 60, in create_connection
    for res in socket.getaddrinfo(host, port, family, socket.SOCK_STREAM):
  File "/home/mburu/anaconda3/envs/TabSurvey/lib/python3.8/socket.py", line 930, in getaddrinfo
    for res in _socket.getaddrinfo(host, port, family, type, proto, flags):
socket.gaierror: [Errno -3] Temporary failure in name resolution

The above exception was the direct cause of the following exception:

Traceback (most recent call last):
  File "/home/mburu/.local/lib/python3.8/site-packages/urllib3/connectionpool.py", line 789, in urlopen
    response = self._make_request(
  File "/home/mburu/.local/lib/python3.8/site-packages/urllib3/connectionpool.py", line 490, in _make_request
    raise new_e
  File "/home/mburu/.local/lib/python3.8/site-packages/urllib3/connectionpool.py", line 466, in _make_request
    self._validate_conn(conn)
  File "/home/mburu/.local/lib/python3.8/site-packages/urllib3/connectionpool.py", line 1095, in _validate_conn
    conn.connect()
  File "/home/mburu/.local/lib/python3.8/site-packages/urllib3/connection.py", line 693, in connect
    self.sock = sock = self._new_conn()
  File "/home/mburu/.local/lib/python3.8/site-packages/urllib3/connection.py", line 206, in _new_conn
    raise NameResolutionError(self.host, self, e) from e
urllib3.exceptions.NameResolutionError: <urllib3.connection.HTTPSConnection object at 0x7f059de3deb0>: Failed to resolve 'github.com' ([Errno -3] Temporary failure in name resolution)

The above exception was the direct cause of the following exception:

Traceback (most recent call last):
  File "/home/mburu/.local/lib/python3.8/site-packages/requests/adapters.py", line 667, in send
    resp = conn.urlopen(
  File "/home/mburu/.local/lib/python3.8/site-packages/urllib3/connectionpool.py", line 843, in urlopen
    retries = retries.increment(
  File "/home/mburu/.local/lib/python3.8/site-packages/urllib3/util/retry.py", line 519, in increment
    raise MaxRetryError(_pool, url, reason) from reason  # type: ignore[arg-type]
urllib3.exceptions.MaxRetryError: HTTPSConnectionPool(host='github.com', port=443): Max retries exceeded with url: /PriorLabs/TabPFN/raw/refs/tags/v1.0.0/tabpfn/models_diff/prior_diff_real_checkpoint_n_0_epoch_42.cpkt (Caused by NameResolutionError("<urllib3.connection.HTTPSConnection object at 0x7f059de3deb0>: Failed to resolve 'github.com' ([Errno -3] Temporary failure in name resolution)"))

During handling of the above exception, another exception occurred:

Traceback (most recent call last):
  File "train.py", line 405, in <module>
    main_once(arguments)
  File "train.py", line 382, in main_once
    model = model_name(parameters, args)
  File "/home/mburu/Master_Thesis/master-thesis-da/DNN_Trial/models/tabpfn.py", line 13, in __init__
    self.model = TabPFNClassifier()
  File "/home/mburu/anaconda3/envs/TabSurvey/lib/python3.8/site-packages/tabpfn/scripts/transformer_prediction_interface.py", line 153, in __init__
    model, c, results_file = load_model_workflow(i, -1, add_name=model_string, base_path=base_path, device=device,
  File "/home/mburu/anaconda3/envs/TabSurvey/lib/python3.8/site-packages/tabpfn/scripts/transformer_prediction_interface.py", line 80, in load_model_workflow
    model_file_, model_path_, results_file_ = check_file(e_)
  File "/home/mburu/anaconda3/envs/TabSurvey/lib/python3.8/site-packages/tabpfn/scripts/transformer_prediction_interface.py", line 72, in check_file
    r = requests.get(url, allow_redirects=True)
  File "/home/mburu/.local/lib/python3.8/site-packages/requests/api.py", line 73, in get
    return request("get", url, params=params, **kwargs)
  File "/home/mburu/.local/lib/python3.8/site-packages/requests/api.py", line 59, in request
    return session.request(method=method, url=url, **kwargs)
  File "/home/mburu/.local/lib/python3.8/site-packages/requests/sessions.py", line 589, in request
    resp = self.send(prep, **send_kwargs)
  File "/home/mburu/.local/lib/python3.8/site-packages/requests/sessions.py", line 703, in send
    r = adapter.send(request, **kwargs)
  File "/home/mburu/.local/lib/python3.8/site-packages/requests/adapters.py", line 700, in send
    raise ConnectionError(e, request=request)
requests.exceptions.ConnectionError: HTTPSConnectionPool(host='github.com', port=443): Max retries exceeded with url: /PriorLabs/TabPFN/raw/refs/tags/v1.0.0/tabpfn/models_diff/prior_diff_real_checkpoint_n_0_epoch_42.cpkt (Caused by NameResolutionError("<urllib3.connection.HTTPSConnection object at 0x7f059de3deb0>: Failed to resolve 'github.com' ([Errno -3] Temporary failure in name resolution)"))
srun: error: stud-000: task 0: Exited with exit code 1
Traceback (most recent call last):
  File "train.py", line 405, in <module>
    main_once(arguments)
  File "train.py", line 387, in main_once
    sc, time = cross_validation(model, X, y, args, visual=False, save_model=True)
  File "train.py", line 228, in cross_validation
    loss_history, val_loss_history = curr_model.fit(X_train, y_train, X_test, y_test)  # X_val, y_val)
  File "/home/mburu/Master_Thesis/master-thesis-da/DNN_Trial/models/tabpfn.py", line 20, in fit
    self.model.fit(X, y)
  File "/home/mburu/anaconda3/envs/TabSurvey/lib/python3.8/site-packages/tabpfn/scripts/transformer_prediction_interface.py", line 235, in fit
    raise ValueError("The number of features for this classifier is restricted to ", self.max_num_features)
ValueError: ('The number of features for this classifier is restricted to ', 100)
srun: error: stud-000: task 0: Exited with exit code 1
/home/mburu/anaconda3/envs/TabSurvey/lib/python3.8/site-packages/torch/utils/checkpoint.py:429: UserWarning: torch.utils.checkpoint: please pass in use_reentrant=True or use_reentrant=False explicitly. The default value of use_reentrant will be updated to be False in the future. To maintain current behavior, pass use_reentrant=True. It is recommended that you use use_reentrant=False. Refer to docs for more details on the differences between the two variants.
  warnings.warn(
/home/mburu/anaconda3/envs/TabSurvey/lib/python3.8/site-packages/torch/utils/checkpoint.py:429: UserWarning: torch.utils.checkpoint: please pass in use_reentrant=True or use_reentrant=False explicitly. The default value of use_reentrant will be updated to be False in the future. To maintain current behavior, pass use_reentrant=True. It is recommended that you use use_reentrant=False. Refer to docs for more details on the differences between the two variants.
  warnings.warn(
/home/mburu/anaconda3/envs/TabSurvey/lib/python3.8/site-packages/torch/utils/checkpoint.py:429: UserWarning: torch.utils.checkpoint: please pass in use_reentrant=True or use_reentrant=False explicitly. The default value of use_reentrant will be updated to be False in the future. To maintain current behavior, pass use_reentrant=True. It is recommended that you use use_reentrant=False. Refer to docs for more details on the differences between the two variants.
  warnings.warn(
/home/mburu/Master_Thesis/master-thesis-da/DNN_Trial/utils/io_utils.py:34: ResourceWarning: unclosed file <_io.BufferedWriter name='output/TabPFN/Sensory/models/m_0.pkl'>
  pickle.dump(model, open(filename, 'wb'))
ResourceWarning: Enable tracemalloc to get the object allocation traceback
/home/mburu/.local/lib/python3.8/site-packages/sklearn/preprocessing/_discretization.py:322: UserWarning: Bins whose width are too small (i.e., <= 1e-8) in feature 0 are removed. Consider decreasing the number of bins.
  warnings.warn(
/home/mburu/anaconda3/envs/TabSurvey/lib/python3.8/site-packages/torch/utils/checkpoint.py:429: UserWarning: torch.utils.checkpoint: please pass in use_reentrant=True or use_reentrant=False explicitly. The default value of use_reentrant will be updated to be False in the future. To maintain current behavior, pass use_reentrant=True. It is recommended that you use use_reentrant=False. Refer to docs for more details on the differences between the two variants.
  warnings.warn(
/home/mburu/anaconda3/envs/TabSurvey/lib/python3.8/site-packages/torch/utils/checkpoint.py:429: UserWarning: torch.utils.checkpoint: please pass in use_reentrant=True or use_reentrant=False explicitly. The default value of use_reentrant will be updated to be False in the future. To maintain current behavior, pass use_reentrant=True. It is recommended that you use use_reentrant=False. Refer to docs for more details on the differences between the two variants.
  warnings.warn(
/home/mburu/anaconda3/envs/TabSurvey/lib/python3.8/site-packages/torch/utils/checkpoint.py:429: UserWarning: torch.utils.checkpoint: please pass in use_reentrant=True or use_reentrant=False explicitly. The default value of use_reentrant will be updated to be False in the future. To maintain current behavior, pass use_reentrant=True. It is recommended that you use use_reentrant=False. Refer to docs for more details on the differences between the two variants.
  warnings.warn(
/home/mburu/Master_Thesis/master-thesis-da/DNN_Trial/utils/io_utils.py:34: ResourceWarning: unclosed file <_io.BufferedWriter name='output/TabPFN/Sensory/models/m_1.pkl'>
  pickle.dump(model, open(filename, 'wb'))
ResourceWarning: Enable tracemalloc to get the object allocation traceback
/home/mburu/.local/lib/python3.8/site-packages/sklearn/preprocessing/_discretization.py:322: UserWarning: Bins whose width are too small (i.e., <= 1e-8) in feature 0 are removed. Consider decreasing the number of bins.
  warnings.warn(
/home/mburu/anaconda3/envs/TabSurvey/lib/python3.8/site-packages/torch/utils/checkpoint.py:429: UserWarning: torch.utils.checkpoint: please pass in use_reentrant=True or use_reentrant=False explicitly. The default value of use_reentrant will be updated to be False in the future. To maintain current behavior, pass use_reentrant=True. It is recommended that you use use_reentrant=False. Refer to docs for more details on the differences between the two variants.
  warnings.warn(
/home/mburu/anaconda3/envs/TabSurvey/lib/python3.8/site-packages/torch/utils/checkpoint.py:429: UserWarning: torch.utils.checkpoint: please pass in use_reentrant=True or use_reentrant=False explicitly. The default value of use_reentrant will be updated to be False in the future. To maintain current behavior, pass use_reentrant=True. It is recommended that you use use_reentrant=False. Refer to docs for more details on the differences between the two variants.
  warnings.warn(
/home/mburu/anaconda3/envs/TabSurvey/lib/python3.8/site-packages/torch/utils/checkpoint.py:429: UserWarning: torch.utils.checkpoint: please pass in use_reentrant=True or use_reentrant=False explicitly. The default value of use_reentrant will be updated to be False in the future. To maintain current behavior, pass use_reentrant=True. It is recommended that you use use_reentrant=False. Refer to docs for more details on the differences between the two variants.
  warnings.warn(
/home/mburu/Master_Thesis/master-thesis-da/DNN_Trial/utils/io_utils.py:34: ResourceWarning: unclosed file <_io.BufferedWriter name='output/TabPFN/Sensory/models/m_2.pkl'>
  pickle.dump(model, open(filename, 'wb'))
ResourceWarning: Enable tracemalloc to get the object allocation traceback
/home/mburu/.local/lib/python3.8/site-packages/sklearn/preprocessing/_discretization.py:322: UserWarning: Bins whose width are too small (i.e., <= 1e-8) in feature 0 are removed. Consider decreasing the number of bins.
  warnings.warn(
/home/mburu/anaconda3/envs/TabSurvey/lib/python3.8/site-packages/torch/utils/checkpoint.py:429: UserWarning: torch.utils.checkpoint: please pass in use_reentrant=True or use_reentrant=False explicitly. The default value of use_reentrant will be updated to be False in the future. To maintain current behavior, pass use_reentrant=True. It is recommended that you use use_reentrant=False. Refer to docs for more details on the differences between the two variants.
  warnings.warn(
/home/mburu/anaconda3/envs/TabSurvey/lib/python3.8/site-packages/torch/utils/checkpoint.py:429: UserWarning: torch.utils.checkpoint: please pass in use_reentrant=True or use_reentrant=False explicitly. The default value of use_reentrant will be updated to be False in the future. To maintain current behavior, pass use_reentrant=True. It is recommended that you use use_reentrant=False. Refer to docs for more details on the differences between the two variants.
  warnings.warn(
/home/mburu/anaconda3/envs/TabSurvey/lib/python3.8/site-packages/torch/utils/checkpoint.py:429: UserWarning: torch.utils.checkpoint: please pass in use_reentrant=True or use_reentrant=False explicitly. The default value of use_reentrant will be updated to be False in the future. To maintain current behavior, pass use_reentrant=True. It is recommended that you use use_reentrant=False. Refer to docs for more details on the differences between the two variants.
  warnings.warn(
/home/mburu/Master_Thesis/master-thesis-da/DNN_Trial/utils/io_utils.py:34: ResourceWarning: unclosed file <_io.BufferedWriter name='output/TabPFN/Sensory/models/m_3.pkl'>
  pickle.dump(model, open(filename, 'wb'))
ResourceWarning: Enable tracemalloc to get the object allocation traceback
/home/mburu/.local/lib/python3.8/site-packages/sklearn/preprocessing/_discretization.py:322: UserWarning: Bins whose width are too small (i.e., <= 1e-8) in feature 0 are removed. Consider decreasing the number of bins.
  warnings.warn(
/home/mburu/anaconda3/envs/TabSurvey/lib/python3.8/site-packages/torch/utils/checkpoint.py:429: UserWarning: torch.utils.checkpoint: please pass in use_reentrant=True or use_reentrant=False explicitly. The default value of use_reentrant will be updated to be False in the future. To maintain current behavior, pass use_reentrant=True. It is recommended that you use use_reentrant=False. Refer to docs for more details on the differences between the two variants.
  warnings.warn(
/home/mburu/anaconda3/envs/TabSurvey/lib/python3.8/site-packages/torch/utils/checkpoint.py:429: UserWarning: torch.utils.checkpoint: please pass in use_reentrant=True or use_reentrant=False explicitly. The default value of use_reentrant will be updated to be False in the future. To maintain current behavior, pass use_reentrant=True. It is recommended that you use use_reentrant=False. Refer to docs for more details on the differences between the two variants.
  warnings.warn(
/home/mburu/anaconda3/envs/TabSurvey/lib/python3.8/site-packages/torch/utils/checkpoint.py:429: UserWarning: torch.utils.checkpoint: please pass in use_reentrant=True or use_reentrant=False explicitly. The default value of use_reentrant will be updated to be False in the future. To maintain current behavior, pass use_reentrant=True. It is recommended that you use use_reentrant=False. Refer to docs for more details on the differences between the two variants.
  warnings.warn(
/home/mburu/Master_Thesis/master-thesis-da/DNN_Trial/utils/io_utils.py:34: ResourceWarning: unclosed file <_io.BufferedWriter name='output/TabPFN/Sensory/models/m_4.pkl'>
  pickle.dump(model, open(filename, 'wb'))
ResourceWarning: Enable tracemalloc to get the object allocation traceback
Traceback (most recent call last):
  File "train.py", line 405, in <module>
    main_once(arguments)
  File "train.py", line 387, in main_once
    sc, time = cross_validation(model, X, y, args, visual=False, save_model=True)
  File "train.py", line 228, in cross_validation
    loss_history, val_loss_history = curr_model.fit(X_train, y_train, X_test, y_test)  # X_val, y_val)
  File "/home/mburu/Master_Thesis/master-thesis-da/DNN_Trial/models/tabpfn.py", line 20, in fit
    self.model.fit(X, y)
  File "/home/mburu/anaconda3/envs/TabSurvey/lib/python3.8/site-packages/tabpfn/scripts/transformer_prediction_interface.py", line 237, in fit
    raise ValueError("The number of classes for this classifier is restricted to ", self.max_num_classes)
ValueError: ('The number of classes for this classifier is restricted to ', 10)
srun: error: stud-000: task 0: Exited with exit code 1
