Traceback (most recent call last):
  File "/home/mburu/.local/lib/python3.8/site-packages/urllib3/connection.py", line 199, in _new_conn
    sock = connection.create_connection(
  File "/home/mburu/.local/lib/python3.8/site-packages/urllib3/util/connection.py", line 60, in create_connection
    for res in socket.getaddrinfo(host, port, family, socket.SOCK_STREAM):
  File "/home/mburu/anaconda3/envs/TabSurvey/lib/python3.8/socket.py", line 930, in getaddrinfo
    for res in _socket.getaddrinfo(host, port, family, type, proto, flags):
socket.gaierror: [Errno -3] Temporary failure in name resolution

The above exception was the direct cause of the following exception:

Traceback (most recent call last):
  File "/home/mburu/.local/lib/python3.8/site-packages/urllib3/connectionpool.py", line 789, in urlopen
    response = self._make_request(
  File "/home/mburu/.local/lib/python3.8/site-packages/urllib3/connectionpool.py", line 490, in _make_request
    raise new_e
  File "/home/mburu/.local/lib/python3.8/site-packages/urllib3/connectionpool.py", line 466, in _make_request
    self._validate_conn(conn)
  File "/home/mburu/.local/lib/python3.8/site-packages/urllib3/connectionpool.py", line 1095, in _validate_conn
    conn.connect()
  File "/home/mburu/.local/lib/python3.8/site-packages/urllib3/connection.py", line 693, in connect
    self.sock = sock = self._new_conn()
  File "/home/mburu/.local/lib/python3.8/site-packages/urllib3/connection.py", line 206, in _new_conn
    raise NameResolutionError(self.host, self, e) from e
urllib3.exceptions.NameResolutionError: <urllib3.connection.HTTPSConnection object at 0x7fed9d5affa0>: Failed to resolve 'github.com' ([Errno -3] Temporary failure in name resolution)

The above exception was the direct cause of the following exception:

Traceback (most recent call last):
  File "/home/mburu/.local/lib/python3.8/site-packages/requests/adapters.py", line 667, in send
    resp = conn.urlopen(
  File "/home/mburu/.local/lib/python3.8/site-packages/urllib3/connectionpool.py", line 843, in urlopen
    retries = retries.increment(
  File "/home/mburu/.local/lib/python3.8/site-packages/urllib3/util/retry.py", line 519, in increment
    raise MaxRetryError(_pool, url, reason) from reason  # type: ignore[arg-type]
urllib3.exceptions.MaxRetryError: HTTPSConnectionPool(host='github.com', port=443): Max retries exceeded with url: /PriorLabs/TabPFN/raw/refs/tags/v1.0.0/tabpfn/models_diff/prior_diff_real_checkpoint_n_0_epoch_42.cpkt (Caused by NameResolutionError("<urllib3.connection.HTTPSConnection object at 0x7fed9d5affa0>: Failed to resolve 'github.com' ([Errno -3] Temporary failure in name resolution)"))

During handling of the above exception, another exception occurred:

Traceback (most recent call last):
  File "train.py", line 405, in <module>
    main_once(arguments)
  File "train.py", line 382, in main_once
    model = model_name(parameters, args)
  File "/home/mburu/Master_Thesis/master-thesis-da/DNN_Trial/models/tabpfn.py", line 13, in __init__
    self.model = TabPFNClassifier()
  File "/home/mburu/anaconda3/envs/TabSurvey/lib/python3.8/site-packages/tabpfn/scripts/transformer_prediction_interface.py", line 153, in __init__
    model, c, results_file = load_model_workflow(i, -1, add_name=model_string, base_path=base_path, device=device,
  File "/home/mburu/anaconda3/envs/TabSurvey/lib/python3.8/site-packages/tabpfn/scripts/transformer_prediction_interface.py", line 80, in load_model_workflow
    model_file_, model_path_, results_file_ = check_file(e_)
  File "/home/mburu/anaconda3/envs/TabSurvey/lib/python3.8/site-packages/tabpfn/scripts/transformer_prediction_interface.py", line 72, in check_file
    r = requests.get(url, allow_redirects=True)
  File "/home/mburu/.local/lib/python3.8/site-packages/requests/api.py", line 73, in get
    return request("get", url, params=params, **kwargs)
  File "/home/mburu/.local/lib/python3.8/site-packages/requests/api.py", line 59, in request
    return session.request(method=method, url=url, **kwargs)
  File "/home/mburu/.local/lib/python3.8/site-packages/requests/sessions.py", line 589, in request
    resp = self.send(prep, **send_kwargs)
  File "/home/mburu/.local/lib/python3.8/site-packages/requests/sessions.py", line 703, in send
    r = adapter.send(request, **kwargs)
  File "/home/mburu/.local/lib/python3.8/site-packages/requests/adapters.py", line 700, in send
    raise ConnectionError(e, request=request)
requests.exceptions.ConnectionError: HTTPSConnectionPool(host='github.com', port=443): Max retries exceeded with url: /PriorLabs/TabPFN/raw/refs/tags/v1.0.0/tabpfn/models_diff/prior_diff_real_checkpoint_n_0_epoch_42.cpkt (Caused by NameResolutionError("<urllib3.connection.HTTPSConnection object at 0x7fed9d5affa0>: Failed to resolve 'github.com' ([Errno -3] Temporary failure in name resolution)"))
srun: error: stud-000: task 0: Exited with exit code 1
Traceback (most recent call last):
  File "/home/mburu/.local/lib/python3.8/site-packages/urllib3/connection.py", line 199, in _new_conn
    sock = connection.create_connection(
  File "/home/mburu/.local/lib/python3.8/site-packages/urllib3/util/connection.py", line 60, in create_connection
    for res in socket.getaddrinfo(host, port, family, socket.SOCK_STREAM):
  File "/home/mburu/anaconda3/envs/TabSurvey/lib/python3.8/socket.py", line 930, in getaddrinfo
    for res in _socket.getaddrinfo(host, port, family, type, proto, flags):
socket.gaierror: [Errno -3] Temporary failure in name resolution

The above exception was the direct cause of the following exception:

Traceback (most recent call last):
  File "/home/mburu/.local/lib/python3.8/site-packages/urllib3/connectionpool.py", line 789, in urlopen
    response = self._make_request(
  File "/home/mburu/.local/lib/python3.8/site-packages/urllib3/connectionpool.py", line 490, in _make_request
    raise new_e
  File "/home/mburu/.local/lib/python3.8/site-packages/urllib3/connectionpool.py", line 466, in _make_request
    self._validate_conn(conn)
  File "/home/mburu/.local/lib/python3.8/site-packages/urllib3/connectionpool.py", line 1095, in _validate_conn
    conn.connect()
  File "/home/mburu/.local/lib/python3.8/site-packages/urllib3/connection.py", line 693, in connect
    self.sock = sock = self._new_conn()
  File "/home/mburu/.local/lib/python3.8/site-packages/urllib3/connection.py", line 206, in _new_conn
    raise NameResolutionError(self.host, self, e) from e
urllib3.exceptions.NameResolutionError: <urllib3.connection.HTTPSConnection object at 0x7fc190dc0040>: Failed to resolve 'github.com' ([Errno -3] Temporary failure in name resolution)

The above exception was the direct cause of the following exception:

Traceback (most recent call last):
  File "/home/mburu/.local/lib/python3.8/site-packages/requests/adapters.py", line 667, in send
    resp = conn.urlopen(
  File "/home/mburu/.local/lib/python3.8/site-packages/urllib3/connectionpool.py", line 843, in urlopen
    retries = retries.increment(
  File "/home/mburu/.local/lib/python3.8/site-packages/urllib3/util/retry.py", line 519, in increment
    raise MaxRetryError(_pool, url, reason) from reason  # type: ignore[arg-type]
urllib3.exceptions.MaxRetryError: HTTPSConnectionPool(host='github.com', port=443): Max retries exceeded with url: /PriorLabs/TabPFN/raw/refs/tags/v1.0.0/tabpfn/models_diff/prior_diff_real_checkpoint_n_0_epoch_42.cpkt (Caused by NameResolutionError("<urllib3.connection.HTTPSConnection object at 0x7fc190dc0040>: Failed to resolve 'github.com' ([Errno -3] Temporary failure in name resolution)"))

During handling of the above exception, another exception occurred:

Traceback (most recent call last):
  File "train.py", line 405, in <module>
    main_once(arguments)
  File "train.py", line 382, in main_once
    model = model_name(parameters, args)
  File "/home/mburu/Master_Thesis/master-thesis-da/DNN_Trial/models/tabpfn.py", line 13, in __init__
    self.model = TabPFNClassifier()
  File "/home/mburu/anaconda3/envs/TabSurvey/lib/python3.8/site-packages/tabpfn/scripts/transformer_prediction_interface.py", line 153, in __init__
    model, c, results_file = load_model_workflow(i, -1, add_name=model_string, base_path=base_path, device=device,
  File "/home/mburu/anaconda3/envs/TabSurvey/lib/python3.8/site-packages/tabpfn/scripts/transformer_prediction_interface.py", line 80, in load_model_workflow
    model_file_, model_path_, results_file_ = check_file(e_)
  File "/home/mburu/anaconda3/envs/TabSurvey/lib/python3.8/site-packages/tabpfn/scripts/transformer_prediction_interface.py", line 72, in check_file
    r = requests.get(url, allow_redirects=True)
  File "/home/mburu/.local/lib/python3.8/site-packages/requests/api.py", line 73, in get
    return request("get", url, params=params, **kwargs)
  File "/home/mburu/.local/lib/python3.8/site-packages/requests/api.py", line 59, in request
    return session.request(method=method, url=url, **kwargs)
  File "/home/mburu/.local/lib/python3.8/site-packages/requests/sessions.py", line 589, in request
    resp = self.send(prep, **send_kwargs)
  File "/home/mburu/.local/lib/python3.8/site-packages/requests/sessions.py", line 703, in send
    r = adapter.send(request, **kwargs)
  File "/home/mburu/.local/lib/python3.8/site-packages/requests/adapters.py", line 700, in send
    raise ConnectionError(e, request=request)
requests.exceptions.ConnectionError: HTTPSConnectionPool(host='github.com', port=443): Max retries exceeded with url: /PriorLabs/TabPFN/raw/refs/tags/v1.0.0/tabpfn/models_diff/prior_diff_real_checkpoint_n_0_epoch_42.cpkt (Caused by NameResolutionError("<urllib3.connection.HTTPSConnection object at 0x7fc190dc0040>: Failed to resolve 'github.com' ([Errno -3] Temporary failure in name resolution)"))
srun: error: stud-000: task 0: Exited with exit code 1
Traceback (most recent call last):
  File "/home/mburu/.local/lib/python3.8/site-packages/urllib3/connection.py", line 199, in _new_conn
    sock = connection.create_connection(
  File "/home/mburu/.local/lib/python3.8/site-packages/urllib3/util/connection.py", line 60, in create_connection
    for res in socket.getaddrinfo(host, port, family, socket.SOCK_STREAM):
  File "/home/mburu/anaconda3/envs/TabSurvey/lib/python3.8/socket.py", line 930, in getaddrinfo
    for res in _socket.getaddrinfo(host, port, family, type, proto, flags):
socket.gaierror: [Errno -3] Temporary failure in name resolution

The above exception was the direct cause of the following exception:

Traceback (most recent call last):
  File "/home/mburu/.local/lib/python3.8/site-packages/urllib3/connectionpool.py", line 789, in urlopen
    response = self._make_request(
  File "/home/mburu/.local/lib/python3.8/site-packages/urllib3/connectionpool.py", line 490, in _make_request
    raise new_e
  File "/home/mburu/.local/lib/python3.8/site-packages/urllib3/connectionpool.py", line 466, in _make_request
    self._validate_conn(conn)
  File "/home/mburu/.local/lib/python3.8/site-packages/urllib3/connectionpool.py", line 1095, in _validate_conn
    conn.connect()
  File "/home/mburu/.local/lib/python3.8/site-packages/urllib3/connection.py", line 693, in connect
    self.sock = sock = self._new_conn()
  File "/home/mburu/.local/lib/python3.8/site-packages/urllib3/connection.py", line 206, in _new_conn
    raise NameResolutionError(self.host, self, e) from e
urllib3.exceptions.NameResolutionError: <urllib3.connection.HTTPSConnection object at 0x7fa4ca0a5fa0>: Failed to resolve 'github.com' ([Errno -3] Temporary failure in name resolution)

The above exception was the direct cause of the following exception:

Traceback (most recent call last):
  File "/home/mburu/.local/lib/python3.8/site-packages/requests/adapters.py", line 667, in send
    resp = conn.urlopen(
  File "/home/mburu/.local/lib/python3.8/site-packages/urllib3/connectionpool.py", line 843, in urlopen
    retries = retries.increment(
  File "/home/mburu/.local/lib/python3.8/site-packages/urllib3/util/retry.py", line 519, in increment
    raise MaxRetryError(_pool, url, reason) from reason  # type: ignore[arg-type]
urllib3.exceptions.MaxRetryError: HTTPSConnectionPool(host='github.com', port=443): Max retries exceeded with url: /PriorLabs/TabPFN/raw/refs/tags/v1.0.0/tabpfn/models_diff/prior_diff_real_checkpoint_n_0_epoch_42.cpkt (Caused by NameResolutionError("<urllib3.connection.HTTPSConnection object at 0x7fa4ca0a5fa0>: Failed to resolve 'github.com' ([Errno -3] Temporary failure in name resolution)"))

During handling of the above exception, another exception occurred:

Traceback (most recent call last):
  File "train.py", line 405, in <module>
    main_once(arguments)
  File "train.py", line 382, in main_once
    model = model_name(parameters, args)
  File "/home/mburu/Master_Thesis/master-thesis-da/DNN_Trial/models/tabpfn.py", line 13, in __init__
    self.model = TabPFNClassifier()
  File "/home/mburu/anaconda3/envs/TabSurvey/lib/python3.8/site-packages/tabpfn/scripts/transformer_prediction_interface.py", line 153, in __init__
    model, c, results_file = load_model_workflow(i, -1, add_name=model_string, base_path=base_path, device=device,
  File "/home/mburu/anaconda3/envs/TabSurvey/lib/python3.8/site-packages/tabpfn/scripts/transformer_prediction_interface.py", line 80, in load_model_workflow
    model_file_, model_path_, results_file_ = check_file(e_)
  File "/home/mburu/anaconda3/envs/TabSurvey/lib/python3.8/site-packages/tabpfn/scripts/transformer_prediction_interface.py", line 72, in check_file
    r = requests.get(url, allow_redirects=True)
  File "/home/mburu/.local/lib/python3.8/site-packages/requests/api.py", line 73, in get
    return request("get", url, params=params, **kwargs)
  File "/home/mburu/.local/lib/python3.8/site-packages/requests/api.py", line 59, in request
    return session.request(method=method, url=url, **kwargs)
  File "/home/mburu/.local/lib/python3.8/site-packages/requests/sessions.py", line 589, in request
    resp = self.send(prep, **send_kwargs)
  File "/home/mburu/.local/lib/python3.8/site-packages/requests/sessions.py", line 703, in send
    r = adapter.send(request, **kwargs)
  File "/home/mburu/.local/lib/python3.8/site-packages/requests/adapters.py", line 700, in send
    raise ConnectionError(e, request=request)
requests.exceptions.ConnectionError: HTTPSConnectionPool(host='github.com', port=443): Max retries exceeded with url: /PriorLabs/TabPFN/raw/refs/tags/v1.0.0/tabpfn/models_diff/prior_diff_real_checkpoint_n_0_epoch_42.cpkt (Caused by NameResolutionError("<urllib3.connection.HTTPSConnection object at 0x7fa4ca0a5fa0>: Failed to resolve 'github.com' ([Errno -3] Temporary failure in name resolution)"))
srun: error: stud-000: task 0: Exited with exit code 1
Traceback (most recent call last):
  File "/home/mburu/.local/lib/python3.8/site-packages/urllib3/connection.py", line 199, in _new_conn
    sock = connection.create_connection(
  File "/home/mburu/.local/lib/python3.8/site-packages/urllib3/util/connection.py", line 60, in create_connection
    for res in socket.getaddrinfo(host, port, family, socket.SOCK_STREAM):
  File "/home/mburu/anaconda3/envs/TabSurvey/lib/python3.8/socket.py", line 930, in getaddrinfo
    for res in _socket.getaddrinfo(host, port, family, type, proto, flags):
socket.gaierror: [Errno -3] Temporary failure in name resolution

The above exception was the direct cause of the following exception:

Traceback (most recent call last):
  File "/home/mburu/.local/lib/python3.8/site-packages/urllib3/connectionpool.py", line 789, in urlopen
    response = self._make_request(
  File "/home/mburu/.local/lib/python3.8/site-packages/urllib3/connectionpool.py", line 490, in _make_request
    raise new_e
  File "/home/mburu/.local/lib/python3.8/site-packages/urllib3/connectionpool.py", line 466, in _make_request
    self._validate_conn(conn)
  File "/home/mburu/.local/lib/python3.8/site-packages/urllib3/connectionpool.py", line 1095, in _validate_conn
    conn.connect()
  File "/home/mburu/.local/lib/python3.8/site-packages/urllib3/connection.py", line 693, in connect
    self.sock = sock = self._new_conn()
  File "/home/mburu/.local/lib/python3.8/site-packages/urllib3/connection.py", line 206, in _new_conn
    raise NameResolutionError(self.host, self, e) from e
urllib3.exceptions.NameResolutionError: <urllib3.connection.HTTPSConnection object at 0x7fb634e3ff70>: Failed to resolve 'github.com' ([Errno -3] Temporary failure in name resolution)

The above exception was the direct cause of the following exception:

Traceback (most recent call last):
  File "/home/mburu/.local/lib/python3.8/site-packages/requests/adapters.py", line 667, in send
    resp = conn.urlopen(
  File "/home/mburu/.local/lib/python3.8/site-packages/urllib3/connectionpool.py", line 843, in urlopen
    retries = retries.increment(
  File "/home/mburu/.local/lib/python3.8/site-packages/urllib3/util/retry.py", line 519, in increment
    raise MaxRetryError(_pool, url, reason) from reason  # type: ignore[arg-type]
urllib3.exceptions.MaxRetryError: HTTPSConnectionPool(host='github.com', port=443): Max retries exceeded with url: /PriorLabs/TabPFN/raw/refs/tags/v1.0.0/tabpfn/models_diff/prior_diff_real_checkpoint_n_0_epoch_42.cpkt (Caused by NameResolutionError("<urllib3.connection.HTTPSConnection object at 0x7fb634e3ff70>: Failed to resolve 'github.com' ([Errno -3] Temporary failure in name resolution)"))

During handling of the above exception, another exception occurred:

Traceback (most recent call last):
  File "train.py", line 405, in <module>
    main_once(arguments)
  File "train.py", line 382, in main_once
    model = model_name(parameters, args)
  File "/home/mburu/Master_Thesis/master-thesis-da/DNN_Trial/models/tabpfn.py", line 13, in __init__
    self.model = TabPFNClassifier()
  File "/home/mburu/anaconda3/envs/TabSurvey/lib/python3.8/site-packages/tabpfn/scripts/transformer_prediction_interface.py", line 153, in __init__
    model, c, results_file = load_model_workflow(i, -1, add_name=model_string, base_path=base_path, device=device,
  File "/home/mburu/anaconda3/envs/TabSurvey/lib/python3.8/site-packages/tabpfn/scripts/transformer_prediction_interface.py", line 80, in load_model_workflow
    model_file_, model_path_, results_file_ = check_file(e_)
  File "/home/mburu/anaconda3/envs/TabSurvey/lib/python3.8/site-packages/tabpfn/scripts/transformer_prediction_interface.py", line 72, in check_file
    r = requests.get(url, allow_redirects=True)
  File "/home/mburu/.local/lib/python3.8/site-packages/requests/api.py", line 73, in get
    return request("get", url, params=params, **kwargs)
  File "/home/mburu/.local/lib/python3.8/site-packages/requests/api.py", line 59, in request
    return session.request(method=method, url=url, **kwargs)
  File "/home/mburu/.local/lib/python3.8/site-packages/requests/sessions.py", line 589, in request
    resp = self.send(prep, **send_kwargs)
  File "/home/mburu/.local/lib/python3.8/site-packages/requests/sessions.py", line 703, in send
    r = adapter.send(request, **kwargs)
  File "/home/mburu/.local/lib/python3.8/site-packages/requests/adapters.py", line 700, in send
    raise ConnectionError(e, request=request)
requests.exceptions.ConnectionError: HTTPSConnectionPool(host='github.com', port=443): Max retries exceeded with url: /PriorLabs/TabPFN/raw/refs/tags/v1.0.0/tabpfn/models_diff/prior_diff_real_checkpoint_n_0_epoch_42.cpkt (Caused by NameResolutionError("<urllib3.connection.HTTPSConnection object at 0x7fb634e3ff70>: Failed to resolve 'github.com' ([Errno -3] Temporary failure in name resolution)"))
srun: error: stud-000: task 0: Exited with exit code 1
Traceback (most recent call last):
  File "/home/mburu/.local/lib/python3.8/site-packages/urllib3/connection.py", line 199, in _new_conn
    sock = connection.create_connection(
  File "/home/mburu/.local/lib/python3.8/site-packages/urllib3/util/connection.py", line 60, in create_connection
    for res in socket.getaddrinfo(host, port, family, socket.SOCK_STREAM):
  File "/home/mburu/anaconda3/envs/TabSurvey/lib/python3.8/socket.py", line 930, in getaddrinfo
    for res in _socket.getaddrinfo(host, port, family, type, proto, flags):
socket.gaierror: [Errno -3] Temporary failure in name resolution

The above exception was the direct cause of the following exception:

Traceback (most recent call last):
  File "/home/mburu/.local/lib/python3.8/site-packages/urllib3/connectionpool.py", line 789, in urlopen
    response = self._make_request(
  File "/home/mburu/.local/lib/python3.8/site-packages/urllib3/connectionpool.py", line 490, in _make_request
    raise new_e
  File "/home/mburu/.local/lib/python3.8/site-packages/urllib3/connectionpool.py", line 466, in _make_request
    self._validate_conn(conn)
  File "/home/mburu/.local/lib/python3.8/site-packages/urllib3/connectionpool.py", line 1095, in _validate_conn
    conn.connect()
  File "/home/mburu/.local/lib/python3.8/site-packages/urllib3/connection.py", line 693, in connect
    self.sock = sock = self._new_conn()
  File "/home/mburu/.local/lib/python3.8/site-packages/urllib3/connection.py", line 206, in _new_conn
    raise NameResolutionError(self.host, self, e) from e
urllib3.exceptions.NameResolutionError: <urllib3.connection.HTTPSConnection object at 0x7fe515a18f70>: Failed to resolve 'github.com' ([Errno -3] Temporary failure in name resolution)

The above exception was the direct cause of the following exception:

Traceback (most recent call last):
  File "/home/mburu/.local/lib/python3.8/site-packages/requests/adapters.py", line 667, in send
    resp = conn.urlopen(
  File "/home/mburu/.local/lib/python3.8/site-packages/urllib3/connectionpool.py", line 843, in urlopen
    retries = retries.increment(
  File "/home/mburu/.local/lib/python3.8/site-packages/urllib3/util/retry.py", line 519, in increment
    raise MaxRetryError(_pool, url, reason) from reason  # type: ignore[arg-type]
urllib3.exceptions.MaxRetryError: HTTPSConnectionPool(host='github.com', port=443): Max retries exceeded with url: /PriorLabs/TabPFN/raw/refs/tags/v1.0.0/tabpfn/models_diff/prior_diff_real_checkpoint_n_0_epoch_42.cpkt (Caused by NameResolutionError("<urllib3.connection.HTTPSConnection object at 0x7fe515a18f70>: Failed to resolve 'github.com' ([Errno -3] Temporary failure in name resolution)"))

During handling of the above exception, another exception occurred:

Traceback (most recent call last):
  File "train.py", line 405, in <module>
    main_once(arguments)
  File "train.py", line 382, in main_once
    model = model_name(parameters, args)
  File "/home/mburu/Master_Thesis/master-thesis-da/DNN_Trial/models/tabpfn.py", line 13, in __init__
    self.model = TabPFNClassifier()
  File "/home/mburu/anaconda3/envs/TabSurvey/lib/python3.8/site-packages/tabpfn/scripts/transformer_prediction_interface.py", line 153, in __init__
    model, c, results_file = load_model_workflow(i, -1, add_name=model_string, base_path=base_path, device=device,
  File "/home/mburu/anaconda3/envs/TabSurvey/lib/python3.8/site-packages/tabpfn/scripts/transformer_prediction_interface.py", line 80, in load_model_workflow
    model_file_, model_path_, results_file_ = check_file(e_)
  File "/home/mburu/anaconda3/envs/TabSurvey/lib/python3.8/site-packages/tabpfn/scripts/transformer_prediction_interface.py", line 72, in check_file
    r = requests.get(url, allow_redirects=True)
  File "/home/mburu/.local/lib/python3.8/site-packages/requests/api.py", line 73, in get
    return request("get", url, params=params, **kwargs)
  File "/home/mburu/.local/lib/python3.8/site-packages/requests/api.py", line 59, in request
    return session.request(method=method, url=url, **kwargs)
  File "/home/mburu/.local/lib/python3.8/site-packages/requests/sessions.py", line 589, in request
    resp = self.send(prep, **send_kwargs)
  File "/home/mburu/.local/lib/python3.8/site-packages/requests/sessions.py", line 703, in send
    r = adapter.send(request, **kwargs)
  File "/home/mburu/.local/lib/python3.8/site-packages/requests/adapters.py", line 700, in send
    raise ConnectionError(e, request=request)
requests.exceptions.ConnectionError: HTTPSConnectionPool(host='github.com', port=443): Max retries exceeded with url: /PriorLabs/TabPFN/raw/refs/tags/v1.0.0/tabpfn/models_diff/prior_diff_real_checkpoint_n_0_epoch_42.cpkt (Caused by NameResolutionError("<urllib3.connection.HTTPSConnection object at 0x7fe515a18f70>: Failed to resolve 'github.com' ([Errno -3] Temporary failure in name resolution)"))
srun: error: stud-000: task 0: Exited with exit code 1
Traceback (most recent call last):
  File "/home/mburu/.local/lib/python3.8/site-packages/urllib3/connection.py", line 199, in _new_conn
    sock = connection.create_connection(
  File "/home/mburu/.local/lib/python3.8/site-packages/urllib3/util/connection.py", line 60, in create_connection
    for res in socket.getaddrinfo(host, port, family, socket.SOCK_STREAM):
  File "/home/mburu/anaconda3/envs/TabSurvey/lib/python3.8/socket.py", line 930, in getaddrinfo
    for res in _socket.getaddrinfo(host, port, family, type, proto, flags):
socket.gaierror: [Errno -3] Temporary failure in name resolution

The above exception was the direct cause of the following exception:

Traceback (most recent call last):
  File "/home/mburu/.local/lib/python3.8/site-packages/urllib3/connectionpool.py", line 789, in urlopen
    response = self._make_request(
  File "/home/mburu/.local/lib/python3.8/site-packages/urllib3/connectionpool.py", line 490, in _make_request
    raise new_e
  File "/home/mburu/.local/lib/python3.8/site-packages/urllib3/connectionpool.py", line 466, in _make_request
    self._validate_conn(conn)
  File "/home/mburu/.local/lib/python3.8/site-packages/urllib3/connectionpool.py", line 1095, in _validate_conn
    conn.connect()
  File "/home/mburu/.local/lib/python3.8/site-packages/urllib3/connection.py", line 693, in connect
    self.sock = sock = self._new_conn()
  File "/home/mburu/.local/lib/python3.8/site-packages/urllib3/connection.py", line 206, in _new_conn
    raise NameResolutionError(self.host, self, e) from e
urllib3.exceptions.NameResolutionError: <urllib3.connection.HTTPSConnection object at 0x7fcfbc1c2070>: Failed to resolve 'github.com' ([Errno -3] Temporary failure in name resolution)

The above exception was the direct cause of the following exception:

Traceback (most recent call last):
  File "/home/mburu/.local/lib/python3.8/site-packages/requests/adapters.py", line 667, in send
    resp = conn.urlopen(
  File "/home/mburu/.local/lib/python3.8/site-packages/urllib3/connectionpool.py", line 843, in urlopen
    retries = retries.increment(
  File "/home/mburu/.local/lib/python3.8/site-packages/urllib3/util/retry.py", line 519, in increment
    raise MaxRetryError(_pool, url, reason) from reason  # type: ignore[arg-type]
urllib3.exceptions.MaxRetryError: HTTPSConnectionPool(host='github.com', port=443): Max retries exceeded with url: /PriorLabs/TabPFN/raw/refs/tags/v1.0.0/tabpfn/models_diff/prior_diff_real_checkpoint_n_0_epoch_42.cpkt (Caused by NameResolutionError("<urllib3.connection.HTTPSConnection object at 0x7fcfbc1c2070>: Failed to resolve 'github.com' ([Errno -3] Temporary failure in name resolution)"))

During handling of the above exception, another exception occurred:

Traceback (most recent call last):
  File "train.py", line 405, in <module>
    main_once(arguments)
  File "train.py", line 382, in main_once
    model = model_name(parameters, args)
  File "/home/mburu/Master_Thesis/master-thesis-da/DNN_Trial/models/tabpfn.py", line 13, in __init__
    self.model = TabPFNClassifier()
  File "/home/mburu/anaconda3/envs/TabSurvey/lib/python3.8/site-packages/tabpfn/scripts/transformer_prediction_interface.py", line 153, in __init__
    model, c, results_file = load_model_workflow(i, -1, add_name=model_string, base_path=base_path, device=device,
  File "/home/mburu/anaconda3/envs/TabSurvey/lib/python3.8/site-packages/tabpfn/scripts/transformer_prediction_interface.py", line 80, in load_model_workflow
    model_file_, model_path_, results_file_ = check_file(e_)
  File "/home/mburu/anaconda3/envs/TabSurvey/lib/python3.8/site-packages/tabpfn/scripts/transformer_prediction_interface.py", line 72, in check_file
    r = requests.get(url, allow_redirects=True)
  File "/home/mburu/.local/lib/python3.8/site-packages/requests/api.py", line 73, in get
    return request("get", url, params=params, **kwargs)
  File "/home/mburu/.local/lib/python3.8/site-packages/requests/api.py", line 59, in request
    return session.request(method=method, url=url, **kwargs)
  File "/home/mburu/.local/lib/python3.8/site-packages/requests/sessions.py", line 589, in request
    resp = self.send(prep, **send_kwargs)
  File "/home/mburu/.local/lib/python3.8/site-packages/requests/sessions.py", line 703, in send
    r = adapter.send(request, **kwargs)
  File "/home/mburu/.local/lib/python3.8/site-packages/requests/adapters.py", line 700, in send
    raise ConnectionError(e, request=request)
requests.exceptions.ConnectionError: HTTPSConnectionPool(host='github.com', port=443): Max retries exceeded with url: /PriorLabs/TabPFN/raw/refs/tags/v1.0.0/tabpfn/models_diff/prior_diff_real_checkpoint_n_0_epoch_42.cpkt (Caused by NameResolutionError("<urllib3.connection.HTTPSConnection object at 0x7fcfbc1c2070>: Failed to resolve 'github.com' ([Errno -3] Temporary failure in name resolution)"))
srun: error: stud-000: task 0: Exited with exit code 1
Traceback (most recent call last):
  File "/home/mburu/.local/lib/python3.8/site-packages/urllib3/connection.py", line 199, in _new_conn
    sock = connection.create_connection(
  File "/home/mburu/.local/lib/python3.8/site-packages/urllib3/util/connection.py", line 60, in create_connection
    for res in socket.getaddrinfo(host, port, family, socket.SOCK_STREAM):
  File "/home/mburu/anaconda3/envs/TabSurvey/lib/python3.8/socket.py", line 930, in getaddrinfo
    for res in _socket.getaddrinfo(host, port, family, type, proto, flags):
socket.gaierror: [Errno -3] Temporary failure in name resolution

The above exception was the direct cause of the following exception:

Traceback (most recent call last):
  File "/home/mburu/.local/lib/python3.8/site-packages/urllib3/connectionpool.py", line 789, in urlopen
    response = self._make_request(
  File "/home/mburu/.local/lib/python3.8/site-packages/urllib3/connectionpool.py", line 490, in _make_request
    raise new_e
  File "/home/mburu/.local/lib/python3.8/site-packages/urllib3/connectionpool.py", line 466, in _make_request
    self._validate_conn(conn)
  File "/home/mburu/.local/lib/python3.8/site-packages/urllib3/connectionpool.py", line 1095, in _validate_conn
    conn.connect()
  File "/home/mburu/.local/lib/python3.8/site-packages/urllib3/connection.py", line 693, in connect
    self.sock = sock = self._new_conn()
  File "/home/mburu/.local/lib/python3.8/site-packages/urllib3/connection.py", line 206, in _new_conn
    raise NameResolutionError(self.host, self, e) from e
urllib3.exceptions.NameResolutionError: <urllib3.connection.HTTPSConnection object at 0x7fdff403f040>: Failed to resolve 'github.com' ([Errno -3] Temporary failure in name resolution)

The above exception was the direct cause of the following exception:

Traceback (most recent call last):
  File "/home/mburu/.local/lib/python3.8/site-packages/requests/adapters.py", line 667, in send
    resp = conn.urlopen(
  File "/home/mburu/.local/lib/python3.8/site-packages/urllib3/connectionpool.py", line 843, in urlopen
    retries = retries.increment(
  File "/home/mburu/.local/lib/python3.8/site-packages/urllib3/util/retry.py", line 519, in increment
    raise MaxRetryError(_pool, url, reason) from reason  # type: ignore[arg-type]
urllib3.exceptions.MaxRetryError: HTTPSConnectionPool(host='github.com', port=443): Max retries exceeded with url: /PriorLabs/TabPFN/raw/refs/tags/v1.0.0/tabpfn/models_diff/prior_diff_real_checkpoint_n_0_epoch_42.cpkt (Caused by NameResolutionError("<urllib3.connection.HTTPSConnection object at 0x7fdff403f040>: Failed to resolve 'github.com' ([Errno -3] Temporary failure in name resolution)"))

During handling of the above exception, another exception occurred:

Traceback (most recent call last):
  File "train.py", line 405, in <module>
    main_once(arguments)
  File "train.py", line 382, in main_once
    model = model_name(parameters, args)
  File "/home/mburu/Master_Thesis/master-thesis-da/DNN_Trial/models/tabpfn.py", line 13, in __init__
    self.model = TabPFNClassifier()
  File "/home/mburu/anaconda3/envs/TabSurvey/lib/python3.8/site-packages/tabpfn/scripts/transformer_prediction_interface.py", line 153, in __init__
    model, c, results_file = load_model_workflow(i, -1, add_name=model_string, base_path=base_path, device=device,
  File "/home/mburu/anaconda3/envs/TabSurvey/lib/python3.8/site-packages/tabpfn/scripts/transformer_prediction_interface.py", line 80, in load_model_workflow
    model_file_, model_path_, results_file_ = check_file(e_)
  File "/home/mburu/anaconda3/envs/TabSurvey/lib/python3.8/site-packages/tabpfn/scripts/transformer_prediction_interface.py", line 72, in check_file
    r = requests.get(url, allow_redirects=True)
  File "/home/mburu/.local/lib/python3.8/site-packages/requests/api.py", line 73, in get
    return request("get", url, params=params, **kwargs)
  File "/home/mburu/.local/lib/python3.8/site-packages/requests/api.py", line 59, in request
    return session.request(method=method, url=url, **kwargs)
  File "/home/mburu/.local/lib/python3.8/site-packages/requests/sessions.py", line 589, in request
    resp = self.send(prep, **send_kwargs)
  File "/home/mburu/.local/lib/python3.8/site-packages/requests/sessions.py", line 703, in send
    r = adapter.send(request, **kwargs)
  File "/home/mburu/.local/lib/python3.8/site-packages/requests/adapters.py", line 700, in send
    raise ConnectionError(e, request=request)
requests.exceptions.ConnectionError: HTTPSConnectionPool(host='github.com', port=443): Max retries exceeded with url: /PriorLabs/TabPFN/raw/refs/tags/v1.0.0/tabpfn/models_diff/prior_diff_real_checkpoint_n_0_epoch_42.cpkt (Caused by NameResolutionError("<urllib3.connection.HTTPSConnection object at 0x7fdff403f040>: Failed to resolve 'github.com' ([Errno -3] Temporary failure in name resolution)"))
srun: error: stud-000: task 0: Exited with exit code 1
Traceback (most recent call last):
  File "/home/mburu/.local/lib/python3.8/site-packages/urllib3/connection.py", line 199, in _new_conn
    sock = connection.create_connection(
  File "/home/mburu/.local/lib/python3.8/site-packages/urllib3/util/connection.py", line 60, in create_connection
    for res in socket.getaddrinfo(host, port, family, socket.SOCK_STREAM):
  File "/home/mburu/anaconda3/envs/TabSurvey/lib/python3.8/socket.py", line 930, in getaddrinfo
    for res in _socket.getaddrinfo(host, port, family, type, proto, flags):
socket.gaierror: [Errno -3] Temporary failure in name resolution

The above exception was the direct cause of the following exception:

Traceback (most recent call last):
  File "/home/mburu/.local/lib/python3.8/site-packages/urllib3/connectionpool.py", line 789, in urlopen
    response = self._make_request(
  File "/home/mburu/.local/lib/python3.8/site-packages/urllib3/connectionpool.py", line 490, in _make_request
    raise new_e
  File "/home/mburu/.local/lib/python3.8/site-packages/urllib3/connectionpool.py", line 466, in _make_request
    self._validate_conn(conn)
  File "/home/mburu/.local/lib/python3.8/site-packages/urllib3/connectionpool.py", line 1095, in _validate_conn
    conn.connect()
  File "/home/mburu/.local/lib/python3.8/site-packages/urllib3/connection.py", line 693, in connect
    self.sock = sock = self._new_conn()
  File "/home/mburu/.local/lib/python3.8/site-packages/urllib3/connection.py", line 206, in _new_conn
    raise NameResolutionError(self.host, self, e) from e
urllib3.exceptions.NameResolutionError: <urllib3.connection.HTTPSConnection object at 0x7f5e15f20f70>: Failed to resolve 'github.com' ([Errno -3] Temporary failure in name resolution)

The above exception was the direct cause of the following exception:

Traceback (most recent call last):
  File "/home/mburu/.local/lib/python3.8/site-packages/requests/adapters.py", line 667, in send
    resp = conn.urlopen(
  File "/home/mburu/.local/lib/python3.8/site-packages/urllib3/connectionpool.py", line 843, in urlopen
    retries = retries.increment(
  File "/home/mburu/.local/lib/python3.8/site-packages/urllib3/util/retry.py", line 519, in increment
    raise MaxRetryError(_pool, url, reason) from reason  # type: ignore[arg-type]
urllib3.exceptions.MaxRetryError: HTTPSConnectionPool(host='github.com', port=443): Max retries exceeded with url: /PriorLabs/TabPFN/raw/refs/tags/v1.0.0/tabpfn/models_diff/prior_diff_real_checkpoint_n_0_epoch_42.cpkt (Caused by NameResolutionError("<urllib3.connection.HTTPSConnection object at 0x7f5e15f20f70>: Failed to resolve 'github.com' ([Errno -3] Temporary failure in name resolution)"))

During handling of the above exception, another exception occurred:

Traceback (most recent call last):
  File "train.py", line 405, in <module>
    main_once(arguments)
  File "train.py", line 382, in main_once
    model = model_name(parameters, args)
  File "/home/mburu/Master_Thesis/master-thesis-da/DNN_Trial/models/tabpfn.py", line 13, in __init__
    self.model = TabPFNClassifier()
  File "/home/mburu/anaconda3/envs/TabSurvey/lib/python3.8/site-packages/tabpfn/scripts/transformer_prediction_interface.py", line 153, in __init__
    model, c, results_file = load_model_workflow(i, -1, add_name=model_string, base_path=base_path, device=device,
  File "/home/mburu/anaconda3/envs/TabSurvey/lib/python3.8/site-packages/tabpfn/scripts/transformer_prediction_interface.py", line 80, in load_model_workflow
    model_file_, model_path_, results_file_ = check_file(e_)
  File "/home/mburu/anaconda3/envs/TabSurvey/lib/python3.8/site-packages/tabpfn/scripts/transformer_prediction_interface.py", line 72, in check_file
    r = requests.get(url, allow_redirects=True)
  File "/home/mburu/.local/lib/python3.8/site-packages/requests/api.py", line 73, in get
    return request("get", url, params=params, **kwargs)
  File "/home/mburu/.local/lib/python3.8/site-packages/requests/api.py", line 59, in request
    return session.request(method=method, url=url, **kwargs)
  File "/home/mburu/.local/lib/python3.8/site-packages/requests/sessions.py", line 589, in request
    resp = self.send(prep, **send_kwargs)
  File "/home/mburu/.local/lib/python3.8/site-packages/requests/sessions.py", line 703, in send
    r = adapter.send(request, **kwargs)
  File "/home/mburu/.local/lib/python3.8/site-packages/requests/adapters.py", line 700, in send
    raise ConnectionError(e, request=request)
requests.exceptions.ConnectionError: HTTPSConnectionPool(host='github.com', port=443): Max retries exceeded with url: /PriorLabs/TabPFN/raw/refs/tags/v1.0.0/tabpfn/models_diff/prior_diff_real_checkpoint_n_0_epoch_42.cpkt (Caused by NameResolutionError("<urllib3.connection.HTTPSConnection object at 0x7f5e15f20f70>: Failed to resolve 'github.com' ([Errno -3] Temporary failure in name resolution)"))
srun: error: stud-000: task 0: Exited with exit code 1
Traceback (most recent call last):
  File "/home/mburu/.local/lib/python3.8/site-packages/urllib3/connection.py", line 199, in _new_conn
    sock = connection.create_connection(
  File "/home/mburu/.local/lib/python3.8/site-packages/urllib3/util/connection.py", line 60, in create_connection
    for res in socket.getaddrinfo(host, port, family, socket.SOCK_STREAM):
  File "/home/mburu/anaconda3/envs/TabSurvey/lib/python3.8/socket.py", line 930, in getaddrinfo
    for res in _socket.getaddrinfo(host, port, family, type, proto, flags):
socket.gaierror: [Errno -3] Temporary failure in name resolution

The above exception was the direct cause of the following exception:

Traceback (most recent call last):
  File "/home/mburu/.local/lib/python3.8/site-packages/urllib3/connectionpool.py", line 789, in urlopen
    response = self._make_request(
  File "/home/mburu/.local/lib/python3.8/site-packages/urllib3/connectionpool.py", line 490, in _make_request
    raise new_e
  File "/home/mburu/.local/lib/python3.8/site-packages/urllib3/connectionpool.py", line 466, in _make_request
    self._validate_conn(conn)
  File "/home/mburu/.local/lib/python3.8/site-packages/urllib3/connectionpool.py", line 1095, in _validate_conn
    conn.connect()
  File "/home/mburu/.local/lib/python3.8/site-packages/urllib3/connection.py", line 693, in connect
    self.sock = sock = self._new_conn()
  File "/home/mburu/.local/lib/python3.8/site-packages/urllib3/connection.py", line 206, in _new_conn
    raise NameResolutionError(self.host, self, e) from e
urllib3.exceptions.NameResolutionError: <urllib3.connection.HTTPSConnection object at 0x7fb48e15cf70>: Failed to resolve 'github.com' ([Errno -3] Temporary failure in name resolution)

The above exception was the direct cause of the following exception:

Traceback (most recent call last):
  File "/home/mburu/.local/lib/python3.8/site-packages/requests/adapters.py", line 667, in send
    resp = conn.urlopen(
  File "/home/mburu/.local/lib/python3.8/site-packages/urllib3/connectionpool.py", line 843, in urlopen
    retries = retries.increment(
  File "/home/mburu/.local/lib/python3.8/site-packages/urllib3/util/retry.py", line 519, in increment
    raise MaxRetryError(_pool, url, reason) from reason  # type: ignore[arg-type]
urllib3.exceptions.MaxRetryError: HTTPSConnectionPool(host='github.com', port=443): Max retries exceeded with url: /PriorLabs/TabPFN/raw/refs/tags/v1.0.0/tabpfn/models_diff/prior_diff_real_checkpoint_n_0_epoch_42.cpkt (Caused by NameResolutionError("<urllib3.connection.HTTPSConnection object at 0x7fb48e15cf70>: Failed to resolve 'github.com' ([Errno -3] Temporary failure in name resolution)"))

During handling of the above exception, another exception occurred:

Traceback (most recent call last):
  File "train.py", line 405, in <module>
    main_once(arguments)
  File "train.py", line 382, in main_once
    model = model_name(parameters, args)
  File "/home/mburu/Master_Thesis/master-thesis-da/DNN_Trial/models/tabpfn.py", line 13, in __init__
    self.model = TabPFNClassifier()
  File "/home/mburu/anaconda3/envs/TabSurvey/lib/python3.8/site-packages/tabpfn/scripts/transformer_prediction_interface.py", line 153, in __init__
    model, c, results_file = load_model_workflow(i, -1, add_name=model_string, base_path=base_path, device=device,
  File "/home/mburu/anaconda3/envs/TabSurvey/lib/python3.8/site-packages/tabpfn/scripts/transformer_prediction_interface.py", line 80, in load_model_workflow
    model_file_, model_path_, results_file_ = check_file(e_)
  File "/home/mburu/anaconda3/envs/TabSurvey/lib/python3.8/site-packages/tabpfn/scripts/transformer_prediction_interface.py", line 72, in check_file
    r = requests.get(url, allow_redirects=True)
  File "/home/mburu/.local/lib/python3.8/site-packages/requests/api.py", line 73, in get
    return request("get", url, params=params, **kwargs)
  File "/home/mburu/.local/lib/python3.8/site-packages/requests/api.py", line 59, in request
    return session.request(method=method, url=url, **kwargs)
  File "/home/mburu/.local/lib/python3.8/site-packages/requests/sessions.py", line 589, in request
    resp = self.send(prep, **send_kwargs)
  File "/home/mburu/.local/lib/python3.8/site-packages/requests/sessions.py", line 703, in send
    r = adapter.send(request, **kwargs)
  File "/home/mburu/.local/lib/python3.8/site-packages/requests/adapters.py", line 700, in send
    raise ConnectionError(e, request=request)
requests.exceptions.ConnectionError: HTTPSConnectionPool(host='github.com', port=443): Max retries exceeded with url: /PriorLabs/TabPFN/raw/refs/tags/v1.0.0/tabpfn/models_diff/prior_diff_real_checkpoint_n_0_epoch_42.cpkt (Caused by NameResolutionError("<urllib3.connection.HTTPSConnection object at 0x7fb48e15cf70>: Failed to resolve 'github.com' ([Errno -3] Temporary failure in name resolution)"))
srun: error: stud-000: task 0: Exited with exit code 1
Traceback (most recent call last):
  File "/home/mburu/.local/lib/python3.8/site-packages/urllib3/connection.py", line 199, in _new_conn
    sock = connection.create_connection(
  File "/home/mburu/.local/lib/python3.8/site-packages/urllib3/util/connection.py", line 60, in create_connection
    for res in socket.getaddrinfo(host, port, family, socket.SOCK_STREAM):
  File "/home/mburu/anaconda3/envs/TabSurvey/lib/python3.8/socket.py", line 930, in getaddrinfo
    for res in _socket.getaddrinfo(host, port, family, type, proto, flags):
socket.gaierror: [Errno -3] Temporary failure in name resolution

The above exception was the direct cause of the following exception:

Traceback (most recent call last):
  File "/home/mburu/.local/lib/python3.8/site-packages/urllib3/connectionpool.py", line 789, in urlopen
    response = self._make_request(
  File "/home/mburu/.local/lib/python3.8/site-packages/urllib3/connectionpool.py", line 490, in _make_request
    raise new_e
  File "/home/mburu/.local/lib/python3.8/site-packages/urllib3/connectionpool.py", line 466, in _make_request
    self._validate_conn(conn)
  File "/home/mburu/.local/lib/python3.8/site-packages/urllib3/connectionpool.py", line 1095, in _validate_conn
    conn.connect()
  File "/home/mburu/.local/lib/python3.8/site-packages/urllib3/connection.py", line 693, in connect
    self.sock = sock = self._new_conn()
  File "/home/mburu/.local/lib/python3.8/site-packages/urllib3/connection.py", line 206, in _new_conn
    raise NameResolutionError(self.host, self, e) from e
urllib3.exceptions.NameResolutionError: <urllib3.connection.HTTPSConnection object at 0x7ff9d544af70>: Failed to resolve 'github.com' ([Errno -3] Temporary failure in name resolution)

The above exception was the direct cause of the following exception:

Traceback (most recent call last):
  File "/home/mburu/.local/lib/python3.8/site-packages/requests/adapters.py", line 667, in send
    resp = conn.urlopen(
  File "/home/mburu/.local/lib/python3.8/site-packages/urllib3/connectionpool.py", line 843, in urlopen
    retries = retries.increment(
  File "/home/mburu/.local/lib/python3.8/site-packages/urllib3/util/retry.py", line 519, in increment
    raise MaxRetryError(_pool, url, reason) from reason  # type: ignore[arg-type]
urllib3.exceptions.MaxRetryError: HTTPSConnectionPool(host='github.com', port=443): Max retries exceeded with url: /PriorLabs/TabPFN/raw/refs/tags/v1.0.0/tabpfn/models_diff/prior_diff_real_checkpoint_n_0_epoch_42.cpkt (Caused by NameResolutionError("<urllib3.connection.HTTPSConnection object at 0x7ff9d544af70>: Failed to resolve 'github.com' ([Errno -3] Temporary failure in name resolution)"))

During handling of the above exception, another exception occurred:

Traceback (most recent call last):
  File "train.py", line 405, in <module>
    main_once(arguments)
  File "train.py", line 382, in main_once
    model = model_name(parameters, args)
  File "/home/mburu/Master_Thesis/master-thesis-da/DNN_Trial/models/tabpfn.py", line 13, in __init__
    self.model = TabPFNClassifier()
  File "/home/mburu/anaconda3/envs/TabSurvey/lib/python3.8/site-packages/tabpfn/scripts/transformer_prediction_interface.py", line 153, in __init__
    model, c, results_file = load_model_workflow(i, -1, add_name=model_string, base_path=base_path, device=device,
  File "/home/mburu/anaconda3/envs/TabSurvey/lib/python3.8/site-packages/tabpfn/scripts/transformer_prediction_interface.py", line 80, in load_model_workflow
    model_file_, model_path_, results_file_ = check_file(e_)
  File "/home/mburu/anaconda3/envs/TabSurvey/lib/python3.8/site-packages/tabpfn/scripts/transformer_prediction_interface.py", line 72, in check_file
    r = requests.get(url, allow_redirects=True)
  File "/home/mburu/.local/lib/python3.8/site-packages/requests/api.py", line 73, in get
    return request("get", url, params=params, **kwargs)
  File "/home/mburu/.local/lib/python3.8/site-packages/requests/api.py", line 59, in request
    return session.request(method=method, url=url, **kwargs)
  File "/home/mburu/.local/lib/python3.8/site-packages/requests/sessions.py", line 589, in request
    resp = self.send(prep, **send_kwargs)
  File "/home/mburu/.local/lib/python3.8/site-packages/requests/sessions.py", line 703, in send
    r = adapter.send(request, **kwargs)
  File "/home/mburu/.local/lib/python3.8/site-packages/requests/adapters.py", line 700, in send
    raise ConnectionError(e, request=request)
requests.exceptions.ConnectionError: HTTPSConnectionPool(host='github.com', port=443): Max retries exceeded with url: /PriorLabs/TabPFN/raw/refs/tags/v1.0.0/tabpfn/models_diff/prior_diff_real_checkpoint_n_0_epoch_42.cpkt (Caused by NameResolutionError("<urllib3.connection.HTTPSConnection object at 0x7ff9d544af70>: Failed to resolve 'github.com' ([Errno -3] Temporary failure in name resolution)"))
srun: error: stud-000: task 0: Exited with exit code 1
Traceback (most recent call last):
  File "/home/mburu/.local/lib/python3.8/site-packages/urllib3/connection.py", line 199, in _new_conn
    sock = connection.create_connection(
  File "/home/mburu/.local/lib/python3.8/site-packages/urllib3/util/connection.py", line 60, in create_connection
    for res in socket.getaddrinfo(host, port, family, socket.SOCK_STREAM):
  File "/home/mburu/anaconda3/envs/TabSurvey/lib/python3.8/socket.py", line 930, in getaddrinfo
    for res in _socket.getaddrinfo(host, port, family, type, proto, flags):
socket.gaierror: [Errno -3] Temporary failure in name resolution

The above exception was the direct cause of the following exception:

Traceback (most recent call last):
  File "/home/mburu/.local/lib/python3.8/site-packages/urllib3/connectionpool.py", line 789, in urlopen
    response = self._make_request(
  File "/home/mburu/.local/lib/python3.8/site-packages/urllib3/connectionpool.py", line 490, in _make_request
    raise new_e
  File "/home/mburu/.local/lib/python3.8/site-packages/urllib3/connectionpool.py", line 466, in _make_request
    self._validate_conn(conn)
  File "/home/mburu/.local/lib/python3.8/site-packages/urllib3/connectionpool.py", line 1095, in _validate_conn
    conn.connect()
  File "/home/mburu/.local/lib/python3.8/site-packages/urllib3/connection.py", line 693, in connect
    self.sock = sock = self._new_conn()
  File "/home/mburu/.local/lib/python3.8/site-packages/urllib3/connection.py", line 206, in _new_conn
    raise NameResolutionError(self.host, self, e) from e
urllib3.exceptions.NameResolutionError: <urllib3.connection.HTTPSConnection object at 0x7fcf8d4baeb0>: Failed to resolve 'github.com' ([Errno -3] Temporary failure in name resolution)

The above exception was the direct cause of the following exception:

Traceback (most recent call last):
  File "/home/mburu/.local/lib/python3.8/site-packages/requests/adapters.py", line 667, in send
    resp = conn.urlopen(
  File "/home/mburu/.local/lib/python3.8/site-packages/urllib3/connectionpool.py", line 843, in urlopen
    retries = retries.increment(
  File "/home/mburu/.local/lib/python3.8/site-packages/urllib3/util/retry.py", line 519, in increment
    raise MaxRetryError(_pool, url, reason) from reason  # type: ignore[arg-type]
urllib3.exceptions.MaxRetryError: HTTPSConnectionPool(host='github.com', port=443): Max retries exceeded with url: /PriorLabs/TabPFN/raw/refs/tags/v1.0.0/tabpfn/models_diff/prior_diff_real_checkpoint_n_0_epoch_42.cpkt (Caused by NameResolutionError("<urllib3.connection.HTTPSConnection object at 0x7fcf8d4baeb0>: Failed to resolve 'github.com' ([Errno -3] Temporary failure in name resolution)"))

During handling of the above exception, another exception occurred:

Traceback (most recent call last):
  File "train.py", line 405, in <module>
    main_once(arguments)
  File "train.py", line 382, in main_once
    model = model_name(parameters, args)
  File "/home/mburu/Master_Thesis/master-thesis-da/DNN_Trial/models/tabpfn.py", line 13, in __init__
    self.model = TabPFNClassifier()
  File "/home/mburu/anaconda3/envs/TabSurvey/lib/python3.8/site-packages/tabpfn/scripts/transformer_prediction_interface.py", line 153, in __init__
    model, c, results_file = load_model_workflow(i, -1, add_name=model_string, base_path=base_path, device=device,
  File "/home/mburu/anaconda3/envs/TabSurvey/lib/python3.8/site-packages/tabpfn/scripts/transformer_prediction_interface.py", line 80, in load_model_workflow
    model_file_, model_path_, results_file_ = check_file(e_)
  File "/home/mburu/anaconda3/envs/TabSurvey/lib/python3.8/site-packages/tabpfn/scripts/transformer_prediction_interface.py", line 72, in check_file
    r = requests.get(url, allow_redirects=True)
  File "/home/mburu/.local/lib/python3.8/site-packages/requests/api.py", line 73, in get
    return request("get", url, params=params, **kwargs)
  File "/home/mburu/.local/lib/python3.8/site-packages/requests/api.py", line 59, in request
    return session.request(method=method, url=url, **kwargs)
  File "/home/mburu/.local/lib/python3.8/site-packages/requests/sessions.py", line 589, in request
    resp = self.send(prep, **send_kwargs)
  File "/home/mburu/.local/lib/python3.8/site-packages/requests/sessions.py", line 703, in send
    r = adapter.send(request, **kwargs)
  File "/home/mburu/.local/lib/python3.8/site-packages/requests/adapters.py", line 700, in send
    raise ConnectionError(e, request=request)
requests.exceptions.ConnectionError: HTTPSConnectionPool(host='github.com', port=443): Max retries exceeded with url: /PriorLabs/TabPFN/raw/refs/tags/v1.0.0/tabpfn/models_diff/prior_diff_real_checkpoint_n_0_epoch_42.cpkt (Caused by NameResolutionError("<urllib3.connection.HTTPSConnection object at 0x7fcf8d4baeb0>: Failed to resolve 'github.com' ([Errno -3] Temporary failure in name resolution)"))
srun: error: stud-000: task 0: Exited with exit code 1
Traceback (most recent call last):
  File "/home/mburu/.local/lib/python3.8/site-packages/urllib3/connection.py", line 199, in _new_conn
    sock = connection.create_connection(
  File "/home/mburu/.local/lib/python3.8/site-packages/urllib3/util/connection.py", line 60, in create_connection
    for res in socket.getaddrinfo(host, port, family, socket.SOCK_STREAM):
  File "/home/mburu/anaconda3/envs/TabSurvey/lib/python3.8/socket.py", line 930, in getaddrinfo
    for res in _socket.getaddrinfo(host, port, family, type, proto, flags):
socket.gaierror: [Errno -3] Temporary failure in name resolution

The above exception was the direct cause of the following exception:

Traceback (most recent call last):
  File "/home/mburu/.local/lib/python3.8/site-packages/urllib3/connectionpool.py", line 789, in urlopen
    response = self._make_request(
  File "/home/mburu/.local/lib/python3.8/site-packages/urllib3/connectionpool.py", line 490, in _make_request
    raise new_e
  File "/home/mburu/.local/lib/python3.8/site-packages/urllib3/connectionpool.py", line 466, in _make_request
    self._validate_conn(conn)
  File "/home/mburu/.local/lib/python3.8/site-packages/urllib3/connectionpool.py", line 1095, in _validate_conn
    conn.connect()
  File "/home/mburu/.local/lib/python3.8/site-packages/urllib3/connection.py", line 693, in connect
    self.sock = sock = self._new_conn()
  File "/home/mburu/.local/lib/python3.8/site-packages/urllib3/connection.py", line 206, in _new_conn
    raise NameResolutionError(self.host, self, e) from e
urllib3.exceptions.NameResolutionError: <urllib3.connection.HTTPSConnection object at 0x7f2276ccafd0>: Failed to resolve 'github.com' ([Errno -3] Temporary failure in name resolution)

The above exception was the direct cause of the following exception:

Traceback (most recent call last):
  File "/home/mburu/.local/lib/python3.8/site-packages/requests/adapters.py", line 667, in send
    resp = conn.urlopen(
  File "/home/mburu/.local/lib/python3.8/site-packages/urllib3/connectionpool.py", line 843, in urlopen
    retries = retries.increment(
  File "/home/mburu/.local/lib/python3.8/site-packages/urllib3/util/retry.py", line 519, in increment
    raise MaxRetryError(_pool, url, reason) from reason  # type: ignore[arg-type]
urllib3.exceptions.MaxRetryError: HTTPSConnectionPool(host='github.com', port=443): Max retries exceeded with url: /PriorLabs/TabPFN/raw/refs/tags/v1.0.0/tabpfn/models_diff/prior_diff_real_checkpoint_n_0_epoch_42.cpkt (Caused by NameResolutionError("<urllib3.connection.HTTPSConnection object at 0x7f2276ccafd0>: Failed to resolve 'github.com' ([Errno -3] Temporary failure in name resolution)"))

During handling of the above exception, another exception occurred:

Traceback (most recent call last):
  File "train.py", line 405, in <module>
    main_once(arguments)
  File "train.py", line 382, in main_once
    model = model_name(parameters, args)
  File "/home/mburu/Master_Thesis/master-thesis-da/DNN_Trial/models/tabpfn.py", line 13, in __init__
    self.model = TabPFNClassifier()
  File "/home/mburu/anaconda3/envs/TabSurvey/lib/python3.8/site-packages/tabpfn/scripts/transformer_prediction_interface.py", line 153, in __init__
    model, c, results_file = load_model_workflow(i, -1, add_name=model_string, base_path=base_path, device=device,
  File "/home/mburu/anaconda3/envs/TabSurvey/lib/python3.8/site-packages/tabpfn/scripts/transformer_prediction_interface.py", line 80, in load_model_workflow
    model_file_, model_path_, results_file_ = check_file(e_)
  File "/home/mburu/anaconda3/envs/TabSurvey/lib/python3.8/site-packages/tabpfn/scripts/transformer_prediction_interface.py", line 72, in check_file
    r = requests.get(url, allow_redirects=True)
  File "/home/mburu/.local/lib/python3.8/site-packages/requests/api.py", line 73, in get
    return request("get", url, params=params, **kwargs)
  File "/home/mburu/.local/lib/python3.8/site-packages/requests/api.py", line 59, in request
    return session.request(method=method, url=url, **kwargs)
  File "/home/mburu/.local/lib/python3.8/site-packages/requests/sessions.py", line 589, in request
    resp = self.send(prep, **send_kwargs)
  File "/home/mburu/.local/lib/python3.8/site-packages/requests/sessions.py", line 703, in send
    r = adapter.send(request, **kwargs)
  File "/home/mburu/.local/lib/python3.8/site-packages/requests/adapters.py", line 700, in send
    raise ConnectionError(e, request=request)
requests.exceptions.ConnectionError: HTTPSConnectionPool(host='github.com', port=443): Max retries exceeded with url: /PriorLabs/TabPFN/raw/refs/tags/v1.0.0/tabpfn/models_diff/prior_diff_real_checkpoint_n_0_epoch_42.cpkt (Caused by NameResolutionError("<urllib3.connection.HTTPSConnection object at 0x7f2276ccafd0>: Failed to resolve 'github.com' ([Errno -3] Temporary failure in name resolution)"))
srun: error: stud-000: task 0: Exited with exit code 1
Traceback (most recent call last):
  File "/home/mburu/.local/lib/python3.8/site-packages/urllib3/connection.py", line 199, in _new_conn
    sock = connection.create_connection(
  File "/home/mburu/.local/lib/python3.8/site-packages/urllib3/util/connection.py", line 60, in create_connection
    for res in socket.getaddrinfo(host, port, family, socket.SOCK_STREAM):
  File "/home/mburu/anaconda3/envs/TabSurvey/lib/python3.8/socket.py", line 930, in getaddrinfo
    for res in _socket.getaddrinfo(host, port, family, type, proto, flags):
socket.gaierror: [Errno -3] Temporary failure in name resolution

The above exception was the direct cause of the following exception:

Traceback (most recent call last):
  File "/home/mburu/.local/lib/python3.8/site-packages/urllib3/connectionpool.py", line 789, in urlopen
    response = self._make_request(
  File "/home/mburu/.local/lib/python3.8/site-packages/urllib3/connectionpool.py", line 490, in _make_request
    raise new_e
  File "/home/mburu/.local/lib/python3.8/site-packages/urllib3/connectionpool.py", line 466, in _make_request
    self._validate_conn(conn)
  File "/home/mburu/.local/lib/python3.8/site-packages/urllib3/connectionpool.py", line 1095, in _validate_conn
    conn.connect()
  File "/home/mburu/.local/lib/python3.8/site-packages/urllib3/connection.py", line 693, in connect
    self.sock = sock = self._new_conn()
  File "/home/mburu/.local/lib/python3.8/site-packages/urllib3/connection.py", line 206, in _new_conn
    raise NameResolutionError(self.host, self, e) from e
urllib3.exceptions.NameResolutionError: <urllib3.connection.HTTPSConnection object at 0x7f99d4a27f10>: Failed to resolve 'github.com' ([Errno -3] Temporary failure in name resolution)

The above exception was the direct cause of the following exception:

Traceback (most recent call last):
  File "/home/mburu/.local/lib/python3.8/site-packages/requests/adapters.py", line 667, in send
    resp = conn.urlopen(
  File "/home/mburu/.local/lib/python3.8/site-packages/urllib3/connectionpool.py", line 843, in urlopen
    retries = retries.increment(
  File "/home/mburu/.local/lib/python3.8/site-packages/urllib3/util/retry.py", line 519, in increment
    raise MaxRetryError(_pool, url, reason) from reason  # type: ignore[arg-type]
urllib3.exceptions.MaxRetryError: HTTPSConnectionPool(host='github.com', port=443): Max retries exceeded with url: /PriorLabs/TabPFN/raw/refs/tags/v1.0.0/tabpfn/models_diff/prior_diff_real_checkpoint_n_0_epoch_42.cpkt (Caused by NameResolutionError("<urllib3.connection.HTTPSConnection object at 0x7f99d4a27f10>: Failed to resolve 'github.com' ([Errno -3] Temporary failure in name resolution)"))

During handling of the above exception, another exception occurred:

Traceback (most recent call last):
  File "train.py", line 405, in <module>
    main_once(arguments)
  File "train.py", line 382, in main_once
    model = model_name(parameters, args)
  File "/home/mburu/Master_Thesis/master-thesis-da/DNN_Trial/models/tabpfn.py", line 13, in __init__
    self.model = TabPFNClassifier()
  File "/home/mburu/anaconda3/envs/TabSurvey/lib/python3.8/site-packages/tabpfn/scripts/transformer_prediction_interface.py", line 153, in __init__
    model, c, results_file = load_model_workflow(i, -1, add_name=model_string, base_path=base_path, device=device,
  File "/home/mburu/anaconda3/envs/TabSurvey/lib/python3.8/site-packages/tabpfn/scripts/transformer_prediction_interface.py", line 80, in load_model_workflow
    model_file_, model_path_, results_file_ = check_file(e_)
  File "/home/mburu/anaconda3/envs/TabSurvey/lib/python3.8/site-packages/tabpfn/scripts/transformer_prediction_interface.py", line 72, in check_file
    r = requests.get(url, allow_redirects=True)
  File "/home/mburu/.local/lib/python3.8/site-packages/requests/api.py", line 73, in get
    return request("get", url, params=params, **kwargs)
  File "/home/mburu/.local/lib/python3.8/site-packages/requests/api.py", line 59, in request
    return session.request(method=method, url=url, **kwargs)
  File "/home/mburu/.local/lib/python3.8/site-packages/requests/sessions.py", line 589, in request
    resp = self.send(prep, **send_kwargs)
  File "/home/mburu/.local/lib/python3.8/site-packages/requests/sessions.py", line 703, in send
    r = adapter.send(request, **kwargs)
  File "/home/mburu/.local/lib/python3.8/site-packages/requests/adapters.py", line 700, in send
    raise ConnectionError(e, request=request)
requests.exceptions.ConnectionError: HTTPSConnectionPool(host='github.com', port=443): Max retries exceeded with url: /PriorLabs/TabPFN/raw/refs/tags/v1.0.0/tabpfn/models_diff/prior_diff_real_checkpoint_n_0_epoch_42.cpkt (Caused by NameResolutionError("<urllib3.connection.HTTPSConnection object at 0x7f99d4a27f10>: Failed to resolve 'github.com' ([Errno -3] Temporary failure in name resolution)"))
srun: error: stud-000: task 0: Exited with exit code 1
Traceback (most recent call last):
  File "/home/mburu/.local/lib/python3.8/site-packages/urllib3/connection.py", line 199, in _new_conn
    sock = connection.create_connection(
  File "/home/mburu/.local/lib/python3.8/site-packages/urllib3/util/connection.py", line 60, in create_connection
    for res in socket.getaddrinfo(host, port, family, socket.SOCK_STREAM):
  File "/home/mburu/anaconda3/envs/TabSurvey/lib/python3.8/socket.py", line 930, in getaddrinfo
    for res in _socket.getaddrinfo(host, port, family, type, proto, flags):
socket.gaierror: [Errno -3] Temporary failure in name resolution

The above exception was the direct cause of the following exception:

Traceback (most recent call last):
  File "/home/mburu/.local/lib/python3.8/site-packages/urllib3/connectionpool.py", line 789, in urlopen
    response = self._make_request(
  File "/home/mburu/.local/lib/python3.8/site-packages/urllib3/connectionpool.py", line 490, in _make_request
    raise new_e
  File "/home/mburu/.local/lib/python3.8/site-packages/urllib3/connectionpool.py", line 466, in _make_request
    self._validate_conn(conn)
  File "/home/mburu/.local/lib/python3.8/site-packages/urllib3/connectionpool.py", line 1095, in _validate_conn
    conn.connect()
  File "/home/mburu/.local/lib/python3.8/site-packages/urllib3/connection.py", line 693, in connect
    self.sock = sock = self._new_conn()
  File "/home/mburu/.local/lib/python3.8/site-packages/urllib3/connection.py", line 206, in _new_conn
    raise NameResolutionError(self.host, self, e) from e
urllib3.exceptions.NameResolutionError: <urllib3.connection.HTTPSConnection object at 0x7fbbc9969fa0>: Failed to resolve 'github.com' ([Errno -3] Temporary failure in name resolution)

The above exception was the direct cause of the following exception:

Traceback (most recent call last):
  File "/home/mburu/.local/lib/python3.8/site-packages/requests/adapters.py", line 667, in send
    resp = conn.urlopen(
  File "/home/mburu/.local/lib/python3.8/site-packages/urllib3/connectionpool.py", line 843, in urlopen
    retries = retries.increment(
  File "/home/mburu/.local/lib/python3.8/site-packages/urllib3/util/retry.py", line 519, in increment
    raise MaxRetryError(_pool, url, reason) from reason  # type: ignore[arg-type]
urllib3.exceptions.MaxRetryError: HTTPSConnectionPool(host='github.com', port=443): Max retries exceeded with url: /PriorLabs/TabPFN/raw/refs/tags/v1.0.0/tabpfn/models_diff/prior_diff_real_checkpoint_n_0_epoch_42.cpkt (Caused by NameResolutionError("<urllib3.connection.HTTPSConnection object at 0x7fbbc9969fa0>: Failed to resolve 'github.com' ([Errno -3] Temporary failure in name resolution)"))

During handling of the above exception, another exception occurred:

Traceback (most recent call last):
  File "train.py", line 405, in <module>
    main_once(arguments)
  File "train.py", line 382, in main_once
    model = model_name(parameters, args)
  File "/home/mburu/Master_Thesis/master-thesis-da/DNN_Trial/models/tabpfn.py", line 13, in __init__
    self.model = TabPFNClassifier()
  File "/home/mburu/anaconda3/envs/TabSurvey/lib/python3.8/site-packages/tabpfn/scripts/transformer_prediction_interface.py", line 153, in __init__
    model, c, results_file = load_model_workflow(i, -1, add_name=model_string, base_path=base_path, device=device,
  File "/home/mburu/anaconda3/envs/TabSurvey/lib/python3.8/site-packages/tabpfn/scripts/transformer_prediction_interface.py", line 80, in load_model_workflow
    model_file_, model_path_, results_file_ = check_file(e_)
  File "/home/mburu/anaconda3/envs/TabSurvey/lib/python3.8/site-packages/tabpfn/scripts/transformer_prediction_interface.py", line 72, in check_file
    r = requests.get(url, allow_redirects=True)
  File "/home/mburu/.local/lib/python3.8/site-packages/requests/api.py", line 73, in get
    return request("get", url, params=params, **kwargs)
  File "/home/mburu/.local/lib/python3.8/site-packages/requests/api.py", line 59, in request
    return session.request(method=method, url=url, **kwargs)
  File "/home/mburu/.local/lib/python3.8/site-packages/requests/sessions.py", line 589, in request
    resp = self.send(prep, **send_kwargs)
  File "/home/mburu/.local/lib/python3.8/site-packages/requests/sessions.py", line 703, in send
    r = adapter.send(request, **kwargs)
  File "/home/mburu/.local/lib/python3.8/site-packages/requests/adapters.py", line 700, in send
    raise ConnectionError(e, request=request)
requests.exceptions.ConnectionError: HTTPSConnectionPool(host='github.com', port=443): Max retries exceeded with url: /PriorLabs/TabPFN/raw/refs/tags/v1.0.0/tabpfn/models_diff/prior_diff_real_checkpoint_n_0_epoch_42.cpkt (Caused by NameResolutionError("<urllib3.connection.HTTPSConnection object at 0x7fbbc9969fa0>: Failed to resolve 'github.com' ([Errno -3] Temporary failure in name resolution)"))
srun: error: stud-000: task 0: Exited with exit code 1
