

----------------------------------------------------------------------------
Training VIME Vesion 1 with Dataset: config/abalone.yml 



----------------------------------------------------------------------------
Namespace(batch_size=128, bin_alt=None, cat_dims=[2], cat_idx=[0], config='config/abalone.yml', data_parallel=False, dataset='Abalone', direction='minimize', dropna_idx=None, early_stopping_rounds=20, epochs=100, frequency_reg=False, gpu_ids=[0, 1], logging_period=100, miss_cat_idx=None, miss_num_idx=None, model_name='TabPFN', n_trials=100, nominal_idx=[0], num_bins=10, num_classes=1, num_features=8, num_idx=None, num_splits=5, objective='probabilistic_regression', one_hot_encode=True, optimize_hyperparameters=False, ordinal_encode=False, ordinal_idx=None, scale=True, seed=221, shuffle=True, target_encode=False, use_gpu=True, val_batch_size=256, y_distribution='normal')
Train model with given hyperparameters
Loading dataset Abalone...
Dataset loaded! 

(4177, 8)
I am in Main Once
We have to download the TabPFN, as there is no checkpoint at  /home/mburu/anaconda3/envs/TabSurvey/lib/python3.8/site-packages/tabpfn/models_diff/prior_diff_real_checkpoint_n_0_epoch_42.cpkt
It has about 100MB, so this might take a moment.


----------------------------------------------------------------------------
Training VIME Vesion 1 with Dataset: config/allstate.yml 



----------------------------------------------------------------------------
Namespace(batch_size=128, bin_alt=None, cat_dims=[2], cat_idx=[0], config='config/allstate.yml', data_parallel=False, dataset='Allstate_Claims', direction='minimize', dropna_idx=[0], early_stopping_rounds=20, epochs=100, frequency_reg=False, gpu_ids=[0, 1], logging_period=100, miss_cat_idx=None, miss_num_idx=None, model_name='TabPFN', n_trials=100, nominal_idx=[1, 2, 3, 4, 5, 6, 7, 8, 9, 10, 11, 12, 13, 14, 15, 16, 17, 18, 19, 20, 21, 22, 23, 24, 25, 26, 27, 28, 29, 30, 31, 32, 33, 34, 35, 36, 37, 38, 39, 40, 41, 42, 43, 44, 45, 46, 47, 48, 49, 50, 51, 52, 53, 54, 55, 56, 57, 58, 59, 60, 61, 62, 63, 64, 65, 66, 67, 68, 69, 70, 71, 72, 73, 74, 75, 76, 77, 78, 79, 80, 81, 82, 83, 84, 85, 86, 87, 88, 89, 90, 91, 92, 93, 94, 95, 96, 97, 98, 99, 100, 101, 102, 103, 104, 105, 106, 107, 108, 109, 110, 111, 112, 113, 114, 115, 116], num_bins=10, num_classes=1, num_features=131, num_idx=None, num_splits=5, objective='probabilistic_regression', one_hot_encode=True, optimize_hyperparameters=False, ordinal_encode=False, ordinal_idx=None, scale=True, seed=221, shuffle=True, target_encode=False, use_gpu=True, val_batch_size=256, y_distribution='skewed')
Train model with given hyperparameters
Loading dataset Allstate_Claims...
Dataset loaded! 

(188318, 130)
I am in Main Once
We have to download the TabPFN, as there is no checkpoint at  /home/mburu/anaconda3/envs/TabSurvey/lib/python3.8/site-packages/tabpfn/models_diff/prior_diff_real_checkpoint_n_0_epoch_42.cpkt
It has about 100MB, so this might take a moment.


----------------------------------------------------------------------------
Training VIME Vesion 1 with Dataset: config/black_friday.yml 



----------------------------------------------------------------------------
Namespace(batch_size=128, bin_alt=None, cat_dims=[2], cat_idx=[0], config='config/black_friday.yml', data_parallel=False, dataset='Black_Friday', direction='minimize', dropna_idx=None, early_stopping_rounds=20, epochs=100, frequency_reg=False, gpu_ids=[0, 1], logging_period=100, miss_cat_idx=None, miss_num_idx=None, model_name='TabPFN', n_trials=100, nominal_idx=[0, 2, 3, 4, 5, 6, 7, 8], num_bins=10, num_classes=1, num_features=9, num_idx=None, num_splits=5, objective='probabilistic_regression', one_hot_encode=True, optimize_hyperparameters=False, ordinal_encode=True, ordinal_idx=[1], scale=False, seed=221, shuffle=True, target_encode=False, use_gpu=True, val_batch_size=256, y_distribution='bimodial')
Train model with given hyperparameters
Loading dataset Black_Friday...
Dataset loaded! 

(166821, 9)
I am in Main Once
We have to download the TabPFN, as there is no checkpoint at  /home/mburu/anaconda3/envs/TabSurvey/lib/python3.8/site-packages/tabpfn/models_diff/prior_diff_real_checkpoint_n_0_epoch_42.cpkt
It has about 100MB, so this might take a moment.


----------------------------------------------------------------------------
Training VIME Vesion 1 with Dataset: config/boston.yml 



----------------------------------------------------------------------------
Namespace(batch_size=128, bin_alt=None, cat_dims=[2], cat_idx=[0], config='config/boston.yml', data_parallel=False, dataset='Boston', direction='minimize', dropna_idx=None, early_stopping_rounds=20, epochs=100, frequency_reg=False, gpu_ids=[0, 1], logging_period=100, miss_cat_idx=None, miss_num_idx=None, model_name='TabPFN', n_trials=100, nominal_idx=[3], num_bins=10, num_classes=1, num_features=13, num_idx=None, num_splits=5, objective='probabilistic_regression', one_hot_encode=True, optimize_hyperparameters=False, ordinal_encode=False, ordinal_idx=None, scale=True, seed=221, shuffle=True, target_encode=False, use_gpu=True, val_batch_size=256, y_distribution='normal')
Train model with given hyperparameters
Loading dataset Boston...
Dataset loaded! 

(506, 13)
I am in Main Once
We have to download the TabPFN, as there is no checkpoint at  /home/mburu/anaconda3/envs/TabSurvey/lib/python3.8/site-packages/tabpfn/models_diff/prior_diff_real_checkpoint_n_0_epoch_42.cpkt
It has about 100MB, so this might take a moment.


----------------------------------------------------------------------------
Training VIME Vesion 1 with Dataset: config/brazillian_houses.yml 



----------------------------------------------------------------------------
Namespace(batch_size=128, bin_alt=None, cat_dims=[2], cat_idx=[0], config='config/brazillian_houses.yml', data_parallel=False, dataset='Brazillian_Houses', direction='minimize', dropna_idx=None, early_stopping_rounds=20, epochs=100, frequency_reg=False, gpu_ids=[0, 1], logging_period=100, miss_cat_idx=None, miss_num_idx=None, model_name='TabPFN', n_trials=100, nominal_idx=[0, 6], num_bins=10, num_classes=1, num_features=12, num_idx=None, num_splits=5, objective='probabilistic_regression', one_hot_encode=True, optimize_hyperparameters=False, ordinal_encode=True, ordinal_idx=[7], scale=True, seed=221, shuffle=True, target_encode=False, use_gpu=True, val_batch_size=256, y_distribution='skewed')
Train model with given hyperparameters
Loading dataset Brazillian_Houses...
Dataset loaded! 

(10692, 12)
I am in Main Once
We have to download the TabPFN, as there is no checkpoint at  /home/mburu/anaconda3/envs/TabSurvey/lib/python3.8/site-packages/tabpfn/models_diff/prior_diff_real_checkpoint_n_0_epoch_42.cpkt
It has about 100MB, so this might take a moment.


----------------------------------------------------------------------------
Training VIME Vesion 1 with Dataset: config/diamonds.yml 



----------------------------------------------------------------------------
Namespace(batch_size=128, bin_alt=None, cat_dims=[2], cat_idx=[0], config='config/diamonds.yml', data_parallel=False, dataset='Diamonds', direction='minimize', dropna_idx=None, early_stopping_rounds=20, epochs=100, frequency_reg=False, gpu_ids=[0, 1], logging_period=100, miss_cat_idx=None, miss_num_idx=None, model_name='TabPFN', n_trials=100, nominal_idx=None, num_bins=10, num_classes=1, num_features=9, num_idx=None, num_splits=5, objective='probabilistic_regression', one_hot_encode=False, optimize_hyperparameters=False, ordinal_encode=True, ordinal_idx=[1, 2, 3], scale=True, seed=221, shuffle=True, target_encode=False, use_gpu=True, val_batch_size=256, y_distribution='normal')
Train model with given hyperparameters
Loading dataset Diamonds...
Dataset loaded! 

(53940, 9)
I am in Main Once
We have to download the TabPFN, as there is no checkpoint at  /home/mburu/anaconda3/envs/TabSurvey/lib/python3.8/site-packages/tabpfn/models_diff/prior_diff_real_checkpoint_n_0_epoch_42.cpkt
It has about 100MB, so this might take a moment.


----------------------------------------------------------------------------
Training VIME Vesion 1 with Dataset: config/house_prices_nominal.yml 



----------------------------------------------------------------------------
Namespace(batch_size=128, bin_alt=None, cat_dims=[2], cat_idx=[0], config='config/house_prices_nominal.yml', data_parallel=False, dataset='House_Prices_Nominal', direction='minimize', dropna_idx=[0], early_stopping_rounds=20, epochs=100, frequency_reg=False, gpu_ids=[0, 1], logging_period=100, miss_cat_idx=[6, 25, 30, 31, 32, 33, 35, 42, 57, 58, 60, 63, 64, 72, 73, 74], miss_num_idx=[3, 26, 59], model_name='TabPFN', n_trials=100, nominal_idx=[2, 7, 12], num_bins=10, num_classes=1, num_features=80, num_idx=None, num_splits=5, objective='probabilistic_regression', one_hot_encode=True, optimize_hyperparameters=False, ordinal_encode=True, ordinal_idx=[5, 6, 8, 9, 10, 11, 13, 14, 15, 16, 21, 22, 23, 24, 25, 27, 28, 29, 30, 31, 32, 33, 35, 39, 40, 41, 42, 53, 55, 57, 58, 60, 63, 64, 65, 72, 73, 74, 78, 79], scale=True, seed=221, shuffle=True, target_encode=False, use_gpu=True, val_batch_size=256, y_distribution='normal')
Train model with given hyperparameters
Loading dataset House_Prices_Nominal...
Dataset loaded! 

(1460, 79)
I am in Main Once
We have to download the TabPFN, as there is no checkpoint at  /home/mburu/anaconda3/envs/TabSurvey/lib/python3.8/site-packages/tabpfn/models_diff/prior_diff_real_checkpoint_n_0_epoch_42.cpkt
It has about 100MB, so this might take a moment.


----------------------------------------------------------------------------
Training VIME Vesion 1 with Dataset: config/house_sales.yml 



----------------------------------------------------------------------------
Namespace(batch_size=128, bin_alt=None, cat_dims=[2], cat_idx=[0], config='config/house_sales.yml', data_parallel=False, dataset='House_Sales', direction='minimize', dropna_idx=[0], early_stopping_rounds=20, epochs=100, frequency_reg=False, gpu_ids=[0, 1], logging_period=100, miss_cat_idx=None, miss_num_idx=None, model_name='TabPFN', n_trials=100, nominal_idx=[14], num_bins=10, num_classes=1, num_features=21, num_idx=None, num_splits=5, objective='probabilistic_regression', one_hot_encode=True, optimize_hyperparameters=False, ordinal_encode=False, ordinal_idx=None, scale=True, seed=221, shuffle=True, target_encode=False, use_gpu=True, val_batch_size=256, y_distribution='skewed')
Train model with given hyperparameters
Loading dataset House_Sales...
Dataset loaded! 

(21613, 21)
I am in Main Once
We have to download the TabPFN, as there is no checkpoint at  /home/mburu/anaconda3/envs/TabSurvey/lib/python3.8/site-packages/tabpfn/models_diff/prior_diff_real_checkpoint_n_0_epoch_42.cpkt
It has about 100MB, so this might take a moment.


----------------------------------------------------------------------------
Training VIME Vesion 1 with Dataset: config/mercedes_benz.yml 



----------------------------------------------------------------------------
Namespace(batch_size=128, bin_alt=None, cat_dims=[2], cat_idx=[0], config='config/mercedes_benz.yml', data_parallel=False, dataset='Mercedes_Benz', direction='minimize', dropna_idx=[0], early_stopping_rounds=20, epochs=100, frequency_reg=False, gpu_ids=[0, 1], logging_period=100, miss_cat_idx=None, miss_num_idx=None, model_name='TabPFN', n_trials=100, nominal_idx=[1, 2, 3, 4, 5, 6, 7, 8], num_bins=10, num_classes=1, num_features=377, num_idx=None, num_splits=5, objective='probabilistic_regression', one_hot_encode=True, optimize_hyperparameters=False, ordinal_encode=False, ordinal_idx=None, scale=True, seed=221, shuffle=True, target_encode=False, use_gpu=True, val_batch_size=256, y_distribution='bimodial')
Train model with given hyperparameters
Loading dataset Mercedes_Benz...
Dataset loaded! 

(4209, 376)
I am in Main Once
We have to download the TabPFN, as there is no checkpoint at  /home/mburu/anaconda3/envs/TabSurvey/lib/python3.8/site-packages/tabpfn/models_diff/prior_diff_real_checkpoint_n_0_epoch_42.cpkt
It has about 100MB, so this might take a moment.


----------------------------------------------------------------------------
Training VIME Vesion 1 with Dataset: config/mip_2016.yml 



----------------------------------------------------------------------------
Namespace(batch_size=128, bin_alt=None, cat_dims=[2], cat_idx=[0], config='config/mip_2016.yml', data_parallel=False, dataset='MIP', direction='minimize', dropna_idx=[0], early_stopping_rounds=20, epochs=100, frequency_reg=False, gpu_ids=[0, 1], logging_period=100, miss_cat_idx=None, miss_num_idx=None, model_name='TabPFN', n_trials=100, nominal_idx=[145, 146], num_bins=10, num_classes=1, num_features=147, num_idx=None, num_splits=5, objective='probabilistic_regression', one_hot_encode=True, optimize_hyperparameters=False, ordinal_encode=False, ordinal_idx=None, scale=True, seed=221, shuffle=True, target_encode=False, use_gpu=True, val_batch_size=256, y_distribution='bimodial')
Train model with given hyperparameters
Loading dataset MIP...
Dataset loaded! 

(1090, 146)
I am in Main Once
We have to download the TabPFN, as there is no checkpoint at  /home/mburu/anaconda3/envs/TabSurvey/lib/python3.8/site-packages/tabpfn/models_diff/prior_diff_real_checkpoint_n_0_epoch_42.cpkt
It has about 100MB, so this might take a moment.


----------------------------------------------------------------------------
Training VIME Vesion 1 with Dataset: config/moneyball.yml 



----------------------------------------------------------------------------
Namespace(batch_size=128, bin_alt=None, cat_dims=[2], cat_idx=[0], config='config/moneyball.yml', data_parallel=False, dataset='Moneyball', direction='minimize', dropna_idx=[9, 10, 12, 13], early_stopping_rounds=20, epochs=100, frequency_reg=False, gpu_ids=[0, 1], logging_period=100, miss_cat_idx=None, miss_num_idx=None, model_name='TabPFN', n_trials=100, nominal_idx=[0, 1, 8], num_bins=10, num_classes=1, num_features=14, num_idx=None, num_splits=5, objective='probabilistic_regression', one_hot_encode=True, optimize_hyperparameters=False, ordinal_encode=False, ordinal_idx=None, scale=True, seed=221, shuffle=True, target_encode=False, use_gpu=True, val_batch_size=256, y_distribution='normal')
Train model with given hyperparameters
Loading dataset Moneyball...
Dataset loaded! 

(1232, 10)
I am in Main Once
We have to download the TabPFN, as there is no checkpoint at  /home/mburu/anaconda3/envs/TabSurvey/lib/python3.8/site-packages/tabpfn/models_diff/prior_diff_real_checkpoint_n_0_epoch_42.cpkt
It has about 100MB, so this might take a moment.


----------------------------------------------------------------------------
Training VIME Vesion 1 with Dataset: config/sat11.yml 



----------------------------------------------------------------------------
Namespace(batch_size=128, bin_alt=None, cat_dims=[2], cat_idx=[0], config='config/sat11.yml', data_parallel=False, dataset='SAT11', direction='minimize', dropna_idx=[116], early_stopping_rounds=20, epochs=100, frequency_reg=False, gpu_ids=[0, 1], logging_period=100, miss_cat_idx=None, miss_num_idx=None, model_name='TabPFN', n_trials=100, nominal_idx=[115], num_bins=10, num_classes=1, num_features=117, num_idx=None, num_splits=5, objective='probabilistic_regression', one_hot_encode=True, optimize_hyperparameters=False, ordinal_encode=False, ordinal_idx=None, scale=True, seed=221, shuffle=True, target_encode=False, use_gpu=True, val_batch_size=256, y_distribution='bimodial')
Train model with given hyperparameters
Loading dataset SAT11...
Dataset loaded! 

(1725, 116)
I am in Main Once
Almost Cross Validating
Model Name: TabPFN
Fold 1
num_features : 116
num_classes : 1
cat_idx : [0]
nominal_idx : [115]
ordinal_idx : None
num_idx : None
cat_dims : [2]
bin_alt : None
~~~~~~~~~~~~~~~~~~~~~~~~~~~~~~~~~~~~~~~~~~~~~~~~~~~~~~~~~~~~~~~~~~~~~~~~~~~~~~~
BEFORE ANY ENCODING
num_features :116
num_classes : 1
cat_idx : [0]
nominal_idx : [115]
ordinal_idx : None
num_idx : None
cat_dims : [2]
bin_alt : None 


X shape : (1380, 116)
~~~~~~~~~~~~~~~~~~~~~~~~~~~~~~~~~~~~~~~~~~~~~~~~~~~~~~~~~~~~~~~~~~~~~~~~~~~~~~~
~~~~~~~~~~~~~~~~~~~~~~~~~~~~~~~~~~~~~~~~~~~~~~~~~~~~~~~~~~~~~~~~~~~~~~~~~~~~~~~ 


AFTER SEPARATING CATEGORICALS AND NUMERICALS
Numerical Index V1 : [0, 1, 2, 3, 4, 5, 6, 7, 8, 9, 10, 11, 12, 13, 14, 15, 16, 17, 18, 19, 20, 21, 22, 23, 24, 25, 26, 27, 28, 29, 30, 31, 32, 33, 34, 35, 36, 37, 38, 39, 40, 41, 42, 43, 44, 45, 46, 47, 48, 49, 50, 51, 52, 53, 54, 55, 56, 57, 58, 59, 60, 61, 62, 63, 64, 65, 66, 67, 68, 69, 70, 71, 72, 73, 74, 75, 76, 77, 78, 79, 80, 81, 82, 83, 84, 85, 86, 87, 88, 89, 90, 91, 92, 93, 94, 95, 96, 97, 98, 99, 100, 101, 102, 103, 104, 105, 106, 107, 108, 109, 110, 111, 112, 113, 114]
Cat Dims V1 : []
Cat Idx V1 : [115] 
 

~~~~~~~~~~~~~~~~~~~~~~~~~~~~~~~~~~~~~~~~~~~~~~~~~~~~~~~~~~~~~~~~~~~~~~~~~~~~~~~ 


Scaling the data...
One Hot Encoding...
~~~~~~~~~~~~~~~~~~~~~~~~~~~~~~~~~~~~~~~~~~~~~~~~~~~~~~~~~~~~~~~~~~~~~~~~~~~~~~~
After OHE
Numerical Index V2 : [0, 1, 2, 3, 4, 5, 6, 7, 8, 9, 10, 11, 12, 13, 14, 15, 16, 17, 18, 19, 20, 21, 22, 23, 24, 25, 26, 27, 28, 29, 30, 31, 32, 33, 34, 35, 36, 37, 38, 39, 40, 41, 42, 43, 44, 45, 46, 47, 48, 49, 50, 51, 52, 53, 54, 55, 56, 57, 58, 59, 60, 61, 62, 63, 64, 65, 66, 67, 68, 69, 70, 71, 72, 73, 74, 75, 76, 77, 78, 79, 80, 81, 82, 83, 84, 85, 86, 87, 88, 89, 90, 91, 92, 93, 94, 95, 96, 97, 98, 99, 100, 101, 102, 103, 104, 105, 106, 107, 108, 109, 110, 111, 112, 113, 114] 


OHE Idx : [0, 1, 2, 3, 4, 5, 6, 7, 8, 9, 10, 11, 12, 13, 14]


Ordinal Idx V2: None


Cat Dims V2 : []
Cat Idx V2 : None 
 

Train: [[0.0 1.0 0.0 0.0 0.0]
 [0.0 0.0 0.0 0.0 0.0]
 [1.0 0.0 0.0 0.0 0.0]
 [0.0 0.0 0.0 0.0 0.0]
 [0.0 0.0 0.0 0.0 0.0]
 [0.0 0.0 0.0 0.0 0.0]
 [0.0 0.0 0.0 0.0 1.0]
 [0.0 0.0 0.0 0.0 0.0]
 [0.0 0.0 0.0 0.0 0.0]
 [0.0 0.0 0.0 0.0 0.0]] 
 
 
Val : (1380, 130) 
 

~~~~~~~~~~~~~~~~~~~~~~~~~~~~~~~~~~~~~~~~~~~~~~~~~~~~~~~~~~~~~~~~~~~~~~~~~~~~~~~
~~~~~~~~~~~~~~~~~~~~~~~~~~~~~~~~~~~~~~~~~~~~~~~~~~~~~~~~~~~~~~~~~~~~~~~~~~~~~~~
After ORDINAL
Numerical Index V2 : [0, 1, 2, 3, 4, 5, 6, 7, 8, 9, 10, 11, 12, 13, 14, 15, 16, 17, 18, 19, 20, 21, 22, 23, 24, 25, 26, 27, 28, 29, 30, 31, 32, 33, 34, 35, 36, 37, 38, 39, 40, 41, 42, 43, 44, 45, 46, 47, 48, 49, 50, 51, 52, 53, 54, 55, 56, 57, 58, 59, 60, 61, 62, 63, 64, 65, 66, 67, 68, 69, 70, 71, 72, 73, 74, 75, 76, 77, 78, 79, 80, 81, 82, 83, 84, 85, 86, 87, 88, 89, 90, 91, 92, 93, 94, 95, 96, 97, 98, 99, 100, 101, 102, 103, 104, 105, 106, 107, 108, 109, 110, 111, 112, 113, 114] 


OHE Idx : [0, 1, 2, 3, 4, 5, 6, 7, 8, 9, 10, 11, 12, 13, 14]


Ordinal Idx V2: None


Cat Dims V2 : []
Cat Idx V2 : None 
 

Train: [[0.0 1.0 0.0 ... 2.579169386727153 1.2837928753303054 0.9948004955077808]
 [0.0 0.0 0.0 ... 2.579169386727153 1.2837928753303054 0.9948004955077808]
 [1.0 0.0 0.0 ... 2.579169386727153 1.2837928753303054 0.9948004955077808]
 ...
 [0.0 0.0 0.0 ... 2.579169386727153 1.2837928753303054 0.9948004955077808]
 [0.0 0.0 0.0 ... 2.579169386727153 1.2837928753303054 0.9948004955077808]
 [0.0 0.0 0.0 ... 2.579169386727153 1.2837928753303054 0.9948004955077808]] 
 
 
Val : (1380, 130) 
 

FINISHED ENCODING
~~~~~~~~~~~~~~~~~~~~~~~~~~~~~~~~~~~~~~~~~~~~~~~~~~~~~~~~~~~~~~~~~~~~~~~~~~~~~~~
Number of Classes B4 Bin Verifier: 3
Unique values in y_train: (array([0., 1., 2.]), 3)
Unique values in y_test: (array([0., 1., 2.]), 3)
No need to shift labels.
VERIFY SHIFT
Train after shift : [0 1 2], Length : 3
Test after shift : [0 1 2], Length : 3
Number of Classes After Bin Verifier: 3
None


----------------------------------------------------------------------------
Training VIME Vesion 1 with Dataset: config/sensory.yml 



----------------------------------------------------------------------------
Namespace(batch_size=128, bin_alt=None, cat_dims=[2], cat_idx=[0], config='config/sensory.yml', data_parallel=False, dataset='Sensory', direction='minimize', dropna_idx=None, early_stopping_rounds=20, epochs=300, frequency_reg=False, gpu_ids=[0, 1], logging_period=100, miss_cat_idx=None, miss_num_idx=None, model_name='TabPFN', n_trials=100, nominal_idx=[0, 1, 2, 3, 4, 5, 6, 7, 8, 9, 10], num_bins=10, num_classes=1, num_features=11, num_idx=None, num_splits=5, objective='probabilistic_regression', one_hot_encode=True, optimize_hyperparameters=False, ordinal_encode=False, ordinal_idx=None, scale=False, seed=221, shuffle=True, target_encode=False, use_gpu=True, val_batch_size=256, y_distribution='normal')
Train model with given hyperparameters
Loading dataset Sensory...
Dataset loaded! 

(576, 11)
I am in Main Once
Almost Cross Validating
Model Name: TabPFN
Fold 1
num_features : 11
num_classes : 1
cat_idx : [0]
nominal_idx : [0, 1, 2, 3, 4, 5, 6, 7, 8, 9, 10]
ordinal_idx : None
num_idx : None
cat_dims : [2]
bin_alt : None
~~~~~~~~~~~~~~~~~~~~~~~~~~~~~~~~~~~~~~~~~~~~~~~~~~~~~~~~~~~~~~~~~~~~~~~~~~~~~~~
BEFORE ANY ENCODING
num_features :11
num_classes : 1
cat_idx : [0]
nominal_idx : [0, 1, 2, 3, 4, 5, 6, 7, 8, 9, 10]
ordinal_idx : None
num_idx : None
cat_dims : [2]
bin_alt : None 


X shape : (460, 11)
~~~~~~~~~~~~~~~~~~~~~~~~~~~~~~~~~~~~~~~~~~~~~~~~~~~~~~~~~~~~~~~~~~~~~~~~~~~~~~~
~~~~~~~~~~~~~~~~~~~~~~~~~~~~~~~~~~~~~~~~~~~~~~~~~~~~~~~~~~~~~~~~~~~~~~~~~~~~~~~ 


AFTER SEPARATING CATEGORICALS AND NUMERICALS
Numerical Index V1 : []
Cat Dims V1 : []
Cat Idx V1 : [0, 1, 2, 3, 4, 5, 6, 7, 8, 9, 10] 
 

~~~~~~~~~~~~~~~~~~~~~~~~~~~~~~~~~~~~~~~~~~~~~~~~~~~~~~~~~~~~~~~~~~~~~~~~~~~~~~~ 


One Hot Encoding...
~~~~~~~~~~~~~~~~~~~~~~~~~~~~~~~~~~~~~~~~~~~~~~~~~~~~~~~~~~~~~~~~~~~~~~~~~~~~~~~
After OHE
Numerical Index V2 : [] 


OHE Idx : [0, 1, 2, 3, 4, 5, 6, 7, 8, 9, 10, 11, 12, 13, 14, 15, 16, 17, 18, 19, 20, 21, 22, 23, 24, 25, 26, 27, 28, 29, 30, 31, 32, 33, 34, 35]


Ordinal Idx V2: None


Cat Dims V2 : []
Cat Idx V2 : None 
 

Train: [[1. 0. 1. 0. 0.]
 [1. 0. 1. 0. 0.]
 [1. 0. 1. 0. 0.]
 [1. 0. 1. 0. 0.]
 [1. 0. 1. 0. 0.]
 [1. 0. 1. 0. 0.]
 [1. 0. 1. 0. 0.]
 [1. 0. 1. 0. 0.]
 [1. 0. 1. 0. 0.]
 [1. 0. 1. 0. 0.]] 
 
 
Val : (460, 36) 
 

~~~~~~~~~~~~~~~~~~~~~~~~~~~~~~~~~~~~~~~~~~~~~~~~~~~~~~~~~~~~~~~~~~~~~~~~~~~~~~~
~~~~~~~~~~~~~~~~~~~~~~~~~~~~~~~~~~~~~~~~~~~~~~~~~~~~~~~~~~~~~~~~~~~~~~~~~~~~~~~
After ORDINAL
Numerical Index V2 : [] 


OHE Idx : [0, 1, 2, 3, 4, 5, 6, 7, 8, 9, 10, 11, 12, 13, 14, 15, 16, 17, 18, 19, 20, 21, 22, 23, 24, 25, 26, 27, 28, 29, 30, 31, 32, 33, 34, 35]


Ordinal Idx V2: None


Cat Dims V2 : []
Cat Idx V2 : None 
 

Train: [[1. 0. 1. 0. 0. 0. 0. 0. 1. 0. 0. 1. 0. 0. 0. 1. 0. 0. 0. 1. 0. 0. 0. 1.
  0. 0. 1. 0. 1. 0. 0. 1. 0. 0. 1. 0.]
 [1. 0. 1. 0. 0. 0. 0. 0. 1. 0. 0. 1. 0. 0. 0. 0. 1. 0. 0. 1. 0. 0. 0. 1.
  0. 0. 1. 0. 0. 1. 0. 1. 0. 0. 0. 1.]
 [1. 0. 1. 0. 0. 0. 0. 0. 1. 0. 0. 1. 0. 0. 0. 0. 0. 1. 0. 1. 0. 0. 0. 1.
  0. 0. 1. 0. 1. 0. 0. 1. 0. 0. 1. 0.]
 [1. 0. 1. 0. 0. 0. 0. 0. 1. 0. 0. 0. 1. 0. 0. 1. 0. 0. 0. 1. 0. 0. 0. 1.
  1. 0. 0. 0. 1. 0. 0. 0. 1. 0. 1. 0.]
 [1. 0. 1. 0. 0. 0. 0. 0. 1. 0. 0. 0. 1. 0. 0. 0. 1. 0. 0. 1. 0. 0. 0. 1.
  1. 0. 0. 0. 0. 1. 0. 0. 1. 0. 0. 1.]
 [1. 0. 1. 0. 0. 0. 0. 0. 1. 0. 0. 0. 1. 0. 0. 0. 0. 1. 0. 1. 0. 0. 0. 1.
  1. 0. 0. 0. 0. 1. 0. 0. 1. 0. 0. 1.]
 [1. 0. 1. 0. 0. 0. 0. 0. 1. 0. 0. 0. 1. 0. 0. 0. 0. 0. 1. 1. 0. 0. 0. 1.
  1. 0. 0. 0. 1. 0. 0. 0. 1. 0. 1. 0.]
 [1. 0. 1. 0. 0. 0. 0. 0. 1. 0. 0. 0. 0. 1. 0. 1. 0. 0. 0. 1. 0. 0. 0. 1.
  0. 1. 0. 0. 0. 1. 1. 0. 0. 0. 0. 1.]
 [1. 0. 1. 0. 0. 0. 0. 0. 1. 0. 0. 0. 0. 1. 0. 0. 1. 0. 0. 1. 0. 0. 0. 1.
  0. 1. 0. 0. 1. 0. 1. 0. 0. 0. 1. 0.]
 [1. 0. 1. 0. 0. 0. 0. 0. 1. 0. 0. 0. 0. 1. 0. 0. 0. 1. 0. 1. 0. 0. 0. 1.
  0. 1. 0. 0. 1. 0. 1. 0. 0. 0. 1. 0.]] 
 
 
Val : (460, 36) 
 

FINISHED ENCODING
~~~~~~~~~~~~~~~~~~~~~~~~~~~~~~~~~~~~~~~~~~~~~~~~~~~~~~~~~~~~~~~~~~~~~~~~~~~~~~~
Number of Classes B4 Bin Verifier: 7
Unique values in y_train: (array([0., 1., 2., 3., 4., 5.]), 6)
Unique values in y_test: (array([0., 1., 2., 3., 4., 5.]), 6)
WE ARE IN THE GUTTERS!!!!!
Final Train Labels Length: 6
Final Test Labels Length: 6
Final Num Classes: 6
Final Bin Labels: [0, 1, 2, 3, 4, 5]
VERIFY SHIFT
Train after shift : [0 1 2 3 4 5], Length : 6
Test after shift : [0 1 2 3 4 5], Length : 6
Number of Classes After Bin Verifier: 6
None
Train Loss: [1.0774833273637459], Valid Loss: [1.636730764132104]
State of save is True b4 loss saving
±±±±±±±±±±±±±±±±±±±±±±±±±±±±±±±±±±±±±±±±±±±±±±±±±±±±±±±±±±±±±±±±±±±±±±±±±±± 

B4 Evaluation
Number of classes : 6
Class label len :6
Class labels : [0, 1, 2, 3, 4, 5]
Unique y_true : 6
Unique train : 6

Prediction shape : (116,)
Probabilities shape : (116, 6) 

±±±±±±±±±±±±±±±±±±±±±±±±±±±±±±±±±±±±±±±±±±±±±±±±±±±±±±±±±±±±±±±±±±±±±±±±±±± 

IN SCORER EVAL
y_true classes: 6
Probabilities shape: (116, 6)
DONE IN SCORER EVAL
After Evaluation
{'Log Loss - mean': 1.63673, 'Log Loss - std': 0.0, 'AUC - mean': 0.6486825632543808, 'AUC - std': 0.0, 'Accuracy - mean': 0.2413793103448276, 'Accuracy - std': 0.0, 'F1 score - mean': 0.1878945395723191, 'F1 score - std': 0.0} 
 

Fold 2
num_features : 11
num_classes : 1
cat_idx : [0]
nominal_idx : [0, 1, 2, 3, 4, 5, 6, 7, 8, 9, 10]
ordinal_idx : None
num_idx : None
cat_dims : [2]
bin_alt : None
~~~~~~~~~~~~~~~~~~~~~~~~~~~~~~~~~~~~~~~~~~~~~~~~~~~~~~~~~~~~~~~~~~~~~~~~~~~~~~~
BEFORE ANY ENCODING
num_features :11
num_classes : 1
cat_idx : [0]
nominal_idx : [0, 1, 2, 3, 4, 5, 6, 7, 8, 9, 10]
ordinal_idx : None
num_idx : None
cat_dims : [2]
bin_alt : None 


X shape : (461, 11)
~~~~~~~~~~~~~~~~~~~~~~~~~~~~~~~~~~~~~~~~~~~~~~~~~~~~~~~~~~~~~~~~~~~~~~~~~~~~~~~
~~~~~~~~~~~~~~~~~~~~~~~~~~~~~~~~~~~~~~~~~~~~~~~~~~~~~~~~~~~~~~~~~~~~~~~~~~~~~~~ 


AFTER SEPARATING CATEGORICALS AND NUMERICALS
Numerical Index V1 : []
Cat Dims V1 : []
Cat Idx V1 : [0, 1, 2, 3, 4, 5, 6, 7, 8, 9, 10] 
 

~~~~~~~~~~~~~~~~~~~~~~~~~~~~~~~~~~~~~~~~~~~~~~~~~~~~~~~~~~~~~~~~~~~~~~~~~~~~~~~ 


One Hot Encoding...
~~~~~~~~~~~~~~~~~~~~~~~~~~~~~~~~~~~~~~~~~~~~~~~~~~~~~~~~~~~~~~~~~~~~~~~~~~~~~~~
After OHE
Numerical Index V2 : [] 


OHE Idx : [0, 1, 2, 3, 4, 5, 6, 7, 8, 9, 10, 11, 12, 13, 14, 15, 16, 17, 18, 19, 20, 21, 22, 23, 24, 25, 26, 27, 28, 29, 30, 31, 32, 33, 34, 35]


Ordinal Idx V2: None


Cat Dims V2 : []
Cat Idx V2 : None 
 

Train: [[1. 0. 1. 0. 0.]
 [1. 0. 1. 0. 0.]
 [1. 0. 1. 0. 0.]
 [1. 0. 1. 0. 0.]
 [1. 0. 1. 0. 0.]
 [1. 0. 1. 0. 0.]
 [1. 0. 1. 0. 0.]
 [1. 0. 1. 0. 0.]
 [1. 0. 1. 0. 0.]
 [1. 0. 1. 0. 0.]] 
 
 
Val : (461, 36) 
 

~~~~~~~~~~~~~~~~~~~~~~~~~~~~~~~~~~~~~~~~~~~~~~~~~~~~~~~~~~~~~~~~~~~~~~~~~~~~~~~
~~~~~~~~~~~~~~~~~~~~~~~~~~~~~~~~~~~~~~~~~~~~~~~~~~~~~~~~~~~~~~~~~~~~~~~~~~~~~~~
After ORDINAL
Numerical Index V2 : [] 


OHE Idx : [0, 1, 2, 3, 4, 5, 6, 7, 8, 9, 10, 11, 12, 13, 14, 15, 16, 17, 18, 19, 20, 21, 22, 23, 24, 25, 26, 27, 28, 29, 30, 31, 32, 33, 34, 35]


Ordinal Idx V2: None


Cat Dims V2 : []
Cat Idx V2 : None 
 

Train: [[1. 0. 1. 0. 0. 0. 0. 0. 1. 0. 0. 1. 0. 0. 0. 1. 0. 0. 0. 1. 0. 0. 0. 1.
  0. 0. 1. 0. 1. 0. 0. 1. 0. 0. 1. 0.]
 [1. 0. 1. 0. 0. 0. 0. 0. 1. 0. 0. 1. 0. 0. 0. 0. 1. 0. 0. 1. 0. 0. 0. 1.
  0. 0. 1. 0. 0. 1. 0. 1. 0. 0. 0. 1.]
 [1. 0. 1. 0. 0. 0. 0. 0. 1. 0. 0. 1. 0. 0. 0. 0. 0. 1. 0. 1. 0. 0. 0. 1.
  0. 0. 1. 0. 1. 0. 0. 1. 0. 0. 1. 0.]
 [1. 0. 1. 0. 0. 0. 0. 0. 1. 0. 0. 1. 0. 0. 0. 0. 0. 0. 1. 1. 0. 0. 0. 1.
  0. 0. 1. 0. 0. 1. 0. 1. 0. 0. 0. 1.]
 [1. 0. 1. 0. 0. 0. 0. 0. 1. 0. 0. 0. 1. 0. 0. 0. 1. 0. 0. 1. 0. 0. 0. 1.
  1. 0. 0. 0. 0. 1. 0. 0. 1. 0. 0. 1.]
 [1. 0. 1. 0. 0. 0. 0. 0. 1. 0. 0. 0. 1. 0. 0. 0. 0. 1. 0. 1. 0. 0. 0. 1.
  1. 0. 0. 0. 0. 1. 0. 0. 1. 0. 0. 1.]
 [1. 0. 1. 0. 0. 0. 0. 0. 1. 0. 0. 0. 1. 0. 0. 0. 0. 0. 1. 1. 0. 0. 0. 1.
  1. 0. 0. 0. 1. 0. 0. 0. 1. 0. 1. 0.]
 [1. 0. 1. 0. 0. 0. 0. 0. 1. 0. 0. 0. 0. 1. 0. 1. 0. 0. 0. 1. 0. 0. 0. 1.
  0. 1. 0. 0. 0. 1. 1. 0. 0. 0. 0. 1.]
 [1. 0. 1. 0. 0. 0. 0. 0. 1. 0. 0. 0. 0. 1. 0. 0. 0. 1. 0. 1. 0. 0. 0. 1.
  0. 1. 0. 0. 1. 0. 1. 0. 0. 0. 1. 0.]
 [1. 0. 1. 0. 0. 0. 0. 0. 1. 0. 0. 0. 0. 1. 0. 0. 0. 0. 1. 1. 0. 0. 0. 1.
  0. 1. 0. 0. 0. 1. 1. 0. 0. 0. 0. 1.]] 
 
 
Val : (461, 36) 
 

FINISHED ENCODING
~~~~~~~~~~~~~~~~~~~~~~~~~~~~~~~~~~~~~~~~~~~~~~~~~~~~~~~~~~~~~~~~~~~~~~~~~~~~~~~
Number of Classes B4 Bin Verifier: 7
Unique values in y_train: (array([0., 1., 2., 3., 4., 5.]), 6)
Unique values in y_test: (array([0., 1., 2., 3., 4., 5.]), 6)
WE ARE IN THE GUTTERS!!!!!
Final Train Labels Length: 6
Final Test Labels Length: 6
Final Num Classes: 6
Final Bin Labels: [0, 1, 2, 3, 4, 5]
VERIFY SHIFT
Train after shift : [0 1 2 3 4 5], Length : 6
Test after shift : [0 1 2 3 4 5], Length : 6
Number of Classes After Bin Verifier: 6
None
Train Loss: [1.118083685641597], Valid Loss: [1.5554786944476393]
State of save is True b4 loss saving
±±±±±±±±±±±±±±±±±±±±±±±±±±±±±±±±±±±±±±±±±±±±±±±±±±±±±±±±±±±±±±±±±±±±±±±±±±± 

B4 Evaluation
Number of classes : 6
Class label len :6
Class labels : [0, 1, 2, 3, 4, 5]
Unique y_true : 6
Unique train : 6

Prediction shape : (115,)
Probabilities shape : (115, 6) 

±±±±±±±±±±±±±±±±±±±±±±±±±±±±±±±±±±±±±±±±±±±±±±±±±±±±±±±±±±±±±±±±±±±±±±±±±±± 

IN SCORER EVAL
y_true classes: 6
Probabilities shape: (115, 6)
DONE IN SCORER EVAL
After Evaluation
{'Log Loss - mean': 1.596105, 'Log Loss - std': 0.04062500000000002, 'AUC - mean': 0.6812241854911625, 'AUC - std': 0.0325416222367817, 'Accuracy - mean': 0.2989505247376312, 'Accuracy - std': 0.05757121439280359, 'F1 score - mean': 0.25576727853528314, 'F1 score - std': 0.06787273896296406} 
 

Fold 3
num_features : 11
num_classes : 1
cat_idx : [0]
nominal_idx : [0, 1, 2, 3, 4, 5, 6, 7, 8, 9, 10]
ordinal_idx : None
num_idx : None
cat_dims : [2]
bin_alt : None
~~~~~~~~~~~~~~~~~~~~~~~~~~~~~~~~~~~~~~~~~~~~~~~~~~~~~~~~~~~~~~~~~~~~~~~~~~~~~~~
BEFORE ANY ENCODING
num_features :11
num_classes : 1
cat_idx : [0]
nominal_idx : [0, 1, 2, 3, 4, 5, 6, 7, 8, 9, 10]
ordinal_idx : None
num_idx : None
cat_dims : [2]
bin_alt : None 


X shape : (461, 11)
~~~~~~~~~~~~~~~~~~~~~~~~~~~~~~~~~~~~~~~~~~~~~~~~~~~~~~~~~~~~~~~~~~~~~~~~~~~~~~~
~~~~~~~~~~~~~~~~~~~~~~~~~~~~~~~~~~~~~~~~~~~~~~~~~~~~~~~~~~~~~~~~~~~~~~~~~~~~~~~ 


AFTER SEPARATING CATEGORICALS AND NUMERICALS
Numerical Index V1 : []
Cat Dims V1 : []
Cat Idx V1 : [0, 1, 2, 3, 4, 5, 6, 7, 8, 9, 10] 
 

~~~~~~~~~~~~~~~~~~~~~~~~~~~~~~~~~~~~~~~~~~~~~~~~~~~~~~~~~~~~~~~~~~~~~~~~~~~~~~~ 


One Hot Encoding...
~~~~~~~~~~~~~~~~~~~~~~~~~~~~~~~~~~~~~~~~~~~~~~~~~~~~~~~~~~~~~~~~~~~~~~~~~~~~~~~
After OHE
Numerical Index V2 : [] 


OHE Idx : [0, 1, 2, 3, 4, 5, 6, 7, 8, 9, 10, 11, 12, 13, 14, 15, 16, 17, 18, 19, 20, 21, 22, 23, 24, 25, 26, 27, 28, 29, 30, 31, 32, 33, 34, 35]


Ordinal Idx V2: None


Cat Dims V2 : []
Cat Idx V2 : None 
 

Train: [[1. 0. 1. 0. 0.]
 [1. 0. 1. 0. 0.]
 [1. 0. 1. 0. 0.]
 [1. 0. 1. 0. 0.]
 [1. 0. 1. 0. 0.]
 [1. 0. 1. 0. 0.]
 [1. 0. 1. 0. 0.]
 [1. 0. 1. 0. 0.]
 [1. 0. 1. 0. 0.]
 [1. 0. 1. 0. 0.]] 
 
 
Val : (461, 36) 
 

~~~~~~~~~~~~~~~~~~~~~~~~~~~~~~~~~~~~~~~~~~~~~~~~~~~~~~~~~~~~~~~~~~~~~~~~~~~~~~~
~~~~~~~~~~~~~~~~~~~~~~~~~~~~~~~~~~~~~~~~~~~~~~~~~~~~~~~~~~~~~~~~~~~~~~~~~~~~~~~
After ORDINAL
Numerical Index V2 : [] 


OHE Idx : [0, 1, 2, 3, 4, 5, 6, 7, 8, 9, 10, 11, 12, 13, 14, 15, 16, 17, 18, 19, 20, 21, 22, 23, 24, 25, 26, 27, 28, 29, 30, 31, 32, 33, 34, 35]


Ordinal Idx V2: None


Cat Dims V2 : []
Cat Idx V2 : None 
 

Train: [[1. 0. 1. 0. 0. 0. 0. 0. 1. 0. 0. 1. 0. 0. 0. 1. 0. 0. 0. 1. 0. 0. 0. 1.
  0. 0. 1. 0. 1. 0. 0. 1. 0. 0. 1. 0.]
 [1. 0. 1. 0. 0. 0. 0. 0. 1. 0. 0. 1. 0. 0. 0. 0. 1. 0. 0. 1. 0. 0. 0. 1.
  0. 0. 1. 0. 0. 1. 0. 1. 0. 0. 0. 1.]
 [1. 0. 1. 0. 0. 0. 0. 0. 1. 0. 0. 1. 0. 0. 0. 0. 0. 1. 0. 1. 0. 0. 0. 1.
  0. 0. 1. 0. 1. 0. 0. 1. 0. 0. 1. 0.]
 [1. 0. 1. 0. 0. 0. 0. 0. 1. 0. 0. 1. 0. 0. 0. 0. 0. 0. 1. 1. 0. 0. 0. 1.
  0. 0. 1. 0. 0. 1. 0. 1. 0. 0. 0. 1.]
 [1. 0. 1. 0. 0. 0. 0. 0. 1. 0. 0. 0. 1. 0. 0. 1. 0. 0. 0. 1. 0. 0. 0. 1.
  1. 0. 0. 0. 1. 0. 0. 0. 1. 0. 1. 0.]
 [1. 0. 1. 0. 0. 0. 0. 0. 1. 0. 0. 0. 1. 0. 0. 0. 1. 0. 0. 1. 0. 0. 0. 1.
  1. 0. 0. 0. 0. 1. 0. 0. 1. 0. 0. 1.]
 [1. 0. 1. 0. 0. 0. 0. 0. 1. 0. 0. 0. 1. 0. 0. 0. 0. 1. 0. 1. 0. 0. 0. 1.
  1. 0. 0. 0. 0. 1. 0. 0. 1. 0. 0. 1.]
 [1. 0. 1. 0. 0. 0. 0. 0. 1. 0. 0. 0. 0. 1. 0. 0. 1. 0. 0. 1. 0. 0. 0. 1.
  0. 1. 0. 0. 1. 0. 1. 0. 0. 0. 1. 0.]
 [1. 0. 1. 0. 0. 0. 0. 0. 1. 0. 0. 0. 0. 1. 0. 0. 0. 1. 0. 1. 0. 0. 0. 1.
  0. 1. 0. 0. 1. 0. 1. 0. 0. 0. 1. 0.]
 [1. 0. 1. 0. 0. 0. 0. 0. 1. 0. 0. 0. 0. 1. 0. 0. 0. 0. 1. 1. 0. 0. 0. 1.
  0. 1. 0. 0. 0. 1. 1. 0. 0. 0. 0. 1.]] 
 
 
Val : (461, 36) 
 

FINISHED ENCODING
~~~~~~~~~~~~~~~~~~~~~~~~~~~~~~~~~~~~~~~~~~~~~~~~~~~~~~~~~~~~~~~~~~~~~~~~~~~~~~~
Number of Classes B4 Bin Verifier: 7
Unique values in y_train: (array([0., 1., 2., 3., 4., 5.]), 6)
Unique values in y_test: (array([0., 1., 2., 3., 4., 5.]), 6)
WE ARE IN THE GUTTERS!!!!!
Final Train Labels Length: 6
Final Test Labels Length: 6
Final Num Classes: 6
Final Bin Labels: [0, 1, 2, 3, 4, 5]
VERIFY SHIFT
Train after shift : [0 1 2 3 4 5], Length : 6
Test after shift : [0 1 2 3 4 5], Length : 6
Number of Classes After Bin Verifier: 6
None
Train Loss: [0.8126578079918032], Valid Loss: [1.7258804957759661]
State of save is True b4 loss saving
±±±±±±±±±±±±±±±±±±±±±±±±±±±±±±±±±±±±±±±±±±±±±±±±±±±±±±±±±±±±±±±±±±±±±±±±±±± 

B4 Evaluation
Number of classes : 6
Class label len :6
Class labels : [0, 1, 2, 3, 4, 5]
Unique y_true : 6
Unique train : 6

Prediction shape : (115,)
Probabilities shape : (115, 6) 

±±±±±±±±±±±±±±±±±±±±±±±±±±±±±±±±±±±±±±±±±±±±±±±±±±±±±±±±±±±±±±±±±±±±±±±±±±± 

IN SCORER EVAL
y_true classes: 6
Probabilities shape: (115, 6)
DONE IN SCORER EVAL
After Evaluation
{'Log Loss - mean': 1.6393633333333335, 'Log Loss - std': 0.06959042478834447, 'AUC - mean': 0.6527325894002293, 'AUC - std': 0.048265034419187655, 'Accuracy - mean': 0.28045977011494255, 'Accuracy - std': 0.05379075971584464, 'F1 score - mean': 0.2403185188283932, 'F1 score - std': 0.059569014449786656} 
 

Fold 4
num_features : 11
num_classes : 1
cat_idx : [0]
nominal_idx : [0, 1, 2, 3, 4, 5, 6, 7, 8, 9, 10]
ordinal_idx : None
num_idx : None
cat_dims : [2]
bin_alt : None
~~~~~~~~~~~~~~~~~~~~~~~~~~~~~~~~~~~~~~~~~~~~~~~~~~~~~~~~~~~~~~~~~~~~~~~~~~~~~~~
BEFORE ANY ENCODING
num_features :11
num_classes : 1
cat_idx : [0]
nominal_idx : [0, 1, 2, 3, 4, 5, 6, 7, 8, 9, 10]
ordinal_idx : None
num_idx : None
cat_dims : [2]
bin_alt : None 


X shape : (461, 11)
~~~~~~~~~~~~~~~~~~~~~~~~~~~~~~~~~~~~~~~~~~~~~~~~~~~~~~~~~~~~~~~~~~~~~~~~~~~~~~~
~~~~~~~~~~~~~~~~~~~~~~~~~~~~~~~~~~~~~~~~~~~~~~~~~~~~~~~~~~~~~~~~~~~~~~~~~~~~~~~ 


AFTER SEPARATING CATEGORICALS AND NUMERICALS
Numerical Index V1 : []
Cat Dims V1 : []
Cat Idx V1 : [0, 1, 2, 3, 4, 5, 6, 7, 8, 9, 10] 
 

~~~~~~~~~~~~~~~~~~~~~~~~~~~~~~~~~~~~~~~~~~~~~~~~~~~~~~~~~~~~~~~~~~~~~~~~~~~~~~~ 


One Hot Encoding...
~~~~~~~~~~~~~~~~~~~~~~~~~~~~~~~~~~~~~~~~~~~~~~~~~~~~~~~~~~~~~~~~~~~~~~~~~~~~~~~
After OHE
Numerical Index V2 : [] 


OHE Idx : [0, 1, 2, 3, 4, 5, 6, 7, 8, 9, 10, 11, 12, 13, 14, 15, 16, 17, 18, 19, 20, 21, 22, 23, 24, 25, 26, 27, 28, 29, 30, 31, 32, 33, 34, 35]


Ordinal Idx V2: None


Cat Dims V2 : []
Cat Idx V2 : None 
 

Train: [[1. 0. 1. 0. 0.]
 [1. 0. 1. 0. 0.]
 [1. 0. 1. 0. 0.]
 [1. 0. 1. 0. 0.]
 [1. 0. 1. 0. 0.]
 [1. 0. 1. 0. 0.]
 [1. 0. 1. 0. 0.]
 [1. 0. 1. 0. 0.]
 [1. 0. 1. 0. 0.]
 [1. 0. 1. 0. 0.]] 
 
 
Val : (461, 36) 
 

~~~~~~~~~~~~~~~~~~~~~~~~~~~~~~~~~~~~~~~~~~~~~~~~~~~~~~~~~~~~~~~~~~~~~~~~~~~~~~~
~~~~~~~~~~~~~~~~~~~~~~~~~~~~~~~~~~~~~~~~~~~~~~~~~~~~~~~~~~~~~~~~~~~~~~~~~~~~~~~
After ORDINAL
Numerical Index V2 : [] 


OHE Idx : [0, 1, 2, 3, 4, 5, 6, 7, 8, 9, 10, 11, 12, 13, 14, 15, 16, 17, 18, 19, 20, 21, 22, 23, 24, 25, 26, 27, 28, 29, 30, 31, 32, 33, 34, 35]


Ordinal Idx V2: None


Cat Dims V2 : []
Cat Idx V2 : None 
 

Train: [[1. 0. 1. 0. 0. 0. 0. 0. 1. 0. 0. 1. 0. 0. 0. 0. 1. 0. 0. 1. 0. 0. 0. 1.
  0. 0. 1. 0. 0. 1. 0. 1. 0. 0. 0. 1.]
 [1. 0. 1. 0. 0. 0. 0. 0. 1. 0. 0. 1. 0. 0. 0. 0. 0. 0. 1. 1. 0. 0. 0. 1.
  0. 0. 1. 0. 0. 1. 0. 1. 0. 0. 0. 1.]
 [1. 0. 1. 0. 0. 0. 0. 0. 1. 0. 0. 0. 1. 0. 0. 1. 0. 0. 0. 1. 0. 0. 0. 1.
  1. 0. 0. 0. 1. 0. 0. 0. 1. 0. 1. 0.]
 [1. 0. 1. 0. 0. 0. 0. 0. 1. 0. 0. 0. 1. 0. 0. 0. 0. 0. 1. 1. 0. 0. 0. 1.
  1. 0. 0. 0. 1. 0. 0. 0. 1. 0. 1. 0.]
 [1. 0. 1. 0. 0. 0. 0. 0. 1. 0. 0. 0. 0. 1. 0. 1. 0. 0. 0. 1. 0. 0. 0. 1.
  0. 1. 0. 0. 0. 1. 1. 0. 0. 0. 0. 1.]
 [1. 0. 1. 0. 0. 0. 0. 0. 1. 0. 0. 0. 0. 1. 0. 0. 1. 0. 0. 1. 0. 0. 0. 1.
  0. 1. 0. 0. 1. 0. 1. 0. 0. 0. 1. 0.]
 [1. 0. 1. 0. 0. 0. 0. 0. 1. 0. 0. 0. 0. 1. 0. 0. 0. 1. 0. 1. 0. 0. 0. 1.
  0. 1. 0. 0. 1. 0. 1. 0. 0. 0. 1. 0.]
 [1. 0. 1. 0. 0. 0. 0. 0. 1. 0. 0. 0. 0. 1. 0. 0. 0. 0. 1. 1. 0. 0. 0. 1.
  0. 1. 0. 0. 0. 1. 1. 0. 0. 0. 0. 1.]
 [1. 0. 1. 0. 0. 0. 0. 0. 1. 0. 0. 0. 0. 0. 1. 1. 0. 0. 0. 1. 0. 0. 0. 1.
  0. 0. 0. 1. 0. 1. 0. 0. 0. 1. 0. 1.]
 [1. 0. 1. 0. 0. 0. 0. 0. 1. 0. 0. 0. 0. 0. 1. 0. 1. 0. 0. 1. 0. 0. 0. 1.
  0. 0. 0. 1. 0. 1. 0. 0. 0. 1. 0. 1.]] 
 
 
Val : (461, 36) 
 

FINISHED ENCODING
~~~~~~~~~~~~~~~~~~~~~~~~~~~~~~~~~~~~~~~~~~~~~~~~~~~~~~~~~~~~~~~~~~~~~~~~~~~~~~~
Number of Classes B4 Bin Verifier: 7
Unique values in y_train: (array([0., 1., 2., 3., 4., 5.]), 6)
Unique values in y_test: (array([0., 1., 2., 3., 4., 5.]), 6)
WE ARE IN THE GUTTERS!!!!!
Final Train Labels Length: 6
Final Test Labels Length: 6
Final Num Classes: 6
Final Bin Labels: [0, 1, 2, 3, 4, 5]
VERIFY SHIFT
Train after shift : [0 1 2 3 4 5], Length : 6
Test after shift : [0 1 2 3 4 5], Length : 6
Number of Classes After Bin Verifier: 6
None
Train Loss: [0.9079737259013628], Valid Loss: [1.5895626839243198]
State of save is True b4 loss saving
±±±±±±±±±±±±±±±±±±±±±±±±±±±±±±±±±±±±±±±±±±±±±±±±±±±±±±±±±±±±±±±±±±±±±±±±±±± 

B4 Evaluation
Number of classes : 6
Class label len :6
Class labels : [0, 1, 2, 3, 4, 5]
Unique y_true : 6
Unique train : 6

Prediction shape : (115,)
Probabilities shape : (115, 6) 

±±±±±±±±±±±±±±±±±±±±±±±±±±±±±±±±±±±±±±±±±±±±±±±±±±±±±±±±±±±±±±±±±±±±±±±±±±± 

IN SCORER EVAL
y_true classes: 6
Probabilities shape: (115, 6)
DONE IN SCORER EVAL
After Evaluation
{'Log Loss - mean': 1.6269125, 'Log Loss - std': 0.06400929751801689, 'AUC - mean': 0.651478808704241, 'AUC - std': 0.04185511986262762, 'Accuracy - mean': 0.27991004497751126, 'Accuracy - std': 0.046593894088023724, 'F1 score - mean': 0.242162698443992, 'F1 score - std': 0.05168707388944492} 
 

Fold 5
num_features : 11
num_classes : 1
cat_idx : [0]
nominal_idx : [0, 1, 2, 3, 4, 5, 6, 7, 8, 9, 10]
ordinal_idx : None
num_idx : None
cat_dims : [2]
bin_alt : None
~~~~~~~~~~~~~~~~~~~~~~~~~~~~~~~~~~~~~~~~~~~~~~~~~~~~~~~~~~~~~~~~~~~~~~~~~~~~~~~
BEFORE ANY ENCODING
num_features :11
num_classes : 1
cat_idx : [0]
nominal_idx : [0, 1, 2, 3, 4, 5, 6, 7, 8, 9, 10]
ordinal_idx : None
num_idx : None
cat_dims : [2]
bin_alt : None 


X shape : (461, 11)
~~~~~~~~~~~~~~~~~~~~~~~~~~~~~~~~~~~~~~~~~~~~~~~~~~~~~~~~~~~~~~~~~~~~~~~~~~~~~~~
~~~~~~~~~~~~~~~~~~~~~~~~~~~~~~~~~~~~~~~~~~~~~~~~~~~~~~~~~~~~~~~~~~~~~~~~~~~~~~~ 


AFTER SEPARATING CATEGORICALS AND NUMERICALS
Numerical Index V1 : []
Cat Dims V1 : []
Cat Idx V1 : [0, 1, 2, 3, 4, 5, 6, 7, 8, 9, 10] 
 

~~~~~~~~~~~~~~~~~~~~~~~~~~~~~~~~~~~~~~~~~~~~~~~~~~~~~~~~~~~~~~~~~~~~~~~~~~~~~~~ 


One Hot Encoding...
~~~~~~~~~~~~~~~~~~~~~~~~~~~~~~~~~~~~~~~~~~~~~~~~~~~~~~~~~~~~~~~~~~~~~~~~~~~~~~~
After OHE
Numerical Index V2 : [] 


OHE Idx : [0, 1, 2, 3, 4, 5, 6, 7, 8, 9, 10, 11, 12, 13, 14, 15, 16, 17, 18, 19, 20, 21, 22, 23, 24, 25, 26, 27, 28, 29, 30, 31, 32, 33, 34, 35]


Ordinal Idx V2: None


Cat Dims V2 : []
Cat Idx V2 : None 
 

Train: [[1. 0. 1. 0. 0.]
 [1. 0. 1. 0. 0.]
 [1. 0. 1. 0. 0.]
 [1. 0. 1. 0. 0.]
 [1. 0. 1. 0. 0.]
 [1. 0. 1. 0. 0.]
 [1. 0. 1. 0. 0.]
 [1. 0. 1. 0. 0.]
 [1. 0. 1. 0. 0.]
 [1. 0. 1. 0. 0.]] 
 
 
Val : (461, 36) 
 

~~~~~~~~~~~~~~~~~~~~~~~~~~~~~~~~~~~~~~~~~~~~~~~~~~~~~~~~~~~~~~~~~~~~~~~~~~~~~~~
~~~~~~~~~~~~~~~~~~~~~~~~~~~~~~~~~~~~~~~~~~~~~~~~~~~~~~~~~~~~~~~~~~~~~~~~~~~~~~~
After ORDINAL
Numerical Index V2 : [] 


OHE Idx : [0, 1, 2, 3, 4, 5, 6, 7, 8, 9, 10, 11, 12, 13, 14, 15, 16, 17, 18, 19, 20, 21, 22, 23, 24, 25, 26, 27, 28, 29, 30, 31, 32, 33, 34, 35]


Ordinal Idx V2: None


Cat Dims V2 : []
Cat Idx V2 : None 
 

Train: [[1. 0. 1. 0. 0. 0. 0. 0. 1. 0. 0. 1. 0. 0. 0. 1. 0. 0. 0. 1. 0. 0. 0. 1.
  0. 0. 1. 0. 1. 0. 0. 1. 0. 0. 1. 0.]
 [1. 0. 1. 0. 0. 0. 0. 0. 1. 0. 0. 1. 0. 0. 0. 0. 0. 1. 0. 1. 0. 0. 0. 1.
  0. 0. 1. 0. 1. 0. 0. 1. 0. 0. 1. 0.]
 [1. 0. 1. 0. 0. 0. 0. 0. 1. 0. 0. 1. 0. 0. 0. 0. 0. 0. 1. 1. 0. 0. 0. 1.
  0. 0. 1. 0. 0. 1. 0. 1. 0. 0. 0. 1.]
 [1. 0. 1. 0. 0. 0. 0. 0. 1. 0. 0. 0. 1. 0. 0. 1. 0. 0. 0. 1. 0. 0. 0. 1.
  1. 0. 0. 0. 1. 0. 0. 0. 1. 0. 1. 0.]
 [1. 0. 1. 0. 0. 0. 0. 0. 1. 0. 0. 0. 1. 0. 0. 0. 1. 0. 0. 1. 0. 0. 0. 1.
  1. 0. 0. 0. 0. 1. 0. 0. 1. 0. 0. 1.]
 [1. 0. 1. 0. 0. 0. 0. 0. 1. 0. 0. 0. 1. 0. 0. 0. 0. 1. 0. 1. 0. 0. 0. 1.
  1. 0. 0. 0. 0. 1. 0. 0. 1. 0. 0. 1.]
 [1. 0. 1. 0. 0. 0. 0. 0. 1. 0. 0. 0. 1. 0. 0. 0. 0. 0. 1. 1. 0. 0. 0. 1.
  1. 0. 0. 0. 1. 0. 0. 0. 1. 0. 1. 0.]
 [1. 0. 1. 0. 0. 0. 0. 0. 1. 0. 0. 0. 0. 1. 0. 1. 0. 0. 0. 1. 0. 0. 0. 1.
  0. 1. 0. 0. 0. 1. 1. 0. 0. 0. 0. 1.]
 [1. 0. 1. 0. 0. 0. 0. 0. 1. 0. 0. 0. 0. 1. 0. 0. 1. 0. 0. 1. 0. 0. 0. 1.
  0. 1. 0. 0. 1. 0. 1. 0. 0. 0. 1. 0.]
 [1. 0. 1. 0. 0. 0. 0. 0. 1. 0. 0. 0. 0. 1. 0. 0. 0. 0. 1. 1. 0. 0. 0. 1.
  0. 1. 0. 0. 0. 1. 1. 0. 0. 0. 0. 1.]] 
 
 
Val : (461, 36) 
 

FINISHED ENCODING
~~~~~~~~~~~~~~~~~~~~~~~~~~~~~~~~~~~~~~~~~~~~~~~~~~~~~~~~~~~~~~~~~~~~~~~~~~~~~~~
Number of Classes B4 Bin Verifier: 7
Unique values in y_train: (array([0., 1., 2., 3., 4., 5.]), 6)
Unique values in y_test: (array([0., 1., 2., 3., 4., 5.]), 6)
WE ARE IN THE GUTTERS!!!!!
Final Train Labels Length: 6
Final Test Labels Length: 6
Final Num Classes: 6
Final Bin Labels: [0, 1, 2, 3, 4, 5]
VERIFY SHIFT
Train after shift : [0 1 2 3 4 5], Length : 6
Test after shift : [0 1 2 3 4 5], Length : 6
Number of Classes After Bin Verifier: 6
None
Train Loss: [0.9543480534791952], Valid Loss: [1.5692824460051087]
State of save is True b4 loss saving
±±±±±±±±±±±±±±±±±±±±±±±±±±±±±±±±±±±±±±±±±±±±±±±±±±±±±±±±±±±±±±±±±±±±±±±±±±± 

B4 Evaluation
Number of classes : 6
Class label len :6
Class labels : [0, 1, 2, 3, 4, 5]
Unique y_true : 6
Unique train : 6

Prediction shape : (115,)
Probabilities shape : (115, 6) 

±±±±±±±±±±±±±±±±±±±±±±±±±±±±±±±±±±±±±±±±±±±±±±±±±±±±±±±±±±±±±±±±±±±±±±±±±±± 

IN SCORER EVAL
y_true classes: 6
Probabilities shape: (115, 6)
DONE IN SCORER EVAL
After Evaluation
{'Log Loss - mean': 1.6153860000000002, 'Log Loss - std': 0.06171865960955409, 'AUC - mean': 0.6519738332704834, 'AUC - std': 0.03744944651469063, 'Accuracy - mean': 0.29175412293853076, 'Accuracy - std': 0.04793664051657779, 'F1 score - mean': 0.2550889903813339, 'F1 score - std': 0.05296790517662483} 
 

Saving model.....
Results After CV: {'Log Loss - mean': 1.6153860000000002, 'Log Loss - std': 0.06171865960955409, 'AUC - mean': 0.6519738332704834, 'AUC - std': 0.03744944651469063, 'Accuracy - mean': 0.29175412293853076, 'Accuracy - std': 0.04793664051657779, 'F1 score - mean': 0.2550889903813339, 'F1 score - std': 0.05296790517662483}
Train time: 8.452214728799998
Inference time: 3.3053804285999973
Finished cross validation
{'Log Loss - mean': 1.6153860000000002, 'Log Loss - std': 0.06171865960955409, 'AUC - mean': 0.6519738332704834, 'AUC - std': 0.03744944651469063, 'Accuracy - mean': 0.29175412293853076, 'Accuracy - std': 0.04793664051657779, 'F1 score - mean': 0.2550889903813339, 'F1 score - std': 0.05296790517662483}
(8.452214728799998, 3.3053804285999973)


----------------------------------------------------------------------------
Training VIME Vesion 1 with Dataset: config/socmob.yml 



----------------------------------------------------------------------------
Namespace(batch_size=128, bin_alt=None, cat_dims=[2], cat_idx=[0], config='config/socmob.yml', data_parallel=False, dataset='Socmob', direction='minimize', dropna_idx=None, early_stopping_rounds=20, epochs=100, frequency_reg=False, gpu_ids=[0, 1], logging_period=100, miss_cat_idx=None, miss_num_idx=None, model_name='TabPFN', n_trials=100, nominal_idx=[0, 1, 2, 3], num_bins=10, num_classes=1, num_features=5, num_idx=None, num_splits=5, objective='probabilistic_regression', one_hot_encode=True, optimize_hyperparameters=False, ordinal_encode=False, ordinal_idx=None, scale=True, seed=221, shuffle=True, target_encode=False, use_gpu=True, val_batch_size=256, y_distribution='skewed')
Train model with given hyperparameters
Loading dataset Socmob...
Dataset loaded! 

(1156, 5)
I am in Main Once
Almost Cross Validating
Model Name: TabPFN
Fold 1
num_features : 5
num_classes : 1
cat_idx : [0]
nominal_idx : [0, 1, 2, 3]
ordinal_idx : None
num_idx : None
cat_dims : [2]
bin_alt : None
~~~~~~~~~~~~~~~~~~~~~~~~~~~~~~~~~~~~~~~~~~~~~~~~~~~~~~~~~~~~~~~~~~~~~~~~~~~~~~~
BEFORE ANY ENCODING
num_features :5
num_classes : 1
cat_idx : [0]
nominal_idx : [0, 1, 2, 3]
ordinal_idx : None
num_idx : None
cat_dims : [2]
bin_alt : None 


X shape : (924, 5)
~~~~~~~~~~~~~~~~~~~~~~~~~~~~~~~~~~~~~~~~~~~~~~~~~~~~~~~~~~~~~~~~~~~~~~~~~~~~~~~
~~~~~~~~~~~~~~~~~~~~~~~~~~~~~~~~~~~~~~~~~~~~~~~~~~~~~~~~~~~~~~~~~~~~~~~~~~~~~~~ 


AFTER SEPARATING CATEGORICALS AND NUMERICALS
Numerical Index V1 : [4]
Cat Dims V1 : []
Cat Idx V1 : [0, 1, 2, 3] 
 

~~~~~~~~~~~~~~~~~~~~~~~~~~~~~~~~~~~~~~~~~~~~~~~~~~~~~~~~~~~~~~~~~~~~~~~~~~~~~~~ 


Scaling the data...
One Hot Encoding...
~~~~~~~~~~~~~~~~~~~~~~~~~~~~~~~~~~~~~~~~~~~~~~~~~~~~~~~~~~~~~~~~~~~~~~~~~~~~~~~
After OHE
Numerical Index V2 : [4] 


OHE Idx : [0, 1, 2, 3, 4, 5, 6, 7, 8, 9, 10, 11, 12, 13, 14, 15, 16, 17, 18, 19, 20, 21, 22, 23, 24, 25, 26, 27, 28, 29, 30, 31, 32, 33, 34, 35, 36, 37]


Ordinal Idx V2: None


Cat Dims V2 : []
Cat Idx V2 : None 
 

Train: [[0.0 0.0 0.0 0.0 0.0]
 [0.0 0.0 0.0 0.0 0.0]
 [0.0 0.0 0.0 0.0 0.0]
 [0.0 0.0 0.0 0.0 0.0]
 [0.0 0.0 0.0 0.0 0.0]
 [0.0 0.0 0.0 0.0 0.0]
 [0.0 0.0 0.0 0.0 0.0]
 [0.0 0.0 0.0 0.0 0.0]
 [0.0 0.0 0.0 0.0 0.0]
 [0.0 0.0 0.0 0.0 0.0]] 
 
 
Val : (924, 39) 
 

~~~~~~~~~~~~~~~~~~~~~~~~~~~~~~~~~~~~~~~~~~~~~~~~~~~~~~~~~~~~~~~~~~~~~~~~~~~~~~~
~~~~~~~~~~~~~~~~~~~~~~~~~~~~~~~~~~~~~~~~~~~~~~~~~~~~~~~~~~~~~~~~~~~~~~~~~~~~~~~
After ORDINAL
Numerical Index V2 : [4] 


OHE Idx : [0, 1, 2, 3, 4, 5, 6, 7, 8, 9, 10, 11, 12, 13, 14, 15, 16, 17, 18, 19, 20, 21, 22, 23, 24, 25, 26, 27, 28, 29, 30, 31, 32, 33, 34, 35, 36, 37]


Ordinal Idx V2: None


Cat Dims V2 : []
Cat Idx V2 : None 
 

Train: [[0.0 0.0 0.0 0.0 0.0 0.0 0.0 0.0 0.0 0.0 0.0 0.0 1.0 0.0 0.0 0.0 0.0 0.0
  0.0 0.0 0.0 0.0 0.0 0.0 0.0 0.0 0.0 0.0 0.0 1.0 0.0 0.0 0.0 0.0 1.0 0.0
  0.0 1.0 0.1479241496870315]
 [0.0 0.0 0.0 0.0 0.0 0.0 0.0 0.0 0.0 0.0 0.0 0.0 1.0 0.0 0.0 0.0 0.0 0.0
  0.0 0.0 0.0 0.0 0.0 0.0 0.0 0.0 0.0 0.0 1.0 0.0 0.0 0.0 0.0 0.0 1.0 0.0
  0.0 1.0 1.944725440775985]
 [0.0 0.0 0.0 0.0 0.0 0.0 0.0 0.0 0.0 0.0 0.0 0.0 1.0 0.0 0.0 0.0 0.0 0.0
  0.0 0.0 0.0 0.0 0.0 0.0 0.0 1.0 0.0 0.0 0.0 0.0 0.0 0.0 0.0 0.0 1.0 0.0
  0.0 1.0 0.030261855045462985]
 [0.0 0.0 0.0 0.0 0.0 0.0 0.0 0.0 0.0 0.0 0.0 0.0 1.0 0.0 0.0 0.0 0.0 0.0
  0.0 0.0 0.0 0.0 0.0 0.0 0.0 0.0 0.0 0.0 0.0 0.0 1.0 0.0 0.0 0.0 1.0 0.0
  0.0 1.0 -0.34478670912453685]
 [0.0 0.0 0.0 0.0 0.0 0.0 0.0 0.0 0.0 0.0 0.0 0.0 1.0 0.0 0.0 0.0 0.0 1.0
  0.0 0.0 0.0 0.0 0.0 0.0 0.0 0.0 0.0 0.0 0.0 0.0 0.0 0.0 0.0 0.0 1.0 0.0
  0.0 1.0 0.13566766066186808]
 [0.0 0.0 0.0 0.0 0.0 0.0 0.0 0.0 0.0 0.0 0.0 0.0 1.0 0.0 0.0 0.0 0.0 0.0
  0.0 0.0 0.0 0.0 0.0 0.0 0.0 0.0 0.0 0.0 0.0 0.0 0.0 0.0 1.0 0.0 1.0 0.0
  0.0 1.0 -0.27369907277858924]
 [0.0 0.0 0.0 0.0 0.0 0.0 0.0 0.0 0.0 0.0 0.0 0.0 1.0 0.0 0.0 0.0 0.0 0.0
  1.0 0.0 0.0 0.0 0.0 0.0 0.0 0.0 0.0 0.0 0.0 0.0 0.0 0.0 0.0 0.0 1.0 0.0
  0.0 1.0 -0.24673479692322972]
 [0.0 0.0 0.0 0.0 0.0 0.0 0.0 0.0 0.0 0.0 0.0 0.0 1.0 0.0 0.0 0.0 0.0 0.0
  0.0 0.0 0.0 0.0 0.0 0.0 0.0 0.0 0.0 1.0 0.0 0.0 0.0 0.0 0.0 0.0 1.0 0.0
  0.0 1.0 -0.17809845838231475]
 [0.0 0.0 0.0 0.0 0.0 0.0 0.0 0.0 0.0 0.0 0.0 0.0 1.0 0.0 0.0 0.0 0.0 0.0
  0.0 0.0 0.0 0.0 0.0 0.0 0.0 0.0 1.0 0.0 0.0 0.0 0.0 0.0 0.0 0.0 1.0 0.0
  0.0 1.0 -0.2173192232628376]
 [0.0 0.0 0.0 0.0 0.0 0.0 0.0 0.0 0.0 0.0 0.0 0.0 1.0 0.0 0.0 0.0 0.0 0.0
  0.0 0.0 0.0 0.0 0.0 1.0 0.0 0.0 0.0 0.0 0.0 0.0 0.0 0.0 0.0 0.0 1.0 0.0
  0.0 1.0 -0.3545919003446676]] 
 
 
Val : (924, 39) 
 

FINISHED ENCODING
~~~~~~~~~~~~~~~~~~~~~~~~~~~~~~~~~~~~~~~~~~~~~~~~~~~~~~~~~~~~~~~~~~~~~~~~~~~~~~~
Number of Classes B4 Bin Verifier: 88
Unique values in y_train: (array([ 0.,  1.,  2.,  3.,  4.,  5.,  6.,  7.,  8.,  9., 10., 11., 12.,
       13., 14., 15., 16., 17., 18., 19., 20., 21., 22., 23., 24., 25.,
       26., 27., 28., 29., 30., 31., 32., 33., 34., 35., 36., 37., 38.,
       39., 40., 41., 42., 43., 44., 45., 46., 47., 48., 49., 50., 51.,
       52., 53., 54., 55., 56., 57., 58., 59., 60., 61., 62., 63., 64.,
       65., 66.]), 67)
Unique values in y_test: (array([ 0.,  1.,  2.,  3.,  4.,  5.,  6.,  7.,  8.,  9., 10., 11., 13.,
       14., 15., 17., 18., 19., 20., 21., 22., 23., 24., 25., 26., 27.,
       28., 30., 31., 32., 33., 35., 36., 37., 38., 39., 40., 41., 42.,
       43., 44., 45., 46., 47., 48., 49., 51., 52., 53., 54., 55., 56.,
       57., 58., 59., 60., 61., 62., 63., 64., 65., 66.]), 62)
WE ARE IN THE GUTTERS!!!!!
Final Train Labels Length: 67
Final Test Labels Length: 62
Final Num Classes: 67
Final Bin Labels: [0, 1, 2, 3, 4, 5, 6, 7, 8, 9, 10, 11, 12, 13, 14, 15, 16, 17, 18, 19, 20, 21, 22, 23, 24, 25, 26, 27, 28, 29, 30, 31, 32, 33, 34, 35, 36, 37, 38, 39, 40, 41, 42, 43, 44, 45, 46, 47, 48, 49, 50, 51, 52, 53, 54, 55, 56, 57, 58, 59, 60, 61, 62, 63, 64, 65, 66]
VERIFY SHIFT
Train after shift : [ 0  1  2  3  4  5  6  7  8  9 10 11 12 13 14 15 16 17 18 19 20 21 22 23
 24 25 26 27 28 29 30 31 32 33 34 35 36 37 38 39 40 41 42 43 44 45 46 47
 48 49 50 51 52 53 54 55 56 57 58 59 60 61 62 63 64 65 66], Length : 67
Test after shift : [ 0  1  2  3  4  5  6  7  8  9 10 11 13 14 15 17 18 19 20 21 22 23 24 25
 26 27 28 30 31 32 33 35 36 37 38 39 40 41 42 43 44 45 46 47 48 49 51 52
 53 54 55 56 57 58 59 60 61 62 63 64 65 66], Length : 62
Number of Classes After Bin Verifier: 67
None
