[I 2025-05-04 17:14:24,332] A new study created in memory with name: FTTransformer_Black_Friday_outer1
/home/mburu/Master_Thesis/master-thesis-da/DNN_Trial/models/rtdl_models.py:470: UserWarning: To copy construct from a tensor, it is recommended to use sourceTensor.clone().detach() or sourceTensor.clone().detach().requires_grad_(True), rather than torch.tensor(sourceTensor).
  X = torch.tensor(X, dtype=torch.float32).to(self.device)
[W 2025-05-04 17:14:28,953] Trial 0 failed with parameters: {'learning_rate': 0.008342038801257943, 'weight_decay': 5.159173128509058e-05} because of the following error: OutOfMemoryError('CUDA out of memory. Tried to allocate 1.44 GiB. GPU 0 has a total capacty of 7.79 GiB of which 384.44 MiB is free. Including non-PyTorch memory, this process has 7.41 GiB memory in use. Of the allocated memory 7.25 GiB is allocated by PyTorch, and 29.21 MiB is reserved by PyTorch but unallocated. If reserved but unallocated memory is large try setting max_split_size_mb to avoid fragmentation.  See documentation for Memory Management and PYTORCH_CUDA_ALLOC_CONF').
Traceback (most recent call last):
  File "/home/mburu/.local/lib/python3.8/site-packages/optuna/study/_optimize.py", line 197, in _run_trial
    value_or_values = func(trial)
  File "train.py", line 1026, in __call__
    inner_sc, avg_score, time = evaluate_hyperparameters_cv(
  File "train.py", line 353, in evaluate_hyperparameters_cv
    _,_ = curr_model.fit(X_train_inner_proc, y_train_inner_proc, X_val_inner_proc, y_val_inner_proc)
  File "/home/mburu/Master_Thesis/master-thesis-da/DNN_Trial/models/rtdl_models.py", line 411, in fit
    val_loss = self._evaluate(X_val, y_val, class_weights)
  File "/home/mburu/Master_Thesis/master-thesis-da/DNN_Trial/models/rtdl_models.py", line 475, in _evaluate
    outputs = self.model(x_cont, x_cat)
  File "/home/mburu/anaconda3/envs/TabSurvey/lib/python3.8/site-packages/torch/nn/modules/module.py", line 1518, in _wrapped_call_impl
    return self._call_impl(*args, **kwargs)
  File "/home/mburu/anaconda3/envs/TabSurvey/lib/python3.8/site-packages/torch/nn/modules/module.py", line 1527, in _call_impl
    return forward_call(*args, **kwargs)
  File "/home/mburu/anaconda3/envs/TabSurvey/lib/python3.8/site-packages/rtdl_revisiting_models.py", line 871, in forward
    x = self.backbone(x)
  File "/home/mburu/anaconda3/envs/TabSurvey/lib/python3.8/site-packages/torch/nn/modules/module.py", line 1518, in _wrapped_call_impl
    return self._call_impl(*args, **kwargs)
  File "/home/mburu/anaconda3/envs/TabSurvey/lib/python3.8/site-packages/torch/nn/modules/module.py", line 1527, in _call_impl
    return forward_call(*args, **kwargs)
  File "/home/mburu/anaconda3/envs/TabSurvey/lib/python3.8/site-packages/rtdl_revisiting_models.py", line 656, in forward
    x = block['attention'](x[:, :1] if i_block + 1 == n_blocks else x, x)
  File "/home/mburu/anaconda3/envs/TabSurvey/lib/python3.8/site-packages/torch/nn/modules/module.py", line 1518, in _wrapped_call_impl
    return self._call_impl(*args, **kwargs)
  File "/home/mburu/anaconda3/envs/TabSurvey/lib/python3.8/site-packages/torch/nn/modules/module.py", line 1527, in _call_impl
    return forward_call(*args, **kwargs)
  File "/home/mburu/anaconda3/envs/TabSurvey/lib/python3.8/site-packages/rtdl_revisiting_models.py", line 451, in forward
    q = self._reshape(q)
  File "/home/mburu/anaconda3/envs/TabSurvey/lib/python3.8/site-packages/rtdl_revisiting_models.py", line 430, in _reshape
    x.reshape(batch_size, n_tokens, self._n_heads, d_head)
torch.cuda.OutOfMemoryError: CUDA out of memory. Tried to allocate 1.44 GiB. GPU 0 has a total capacty of 7.79 GiB of which 384.44 MiB is free. Including non-PyTorch memory, this process has 7.41 GiB memory in use. Of the allocated memory 7.25 GiB is allocated by PyTorch, and 29.21 MiB is reserved by PyTorch but unallocated. If reserved but unallocated memory is large try setting max_split_size_mb to avoid fragmentation.  See documentation for Memory Management and PYTORCH_CUDA_ALLOC_CONF
[W 2025-05-04 17:14:29,005] Trial 0 failed with value None.
Traceback (most recent call last):
  File "train.py", line 1194, in <module>
    main(arguments)
  File "train.py", line 1065, in main
    agg_scorer, avg_train_time, avg_test_time = nested_cross_validation(
  File "train.py", line 512, in nested_cross_validation
    study.optimize(objective, n_trials=args.n_trials, n_jobs=1) # n_jobs=1 unless Objective and preprocessing are thread-safe
  File "/home/mburu/.local/lib/python3.8/site-packages/optuna/study/study.py", line 475, in optimize
    _optimize(
  File "/home/mburu/.local/lib/python3.8/site-packages/optuna/study/_optimize.py", line 63, in _optimize
    _optimize_sequential(
  File "/home/mburu/.local/lib/python3.8/site-packages/optuna/study/_optimize.py", line 160, in _optimize_sequential
    frozen_trial = _run_trial(study, func, catch)
  File "/home/mburu/.local/lib/python3.8/site-packages/optuna/study/_optimize.py", line 248, in _run_trial
    raise func_err
  File "/home/mburu/.local/lib/python3.8/site-packages/optuna/study/_optimize.py", line 197, in _run_trial
    value_or_values = func(trial)
  File "train.py", line 1026, in __call__
    inner_sc, avg_score, time = evaluate_hyperparameters_cv(
  File "train.py", line 353, in evaluate_hyperparameters_cv
    _,_ = curr_model.fit(X_train_inner_proc, y_train_inner_proc, X_val_inner_proc, y_val_inner_proc)
  File "/home/mburu/Master_Thesis/master-thesis-da/DNN_Trial/models/rtdl_models.py", line 411, in fit
    val_loss = self._evaluate(X_val, y_val, class_weights)
  File "/home/mburu/Master_Thesis/master-thesis-da/DNN_Trial/models/rtdl_models.py", line 475, in _evaluate
    outputs = self.model(x_cont, x_cat)
  File "/home/mburu/anaconda3/envs/TabSurvey/lib/python3.8/site-packages/torch/nn/modules/module.py", line 1518, in _wrapped_call_impl
    return self._call_impl(*args, **kwargs)
  File "/home/mburu/anaconda3/envs/TabSurvey/lib/python3.8/site-packages/torch/nn/modules/module.py", line 1527, in _call_impl
    return forward_call(*args, **kwargs)
  File "/home/mburu/anaconda3/envs/TabSurvey/lib/python3.8/site-packages/rtdl_revisiting_models.py", line 871, in forward
    x = self.backbone(x)
  File "/home/mburu/anaconda3/envs/TabSurvey/lib/python3.8/site-packages/torch/nn/modules/module.py", line 1518, in _wrapped_call_impl
    return self._call_impl(*args, **kwargs)
  File "/home/mburu/anaconda3/envs/TabSurvey/lib/python3.8/site-packages/torch/nn/modules/module.py", line 1527, in _call_impl
    return forward_call(*args, **kwargs)
  File "/home/mburu/anaconda3/envs/TabSurvey/lib/python3.8/site-packages/rtdl_revisiting_models.py", line 656, in forward
    x = block['attention'](x[:, :1] if i_block + 1 == n_blocks else x, x)
  File "/home/mburu/anaconda3/envs/TabSurvey/lib/python3.8/site-packages/torch/nn/modules/module.py", line 1518, in _wrapped_call_impl
    return self._call_impl(*args, **kwargs)
  File "/home/mburu/anaconda3/envs/TabSurvey/lib/python3.8/site-packages/torch/nn/modules/module.py", line 1527, in _call_impl
    return forward_call(*args, **kwargs)
  File "/home/mburu/anaconda3/envs/TabSurvey/lib/python3.8/site-packages/rtdl_revisiting_models.py", line 451, in forward
    q = self._reshape(q)
  File "/home/mburu/anaconda3/envs/TabSurvey/lib/python3.8/site-packages/rtdl_revisiting_models.py", line 430, in _reshape
    x.reshape(batch_size, n_tokens, self._n_heads, d_head)
torch.cuda.OutOfMemoryError: CUDA out of memory. Tried to allocate 1.44 GiB. GPU 0 has a total capacty of 7.79 GiB of which 384.44 MiB is free. Including non-PyTorch memory, this process has 7.41 GiB memory in use. Of the allocated memory 7.25 GiB is allocated by PyTorch, and 29.21 MiB is reserved by PyTorch but unallocated. If reserved but unallocated memory is large try setting max_split_size_mb to avoid fragmentation.  See documentation for Memory Management and PYTORCH_CUDA_ALLOC_CONF
srun: error: stud-000: task 0: Exited with exit code 1
