[I 2025-05-04 17:14:33,780] A new study created in memory with name: FTTransformer_Diamonds_outer1
/home/mburu/Master_Thesis/master-thesis-da/DNN_Trial/models/rtdl_models.py:470: UserWarning: To copy construct from a tensor, it is recommended to use sourceTensor.clone().detach() or sourceTensor.clone().detach().requires_grad_(True), rather than torch.tensor(sourceTensor).
  X = torch.tensor(X, dtype=torch.float32).to(self.device)
/home/mburu/Master_Thesis/master-thesis-da/DNN_Trial/models/rtdl_models.py:470: UserWarning: To copy construct from a tensor, it is recommended to use sourceTensor.clone().detach() or sourceTensor.clone().detach().requires_grad_(True), rather than torch.tensor(sourceTensor).
  X = torch.tensor(X, dtype=torch.float32).to(self.device)
/home/mburu/Master_Thesis/master-thesis-da/DNN_Trial/models/rtdl_models.py:470: UserWarning: To copy construct from a tensor, it is recommended to use sourceTensor.clone().detach() or sourceTensor.clone().detach().requires_grad_(True), rather than torch.tensor(sourceTensor).
  X = torch.tensor(X, dtype=torch.float32).to(self.device)
/home/mburu/Master_Thesis/master-thesis-da/DNN_Trial/models/rtdl_models.py:470: UserWarning: To copy construct from a tensor, it is recommended to use sourceTensor.clone().detach() or sourceTensor.clone().detach().requires_grad_(True), rather than torch.tensor(sourceTensor).
  X = torch.tensor(X, dtype=torch.float32).to(self.device)
/home/mburu/Master_Thesis/master-thesis-da/DNN_Trial/models/rtdl_models.py:470: UserWarning: To copy construct from a tensor, it is recommended to use sourceTensor.clone().detach() or sourceTensor.clone().detach().requires_grad_(True), rather than torch.tensor(sourceTensor).
  X = torch.tensor(X, dtype=torch.float32).to(self.device)
[I 2025-05-04 17:14:54,703] Trial 0 finished with value: 0.865255 and parameters: {'learning_rate': 0.0009969268720182365, 'weight_decay': 3.7127762814393218e-06}. Best is trial 0 with value: 0.865255.
/home/mburu/Master_Thesis/master-thesis-da/DNN_Trial/models/rtdl_models.py:470: UserWarning: To copy construct from a tensor, it is recommended to use sourceTensor.clone().detach() or sourceTensor.clone().detach().requires_grad_(True), rather than torch.tensor(sourceTensor).
  X = torch.tensor(X, dtype=torch.float32).to(self.device)
/home/mburu/Master_Thesis/master-thesis-da/DNN_Trial/models/rtdl_models.py:470: UserWarning: To copy construct from a tensor, it is recommended to use sourceTensor.clone().detach() or sourceTensor.clone().detach().requires_grad_(True), rather than torch.tensor(sourceTensor).
  X = torch.tensor(X, dtype=torch.float32).to(self.device)
/home/mburu/Master_Thesis/master-thesis-da/DNN_Trial/models/rtdl_models.py:470: UserWarning: To copy construct from a tensor, it is recommended to use sourceTensor.clone().detach() or sourceTensor.clone().detach().requires_grad_(True), rather than torch.tensor(sourceTensor).
  X = torch.tensor(X, dtype=torch.float32).to(self.device)
/home/mburu/Master_Thesis/master-thesis-da/DNN_Trial/models/rtdl_models.py:470: UserWarning: To copy construct from a tensor, it is recommended to use sourceTensor.clone().detach() or sourceTensor.clone().detach().requires_grad_(True), rather than torch.tensor(sourceTensor).
  X = torch.tensor(X, dtype=torch.float32).to(self.device)
/home/mburu/Master_Thesis/master-thesis-da/DNN_Trial/models/rtdl_models.py:470: UserWarning: To copy construct from a tensor, it is recommended to use sourceTensor.clone().detach() or sourceTensor.clone().detach().requires_grad_(True), rather than torch.tensor(sourceTensor).
  X = torch.tensor(X, dtype=torch.float32).to(self.device)
[I 2025-05-04 17:15:12,266] Trial 1 finished with value: 0.9890471000000002 and parameters: {'learning_rate': 0.005858204440364072, 'weight_decay': 0.0011039745580047628}. Best is trial 0 with value: 0.865255.
/home/mburu/Master_Thesis/master-thesis-da/DNN_Trial/models/rtdl_models.py:470: UserWarning: To copy construct from a tensor, it is recommended to use sourceTensor.clone().detach() or sourceTensor.clone().detach().requires_grad_(True), rather than torch.tensor(sourceTensor).
  X = torch.tensor(X, dtype=torch.float32).to(self.device)
/home/mburu/Master_Thesis/master-thesis-da/DNN_Trial/models/rtdl_models.py:470: UserWarning: To copy construct from a tensor, it is recommended to use sourceTensor.clone().detach() or sourceTensor.clone().detach().requires_grad_(True), rather than torch.tensor(sourceTensor).
  X = torch.tensor(X, dtype=torch.float32).to(self.device)
/home/mburu/Master_Thesis/master-thesis-da/DNN_Trial/models/rtdl_models.py:470: UserWarning: To copy construct from a tensor, it is recommended to use sourceTensor.clone().detach() or sourceTensor.clone().detach().requires_grad_(True), rather than torch.tensor(sourceTensor).
  X = torch.tensor(X, dtype=torch.float32).to(self.device)
/home/mburu/Master_Thesis/master-thesis-da/DNN_Trial/models/rtdl_models.py:470: UserWarning: To copy construct from a tensor, it is recommended to use sourceTensor.clone().detach() or sourceTensor.clone().detach().requires_grad_(True), rather than torch.tensor(sourceTensor).
  X = torch.tensor(X, dtype=torch.float32).to(self.device)
/home/mburu/Master_Thesis/master-thesis-da/DNN_Trial/models/rtdl_models.py:470: UserWarning: To copy construct from a tensor, it is recommended to use sourceTensor.clone().detach() or sourceTensor.clone().detach().requires_grad_(True), rather than torch.tensor(sourceTensor).
  X = torch.tensor(X, dtype=torch.float32).to(self.device)
[I 2025-05-04 17:15:36,133] Trial 2 finished with value: 0.8772686333333335 and parameters: {'learning_rate': 0.002451720432254748, 'weight_decay': 1.5557730606381331e-06}. Best is trial 0 with value: 0.865255.
/home/mburu/Master_Thesis/master-thesis-da/DNN_Trial/models/rtdl_models.py:470: UserWarning: To copy construct from a tensor, it is recommended to use sourceTensor.clone().detach() or sourceTensor.clone().detach().requires_grad_(True), rather than torch.tensor(sourceTensor).
  X = torch.tensor(X, dtype=torch.float32).to(self.device)
/home/mburu/Master_Thesis/master-thesis-da/DNN_Trial/models/rtdl_models.py:470: UserWarning: To copy construct from a tensor, it is recommended to use sourceTensor.clone().detach() or sourceTensor.clone().detach().requires_grad_(True), rather than torch.tensor(sourceTensor).
  X = torch.tensor(X, dtype=torch.float32).to(self.device)
/home/mburu/Master_Thesis/master-thesis-da/DNN_Trial/models/rtdl_models.py:470: UserWarning: To copy construct from a tensor, it is recommended to use sourceTensor.clone().detach() or sourceTensor.clone().detach().requires_grad_(True), rather than torch.tensor(sourceTensor).
  X = torch.tensor(X, dtype=torch.float32).to(self.device)
/home/mburu/Master_Thesis/master-thesis-da/DNN_Trial/models/rtdl_models.py:470: UserWarning: To copy construct from a tensor, it is recommended to use sourceTensor.clone().detach() or sourceTensor.clone().detach().requires_grad_(True), rather than torch.tensor(sourceTensor).
  X = torch.tensor(X, dtype=torch.float32).to(self.device)
/home/mburu/Master_Thesis/master-thesis-da/DNN_Trial/models/rtdl_models.py:470: UserWarning: To copy construct from a tensor, it is recommended to use sourceTensor.clone().detach() or sourceTensor.clone().detach().requires_grad_(True), rather than torch.tensor(sourceTensor).
  X = torch.tensor(X, dtype=torch.float32).to(self.device)
[I 2025-05-04 17:16:05,141] Trial 3 finished with value: 0.7952184 and parameters: {'learning_rate': 0.0003443404717584665, 'weight_decay': 2.243324573493618e-05}. Best is trial 3 with value: 0.7952184.
/home/mburu/Master_Thesis/master-thesis-da/DNN_Trial/models/rtdl_models.py:470: UserWarning: To copy construct from a tensor, it is recommended to use sourceTensor.clone().detach() or sourceTensor.clone().detach().requires_grad_(True), rather than torch.tensor(sourceTensor).
  X = torch.tensor(X, dtype=torch.float32).to(self.device)
/home/mburu/Master_Thesis/master-thesis-da/DNN_Trial/models/rtdl_models.py:470: UserWarning: To copy construct from a tensor, it is recommended to use sourceTensor.clone().detach() or sourceTensor.clone().detach().requires_grad_(True), rather than torch.tensor(sourceTensor).
  X = torch.tensor(X, dtype=torch.float32).to(self.device)
/home/mburu/Master_Thesis/master-thesis-da/DNN_Trial/models/rtdl_models.py:470: UserWarning: To copy construct from a tensor, it is recommended to use sourceTensor.clone().detach() or sourceTensor.clone().detach().requires_grad_(True), rather than torch.tensor(sourceTensor).
  X = torch.tensor(X, dtype=torch.float32).to(self.device)
/home/mburu/Master_Thesis/master-thesis-da/DNN_Trial/models/rtdl_models.py:470: UserWarning: To copy construct from a tensor, it is recommended to use sourceTensor.clone().detach() or sourceTensor.clone().detach().requires_grad_(True), rather than torch.tensor(sourceTensor).
  X = torch.tensor(X, dtype=torch.float32).to(self.device)
/home/mburu/Master_Thesis/master-thesis-da/DNN_Trial/models/rtdl_models.py:470: UserWarning: To copy construct from a tensor, it is recommended to use sourceTensor.clone().detach() or sourceTensor.clone().detach().requires_grad_(True), rather than torch.tensor(sourceTensor).
  X = torch.tensor(X, dtype=torch.float32).to(self.device)
[I 2025-05-04 17:16:22,971] Trial 4 finished with value: 0.9909149000000002 and parameters: {'learning_rate': 0.0023276283018117097, 'weight_decay': 7.501585016806466e-05}. Best is trial 3 with value: 0.7952184.
/home/mburu/Master_Thesis/master-thesis-da/DNN_Trial/models/rtdl_models.py:470: UserWarning: To copy construct from a tensor, it is recommended to use sourceTensor.clone().detach() or sourceTensor.clone().detach().requires_grad_(True), rather than torch.tensor(sourceTensor).
  X = torch.tensor(X, dtype=torch.float32).to(self.device)
[I 2025-05-04 17:16:33,350] A new study created in memory with name: FTTransformer_Diamonds_outer2
/home/mburu/Master_Thesis/master-thesis-da/DNN_Trial/models/rtdl_models.py:470: UserWarning: To copy construct from a tensor, it is recommended to use sourceTensor.clone().detach() or sourceTensor.clone().detach().requires_grad_(True), rather than torch.tensor(sourceTensor).
  X = torch.tensor(X, dtype=torch.float32).to(self.device)
/home/mburu/Master_Thesis/master-thesis-da/DNN_Trial/models/rtdl_models.py:470: UserWarning: To copy construct from a tensor, it is recommended to use sourceTensor.clone().detach() or sourceTensor.clone().detach().requires_grad_(True), rather than torch.tensor(sourceTensor).
  X = torch.tensor(X, dtype=torch.float32).to(self.device)
/home/mburu/Master_Thesis/master-thesis-da/DNN_Trial/models/rtdl_models.py:470: UserWarning: To copy construct from a tensor, it is recommended to use sourceTensor.clone().detach() or sourceTensor.clone().detach().requires_grad_(True), rather than torch.tensor(sourceTensor).
  X = torch.tensor(X, dtype=torch.float32).to(self.device)
/home/mburu/Master_Thesis/master-thesis-da/DNN_Trial/models/rtdl_models.py:470: UserWarning: To copy construct from a tensor, it is recommended to use sourceTensor.clone().detach() or sourceTensor.clone().detach().requires_grad_(True), rather than torch.tensor(sourceTensor).
  X = torch.tensor(X, dtype=torch.float32).to(self.device)
/home/mburu/Master_Thesis/master-thesis-da/DNN_Trial/models/rtdl_models.py:470: UserWarning: To copy construct from a tensor, it is recommended to use sourceTensor.clone().detach() or sourceTensor.clone().detach().requires_grad_(True), rather than torch.tensor(sourceTensor).
  X = torch.tensor(X, dtype=torch.float32).to(self.device)
[I 2025-05-04 17:17:12,960] Trial 0 finished with value: 0.8476130333333334 and parameters: {'learning_rate': 0.00010432556363748474, 'weight_decay': 0.0015026327832519306}. Best is trial 0 with value: 0.8476130333333334.
/home/mburu/Master_Thesis/master-thesis-da/DNN_Trial/models/rtdl_models.py:470: UserWarning: To copy construct from a tensor, it is recommended to use sourceTensor.clone().detach() or sourceTensor.clone().detach().requires_grad_(True), rather than torch.tensor(sourceTensor).
  X = torch.tensor(X, dtype=torch.float32).to(self.device)
/home/mburu/Master_Thesis/master-thesis-da/DNN_Trial/models/rtdl_models.py:470: UserWarning: To copy construct from a tensor, it is recommended to use sourceTensor.clone().detach() or sourceTensor.clone().detach().requires_grad_(True), rather than torch.tensor(sourceTensor).
  X = torch.tensor(X, dtype=torch.float32).to(self.device)
/home/mburu/Master_Thesis/master-thesis-da/DNN_Trial/models/rtdl_models.py:470: UserWarning: To copy construct from a tensor, it is recommended to use sourceTensor.clone().detach() or sourceTensor.clone().detach().requires_grad_(True), rather than torch.tensor(sourceTensor).
  X = torch.tensor(X, dtype=torch.float32).to(self.device)
/home/mburu/Master_Thesis/master-thesis-da/DNN_Trial/models/rtdl_models.py:470: UserWarning: To copy construct from a tensor, it is recommended to use sourceTensor.clone().detach() or sourceTensor.clone().detach().requires_grad_(True), rather than torch.tensor(sourceTensor).
  X = torch.tensor(X, dtype=torch.float32).to(self.device)
/home/mburu/Master_Thesis/master-thesis-da/DNN_Trial/models/rtdl_models.py:470: UserWarning: To copy construct from a tensor, it is recommended to use sourceTensor.clone().detach() or sourceTensor.clone().detach().requires_grad_(True), rather than torch.tensor(sourceTensor).
  X = torch.tensor(X, dtype=torch.float32).to(self.device)
[I 2025-05-04 17:18:04,371] Trial 1 finished with value: 0.8136525666666667 and parameters: {'learning_rate': 6.292668309460508e-05, 'weight_decay': 0.008109940667358763}. Best is trial 1 with value: 0.8136525666666667.
/home/mburu/Master_Thesis/master-thesis-da/DNN_Trial/models/rtdl_models.py:470: UserWarning: To copy construct from a tensor, it is recommended to use sourceTensor.clone().detach() or sourceTensor.clone().detach().requires_grad_(True), rather than torch.tensor(sourceTensor).
  X = torch.tensor(X, dtype=torch.float32).to(self.device)
/home/mburu/Master_Thesis/master-thesis-da/DNN_Trial/models/rtdl_models.py:470: UserWarning: To copy construct from a tensor, it is recommended to use sourceTensor.clone().detach() or sourceTensor.clone().detach().requires_grad_(True), rather than torch.tensor(sourceTensor).
  X = torch.tensor(X, dtype=torch.float32).to(self.device)
/home/mburu/Master_Thesis/master-thesis-da/DNN_Trial/models/rtdl_models.py:470: UserWarning: To copy construct from a tensor, it is recommended to use sourceTensor.clone().detach() or sourceTensor.clone().detach().requires_grad_(True), rather than torch.tensor(sourceTensor).
  X = torch.tensor(X, dtype=torch.float32).to(self.device)
/home/mburu/Master_Thesis/master-thesis-da/DNN_Trial/models/rtdl_models.py:470: UserWarning: To copy construct from a tensor, it is recommended to use sourceTensor.clone().detach() or sourceTensor.clone().detach().requires_grad_(True), rather than torch.tensor(sourceTensor).
  X = torch.tensor(X, dtype=torch.float32).to(self.device)
/home/mburu/Master_Thesis/master-thesis-da/DNN_Trial/models/rtdl_models.py:470: UserWarning: To copy construct from a tensor, it is recommended to use sourceTensor.clone().detach() or sourceTensor.clone().detach().requires_grad_(True), rather than torch.tensor(sourceTensor).
  X = torch.tensor(X, dtype=torch.float32).to(self.device)
[I 2025-05-04 17:18:52,473] Trial 2 finished with value: 0.7890694333333332 and parameters: {'learning_rate': 0.00013457653890213615, 'weight_decay': 8.376325678211951e-05}. Best is trial 2 with value: 0.7890694333333332.
/home/mburu/Master_Thesis/master-thesis-da/DNN_Trial/models/rtdl_models.py:470: UserWarning: To copy construct from a tensor, it is recommended to use sourceTensor.clone().detach() or sourceTensor.clone().detach().requires_grad_(True), rather than torch.tensor(sourceTensor).
  X = torch.tensor(X, dtype=torch.float32).to(self.device)
/home/mburu/Master_Thesis/master-thesis-da/DNN_Trial/models/rtdl_models.py:470: UserWarning: To copy construct from a tensor, it is recommended to use sourceTensor.clone().detach() or sourceTensor.clone().detach().requires_grad_(True), rather than torch.tensor(sourceTensor).
  X = torch.tensor(X, dtype=torch.float32).to(self.device)
/home/mburu/Master_Thesis/master-thesis-da/DNN_Trial/models/rtdl_models.py:470: UserWarning: To copy construct from a tensor, it is recommended to use sourceTensor.clone().detach() or sourceTensor.clone().detach().requires_grad_(True), rather than torch.tensor(sourceTensor).
  X = torch.tensor(X, dtype=torch.float32).to(self.device)
/home/mburu/Master_Thesis/master-thesis-da/DNN_Trial/models/rtdl_models.py:470: UserWarning: To copy construct from a tensor, it is recommended to use sourceTensor.clone().detach() or sourceTensor.clone().detach().requires_grad_(True), rather than torch.tensor(sourceTensor).
  X = torch.tensor(X, dtype=torch.float32).to(self.device)
/home/mburu/Master_Thesis/master-thesis-da/DNN_Trial/models/rtdl_models.py:470: UserWarning: To copy construct from a tensor, it is recommended to use sourceTensor.clone().detach() or sourceTensor.clone().detach().requires_grad_(True), rather than torch.tensor(sourceTensor).
  X = torch.tensor(X, dtype=torch.float32).to(self.device)
[I 2025-05-04 17:19:12,144] Trial 3 finished with value: 0.9342272333333334 and parameters: {'learning_rate': 0.0012352991707394053, 'weight_decay': 2.8654516401660047e-05}. Best is trial 2 with value: 0.7890694333333332.
/home/mburu/Master_Thesis/master-thesis-da/DNN_Trial/models/rtdl_models.py:470: UserWarning: To copy construct from a tensor, it is recommended to use sourceTensor.clone().detach() or sourceTensor.clone().detach().requires_grad_(True), rather than torch.tensor(sourceTensor).
  X = torch.tensor(X, dtype=torch.float32).to(self.device)
/home/mburu/Master_Thesis/master-thesis-da/DNN_Trial/models/rtdl_models.py:470: UserWarning: To copy construct from a tensor, it is recommended to use sourceTensor.clone().detach() or sourceTensor.clone().detach().requires_grad_(True), rather than torch.tensor(sourceTensor).
  X = torch.tensor(X, dtype=torch.float32).to(self.device)
/home/mburu/Master_Thesis/master-thesis-da/DNN_Trial/models/rtdl_models.py:470: UserWarning: To copy construct from a tensor, it is recommended to use sourceTensor.clone().detach() or sourceTensor.clone().detach().requires_grad_(True), rather than torch.tensor(sourceTensor).
  X = torch.tensor(X, dtype=torch.float32).to(self.device)
/home/mburu/Master_Thesis/master-thesis-da/DNN_Trial/models/rtdl_models.py:470: UserWarning: To copy construct from a tensor, it is recommended to use sourceTensor.clone().detach() or sourceTensor.clone().detach().requires_grad_(True), rather than torch.tensor(sourceTensor).
  X = torch.tensor(X, dtype=torch.float32).to(self.device)
/home/mburu/Master_Thesis/master-thesis-da/DNN_Trial/models/rtdl_models.py:470: UserWarning: To copy construct from a tensor, it is recommended to use sourceTensor.clone().detach() or sourceTensor.clone().detach().requires_grad_(True), rather than torch.tensor(sourceTensor).
  X = torch.tensor(X, dtype=torch.float32).to(self.device)
[I 2025-05-04 17:19:50,848] Trial 4 finished with value: 0.7976272333333332 and parameters: {'learning_rate': 0.00022058293340627053, 'weight_decay': 0.0025076784702540217}. Best is trial 2 with value: 0.7890694333333332.
/home/mburu/Master_Thesis/master-thesis-da/DNN_Trial/models/rtdl_models.py:470: UserWarning: To copy construct from a tensor, it is recommended to use sourceTensor.clone().detach() or sourceTensor.clone().detach().requires_grad_(True), rather than torch.tensor(sourceTensor).
  X = torch.tensor(X, dtype=torch.float32).to(self.device)
[I 2025-05-04 17:20:01,492] A new study created in memory with name: FTTransformer_Diamonds_outer3
/home/mburu/Master_Thesis/master-thesis-da/DNN_Trial/models/rtdl_models.py:470: UserWarning: To copy construct from a tensor, it is recommended to use sourceTensor.clone().detach() or sourceTensor.clone().detach().requires_grad_(True), rather than torch.tensor(sourceTensor).
  X = torch.tensor(X, dtype=torch.float32).to(self.device)
/home/mburu/Master_Thesis/master-thesis-da/DNN_Trial/models/rtdl_models.py:470: UserWarning: To copy construct from a tensor, it is recommended to use sourceTensor.clone().detach() or sourceTensor.clone().detach().requires_grad_(True), rather than torch.tensor(sourceTensor).
  X = torch.tensor(X, dtype=torch.float32).to(self.device)
/home/mburu/Master_Thesis/master-thesis-da/DNN_Trial/models/rtdl_models.py:470: UserWarning: To copy construct from a tensor, it is recommended to use sourceTensor.clone().detach() or sourceTensor.clone().detach().requires_grad_(True), rather than torch.tensor(sourceTensor).
  X = torch.tensor(X, dtype=torch.float32).to(self.device)
/home/mburu/Master_Thesis/master-thesis-da/DNN_Trial/models/rtdl_models.py:470: UserWarning: To copy construct from a tensor, it is recommended to use sourceTensor.clone().detach() or sourceTensor.clone().detach().requires_grad_(True), rather than torch.tensor(sourceTensor).
  X = torch.tensor(X, dtype=torch.float32).to(self.device)
/home/mburu/Master_Thesis/master-thesis-da/DNN_Trial/models/rtdl_models.py:470: UserWarning: To copy construct from a tensor, it is recommended to use sourceTensor.clone().detach() or sourceTensor.clone().detach().requires_grad_(True), rather than torch.tensor(sourceTensor).
  X = torch.tensor(X, dtype=torch.float32).to(self.device)
[I 2025-05-04 17:20:47,744] Trial 0 finished with value: 0.8088462333333334 and parameters: {'learning_rate': 0.00010678047755269248, 'weight_decay': 5.473788081610267e-05}. Best is trial 0 with value: 0.8088462333333334.
/home/mburu/Master_Thesis/master-thesis-da/DNN_Trial/models/rtdl_models.py:470: UserWarning: To copy construct from a tensor, it is recommended to use sourceTensor.clone().detach() or sourceTensor.clone().detach().requires_grad_(True), rather than torch.tensor(sourceTensor).
  X = torch.tensor(X, dtype=torch.float32).to(self.device)
/home/mburu/Master_Thesis/master-thesis-da/DNN_Trial/models/rtdl_models.py:470: UserWarning: To copy construct from a tensor, it is recommended to use sourceTensor.clone().detach() or sourceTensor.clone().detach().requires_grad_(True), rather than torch.tensor(sourceTensor).
  X = torch.tensor(X, dtype=torch.float32).to(self.device)
/home/mburu/Master_Thesis/master-thesis-da/DNN_Trial/models/rtdl_models.py:470: UserWarning: To copy construct from a tensor, it is recommended to use sourceTensor.clone().detach() or sourceTensor.clone().detach().requires_grad_(True), rather than torch.tensor(sourceTensor).
  X = torch.tensor(X, dtype=torch.float32).to(self.device)
/home/mburu/Master_Thesis/master-thesis-da/DNN_Trial/models/rtdl_models.py:470: UserWarning: To copy construct from a tensor, it is recommended to use sourceTensor.clone().detach() or sourceTensor.clone().detach().requires_grad_(True), rather than torch.tensor(sourceTensor).
  X = torch.tensor(X, dtype=torch.float32).to(self.device)
/home/mburu/Master_Thesis/master-thesis-da/DNN_Trial/models/rtdl_models.py:470: UserWarning: To copy construct from a tensor, it is recommended to use sourceTensor.clone().detach() or sourceTensor.clone().detach().requires_grad_(True), rather than torch.tensor(sourceTensor).
  X = torch.tensor(X, dtype=torch.float32).to(self.device)
[I 2025-05-04 17:21:35,411] Trial 1 finished with value: 0.8114459666666667 and parameters: {'learning_rate': 8.302520353684784e-05, 'weight_decay': 5.41853107801223e-06}. Best is trial 0 with value: 0.8088462333333334.
/home/mburu/Master_Thesis/master-thesis-da/DNN_Trial/models/rtdl_models.py:470: UserWarning: To copy construct from a tensor, it is recommended to use sourceTensor.clone().detach() or sourceTensor.clone().detach().requires_grad_(True), rather than torch.tensor(sourceTensor).
  X = torch.tensor(X, dtype=torch.float32).to(self.device)
/home/mburu/Master_Thesis/master-thesis-da/DNN_Trial/models/rtdl_models.py:470: UserWarning: To copy construct from a tensor, it is recommended to use sourceTensor.clone().detach() or sourceTensor.clone().detach().requires_grad_(True), rather than torch.tensor(sourceTensor).
  X = torch.tensor(X, dtype=torch.float32).to(self.device)
/home/mburu/Master_Thesis/master-thesis-da/DNN_Trial/models/rtdl_models.py:470: UserWarning: To copy construct from a tensor, it is recommended to use sourceTensor.clone().detach() or sourceTensor.clone().detach().requires_grad_(True), rather than torch.tensor(sourceTensor).
  X = torch.tensor(X, dtype=torch.float32).to(self.device)
/home/mburu/Master_Thesis/master-thesis-da/DNN_Trial/models/rtdl_models.py:470: UserWarning: To copy construct from a tensor, it is recommended to use sourceTensor.clone().detach() or sourceTensor.clone().detach().requires_grad_(True), rather than torch.tensor(sourceTensor).
  X = torch.tensor(X, dtype=torch.float32).to(self.device)
/home/mburu/Master_Thesis/master-thesis-da/DNN_Trial/models/rtdl_models.py:470: UserWarning: To copy construct from a tensor, it is recommended to use sourceTensor.clone().detach() or sourceTensor.clone().detach().requires_grad_(True), rather than torch.tensor(sourceTensor).
  X = torch.tensor(X, dtype=torch.float32).to(self.device)
[I 2025-05-04 17:22:27,508] Trial 2 finished with value: 1.0867935333333336 and parameters: {'learning_rate': 2.399970855991641e-05, 'weight_decay': 9.04576292251233e-06}. Best is trial 0 with value: 0.8088462333333334.
/home/mburu/Master_Thesis/master-thesis-da/DNN_Trial/models/rtdl_models.py:470: UserWarning: To copy construct from a tensor, it is recommended to use sourceTensor.clone().detach() or sourceTensor.clone().detach().requires_grad_(True), rather than torch.tensor(sourceTensor).
  X = torch.tensor(X, dtype=torch.float32).to(self.device)
/home/mburu/Master_Thesis/master-thesis-da/DNN_Trial/models/rtdl_models.py:470: UserWarning: To copy construct from a tensor, it is recommended to use sourceTensor.clone().detach() or sourceTensor.clone().detach().requires_grad_(True), rather than torch.tensor(sourceTensor).
  X = torch.tensor(X, dtype=torch.float32).to(self.device)
/home/mburu/Master_Thesis/master-thesis-da/DNN_Trial/models/rtdl_models.py:470: UserWarning: To copy construct from a tensor, it is recommended to use sourceTensor.clone().detach() or sourceTensor.clone().detach().requires_grad_(True), rather than torch.tensor(sourceTensor).
  X = torch.tensor(X, dtype=torch.float32).to(self.device)
/home/mburu/Master_Thesis/master-thesis-da/DNN_Trial/models/rtdl_models.py:470: UserWarning: To copy construct from a tensor, it is recommended to use sourceTensor.clone().detach() or sourceTensor.clone().detach().requires_grad_(True), rather than torch.tensor(sourceTensor).
  X = torch.tensor(X, dtype=torch.float32).to(self.device)
/home/mburu/Master_Thesis/master-thesis-da/DNN_Trial/models/rtdl_models.py:470: UserWarning: To copy construct from a tensor, it is recommended to use sourceTensor.clone().detach() or sourceTensor.clone().detach().requires_grad_(True), rather than torch.tensor(sourceTensor).
  X = torch.tensor(X, dtype=torch.float32).to(self.device)
[I 2025-05-04 17:22:46,586] Trial 3 finished with value: 0.9699041000000002 and parameters: {'learning_rate': 0.005113288112589113, 'weight_decay': 4.9243375353608014e-05}. Best is trial 0 with value: 0.8088462333333334.
/home/mburu/Master_Thesis/master-thesis-da/DNN_Trial/models/rtdl_models.py:470: UserWarning: To copy construct from a tensor, it is recommended to use sourceTensor.clone().detach() or sourceTensor.clone().detach().requires_grad_(True), rather than torch.tensor(sourceTensor).
  X = torch.tensor(X, dtype=torch.float32).to(self.device)
/home/mburu/Master_Thesis/master-thesis-da/DNN_Trial/models/rtdl_models.py:470: UserWarning: To copy construct from a tensor, it is recommended to use sourceTensor.clone().detach() or sourceTensor.clone().detach().requires_grad_(True), rather than torch.tensor(sourceTensor).
  X = torch.tensor(X, dtype=torch.float32).to(self.device)
/home/mburu/Master_Thesis/master-thesis-da/DNN_Trial/models/rtdl_models.py:470: UserWarning: To copy construct from a tensor, it is recommended to use sourceTensor.clone().detach() or sourceTensor.clone().detach().requires_grad_(True), rather than torch.tensor(sourceTensor).
  X = torch.tensor(X, dtype=torch.float32).to(self.device)
/home/mburu/Master_Thesis/master-thesis-da/DNN_Trial/models/rtdl_models.py:470: UserWarning: To copy construct from a tensor, it is recommended to use sourceTensor.clone().detach() or sourceTensor.clone().detach().requires_grad_(True), rather than torch.tensor(sourceTensor).
  X = torch.tensor(X, dtype=torch.float32).to(self.device)
/home/mburu/Master_Thesis/master-thesis-da/DNN_Trial/models/rtdl_models.py:470: UserWarning: To copy construct from a tensor, it is recommended to use sourceTensor.clone().detach() or sourceTensor.clone().detach().requires_grad_(True), rather than torch.tensor(sourceTensor).
  X = torch.tensor(X, dtype=torch.float32).to(self.device)
[I 2025-05-04 17:23:36,239] Trial 4 finished with value: 0.8306047 and parameters: {'learning_rate': 6.217054591194092e-05, 'weight_decay': 6.759940199205211e-06}. Best is trial 0 with value: 0.8088462333333334.
/home/mburu/Master_Thesis/master-thesis-da/DNN_Trial/models/rtdl_models.py:470: UserWarning: To copy construct from a tensor, it is recommended to use sourceTensor.clone().detach() or sourceTensor.clone().detach().requires_grad_(True), rather than torch.tensor(sourceTensor).
  X = torch.tensor(X, dtype=torch.float32).to(self.device)
[I 2025-05-04 17:23:48,924] A new study created in memory with name: FTTransformer_Diamonds_outer4
/home/mburu/Master_Thesis/master-thesis-da/DNN_Trial/models/rtdl_models.py:470: UserWarning: To copy construct from a tensor, it is recommended to use sourceTensor.clone().detach() or sourceTensor.clone().detach().requires_grad_(True), rather than torch.tensor(sourceTensor).
  X = torch.tensor(X, dtype=torch.float32).to(self.device)
/home/mburu/Master_Thesis/master-thesis-da/DNN_Trial/models/rtdl_models.py:470: UserWarning: To copy construct from a tensor, it is recommended to use sourceTensor.clone().detach() or sourceTensor.clone().detach().requires_grad_(True), rather than torch.tensor(sourceTensor).
  X = torch.tensor(X, dtype=torch.float32).to(self.device)
/home/mburu/Master_Thesis/master-thesis-da/DNN_Trial/models/rtdl_models.py:470: UserWarning: To copy construct from a tensor, it is recommended to use sourceTensor.clone().detach() or sourceTensor.clone().detach().requires_grad_(True), rather than torch.tensor(sourceTensor).
  X = torch.tensor(X, dtype=torch.float32).to(self.device)
/home/mburu/Master_Thesis/master-thesis-da/DNN_Trial/models/rtdl_models.py:470: UserWarning: To copy construct from a tensor, it is recommended to use sourceTensor.clone().detach() or sourceTensor.clone().detach().requires_grad_(True), rather than torch.tensor(sourceTensor).
  X = torch.tensor(X, dtype=torch.float32).to(self.device)
/home/mburu/Master_Thesis/master-thesis-da/DNN_Trial/models/rtdl_models.py:470: UserWarning: To copy construct from a tensor, it is recommended to use sourceTensor.clone().detach() or sourceTensor.clone().detach().requires_grad_(True), rather than torch.tensor(sourceTensor).
  X = torch.tensor(X, dtype=torch.float32).to(self.device)
[I 2025-05-04 17:24:13,202] Trial 0 finished with value: 0.8991068999999999 and parameters: {'learning_rate': 0.000884276142391914, 'weight_decay': 2.4659304163911962e-05}. Best is trial 0 with value: 0.8991068999999999.
/home/mburu/Master_Thesis/master-thesis-da/DNN_Trial/models/rtdl_models.py:470: UserWarning: To copy construct from a tensor, it is recommended to use sourceTensor.clone().detach() or sourceTensor.clone().detach().requires_grad_(True), rather than torch.tensor(sourceTensor).
  X = torch.tensor(X, dtype=torch.float32).to(self.device)
/home/mburu/Master_Thesis/master-thesis-da/DNN_Trial/models/rtdl_models.py:470: UserWarning: To copy construct from a tensor, it is recommended to use sourceTensor.clone().detach() or sourceTensor.clone().detach().requires_grad_(True), rather than torch.tensor(sourceTensor).
  X = torch.tensor(X, dtype=torch.float32).to(self.device)
/home/mburu/Master_Thesis/master-thesis-da/DNN_Trial/models/rtdl_models.py:470: UserWarning: To copy construct from a tensor, it is recommended to use sourceTensor.clone().detach() or sourceTensor.clone().detach().requires_grad_(True), rather than torch.tensor(sourceTensor).
  X = torch.tensor(X, dtype=torch.float32).to(self.device)
/home/mburu/Master_Thesis/master-thesis-da/DNN_Trial/models/rtdl_models.py:470: UserWarning: To copy construct from a tensor, it is recommended to use sourceTensor.clone().detach() or sourceTensor.clone().detach().requires_grad_(True), rather than torch.tensor(sourceTensor).
  X = torch.tensor(X, dtype=torch.float32).to(self.device)
/home/mburu/Master_Thesis/master-thesis-da/DNN_Trial/models/rtdl_models.py:470: UserWarning: To copy construct from a tensor, it is recommended to use sourceTensor.clone().detach() or sourceTensor.clone().detach().requires_grad_(True), rather than torch.tensor(sourceTensor).
  X = torch.tensor(X, dtype=torch.float32).to(self.device)
[I 2025-05-04 17:24:31,444] Trial 1 finished with value: 1.0646688333333334 and parameters: {'learning_rate': 0.006427576425456114, 'weight_decay': 0.0006382798741998019}. Best is trial 0 with value: 0.8991068999999999.
/home/mburu/Master_Thesis/master-thesis-da/DNN_Trial/models/rtdl_models.py:470: UserWarning: To copy construct from a tensor, it is recommended to use sourceTensor.clone().detach() or sourceTensor.clone().detach().requires_grad_(True), rather than torch.tensor(sourceTensor).
  X = torch.tensor(X, dtype=torch.float32).to(self.device)
/home/mburu/Master_Thesis/master-thesis-da/DNN_Trial/models/rtdl_models.py:470: UserWarning: To copy construct from a tensor, it is recommended to use sourceTensor.clone().detach() or sourceTensor.clone().detach().requires_grad_(True), rather than torch.tensor(sourceTensor).
  X = torch.tensor(X, dtype=torch.float32).to(self.device)
/home/mburu/Master_Thesis/master-thesis-da/DNN_Trial/models/rtdl_models.py:470: UserWarning: To copy construct from a tensor, it is recommended to use sourceTensor.clone().detach() or sourceTensor.clone().detach().requires_grad_(True), rather than torch.tensor(sourceTensor).
  X = torch.tensor(X, dtype=torch.float32).to(self.device)
/home/mburu/Master_Thesis/master-thesis-da/DNN_Trial/models/rtdl_models.py:470: UserWarning: To copy construct from a tensor, it is recommended to use sourceTensor.clone().detach() or sourceTensor.clone().detach().requires_grad_(True), rather than torch.tensor(sourceTensor).
  X = torch.tensor(X, dtype=torch.float32).to(self.device)
/home/mburu/Master_Thesis/master-thesis-da/DNN_Trial/models/rtdl_models.py:470: UserWarning: To copy construct from a tensor, it is recommended to use sourceTensor.clone().detach() or sourceTensor.clone().detach().requires_grad_(True), rather than torch.tensor(sourceTensor).
  X = torch.tensor(X, dtype=torch.float32).to(self.device)
[I 2025-05-04 17:24:58,489] Trial 2 finished with value: 0.9016767333333334 and parameters: {'learning_rate': 0.002884100907735031, 'weight_decay': 1.6964215481538631e-06}. Best is trial 0 with value: 0.8991068999999999.
/home/mburu/Master_Thesis/master-thesis-da/DNN_Trial/models/rtdl_models.py:470: UserWarning: To copy construct from a tensor, it is recommended to use sourceTensor.clone().detach() or sourceTensor.clone().detach().requires_grad_(True), rather than torch.tensor(sourceTensor).
  X = torch.tensor(X, dtype=torch.float32).to(self.device)
/home/mburu/Master_Thesis/master-thesis-da/DNN_Trial/models/rtdl_models.py:470: UserWarning: To copy construct from a tensor, it is recommended to use sourceTensor.clone().detach() or sourceTensor.clone().detach().requires_grad_(True), rather than torch.tensor(sourceTensor).
  X = torch.tensor(X, dtype=torch.float32).to(self.device)
/home/mburu/Master_Thesis/master-thesis-da/DNN_Trial/models/rtdl_models.py:470: UserWarning: To copy construct from a tensor, it is recommended to use sourceTensor.clone().detach() or sourceTensor.clone().detach().requires_grad_(True), rather than torch.tensor(sourceTensor).
  X = torch.tensor(X, dtype=torch.float32).to(self.device)
/home/mburu/Master_Thesis/master-thesis-da/DNN_Trial/models/rtdl_models.py:470: UserWarning: To copy construct from a tensor, it is recommended to use sourceTensor.clone().detach() or sourceTensor.clone().detach().requires_grad_(True), rather than torch.tensor(sourceTensor).
  X = torch.tensor(X, dtype=torch.float32).to(self.device)
/home/mburu/Master_Thesis/master-thesis-da/DNN_Trial/models/rtdl_models.py:470: UserWarning: To copy construct from a tensor, it is recommended to use sourceTensor.clone().detach() or sourceTensor.clone().detach().requires_grad_(True), rather than torch.tensor(sourceTensor).
  X = torch.tensor(X, dtype=torch.float32).to(self.device)
[I 2025-05-04 17:25:50,896] Trial 3 finished with value: 1.1135096333333334 and parameters: {'learning_rate': 2.202758885520855e-05, 'weight_decay': 5.324417449657743e-06}. Best is trial 0 with value: 0.8991068999999999.
/home/mburu/Master_Thesis/master-thesis-da/DNN_Trial/models/rtdl_models.py:470: UserWarning: To copy construct from a tensor, it is recommended to use sourceTensor.clone().detach() or sourceTensor.clone().detach().requires_grad_(True), rather than torch.tensor(sourceTensor).
  X = torch.tensor(X, dtype=torch.float32).to(self.device)
/home/mburu/Master_Thesis/master-thesis-da/DNN_Trial/models/rtdl_models.py:470: UserWarning: To copy construct from a tensor, it is recommended to use sourceTensor.clone().detach() or sourceTensor.clone().detach().requires_grad_(True), rather than torch.tensor(sourceTensor).
  X = torch.tensor(X, dtype=torch.float32).to(self.device)
/home/mburu/Master_Thesis/master-thesis-da/DNN_Trial/models/rtdl_models.py:470: UserWarning: To copy construct from a tensor, it is recommended to use sourceTensor.clone().detach() or sourceTensor.clone().detach().requires_grad_(True), rather than torch.tensor(sourceTensor).
  X = torch.tensor(X, dtype=torch.float32).to(self.device)
/home/mburu/Master_Thesis/master-thesis-da/DNN_Trial/models/rtdl_models.py:470: UserWarning: To copy construct from a tensor, it is recommended to use sourceTensor.clone().detach() or sourceTensor.clone().detach().requires_grad_(True), rather than torch.tensor(sourceTensor).
  X = torch.tensor(X, dtype=torch.float32).to(self.device)
/home/mburu/Master_Thesis/master-thesis-da/DNN_Trial/models/rtdl_models.py:470: UserWarning: To copy construct from a tensor, it is recommended to use sourceTensor.clone().detach() or sourceTensor.clone().detach().requires_grad_(True), rather than torch.tensor(sourceTensor).
  X = torch.tensor(X, dtype=torch.float32).to(self.device)
[I 2025-05-04 17:26:09,168] Trial 4 finished with value: 1.0408790333333333 and parameters: {'learning_rate': 0.0031235461043279387, 'weight_decay': 9.837352964638278e-05}. Best is trial 0 with value: 0.8991068999999999.
/home/mburu/Master_Thesis/master-thesis-da/DNN_Trial/models/rtdl_models.py:470: UserWarning: To copy construct from a tensor, it is recommended to use sourceTensor.clone().detach() or sourceTensor.clone().detach().requires_grad_(True), rather than torch.tensor(sourceTensor).
  X = torch.tensor(X, dtype=torch.float32).to(self.device)
[I 2025-05-04 17:26:13,241] A new study created in memory with name: FTTransformer_Diamonds_outer5
/home/mburu/Master_Thesis/master-thesis-da/DNN_Trial/models/rtdl_models.py:470: UserWarning: To copy construct from a tensor, it is recommended to use sourceTensor.clone().detach() or sourceTensor.clone().detach().requires_grad_(True), rather than torch.tensor(sourceTensor).
  X = torch.tensor(X, dtype=torch.float32).to(self.device)
/home/mburu/Master_Thesis/master-thesis-da/DNN_Trial/models/rtdl_models.py:470: UserWarning: To copy construct from a tensor, it is recommended to use sourceTensor.clone().detach() or sourceTensor.clone().detach().requires_grad_(True), rather than torch.tensor(sourceTensor).
  X = torch.tensor(X, dtype=torch.float32).to(self.device)
/home/mburu/Master_Thesis/master-thesis-da/DNN_Trial/models/rtdl_models.py:470: UserWarning: To copy construct from a tensor, it is recommended to use sourceTensor.clone().detach() or sourceTensor.clone().detach().requires_grad_(True), rather than torch.tensor(sourceTensor).
  X = torch.tensor(X, dtype=torch.float32).to(self.device)
/home/mburu/Master_Thesis/master-thesis-da/DNN_Trial/models/rtdl_models.py:470: UserWarning: To copy construct from a tensor, it is recommended to use sourceTensor.clone().detach() or sourceTensor.clone().detach().requires_grad_(True), rather than torch.tensor(sourceTensor).
  X = torch.tensor(X, dtype=torch.float32).to(self.device)
/home/mburu/Master_Thesis/master-thesis-da/DNN_Trial/models/rtdl_models.py:470: UserWarning: To copy construct from a tensor, it is recommended to use sourceTensor.clone().detach() or sourceTensor.clone().detach().requires_grad_(True), rather than torch.tensor(sourceTensor).
  X = torch.tensor(X, dtype=torch.float32).to(self.device)
[I 2025-05-04 17:26:36,994] Trial 0 finished with value: 0.8925908000000001 and parameters: {'learning_rate': 0.0011166503185462177, 'weight_decay': 0.0001963506026959448}. Best is trial 0 with value: 0.8925908000000001.
/home/mburu/Master_Thesis/master-thesis-da/DNN_Trial/models/rtdl_models.py:470: UserWarning: To copy construct from a tensor, it is recommended to use sourceTensor.clone().detach() or sourceTensor.clone().detach().requires_grad_(True), rather than torch.tensor(sourceTensor).
  X = torch.tensor(X, dtype=torch.float32).to(self.device)
/home/mburu/Master_Thesis/master-thesis-da/DNN_Trial/models/rtdl_models.py:470: UserWarning: To copy construct from a tensor, it is recommended to use sourceTensor.clone().detach() or sourceTensor.clone().detach().requires_grad_(True), rather than torch.tensor(sourceTensor).
  X = torch.tensor(X, dtype=torch.float32).to(self.device)
/home/mburu/Master_Thesis/master-thesis-da/DNN_Trial/models/rtdl_models.py:470: UserWarning: To copy construct from a tensor, it is recommended to use sourceTensor.clone().detach() or sourceTensor.clone().detach().requires_grad_(True), rather than torch.tensor(sourceTensor).
  X = torch.tensor(X, dtype=torch.float32).to(self.device)
/home/mburu/Master_Thesis/master-thesis-da/DNN_Trial/models/rtdl_models.py:470: UserWarning: To copy construct from a tensor, it is recommended to use sourceTensor.clone().detach() or sourceTensor.clone().detach().requires_grad_(True), rather than torch.tensor(sourceTensor).
  X = torch.tensor(X, dtype=torch.float32).to(self.device)
/home/mburu/Master_Thesis/master-thesis-da/DNN_Trial/models/rtdl_models.py:470: UserWarning: To copy construct from a tensor, it is recommended to use sourceTensor.clone().detach() or sourceTensor.clone().detach().requires_grad_(True), rather than torch.tensor(sourceTensor).
  X = torch.tensor(X, dtype=torch.float32).to(self.device)
[I 2025-05-04 17:27:28,996] Trial 1 finished with value: 0.9687754999999999 and parameters: {'learning_rate': 3.381758866098219e-05, 'weight_decay': 1.3780649998874787e-06}. Best is trial 0 with value: 0.8925908000000001.
/home/mburu/Master_Thesis/master-thesis-da/DNN_Trial/models/rtdl_models.py:470: UserWarning: To copy construct from a tensor, it is recommended to use sourceTensor.clone().detach() or sourceTensor.clone().detach().requires_grad_(True), rather than torch.tensor(sourceTensor).
  X = torch.tensor(X, dtype=torch.float32).to(self.device)
/home/mburu/Master_Thesis/master-thesis-da/DNN_Trial/models/rtdl_models.py:470: UserWarning: To copy construct from a tensor, it is recommended to use sourceTensor.clone().detach() or sourceTensor.clone().detach().requires_grad_(True), rather than torch.tensor(sourceTensor).
  X = torch.tensor(X, dtype=torch.float32).to(self.device)
/home/mburu/Master_Thesis/master-thesis-da/DNN_Trial/models/rtdl_models.py:470: UserWarning: To copy construct from a tensor, it is recommended to use sourceTensor.clone().detach() or sourceTensor.clone().detach().requires_grad_(True), rather than torch.tensor(sourceTensor).
  X = torch.tensor(X, dtype=torch.float32).to(self.device)
/home/mburu/Master_Thesis/master-thesis-da/DNN_Trial/models/rtdl_models.py:470: UserWarning: To copy construct from a tensor, it is recommended to use sourceTensor.clone().detach() or sourceTensor.clone().detach().requires_grad_(True), rather than torch.tensor(sourceTensor).
  X = torch.tensor(X, dtype=torch.float32).to(self.device)
/home/mburu/Master_Thesis/master-thesis-da/DNN_Trial/models/rtdl_models.py:470: UserWarning: To copy construct from a tensor, it is recommended to use sourceTensor.clone().detach() or sourceTensor.clone().detach().requires_grad_(True), rather than torch.tensor(sourceTensor).
  X = torch.tensor(X, dtype=torch.float32).to(self.device)
[I 2025-05-04 17:27:47,440] Trial 2 finished with value: 1.1271489666666668 and parameters: {'learning_rate': 0.005261045062518854, 'weight_decay': 9.665633929107046e-05}. Best is trial 0 with value: 0.8925908000000001.
/home/mburu/Master_Thesis/master-thesis-da/DNN_Trial/models/rtdl_models.py:470: UserWarning: To copy construct from a tensor, it is recommended to use sourceTensor.clone().detach() or sourceTensor.clone().detach().requires_grad_(True), rather than torch.tensor(sourceTensor).
  X = torch.tensor(X, dtype=torch.float32).to(self.device)
/home/mburu/Master_Thesis/master-thesis-da/DNN_Trial/models/rtdl_models.py:470: UserWarning: To copy construct from a tensor, it is recommended to use sourceTensor.clone().detach() or sourceTensor.clone().detach().requires_grad_(True), rather than torch.tensor(sourceTensor).
  X = torch.tensor(X, dtype=torch.float32).to(self.device)
/home/mburu/Master_Thesis/master-thesis-da/DNN_Trial/models/rtdl_models.py:470: UserWarning: To copy construct from a tensor, it is recommended to use sourceTensor.clone().detach() or sourceTensor.clone().detach().requires_grad_(True), rather than torch.tensor(sourceTensor).
  X = torch.tensor(X, dtype=torch.float32).to(self.device)
/home/mburu/Master_Thesis/master-thesis-da/DNN_Trial/models/rtdl_models.py:470: UserWarning: To copy construct from a tensor, it is recommended to use sourceTensor.clone().detach() or sourceTensor.clone().detach().requires_grad_(True), rather than torch.tensor(sourceTensor).
  X = torch.tensor(X, dtype=torch.float32).to(self.device)
/home/mburu/Master_Thesis/master-thesis-da/DNN_Trial/models/rtdl_models.py:470: UserWarning: To copy construct from a tensor, it is recommended to use sourceTensor.clone().detach() or sourceTensor.clone().detach().requires_grad_(True), rather than torch.tensor(sourceTensor).
  X = torch.tensor(X, dtype=torch.float32).to(self.device)
[I 2025-05-04 17:28:38,811] Trial 3 finished with value: 0.9108701666666666 and parameters: {'learning_rate': 4.081818885502154e-05, 'weight_decay': 0.0030748058237303243}. Best is trial 0 with value: 0.8925908000000001.
/home/mburu/Master_Thesis/master-thesis-da/DNN_Trial/models/rtdl_models.py:470: UserWarning: To copy construct from a tensor, it is recommended to use sourceTensor.clone().detach() or sourceTensor.clone().detach().requires_grad_(True), rather than torch.tensor(sourceTensor).
  X = torch.tensor(X, dtype=torch.float32).to(self.device)
/home/mburu/Master_Thesis/master-thesis-da/DNN_Trial/models/rtdl_models.py:470: UserWarning: To copy construct from a tensor, it is recommended to use sourceTensor.clone().detach() or sourceTensor.clone().detach().requires_grad_(True), rather than torch.tensor(sourceTensor).
  X = torch.tensor(X, dtype=torch.float32).to(self.device)
/home/mburu/Master_Thesis/master-thesis-da/DNN_Trial/models/rtdl_models.py:470: UserWarning: To copy construct from a tensor, it is recommended to use sourceTensor.clone().detach() or sourceTensor.clone().detach().requires_grad_(True), rather than torch.tensor(sourceTensor).
  X = torch.tensor(X, dtype=torch.float32).to(self.device)
/home/mburu/Master_Thesis/master-thesis-da/DNN_Trial/models/rtdl_models.py:470: UserWarning: To copy construct from a tensor, it is recommended to use sourceTensor.clone().detach() or sourceTensor.clone().detach().requires_grad_(True), rather than torch.tensor(sourceTensor).
  X = torch.tensor(X, dtype=torch.float32).to(self.device)
/home/mburu/Master_Thesis/master-thesis-da/DNN_Trial/models/rtdl_models.py:470: UserWarning: To copy construct from a tensor, it is recommended to use sourceTensor.clone().detach() or sourceTensor.clone().detach().requires_grad_(True), rather than torch.tensor(sourceTensor).
  X = torch.tensor(X, dtype=torch.float32).to(self.device)
[I 2025-05-04 17:28:57,294] Trial 4 finished with value: 0.9288723333333333 and parameters: {'learning_rate': 0.002168530917347126, 'weight_decay': 0.008610733084056596}. Best is trial 0 with value: 0.8925908000000001.
/home/mburu/Master_Thesis/master-thesis-da/DNN_Trial/models/rtdl_models.py:470: UserWarning: To copy construct from a tensor, it is recommended to use sourceTensor.clone().detach() or sourceTensor.clone().detach().requires_grad_(True), rather than torch.tensor(sourceTensor).
  X = torch.tensor(X, dtype=torch.float32).to(self.device)
