[I 2025-05-03 23:09:07,999] A new study created in memory with name: XGBoost_House_Prices_Nominal_outer1
[I 2025-05-03 23:09:08,013] Trial 0 finished with value: 0.0 and parameters: {'max_depth': 3, 'alpha': 0.02477151185349002, 'lambda': 1.2458133903758187e-05, 'eta': 0.0346318602867995}. Best is trial 0 with value: 0.0.
[I 2025-05-03 23:09:08,027] Trial 1 finished with value: 0.0 and parameters: {'max_depth': 11, 'alpha': 0.030611807801762106, 'lambda': 0.4616855879234872, 'eta': 0.12761804424556641}. Best is trial 0 with value: 0.0.
[I 2025-05-03 23:09:08,040] Trial 2 finished with value: 0.0 and parameters: {'max_depth': 7, 'alpha': 0.015507308553607678, 'lambda': 7.124283674282189e-05, 'eta': 0.030906882647142662}. Best is trial 0 with value: 0.0.
[I 2025-05-03 23:09:08,053] Trial 3 finished with value: 0.0 and parameters: {'max_depth': 6, 'alpha': 2.3135788373020916e-07, 'lambda': 0.0002722008199393998, 'eta': 0.0815441655205802}. Best is trial 0 with value: 0.0.
[I 2025-05-03 23:09:08,066] Trial 4 finished with value: 0.0 and parameters: {'max_depth': 2, 'alpha': 1.0030116805859372e-07, 'lambda': 0.041028938974593476, 'eta': 0.016557128287864434}. Best is trial 0 with value: 0.0.
[I 2025-05-03 23:09:08,069] A new study created in memory with name: XGBoost_House_Prices_Nominal_outer2
[I 2025-05-03 23:09:08,084] Trial 0 finished with value: 0.0 and parameters: {'max_depth': 8, 'alpha': 4.808292654564079e-08, 'lambda': 0.24118957622059606, 'eta': 0.019015092643461858}. Best is trial 0 with value: 0.0.
[I 2025-05-03 23:09:08,095] Trial 1 finished with value: 0.0 and parameters: {'max_depth': 3, 'alpha': 1.63853819253883e-06, 'lambda': 2.2920876025502645e-05, 'eta': 0.06053784234095274}. Best is trial 0 with value: 0.0.
[I 2025-05-03 23:09:08,105] Trial 2 finished with value: 0.0 and parameters: {'max_depth': 3, 'alpha': 0.009073037793944786, 'lambda': 0.00012980902994017273, 'eta': 0.023679497957095126}. Best is trial 0 with value: 0.0.
[I 2025-05-03 23:09:08,115] Trial 3 finished with value: 0.0 and parameters: {'max_depth': 2, 'alpha': 2.0377610984670984e-08, 'lambda': 0.06190196968420963, 'eta': 0.13109275261149506}. Best is trial 0 with value: 0.0.
[I 2025-05-03 23:09:08,126] Trial 4 finished with value: 0.0 and parameters: {'max_depth': 4, 'alpha': 1.1642576215565581e-08, 'lambda': 2.0466523164214953e-08, 'eta': 0.02330259961357876}. Best is trial 0 with value: 0.0.
[I 2025-05-03 23:09:08,129] A new study created in memory with name: XGBoost_House_Prices_Nominal_outer3
[I 2025-05-03 23:09:08,144] Trial 0 finished with value: 0.0 and parameters: {'max_depth': 2, 'alpha': 2.6954416573485162e-05, 'lambda': 2.5737787592293756e-06, 'eta': 0.016442138992247755}. Best is trial 0 with value: 0.0.
[I 2025-05-03 23:09:08,157] Trial 1 finished with value: 0.0 and parameters: {'max_depth': 2, 'alpha': 0.0003801410211224239, 'lambda': 0.2086443531341726, 'eta': 0.026706724504358976}. Best is trial 0 with value: 0.0.
[I 2025-05-03 23:09:08,171] Trial 2 finished with value: 0.0 and parameters: {'max_depth': 3, 'alpha': 7.395073345719964e-06, 'lambda': 1.650791141648299e-06, 'eta': 0.27844144317793573}. Best is trial 0 with value: 0.0.
[I 2025-05-03 23:09:08,185] Trial 3 finished with value: 0.0 and parameters: {'max_depth': 2, 'alpha': 3.6577358906059847e-08, 'lambda': 0.9579479530602911, 'eta': 0.07303260152549138}. Best is trial 0 with value: 0.0.
[I 2025-05-03 23:09:08,199] Trial 4 finished with value: 0.0 and parameters: {'max_depth': 2, 'alpha': 1.3495672937277696e-05, 'lambda': 8.66746097154467e-08, 'eta': 0.1872471863043246}. Best is trial 0 with value: 0.0.
[I 2025-05-03 23:09:08,202] A new study created in memory with name: XGBoost_House_Prices_Nominal_outer4
[I 2025-05-03 23:09:08,217] Trial 0 finished with value: 0.0 and parameters: {'max_depth': 2, 'alpha': 2.4682951840195992e-05, 'lambda': 0.10625950800730796, 'eta': 0.11188221995730833}. Best is trial 0 with value: 0.0.
[I 2025-05-03 23:09:08,231] Trial 1 finished with value: 0.0 and parameters: {'max_depth': 12, 'alpha': 0.0006231586194842247, 'lambda': 1.0960940597528062e-06, 'eta': 0.05053424335576998}. Best is trial 0 with value: 0.0.
[I 2025-05-03 23:09:08,246] Trial 2 finished with value: 0.0 and parameters: {'max_depth': 8, 'alpha': 0.001984392479371278, 'lambda': 2.3313350928333385e-05, 'eta': 0.03641052573070279}. Best is trial 0 with value: 0.0.
[I 2025-05-03 23:09:08,260] Trial 3 finished with value: 0.0 and parameters: {'max_depth': 2, 'alpha': 1.059926976530848e-06, 'lambda': 1.2459483590963319e-05, 'eta': 0.016844327789719366}. Best is trial 0 with value: 0.0.
[I 2025-05-03 23:09:08,275] Trial 4 finished with value: 0.0 and parameters: {'max_depth': 3, 'alpha': 0.9357282689815372, 'lambda': 0.01714339826827951, 'eta': 0.05541625216547439}. Best is trial 0 with value: 0.0.
[I 2025-05-03 23:09:08,278] A new study created in memory with name: XGBoost_House_Prices_Nominal_outer5
[I 2025-05-03 23:09:08,291] Trial 0 finished with value: 0.0 and parameters: {'max_depth': 2, 'alpha': 1.726431736209222e-07, 'lambda': 0.002607468719519136, 'eta': 0.010093192379784293}. Best is trial 0 with value: 0.0.
[I 2025-05-03 23:09:08,304] Trial 1 finished with value: 0.0 and parameters: {'max_depth': 2, 'alpha': 0.6918849562690765, 'lambda': 1.2355574791707945e-08, 'eta': 0.1658017964642665}. Best is trial 0 with value: 0.0.
[I 2025-05-03 23:09:08,316] Trial 2 finished with value: 0.0 and parameters: {'max_depth': 4, 'alpha': 0.017083016535315455, 'lambda': 0.6115852793461105, 'eta': 0.03497872844922206}. Best is trial 0 with value: 0.0.
[I 2025-05-03 23:09:08,329] Trial 3 finished with value: 0.0 and parameters: {'max_depth': 2, 'alpha': 5.317634683951675e-08, 'lambda': 4.680487269621809e-08, 'eta': 0.286661550367059}. Best is trial 0 with value: 0.0.
[I 2025-05-03 23:09:08,341] Trial 4 finished with value: 0.0 and parameters: {'max_depth': 2, 'alpha': 0.00041519808648934567, 'lambda': 9.94802420814198e-08, 'eta': 0.051459000075331544}. Best is trial 0 with value: 0.0.
Traceback (most recent call last):
  File "train.py", line 1192, in <module>
    main(arguments)
  File "train.py", line 1063, in main
    agg_scorer, avg_train_time, avg_test_time = nested_cross_validation(
  File "train.py", line 705, in nested_cross_validation
    best_hp_idx = best_loss_dict.index(min(best_loss_dict))
ValueError: min() arg is an empty sequence
srun: error: stud-000: task 0: Exited with exit code 1
