[I 2025-05-05 04:48:31,850] A new study created in memory with name: XGBoost_House_Prices_Nominal_outer1
[W 2025-05-05 04:48:32,014] Trial 0 failed with parameters: {'max_depth': 2, 'alpha': 0.0007246314460816007, 'lambda': 9.973926198032717e-06, 'eta': 0.024610635316408478} because of the following error: ValueError(('feature types must have the same length as the number of data columns, ', 'expected 79, got 77')).
Traceback (most recent call last):
  File "/home/mburu/.local/lib/python3.8/site-packages/optuna/study/_optimize.py", line 197, in _run_trial
    value_or_values = func(trial)
  File "train.py", line 1026, in __call__
    inner_sc, avg_score, time = evaluate_hyperparameters_cv(
  File "train.py", line 353, in evaluate_hyperparameters_cv
    _,_ = curr_model.fit(X_train_inner_proc, y_train_inner_proc, X_val_inner_proc, y_val_inner_proc)
  File "/home/mburu/Master_Thesis/master-thesis-da/DNN_Trial/models/tree_models.py", line 47, in fit
    train = xgb.DMatrix(X, label=y, enable_categorical=True, feature_types=feature_types)
  File "/home/mburu/anaconda3/envs/TabSurvey/lib/python3.8/site-packages/xgboost/core.py", line 726, in inner_f
    return func(**kwargs)
  File "/home/mburu/anaconda3/envs/TabSurvey/lib/python3.8/site-packages/xgboost/core.py", line 904, in __init__
    self.feature_types = feature_types
  File "/home/mburu/anaconda3/envs/TabSurvey/lib/python3.8/site-packages/xgboost/core.py", line 1410, in feature_types
    feature_types = _validate_feature_info(
  File "/home/mburu/anaconda3/envs/TabSurvey/lib/python3.8/site-packages/xgboost/core.py", line 321, in _validate_feature_info
    raise ValueError(msg)
ValueError: ('feature types must have the same length as the number of data columns, ', 'expected 79, got 77')
[W 2025-05-05 04:48:32,038] Trial 0 failed with value None.
Traceback (most recent call last):
  File "train.py", line 1194, in <module>
    main(arguments)
  File "train.py", line 1065, in main
    agg_scorer, avg_train_time, avg_test_time = nested_cross_validation(
  File "train.py", line 512, in nested_cross_validation
    study.optimize(objective, n_trials=args.n_trials, n_jobs=1) # n_jobs=1 unless Objective and preprocessing are thread-safe
  File "/home/mburu/.local/lib/python3.8/site-packages/optuna/study/study.py", line 475, in optimize
    _optimize(
  File "/home/mburu/.local/lib/python3.8/site-packages/optuna/study/_optimize.py", line 63, in _optimize
    _optimize_sequential(
  File "/home/mburu/.local/lib/python3.8/site-packages/optuna/study/_optimize.py", line 160, in _optimize_sequential
    frozen_trial = _run_trial(study, func, catch)
  File "/home/mburu/.local/lib/python3.8/site-packages/optuna/study/_optimize.py", line 248, in _run_trial
    raise func_err
  File "/home/mburu/.local/lib/python3.8/site-packages/optuna/study/_optimize.py", line 197, in _run_trial
    value_or_values = func(trial)
  File "train.py", line 1026, in __call__
    inner_sc, avg_score, time = evaluate_hyperparameters_cv(
  File "train.py", line 353, in evaluate_hyperparameters_cv
    _,_ = curr_model.fit(X_train_inner_proc, y_train_inner_proc, X_val_inner_proc, y_val_inner_proc)
  File "/home/mburu/Master_Thesis/master-thesis-da/DNN_Trial/models/tree_models.py", line 47, in fit
    train = xgb.DMatrix(X, label=y, enable_categorical=True, feature_types=feature_types)
  File "/home/mburu/anaconda3/envs/TabSurvey/lib/python3.8/site-packages/xgboost/core.py", line 726, in inner_f
    return func(**kwargs)
  File "/home/mburu/anaconda3/envs/TabSurvey/lib/python3.8/site-packages/xgboost/core.py", line 904, in __init__
    self.feature_types = feature_types
  File "/home/mburu/anaconda3/envs/TabSurvey/lib/python3.8/site-packages/xgboost/core.py", line 1410, in feature_types
    feature_types = _validate_feature_info(
  File "/home/mburu/anaconda3/envs/TabSurvey/lib/python3.8/site-packages/xgboost/core.py", line 321, in _validate_feature_info
    raise ValueError(msg)
ValueError: ('feature types must have the same length as the number of data columns, ', 'expected 79, got 77')
srun: error: stud-000: task 0: Exited with exit code 1
