[I 2025-05-03 23:09:37,413] A new study created in memory with name: XGBoost_Brazillian_Houses_outer1
[I 2025-05-03 23:09:37,947] Trial 0 finished with value: 0.0 and parameters: {'max_depth': 2, 'alpha': 0.0016305857946492994, 'lambda': 0.0010926262568896968, 'eta': 0.033321761874993756}. Best is trial 0 with value: 0.0.
[I 2025-05-03 23:09:38,424] Trial 1 finished with value: 0.0 and parameters: {'max_depth': 11, 'alpha': 9.422508798074118e-08, 'lambda': 0.9799935214414147, 'eta': 0.02298942204941247}. Best is trial 0 with value: 0.0.
[I 2025-05-03 23:09:38,898] Trial 2 finished with value: 0.0 and parameters: {'max_depth': 2, 'alpha': 0.24316777619200458, 'lambda': 0.2938516874620441, 'eta': 0.049357697669129286}. Best is trial 0 with value: 0.0.
[I 2025-05-03 23:09:39,371] Trial 3 finished with value: 0.0 and parameters: {'max_depth': 2, 'alpha': 0.3057761944309811, 'lambda': 3.988128249757432e-05, 'eta': 0.012679608713748182}. Best is trial 0 with value: 0.0.
[I 2025-05-03 23:09:39,842] Trial 4 finished with value: 0.0 and parameters: {'max_depth': 10, 'alpha': 0.11437000496616548, 'lambda': 2.0047849048821595e-05, 'eta': 0.012129537897611066}. Best is trial 0 with value: 0.0.
[I 2025-05-03 23:09:39,991] A new study created in memory with name: XGBoost_Brazillian_Houses_outer2
[I 2025-05-03 23:09:40,529] Trial 0 finished with value: 0.0 and parameters: {'max_depth': 3, 'alpha': 0.3217770654996411, 'lambda': 0.007496382899628264, 'eta': 0.01307008658617004}. Best is trial 0 with value: 0.0.
[I 2025-05-03 23:09:41,063] Trial 1 finished with value: 0.0 and parameters: {'max_depth': 2, 'alpha': 2.3581207540777502e-05, 'lambda': 0.03612154784754122, 'eta': 0.04910898615015004}. Best is trial 0 with value: 0.0.
[I 2025-05-03 23:09:41,598] Trial 2 finished with value: 0.0 and parameters: {'max_depth': 3, 'alpha': 2.2669890244958913e-05, 'lambda': 0.004814565323100968, 'eta': 0.09748876438188615}. Best is trial 0 with value: 0.0.
[I 2025-05-03 23:09:42,129] Trial 3 finished with value: 0.0 and parameters: {'max_depth': 11, 'alpha': 0.00012769201800662722, 'lambda': 0.0006795622984871524, 'eta': 0.11005259806644141}. Best is trial 0 with value: 0.0.
[I 2025-05-03 23:09:42,664] Trial 4 finished with value: 0.0 and parameters: {'max_depth': 2, 'alpha': 5.170976359237735e-05, 'lambda': 4.08177118513695e-08, 'eta': 0.04018383339371125}. Best is trial 0 with value: 0.0.
[I 2025-05-03 23:09:42,820] A new study created in memory with name: XGBoost_Brazillian_Houses_outer3
[I 2025-05-03 23:09:43,305] Trial 0 finished with value: 0.0 and parameters: {'max_depth': 2, 'alpha': 0.016519200891336246, 'lambda': 0.0012134528533121693, 'eta': 0.011223959651468239}. Best is trial 0 with value: 0.0.
[I 2025-05-03 23:09:43,790] Trial 1 finished with value: 0.0 and parameters: {'max_depth': 8, 'alpha': 2.609941819723309e-08, 'lambda': 1.866311614817558e-08, 'eta': 0.022263720299694555}. Best is trial 0 with value: 0.0.
[I 2025-05-03 23:09:44,276] Trial 2 finished with value: 0.0 and parameters: {'max_depth': 4, 'alpha': 0.41136241729006184, 'lambda': 6.700585160561316e-07, 'eta': 0.012054480490667962}. Best is trial 0 with value: 0.0.
[I 2025-05-03 23:09:44,755] Trial 3 finished with value: 0.0 and parameters: {'max_depth': 3, 'alpha': 0.006296022775475262, 'lambda': 7.649581973205403e-07, 'eta': 0.08632824436801069}. Best is trial 0 with value: 0.0.
[I 2025-05-03 23:09:45,240] Trial 4 finished with value: 0.0 and parameters: {'max_depth': 3, 'alpha': 0.00016730925722062767, 'lambda': 8.318043573930617e-05, 'eta': 0.020695541479871925}. Best is trial 0 with value: 0.0.
[I 2025-05-03 23:09:45,395] A new study created in memory with name: XGBoost_Brazillian_Houses_outer4
[I 2025-05-03 23:09:45,923] Trial 0 finished with value: 0.0 and parameters: {'max_depth': 2, 'alpha': 1.1557155024613932e-08, 'lambda': 8.307674763747455e-07, 'eta': 0.1676552612503611}. Best is trial 0 with value: 0.0.
[I 2025-05-03 23:09:46,451] Trial 1 finished with value: 0.0 and parameters: {'max_depth': 4, 'alpha': 8.009266579746757e-07, 'lambda': 0.0016934946668608003, 'eta': 0.05706418300337066}. Best is trial 0 with value: 0.0.
[I 2025-05-03 23:09:46,981] Trial 2 finished with value: 0.0 and parameters: {'max_depth': 11, 'alpha': 0.364228266166382, 'lambda': 3.428818877526171e-05, 'eta': 0.025556961023767793}. Best is trial 0 with value: 0.0.
[I 2025-05-03 23:09:47,516] Trial 3 finished with value: 0.0 and parameters: {'max_depth': 12, 'alpha': 0.0010151724152786814, 'lambda': 3.843919974927972e-08, 'eta': 0.018954954416044834}. Best is trial 0 with value: 0.0.
[I 2025-05-03 23:09:48,048] Trial 4 finished with value: 0.0 and parameters: {'max_depth': 3, 'alpha': 2.3091019278528604e-08, 'lambda': 1.2348211575982666e-07, 'eta': 0.1476987135729653}. Best is trial 0 with value: 0.0.
[I 2025-05-03 23:09:48,199] A new study created in memory with name: XGBoost_Brazillian_Houses_outer5
[I 2025-05-03 23:09:48,729] Trial 0 finished with value: 0.0 and parameters: {'max_depth': 11, 'alpha': 1.2910896022678059e-07, 'lambda': 8.160579392738912e-05, 'eta': 0.024183830230997603}. Best is trial 0 with value: 0.0.
[I 2025-05-03 23:09:49,255] Trial 1 finished with value: 0.0 and parameters: {'max_depth': 3, 'alpha': 3.035474524900498e-08, 'lambda': 0.41189964275567204, 'eta': 0.02264209030046629}. Best is trial 0 with value: 0.0.
[I 2025-05-03 23:09:49,780] Trial 2 finished with value: 0.0 and parameters: {'max_depth': 12, 'alpha': 1.8922741260470346e-05, 'lambda': 0.0001727212992375739, 'eta': 0.03549199788368395}. Best is trial 0 with value: 0.0.
[I 2025-05-03 23:09:50,310] Trial 3 finished with value: 0.0 and parameters: {'max_depth': 4, 'alpha': 0.03858399068849835, 'lambda': 1.922405570135045e-07, 'eta': 0.030240365784058556}. Best is trial 0 with value: 0.0.
[I 2025-05-03 23:09:50,838] Trial 4 finished with value: 0.0 and parameters: {'max_depth': 10, 'alpha': 0.014658870128164402, 'lambda': 7.404648588943843e-06, 'eta': 0.17784829059071308}. Best is trial 0 with value: 0.0.
Traceback (most recent call last):
  File "train.py", line 1192, in <module>
    main(arguments)
  File "train.py", line 1063, in main
    agg_scorer, avg_train_time, avg_test_time = nested_cross_validation(
  File "train.py", line 705, in nested_cross_validation
    best_hp_idx = best_loss_dict.index(min(best_loss_dict))
ValueError: min() arg is an empty sequence
srun: error: stud-000: task 0: Exited with exit code 1
[I 2025-05-03 23:09:55,244] A new study created in memory with name: XGBoost_House_Sales_outer1
[I 2025-05-03 23:09:57,883] Trial 0 finished with value: 0.0 and parameters: {'max_depth': 6, 'alpha': 0.08562333696762288, 'lambda': 1.5055153905360715e-08, 'eta': 0.07691211684582942}. Best is trial 0 with value: 0.0.
[I 2025-05-03 23:09:58,841] Trial 1 finished with value: 0.0 and parameters: {'max_depth': 2, 'alpha': 0.009675399989779242, 'lambda': 3.518773786784327e-05, 'eta': 0.18718554387968214}. Best is trial 0 with value: 0.0.
[I 2025-05-03 23:10:00,327] Trial 2 finished with value: 0.0 and parameters: {'max_depth': 7, 'alpha': 6.803594433279955e-08, 'lambda': 0.002199264718749478, 'eta': 0.259233424130506}. Best is trial 0 with value: 0.0.
[I 2025-05-03 23:10:02,373] Trial 3 finished with value: 0.0 and parameters: {'max_depth': 6, 'alpha': 0.004568137235439187, 'lambda': 0.0006251783488631469, 'eta': 0.040067498031069716}. Best is trial 0 with value: 0.0.
[I 2025-05-03 23:10:06,118] Trial 4 finished with value: 0.0 and parameters: {'max_depth': 8, 'alpha': 1.9465178138228732e-08, 'lambda': 3.908686496898129e-06, 'eta': 0.011863190071289978}. Best is trial 0 with value: 0.0.
[I 2025-05-03 23:10:06,531] A new study created in memory with name: XGBoost_House_Sales_outer2
[I 2025-05-03 23:10:08,517] Trial 0 finished with value: 0.0 and parameters: {'max_depth': 6, 'alpha': 0.0025701676974301977, 'lambda': 0.00021722057872303711, 'eta': 0.08332555230232477}. Best is trial 0 with value: 0.0.
[I 2025-05-03 23:10:09,458] Trial 1 finished with value: 0.0 and parameters: {'max_depth': 2, 'alpha': 1.9684129657863964e-06, 'lambda': 4.575904837651748e-05, 'eta': 0.011640641995147902}. Best is trial 0 with value: 0.0.
[I 2025-05-03 23:10:10,925] Trial 2 finished with value: 0.0 and parameters: {'max_depth': 5, 'alpha': 0.709412921887344, 'lambda': 2.4089553139284245e-06, 'eta': 0.21137860243699966}. Best is trial 0 with value: 0.0.
[I 2025-05-03 23:10:12,922] Trial 3 finished with value: 0.0 and parameters: {'max_depth': 6, 'alpha': 0.19655722039148116, 'lambda': 6.392111374553001e-07, 'eta': 0.10449458130578221}. Best is trial 0 with value: 0.0.
[I 2025-05-03 23:10:16,563] Trial 4 finished with value: 0.0 and parameters: {'max_depth': 8, 'alpha': 2.72410629245572e-07, 'lambda': 0.45184567353035865, 'eta': 0.012576686582655653}. Best is trial 0 with value: 0.0.
[I 2025-05-03 23:10:16,975] A new study created in memory with name: XGBoost_House_Sales_outer3
[I 2025-05-03 23:10:18,596] Trial 0 finished with value: 0.0 and parameters: {'max_depth': 5, 'alpha': 0.00015180704547281026, 'lambda': 0.005836814330911884, 'eta': 0.042400431984425564}. Best is trial 0 with value: 0.0.
[I 2025-05-03 23:10:24,292] Trial 1 finished with value: 0.0 and parameters: {'max_depth': 9, 'alpha': 2.5592780597839825e-07, 'lambda': 0.0022328171661440614, 'eta': 0.01559896819775132}. Best is trial 0 with value: 0.0.
[I 2025-05-03 23:10:25,237] Trial 2 finished with value: 0.0 and parameters: {'max_depth': 2, 'alpha': 2.897521806671745e-05, 'lambda': 0.005195879351230677, 'eta': 0.02808707365816174}. Best is trial 0 with value: 0.0.
[I 2025-05-03 23:10:34,903] Trial 3 finished with value: 0.0 and parameters: {'max_depth': 12, 'alpha': 6.541487404120918e-05, 'lambda': 8.649693012219515e-08, 'eta': 0.24561632011355056}. Best is trial 0 with value: 0.0.
[I 2025-05-03 23:10:35,859] Trial 4 finished with value: 0.0 and parameters: {'max_depth': 2, 'alpha': 0.005905106692649467, 'lambda': 5.1404536803160466e-08, 'eta': 0.0723518619976903}. Best is trial 0 with value: 0.0.
[I 2025-05-03 23:10:36,201] A new study created in memory with name: XGBoost_House_Sales_outer4
[I 2025-05-03 23:10:37,146] Trial 0 finished with value: 0.0 and parameters: {'max_depth': 2, 'alpha': 7.574930968639588e-06, 'lambda': 0.038962862802143575, 'eta': 0.02017216240326223}. Best is trial 0 with value: 0.0.
[I 2025-05-03 23:10:38,823] Trial 1 finished with value: 0.0 and parameters: {'max_depth': 5, 'alpha': 0.3821280527813984, 'lambda': 0.6437518422368055, 'eta': 0.02920928422775612}. Best is trial 0 with value: 0.0.
[I 2025-05-03 23:10:40,128] Trial 2 finished with value: 0.0 and parameters: {'max_depth': 4, 'alpha': 6.539366799993742e-08, 'lambda': 9.704911563087727e-07, 'eta': 0.25820192401257347}. Best is trial 0 with value: 0.0.
[I 2025-05-03 23:10:41,475] Trial 3 finished with value: 0.0 and parameters: {'max_depth': 4, 'alpha': 5.585017749912362e-07, 'lambda': 3.7326619990798265e-05, 'eta': 0.03727665477385546}. Best is trial 0 with value: 0.0.
[I 2025-05-03 23:10:42,805] Trial 4 finished with value: 0.0 and parameters: {'max_depth': 4, 'alpha': 3.1800371147947467e-06, 'lambda': 1.4533557901862008e-05, 'eta': 0.06405038799983213}. Best is trial 0 with value: 0.0.
[I 2025-05-03 23:10:43,008] A new study created in memory with name: XGBoost_House_Sales_outer5
[I 2025-05-03 23:10:51,060] Trial 0 finished with value: 0.0 and parameters: {'max_depth': 10, 'alpha': 2.5912447539208953e-07, 'lambda': 4.080124000294398e-05, 'eta': 0.0763064411283308}. Best is trial 0 with value: 0.0.
[I 2025-05-03 23:10:53,909] Trial 1 finished with value: 0.0 and parameters: {'max_depth': 8, 'alpha': 0.07656526436983281, 'lambda': 5.04655052260319e-05, 'eta': 0.125743880621234}. Best is trial 0 with value: 0.0.
[I 2025-05-03 23:10:55,567] Trial 2 finished with value: 0.0 and parameters: {'max_depth': 5, 'alpha': 0.0005589196136120216, 'lambda': 4.838357792432755e-07, 'eta': 0.014744260875650101}. Best is trial 0 with value: 0.0.
[I 2025-05-03 23:11:00,122] Trial 3 finished with value: 0.0 and parameters: {'max_depth': 9, 'alpha': 5.157045753331156e-08, 'lambda': 2.3776523021595554e-05, 'eta': 0.1276333885104569}. Best is trial 0 with value: 0.0.
[I 2025-05-03 23:11:01,261] Trial 4 finished with value: 0.0 and parameters: {'max_depth': 3, 'alpha': 0.004173375832824001, 'lambda': 5.5520461719523966e-05, 'eta': 0.014301620471873378}. Best is trial 0 with value: 0.0.
Traceback (most recent call last):
  File "train.py", line 1192, in <module>
    main(arguments)
  File "train.py", line 1063, in main
    agg_scorer, avg_train_time, avg_test_time = nested_cross_validation(
  File "train.py", line 705, in nested_cross_validation
    best_hp_idx = best_loss_dict.index(min(best_loss_dict))
ValueError: min() arg is an empty sequence
srun: error: stud-000: task 0: Exited with exit code 1
