[I 2025-05-03 23:05:14,894] A new study created in memory with name: XGBoost_Allstate_Claims_outer1
[I 2025-05-03 23:05:22,701] Trial 0 finished with value: 0.0 and parameters: {'max_depth': 9, 'alpha': 0.00030389019262451814, 'lambda': 0.0026718068974337446, 'eta': 0.033284009856773364}. Best is trial 0 with value: 0.0.
[I 2025-05-03 23:05:30,700] Trial 1 finished with value: 0.0 and parameters: {'max_depth': 4, 'alpha': 0.0015450302512824974, 'lambda': 0.01929354070013925, 'eta': 0.28030169220413775}. Best is trial 0 with value: 0.0.
[I 2025-05-03 23:05:38,777] Trial 2 finished with value: 0.0 and parameters: {'max_depth': 8, 'alpha': 0.18032702790760768, 'lambda': 0.06989819817639313, 'eta': 0.039721794466479915}. Best is trial 0 with value: 0.0.
[I 2025-05-03 23:05:47,018] Trial 3 finished with value: 0.0 and parameters: {'max_depth': 6, 'alpha': 4.005608824529041e-05, 'lambda': 1.8733960459812626e-07, 'eta': 0.2976237286913975}. Best is trial 0 with value: 0.0.
[I 2025-05-03 23:05:54,605] Trial 4 finished with value: 0.0 and parameters: {'max_depth': 7, 'alpha': 0.03366327821287923, 'lambda': 5.0732781337341924e-08, 'eta': 0.045120354283713124}. Best is trial 0 with value: 0.0.
[I 2025-05-03 23:05:56,817] A new study created in memory with name: XGBoost_Allstate_Claims_outer2
[I 2025-05-03 23:06:04,537] Trial 0 finished with value: 0.0 and parameters: {'max_depth': 12, 'alpha': 0.0009917002504693634, 'lambda': 0.303057378873421, 'eta': 0.10059645162429261}. Best is trial 0 with value: 0.0.
[I 2025-05-03 23:06:12,330] Trial 1 finished with value: 0.0 and parameters: {'max_depth': 2, 'alpha': 4.9479384337384264e-05, 'lambda': 0.48703674635946353, 'eta': 0.012657769929040486}. Best is trial 0 with value: 0.0.
[I 2025-05-03 23:06:20,298] Trial 2 finished with value: 0.0 and parameters: {'max_depth': 3, 'alpha': 1.6364462414653705e-08, 'lambda': 2.7626450442206583e-08, 'eta': 0.1805848011244189}. Best is trial 0 with value: 0.0.
[I 2025-05-03 23:06:28,203] Trial 3 finished with value: 0.0 and parameters: {'max_depth': 3, 'alpha': 8.566603501863797e-08, 'lambda': 0.23365319716402133, 'eta': 0.016133356198924812}. Best is trial 0 with value: 0.0.
[I 2025-05-03 23:06:35,879] Trial 4 finished with value: 0.0 and parameters: {'max_depth': 4, 'alpha': 0.0035821002227512905, 'lambda': 0.09772938464805739, 'eta': 0.09279520262485856}. Best is trial 0 with value: 0.0.
[I 2025-05-03 23:06:37,919] A new study created in memory with name: XGBoost_Allstate_Claims_outer3
[I 2025-05-03 23:06:45,597] Trial 0 finished with value: 0.0 and parameters: {'max_depth': 12, 'alpha': 0.0002665435734060086, 'lambda': 0.0004226521936407219, 'eta': 0.010792077433955369}. Best is trial 0 with value: 0.0.
[I 2025-05-03 23:06:53,609] Trial 1 finished with value: 0.0 and parameters: {'max_depth': 3, 'alpha': 3.96434908540402e-05, 'lambda': 0.04572726160679005, 'eta': 0.03393664161504126}. Best is trial 0 with value: 0.0.
[I 2025-05-03 23:07:01,829] Trial 2 finished with value: 0.0 and parameters: {'max_depth': 3, 'alpha': 7.962820249008633e-05, 'lambda': 0.00041754114693228834, 'eta': 0.026675621377744548}. Best is trial 0 with value: 0.0.
[I 2025-05-03 23:07:09,535] Trial 3 finished with value: 0.0 and parameters: {'max_depth': 12, 'alpha': 0.0006863829280056037, 'lambda': 3.4093864685694462e-06, 'eta': 0.15169527685745954}. Best is trial 0 with value: 0.0.
[I 2025-05-03 23:07:17,156] Trial 4 finished with value: 0.0 and parameters: {'max_depth': 5, 'alpha': 8.396708694434757e-07, 'lambda': 1.2156253756949728e-06, 'eta': 0.13592357068445188}. Best is trial 0 with value: 0.0.
[I 2025-05-03 23:07:18,887] A new study created in memory with name: XGBoost_Allstate_Claims_outer4
[I 2025-05-03 23:07:26,819] Trial 0 finished with value: 0.0 and parameters: {'max_depth': 5, 'alpha': 1.2453738135684487e-07, 'lambda': 0.05088804573135036, 'eta': 0.07724562997664772}. Best is trial 0 with value: 0.0.
[I 2025-05-03 23:07:34,928] Trial 1 finished with value: 0.0 and parameters: {'max_depth': 2, 'alpha': 0.0015571003103249754, 'lambda': 1.324992070348333e-05, 'eta': 0.017603818870079696}. Best is trial 0 with value: 0.0.
[I 2025-05-03 23:07:42,970] Trial 2 finished with value: 0.0 and parameters: {'max_depth': 12, 'alpha': 0.0006555057416340356, 'lambda': 0.0438311897918949, 'eta': 0.0646712712585308}. Best is trial 0 with value: 0.0.
[I 2025-05-03 23:07:50,733] Trial 3 finished with value: 0.0 and parameters: {'max_depth': 6, 'alpha': 1.3691548002782574e-06, 'lambda': 3.98847596630551e-07, 'eta': 0.2625603487923918}. Best is trial 0 with value: 0.0.
[I 2025-05-03 23:07:58,545] Trial 4 finished with value: 0.0 and parameters: {'max_depth': 6, 'alpha': 9.207983780225067e-05, 'lambda': 0.008036746194466876, 'eta': 0.014660988841185883}. Best is trial 0 with value: 0.0.
[I 2025-05-03 23:08:00,411] A new study created in memory with name: XGBoost_Allstate_Claims_outer5
[I 2025-05-03 23:08:08,411] Trial 0 finished with value: 0.0 and parameters: {'max_depth': 4, 'alpha': 2.7172366448668035e-06, 'lambda': 0.2225852914098325, 'eta': 0.047957086306620475}. Best is trial 0 with value: 0.0.
[I 2025-05-03 23:08:16,564] Trial 1 finished with value: 0.0 and parameters: {'max_depth': 4, 'alpha': 0.0008086903170432951, 'lambda': 3.834043684371045e-05, 'eta': 0.2541488171861988}. Best is trial 0 with value: 0.0.
[I 2025-05-03 23:08:24,333] Trial 2 finished with value: 0.0 and parameters: {'max_depth': 4, 'alpha': 0.019673142882112127, 'lambda': 0.00353503955563792, 'eta': 0.015388531395047183}. Best is trial 0 with value: 0.0.
[I 2025-05-03 23:08:32,054] Trial 3 finished with value: 0.0 and parameters: {'max_depth': 8, 'alpha': 0.04964061651120722, 'lambda': 1.343457722719079e-07, 'eta': 0.010648612726351467}. Best is trial 0 with value: 0.0.
[I 2025-05-03 23:08:39,772] Trial 4 finished with value: 0.0 and parameters: {'max_depth': 2, 'alpha': 4.344581716354015e-06, 'lambda': 0.11949583089498203, 'eta': 0.034955757601963316}. Best is trial 0 with value: 0.0.
Traceback (most recent call last):
  File "train.py", line 1192, in <module>
    main(arguments)
  File "train.py", line 1063, in main
    agg_scorer, avg_train_time, avg_test_time = nested_cross_validation(
  File "train.py", line 705, in nested_cross_validation
    best_hp_idx = best_loss_dict.index(min(best_loss_dict))
ValueError: min() arg is an empty sequence
srun: error: stud-000: task 0: Exited with exit code 1
