[I 2025-05-03 23:09:08,010] A new study created in memory with name: XGBoost_Mercedes_Benz_outer1
[I 2025-05-03 23:09:08,039] Trial 0 finished with value: 0.0 and parameters: {'max_depth': 4, 'alpha': 0.0016221782352462079, 'lambda': 0.0002486207897449771, 'eta': 0.05667919356233059}. Best is trial 0 with value: 0.0.
[I 2025-05-03 23:09:08,055] Trial 1 finished with value: 0.0 and parameters: {'max_depth': 4, 'alpha': 6.19296801673092e-07, 'lambda': 6.223556804314649e-06, 'eta': 0.012401101836335736}. Best is trial 0 with value: 0.0.
[I 2025-05-03 23:09:08,069] Trial 2 finished with value: 0.0 and parameters: {'max_depth': 8, 'alpha': 1.577589896129884e-05, 'lambda': 0.0028181981586601623, 'eta': 0.10114004160210494}. Best is trial 0 with value: 0.0.
[I 2025-05-03 23:09:08,083] Trial 3 finished with value: 0.0 and parameters: {'max_depth': 5, 'alpha': 0.047528331159667855, 'lambda': 3.372394100916622e-06, 'eta': 0.010032818630324911}. Best is trial 0 with value: 0.0.
[I 2025-05-03 23:09:08,097] Trial 4 finished with value: 0.0 and parameters: {'max_depth': 7, 'alpha': 1.0681168245018268e-06, 'lambda': 0.12730537395533964, 'eta': 0.146749598261719}. Best is trial 0 with value: 0.0.
[I 2025-05-03 23:09:08,101] A new study created in memory with name: XGBoost_Mercedes_Benz_outer2
[I 2025-05-03 23:09:08,121] Trial 0 finished with value: 0.0 and parameters: {'max_depth': 4, 'alpha': 1.0127334553649064e-06, 'lambda': 4.0045934514870624e-08, 'eta': 0.22382316512756337}. Best is trial 0 with value: 0.0.
[I 2025-05-03 23:09:08,137] Trial 1 finished with value: 0.0 and parameters: {'max_depth': 3, 'alpha': 6.341466820279845e-07, 'lambda': 0.3191916106582009, 'eta': 0.01203025300425033}. Best is trial 0 with value: 0.0.
[I 2025-05-03 23:09:08,153] Trial 2 finished with value: 0.0 and parameters: {'max_depth': 3, 'alpha': 3.192712350563416e-05, 'lambda': 0.2761955208607013, 'eta': 0.049294642480982025}. Best is trial 0 with value: 0.0.
[I 2025-05-03 23:09:08,168] Trial 3 finished with value: 0.0 and parameters: {'max_depth': 4, 'alpha': 2.982227523623282e-08, 'lambda': 0.0019098672307231858, 'eta': 0.010844409889184892}. Best is trial 0 with value: 0.0.
[I 2025-05-03 23:09:08,183] Trial 4 finished with value: 0.0 and parameters: {'max_depth': 2, 'alpha': 0.00290227072379596, 'lambda': 0.00823377336902529, 'eta': 0.011532559269667854}. Best is trial 0 with value: 0.0.
[I 2025-05-03 23:09:08,186] A new study created in memory with name: XGBoost_Mercedes_Benz_outer3
[I 2025-05-03 23:09:08,205] Trial 0 finished with value: 0.0 and parameters: {'max_depth': 4, 'alpha': 1.211194514037469e-06, 'lambda': 8.944513724177289e-08, 'eta': 0.19225294165016193}. Best is trial 0 with value: 0.0.
[I 2025-05-03 23:09:08,221] Trial 1 finished with value: 0.0 and parameters: {'max_depth': 2, 'alpha': 0.0011650341716836748, 'lambda': 4.215362918147776e-08, 'eta': 0.08388366525731089}. Best is trial 0 with value: 0.0.
[I 2025-05-03 23:09:08,237] Trial 2 finished with value: 0.0 and parameters: {'max_depth': 10, 'alpha': 3.795913096835532e-06, 'lambda': 2.0010591303875062e-05, 'eta': 0.28775891421938493}. Best is trial 0 with value: 0.0.
[I 2025-05-03 23:09:08,253] Trial 3 finished with value: 0.0 and parameters: {'max_depth': 11, 'alpha': 3.855890309946082e-05, 'lambda': 5.60873005756605e-05, 'eta': 0.028924608519247805}. Best is trial 0 with value: 0.0.
[I 2025-05-03 23:09:08,269] Trial 4 finished with value: 0.0 and parameters: {'max_depth': 2, 'alpha': 4.082403099886456e-05, 'lambda': 0.0010566569429504384, 'eta': 0.021067936380401733}. Best is trial 0 with value: 0.0.
[I 2025-05-03 23:09:09,105] A new study created in memory with name: XGBoost_Mercedes_Benz_outer4
[I 2025-05-03 23:09:09,123] Trial 0 finished with value: 0.0 and parameters: {'max_depth': 3, 'alpha': 0.09280858377471711, 'lambda': 0.1005947613436852, 'eta': 0.14061259693829564}. Best is trial 0 with value: 0.0.
[I 2025-05-03 23:09:09,137] Trial 1 finished with value: 0.0 and parameters: {'max_depth': 11, 'alpha': 9.155229467225958e-08, 'lambda': 0.12312616848831061, 'eta': 0.024948205407832134}. Best is trial 0 with value: 0.0.
[I 2025-05-03 23:09:09,151] Trial 2 finished with value: 0.0 and parameters: {'max_depth': 3, 'alpha': 4.047118440751281e-08, 'lambda': 5.618544358019285e-05, 'eta': 0.17800474318324888}. Best is trial 0 with value: 0.0.
[I 2025-05-03 23:09:09,165] Trial 3 finished with value: 0.0 and parameters: {'max_depth': 3, 'alpha': 2.7935108442588313e-05, 'lambda': 0.011871852732284643, 'eta': 0.09057053043848091}. Best is trial 0 with value: 0.0.
[I 2025-05-03 23:09:09,180] Trial 4 finished with value: 0.0 and parameters: {'max_depth': 4, 'alpha': 0.046020703028765764, 'lambda': 0.0013941200598372248, 'eta': 0.264582159429144}. Best is trial 0 with value: 0.0.
[I 2025-05-03 23:09:09,183] A new study created in memory with name: XGBoost_Mercedes_Benz_outer5
[I 2025-05-03 23:09:10,283] Trial 0 finished with value: 0.0 and parameters: {'max_depth': 12, 'alpha': 0.0001966101612706306, 'lambda': 0.00022229124349783705, 'eta': 0.07314226760646053}. Best is trial 0 with value: 0.0.
[I 2025-05-03 23:09:10,629] Trial 1 finished with value: 0.0 and parameters: {'max_depth': 2, 'alpha': 0.008256403142671145, 'lambda': 0.10917531668500778, 'eta': 0.022692451523422714}. Best is trial 0 with value: 0.0.
[I 2025-05-03 23:09:11,436] Trial 2 finished with value: 0.0 and parameters: {'max_depth': 8, 'alpha': 2.8766224893387757e-07, 'lambda': 3.3385885748614147e-06, 'eta': 0.03487495839783824}. Best is trial 0 with value: 0.0.
[I 2025-05-03 23:09:11,815] Trial 3 finished with value: 0.0 and parameters: {'max_depth': 8, 'alpha': 1.7747623922694255e-08, 'lambda': 7.613206278397479e-07, 'eta': 0.24536566010352895}. Best is trial 0 with value: 0.0.
[I 2025-05-03 23:09:12,282] Trial 4 finished with value: 0.0 and parameters: {'max_depth': 5, 'alpha': 0.02655936621963603, 'lambda': 0.00012509329136015657, 'eta': 0.044906374542467896}. Best is trial 0 with value: 0.0.
Traceback (most recent call last):
  File "train.py", line 1192, in <module>
    main(arguments)
  File "train.py", line 1063, in main
    agg_scorer, avg_train_time, avg_test_time = nested_cross_validation(
  File "train.py", line 705, in nested_cross_validation
    best_hp_idx = best_loss_dict.index(min(best_loss_dict))
ValueError: min() arg is an empty sequence
srun: error: stud-000: task 0: Exited with exit code 1
