[I 2025-05-05 04:27:27,901] A new study created in memory with name: XGBoost_Allstate_Claims_outer1
[I 2025-05-05 04:28:14,935] Trial 0 finished with value: 0.0 and parameters: {'max_depth': 6, 'alpha': 7.799494192957654e-08, 'lambda': 1.990451571948582e-06, 'eta': 0.02978424859954215}. Best is trial 0 with value: 0.0.
[I 2025-05-05 04:29:02,017] Trial 1 finished with value: 0.0 and parameters: {'max_depth': 3, 'alpha': 2.0805925704078982e-08, 'lambda': 0.00038687482931012773, 'eta': 0.027384300065481346}. Best is trial 0 with value: 0.0.
[I 2025-05-05 04:29:55,085] Trial 2 finished with value: 0.0 and parameters: {'max_depth': 10, 'alpha': 0.005746027727489235, 'lambda': 8.460514658179655e-06, 'eta': 0.1819291443628445}. Best is trial 0 with value: 0.0.
[I 2025-05-05 04:30:47,536] Trial 3 finished with value: 0.0 and parameters: {'max_depth': 8, 'alpha': 0.0011011971284063098, 'lambda': 0.05680625119932575, 'eta': 0.0234657621541257}. Best is trial 0 with value: 0.0.
[I 2025-05-05 04:31:35,958] Trial 4 finished with value: 0.0 and parameters: {'max_depth': 5, 'alpha': 2.87469900132374e-06, 'lambda': 4.9649780240419466e-06, 'eta': 0.06275280896112437}. Best is trial 0 with value: 0.0.
[I 2025-05-05 04:31:48,150] A new study created in memory with name: XGBoost_Allstate_Claims_outer2
[I 2025-05-05 04:32:37,627] Trial 0 finished with value: 0.0 and parameters: {'max_depth': 7, 'alpha': 5.5522663899098065e-05, 'lambda': 0.15213004496893878, 'eta': 0.10162984971186613}. Best is trial 0 with value: 0.0.
[I 2025-05-05 04:33:28,794] Trial 1 finished with value: 0.0 and parameters: {'max_depth': 7, 'alpha': 0.0004112555560370493, 'lambda': 5.609363313136917e-05, 'eta': 0.028634766329716378}. Best is trial 0 with value: 0.0.
[I 2025-05-05 04:34:20,952] Trial 2 finished with value: 0.0 and parameters: {'max_depth': 6, 'alpha': 4.3632377467615994e-08, 'lambda': 0.008597171861626987, 'eta': 0.010198947458071391}. Best is trial 0 with value: 0.0.
[I 2025-05-05 04:35:11,198] Trial 3 finished with value: 0.0 and parameters: {'max_depth': 3, 'alpha': 2.4874466253660577e-08, 'lambda': 6.058908533140082e-05, 'eta': 0.041124569027312576}. Best is trial 0 with value: 0.0.
[I 2025-05-05 04:36:01,703] Trial 4 finished with value: 0.0 and parameters: {'max_depth': 4, 'alpha': 0.11897228694330869, 'lambda': 6.353074023405999e-07, 'eta': 0.10202068080353034}. Best is trial 0 with value: 0.0.
[I 2025-05-05 04:36:14,842] A new study created in memory with name: XGBoost_Allstate_Claims_outer3
[I 2025-05-05 04:37:05,545] Trial 0 finished with value: 0.0 and parameters: {'max_depth': 5, 'alpha': 9.213058711237933e-08, 'lambda': 0.0005294326982948498, 'eta': 0.27587073962620684}. Best is trial 0 with value: 0.0.
[I 2025-05-05 04:38:00,878] Trial 1 finished with value: 0.0 and parameters: {'max_depth': 8, 'alpha': 6.081229303090356e-06, 'lambda': 1.129933162915242e-08, 'eta': 0.011631933807028086}. Best is trial 0 with value: 0.0.
[I 2025-05-05 04:38:50,794] Trial 2 finished with value: 0.0 and parameters: {'max_depth': 6, 'alpha': 1.7758955152859712e-06, 'lambda': 2.8971318409852044e-07, 'eta': 0.17649638015024705}. Best is trial 0 with value: 0.0.
[I 2025-05-05 04:39:33,562] Trial 3 finished with value: 0.0 and parameters: {'max_depth': 4, 'alpha': 0.7570726203502148, 'lambda': 1.3404417635909367e-06, 'eta': 0.03859505156536205}. Best is trial 0 with value: 0.0.
[I 2025-05-05 04:40:15,505] Trial 4 finished with value: 0.0 and parameters: {'max_depth': 6, 'alpha': 1.796515774811669e-08, 'lambda': 6.175758820522353e-05, 'eta': 0.2139589873415516}. Best is trial 0 with value: 0.0.
[I 2025-05-05 04:40:26,467] A new study created in memory with name: XGBoost_Allstate_Claims_outer4
[I 2025-05-05 04:41:08,368] Trial 0 finished with value: 0.0 and parameters: {'max_depth': 2, 'alpha': 1.8608933563967582e-06, 'lambda': 0.5561985878494522, 'eta': 0.22458700236589654}. Best is trial 0 with value: 0.0.
[I 2025-05-05 04:42:00,705] Trial 1 finished with value: 0.0 and parameters: {'max_depth': 12, 'alpha': 0.16732458198326666, 'lambda': 6.997003385602837e-08, 'eta': 0.29571682210178457}. Best is trial 0 with value: 0.0.
[I 2025-05-05 04:42:58,006] Trial 2 finished with value: 0.0 and parameters: {'max_depth': 10, 'alpha': 2.1592190046440097e-06, 'lambda': 0.0002539415435045825, 'eta': 0.021194096336772748}. Best is trial 0 with value: 0.0.
[I 2025-05-05 04:43:40,695] Trial 3 finished with value: 0.0 and parameters: {'max_depth': 6, 'alpha': 0.001401782434497824, 'lambda': 0.0005880533835572568, 'eta': 0.013858816177498236}. Best is trial 0 with value: 0.0.
[I 2025-05-05 04:44:30,774] Trial 4 finished with value: 0.0 and parameters: {'max_depth': 9, 'alpha': 0.00046734078881719674, 'lambda': 0.07528446318098468, 'eta': 0.08232780228724398}. Best is trial 0 with value: 0.0.
[I 2025-05-05 04:44:41,814] A new study created in memory with name: XGBoost_Allstate_Claims_outer5
[I 2025-05-05 04:45:21,702] Trial 0 finished with value: 0.0 and parameters: {'max_depth': 6, 'alpha': 0.0032352583475070587, 'lambda': 0.16607443655963205, 'eta': 0.10480833208168111}. Best is trial 0 with value: 0.0.
[I 2025-05-05 04:46:00,859] Trial 1 finished with value: 0.0 and parameters: {'max_depth': 3, 'alpha': 6.313541814232579e-08, 'lambda': 5.97497213359934e-07, 'eta': 0.13126453397992016}. Best is trial 0 with value: 0.0.
[I 2025-05-05 04:46:41,362] Trial 2 finished with value: 0.0 and parameters: {'max_depth': 2, 'alpha': 0.1334574139028411, 'lambda': 1.3831724614900131e-08, 'eta': 0.03193798937065182}. Best is trial 0 with value: 0.0.
[I 2025-05-05 04:47:20,044] Trial 3 finished with value: 0.0 and parameters: {'max_depth': 6, 'alpha': 2.9768613361758997e-05, 'lambda': 1.2813394930116955e-07, 'eta': 0.021249885534741712}. Best is trial 0 with value: 0.0.
[I 2025-05-05 04:47:55,222] Trial 4 finished with value: 0.0 and parameters: {'max_depth': 2, 'alpha': 0.0013552218702033722, 'lambda': 0.10067699464799248, 'eta': 0.020273133471308744}. Best is trial 0 with value: 0.0.
Traceback (most recent call last):
  File "train.py", line 1194, in <module>
    main(arguments)
  File "train.py", line 1065, in main
    agg_scorer, avg_train_time, avg_test_time = nested_cross_validation(
  File "train.py", line 707, in nested_cross_validation
    best_hp_idx = best_loss_dict.index(min(best_loss_dict))
ValueError: min() arg is an empty sequence
srun: error: stud-000: task 0: Exited with exit code 1
