[I 2025-05-03 22:38:16,125] A new study created in memory with name: ResMLP_Diamonds_outer1
[I 2025-05-03 22:38:17,127] Trial 0 finished with value: 0.0 and parameters: {'n_blocks': 5, 'd_block': 256, 'd_hidden': 4, 'd_hidden_multiplier': 2.1258181819936723, 'dropout1': 0.08678634125508423, 'dropout2': 0.24445372322071282}. Best is trial 0 with value: 0.0.
[I 2025-05-03 22:38:17,440] Trial 1 finished with value: 0.0 and parameters: {'n_blocks': 5, 'd_block': 256, 'd_hidden': 4, 'd_hidden_multiplier': 1.492568181518887, 'dropout1': 0.12814627222595484, 'dropout2': 0.05069724889191747}. Best is trial 0 with value: 0.0.
[I 2025-05-03 22:38:17,731] Trial 2 finished with value: 0.0 and parameters: {'n_blocks': 5, 'd_block': 128, 'd_hidden': 4, 'd_hidden_multiplier': 1.3439257340574524, 'dropout1': 0.148934028527509, 'dropout2': 0.07288842233276936}. Best is trial 0 with value: 0.0.
[I 2025-05-03 22:38:18,007] Trial 3 finished with value: 0.0 and parameters: {'n_blocks': 2, 'd_block': 64, 'd_hidden': 2, 'd_hidden_multiplier': 1.7176314653175493, 'dropout1': 0.016587793550910508, 'dropout2': 0.01039189120521372}. Best is trial 0 with value: 0.0.
[I 2025-05-03 22:38:18,286] Trial 4 finished with value: 0.0 and parameters: {'n_blocks': 2, 'd_block': 64, 'd_hidden': 3, 'd_hidden_multiplier': 1.4093851980099272, 'dropout1': 0.3663034292835585, 'dropout2': 0.049374390500904454}. Best is trial 0 with value: 0.0.
[I 2025-05-03 22:38:18,369] A new study created in memory with name: ResMLP_Diamonds_outer2
[I 2025-05-03 22:38:18,699] Trial 0 finished with value: 0.0 and parameters: {'n_blocks': 5, 'd_block': 256, 'd_hidden': 7, 'd_hidden_multiplier': 1.6080374839429812, 'dropout1': 0.08915429222637133, 'dropout2': 0.15825195053942864}. Best is trial 0 with value: 0.0.
[I 2025-05-03 22:38:19,007] Trial 1 finished with value: 0.0 and parameters: {'n_blocks': 5, 'd_block': 128, 'd_hidden': 2, 'd_hidden_multiplier': 2.094769862561309, 'dropout1': 0.48844044843369006, 'dropout2': 0.21937531632494336}. Best is trial 0 with value: 0.0.
[I 2025-05-03 22:38:19,293] Trial 2 finished with value: 0.0 and parameters: {'n_blocks': 4, 'd_block': 64, 'd_hidden': 2, 'd_hidden_multiplier': 3.165801754762987, 'dropout1': 0.11309706936591325, 'dropout2': 0.2666474324296341}. Best is trial 0 with value: 0.0.
[I 2025-05-03 22:38:19,589] Trial 3 finished with value: 0.0 and parameters: {'n_blocks': 2, 'd_block': 256, 'd_hidden': 6, 'd_hidden_multiplier': 1.5438379263354025, 'dropout1': 0.24281074573710226, 'dropout2': 0.27761773844649645}. Best is trial 0 with value: 0.0.
[I 2025-05-03 22:38:19,873] Trial 4 finished with value: 0.0 and parameters: {'n_blocks': 2, 'd_block': 128, 'd_hidden': 3, 'd_hidden_multiplier': 2.658252603542719, 'dropout1': 0.2151244221803155, 'dropout2': 0.2995019253901734}. Best is trial 0 with value: 0.0.
[I 2025-05-03 22:38:19,953] A new study created in memory with name: ResMLP_Diamonds_outer3
[I 2025-05-03 22:38:20,277] Trial 0 finished with value: 0.0 and parameters: {'n_blocks': 2, 'd_block': 256, 'd_hidden': 3, 'd_hidden_multiplier': 4.4411105182419375, 'dropout1': 0.39031614107039625, 'dropout2': 0.0818630141515713}. Best is trial 0 with value: 0.0.
[I 2025-05-03 22:38:20,554] Trial 1 finished with value: 0.0 and parameters: {'n_blocks': 2, 'd_block': 64, 'd_hidden': 10, 'd_hidden_multiplier': 2.521574723771185, 'dropout1': 0.10756332142931557, 'dropout2': 0.1899179272616496}. Best is trial 0 with value: 0.0.
[I 2025-05-03 22:38:20,835] Trial 2 finished with value: 0.0 and parameters: {'n_blocks': 2, 'd_block': 64, 'd_hidden': 8, 'd_hidden_multiplier': 1.19004329001115, 'dropout1': 0.48881688991303784, 'dropout2': 0.018321777996904345}. Best is trial 0 with value: 0.0.
[I 2025-05-03 22:38:21,138] Trial 3 finished with value: 0.0 and parameters: {'n_blocks': 4, 'd_block': 128, 'd_hidden': 4, 'd_hidden_multiplier': 3.8631169595414043, 'dropout1': 0.4672741133447513, 'dropout2': 0.09145842996253314}. Best is trial 0 with value: 0.0.
[I 2025-05-03 22:38:21,454] Trial 4 finished with value: 0.0 and parameters: {'n_blocks': 5, 'd_block': 128, 'd_hidden': 5, 'd_hidden_multiplier': 3.9264942107353518, 'dropout1': 0.14899001915185806, 'dropout2': 0.2796161847042259}. Best is trial 0 with value: 0.0.
[I 2025-05-03 22:38:21,536] A new study created in memory with name: ResMLP_Diamonds_outer4
[I 2025-05-03 22:38:21,824] Trial 0 finished with value: 0.0 and parameters: {'n_blocks': 3, 'd_block': 128, 'd_hidden': 3, 'd_hidden_multiplier': 1.4648447824781667, 'dropout1': 0.40474829948646274, 'dropout2': 0.1971051583064354}. Best is trial 0 with value: 0.0.
[I 2025-05-03 22:38:22,116] Trial 1 finished with value: 0.0 and parameters: {'n_blocks': 5, 'd_block': 64, 'd_hidden': 2, 'd_hidden_multiplier': 1.5501570613295634, 'dropout1': 0.021630842567204222, 'dropout2': 0.01622423605974694}. Best is trial 0 with value: 0.0.
[I 2025-05-03 22:38:22,418] Trial 2 finished with value: 0.0 and parameters: {'n_blocks': 6, 'd_block': 128, 'd_hidden': 2, 'd_hidden_multiplier': 1.7355474145344694, 'dropout1': 0.35496996510146717, 'dropout2': 0.29667395852293355}. Best is trial 0 with value: 0.0.
[I 2025-05-03 22:38:22,702] Trial 3 finished with value: 0.0 and parameters: {'n_blocks': 2, 'd_block': 128, 'd_hidden': 2, 'd_hidden_multiplier': 1.8992458066340736, 'dropout1': 0.41177032140004444, 'dropout2': 0.2689754968979516}. Best is trial 0 with value: 0.0.
[I 2025-05-03 22:38:22,992] Trial 4 finished with value: 0.0 and parameters: {'n_blocks': 6, 'd_block': 128, 'd_hidden': 3, 'd_hidden_multiplier': 1.0327395240335948, 'dropout1': 0.3815281281841173, 'dropout2': 0.2981582360800389}. Best is trial 0 with value: 0.0.
[I 2025-05-03 22:38:23,063] A new study created in memory with name: ResMLP_Diamonds_outer5
[I 2025-05-03 22:38:23,367] Trial 0 finished with value: 0.0 and parameters: {'n_blocks': 2, 'd_block': 256, 'd_hidden': 4, 'd_hidden_multiplier': 2.8914136133415966, 'dropout1': 0.28267991687050587, 'dropout2': 0.2816013899083858}. Best is trial 0 with value: 0.0.
[I 2025-05-03 22:38:23,662] Trial 1 finished with value: 0.0 and parameters: {'n_blocks': 5, 'd_block': 128, 'd_hidden': 2, 'd_hidden_multiplier': 1.7085168406751923, 'dropout1': 0.2240634036089747, 'dropout2': 0.22089857277992817}. Best is trial 0 with value: 0.0.
[I 2025-05-03 22:38:24,057] Trial 2 finished with value: 0.0 and parameters: {'n_blocks': 5, 'd_block': 256, 'd_hidden': 4, 'd_hidden_multiplier': 4.2897429307365424, 'dropout1': 0.09117657086068866, 'dropout2': 0.19734367362923283}. Best is trial 0 with value: 0.0.
[I 2025-05-03 22:38:24,401] Trial 3 finished with value: 0.0 and parameters: {'n_blocks': 3, 'd_block': 256, 'd_hidden': 2, 'd_hidden_multiplier': 3.79254328890226, 'dropout1': 0.26419626871855934, 'dropout2': 0.2440061572254157}. Best is trial 0 with value: 0.0.
[I 2025-05-03 22:38:24,705] Trial 4 finished with value: 0.0 and parameters: {'n_blocks': 4, 'd_block': 256, 'd_hidden': 4, 'd_hidden_multiplier': 1.6766116389752552, 'dropout1': 0.07189370509527171, 'dropout2': 0.04088082721233387}. Best is trial 0 with value: 0.0.
Traceback (most recent call last):
  File "train.py", line 1192, in <module>
    main(arguments)
  File "train.py", line 1063, in main
    agg_scorer, avg_train_time, avg_test_time = nested_cross_validation(
  File "train.py", line 705, in nested_cross_validation
    best_hp_idx = best_loss_dict.index(min(best_loss_dict))
ValueError: min() arg is an empty sequence
srun: error: stud-000: task 0: Exited with exit code 1
