[I 2025-05-04 20:30:18,031] A new study created in memory with name: ResMLP_MIP_outer1
/home/mburu/Master_Thesis/master-thesis-da/DNN_Trial/models/rtdl_models.py:157: UserWarning: To copy construct from a tensor, it is recommended to use sourceTensor.clone().detach() or sourceTensor.clone().detach().requires_grad_(True), rather than torch.tensor(sourceTensor).
  X = torch.tensor(X, dtype=torch.float32).to(self.device)
/home/mburu/Master_Thesis/master-thesis-da/DNN_Trial/models/rtdl_models.py:147: UserWarning: To copy construct from a tensor, it is recommended to use sourceTensor.clone().detach() or sourceTensor.clone().detach().requires_grad_(True), rather than torch.tensor(sourceTensor).
  X = torch.tensor(X, dtype=torch.float32).to(self.device)
/home/mburu/Master_Thesis/master-thesis-da/DNN_Trial/models/rtdl_models.py:157: UserWarning: To copy construct from a tensor, it is recommended to use sourceTensor.clone().detach() or sourceTensor.clone().detach().requires_grad_(True), rather than torch.tensor(sourceTensor).
  X = torch.tensor(X, dtype=torch.float32).to(self.device)
/home/mburu/Master_Thesis/master-thesis-da/DNN_Trial/models/rtdl_models.py:147: UserWarning: To copy construct from a tensor, it is recommended to use sourceTensor.clone().detach() or sourceTensor.clone().detach().requires_grad_(True), rather than torch.tensor(sourceTensor).
  X = torch.tensor(X, dtype=torch.float32).to(self.device)
/home/mburu/Master_Thesis/master-thesis-da/DNN_Trial/models/rtdl_models.py:157: UserWarning: To copy construct from a tensor, it is recommended to use sourceTensor.clone().detach() or sourceTensor.clone().detach().requires_grad_(True), rather than torch.tensor(sourceTensor).
  X = torch.tensor(X, dtype=torch.float32).to(self.device)
/home/mburu/Master_Thesis/master-thesis-da/DNN_Trial/models/rtdl_models.py:147: UserWarning: To copy construct from a tensor, it is recommended to use sourceTensor.clone().detach() or sourceTensor.clone().detach().requires_grad_(True), rather than torch.tensor(sourceTensor).
  X = torch.tensor(X, dtype=torch.float32).to(self.device)
/home/mburu/Master_Thesis/master-thesis-da/DNN_Trial/models/rtdl_models.py:157: UserWarning: To copy construct from a tensor, it is recommended to use sourceTensor.clone().detach() or sourceTensor.clone().detach().requires_grad_(True), rather than torch.tensor(sourceTensor).
  X = torch.tensor(X, dtype=torch.float32).to(self.device)
/home/mburu/Master_Thesis/master-thesis-da/DNN_Trial/models/rtdl_models.py:147: UserWarning: To copy construct from a tensor, it is recommended to use sourceTensor.clone().detach() or sourceTensor.clone().detach().requires_grad_(True), rather than torch.tensor(sourceTensor).
  X = torch.tensor(X, dtype=torch.float32).to(self.device)
/home/mburu/Master_Thesis/master-thesis-da/DNN_Trial/models/rtdl_models.py:157: UserWarning: To copy construct from a tensor, it is recommended to use sourceTensor.clone().detach() or sourceTensor.clone().detach().requires_grad_(True), rather than torch.tensor(sourceTensor).
  X = torch.tensor(X, dtype=torch.float32).to(self.device)
/home/mburu/Master_Thesis/master-thesis-da/DNN_Trial/models/rtdl_models.py:147: UserWarning: To copy construct from a tensor, it is recommended to use sourceTensor.clone().detach() or sourceTensor.clone().detach().requires_grad_(True), rather than torch.tensor(sourceTensor).
  X = torch.tensor(X, dtype=torch.float32).to(self.device)
[I 2025-05-04 20:30:21,733] Trial 0 finished with value: 4.624612066666667 and parameters: {'n_blocks': 6, 'd_block': 128, 'd_hidden': 10, 'd_hidden_multiplier': 1.070325647386901, 'dropout1': 0.21341902379493882, 'dropout2': 0.049279492947485196}. Best is trial 0 with value: 4.624612066666667.
/home/mburu/Master_Thesis/master-thesis-da/DNN_Trial/models/rtdl_models.py:157: UserWarning: To copy construct from a tensor, it is recommended to use sourceTensor.clone().detach() or sourceTensor.clone().detach().requires_grad_(True), rather than torch.tensor(sourceTensor).
  X = torch.tensor(X, dtype=torch.float32).to(self.device)
/home/mburu/Master_Thesis/master-thesis-da/DNN_Trial/models/rtdl_models.py:147: UserWarning: To copy construct from a tensor, it is recommended to use sourceTensor.clone().detach() or sourceTensor.clone().detach().requires_grad_(True), rather than torch.tensor(sourceTensor).
  X = torch.tensor(X, dtype=torch.float32).to(self.device)
/home/mburu/Master_Thesis/master-thesis-da/DNN_Trial/models/rtdl_models.py:157: UserWarning: To copy construct from a tensor, it is recommended to use sourceTensor.clone().detach() or sourceTensor.clone().detach().requires_grad_(True), rather than torch.tensor(sourceTensor).
  X = torch.tensor(X, dtype=torch.float32).to(self.device)
/home/mburu/Master_Thesis/master-thesis-da/DNN_Trial/models/rtdl_models.py:147: UserWarning: To copy construct from a tensor, it is recommended to use sourceTensor.clone().detach() or sourceTensor.clone().detach().requires_grad_(True), rather than torch.tensor(sourceTensor).
  X = torch.tensor(X, dtype=torch.float32).to(self.device)
/home/mburu/Master_Thesis/master-thesis-da/DNN_Trial/models/rtdl_models.py:157: UserWarning: To copy construct from a tensor, it is recommended to use sourceTensor.clone().detach() or sourceTensor.clone().detach().requires_grad_(True), rather than torch.tensor(sourceTensor).
  X = torch.tensor(X, dtype=torch.float32).to(self.device)
/home/mburu/Master_Thesis/master-thesis-da/DNN_Trial/models/rtdl_models.py:147: UserWarning: To copy construct from a tensor, it is recommended to use sourceTensor.clone().detach() or sourceTensor.clone().detach().requires_grad_(True), rather than torch.tensor(sourceTensor).
  X = torch.tensor(X, dtype=torch.float32).to(self.device)
/home/mburu/Master_Thesis/master-thesis-da/DNN_Trial/models/rtdl_models.py:157: UserWarning: To copy construct from a tensor, it is recommended to use sourceTensor.clone().detach() or sourceTensor.clone().detach().requires_grad_(True), rather than torch.tensor(sourceTensor).
  X = torch.tensor(X, dtype=torch.float32).to(self.device)
/home/mburu/Master_Thesis/master-thesis-da/DNN_Trial/models/rtdl_models.py:147: UserWarning: To copy construct from a tensor, it is recommended to use sourceTensor.clone().detach() or sourceTensor.clone().detach().requires_grad_(True), rather than torch.tensor(sourceTensor).
  X = torch.tensor(X, dtype=torch.float32).to(self.device)
/home/mburu/Master_Thesis/master-thesis-da/DNN_Trial/models/rtdl_models.py:157: UserWarning: To copy construct from a tensor, it is recommended to use sourceTensor.clone().detach() or sourceTensor.clone().detach().requires_grad_(True), rather than torch.tensor(sourceTensor).
  X = torch.tensor(X, dtype=torch.float32).to(self.device)
/home/mburu/Master_Thesis/master-thesis-da/DNN_Trial/models/rtdl_models.py:147: UserWarning: To copy construct from a tensor, it is recommended to use sourceTensor.clone().detach() or sourceTensor.clone().detach().requires_grad_(True), rather than torch.tensor(sourceTensor).
  X = torch.tensor(X, dtype=torch.float32).to(self.device)
[I 2025-05-04 20:30:24,072] Trial 1 finished with value: 4.608691200000001 and parameters: {'n_blocks': 3, 'd_block': 256, 'd_hidden': 7, 'd_hidden_multiplier': 1.249051760637675, 'dropout1': 0.058734480102919914, 'dropout2': 0.11229579978975744}. Best is trial 1 with value: 4.608691200000001.
/home/mburu/Master_Thesis/master-thesis-da/DNN_Trial/models/rtdl_models.py:157: UserWarning: To copy construct from a tensor, it is recommended to use sourceTensor.clone().detach() or sourceTensor.clone().detach().requires_grad_(True), rather than torch.tensor(sourceTensor).
  X = torch.tensor(X, dtype=torch.float32).to(self.device)
/home/mburu/Master_Thesis/master-thesis-da/DNN_Trial/models/rtdl_models.py:147: UserWarning: To copy construct from a tensor, it is recommended to use sourceTensor.clone().detach() or sourceTensor.clone().detach().requires_grad_(True), rather than torch.tensor(sourceTensor).
  X = torch.tensor(X, dtype=torch.float32).to(self.device)
/home/mburu/Master_Thesis/master-thesis-da/DNN_Trial/models/rtdl_models.py:157: UserWarning: To copy construct from a tensor, it is recommended to use sourceTensor.clone().detach() or sourceTensor.clone().detach().requires_grad_(True), rather than torch.tensor(sourceTensor).
  X = torch.tensor(X, dtype=torch.float32).to(self.device)
/home/mburu/Master_Thesis/master-thesis-da/DNN_Trial/models/rtdl_models.py:147: UserWarning: To copy construct from a tensor, it is recommended to use sourceTensor.clone().detach() or sourceTensor.clone().detach().requires_grad_(True), rather than torch.tensor(sourceTensor).
  X = torch.tensor(X, dtype=torch.float32).to(self.device)
/home/mburu/Master_Thesis/master-thesis-da/DNN_Trial/models/rtdl_models.py:157: UserWarning: To copy construct from a tensor, it is recommended to use sourceTensor.clone().detach() or sourceTensor.clone().detach().requires_grad_(True), rather than torch.tensor(sourceTensor).
  X = torch.tensor(X, dtype=torch.float32).to(self.device)
/home/mburu/Master_Thesis/master-thesis-da/DNN_Trial/models/rtdl_models.py:147: UserWarning: To copy construct from a tensor, it is recommended to use sourceTensor.clone().detach() or sourceTensor.clone().detach().requires_grad_(True), rather than torch.tensor(sourceTensor).
  X = torch.tensor(X, dtype=torch.float32).to(self.device)
/home/mburu/Master_Thesis/master-thesis-da/DNN_Trial/models/rtdl_models.py:157: UserWarning: To copy construct from a tensor, it is recommended to use sourceTensor.clone().detach() or sourceTensor.clone().detach().requires_grad_(True), rather than torch.tensor(sourceTensor).
  X = torch.tensor(X, dtype=torch.float32).to(self.device)
/home/mburu/Master_Thesis/master-thesis-da/DNN_Trial/models/rtdl_models.py:147: UserWarning: To copy construct from a tensor, it is recommended to use sourceTensor.clone().detach() or sourceTensor.clone().detach().requires_grad_(True), rather than torch.tensor(sourceTensor).
  X = torch.tensor(X, dtype=torch.float32).to(self.device)
/home/mburu/Master_Thesis/master-thesis-da/DNN_Trial/models/rtdl_models.py:157: UserWarning: To copy construct from a tensor, it is recommended to use sourceTensor.clone().detach() or sourceTensor.clone().detach().requires_grad_(True), rather than torch.tensor(sourceTensor).
  X = torch.tensor(X, dtype=torch.float32).to(self.device)
/home/mburu/Master_Thesis/master-thesis-da/DNN_Trial/models/rtdl_models.py:147: UserWarning: To copy construct from a tensor, it is recommended to use sourceTensor.clone().detach() or sourceTensor.clone().detach().requires_grad_(True), rather than torch.tensor(sourceTensor).
  X = torch.tensor(X, dtype=torch.float32).to(self.device)
[I 2025-05-04 20:30:26,456] Trial 2 finished with value: 4.6603490333333335 and parameters: {'n_blocks': 4, 'd_block': 64, 'd_hidden': 10, 'd_hidden_multiplier': 4.6930419735890405, 'dropout1': 0.37068836543366773, 'dropout2': 0.28262451792814547}. Best is trial 1 with value: 4.608691200000001.
/home/mburu/Master_Thesis/master-thesis-da/DNN_Trial/models/rtdl_models.py:157: UserWarning: To copy construct from a tensor, it is recommended to use sourceTensor.clone().detach() or sourceTensor.clone().detach().requires_grad_(True), rather than torch.tensor(sourceTensor).
  X = torch.tensor(X, dtype=torch.float32).to(self.device)
/home/mburu/Master_Thesis/master-thesis-da/DNN_Trial/models/rtdl_models.py:147: UserWarning: To copy construct from a tensor, it is recommended to use sourceTensor.clone().detach() or sourceTensor.clone().detach().requires_grad_(True), rather than torch.tensor(sourceTensor).
  X = torch.tensor(X, dtype=torch.float32).to(self.device)
/home/mburu/Master_Thesis/master-thesis-da/DNN_Trial/models/rtdl_models.py:157: UserWarning: To copy construct from a tensor, it is recommended to use sourceTensor.clone().detach() or sourceTensor.clone().detach().requires_grad_(True), rather than torch.tensor(sourceTensor).
  X = torch.tensor(X, dtype=torch.float32).to(self.device)
/home/mburu/Master_Thesis/master-thesis-da/DNN_Trial/models/rtdl_models.py:147: UserWarning: To copy construct from a tensor, it is recommended to use sourceTensor.clone().detach() or sourceTensor.clone().detach().requires_grad_(True), rather than torch.tensor(sourceTensor).
  X = torch.tensor(X, dtype=torch.float32).to(self.device)
/home/mburu/Master_Thesis/master-thesis-da/DNN_Trial/models/rtdl_models.py:157: UserWarning: To copy construct from a tensor, it is recommended to use sourceTensor.clone().detach() or sourceTensor.clone().detach().requires_grad_(True), rather than torch.tensor(sourceTensor).
  X = torch.tensor(X, dtype=torch.float32).to(self.device)
/home/mburu/Master_Thesis/master-thesis-da/DNN_Trial/models/rtdl_models.py:147: UserWarning: To copy construct from a tensor, it is recommended to use sourceTensor.clone().detach() or sourceTensor.clone().detach().requires_grad_(True), rather than torch.tensor(sourceTensor).
  X = torch.tensor(X, dtype=torch.float32).to(self.device)
/home/mburu/Master_Thesis/master-thesis-da/DNN_Trial/models/rtdl_models.py:157: UserWarning: To copy construct from a tensor, it is recommended to use sourceTensor.clone().detach() or sourceTensor.clone().detach().requires_grad_(True), rather than torch.tensor(sourceTensor).
  X = torch.tensor(X, dtype=torch.float32).to(self.device)
/home/mburu/Master_Thesis/master-thesis-da/DNN_Trial/models/rtdl_models.py:147: UserWarning: To copy construct from a tensor, it is recommended to use sourceTensor.clone().detach() or sourceTensor.clone().detach().requires_grad_(True), rather than torch.tensor(sourceTensor).
  X = torch.tensor(X, dtype=torch.float32).to(self.device)
/home/mburu/Master_Thesis/master-thesis-da/DNN_Trial/models/rtdl_models.py:157: UserWarning: To copy construct from a tensor, it is recommended to use sourceTensor.clone().detach() or sourceTensor.clone().detach().requires_grad_(True), rather than torch.tensor(sourceTensor).
  X = torch.tensor(X, dtype=torch.float32).to(self.device)
/home/mburu/Master_Thesis/master-thesis-da/DNN_Trial/models/rtdl_models.py:147: UserWarning: To copy construct from a tensor, it is recommended to use sourceTensor.clone().detach() or sourceTensor.clone().detach().requires_grad_(True), rather than torch.tensor(sourceTensor).
  X = torch.tensor(X, dtype=torch.float32).to(self.device)
[I 2025-05-04 20:30:28,788] Trial 3 finished with value: 4.642773766666666 and parameters: {'n_blocks': 4, 'd_block': 64, 'd_hidden': 8, 'd_hidden_multiplier': 1.328586462638737, 'dropout1': 0.2820344702428452, 'dropout2': 0.17745642577676968}. Best is trial 1 with value: 4.608691200000001.
/home/mburu/Master_Thesis/master-thesis-da/DNN_Trial/models/rtdl_models.py:157: UserWarning: To copy construct from a tensor, it is recommended to use sourceTensor.clone().detach() or sourceTensor.clone().detach().requires_grad_(True), rather than torch.tensor(sourceTensor).
  X = torch.tensor(X, dtype=torch.float32).to(self.device)
/home/mburu/Master_Thesis/master-thesis-da/DNN_Trial/models/rtdl_models.py:147: UserWarning: To copy construct from a tensor, it is recommended to use sourceTensor.clone().detach() or sourceTensor.clone().detach().requires_grad_(True), rather than torch.tensor(sourceTensor).
  X = torch.tensor(X, dtype=torch.float32).to(self.device)
/home/mburu/Master_Thesis/master-thesis-da/DNN_Trial/models/rtdl_models.py:157: UserWarning: To copy construct from a tensor, it is recommended to use sourceTensor.clone().detach() or sourceTensor.clone().detach().requires_grad_(True), rather than torch.tensor(sourceTensor).
  X = torch.tensor(X, dtype=torch.float32).to(self.device)
/home/mburu/Master_Thesis/master-thesis-da/DNN_Trial/models/rtdl_models.py:147: UserWarning: To copy construct from a tensor, it is recommended to use sourceTensor.clone().detach() or sourceTensor.clone().detach().requires_grad_(True), rather than torch.tensor(sourceTensor).
  X = torch.tensor(X, dtype=torch.float32).to(self.device)
/home/mburu/Master_Thesis/master-thesis-da/DNN_Trial/models/rtdl_models.py:157: UserWarning: To copy construct from a tensor, it is recommended to use sourceTensor.clone().detach() or sourceTensor.clone().detach().requires_grad_(True), rather than torch.tensor(sourceTensor).
  X = torch.tensor(X, dtype=torch.float32).to(self.device)
/home/mburu/Master_Thesis/master-thesis-da/DNN_Trial/models/rtdl_models.py:147: UserWarning: To copy construct from a tensor, it is recommended to use sourceTensor.clone().detach() or sourceTensor.clone().detach().requires_grad_(True), rather than torch.tensor(sourceTensor).
  X = torch.tensor(X, dtype=torch.float32).to(self.device)
/home/mburu/Master_Thesis/master-thesis-da/DNN_Trial/models/rtdl_models.py:157: UserWarning: To copy construct from a tensor, it is recommended to use sourceTensor.clone().detach() or sourceTensor.clone().detach().requires_grad_(True), rather than torch.tensor(sourceTensor).
  X = torch.tensor(X, dtype=torch.float32).to(self.device)
/home/mburu/Master_Thesis/master-thesis-da/DNN_Trial/models/rtdl_models.py:147: UserWarning: To copy construct from a tensor, it is recommended to use sourceTensor.clone().detach() or sourceTensor.clone().detach().requires_grad_(True), rather than torch.tensor(sourceTensor).
  X = torch.tensor(X, dtype=torch.float32).to(self.device)
/home/mburu/Master_Thesis/master-thesis-da/DNN_Trial/models/rtdl_models.py:157: UserWarning: To copy construct from a tensor, it is recommended to use sourceTensor.clone().detach() or sourceTensor.clone().detach().requires_grad_(True), rather than torch.tensor(sourceTensor).
  X = torch.tensor(X, dtype=torch.float32).to(self.device)
/home/mburu/Master_Thesis/master-thesis-da/DNN_Trial/models/rtdl_models.py:147: UserWarning: To copy construct from a tensor, it is recommended to use sourceTensor.clone().detach() or sourceTensor.clone().detach().requires_grad_(True), rather than torch.tensor(sourceTensor).
  X = torch.tensor(X, dtype=torch.float32).to(self.device)
[I 2025-05-04 20:30:31,081] Trial 4 finished with value: 4.6717664 and parameters: {'n_blocks': 2, 'd_block': 64, 'd_hidden': 3, 'd_hidden_multiplier': 1.9553664305250134, 'dropout1': 0.4728065223888465, 'dropout2': 0.2741891260500568}. Best is trial 1 with value: 4.608691200000001.
/home/mburu/Master_Thesis/master-thesis-da/DNN_Trial/models/rtdl_models.py:157: UserWarning: To copy construct from a tensor, it is recommended to use sourceTensor.clone().detach() or sourceTensor.clone().detach().requires_grad_(True), rather than torch.tensor(sourceTensor).
  X = torch.tensor(X, dtype=torch.float32).to(self.device)
/home/mburu/Master_Thesis/master-thesis-da/DNN_Trial/models/rtdl_models.py:147: UserWarning: To copy construct from a tensor, it is recommended to use sourceTensor.clone().detach() or sourceTensor.clone().detach().requires_grad_(True), rather than torch.tensor(sourceTensor).
  X = torch.tensor(X, dtype=torch.float32).to(self.device)
[I 2025-05-04 20:30:31,821] A new study created in memory with name: ResMLP_MIP_outer2
/home/mburu/Master_Thesis/master-thesis-da/DNN_Trial/models/rtdl_models.py:157: UserWarning: To copy construct from a tensor, it is recommended to use sourceTensor.clone().detach() or sourceTensor.clone().detach().requires_grad_(True), rather than torch.tensor(sourceTensor).
  X = torch.tensor(X, dtype=torch.float32).to(self.device)
/home/mburu/Master_Thesis/master-thesis-da/DNN_Trial/models/rtdl_models.py:147: UserWarning: To copy construct from a tensor, it is recommended to use sourceTensor.clone().detach() or sourceTensor.clone().detach().requires_grad_(True), rather than torch.tensor(sourceTensor).
  X = torch.tensor(X, dtype=torch.float32).to(self.device)
/home/mburu/Master_Thesis/master-thesis-da/DNN_Trial/models/rtdl_models.py:157: UserWarning: To copy construct from a tensor, it is recommended to use sourceTensor.clone().detach() or sourceTensor.clone().detach().requires_grad_(True), rather than torch.tensor(sourceTensor).
  X = torch.tensor(X, dtype=torch.float32).to(self.device)
/home/mburu/Master_Thesis/master-thesis-da/DNN_Trial/models/rtdl_models.py:147: UserWarning: To copy construct from a tensor, it is recommended to use sourceTensor.clone().detach() or sourceTensor.clone().detach().requires_grad_(True), rather than torch.tensor(sourceTensor).
  X = torch.tensor(X, dtype=torch.float32).to(self.device)
/home/mburu/Master_Thesis/master-thesis-da/DNN_Trial/models/rtdl_models.py:157: UserWarning: To copy construct from a tensor, it is recommended to use sourceTensor.clone().detach() or sourceTensor.clone().detach().requires_grad_(True), rather than torch.tensor(sourceTensor).
  X = torch.tensor(X, dtype=torch.float32).to(self.device)
/home/mburu/Master_Thesis/master-thesis-da/DNN_Trial/models/rtdl_models.py:147: UserWarning: To copy construct from a tensor, it is recommended to use sourceTensor.clone().detach() or sourceTensor.clone().detach().requires_grad_(True), rather than torch.tensor(sourceTensor).
  X = torch.tensor(X, dtype=torch.float32).to(self.device)
/home/mburu/Master_Thesis/master-thesis-da/DNN_Trial/models/rtdl_models.py:157: UserWarning: To copy construct from a tensor, it is recommended to use sourceTensor.clone().detach() or sourceTensor.clone().detach().requires_grad_(True), rather than torch.tensor(sourceTensor).
  X = torch.tensor(X, dtype=torch.float32).to(self.device)
/home/mburu/Master_Thesis/master-thesis-da/DNN_Trial/models/rtdl_models.py:147: UserWarning: To copy construct from a tensor, it is recommended to use sourceTensor.clone().detach() or sourceTensor.clone().detach().requires_grad_(True), rather than torch.tensor(sourceTensor).
  X = torch.tensor(X, dtype=torch.float32).to(self.device)
/home/mburu/Master_Thesis/master-thesis-da/DNN_Trial/models/rtdl_models.py:157: UserWarning: To copy construct from a tensor, it is recommended to use sourceTensor.clone().detach() or sourceTensor.clone().detach().requires_grad_(True), rather than torch.tensor(sourceTensor).
  X = torch.tensor(X, dtype=torch.float32).to(self.device)
/home/mburu/Master_Thesis/master-thesis-da/DNN_Trial/models/rtdl_models.py:147: UserWarning: To copy construct from a tensor, it is recommended to use sourceTensor.clone().detach() or sourceTensor.clone().detach().requires_grad_(True), rather than torch.tensor(sourceTensor).
  X = torch.tensor(X, dtype=torch.float32).to(self.device)
[I 2025-05-04 20:30:33,856] Trial 0 finished with value: 4.147733833333334 and parameters: {'n_blocks': 2, 'd_block': 256, 'd_hidden': 2, 'd_hidden_multiplier': 3.5799030666945253, 'dropout1': 0.3835470121859394, 'dropout2': 0.2570747198326604}. Best is trial 0 with value: 4.147733833333334.
/home/mburu/Master_Thesis/master-thesis-da/DNN_Trial/models/rtdl_models.py:157: UserWarning: To copy construct from a tensor, it is recommended to use sourceTensor.clone().detach() or sourceTensor.clone().detach().requires_grad_(True), rather than torch.tensor(sourceTensor).
  X = torch.tensor(X, dtype=torch.float32).to(self.device)
/home/mburu/Master_Thesis/master-thesis-da/DNN_Trial/models/rtdl_models.py:147: UserWarning: To copy construct from a tensor, it is recommended to use sourceTensor.clone().detach() or sourceTensor.clone().detach().requires_grad_(True), rather than torch.tensor(sourceTensor).
  X = torch.tensor(X, dtype=torch.float32).to(self.device)
/home/mburu/Master_Thesis/master-thesis-da/DNN_Trial/models/rtdl_models.py:157: UserWarning: To copy construct from a tensor, it is recommended to use sourceTensor.clone().detach() or sourceTensor.clone().detach().requires_grad_(True), rather than torch.tensor(sourceTensor).
  X = torch.tensor(X, dtype=torch.float32).to(self.device)
/home/mburu/Master_Thesis/master-thesis-da/DNN_Trial/models/rtdl_models.py:147: UserWarning: To copy construct from a tensor, it is recommended to use sourceTensor.clone().detach() or sourceTensor.clone().detach().requires_grad_(True), rather than torch.tensor(sourceTensor).
  X = torch.tensor(X, dtype=torch.float32).to(self.device)
/home/mburu/Master_Thesis/master-thesis-da/DNN_Trial/models/rtdl_models.py:157: UserWarning: To copy construct from a tensor, it is recommended to use sourceTensor.clone().detach() or sourceTensor.clone().detach().requires_grad_(True), rather than torch.tensor(sourceTensor).
  X = torch.tensor(X, dtype=torch.float32).to(self.device)
/home/mburu/Master_Thesis/master-thesis-da/DNN_Trial/models/rtdl_models.py:147: UserWarning: To copy construct from a tensor, it is recommended to use sourceTensor.clone().detach() or sourceTensor.clone().detach().requires_grad_(True), rather than torch.tensor(sourceTensor).
  X = torch.tensor(X, dtype=torch.float32).to(self.device)
/home/mburu/Master_Thesis/master-thesis-da/DNN_Trial/models/rtdl_models.py:157: UserWarning: To copy construct from a tensor, it is recommended to use sourceTensor.clone().detach() or sourceTensor.clone().detach().requires_grad_(True), rather than torch.tensor(sourceTensor).
  X = torch.tensor(X, dtype=torch.float32).to(self.device)
/home/mburu/Master_Thesis/master-thesis-da/DNN_Trial/models/rtdl_models.py:147: UserWarning: To copy construct from a tensor, it is recommended to use sourceTensor.clone().detach() or sourceTensor.clone().detach().requires_grad_(True), rather than torch.tensor(sourceTensor).
  X = torch.tensor(X, dtype=torch.float32).to(self.device)
/home/mburu/Master_Thesis/master-thesis-da/DNN_Trial/models/rtdl_models.py:157: UserWarning: To copy construct from a tensor, it is recommended to use sourceTensor.clone().detach() or sourceTensor.clone().detach().requires_grad_(True), rather than torch.tensor(sourceTensor).
  X = torch.tensor(X, dtype=torch.float32).to(self.device)
/home/mburu/Master_Thesis/master-thesis-da/DNN_Trial/models/rtdl_models.py:147: UserWarning: To copy construct from a tensor, it is recommended to use sourceTensor.clone().detach() or sourceTensor.clone().detach().requires_grad_(True), rather than torch.tensor(sourceTensor).
  X = torch.tensor(X, dtype=torch.float32).to(self.device)
[I 2025-05-04 20:30:35,751] Trial 1 finished with value: 4.408106299999999 and parameters: {'n_blocks': 6, 'd_block': 64, 'd_hidden': 10, 'd_hidden_multiplier': 1.3020833346566043, 'dropout1': 0.2780097966895612, 'dropout2': 0.017916826625623782}. Best is trial 0 with value: 4.147733833333334.
/home/mburu/Master_Thesis/master-thesis-da/DNN_Trial/models/rtdl_models.py:157: UserWarning: To copy construct from a tensor, it is recommended to use sourceTensor.clone().detach() or sourceTensor.clone().detach().requires_grad_(True), rather than torch.tensor(sourceTensor).
  X = torch.tensor(X, dtype=torch.float32).to(self.device)
/home/mburu/Master_Thesis/master-thesis-da/DNN_Trial/models/rtdl_models.py:147: UserWarning: To copy construct from a tensor, it is recommended to use sourceTensor.clone().detach() or sourceTensor.clone().detach().requires_grad_(True), rather than torch.tensor(sourceTensor).
  X = torch.tensor(X, dtype=torch.float32).to(self.device)
/home/mburu/Master_Thesis/master-thesis-da/DNN_Trial/models/rtdl_models.py:157: UserWarning: To copy construct from a tensor, it is recommended to use sourceTensor.clone().detach() or sourceTensor.clone().detach().requires_grad_(True), rather than torch.tensor(sourceTensor).
  X = torch.tensor(X, dtype=torch.float32).to(self.device)
/home/mburu/Master_Thesis/master-thesis-da/DNN_Trial/models/rtdl_models.py:147: UserWarning: To copy construct from a tensor, it is recommended to use sourceTensor.clone().detach() or sourceTensor.clone().detach().requires_grad_(True), rather than torch.tensor(sourceTensor).
  X = torch.tensor(X, dtype=torch.float32).to(self.device)
/home/mburu/Master_Thesis/master-thesis-da/DNN_Trial/models/rtdl_models.py:157: UserWarning: To copy construct from a tensor, it is recommended to use sourceTensor.clone().detach() or sourceTensor.clone().detach().requires_grad_(True), rather than torch.tensor(sourceTensor).
  X = torch.tensor(X, dtype=torch.float32).to(self.device)
/home/mburu/Master_Thesis/master-thesis-da/DNN_Trial/models/rtdl_models.py:147: UserWarning: To copy construct from a tensor, it is recommended to use sourceTensor.clone().detach() or sourceTensor.clone().detach().requires_grad_(True), rather than torch.tensor(sourceTensor).
  X = torch.tensor(X, dtype=torch.float32).to(self.device)
/home/mburu/Master_Thesis/master-thesis-da/DNN_Trial/models/rtdl_models.py:157: UserWarning: To copy construct from a tensor, it is recommended to use sourceTensor.clone().detach() or sourceTensor.clone().detach().requires_grad_(True), rather than torch.tensor(sourceTensor).
  X = torch.tensor(X, dtype=torch.float32).to(self.device)
/home/mburu/Master_Thesis/master-thesis-da/DNN_Trial/models/rtdl_models.py:147: UserWarning: To copy construct from a tensor, it is recommended to use sourceTensor.clone().detach() or sourceTensor.clone().detach().requires_grad_(True), rather than torch.tensor(sourceTensor).
  X = torch.tensor(X, dtype=torch.float32).to(self.device)
/home/mburu/Master_Thesis/master-thesis-da/DNN_Trial/models/rtdl_models.py:157: UserWarning: To copy construct from a tensor, it is recommended to use sourceTensor.clone().detach() or sourceTensor.clone().detach().requires_grad_(True), rather than torch.tensor(sourceTensor).
  X = torch.tensor(X, dtype=torch.float32).to(self.device)
/home/mburu/Master_Thesis/master-thesis-da/DNN_Trial/models/rtdl_models.py:147: UserWarning: To copy construct from a tensor, it is recommended to use sourceTensor.clone().detach() or sourceTensor.clone().detach().requires_grad_(True), rather than torch.tensor(sourceTensor).
  X = torch.tensor(X, dtype=torch.float32).to(self.device)
[I 2025-05-04 20:30:37,801] Trial 2 finished with value: 4.3312303 and parameters: {'n_blocks': 5, 'd_block': 64, 'd_hidden': 2, 'd_hidden_multiplier': 3.747787195998078, 'dropout1': 0.3484801748588053, 'dropout2': 0.19518600933066002}. Best is trial 0 with value: 4.147733833333334.
/home/mburu/Master_Thesis/master-thesis-da/DNN_Trial/models/rtdl_models.py:157: UserWarning: To copy construct from a tensor, it is recommended to use sourceTensor.clone().detach() or sourceTensor.clone().detach().requires_grad_(True), rather than torch.tensor(sourceTensor).
  X = torch.tensor(X, dtype=torch.float32).to(self.device)
/home/mburu/Master_Thesis/master-thesis-da/DNN_Trial/models/rtdl_models.py:147: UserWarning: To copy construct from a tensor, it is recommended to use sourceTensor.clone().detach() or sourceTensor.clone().detach().requires_grad_(True), rather than torch.tensor(sourceTensor).
  X = torch.tensor(X, dtype=torch.float32).to(self.device)
/home/mburu/Master_Thesis/master-thesis-da/DNN_Trial/models/rtdl_models.py:157: UserWarning: To copy construct from a tensor, it is recommended to use sourceTensor.clone().detach() or sourceTensor.clone().detach().requires_grad_(True), rather than torch.tensor(sourceTensor).
  X = torch.tensor(X, dtype=torch.float32).to(self.device)
/home/mburu/Master_Thesis/master-thesis-da/DNN_Trial/models/rtdl_models.py:147: UserWarning: To copy construct from a tensor, it is recommended to use sourceTensor.clone().detach() or sourceTensor.clone().detach().requires_grad_(True), rather than torch.tensor(sourceTensor).
  X = torch.tensor(X, dtype=torch.float32).to(self.device)
/home/mburu/Master_Thesis/master-thesis-da/DNN_Trial/models/rtdl_models.py:157: UserWarning: To copy construct from a tensor, it is recommended to use sourceTensor.clone().detach() or sourceTensor.clone().detach().requires_grad_(True), rather than torch.tensor(sourceTensor).
  X = torch.tensor(X, dtype=torch.float32).to(self.device)
/home/mburu/Master_Thesis/master-thesis-da/DNN_Trial/models/rtdl_models.py:147: UserWarning: To copy construct from a tensor, it is recommended to use sourceTensor.clone().detach() or sourceTensor.clone().detach().requires_grad_(True), rather than torch.tensor(sourceTensor).
  X = torch.tensor(X, dtype=torch.float32).to(self.device)
/home/mburu/Master_Thesis/master-thesis-da/DNN_Trial/models/rtdl_models.py:157: UserWarning: To copy construct from a tensor, it is recommended to use sourceTensor.clone().detach() or sourceTensor.clone().detach().requires_grad_(True), rather than torch.tensor(sourceTensor).
  X = torch.tensor(X, dtype=torch.float32).to(self.device)
/home/mburu/Master_Thesis/master-thesis-da/DNN_Trial/models/rtdl_models.py:147: UserWarning: To copy construct from a tensor, it is recommended to use sourceTensor.clone().detach() or sourceTensor.clone().detach().requires_grad_(True), rather than torch.tensor(sourceTensor).
  X = torch.tensor(X, dtype=torch.float32).to(self.device)
/home/mburu/Master_Thesis/master-thesis-da/DNN_Trial/models/rtdl_models.py:157: UserWarning: To copy construct from a tensor, it is recommended to use sourceTensor.clone().detach() or sourceTensor.clone().detach().requires_grad_(True), rather than torch.tensor(sourceTensor).
  X = torch.tensor(X, dtype=torch.float32).to(self.device)
/home/mburu/Master_Thesis/master-thesis-da/DNN_Trial/models/rtdl_models.py:147: UserWarning: To copy construct from a tensor, it is recommended to use sourceTensor.clone().detach() or sourceTensor.clone().detach().requires_grad_(True), rather than torch.tensor(sourceTensor).
  X = torch.tensor(X, dtype=torch.float32).to(self.device)
[I 2025-05-04 20:30:39,861] Trial 3 finished with value: 4.289767066666666 and parameters: {'n_blocks': 4, 'd_block': 256, 'd_hidden': 6, 'd_hidden_multiplier': 2.9458185137669237, 'dropout1': 0.06961659105935024, 'dropout2': 0.2108018526571214}. Best is trial 0 with value: 4.147733833333334.
/home/mburu/Master_Thesis/master-thesis-da/DNN_Trial/models/rtdl_models.py:157: UserWarning: To copy construct from a tensor, it is recommended to use sourceTensor.clone().detach() or sourceTensor.clone().detach().requires_grad_(True), rather than torch.tensor(sourceTensor).
  X = torch.tensor(X, dtype=torch.float32).to(self.device)
/home/mburu/Master_Thesis/master-thesis-da/DNN_Trial/models/rtdl_models.py:147: UserWarning: To copy construct from a tensor, it is recommended to use sourceTensor.clone().detach() or sourceTensor.clone().detach().requires_grad_(True), rather than torch.tensor(sourceTensor).
  X = torch.tensor(X, dtype=torch.float32).to(self.device)
/home/mburu/Master_Thesis/master-thesis-da/DNN_Trial/models/rtdl_models.py:157: UserWarning: To copy construct from a tensor, it is recommended to use sourceTensor.clone().detach() or sourceTensor.clone().detach().requires_grad_(True), rather than torch.tensor(sourceTensor).
  X = torch.tensor(X, dtype=torch.float32).to(self.device)
/home/mburu/Master_Thesis/master-thesis-da/DNN_Trial/models/rtdl_models.py:147: UserWarning: To copy construct from a tensor, it is recommended to use sourceTensor.clone().detach() or sourceTensor.clone().detach().requires_grad_(True), rather than torch.tensor(sourceTensor).
  X = torch.tensor(X, dtype=torch.float32).to(self.device)
/home/mburu/Master_Thesis/master-thesis-da/DNN_Trial/models/rtdl_models.py:157: UserWarning: To copy construct from a tensor, it is recommended to use sourceTensor.clone().detach() or sourceTensor.clone().detach().requires_grad_(True), rather than torch.tensor(sourceTensor).
  X = torch.tensor(X, dtype=torch.float32).to(self.device)
/home/mburu/Master_Thesis/master-thesis-da/DNN_Trial/models/rtdl_models.py:147: UserWarning: To copy construct from a tensor, it is recommended to use sourceTensor.clone().detach() or sourceTensor.clone().detach().requires_grad_(True), rather than torch.tensor(sourceTensor).
  X = torch.tensor(X, dtype=torch.float32).to(self.device)
/home/mburu/Master_Thesis/master-thesis-da/DNN_Trial/models/rtdl_models.py:157: UserWarning: To copy construct from a tensor, it is recommended to use sourceTensor.clone().detach() or sourceTensor.clone().detach().requires_grad_(True), rather than torch.tensor(sourceTensor).
  X = torch.tensor(X, dtype=torch.float32).to(self.device)
/home/mburu/Master_Thesis/master-thesis-da/DNN_Trial/models/rtdl_models.py:147: UserWarning: To copy construct from a tensor, it is recommended to use sourceTensor.clone().detach() or sourceTensor.clone().detach().requires_grad_(True), rather than torch.tensor(sourceTensor).
  X = torch.tensor(X, dtype=torch.float32).to(self.device)
/home/mburu/Master_Thesis/master-thesis-da/DNN_Trial/models/rtdl_models.py:157: UserWarning: To copy construct from a tensor, it is recommended to use sourceTensor.clone().detach() or sourceTensor.clone().detach().requires_grad_(True), rather than torch.tensor(sourceTensor).
  X = torch.tensor(X, dtype=torch.float32).to(self.device)
/home/mburu/Master_Thesis/master-thesis-da/DNN_Trial/models/rtdl_models.py:147: UserWarning: To copy construct from a tensor, it is recommended to use sourceTensor.clone().detach() or sourceTensor.clone().detach().requires_grad_(True), rather than torch.tensor(sourceTensor).
  X = torch.tensor(X, dtype=torch.float32).to(self.device)
[I 2025-05-04 20:30:41,803] Trial 4 finished with value: 4.394478733333333 and parameters: {'n_blocks': 2, 'd_block': 64, 'd_hidden': 6, 'd_hidden_multiplier': 1.989452363704236, 'dropout1': 0.3561229554238855, 'dropout2': 0.28387851399711345}. Best is trial 0 with value: 4.147733833333334.
/home/mburu/Master_Thesis/master-thesis-da/DNN_Trial/models/rtdl_models.py:157: UserWarning: To copy construct from a tensor, it is recommended to use sourceTensor.clone().detach() or sourceTensor.clone().detach().requires_grad_(True), rather than torch.tensor(sourceTensor).
  X = torch.tensor(X, dtype=torch.float32).to(self.device)
/home/mburu/Master_Thesis/master-thesis-da/DNN_Trial/models/rtdl_models.py:147: UserWarning: To copy construct from a tensor, it is recommended to use sourceTensor.clone().detach() or sourceTensor.clone().detach().requires_grad_(True), rather than torch.tensor(sourceTensor).
  X = torch.tensor(X, dtype=torch.float32).to(self.device)
[I 2025-05-04 20:30:42,377] A new study created in memory with name: ResMLP_MIP_outer3
/home/mburu/Master_Thesis/master-thesis-da/DNN_Trial/models/rtdl_models.py:157: UserWarning: To copy construct from a tensor, it is recommended to use sourceTensor.clone().detach() or sourceTensor.clone().detach().requires_grad_(True), rather than torch.tensor(sourceTensor).
  X = torch.tensor(X, dtype=torch.float32).to(self.device)
/home/mburu/Master_Thesis/master-thesis-da/DNN_Trial/models/rtdl_models.py:147: UserWarning: To copy construct from a tensor, it is recommended to use sourceTensor.clone().detach() or sourceTensor.clone().detach().requires_grad_(True), rather than torch.tensor(sourceTensor).
  X = torch.tensor(X, dtype=torch.float32).to(self.device)
/home/mburu/Master_Thesis/master-thesis-da/DNN_Trial/models/rtdl_models.py:157: UserWarning: To copy construct from a tensor, it is recommended to use sourceTensor.clone().detach() or sourceTensor.clone().detach().requires_grad_(True), rather than torch.tensor(sourceTensor).
  X = torch.tensor(X, dtype=torch.float32).to(self.device)
/home/mburu/Master_Thesis/master-thesis-da/DNN_Trial/models/rtdl_models.py:147: UserWarning: To copy construct from a tensor, it is recommended to use sourceTensor.clone().detach() or sourceTensor.clone().detach().requires_grad_(True), rather than torch.tensor(sourceTensor).
  X = torch.tensor(X, dtype=torch.float32).to(self.device)
/home/mburu/Master_Thesis/master-thesis-da/DNN_Trial/models/rtdl_models.py:157: UserWarning: To copy construct from a tensor, it is recommended to use sourceTensor.clone().detach() or sourceTensor.clone().detach().requires_grad_(True), rather than torch.tensor(sourceTensor).
  X = torch.tensor(X, dtype=torch.float32).to(self.device)
/home/mburu/Master_Thesis/master-thesis-da/DNN_Trial/models/rtdl_models.py:147: UserWarning: To copy construct from a tensor, it is recommended to use sourceTensor.clone().detach() or sourceTensor.clone().detach().requires_grad_(True), rather than torch.tensor(sourceTensor).
  X = torch.tensor(X, dtype=torch.float32).to(self.device)
/home/mburu/Master_Thesis/master-thesis-da/DNN_Trial/models/rtdl_models.py:157: UserWarning: To copy construct from a tensor, it is recommended to use sourceTensor.clone().detach() or sourceTensor.clone().detach().requires_grad_(True), rather than torch.tensor(sourceTensor).
  X = torch.tensor(X, dtype=torch.float32).to(self.device)
/home/mburu/Master_Thesis/master-thesis-da/DNN_Trial/models/rtdl_models.py:147: UserWarning: To copy construct from a tensor, it is recommended to use sourceTensor.clone().detach() or sourceTensor.clone().detach().requires_grad_(True), rather than torch.tensor(sourceTensor).
  X = torch.tensor(X, dtype=torch.float32).to(self.device)
/home/mburu/Master_Thesis/master-thesis-da/DNN_Trial/models/rtdl_models.py:157: UserWarning: To copy construct from a tensor, it is recommended to use sourceTensor.clone().detach() or sourceTensor.clone().detach().requires_grad_(True), rather than torch.tensor(sourceTensor).
  X = torch.tensor(X, dtype=torch.float32).to(self.device)
/home/mburu/Master_Thesis/master-thesis-da/DNN_Trial/models/rtdl_models.py:147: UserWarning: To copy construct from a tensor, it is recommended to use sourceTensor.clone().detach() or sourceTensor.clone().detach().requires_grad_(True), rather than torch.tensor(sourceTensor).
  X = torch.tensor(X, dtype=torch.float32).to(self.device)
[I 2025-05-04 20:30:44,391] Trial 0 finished with value: 4.5202361333333325 and parameters: {'n_blocks': 2, 'd_block': 64, 'd_hidden': 6, 'd_hidden_multiplier': 1.8920997571879308, 'dropout1': 0.21584074010583898, 'dropout2': 0.03545365628723323}. Best is trial 0 with value: 4.5202361333333325.
/home/mburu/Master_Thesis/master-thesis-da/DNN_Trial/models/rtdl_models.py:157: UserWarning: To copy construct from a tensor, it is recommended to use sourceTensor.clone().detach() or sourceTensor.clone().detach().requires_grad_(True), rather than torch.tensor(sourceTensor).
  X = torch.tensor(X, dtype=torch.float32).to(self.device)
/home/mburu/Master_Thesis/master-thesis-da/DNN_Trial/models/rtdl_models.py:147: UserWarning: To copy construct from a tensor, it is recommended to use sourceTensor.clone().detach() or sourceTensor.clone().detach().requires_grad_(True), rather than torch.tensor(sourceTensor).
  X = torch.tensor(X, dtype=torch.float32).to(self.device)
/home/mburu/Master_Thesis/master-thesis-da/DNN_Trial/models/rtdl_models.py:157: UserWarning: To copy construct from a tensor, it is recommended to use sourceTensor.clone().detach() or sourceTensor.clone().detach().requires_grad_(True), rather than torch.tensor(sourceTensor).
  X = torch.tensor(X, dtype=torch.float32).to(self.device)
/home/mburu/Master_Thesis/master-thesis-da/DNN_Trial/models/rtdl_models.py:147: UserWarning: To copy construct from a tensor, it is recommended to use sourceTensor.clone().detach() or sourceTensor.clone().detach().requires_grad_(True), rather than torch.tensor(sourceTensor).
  X = torch.tensor(X, dtype=torch.float32).to(self.device)
/home/mburu/Master_Thesis/master-thesis-da/DNN_Trial/models/rtdl_models.py:157: UserWarning: To copy construct from a tensor, it is recommended to use sourceTensor.clone().detach() or sourceTensor.clone().detach().requires_grad_(True), rather than torch.tensor(sourceTensor).
  X = torch.tensor(X, dtype=torch.float32).to(self.device)
/home/mburu/Master_Thesis/master-thesis-da/DNN_Trial/models/rtdl_models.py:147: UserWarning: To copy construct from a tensor, it is recommended to use sourceTensor.clone().detach() or sourceTensor.clone().detach().requires_grad_(True), rather than torch.tensor(sourceTensor).
  X = torch.tensor(X, dtype=torch.float32).to(self.device)
/home/mburu/Master_Thesis/master-thesis-da/DNN_Trial/models/rtdl_models.py:157: UserWarning: To copy construct from a tensor, it is recommended to use sourceTensor.clone().detach() or sourceTensor.clone().detach().requires_grad_(True), rather than torch.tensor(sourceTensor).
  X = torch.tensor(X, dtype=torch.float32).to(self.device)
/home/mburu/Master_Thesis/master-thesis-da/DNN_Trial/models/rtdl_models.py:147: UserWarning: To copy construct from a tensor, it is recommended to use sourceTensor.clone().detach() or sourceTensor.clone().detach().requires_grad_(True), rather than torch.tensor(sourceTensor).
  X = torch.tensor(X, dtype=torch.float32).to(self.device)
/home/mburu/Master_Thesis/master-thesis-da/DNN_Trial/models/rtdl_models.py:157: UserWarning: To copy construct from a tensor, it is recommended to use sourceTensor.clone().detach() or sourceTensor.clone().detach().requires_grad_(True), rather than torch.tensor(sourceTensor).
  X = torch.tensor(X, dtype=torch.float32).to(self.device)
/home/mburu/Master_Thesis/master-thesis-da/DNN_Trial/models/rtdl_models.py:147: UserWarning: To copy construct from a tensor, it is recommended to use sourceTensor.clone().detach() or sourceTensor.clone().detach().requires_grad_(True), rather than torch.tensor(sourceTensor).
  X = torch.tensor(X, dtype=torch.float32).to(self.device)
[I 2025-05-04 20:30:46,422] Trial 1 finished with value: 4.471158766666666 and parameters: {'n_blocks': 5, 'd_block': 128, 'd_hidden': 10, 'd_hidden_multiplier': 4.1639853194641825, 'dropout1': 0.1529088625945917, 'dropout2': 0.12784113208008707}. Best is trial 1 with value: 4.471158766666666.
/home/mburu/Master_Thesis/master-thesis-da/DNN_Trial/models/rtdl_models.py:157: UserWarning: To copy construct from a tensor, it is recommended to use sourceTensor.clone().detach() or sourceTensor.clone().detach().requires_grad_(True), rather than torch.tensor(sourceTensor).
  X = torch.tensor(X, dtype=torch.float32).to(self.device)
/home/mburu/Master_Thesis/master-thesis-da/DNN_Trial/models/rtdl_models.py:147: UserWarning: To copy construct from a tensor, it is recommended to use sourceTensor.clone().detach() or sourceTensor.clone().detach().requires_grad_(True), rather than torch.tensor(sourceTensor).
  X = torch.tensor(X, dtype=torch.float32).to(self.device)
/home/mburu/Master_Thesis/master-thesis-da/DNN_Trial/models/rtdl_models.py:157: UserWarning: To copy construct from a tensor, it is recommended to use sourceTensor.clone().detach() or sourceTensor.clone().detach().requires_grad_(True), rather than torch.tensor(sourceTensor).
  X = torch.tensor(X, dtype=torch.float32).to(self.device)
/home/mburu/Master_Thesis/master-thesis-da/DNN_Trial/models/rtdl_models.py:147: UserWarning: To copy construct from a tensor, it is recommended to use sourceTensor.clone().detach() or sourceTensor.clone().detach().requires_grad_(True), rather than torch.tensor(sourceTensor).
  X = torch.tensor(X, dtype=torch.float32).to(self.device)
/home/mburu/Master_Thesis/master-thesis-da/DNN_Trial/models/rtdl_models.py:157: UserWarning: To copy construct from a tensor, it is recommended to use sourceTensor.clone().detach() or sourceTensor.clone().detach().requires_grad_(True), rather than torch.tensor(sourceTensor).
  X = torch.tensor(X, dtype=torch.float32).to(self.device)
/home/mburu/Master_Thesis/master-thesis-da/DNN_Trial/models/rtdl_models.py:147: UserWarning: To copy construct from a tensor, it is recommended to use sourceTensor.clone().detach() or sourceTensor.clone().detach().requires_grad_(True), rather than torch.tensor(sourceTensor).
  X = torch.tensor(X, dtype=torch.float32).to(self.device)
/home/mburu/Master_Thesis/master-thesis-da/DNN_Trial/models/rtdl_models.py:157: UserWarning: To copy construct from a tensor, it is recommended to use sourceTensor.clone().detach() or sourceTensor.clone().detach().requires_grad_(True), rather than torch.tensor(sourceTensor).
  X = torch.tensor(X, dtype=torch.float32).to(self.device)
/home/mburu/Master_Thesis/master-thesis-da/DNN_Trial/models/rtdl_models.py:147: UserWarning: To copy construct from a tensor, it is recommended to use sourceTensor.clone().detach() or sourceTensor.clone().detach().requires_grad_(True), rather than torch.tensor(sourceTensor).
  X = torch.tensor(X, dtype=torch.float32).to(self.device)
/home/mburu/Master_Thesis/master-thesis-da/DNN_Trial/models/rtdl_models.py:157: UserWarning: To copy construct from a tensor, it is recommended to use sourceTensor.clone().detach() or sourceTensor.clone().detach().requires_grad_(True), rather than torch.tensor(sourceTensor).
  X = torch.tensor(X, dtype=torch.float32).to(self.device)
/home/mburu/Master_Thesis/master-thesis-da/DNN_Trial/models/rtdl_models.py:147: UserWarning: To copy construct from a tensor, it is recommended to use sourceTensor.clone().detach() or sourceTensor.clone().detach().requires_grad_(True), rather than torch.tensor(sourceTensor).
  X = torch.tensor(X, dtype=torch.float32).to(self.device)
[I 2025-05-04 20:30:48,475] Trial 2 finished with value: 4.5394364 and parameters: {'n_blocks': 3, 'd_block': 64, 'd_hidden': 2, 'd_hidden_multiplier': 3.3122686292722396, 'dropout1': 0.47043942287055224, 'dropout2': 0.09844787930936405}. Best is trial 1 with value: 4.471158766666666.
/home/mburu/Master_Thesis/master-thesis-da/DNN_Trial/models/rtdl_models.py:157: UserWarning: To copy construct from a tensor, it is recommended to use sourceTensor.clone().detach() or sourceTensor.clone().detach().requires_grad_(True), rather than torch.tensor(sourceTensor).
  X = torch.tensor(X, dtype=torch.float32).to(self.device)
/home/mburu/Master_Thesis/master-thesis-da/DNN_Trial/models/rtdl_models.py:147: UserWarning: To copy construct from a tensor, it is recommended to use sourceTensor.clone().detach() or sourceTensor.clone().detach().requires_grad_(True), rather than torch.tensor(sourceTensor).
  X = torch.tensor(X, dtype=torch.float32).to(self.device)
/home/mburu/Master_Thesis/master-thesis-da/DNN_Trial/models/rtdl_models.py:157: UserWarning: To copy construct from a tensor, it is recommended to use sourceTensor.clone().detach() or sourceTensor.clone().detach().requires_grad_(True), rather than torch.tensor(sourceTensor).
  X = torch.tensor(X, dtype=torch.float32).to(self.device)
/home/mburu/Master_Thesis/master-thesis-da/DNN_Trial/models/rtdl_models.py:147: UserWarning: To copy construct from a tensor, it is recommended to use sourceTensor.clone().detach() or sourceTensor.clone().detach().requires_grad_(True), rather than torch.tensor(sourceTensor).
  X = torch.tensor(X, dtype=torch.float32).to(self.device)
/home/mburu/Master_Thesis/master-thesis-da/DNN_Trial/models/rtdl_models.py:157: UserWarning: To copy construct from a tensor, it is recommended to use sourceTensor.clone().detach() or sourceTensor.clone().detach().requires_grad_(True), rather than torch.tensor(sourceTensor).
  X = torch.tensor(X, dtype=torch.float32).to(self.device)
/home/mburu/Master_Thesis/master-thesis-da/DNN_Trial/models/rtdl_models.py:147: UserWarning: To copy construct from a tensor, it is recommended to use sourceTensor.clone().detach() or sourceTensor.clone().detach().requires_grad_(True), rather than torch.tensor(sourceTensor).
  X = torch.tensor(X, dtype=torch.float32).to(self.device)
/home/mburu/Master_Thesis/master-thesis-da/DNN_Trial/models/rtdl_models.py:157: UserWarning: To copy construct from a tensor, it is recommended to use sourceTensor.clone().detach() or sourceTensor.clone().detach().requires_grad_(True), rather than torch.tensor(sourceTensor).
  X = torch.tensor(X, dtype=torch.float32).to(self.device)
/home/mburu/Master_Thesis/master-thesis-da/DNN_Trial/models/rtdl_models.py:147: UserWarning: To copy construct from a tensor, it is recommended to use sourceTensor.clone().detach() or sourceTensor.clone().detach().requires_grad_(True), rather than torch.tensor(sourceTensor).
  X = torch.tensor(X, dtype=torch.float32).to(self.device)
/home/mburu/Master_Thesis/master-thesis-da/DNN_Trial/models/rtdl_models.py:157: UserWarning: To copy construct from a tensor, it is recommended to use sourceTensor.clone().detach() or sourceTensor.clone().detach().requires_grad_(True), rather than torch.tensor(sourceTensor).
  X = torch.tensor(X, dtype=torch.float32).to(self.device)
/home/mburu/Master_Thesis/master-thesis-da/DNN_Trial/models/rtdl_models.py:147: UserWarning: To copy construct from a tensor, it is recommended to use sourceTensor.clone().detach() or sourceTensor.clone().detach().requires_grad_(True), rather than torch.tensor(sourceTensor).
  X = torch.tensor(X, dtype=torch.float32).to(self.device)
[I 2025-05-04 20:30:50,569] Trial 3 finished with value: 4.3020548000000005 and parameters: {'n_blocks': 4, 'd_block': 256, 'd_hidden': 10, 'd_hidden_multiplier': 3.5463105818248644, 'dropout1': 0.3740596836340417, 'dropout2': 0.14785999544988046}. Best is trial 3 with value: 4.3020548000000005.
/home/mburu/Master_Thesis/master-thesis-da/DNN_Trial/models/rtdl_models.py:157: UserWarning: To copy construct from a tensor, it is recommended to use sourceTensor.clone().detach() or sourceTensor.clone().detach().requires_grad_(True), rather than torch.tensor(sourceTensor).
  X = torch.tensor(X, dtype=torch.float32).to(self.device)
/home/mburu/Master_Thesis/master-thesis-da/DNN_Trial/models/rtdl_models.py:147: UserWarning: To copy construct from a tensor, it is recommended to use sourceTensor.clone().detach() or sourceTensor.clone().detach().requires_grad_(True), rather than torch.tensor(sourceTensor).
  X = torch.tensor(X, dtype=torch.float32).to(self.device)
/home/mburu/Master_Thesis/master-thesis-da/DNN_Trial/models/rtdl_models.py:157: UserWarning: To copy construct from a tensor, it is recommended to use sourceTensor.clone().detach() or sourceTensor.clone().detach().requires_grad_(True), rather than torch.tensor(sourceTensor).
  X = torch.tensor(X, dtype=torch.float32).to(self.device)
/home/mburu/Master_Thesis/master-thesis-da/DNN_Trial/models/rtdl_models.py:147: UserWarning: To copy construct from a tensor, it is recommended to use sourceTensor.clone().detach() or sourceTensor.clone().detach().requires_grad_(True), rather than torch.tensor(sourceTensor).
  X = torch.tensor(X, dtype=torch.float32).to(self.device)
/home/mburu/Master_Thesis/master-thesis-da/DNN_Trial/models/rtdl_models.py:157: UserWarning: To copy construct from a tensor, it is recommended to use sourceTensor.clone().detach() or sourceTensor.clone().detach().requires_grad_(True), rather than torch.tensor(sourceTensor).
  X = torch.tensor(X, dtype=torch.float32).to(self.device)
/home/mburu/Master_Thesis/master-thesis-da/DNN_Trial/models/rtdl_models.py:147: UserWarning: To copy construct from a tensor, it is recommended to use sourceTensor.clone().detach() or sourceTensor.clone().detach().requires_grad_(True), rather than torch.tensor(sourceTensor).
  X = torch.tensor(X, dtype=torch.float32).to(self.device)
/home/mburu/Master_Thesis/master-thesis-da/DNN_Trial/models/rtdl_models.py:157: UserWarning: To copy construct from a tensor, it is recommended to use sourceTensor.clone().detach() or sourceTensor.clone().detach().requires_grad_(True), rather than torch.tensor(sourceTensor).
  X = torch.tensor(X, dtype=torch.float32).to(self.device)
/home/mburu/Master_Thesis/master-thesis-da/DNN_Trial/models/rtdl_models.py:147: UserWarning: To copy construct from a tensor, it is recommended to use sourceTensor.clone().detach() or sourceTensor.clone().detach().requires_grad_(True), rather than torch.tensor(sourceTensor).
  X = torch.tensor(X, dtype=torch.float32).to(self.device)
/home/mburu/Master_Thesis/master-thesis-da/DNN_Trial/models/rtdl_models.py:157: UserWarning: To copy construct from a tensor, it is recommended to use sourceTensor.clone().detach() or sourceTensor.clone().detach().requires_grad_(True), rather than torch.tensor(sourceTensor).
  X = torch.tensor(X, dtype=torch.float32).to(self.device)
/home/mburu/Master_Thesis/master-thesis-da/DNN_Trial/models/rtdl_models.py:147: UserWarning: To copy construct from a tensor, it is recommended to use sourceTensor.clone().detach() or sourceTensor.clone().detach().requires_grad_(True), rather than torch.tensor(sourceTensor).
  X = torch.tensor(X, dtype=torch.float32).to(self.device)
[I 2025-05-04 20:30:52,621] Trial 4 finished with value: 4.541997833333333 and parameters: {'n_blocks': 2, 'd_block': 64, 'd_hidden': 3, 'd_hidden_multiplier': 1.0944928145751773, 'dropout1': 0.1536416480426444, 'dropout2': 0.19902691812777135}. Best is trial 3 with value: 4.3020548000000005.
/home/mburu/Master_Thesis/master-thesis-da/DNN_Trial/models/rtdl_models.py:157: UserWarning: To copy construct from a tensor, it is recommended to use sourceTensor.clone().detach() or sourceTensor.clone().detach().requires_grad_(True), rather than torch.tensor(sourceTensor).
  X = torch.tensor(X, dtype=torch.float32).to(self.device)
/home/mburu/Master_Thesis/master-thesis-da/DNN_Trial/models/rtdl_models.py:147: UserWarning: To copy construct from a tensor, it is recommended to use sourceTensor.clone().detach() or sourceTensor.clone().detach().requires_grad_(True), rather than torch.tensor(sourceTensor).
  X = torch.tensor(X, dtype=torch.float32).to(self.device)
[I 2025-05-04 20:30:53,057] A new study created in memory with name: ResMLP_MIP_outer4
/home/mburu/Master_Thesis/master-thesis-da/DNN_Trial/models/rtdl_models.py:157: UserWarning: To copy construct from a tensor, it is recommended to use sourceTensor.clone().detach() or sourceTensor.clone().detach().requires_grad_(True), rather than torch.tensor(sourceTensor).
  X = torch.tensor(X, dtype=torch.float32).to(self.device)
/home/mburu/Master_Thesis/master-thesis-da/DNN_Trial/models/rtdl_models.py:147: UserWarning: To copy construct from a tensor, it is recommended to use sourceTensor.clone().detach() or sourceTensor.clone().detach().requires_grad_(True), rather than torch.tensor(sourceTensor).
  X = torch.tensor(X, dtype=torch.float32).to(self.device)
/home/mburu/Master_Thesis/master-thesis-da/DNN_Trial/models/rtdl_models.py:157: UserWarning: To copy construct from a tensor, it is recommended to use sourceTensor.clone().detach() or sourceTensor.clone().detach().requires_grad_(True), rather than torch.tensor(sourceTensor).
  X = torch.tensor(X, dtype=torch.float32).to(self.device)
/home/mburu/Master_Thesis/master-thesis-da/DNN_Trial/models/rtdl_models.py:147: UserWarning: To copy construct from a tensor, it is recommended to use sourceTensor.clone().detach() or sourceTensor.clone().detach().requires_grad_(True), rather than torch.tensor(sourceTensor).
  X = torch.tensor(X, dtype=torch.float32).to(self.device)
/home/mburu/Master_Thesis/master-thesis-da/DNN_Trial/models/rtdl_models.py:157: UserWarning: To copy construct from a tensor, it is recommended to use sourceTensor.clone().detach() or sourceTensor.clone().detach().requires_grad_(True), rather than torch.tensor(sourceTensor).
  X = torch.tensor(X, dtype=torch.float32).to(self.device)
/home/mburu/Master_Thesis/master-thesis-da/DNN_Trial/models/rtdl_models.py:147: UserWarning: To copy construct from a tensor, it is recommended to use sourceTensor.clone().detach() or sourceTensor.clone().detach().requires_grad_(True), rather than torch.tensor(sourceTensor).
  X = torch.tensor(X, dtype=torch.float32).to(self.device)
/home/mburu/Master_Thesis/master-thesis-da/DNN_Trial/models/rtdl_models.py:157: UserWarning: To copy construct from a tensor, it is recommended to use sourceTensor.clone().detach() or sourceTensor.clone().detach().requires_grad_(True), rather than torch.tensor(sourceTensor).
  X = torch.tensor(X, dtype=torch.float32).to(self.device)
/home/mburu/Master_Thesis/master-thesis-da/DNN_Trial/models/rtdl_models.py:147: UserWarning: To copy construct from a tensor, it is recommended to use sourceTensor.clone().detach() or sourceTensor.clone().detach().requires_grad_(True), rather than torch.tensor(sourceTensor).
  X = torch.tensor(X, dtype=torch.float32).to(self.device)
/home/mburu/Master_Thesis/master-thesis-da/DNN_Trial/models/rtdl_models.py:157: UserWarning: To copy construct from a tensor, it is recommended to use sourceTensor.clone().detach() or sourceTensor.clone().detach().requires_grad_(True), rather than torch.tensor(sourceTensor).
  X = torch.tensor(X, dtype=torch.float32).to(self.device)
/home/mburu/Master_Thesis/master-thesis-da/DNN_Trial/models/rtdl_models.py:147: UserWarning: To copy construct from a tensor, it is recommended to use sourceTensor.clone().detach() or sourceTensor.clone().detach().requires_grad_(True), rather than torch.tensor(sourceTensor).
  X = torch.tensor(X, dtype=torch.float32).to(self.device)
[I 2025-05-04 20:30:54,829] Trial 0 finished with value: 4.184557633333333 and parameters: {'n_blocks': 3, 'd_block': 128, 'd_hidden': 2, 'd_hidden_multiplier': 1.3709184043972844, 'dropout1': 0.010557775845193573, 'dropout2': 0.23886431136418532}. Best is trial 0 with value: 4.184557633333333.
/home/mburu/Master_Thesis/master-thesis-da/DNN_Trial/models/rtdl_models.py:157: UserWarning: To copy construct from a tensor, it is recommended to use sourceTensor.clone().detach() or sourceTensor.clone().detach().requires_grad_(True), rather than torch.tensor(sourceTensor).
  X = torch.tensor(X, dtype=torch.float32).to(self.device)
/home/mburu/Master_Thesis/master-thesis-da/DNN_Trial/models/rtdl_models.py:147: UserWarning: To copy construct from a tensor, it is recommended to use sourceTensor.clone().detach() or sourceTensor.clone().detach().requires_grad_(True), rather than torch.tensor(sourceTensor).
  X = torch.tensor(X, dtype=torch.float32).to(self.device)
/home/mburu/Master_Thesis/master-thesis-da/DNN_Trial/models/rtdl_models.py:157: UserWarning: To copy construct from a tensor, it is recommended to use sourceTensor.clone().detach() or sourceTensor.clone().detach().requires_grad_(True), rather than torch.tensor(sourceTensor).
  X = torch.tensor(X, dtype=torch.float32).to(self.device)
/home/mburu/Master_Thesis/master-thesis-da/DNN_Trial/models/rtdl_models.py:147: UserWarning: To copy construct from a tensor, it is recommended to use sourceTensor.clone().detach() or sourceTensor.clone().detach().requires_grad_(True), rather than torch.tensor(sourceTensor).
  X = torch.tensor(X, dtype=torch.float32).to(self.device)
/home/mburu/Master_Thesis/master-thesis-da/DNN_Trial/models/rtdl_models.py:157: UserWarning: To copy construct from a tensor, it is recommended to use sourceTensor.clone().detach() or sourceTensor.clone().detach().requires_grad_(True), rather than torch.tensor(sourceTensor).
  X = torch.tensor(X, dtype=torch.float32).to(self.device)
/home/mburu/Master_Thesis/master-thesis-da/DNN_Trial/models/rtdl_models.py:147: UserWarning: To copy construct from a tensor, it is recommended to use sourceTensor.clone().detach() or sourceTensor.clone().detach().requires_grad_(True), rather than torch.tensor(sourceTensor).
  X = torch.tensor(X, dtype=torch.float32).to(self.device)
/home/mburu/Master_Thesis/master-thesis-da/DNN_Trial/models/rtdl_models.py:157: UserWarning: To copy construct from a tensor, it is recommended to use sourceTensor.clone().detach() or sourceTensor.clone().detach().requires_grad_(True), rather than torch.tensor(sourceTensor).
  X = torch.tensor(X, dtype=torch.float32).to(self.device)
/home/mburu/Master_Thesis/master-thesis-da/DNN_Trial/models/rtdl_models.py:147: UserWarning: To copy construct from a tensor, it is recommended to use sourceTensor.clone().detach() or sourceTensor.clone().detach().requires_grad_(True), rather than torch.tensor(sourceTensor).
  X = torch.tensor(X, dtype=torch.float32).to(self.device)
/home/mburu/Master_Thesis/master-thesis-da/DNN_Trial/models/rtdl_models.py:157: UserWarning: To copy construct from a tensor, it is recommended to use sourceTensor.clone().detach() or sourceTensor.clone().detach().requires_grad_(True), rather than torch.tensor(sourceTensor).
  X = torch.tensor(X, dtype=torch.float32).to(self.device)
/home/mburu/Master_Thesis/master-thesis-da/DNN_Trial/models/rtdl_models.py:147: UserWarning: To copy construct from a tensor, it is recommended to use sourceTensor.clone().detach() or sourceTensor.clone().detach().requires_grad_(True), rather than torch.tensor(sourceTensor).
  X = torch.tensor(X, dtype=torch.float32).to(self.device)
[I 2025-05-04 20:30:56,562] Trial 1 finished with value: 4.1631241333333335 and parameters: {'n_blocks': 2, 'd_block': 256, 'd_hidden': 8, 'd_hidden_multiplier': 3.299051276504914, 'dropout1': 0.26715757850206406, 'dropout2': 0.22249929695755186}. Best is trial 1 with value: 4.1631241333333335.
/home/mburu/Master_Thesis/master-thesis-da/DNN_Trial/models/rtdl_models.py:157: UserWarning: To copy construct from a tensor, it is recommended to use sourceTensor.clone().detach() or sourceTensor.clone().detach().requires_grad_(True), rather than torch.tensor(sourceTensor).
  X = torch.tensor(X, dtype=torch.float32).to(self.device)
/home/mburu/Master_Thesis/master-thesis-da/DNN_Trial/models/rtdl_models.py:147: UserWarning: To copy construct from a tensor, it is recommended to use sourceTensor.clone().detach() or sourceTensor.clone().detach().requires_grad_(True), rather than torch.tensor(sourceTensor).
  X = torch.tensor(X, dtype=torch.float32).to(self.device)
/home/mburu/Master_Thesis/master-thesis-da/DNN_Trial/models/rtdl_models.py:157: UserWarning: To copy construct from a tensor, it is recommended to use sourceTensor.clone().detach() or sourceTensor.clone().detach().requires_grad_(True), rather than torch.tensor(sourceTensor).
  X = torch.tensor(X, dtype=torch.float32).to(self.device)
/home/mburu/Master_Thesis/master-thesis-da/DNN_Trial/models/rtdl_models.py:147: UserWarning: To copy construct from a tensor, it is recommended to use sourceTensor.clone().detach() or sourceTensor.clone().detach().requires_grad_(True), rather than torch.tensor(sourceTensor).
  X = torch.tensor(X, dtype=torch.float32).to(self.device)
/home/mburu/Master_Thesis/master-thesis-da/DNN_Trial/models/rtdl_models.py:157: UserWarning: To copy construct from a tensor, it is recommended to use sourceTensor.clone().detach() or sourceTensor.clone().detach().requires_grad_(True), rather than torch.tensor(sourceTensor).
  X = torch.tensor(X, dtype=torch.float32).to(self.device)
/home/mburu/Master_Thesis/master-thesis-da/DNN_Trial/models/rtdl_models.py:147: UserWarning: To copy construct from a tensor, it is recommended to use sourceTensor.clone().detach() or sourceTensor.clone().detach().requires_grad_(True), rather than torch.tensor(sourceTensor).
  X = torch.tensor(X, dtype=torch.float32).to(self.device)
/home/mburu/Master_Thesis/master-thesis-da/DNN_Trial/models/rtdl_models.py:157: UserWarning: To copy construct from a tensor, it is recommended to use sourceTensor.clone().detach() or sourceTensor.clone().detach().requires_grad_(True), rather than torch.tensor(sourceTensor).
  X = torch.tensor(X, dtype=torch.float32).to(self.device)
/home/mburu/Master_Thesis/master-thesis-da/DNN_Trial/models/rtdl_models.py:147: UserWarning: To copy construct from a tensor, it is recommended to use sourceTensor.clone().detach() or sourceTensor.clone().detach().requires_grad_(True), rather than torch.tensor(sourceTensor).
  X = torch.tensor(X, dtype=torch.float32).to(self.device)
/home/mburu/Master_Thesis/master-thesis-da/DNN_Trial/models/rtdl_models.py:157: UserWarning: To copy construct from a tensor, it is recommended to use sourceTensor.clone().detach() or sourceTensor.clone().detach().requires_grad_(True), rather than torch.tensor(sourceTensor).
  X = torch.tensor(X, dtype=torch.float32).to(self.device)
/home/mburu/Master_Thesis/master-thesis-da/DNN_Trial/models/rtdl_models.py:147: UserWarning: To copy construct from a tensor, it is recommended to use sourceTensor.clone().detach() or sourceTensor.clone().detach().requires_grad_(True), rather than torch.tensor(sourceTensor).
  X = torch.tensor(X, dtype=torch.float32).to(self.device)
[I 2025-05-04 20:30:58,406] Trial 2 finished with value: 4.234774966666667 and parameters: {'n_blocks': 4, 'd_block': 64, 'd_hidden': 10, 'd_hidden_multiplier': 4.11207065213337, 'dropout1': 0.3161468928653107, 'dropout2': 0.16316661107282043}. Best is trial 1 with value: 4.1631241333333335.
/home/mburu/Master_Thesis/master-thesis-da/DNN_Trial/models/rtdl_models.py:157: UserWarning: To copy construct from a tensor, it is recommended to use sourceTensor.clone().detach() or sourceTensor.clone().detach().requires_grad_(True), rather than torch.tensor(sourceTensor).
  X = torch.tensor(X, dtype=torch.float32).to(self.device)
/home/mburu/Master_Thesis/master-thesis-da/DNN_Trial/models/rtdl_models.py:147: UserWarning: To copy construct from a tensor, it is recommended to use sourceTensor.clone().detach() or sourceTensor.clone().detach().requires_grad_(True), rather than torch.tensor(sourceTensor).
  X = torch.tensor(X, dtype=torch.float32).to(self.device)
/home/mburu/Master_Thesis/master-thesis-da/DNN_Trial/models/rtdl_models.py:157: UserWarning: To copy construct from a tensor, it is recommended to use sourceTensor.clone().detach() or sourceTensor.clone().detach().requires_grad_(True), rather than torch.tensor(sourceTensor).
  X = torch.tensor(X, dtype=torch.float32).to(self.device)
/home/mburu/Master_Thesis/master-thesis-da/DNN_Trial/models/rtdl_models.py:147: UserWarning: To copy construct from a tensor, it is recommended to use sourceTensor.clone().detach() or sourceTensor.clone().detach().requires_grad_(True), rather than torch.tensor(sourceTensor).
  X = torch.tensor(X, dtype=torch.float32).to(self.device)
/home/mburu/Master_Thesis/master-thesis-da/DNN_Trial/models/rtdl_models.py:157: UserWarning: To copy construct from a tensor, it is recommended to use sourceTensor.clone().detach() or sourceTensor.clone().detach().requires_grad_(True), rather than torch.tensor(sourceTensor).
  X = torch.tensor(X, dtype=torch.float32).to(self.device)
/home/mburu/Master_Thesis/master-thesis-da/DNN_Trial/models/rtdl_models.py:147: UserWarning: To copy construct from a tensor, it is recommended to use sourceTensor.clone().detach() or sourceTensor.clone().detach().requires_grad_(True), rather than torch.tensor(sourceTensor).
  X = torch.tensor(X, dtype=torch.float32).to(self.device)
/home/mburu/Master_Thesis/master-thesis-da/DNN_Trial/models/rtdl_models.py:157: UserWarning: To copy construct from a tensor, it is recommended to use sourceTensor.clone().detach() or sourceTensor.clone().detach().requires_grad_(True), rather than torch.tensor(sourceTensor).
  X = torch.tensor(X, dtype=torch.float32).to(self.device)
/home/mburu/Master_Thesis/master-thesis-da/DNN_Trial/models/rtdl_models.py:147: UserWarning: To copy construct from a tensor, it is recommended to use sourceTensor.clone().detach() or sourceTensor.clone().detach().requires_grad_(True), rather than torch.tensor(sourceTensor).
  X = torch.tensor(X, dtype=torch.float32).to(self.device)
/home/mburu/Master_Thesis/master-thesis-da/DNN_Trial/models/rtdl_models.py:157: UserWarning: To copy construct from a tensor, it is recommended to use sourceTensor.clone().detach() or sourceTensor.clone().detach().requires_grad_(True), rather than torch.tensor(sourceTensor).
  X = torch.tensor(X, dtype=torch.float32).to(self.device)
/home/mburu/Master_Thesis/master-thesis-da/DNN_Trial/models/rtdl_models.py:147: UserWarning: To copy construct from a tensor, it is recommended to use sourceTensor.clone().detach() or sourceTensor.clone().detach().requires_grad_(True), rather than torch.tensor(sourceTensor).
  X = torch.tensor(X, dtype=torch.float32).to(self.device)
[I 2025-05-04 20:31:00,157] Trial 3 finished with value: 4.107199966666666 and parameters: {'n_blocks': 2, 'd_block': 256, 'd_hidden': 6, 'd_hidden_multiplier': 2.712680229084475, 'dropout1': 0.40056041573299195, 'dropout2': 0.23817986136292926}. Best is trial 3 with value: 4.107199966666666.
/home/mburu/Master_Thesis/master-thesis-da/DNN_Trial/models/rtdl_models.py:157: UserWarning: To copy construct from a tensor, it is recommended to use sourceTensor.clone().detach() or sourceTensor.clone().detach().requires_grad_(True), rather than torch.tensor(sourceTensor).
  X = torch.tensor(X, dtype=torch.float32).to(self.device)
/home/mburu/Master_Thesis/master-thesis-da/DNN_Trial/models/rtdl_models.py:147: UserWarning: To copy construct from a tensor, it is recommended to use sourceTensor.clone().detach() or sourceTensor.clone().detach().requires_grad_(True), rather than torch.tensor(sourceTensor).
  X = torch.tensor(X, dtype=torch.float32).to(self.device)
/home/mburu/Master_Thesis/master-thesis-da/DNN_Trial/models/rtdl_models.py:157: UserWarning: To copy construct from a tensor, it is recommended to use sourceTensor.clone().detach() or sourceTensor.clone().detach().requires_grad_(True), rather than torch.tensor(sourceTensor).
  X = torch.tensor(X, dtype=torch.float32).to(self.device)
/home/mburu/Master_Thesis/master-thesis-da/DNN_Trial/models/rtdl_models.py:147: UserWarning: To copy construct from a tensor, it is recommended to use sourceTensor.clone().detach() or sourceTensor.clone().detach().requires_grad_(True), rather than torch.tensor(sourceTensor).
  X = torch.tensor(X, dtype=torch.float32).to(self.device)
/home/mburu/Master_Thesis/master-thesis-da/DNN_Trial/models/rtdl_models.py:157: UserWarning: To copy construct from a tensor, it is recommended to use sourceTensor.clone().detach() or sourceTensor.clone().detach().requires_grad_(True), rather than torch.tensor(sourceTensor).
  X = torch.tensor(X, dtype=torch.float32).to(self.device)
/home/mburu/Master_Thesis/master-thesis-da/DNN_Trial/models/rtdl_models.py:147: UserWarning: To copy construct from a tensor, it is recommended to use sourceTensor.clone().detach() or sourceTensor.clone().detach().requires_grad_(True), rather than torch.tensor(sourceTensor).
  X = torch.tensor(X, dtype=torch.float32).to(self.device)
/home/mburu/Master_Thesis/master-thesis-da/DNN_Trial/models/rtdl_models.py:157: UserWarning: To copy construct from a tensor, it is recommended to use sourceTensor.clone().detach() or sourceTensor.clone().detach().requires_grad_(True), rather than torch.tensor(sourceTensor).
  X = torch.tensor(X, dtype=torch.float32).to(self.device)
/home/mburu/Master_Thesis/master-thesis-da/DNN_Trial/models/rtdl_models.py:147: UserWarning: To copy construct from a tensor, it is recommended to use sourceTensor.clone().detach() or sourceTensor.clone().detach().requires_grad_(True), rather than torch.tensor(sourceTensor).
  X = torch.tensor(X, dtype=torch.float32).to(self.device)
/home/mburu/Master_Thesis/master-thesis-da/DNN_Trial/models/rtdl_models.py:157: UserWarning: To copy construct from a tensor, it is recommended to use sourceTensor.clone().detach() or sourceTensor.clone().detach().requires_grad_(True), rather than torch.tensor(sourceTensor).
  X = torch.tensor(X, dtype=torch.float32).to(self.device)
/home/mburu/Master_Thesis/master-thesis-da/DNN_Trial/models/rtdl_models.py:147: UserWarning: To copy construct from a tensor, it is recommended to use sourceTensor.clone().detach() or sourceTensor.clone().detach().requires_grad_(True), rather than torch.tensor(sourceTensor).
  X = torch.tensor(X, dtype=torch.float32).to(self.device)
[I 2025-05-04 20:31:01,959] Trial 4 finished with value: 4.2095728999999995 and parameters: {'n_blocks': 4, 'd_block': 128, 'd_hidden': 6, 'd_hidden_multiplier': 1.2315270213921794, 'dropout1': 0.03488674801706681, 'dropout2': 0.17494278282585315}. Best is trial 3 with value: 4.107199966666666.
/home/mburu/Master_Thesis/master-thesis-da/DNN_Trial/models/rtdl_models.py:157: UserWarning: To copy construct from a tensor, it is recommended to use sourceTensor.clone().detach() or sourceTensor.clone().detach().requires_grad_(True), rather than torch.tensor(sourceTensor).
  X = torch.tensor(X, dtype=torch.float32).to(self.device)
/home/mburu/Master_Thesis/master-thesis-da/DNN_Trial/models/rtdl_models.py:147: UserWarning: To copy construct from a tensor, it is recommended to use sourceTensor.clone().detach() or sourceTensor.clone().detach().requires_grad_(True), rather than torch.tensor(sourceTensor).
  X = torch.tensor(X, dtype=torch.float32).to(self.device)
[I 2025-05-04 20:31:02,351] A new study created in memory with name: ResMLP_MIP_outer5
/home/mburu/Master_Thesis/master-thesis-da/DNN_Trial/models/rtdl_models.py:157: UserWarning: To copy construct from a tensor, it is recommended to use sourceTensor.clone().detach() or sourceTensor.clone().detach().requires_grad_(True), rather than torch.tensor(sourceTensor).
  X = torch.tensor(X, dtype=torch.float32).to(self.device)
/home/mburu/Master_Thesis/master-thesis-da/DNN_Trial/models/rtdl_models.py:147: UserWarning: To copy construct from a tensor, it is recommended to use sourceTensor.clone().detach() or sourceTensor.clone().detach().requires_grad_(True), rather than torch.tensor(sourceTensor).
  X = torch.tensor(X, dtype=torch.float32).to(self.device)
/home/mburu/Master_Thesis/master-thesis-da/DNN_Trial/models/rtdl_models.py:157: UserWarning: To copy construct from a tensor, it is recommended to use sourceTensor.clone().detach() or sourceTensor.clone().detach().requires_grad_(True), rather than torch.tensor(sourceTensor).
  X = torch.tensor(X, dtype=torch.float32).to(self.device)
/home/mburu/Master_Thesis/master-thesis-da/DNN_Trial/models/rtdl_models.py:147: UserWarning: To copy construct from a tensor, it is recommended to use sourceTensor.clone().detach() or sourceTensor.clone().detach().requires_grad_(True), rather than torch.tensor(sourceTensor).
  X = torch.tensor(X, dtype=torch.float32).to(self.device)
/home/mburu/Master_Thesis/master-thesis-da/DNN_Trial/models/rtdl_models.py:157: UserWarning: To copy construct from a tensor, it is recommended to use sourceTensor.clone().detach() or sourceTensor.clone().detach().requires_grad_(True), rather than torch.tensor(sourceTensor).
  X = torch.tensor(X, dtype=torch.float32).to(self.device)
/home/mburu/Master_Thesis/master-thesis-da/DNN_Trial/models/rtdl_models.py:147: UserWarning: To copy construct from a tensor, it is recommended to use sourceTensor.clone().detach() or sourceTensor.clone().detach().requires_grad_(True), rather than torch.tensor(sourceTensor).
  X = torch.tensor(X, dtype=torch.float32).to(self.device)
/home/mburu/Master_Thesis/master-thesis-da/DNN_Trial/models/rtdl_models.py:157: UserWarning: To copy construct from a tensor, it is recommended to use sourceTensor.clone().detach() or sourceTensor.clone().detach().requires_grad_(True), rather than torch.tensor(sourceTensor).
  X = torch.tensor(X, dtype=torch.float32).to(self.device)
/home/mburu/Master_Thesis/master-thesis-da/DNN_Trial/models/rtdl_models.py:147: UserWarning: To copy construct from a tensor, it is recommended to use sourceTensor.clone().detach() or sourceTensor.clone().detach().requires_grad_(True), rather than torch.tensor(sourceTensor).
  X = torch.tensor(X, dtype=torch.float32).to(self.device)
/home/mburu/Master_Thesis/master-thesis-da/DNN_Trial/models/rtdl_models.py:157: UserWarning: To copy construct from a tensor, it is recommended to use sourceTensor.clone().detach() or sourceTensor.clone().detach().requires_grad_(True), rather than torch.tensor(sourceTensor).
  X = torch.tensor(X, dtype=torch.float32).to(self.device)
/home/mburu/Master_Thesis/master-thesis-da/DNN_Trial/models/rtdl_models.py:147: UserWarning: To copy construct from a tensor, it is recommended to use sourceTensor.clone().detach() or sourceTensor.clone().detach().requires_grad_(True), rather than torch.tensor(sourceTensor).
  X = torch.tensor(X, dtype=torch.float32).to(self.device)
[I 2025-05-04 20:31:04,206] Trial 0 finished with value: 4.5316164 and parameters: {'n_blocks': 2, 'd_block': 64, 'd_hidden': 3, 'd_hidden_multiplier': 3.520829320881221, 'dropout1': 0.09545013369577365, 'dropout2': 0.11098840238414394}. Best is trial 0 with value: 4.5316164.
/home/mburu/Master_Thesis/master-thesis-da/DNN_Trial/models/rtdl_models.py:157: UserWarning: To copy construct from a tensor, it is recommended to use sourceTensor.clone().detach() or sourceTensor.clone().detach().requires_grad_(True), rather than torch.tensor(sourceTensor).
  X = torch.tensor(X, dtype=torch.float32).to(self.device)
/home/mburu/Master_Thesis/master-thesis-da/DNN_Trial/models/rtdl_models.py:147: UserWarning: To copy construct from a tensor, it is recommended to use sourceTensor.clone().detach() or sourceTensor.clone().detach().requires_grad_(True), rather than torch.tensor(sourceTensor).
  X = torch.tensor(X, dtype=torch.float32).to(self.device)
/home/mburu/Master_Thesis/master-thesis-da/DNN_Trial/models/rtdl_models.py:157: UserWarning: To copy construct from a tensor, it is recommended to use sourceTensor.clone().detach() or sourceTensor.clone().detach().requires_grad_(True), rather than torch.tensor(sourceTensor).
  X = torch.tensor(X, dtype=torch.float32).to(self.device)
/home/mburu/Master_Thesis/master-thesis-da/DNN_Trial/models/rtdl_models.py:147: UserWarning: To copy construct from a tensor, it is recommended to use sourceTensor.clone().detach() or sourceTensor.clone().detach().requires_grad_(True), rather than torch.tensor(sourceTensor).
  X = torch.tensor(X, dtype=torch.float32).to(self.device)
/home/mburu/Master_Thesis/master-thesis-da/DNN_Trial/models/rtdl_models.py:157: UserWarning: To copy construct from a tensor, it is recommended to use sourceTensor.clone().detach() or sourceTensor.clone().detach().requires_grad_(True), rather than torch.tensor(sourceTensor).
  X = torch.tensor(X, dtype=torch.float32).to(self.device)
/home/mburu/Master_Thesis/master-thesis-da/DNN_Trial/models/rtdl_models.py:147: UserWarning: To copy construct from a tensor, it is recommended to use sourceTensor.clone().detach() or sourceTensor.clone().detach().requires_grad_(True), rather than torch.tensor(sourceTensor).
  X = torch.tensor(X, dtype=torch.float32).to(self.device)
/home/mburu/Master_Thesis/master-thesis-da/DNN_Trial/models/rtdl_models.py:157: UserWarning: To copy construct from a tensor, it is recommended to use sourceTensor.clone().detach() or sourceTensor.clone().detach().requires_grad_(True), rather than torch.tensor(sourceTensor).
  X = torch.tensor(X, dtype=torch.float32).to(self.device)
/home/mburu/Master_Thesis/master-thesis-da/DNN_Trial/models/rtdl_models.py:147: UserWarning: To copy construct from a tensor, it is recommended to use sourceTensor.clone().detach() or sourceTensor.clone().detach().requires_grad_(True), rather than torch.tensor(sourceTensor).
  X = torch.tensor(X, dtype=torch.float32).to(self.device)
/home/mburu/Master_Thesis/master-thesis-da/DNN_Trial/models/rtdl_models.py:157: UserWarning: To copy construct from a tensor, it is recommended to use sourceTensor.clone().detach() or sourceTensor.clone().detach().requires_grad_(True), rather than torch.tensor(sourceTensor).
  X = torch.tensor(X, dtype=torch.float32).to(self.device)
/home/mburu/Master_Thesis/master-thesis-da/DNN_Trial/models/rtdl_models.py:147: UserWarning: To copy construct from a tensor, it is recommended to use sourceTensor.clone().detach() or sourceTensor.clone().detach().requires_grad_(True), rather than torch.tensor(sourceTensor).
  X = torch.tensor(X, dtype=torch.float32).to(self.device)
[I 2025-05-04 20:31:06,318] Trial 1 finished with value: 4.473808066666667 and parameters: {'n_blocks': 4, 'd_block': 128, 'd_hidden': 3, 'd_hidden_multiplier': 1.1450710913646835, 'dropout1': 0.40445493607330124, 'dropout2': 0.20956863630777878}. Best is trial 1 with value: 4.473808066666667.
/home/mburu/Master_Thesis/master-thesis-da/DNN_Trial/models/rtdl_models.py:157: UserWarning: To copy construct from a tensor, it is recommended to use sourceTensor.clone().detach() or sourceTensor.clone().detach().requires_grad_(True), rather than torch.tensor(sourceTensor).
  X = torch.tensor(X, dtype=torch.float32).to(self.device)
/home/mburu/Master_Thesis/master-thesis-da/DNN_Trial/models/rtdl_models.py:147: UserWarning: To copy construct from a tensor, it is recommended to use sourceTensor.clone().detach() or sourceTensor.clone().detach().requires_grad_(True), rather than torch.tensor(sourceTensor).
  X = torch.tensor(X, dtype=torch.float32).to(self.device)
/home/mburu/Master_Thesis/master-thesis-da/DNN_Trial/models/rtdl_models.py:157: UserWarning: To copy construct from a tensor, it is recommended to use sourceTensor.clone().detach() or sourceTensor.clone().detach().requires_grad_(True), rather than torch.tensor(sourceTensor).
  X = torch.tensor(X, dtype=torch.float32).to(self.device)
/home/mburu/Master_Thesis/master-thesis-da/DNN_Trial/models/rtdl_models.py:147: UserWarning: To copy construct from a tensor, it is recommended to use sourceTensor.clone().detach() or sourceTensor.clone().detach().requires_grad_(True), rather than torch.tensor(sourceTensor).
  X = torch.tensor(X, dtype=torch.float32).to(self.device)
/home/mburu/Master_Thesis/master-thesis-da/DNN_Trial/models/rtdl_models.py:157: UserWarning: To copy construct from a tensor, it is recommended to use sourceTensor.clone().detach() or sourceTensor.clone().detach().requires_grad_(True), rather than torch.tensor(sourceTensor).
  X = torch.tensor(X, dtype=torch.float32).to(self.device)
/home/mburu/Master_Thesis/master-thesis-da/DNN_Trial/models/rtdl_models.py:147: UserWarning: To copy construct from a tensor, it is recommended to use sourceTensor.clone().detach() or sourceTensor.clone().detach().requires_grad_(True), rather than torch.tensor(sourceTensor).
  X = torch.tensor(X, dtype=torch.float32).to(self.device)
/home/mburu/Master_Thesis/master-thesis-da/DNN_Trial/models/rtdl_models.py:157: UserWarning: To copy construct from a tensor, it is recommended to use sourceTensor.clone().detach() or sourceTensor.clone().detach().requires_grad_(True), rather than torch.tensor(sourceTensor).
  X = torch.tensor(X, dtype=torch.float32).to(self.device)
/home/mburu/Master_Thesis/master-thesis-da/DNN_Trial/models/rtdl_models.py:147: UserWarning: To copy construct from a tensor, it is recommended to use sourceTensor.clone().detach() or sourceTensor.clone().detach().requires_grad_(True), rather than torch.tensor(sourceTensor).
  X = torch.tensor(X, dtype=torch.float32).to(self.device)
/home/mburu/Master_Thesis/master-thesis-da/DNN_Trial/models/rtdl_models.py:157: UserWarning: To copy construct from a tensor, it is recommended to use sourceTensor.clone().detach() or sourceTensor.clone().detach().requires_grad_(True), rather than torch.tensor(sourceTensor).
  X = torch.tensor(X, dtype=torch.float32).to(self.device)
/home/mburu/Master_Thesis/master-thesis-da/DNN_Trial/models/rtdl_models.py:147: UserWarning: To copy construct from a tensor, it is recommended to use sourceTensor.clone().detach() or sourceTensor.clone().detach().requires_grad_(True), rather than torch.tensor(sourceTensor).
  X = torch.tensor(X, dtype=torch.float32).to(self.device)
[I 2025-05-04 20:31:08,356] Trial 2 finished with value: 4.3061893 and parameters: {'n_blocks': 3, 'd_block': 256, 'd_hidden': 2, 'd_hidden_multiplier': 3.6476625464084393, 'dropout1': 0.02692363939999027, 'dropout2': 0.22232483394722083}. Best is trial 2 with value: 4.3061893.
/home/mburu/Master_Thesis/master-thesis-da/DNN_Trial/models/rtdl_models.py:157: UserWarning: To copy construct from a tensor, it is recommended to use sourceTensor.clone().detach() or sourceTensor.clone().detach().requires_grad_(True), rather than torch.tensor(sourceTensor).
  X = torch.tensor(X, dtype=torch.float32).to(self.device)
/home/mburu/Master_Thesis/master-thesis-da/DNN_Trial/models/rtdl_models.py:147: UserWarning: To copy construct from a tensor, it is recommended to use sourceTensor.clone().detach() or sourceTensor.clone().detach().requires_grad_(True), rather than torch.tensor(sourceTensor).
  X = torch.tensor(X, dtype=torch.float32).to(self.device)
/home/mburu/Master_Thesis/master-thesis-da/DNN_Trial/models/rtdl_models.py:157: UserWarning: To copy construct from a tensor, it is recommended to use sourceTensor.clone().detach() or sourceTensor.clone().detach().requires_grad_(True), rather than torch.tensor(sourceTensor).
  X = torch.tensor(X, dtype=torch.float32).to(self.device)
/home/mburu/Master_Thesis/master-thesis-da/DNN_Trial/models/rtdl_models.py:147: UserWarning: To copy construct from a tensor, it is recommended to use sourceTensor.clone().detach() or sourceTensor.clone().detach().requires_grad_(True), rather than torch.tensor(sourceTensor).
  X = torch.tensor(X, dtype=torch.float32).to(self.device)
/home/mburu/Master_Thesis/master-thesis-da/DNN_Trial/models/rtdl_models.py:157: UserWarning: To copy construct from a tensor, it is recommended to use sourceTensor.clone().detach() or sourceTensor.clone().detach().requires_grad_(True), rather than torch.tensor(sourceTensor).
  X = torch.tensor(X, dtype=torch.float32).to(self.device)
/home/mburu/Master_Thesis/master-thesis-da/DNN_Trial/models/rtdl_models.py:147: UserWarning: To copy construct from a tensor, it is recommended to use sourceTensor.clone().detach() or sourceTensor.clone().detach().requires_grad_(True), rather than torch.tensor(sourceTensor).
  X = torch.tensor(X, dtype=torch.float32).to(self.device)
/home/mburu/Master_Thesis/master-thesis-da/DNN_Trial/models/rtdl_models.py:157: UserWarning: To copy construct from a tensor, it is recommended to use sourceTensor.clone().detach() or sourceTensor.clone().detach().requires_grad_(True), rather than torch.tensor(sourceTensor).
  X = torch.tensor(X, dtype=torch.float32).to(self.device)
/home/mburu/Master_Thesis/master-thesis-da/DNN_Trial/models/rtdl_models.py:147: UserWarning: To copy construct from a tensor, it is recommended to use sourceTensor.clone().detach() or sourceTensor.clone().detach().requires_grad_(True), rather than torch.tensor(sourceTensor).
  X = torch.tensor(X, dtype=torch.float32).to(self.device)
/home/mburu/Master_Thesis/master-thesis-da/DNN_Trial/models/rtdl_models.py:157: UserWarning: To copy construct from a tensor, it is recommended to use sourceTensor.clone().detach() or sourceTensor.clone().detach().requires_grad_(True), rather than torch.tensor(sourceTensor).
  X = torch.tensor(X, dtype=torch.float32).to(self.device)
/home/mburu/Master_Thesis/master-thesis-da/DNN_Trial/models/rtdl_models.py:147: UserWarning: To copy construct from a tensor, it is recommended to use sourceTensor.clone().detach() or sourceTensor.clone().detach().requires_grad_(True), rather than torch.tensor(sourceTensor).
  X = torch.tensor(X, dtype=torch.float32).to(self.device)
[I 2025-05-04 20:31:10,326] Trial 3 finished with value: 4.538889800000001 and parameters: {'n_blocks': 6, 'd_block': 64, 'd_hidden': 7, 'd_hidden_multiplier': 3.8981737255675237, 'dropout1': 0.06335102245740858, 'dropout2': 0.254074431338899}. Best is trial 2 with value: 4.3061893.
/home/mburu/Master_Thesis/master-thesis-da/DNN_Trial/models/rtdl_models.py:157: UserWarning: To copy construct from a tensor, it is recommended to use sourceTensor.clone().detach() or sourceTensor.clone().detach().requires_grad_(True), rather than torch.tensor(sourceTensor).
  X = torch.tensor(X, dtype=torch.float32).to(self.device)
/home/mburu/Master_Thesis/master-thesis-da/DNN_Trial/models/rtdl_models.py:147: UserWarning: To copy construct from a tensor, it is recommended to use sourceTensor.clone().detach() or sourceTensor.clone().detach().requires_grad_(True), rather than torch.tensor(sourceTensor).
  X = torch.tensor(X, dtype=torch.float32).to(self.device)
/home/mburu/Master_Thesis/master-thesis-da/DNN_Trial/models/rtdl_models.py:157: UserWarning: To copy construct from a tensor, it is recommended to use sourceTensor.clone().detach() or sourceTensor.clone().detach().requires_grad_(True), rather than torch.tensor(sourceTensor).
  X = torch.tensor(X, dtype=torch.float32).to(self.device)
/home/mburu/Master_Thesis/master-thesis-da/DNN_Trial/models/rtdl_models.py:147: UserWarning: To copy construct from a tensor, it is recommended to use sourceTensor.clone().detach() or sourceTensor.clone().detach().requires_grad_(True), rather than torch.tensor(sourceTensor).
  X = torch.tensor(X, dtype=torch.float32).to(self.device)
/home/mburu/Master_Thesis/master-thesis-da/DNN_Trial/models/rtdl_models.py:157: UserWarning: To copy construct from a tensor, it is recommended to use sourceTensor.clone().detach() or sourceTensor.clone().detach().requires_grad_(True), rather than torch.tensor(sourceTensor).
  X = torch.tensor(X, dtype=torch.float32).to(self.device)
/home/mburu/Master_Thesis/master-thesis-da/DNN_Trial/models/rtdl_models.py:147: UserWarning: To copy construct from a tensor, it is recommended to use sourceTensor.clone().detach() or sourceTensor.clone().detach().requires_grad_(True), rather than torch.tensor(sourceTensor).
  X = torch.tensor(X, dtype=torch.float32).to(self.device)
/home/mburu/Master_Thesis/master-thesis-da/DNN_Trial/models/rtdl_models.py:157: UserWarning: To copy construct from a tensor, it is recommended to use sourceTensor.clone().detach() or sourceTensor.clone().detach().requires_grad_(True), rather than torch.tensor(sourceTensor).
  X = torch.tensor(X, dtype=torch.float32).to(self.device)
/home/mburu/Master_Thesis/master-thesis-da/DNN_Trial/models/rtdl_models.py:147: UserWarning: To copy construct from a tensor, it is recommended to use sourceTensor.clone().detach() or sourceTensor.clone().detach().requires_grad_(True), rather than torch.tensor(sourceTensor).
  X = torch.tensor(X, dtype=torch.float32).to(self.device)
/home/mburu/Master_Thesis/master-thesis-da/DNN_Trial/models/rtdl_models.py:157: UserWarning: To copy construct from a tensor, it is recommended to use sourceTensor.clone().detach() or sourceTensor.clone().detach().requires_grad_(True), rather than torch.tensor(sourceTensor).
  X = torch.tensor(X, dtype=torch.float32).to(self.device)
/home/mburu/Master_Thesis/master-thesis-da/DNN_Trial/models/rtdl_models.py:147: UserWarning: To copy construct from a tensor, it is recommended to use sourceTensor.clone().detach() or sourceTensor.clone().detach().requires_grad_(True), rather than torch.tensor(sourceTensor).
  X = torch.tensor(X, dtype=torch.float32).to(self.device)
[I 2025-05-04 20:31:12,439] Trial 4 finished with value: 4.367789933333333 and parameters: {'n_blocks': 5, 'd_block': 256, 'd_hidden': 6, 'd_hidden_multiplier': 1.4717269726975621, 'dropout1': 0.028580494821832895, 'dropout2': 0.0007953693412655695}. Best is trial 2 with value: 4.3061893.
/home/mburu/Master_Thesis/master-thesis-da/DNN_Trial/models/rtdl_models.py:157: UserWarning: To copy construct from a tensor, it is recommended to use sourceTensor.clone().detach() or sourceTensor.clone().detach().requires_grad_(True), rather than torch.tensor(sourceTensor).
  X = torch.tensor(X, dtype=torch.float32).to(self.device)
/home/mburu/Master_Thesis/master-thesis-da/DNN_Trial/models/rtdl_models.py:147: UserWarning: To copy construct from a tensor, it is recommended to use sourceTensor.clone().detach() or sourceTensor.clone().detach().requires_grad_(True), rather than torch.tensor(sourceTensor).
  X = torch.tensor(X, dtype=torch.float32).to(self.device)
