[I 2025-05-04 20:11:37,328] A new study created in memory with name: ResMLP_Diamonds_outer1
/home/mburu/Master_Thesis/master-thesis-da/DNN_Trial/models/rtdl_models.py:157: UserWarning: To copy construct from a tensor, it is recommended to use sourceTensor.clone().detach() or sourceTensor.clone().detach().requires_grad_(True), rather than torch.tensor(sourceTensor).
  X = torch.tensor(X, dtype=torch.float32).to(self.device)
/home/mburu/Master_Thesis/master-thesis-da/DNN_Trial/models/rtdl_models.py:147: UserWarning: To copy construct from a tensor, it is recommended to use sourceTensor.clone().detach() or sourceTensor.clone().detach().requires_grad_(True), rather than torch.tensor(sourceTensor).
  X = torch.tensor(X, dtype=torch.float32).to(self.device)
/home/mburu/Master_Thesis/master-thesis-da/DNN_Trial/models/rtdl_models.py:157: UserWarning: To copy construct from a tensor, it is recommended to use sourceTensor.clone().detach() or sourceTensor.clone().detach().requires_grad_(True), rather than torch.tensor(sourceTensor).
  X = torch.tensor(X, dtype=torch.float32).to(self.device)
/home/mburu/Master_Thesis/master-thesis-da/DNN_Trial/models/rtdl_models.py:147: UserWarning: To copy construct from a tensor, it is recommended to use sourceTensor.clone().detach() or sourceTensor.clone().detach().requires_grad_(True), rather than torch.tensor(sourceTensor).
  X = torch.tensor(X, dtype=torch.float32).to(self.device)
/home/mburu/Master_Thesis/master-thesis-da/DNN_Trial/models/rtdl_models.py:157: UserWarning: To copy construct from a tensor, it is recommended to use sourceTensor.clone().detach() or sourceTensor.clone().detach().requires_grad_(True), rather than torch.tensor(sourceTensor).
  X = torch.tensor(X, dtype=torch.float32).to(self.device)
/home/mburu/Master_Thesis/master-thesis-da/DNN_Trial/models/rtdl_models.py:147: UserWarning: To copy construct from a tensor, it is recommended to use sourceTensor.clone().detach() or sourceTensor.clone().detach().requires_grad_(True), rather than torch.tensor(sourceTensor).
  X = torch.tensor(X, dtype=torch.float32).to(self.device)
/home/mburu/Master_Thesis/master-thesis-da/DNN_Trial/models/rtdl_models.py:157: UserWarning: To copy construct from a tensor, it is recommended to use sourceTensor.clone().detach() or sourceTensor.clone().detach().requires_grad_(True), rather than torch.tensor(sourceTensor).
  X = torch.tensor(X, dtype=torch.float32).to(self.device)
/home/mburu/Master_Thesis/master-thesis-da/DNN_Trial/models/rtdl_models.py:147: UserWarning: To copy construct from a tensor, it is recommended to use sourceTensor.clone().detach() or sourceTensor.clone().detach().requires_grad_(True), rather than torch.tensor(sourceTensor).
  X = torch.tensor(X, dtype=torch.float32).to(self.device)
/home/mburu/Master_Thesis/master-thesis-da/DNN_Trial/models/rtdl_models.py:157: UserWarning: To copy construct from a tensor, it is recommended to use sourceTensor.clone().detach() or sourceTensor.clone().detach().requires_grad_(True), rather than torch.tensor(sourceTensor).
  X = torch.tensor(X, dtype=torch.float32).to(self.device)
/home/mburu/Master_Thesis/master-thesis-da/DNN_Trial/models/rtdl_models.py:147: UserWarning: To copy construct from a tensor, it is recommended to use sourceTensor.clone().detach() or sourceTensor.clone().detach().requires_grad_(True), rather than torch.tensor(sourceTensor).
  X = torch.tensor(X, dtype=torch.float32).to(self.device)
[I 2025-05-04 20:11:44,693] Trial 0 finished with value: 0.9927925666666667 and parameters: {'n_blocks': 2, 'd_block': 256, 'd_hidden': 4, 'd_hidden_multiplier': 1.3898618700096708, 'dropout1': 0.411172697387806, 'dropout2': 0.07498246925406607}. Best is trial 0 with value: 0.9927925666666667.
/home/mburu/Master_Thesis/master-thesis-da/DNN_Trial/models/rtdl_models.py:157: UserWarning: To copy construct from a tensor, it is recommended to use sourceTensor.clone().detach() or sourceTensor.clone().detach().requires_grad_(True), rather than torch.tensor(sourceTensor).
  X = torch.tensor(X, dtype=torch.float32).to(self.device)
/home/mburu/Master_Thesis/master-thesis-da/DNN_Trial/models/rtdl_models.py:147: UserWarning: To copy construct from a tensor, it is recommended to use sourceTensor.clone().detach() or sourceTensor.clone().detach().requires_grad_(True), rather than torch.tensor(sourceTensor).
  X = torch.tensor(X, dtype=torch.float32).to(self.device)
/home/mburu/Master_Thesis/master-thesis-da/DNN_Trial/models/rtdl_models.py:157: UserWarning: To copy construct from a tensor, it is recommended to use sourceTensor.clone().detach() or sourceTensor.clone().detach().requires_grad_(True), rather than torch.tensor(sourceTensor).
  X = torch.tensor(X, dtype=torch.float32).to(self.device)
/home/mburu/Master_Thesis/master-thesis-da/DNN_Trial/models/rtdl_models.py:147: UserWarning: To copy construct from a tensor, it is recommended to use sourceTensor.clone().detach() or sourceTensor.clone().detach().requires_grad_(True), rather than torch.tensor(sourceTensor).
  X = torch.tensor(X, dtype=torch.float32).to(self.device)
/home/mburu/Master_Thesis/master-thesis-da/DNN_Trial/models/rtdl_models.py:157: UserWarning: To copy construct from a tensor, it is recommended to use sourceTensor.clone().detach() or sourceTensor.clone().detach().requires_grad_(True), rather than torch.tensor(sourceTensor).
  X = torch.tensor(X, dtype=torch.float32).to(self.device)
/home/mburu/Master_Thesis/master-thesis-da/DNN_Trial/models/rtdl_models.py:147: UserWarning: To copy construct from a tensor, it is recommended to use sourceTensor.clone().detach() or sourceTensor.clone().detach().requires_grad_(True), rather than torch.tensor(sourceTensor).
  X = torch.tensor(X, dtype=torch.float32).to(self.device)
/home/mburu/Master_Thesis/master-thesis-da/DNN_Trial/models/rtdl_models.py:157: UserWarning: To copy construct from a tensor, it is recommended to use sourceTensor.clone().detach() or sourceTensor.clone().detach().requires_grad_(True), rather than torch.tensor(sourceTensor).
  X = torch.tensor(X, dtype=torch.float32).to(self.device)
/home/mburu/Master_Thesis/master-thesis-da/DNN_Trial/models/rtdl_models.py:147: UserWarning: To copy construct from a tensor, it is recommended to use sourceTensor.clone().detach() or sourceTensor.clone().detach().requires_grad_(True), rather than torch.tensor(sourceTensor).
  X = torch.tensor(X, dtype=torch.float32).to(self.device)
/home/mburu/Master_Thesis/master-thesis-da/DNN_Trial/models/rtdl_models.py:157: UserWarning: To copy construct from a tensor, it is recommended to use sourceTensor.clone().detach() or sourceTensor.clone().detach().requires_grad_(True), rather than torch.tensor(sourceTensor).
  X = torch.tensor(X, dtype=torch.float32).to(self.device)
/home/mburu/Master_Thesis/master-thesis-da/DNN_Trial/models/rtdl_models.py:147: UserWarning: To copy construct from a tensor, it is recommended to use sourceTensor.clone().detach() or sourceTensor.clone().detach().requires_grad_(True), rather than torch.tensor(sourceTensor).
  X = torch.tensor(X, dtype=torch.float32).to(self.device)
[I 2025-05-04 20:11:51,106] Trial 1 finished with value: 0.9682343 and parameters: {'n_blocks': 2, 'd_block': 256, 'd_hidden': 2, 'd_hidden_multiplier': 1.961771223180243, 'dropout1': 0.43714242999653574, 'dropout2': 0.2907948601318978}. Best is trial 1 with value: 0.9682343.
/home/mburu/Master_Thesis/master-thesis-da/DNN_Trial/models/rtdl_models.py:157: UserWarning: To copy construct from a tensor, it is recommended to use sourceTensor.clone().detach() or sourceTensor.clone().detach().requires_grad_(True), rather than torch.tensor(sourceTensor).
  X = torch.tensor(X, dtype=torch.float32).to(self.device)
/home/mburu/Master_Thesis/master-thesis-da/DNN_Trial/models/rtdl_models.py:147: UserWarning: To copy construct from a tensor, it is recommended to use sourceTensor.clone().detach() or sourceTensor.clone().detach().requires_grad_(True), rather than torch.tensor(sourceTensor).
  X = torch.tensor(X, dtype=torch.float32).to(self.device)
/home/mburu/Master_Thesis/master-thesis-da/DNN_Trial/models/rtdl_models.py:157: UserWarning: To copy construct from a tensor, it is recommended to use sourceTensor.clone().detach() or sourceTensor.clone().detach().requires_grad_(True), rather than torch.tensor(sourceTensor).
  X = torch.tensor(X, dtype=torch.float32).to(self.device)
/home/mburu/Master_Thesis/master-thesis-da/DNN_Trial/models/rtdl_models.py:147: UserWarning: To copy construct from a tensor, it is recommended to use sourceTensor.clone().detach() or sourceTensor.clone().detach().requires_grad_(True), rather than torch.tensor(sourceTensor).
  X = torch.tensor(X, dtype=torch.float32).to(self.device)
/home/mburu/Master_Thesis/master-thesis-da/DNN_Trial/models/rtdl_models.py:157: UserWarning: To copy construct from a tensor, it is recommended to use sourceTensor.clone().detach() or sourceTensor.clone().detach().requires_grad_(True), rather than torch.tensor(sourceTensor).
  X = torch.tensor(X, dtype=torch.float32).to(self.device)
/home/mburu/Master_Thesis/master-thesis-da/DNN_Trial/models/rtdl_models.py:147: UserWarning: To copy construct from a tensor, it is recommended to use sourceTensor.clone().detach() or sourceTensor.clone().detach().requires_grad_(True), rather than torch.tensor(sourceTensor).
  X = torch.tensor(X, dtype=torch.float32).to(self.device)
/home/mburu/Master_Thesis/master-thesis-da/DNN_Trial/models/rtdl_models.py:157: UserWarning: To copy construct from a tensor, it is recommended to use sourceTensor.clone().detach() or sourceTensor.clone().detach().requires_grad_(True), rather than torch.tensor(sourceTensor).
  X = torch.tensor(X, dtype=torch.float32).to(self.device)
/home/mburu/Master_Thesis/master-thesis-da/DNN_Trial/models/rtdl_models.py:147: UserWarning: To copy construct from a tensor, it is recommended to use sourceTensor.clone().detach() or sourceTensor.clone().detach().requires_grad_(True), rather than torch.tensor(sourceTensor).
  X = torch.tensor(X, dtype=torch.float32).to(self.device)
/home/mburu/Master_Thesis/master-thesis-da/DNN_Trial/models/rtdl_models.py:157: UserWarning: To copy construct from a tensor, it is recommended to use sourceTensor.clone().detach() or sourceTensor.clone().detach().requires_grad_(True), rather than torch.tensor(sourceTensor).
  X = torch.tensor(X, dtype=torch.float32).to(self.device)
/home/mburu/Master_Thesis/master-thesis-da/DNN_Trial/models/rtdl_models.py:147: UserWarning: To copy construct from a tensor, it is recommended to use sourceTensor.clone().detach() or sourceTensor.clone().detach().requires_grad_(True), rather than torch.tensor(sourceTensor).
  X = torch.tensor(X, dtype=torch.float32).to(self.device)
[I 2025-05-04 20:11:58,141] Trial 2 finished with value: 1.0273976 and parameters: {'n_blocks': 2, 'd_block': 64, 'd_hidden': 4, 'd_hidden_multiplier': 3.5301590768913393, 'dropout1': 0.06282536598829822, 'dropout2': 0.05927788460698948}. Best is trial 1 with value: 0.9682343.
/home/mburu/Master_Thesis/master-thesis-da/DNN_Trial/models/rtdl_models.py:157: UserWarning: To copy construct from a tensor, it is recommended to use sourceTensor.clone().detach() or sourceTensor.clone().detach().requires_grad_(True), rather than torch.tensor(sourceTensor).
  X = torch.tensor(X, dtype=torch.float32).to(self.device)
/home/mburu/Master_Thesis/master-thesis-da/DNN_Trial/models/rtdl_models.py:147: UserWarning: To copy construct from a tensor, it is recommended to use sourceTensor.clone().detach() or sourceTensor.clone().detach().requires_grad_(True), rather than torch.tensor(sourceTensor).
  X = torch.tensor(X, dtype=torch.float32).to(self.device)
/home/mburu/Master_Thesis/master-thesis-da/DNN_Trial/models/rtdl_models.py:157: UserWarning: To copy construct from a tensor, it is recommended to use sourceTensor.clone().detach() or sourceTensor.clone().detach().requires_grad_(True), rather than torch.tensor(sourceTensor).
  X = torch.tensor(X, dtype=torch.float32).to(self.device)
/home/mburu/Master_Thesis/master-thesis-da/DNN_Trial/models/rtdl_models.py:147: UserWarning: To copy construct from a tensor, it is recommended to use sourceTensor.clone().detach() or sourceTensor.clone().detach().requires_grad_(True), rather than torch.tensor(sourceTensor).
  X = torch.tensor(X, dtype=torch.float32).to(self.device)
/home/mburu/Master_Thesis/master-thesis-da/DNN_Trial/models/rtdl_models.py:157: UserWarning: To copy construct from a tensor, it is recommended to use sourceTensor.clone().detach() or sourceTensor.clone().detach().requires_grad_(True), rather than torch.tensor(sourceTensor).
  X = torch.tensor(X, dtype=torch.float32).to(self.device)
/home/mburu/Master_Thesis/master-thesis-da/DNN_Trial/models/rtdl_models.py:147: UserWarning: To copy construct from a tensor, it is recommended to use sourceTensor.clone().detach() or sourceTensor.clone().detach().requires_grad_(True), rather than torch.tensor(sourceTensor).
  X = torch.tensor(X, dtype=torch.float32).to(self.device)
/home/mburu/Master_Thesis/master-thesis-da/DNN_Trial/models/rtdl_models.py:157: UserWarning: To copy construct from a tensor, it is recommended to use sourceTensor.clone().detach() or sourceTensor.clone().detach().requires_grad_(True), rather than torch.tensor(sourceTensor).
  X = torch.tensor(X, dtype=torch.float32).to(self.device)
/home/mburu/Master_Thesis/master-thesis-da/DNN_Trial/models/rtdl_models.py:147: UserWarning: To copy construct from a tensor, it is recommended to use sourceTensor.clone().detach() or sourceTensor.clone().detach().requires_grad_(True), rather than torch.tensor(sourceTensor).
  X = torch.tensor(X, dtype=torch.float32).to(self.device)
/home/mburu/Master_Thesis/master-thesis-da/DNN_Trial/models/rtdl_models.py:157: UserWarning: To copy construct from a tensor, it is recommended to use sourceTensor.clone().detach() or sourceTensor.clone().detach().requires_grad_(True), rather than torch.tensor(sourceTensor).
  X = torch.tensor(X, dtype=torch.float32).to(self.device)
/home/mburu/Master_Thesis/master-thesis-da/DNN_Trial/models/rtdl_models.py:147: UserWarning: To copy construct from a tensor, it is recommended to use sourceTensor.clone().detach() or sourceTensor.clone().detach().requires_grad_(True), rather than torch.tensor(sourceTensor).
  X = torch.tensor(X, dtype=torch.float32).to(self.device)
[I 2025-05-04 20:12:07,607] Trial 3 finished with value: 0.8932595666666666 and parameters: {'n_blocks': 6, 'd_block': 128, 'd_hidden': 5, 'd_hidden_multiplier': 1.6469990033121622, 'dropout1': 0.1279373990844757, 'dropout2': 0.09909622892506705}. Best is trial 3 with value: 0.8932595666666666.
/home/mburu/Master_Thesis/master-thesis-da/DNN_Trial/models/rtdl_models.py:157: UserWarning: To copy construct from a tensor, it is recommended to use sourceTensor.clone().detach() or sourceTensor.clone().detach().requires_grad_(True), rather than torch.tensor(sourceTensor).
  X = torch.tensor(X, dtype=torch.float32).to(self.device)
/home/mburu/Master_Thesis/master-thesis-da/DNN_Trial/models/rtdl_models.py:147: UserWarning: To copy construct from a tensor, it is recommended to use sourceTensor.clone().detach() or sourceTensor.clone().detach().requires_grad_(True), rather than torch.tensor(sourceTensor).
  X = torch.tensor(X, dtype=torch.float32).to(self.device)
/home/mburu/Master_Thesis/master-thesis-da/DNN_Trial/models/rtdl_models.py:157: UserWarning: To copy construct from a tensor, it is recommended to use sourceTensor.clone().detach() or sourceTensor.clone().detach().requires_grad_(True), rather than torch.tensor(sourceTensor).
  X = torch.tensor(X, dtype=torch.float32).to(self.device)
/home/mburu/Master_Thesis/master-thesis-da/DNN_Trial/models/rtdl_models.py:147: UserWarning: To copy construct from a tensor, it is recommended to use sourceTensor.clone().detach() or sourceTensor.clone().detach().requires_grad_(True), rather than torch.tensor(sourceTensor).
  X = torch.tensor(X, dtype=torch.float32).to(self.device)
/home/mburu/Master_Thesis/master-thesis-da/DNN_Trial/models/rtdl_models.py:157: UserWarning: To copy construct from a tensor, it is recommended to use sourceTensor.clone().detach() or sourceTensor.clone().detach().requires_grad_(True), rather than torch.tensor(sourceTensor).
  X = torch.tensor(X, dtype=torch.float32).to(self.device)
/home/mburu/Master_Thesis/master-thesis-da/DNN_Trial/models/rtdl_models.py:147: UserWarning: To copy construct from a tensor, it is recommended to use sourceTensor.clone().detach() or sourceTensor.clone().detach().requires_grad_(True), rather than torch.tensor(sourceTensor).
  X = torch.tensor(X, dtype=torch.float32).to(self.device)
/home/mburu/Master_Thesis/master-thesis-da/DNN_Trial/models/rtdl_models.py:157: UserWarning: To copy construct from a tensor, it is recommended to use sourceTensor.clone().detach() or sourceTensor.clone().detach().requires_grad_(True), rather than torch.tensor(sourceTensor).
  X = torch.tensor(X, dtype=torch.float32).to(self.device)
/home/mburu/Master_Thesis/master-thesis-da/DNN_Trial/models/rtdl_models.py:147: UserWarning: To copy construct from a tensor, it is recommended to use sourceTensor.clone().detach() or sourceTensor.clone().detach().requires_grad_(True), rather than torch.tensor(sourceTensor).
  X = torch.tensor(X, dtype=torch.float32).to(self.device)
/home/mburu/Master_Thesis/master-thesis-da/DNN_Trial/models/rtdl_models.py:157: UserWarning: To copy construct from a tensor, it is recommended to use sourceTensor.clone().detach() or sourceTensor.clone().detach().requires_grad_(True), rather than torch.tensor(sourceTensor).
  X = torch.tensor(X, dtype=torch.float32).to(self.device)
/home/mburu/Master_Thesis/master-thesis-da/DNN_Trial/models/rtdl_models.py:147: UserWarning: To copy construct from a tensor, it is recommended to use sourceTensor.clone().detach() or sourceTensor.clone().detach().requires_grad_(True), rather than torch.tensor(sourceTensor).
  X = torch.tensor(X, dtype=torch.float32).to(self.device)
[I 2025-05-04 20:12:14,580] Trial 4 finished with value: 1.0452584333333335 and parameters: {'n_blocks': 2, 'd_block': 64, 'd_hidden': 10, 'd_hidden_multiplier': 2.694485514516784, 'dropout1': 0.2388611001172114, 'dropout2': 0.26444002929670746}. Best is trial 3 with value: 0.8932595666666666.
/home/mburu/Master_Thesis/master-thesis-da/DNN_Trial/models/rtdl_models.py:157: UserWarning: To copy construct from a tensor, it is recommended to use sourceTensor.clone().detach() or sourceTensor.clone().detach().requires_grad_(True), rather than torch.tensor(sourceTensor).
  X = torch.tensor(X, dtype=torch.float32).to(self.device)
/home/mburu/Master_Thesis/master-thesis-da/DNN_Trial/models/rtdl_models.py:147: UserWarning: To copy construct from a tensor, it is recommended to use sourceTensor.clone().detach() or sourceTensor.clone().detach().requires_grad_(True), rather than torch.tensor(sourceTensor).
  X = torch.tensor(X, dtype=torch.float32).to(self.device)
[I 2025-05-04 20:12:16,871] A new study created in memory with name: ResMLP_Diamonds_outer2
/home/mburu/Master_Thesis/master-thesis-da/DNN_Trial/models/rtdl_models.py:157: UserWarning: To copy construct from a tensor, it is recommended to use sourceTensor.clone().detach() or sourceTensor.clone().detach().requires_grad_(True), rather than torch.tensor(sourceTensor).
  X = torch.tensor(X, dtype=torch.float32).to(self.device)
/home/mburu/Master_Thesis/master-thesis-da/DNN_Trial/models/rtdl_models.py:147: UserWarning: To copy construct from a tensor, it is recommended to use sourceTensor.clone().detach() or sourceTensor.clone().detach().requires_grad_(True), rather than torch.tensor(sourceTensor).
  X = torch.tensor(X, dtype=torch.float32).to(self.device)
/home/mburu/Master_Thesis/master-thesis-da/DNN_Trial/models/rtdl_models.py:157: UserWarning: To copy construct from a tensor, it is recommended to use sourceTensor.clone().detach() or sourceTensor.clone().detach().requires_grad_(True), rather than torch.tensor(sourceTensor).
  X = torch.tensor(X, dtype=torch.float32).to(self.device)
/home/mburu/Master_Thesis/master-thesis-da/DNN_Trial/models/rtdl_models.py:147: UserWarning: To copy construct from a tensor, it is recommended to use sourceTensor.clone().detach() or sourceTensor.clone().detach().requires_grad_(True), rather than torch.tensor(sourceTensor).
  X = torch.tensor(X, dtype=torch.float32).to(self.device)
/home/mburu/Master_Thesis/master-thesis-da/DNN_Trial/models/rtdl_models.py:157: UserWarning: To copy construct from a tensor, it is recommended to use sourceTensor.clone().detach() or sourceTensor.clone().detach().requires_grad_(True), rather than torch.tensor(sourceTensor).
  X = torch.tensor(X, dtype=torch.float32).to(self.device)
/home/mburu/Master_Thesis/master-thesis-da/DNN_Trial/models/rtdl_models.py:147: UserWarning: To copy construct from a tensor, it is recommended to use sourceTensor.clone().detach() or sourceTensor.clone().detach().requires_grad_(True), rather than torch.tensor(sourceTensor).
  X = torch.tensor(X, dtype=torch.float32).to(self.device)
/home/mburu/Master_Thesis/master-thesis-da/DNN_Trial/models/rtdl_models.py:157: UserWarning: To copy construct from a tensor, it is recommended to use sourceTensor.clone().detach() or sourceTensor.clone().detach().requires_grad_(True), rather than torch.tensor(sourceTensor).
  X = torch.tensor(X, dtype=torch.float32).to(self.device)
/home/mburu/Master_Thesis/master-thesis-da/DNN_Trial/models/rtdl_models.py:147: UserWarning: To copy construct from a tensor, it is recommended to use sourceTensor.clone().detach() or sourceTensor.clone().detach().requires_grad_(True), rather than torch.tensor(sourceTensor).
  X = torch.tensor(X, dtype=torch.float32).to(self.device)
/home/mburu/Master_Thesis/master-thesis-da/DNN_Trial/models/rtdl_models.py:157: UserWarning: To copy construct from a tensor, it is recommended to use sourceTensor.clone().detach() or sourceTensor.clone().detach().requires_grad_(True), rather than torch.tensor(sourceTensor).
  X = torch.tensor(X, dtype=torch.float32).to(self.device)
/home/mburu/Master_Thesis/master-thesis-da/DNN_Trial/models/rtdl_models.py:147: UserWarning: To copy construct from a tensor, it is recommended to use sourceTensor.clone().detach() or sourceTensor.clone().detach().requires_grad_(True), rather than torch.tensor(sourceTensor).
  X = torch.tensor(X, dtype=torch.float32).to(self.device)
[I 2025-05-04 20:12:23,504] Trial 0 finished with value: 0.9582488666666666 and parameters: {'n_blocks': 2, 'd_block': 128, 'd_hidden': 2, 'd_hidden_multiplier': 2.3347802444407866, 'dropout1': 0.21375824456248238, 'dropout2': 0.2921720552830236}. Best is trial 0 with value: 0.9582488666666666.
/home/mburu/Master_Thesis/master-thesis-da/DNN_Trial/models/rtdl_models.py:157: UserWarning: To copy construct from a tensor, it is recommended to use sourceTensor.clone().detach() or sourceTensor.clone().detach().requires_grad_(True), rather than torch.tensor(sourceTensor).
  X = torch.tensor(X, dtype=torch.float32).to(self.device)
/home/mburu/Master_Thesis/master-thesis-da/DNN_Trial/models/rtdl_models.py:147: UserWarning: To copy construct from a tensor, it is recommended to use sourceTensor.clone().detach() or sourceTensor.clone().detach().requires_grad_(True), rather than torch.tensor(sourceTensor).
  X = torch.tensor(X, dtype=torch.float32).to(self.device)
/home/mburu/Master_Thesis/master-thesis-da/DNN_Trial/models/rtdl_models.py:157: UserWarning: To copy construct from a tensor, it is recommended to use sourceTensor.clone().detach() or sourceTensor.clone().detach().requires_grad_(True), rather than torch.tensor(sourceTensor).
  X = torch.tensor(X, dtype=torch.float32).to(self.device)
/home/mburu/Master_Thesis/master-thesis-da/DNN_Trial/models/rtdl_models.py:147: UserWarning: To copy construct from a tensor, it is recommended to use sourceTensor.clone().detach() or sourceTensor.clone().detach().requires_grad_(True), rather than torch.tensor(sourceTensor).
  X = torch.tensor(X, dtype=torch.float32).to(self.device)
/home/mburu/Master_Thesis/master-thesis-da/DNN_Trial/models/rtdl_models.py:157: UserWarning: To copy construct from a tensor, it is recommended to use sourceTensor.clone().detach() or sourceTensor.clone().detach().requires_grad_(True), rather than torch.tensor(sourceTensor).
  X = torch.tensor(X, dtype=torch.float32).to(self.device)
/home/mburu/Master_Thesis/master-thesis-da/DNN_Trial/models/rtdl_models.py:147: UserWarning: To copy construct from a tensor, it is recommended to use sourceTensor.clone().detach() or sourceTensor.clone().detach().requires_grad_(True), rather than torch.tensor(sourceTensor).
  X = torch.tensor(X, dtype=torch.float32).to(self.device)
/home/mburu/Master_Thesis/master-thesis-da/DNN_Trial/models/rtdl_models.py:157: UserWarning: To copy construct from a tensor, it is recommended to use sourceTensor.clone().detach() or sourceTensor.clone().detach().requires_grad_(True), rather than torch.tensor(sourceTensor).
  X = torch.tensor(X, dtype=torch.float32).to(self.device)
/home/mburu/Master_Thesis/master-thesis-da/DNN_Trial/models/rtdl_models.py:147: UserWarning: To copy construct from a tensor, it is recommended to use sourceTensor.clone().detach() or sourceTensor.clone().detach().requires_grad_(True), rather than torch.tensor(sourceTensor).
  X = torch.tensor(X, dtype=torch.float32).to(self.device)
/home/mburu/Master_Thesis/master-thesis-da/DNN_Trial/models/rtdl_models.py:157: UserWarning: To copy construct from a tensor, it is recommended to use sourceTensor.clone().detach() or sourceTensor.clone().detach().requires_grad_(True), rather than torch.tensor(sourceTensor).
  X = torch.tensor(X, dtype=torch.float32).to(self.device)
/home/mburu/Master_Thesis/master-thesis-da/DNN_Trial/models/rtdl_models.py:147: UserWarning: To copy construct from a tensor, it is recommended to use sourceTensor.clone().detach() or sourceTensor.clone().detach().requires_grad_(True), rather than torch.tensor(sourceTensor).
  X = torch.tensor(X, dtype=torch.float32).to(self.device)
[I 2025-05-04 20:12:29,903] Trial 1 finished with value: 1.0084661333333333 and parameters: {'n_blocks': 2, 'd_block': 128, 'd_hidden': 4, 'd_hidden_multiplier': 3.1391712325849803, 'dropout1': 0.16259952162304375, 'dropout2': 0.09734835622142561}. Best is trial 0 with value: 0.9582488666666666.
/home/mburu/Master_Thesis/master-thesis-da/DNN_Trial/models/rtdl_models.py:157: UserWarning: To copy construct from a tensor, it is recommended to use sourceTensor.clone().detach() or sourceTensor.clone().detach().requires_grad_(True), rather than torch.tensor(sourceTensor).
  X = torch.tensor(X, dtype=torch.float32).to(self.device)
/home/mburu/Master_Thesis/master-thesis-da/DNN_Trial/models/rtdl_models.py:147: UserWarning: To copy construct from a tensor, it is recommended to use sourceTensor.clone().detach() or sourceTensor.clone().detach().requires_grad_(True), rather than torch.tensor(sourceTensor).
  X = torch.tensor(X, dtype=torch.float32).to(self.device)
/home/mburu/Master_Thesis/master-thesis-da/DNN_Trial/models/rtdl_models.py:157: UserWarning: To copy construct from a tensor, it is recommended to use sourceTensor.clone().detach() or sourceTensor.clone().detach().requires_grad_(True), rather than torch.tensor(sourceTensor).
  X = torch.tensor(X, dtype=torch.float32).to(self.device)
/home/mburu/Master_Thesis/master-thesis-da/DNN_Trial/models/rtdl_models.py:147: UserWarning: To copy construct from a tensor, it is recommended to use sourceTensor.clone().detach() or sourceTensor.clone().detach().requires_grad_(True), rather than torch.tensor(sourceTensor).
  X = torch.tensor(X, dtype=torch.float32).to(self.device)
/home/mburu/Master_Thesis/master-thesis-da/DNN_Trial/models/rtdl_models.py:157: UserWarning: To copy construct from a tensor, it is recommended to use sourceTensor.clone().detach() or sourceTensor.clone().detach().requires_grad_(True), rather than torch.tensor(sourceTensor).
  X = torch.tensor(X, dtype=torch.float32).to(self.device)
/home/mburu/Master_Thesis/master-thesis-da/DNN_Trial/models/rtdl_models.py:147: UserWarning: To copy construct from a tensor, it is recommended to use sourceTensor.clone().detach() or sourceTensor.clone().detach().requires_grad_(True), rather than torch.tensor(sourceTensor).
  X = torch.tensor(X, dtype=torch.float32).to(self.device)
/home/mburu/Master_Thesis/master-thesis-da/DNN_Trial/models/rtdl_models.py:157: UserWarning: To copy construct from a tensor, it is recommended to use sourceTensor.clone().detach() or sourceTensor.clone().detach().requires_grad_(True), rather than torch.tensor(sourceTensor).
  X = torch.tensor(X, dtype=torch.float32).to(self.device)
/home/mburu/Master_Thesis/master-thesis-da/DNN_Trial/models/rtdl_models.py:147: UserWarning: To copy construct from a tensor, it is recommended to use sourceTensor.clone().detach() or sourceTensor.clone().detach().requires_grad_(True), rather than torch.tensor(sourceTensor).
  X = torch.tensor(X, dtype=torch.float32).to(self.device)
/home/mburu/Master_Thesis/master-thesis-da/DNN_Trial/models/rtdl_models.py:157: UserWarning: To copy construct from a tensor, it is recommended to use sourceTensor.clone().detach() or sourceTensor.clone().detach().requires_grad_(True), rather than torch.tensor(sourceTensor).
  X = torch.tensor(X, dtype=torch.float32).to(self.device)
/home/mburu/Master_Thesis/master-thesis-da/DNN_Trial/models/rtdl_models.py:147: UserWarning: To copy construct from a tensor, it is recommended to use sourceTensor.clone().detach() or sourceTensor.clone().detach().requires_grad_(True), rather than torch.tensor(sourceTensor).
  X = torch.tensor(X, dtype=torch.float32).to(self.device)
[I 2025-05-04 20:12:35,677] Trial 2 finished with value: 1.0191436 and parameters: {'n_blocks': 3, 'd_block': 256, 'd_hidden': 2, 'd_hidden_multiplier': 2.355477662831739, 'dropout1': 0.37478889407081517, 'dropout2': 0.19439823812259366}. Best is trial 0 with value: 0.9582488666666666.
/home/mburu/Master_Thesis/master-thesis-da/DNN_Trial/models/rtdl_models.py:157: UserWarning: To copy construct from a tensor, it is recommended to use sourceTensor.clone().detach() or sourceTensor.clone().detach().requires_grad_(True), rather than torch.tensor(sourceTensor).
  X = torch.tensor(X, dtype=torch.float32).to(self.device)
/home/mburu/Master_Thesis/master-thesis-da/DNN_Trial/models/rtdl_models.py:147: UserWarning: To copy construct from a tensor, it is recommended to use sourceTensor.clone().detach() or sourceTensor.clone().detach().requires_grad_(True), rather than torch.tensor(sourceTensor).
  X = torch.tensor(X, dtype=torch.float32).to(self.device)
/home/mburu/Master_Thesis/master-thesis-da/DNN_Trial/models/rtdl_models.py:157: UserWarning: To copy construct from a tensor, it is recommended to use sourceTensor.clone().detach() or sourceTensor.clone().detach().requires_grad_(True), rather than torch.tensor(sourceTensor).
  X = torch.tensor(X, dtype=torch.float32).to(self.device)
/home/mburu/Master_Thesis/master-thesis-da/DNN_Trial/models/rtdl_models.py:147: UserWarning: To copy construct from a tensor, it is recommended to use sourceTensor.clone().detach() or sourceTensor.clone().detach().requires_grad_(True), rather than torch.tensor(sourceTensor).
  X = torch.tensor(X, dtype=torch.float32).to(self.device)
/home/mburu/Master_Thesis/master-thesis-da/DNN_Trial/models/rtdl_models.py:157: UserWarning: To copy construct from a tensor, it is recommended to use sourceTensor.clone().detach() or sourceTensor.clone().detach().requires_grad_(True), rather than torch.tensor(sourceTensor).
  X = torch.tensor(X, dtype=torch.float32).to(self.device)
/home/mburu/Master_Thesis/master-thesis-da/DNN_Trial/models/rtdl_models.py:147: UserWarning: To copy construct from a tensor, it is recommended to use sourceTensor.clone().detach() or sourceTensor.clone().detach().requires_grad_(True), rather than torch.tensor(sourceTensor).
  X = torch.tensor(X, dtype=torch.float32).to(self.device)
/home/mburu/Master_Thesis/master-thesis-da/DNN_Trial/models/rtdl_models.py:157: UserWarning: To copy construct from a tensor, it is recommended to use sourceTensor.clone().detach() or sourceTensor.clone().detach().requires_grad_(True), rather than torch.tensor(sourceTensor).
  X = torch.tensor(X, dtype=torch.float32).to(self.device)
/home/mburu/Master_Thesis/master-thesis-da/DNN_Trial/models/rtdl_models.py:147: UserWarning: To copy construct from a tensor, it is recommended to use sourceTensor.clone().detach() or sourceTensor.clone().detach().requires_grad_(True), rather than torch.tensor(sourceTensor).
  X = torch.tensor(X, dtype=torch.float32).to(self.device)
/home/mburu/Master_Thesis/master-thesis-da/DNN_Trial/models/rtdl_models.py:157: UserWarning: To copy construct from a tensor, it is recommended to use sourceTensor.clone().detach() or sourceTensor.clone().detach().requires_grad_(True), rather than torch.tensor(sourceTensor).
  X = torch.tensor(X, dtype=torch.float32).to(self.device)
/home/mburu/Master_Thesis/master-thesis-da/DNN_Trial/models/rtdl_models.py:147: UserWarning: To copy construct from a tensor, it is recommended to use sourceTensor.clone().detach() or sourceTensor.clone().detach().requires_grad_(True), rather than torch.tensor(sourceTensor).
  X = torch.tensor(X, dtype=torch.float32).to(self.device)
[I 2025-05-04 20:12:42,868] Trial 3 finished with value: 0.9681802666666668 and parameters: {'n_blocks': 4, 'd_block': 128, 'd_hidden': 3, 'd_hidden_multiplier': 2.509037749264077, 'dropout1': 0.17088701527145847, 'dropout2': 0.11144397589574387}. Best is trial 0 with value: 0.9582488666666666.
/home/mburu/Master_Thesis/master-thesis-da/DNN_Trial/models/rtdl_models.py:157: UserWarning: To copy construct from a tensor, it is recommended to use sourceTensor.clone().detach() or sourceTensor.clone().detach().requires_grad_(True), rather than torch.tensor(sourceTensor).
  X = torch.tensor(X, dtype=torch.float32).to(self.device)
/home/mburu/Master_Thesis/master-thesis-da/DNN_Trial/models/rtdl_models.py:147: UserWarning: To copy construct from a tensor, it is recommended to use sourceTensor.clone().detach() or sourceTensor.clone().detach().requires_grad_(True), rather than torch.tensor(sourceTensor).
  X = torch.tensor(X, dtype=torch.float32).to(self.device)
/home/mburu/Master_Thesis/master-thesis-da/DNN_Trial/models/rtdl_models.py:157: UserWarning: To copy construct from a tensor, it is recommended to use sourceTensor.clone().detach() or sourceTensor.clone().detach().requires_grad_(True), rather than torch.tensor(sourceTensor).
  X = torch.tensor(X, dtype=torch.float32).to(self.device)
/home/mburu/Master_Thesis/master-thesis-da/DNN_Trial/models/rtdl_models.py:147: UserWarning: To copy construct from a tensor, it is recommended to use sourceTensor.clone().detach() or sourceTensor.clone().detach().requires_grad_(True), rather than torch.tensor(sourceTensor).
  X = torch.tensor(X, dtype=torch.float32).to(self.device)
/home/mburu/Master_Thesis/master-thesis-da/DNN_Trial/models/rtdl_models.py:157: UserWarning: To copy construct from a tensor, it is recommended to use sourceTensor.clone().detach() or sourceTensor.clone().detach().requires_grad_(True), rather than torch.tensor(sourceTensor).
  X = torch.tensor(X, dtype=torch.float32).to(self.device)
/home/mburu/Master_Thesis/master-thesis-da/DNN_Trial/models/rtdl_models.py:147: UserWarning: To copy construct from a tensor, it is recommended to use sourceTensor.clone().detach() or sourceTensor.clone().detach().requires_grad_(True), rather than torch.tensor(sourceTensor).
  X = torch.tensor(X, dtype=torch.float32).to(self.device)
/home/mburu/Master_Thesis/master-thesis-da/DNN_Trial/models/rtdl_models.py:157: UserWarning: To copy construct from a tensor, it is recommended to use sourceTensor.clone().detach() or sourceTensor.clone().detach().requires_grad_(True), rather than torch.tensor(sourceTensor).
  X = torch.tensor(X, dtype=torch.float32).to(self.device)
/home/mburu/Master_Thesis/master-thesis-da/DNN_Trial/models/rtdl_models.py:147: UserWarning: To copy construct from a tensor, it is recommended to use sourceTensor.clone().detach() or sourceTensor.clone().detach().requires_grad_(True), rather than torch.tensor(sourceTensor).
  X = torch.tensor(X, dtype=torch.float32).to(self.device)
/home/mburu/Master_Thesis/master-thesis-da/DNN_Trial/models/rtdl_models.py:157: UserWarning: To copy construct from a tensor, it is recommended to use sourceTensor.clone().detach() or sourceTensor.clone().detach().requires_grad_(True), rather than torch.tensor(sourceTensor).
  X = torch.tensor(X, dtype=torch.float32).to(self.device)
/home/mburu/Master_Thesis/master-thesis-da/DNN_Trial/models/rtdl_models.py:147: UserWarning: To copy construct from a tensor, it is recommended to use sourceTensor.clone().detach() or sourceTensor.clone().detach().requires_grad_(True), rather than torch.tensor(sourceTensor).
  X = torch.tensor(X, dtype=torch.float32).to(self.device)
[I 2025-05-04 20:12:50,290] Trial 4 finished with value: 0.9682906666666666 and parameters: {'n_blocks': 6, 'd_block': 256, 'd_hidden': 9, 'd_hidden_multiplier': 1.4828828468805773, 'dropout1': 0.15191355094858436, 'dropout2': 0.24290260525038954}. Best is trial 0 with value: 0.9582488666666666.
/home/mburu/Master_Thesis/master-thesis-da/DNN_Trial/models/rtdl_models.py:157: UserWarning: To copy construct from a tensor, it is recommended to use sourceTensor.clone().detach() or sourceTensor.clone().detach().requires_grad_(True), rather than torch.tensor(sourceTensor).
  X = torch.tensor(X, dtype=torch.float32).to(self.device)
/home/mburu/Master_Thesis/master-thesis-da/DNN_Trial/models/rtdl_models.py:147: UserWarning: To copy construct from a tensor, it is recommended to use sourceTensor.clone().detach() or sourceTensor.clone().detach().requires_grad_(True), rather than torch.tensor(sourceTensor).
  X = torch.tensor(X, dtype=torch.float32).to(self.device)
[I 2025-05-04 20:12:51,964] A new study created in memory with name: ResMLP_Diamonds_outer3
/home/mburu/Master_Thesis/master-thesis-da/DNN_Trial/models/rtdl_models.py:157: UserWarning: To copy construct from a tensor, it is recommended to use sourceTensor.clone().detach() or sourceTensor.clone().detach().requires_grad_(True), rather than torch.tensor(sourceTensor).
  X = torch.tensor(X, dtype=torch.float32).to(self.device)
/home/mburu/Master_Thesis/master-thesis-da/DNN_Trial/models/rtdl_models.py:147: UserWarning: To copy construct from a tensor, it is recommended to use sourceTensor.clone().detach() or sourceTensor.clone().detach().requires_grad_(True), rather than torch.tensor(sourceTensor).
  X = torch.tensor(X, dtype=torch.float32).to(self.device)
/home/mburu/Master_Thesis/master-thesis-da/DNN_Trial/models/rtdl_models.py:157: UserWarning: To copy construct from a tensor, it is recommended to use sourceTensor.clone().detach() or sourceTensor.clone().detach().requires_grad_(True), rather than torch.tensor(sourceTensor).
  X = torch.tensor(X, dtype=torch.float32).to(self.device)
/home/mburu/Master_Thesis/master-thesis-da/DNN_Trial/models/rtdl_models.py:147: UserWarning: To copy construct from a tensor, it is recommended to use sourceTensor.clone().detach() or sourceTensor.clone().detach().requires_grad_(True), rather than torch.tensor(sourceTensor).
  X = torch.tensor(X, dtype=torch.float32).to(self.device)
/home/mburu/Master_Thesis/master-thesis-da/DNN_Trial/models/rtdl_models.py:157: UserWarning: To copy construct from a tensor, it is recommended to use sourceTensor.clone().detach() or sourceTensor.clone().detach().requires_grad_(True), rather than torch.tensor(sourceTensor).
  X = torch.tensor(X, dtype=torch.float32).to(self.device)
/home/mburu/Master_Thesis/master-thesis-da/DNN_Trial/models/rtdl_models.py:147: UserWarning: To copy construct from a tensor, it is recommended to use sourceTensor.clone().detach() or sourceTensor.clone().detach().requires_grad_(True), rather than torch.tensor(sourceTensor).
  X = torch.tensor(X, dtype=torch.float32).to(self.device)
/home/mburu/Master_Thesis/master-thesis-da/DNN_Trial/models/rtdl_models.py:157: UserWarning: To copy construct from a tensor, it is recommended to use sourceTensor.clone().detach() or sourceTensor.clone().detach().requires_grad_(True), rather than torch.tensor(sourceTensor).
  X = torch.tensor(X, dtype=torch.float32).to(self.device)
/home/mburu/Master_Thesis/master-thesis-da/DNN_Trial/models/rtdl_models.py:147: UserWarning: To copy construct from a tensor, it is recommended to use sourceTensor.clone().detach() or sourceTensor.clone().detach().requires_grad_(True), rather than torch.tensor(sourceTensor).
  X = torch.tensor(X, dtype=torch.float32).to(self.device)
/home/mburu/Master_Thesis/master-thesis-da/DNN_Trial/models/rtdl_models.py:157: UserWarning: To copy construct from a tensor, it is recommended to use sourceTensor.clone().detach() or sourceTensor.clone().detach().requires_grad_(True), rather than torch.tensor(sourceTensor).
  X = torch.tensor(X, dtype=torch.float32).to(self.device)
/home/mburu/Master_Thesis/master-thesis-da/DNN_Trial/models/rtdl_models.py:147: UserWarning: To copy construct from a tensor, it is recommended to use sourceTensor.clone().detach() or sourceTensor.clone().detach().requires_grad_(True), rather than torch.tensor(sourceTensor).
  X = torch.tensor(X, dtype=torch.float32).to(self.device)
[I 2025-05-04 20:12:58,222] Trial 0 finished with value: 0.9562951333333333 and parameters: {'n_blocks': 2, 'd_block': 128, 'd_hidden': 3, 'd_hidden_multiplier': 2.62966951849482, 'dropout1': 0.004831465975998017, 'dropout2': 0.1940967801979976}. Best is trial 0 with value: 0.9562951333333333.
/home/mburu/Master_Thesis/master-thesis-da/DNN_Trial/models/rtdl_models.py:157: UserWarning: To copy construct from a tensor, it is recommended to use sourceTensor.clone().detach() or sourceTensor.clone().detach().requires_grad_(True), rather than torch.tensor(sourceTensor).
  X = torch.tensor(X, dtype=torch.float32).to(self.device)
/home/mburu/Master_Thesis/master-thesis-da/DNN_Trial/models/rtdl_models.py:147: UserWarning: To copy construct from a tensor, it is recommended to use sourceTensor.clone().detach() or sourceTensor.clone().detach().requires_grad_(True), rather than torch.tensor(sourceTensor).
  X = torch.tensor(X, dtype=torch.float32).to(self.device)
/home/mburu/Master_Thesis/master-thesis-da/DNN_Trial/models/rtdl_models.py:157: UserWarning: To copy construct from a tensor, it is recommended to use sourceTensor.clone().detach() or sourceTensor.clone().detach().requires_grad_(True), rather than torch.tensor(sourceTensor).
  X = torch.tensor(X, dtype=torch.float32).to(self.device)
/home/mburu/Master_Thesis/master-thesis-da/DNN_Trial/models/rtdl_models.py:147: UserWarning: To copy construct from a tensor, it is recommended to use sourceTensor.clone().detach() or sourceTensor.clone().detach().requires_grad_(True), rather than torch.tensor(sourceTensor).
  X = torch.tensor(X, dtype=torch.float32).to(self.device)
/home/mburu/Master_Thesis/master-thesis-da/DNN_Trial/models/rtdl_models.py:157: UserWarning: To copy construct from a tensor, it is recommended to use sourceTensor.clone().detach() or sourceTensor.clone().detach().requires_grad_(True), rather than torch.tensor(sourceTensor).
  X = torch.tensor(X, dtype=torch.float32).to(self.device)
/home/mburu/Master_Thesis/master-thesis-da/DNN_Trial/models/rtdl_models.py:147: UserWarning: To copy construct from a tensor, it is recommended to use sourceTensor.clone().detach() or sourceTensor.clone().detach().requires_grad_(True), rather than torch.tensor(sourceTensor).
  X = torch.tensor(X, dtype=torch.float32).to(self.device)
/home/mburu/Master_Thesis/master-thesis-da/DNN_Trial/models/rtdl_models.py:157: UserWarning: To copy construct from a tensor, it is recommended to use sourceTensor.clone().detach() or sourceTensor.clone().detach().requires_grad_(True), rather than torch.tensor(sourceTensor).
  X = torch.tensor(X, dtype=torch.float32).to(self.device)
/home/mburu/Master_Thesis/master-thesis-da/DNN_Trial/models/rtdl_models.py:147: UserWarning: To copy construct from a tensor, it is recommended to use sourceTensor.clone().detach() or sourceTensor.clone().detach().requires_grad_(True), rather than torch.tensor(sourceTensor).
  X = torch.tensor(X, dtype=torch.float32).to(self.device)
/home/mburu/Master_Thesis/master-thesis-da/DNN_Trial/models/rtdl_models.py:157: UserWarning: To copy construct from a tensor, it is recommended to use sourceTensor.clone().detach() or sourceTensor.clone().detach().requires_grad_(True), rather than torch.tensor(sourceTensor).
  X = torch.tensor(X, dtype=torch.float32).to(self.device)
/home/mburu/Master_Thesis/master-thesis-da/DNN_Trial/models/rtdl_models.py:147: UserWarning: To copy construct from a tensor, it is recommended to use sourceTensor.clone().detach() or sourceTensor.clone().detach().requires_grad_(True), rather than torch.tensor(sourceTensor).
  X = torch.tensor(X, dtype=torch.float32).to(self.device)
[I 2025-05-04 20:13:07,094] Trial 1 finished with value: 0.8940156666666667 and parameters: {'n_blocks': 5, 'd_block': 64, 'd_hidden': 6, 'd_hidden_multiplier': 4.006830998033343, 'dropout1': 0.3044014892475095, 'dropout2': 0.22375064664174604}. Best is trial 1 with value: 0.8940156666666667.
/home/mburu/Master_Thesis/master-thesis-da/DNN_Trial/models/rtdl_models.py:157: UserWarning: To copy construct from a tensor, it is recommended to use sourceTensor.clone().detach() or sourceTensor.clone().detach().requires_grad_(True), rather than torch.tensor(sourceTensor).
  X = torch.tensor(X, dtype=torch.float32).to(self.device)
/home/mburu/Master_Thesis/master-thesis-da/DNN_Trial/models/rtdl_models.py:147: UserWarning: To copy construct from a tensor, it is recommended to use sourceTensor.clone().detach() or sourceTensor.clone().detach().requires_grad_(True), rather than torch.tensor(sourceTensor).
  X = torch.tensor(X, dtype=torch.float32).to(self.device)
/home/mburu/Master_Thesis/master-thesis-da/DNN_Trial/models/rtdl_models.py:157: UserWarning: To copy construct from a tensor, it is recommended to use sourceTensor.clone().detach() or sourceTensor.clone().detach().requires_grad_(True), rather than torch.tensor(sourceTensor).
  X = torch.tensor(X, dtype=torch.float32).to(self.device)
/home/mburu/Master_Thesis/master-thesis-da/DNN_Trial/models/rtdl_models.py:147: UserWarning: To copy construct from a tensor, it is recommended to use sourceTensor.clone().detach() or sourceTensor.clone().detach().requires_grad_(True), rather than torch.tensor(sourceTensor).
  X = torch.tensor(X, dtype=torch.float32).to(self.device)
/home/mburu/Master_Thesis/master-thesis-da/DNN_Trial/models/rtdl_models.py:157: UserWarning: To copy construct from a tensor, it is recommended to use sourceTensor.clone().detach() or sourceTensor.clone().detach().requires_grad_(True), rather than torch.tensor(sourceTensor).
  X = torch.tensor(X, dtype=torch.float32).to(self.device)
/home/mburu/Master_Thesis/master-thesis-da/DNN_Trial/models/rtdl_models.py:147: UserWarning: To copy construct from a tensor, it is recommended to use sourceTensor.clone().detach() or sourceTensor.clone().detach().requires_grad_(True), rather than torch.tensor(sourceTensor).
  X = torch.tensor(X, dtype=torch.float32).to(self.device)
/home/mburu/Master_Thesis/master-thesis-da/DNN_Trial/models/rtdl_models.py:157: UserWarning: To copy construct from a tensor, it is recommended to use sourceTensor.clone().detach() or sourceTensor.clone().detach().requires_grad_(True), rather than torch.tensor(sourceTensor).
  X = torch.tensor(X, dtype=torch.float32).to(self.device)
/home/mburu/Master_Thesis/master-thesis-da/DNN_Trial/models/rtdl_models.py:147: UserWarning: To copy construct from a tensor, it is recommended to use sourceTensor.clone().detach() or sourceTensor.clone().detach().requires_grad_(True), rather than torch.tensor(sourceTensor).
  X = torch.tensor(X, dtype=torch.float32).to(self.device)
/home/mburu/Master_Thesis/master-thesis-da/DNN_Trial/models/rtdl_models.py:157: UserWarning: To copy construct from a tensor, it is recommended to use sourceTensor.clone().detach() or sourceTensor.clone().detach().requires_grad_(True), rather than torch.tensor(sourceTensor).
  X = torch.tensor(X, dtype=torch.float32).to(self.device)
/home/mburu/Master_Thesis/master-thesis-da/DNN_Trial/models/rtdl_models.py:147: UserWarning: To copy construct from a tensor, it is recommended to use sourceTensor.clone().detach() or sourceTensor.clone().detach().requires_grad_(True), rather than torch.tensor(sourceTensor).
  X = torch.tensor(X, dtype=torch.float32).to(self.device)
[I 2025-05-04 20:13:14,427] Trial 2 finished with value: 0.9314617666666667 and parameters: {'n_blocks': 3, 'd_block': 256, 'd_hidden': 4, 'd_hidden_multiplier': 4.076587311731616, 'dropout1': 0.0007786813389307298, 'dropout2': 0.16588464776946937}. Best is trial 1 with value: 0.8940156666666667.
/home/mburu/Master_Thesis/master-thesis-da/DNN_Trial/models/rtdl_models.py:157: UserWarning: To copy construct from a tensor, it is recommended to use sourceTensor.clone().detach() or sourceTensor.clone().detach().requires_grad_(True), rather than torch.tensor(sourceTensor).
  X = torch.tensor(X, dtype=torch.float32).to(self.device)
/home/mburu/Master_Thesis/master-thesis-da/DNN_Trial/models/rtdl_models.py:147: UserWarning: To copy construct from a tensor, it is recommended to use sourceTensor.clone().detach() or sourceTensor.clone().detach().requires_grad_(True), rather than torch.tensor(sourceTensor).
  X = torch.tensor(X, dtype=torch.float32).to(self.device)
/home/mburu/Master_Thesis/master-thesis-da/DNN_Trial/models/rtdl_models.py:157: UserWarning: To copy construct from a tensor, it is recommended to use sourceTensor.clone().detach() or sourceTensor.clone().detach().requires_grad_(True), rather than torch.tensor(sourceTensor).
  X = torch.tensor(X, dtype=torch.float32).to(self.device)
/home/mburu/Master_Thesis/master-thesis-da/DNN_Trial/models/rtdl_models.py:147: UserWarning: To copy construct from a tensor, it is recommended to use sourceTensor.clone().detach() or sourceTensor.clone().detach().requires_grad_(True), rather than torch.tensor(sourceTensor).
  X = torch.tensor(X, dtype=torch.float32).to(self.device)
/home/mburu/Master_Thesis/master-thesis-da/DNN_Trial/models/rtdl_models.py:157: UserWarning: To copy construct from a tensor, it is recommended to use sourceTensor.clone().detach() or sourceTensor.clone().detach().requires_grad_(True), rather than torch.tensor(sourceTensor).
  X = torch.tensor(X, dtype=torch.float32).to(self.device)
/home/mburu/Master_Thesis/master-thesis-da/DNN_Trial/models/rtdl_models.py:147: UserWarning: To copy construct from a tensor, it is recommended to use sourceTensor.clone().detach() or sourceTensor.clone().detach().requires_grad_(True), rather than torch.tensor(sourceTensor).
  X = torch.tensor(X, dtype=torch.float32).to(self.device)
/home/mburu/Master_Thesis/master-thesis-da/DNN_Trial/models/rtdl_models.py:157: UserWarning: To copy construct from a tensor, it is recommended to use sourceTensor.clone().detach() or sourceTensor.clone().detach().requires_grad_(True), rather than torch.tensor(sourceTensor).
  X = torch.tensor(X, dtype=torch.float32).to(self.device)
/home/mburu/Master_Thesis/master-thesis-da/DNN_Trial/models/rtdl_models.py:147: UserWarning: To copy construct from a tensor, it is recommended to use sourceTensor.clone().detach() or sourceTensor.clone().detach().requires_grad_(True), rather than torch.tensor(sourceTensor).
  X = torch.tensor(X, dtype=torch.float32).to(self.device)
/home/mburu/Master_Thesis/master-thesis-da/DNN_Trial/models/rtdl_models.py:157: UserWarning: To copy construct from a tensor, it is recommended to use sourceTensor.clone().detach() or sourceTensor.clone().detach().requires_grad_(True), rather than torch.tensor(sourceTensor).
  X = torch.tensor(X, dtype=torch.float32).to(self.device)
/home/mburu/Master_Thesis/master-thesis-da/DNN_Trial/models/rtdl_models.py:147: UserWarning: To copy construct from a tensor, it is recommended to use sourceTensor.clone().detach() or sourceTensor.clone().detach().requires_grad_(True), rather than torch.tensor(sourceTensor).
  X = torch.tensor(X, dtype=torch.float32).to(self.device)
[I 2025-05-04 20:13:21,997] Trial 3 finished with value: 0.9673395333333333 and parameters: {'n_blocks': 4, 'd_block': 128, 'd_hidden': 6, 'd_hidden_multiplier': 1.0797004166825739, 'dropout1': 0.3882023054489466, 'dropout2': 0.06072345052075379}. Best is trial 1 with value: 0.8940156666666667.
/home/mburu/Master_Thesis/master-thesis-da/DNN_Trial/models/rtdl_models.py:157: UserWarning: To copy construct from a tensor, it is recommended to use sourceTensor.clone().detach() or sourceTensor.clone().detach().requires_grad_(True), rather than torch.tensor(sourceTensor).
  X = torch.tensor(X, dtype=torch.float32).to(self.device)
/home/mburu/Master_Thesis/master-thesis-da/DNN_Trial/models/rtdl_models.py:147: UserWarning: To copy construct from a tensor, it is recommended to use sourceTensor.clone().detach() or sourceTensor.clone().detach().requires_grad_(True), rather than torch.tensor(sourceTensor).
  X = torch.tensor(X, dtype=torch.float32).to(self.device)
/home/mburu/Master_Thesis/master-thesis-da/DNN_Trial/models/rtdl_models.py:157: UserWarning: To copy construct from a tensor, it is recommended to use sourceTensor.clone().detach() or sourceTensor.clone().detach().requires_grad_(True), rather than torch.tensor(sourceTensor).
  X = torch.tensor(X, dtype=torch.float32).to(self.device)
/home/mburu/Master_Thesis/master-thesis-da/DNN_Trial/models/rtdl_models.py:147: UserWarning: To copy construct from a tensor, it is recommended to use sourceTensor.clone().detach() or sourceTensor.clone().detach().requires_grad_(True), rather than torch.tensor(sourceTensor).
  X = torch.tensor(X, dtype=torch.float32).to(self.device)
/home/mburu/Master_Thesis/master-thesis-da/DNN_Trial/models/rtdl_models.py:157: UserWarning: To copy construct from a tensor, it is recommended to use sourceTensor.clone().detach() or sourceTensor.clone().detach().requires_grad_(True), rather than torch.tensor(sourceTensor).
  X = torch.tensor(X, dtype=torch.float32).to(self.device)
/home/mburu/Master_Thesis/master-thesis-da/DNN_Trial/models/rtdl_models.py:147: UserWarning: To copy construct from a tensor, it is recommended to use sourceTensor.clone().detach() or sourceTensor.clone().detach().requires_grad_(True), rather than torch.tensor(sourceTensor).
  X = torch.tensor(X, dtype=torch.float32).to(self.device)
/home/mburu/Master_Thesis/master-thesis-da/DNN_Trial/models/rtdl_models.py:157: UserWarning: To copy construct from a tensor, it is recommended to use sourceTensor.clone().detach() or sourceTensor.clone().detach().requires_grad_(True), rather than torch.tensor(sourceTensor).
  X = torch.tensor(X, dtype=torch.float32).to(self.device)
/home/mburu/Master_Thesis/master-thesis-da/DNN_Trial/models/rtdl_models.py:147: UserWarning: To copy construct from a tensor, it is recommended to use sourceTensor.clone().detach() or sourceTensor.clone().detach().requires_grad_(True), rather than torch.tensor(sourceTensor).
  X = torch.tensor(X, dtype=torch.float32).to(self.device)
/home/mburu/Master_Thesis/master-thesis-da/DNN_Trial/models/rtdl_models.py:157: UserWarning: To copy construct from a tensor, it is recommended to use sourceTensor.clone().detach() or sourceTensor.clone().detach().requires_grad_(True), rather than torch.tensor(sourceTensor).
  X = torch.tensor(X, dtype=torch.float32).to(self.device)
/home/mburu/Master_Thesis/master-thesis-da/DNN_Trial/models/rtdl_models.py:147: UserWarning: To copy construct from a tensor, it is recommended to use sourceTensor.clone().detach() or sourceTensor.clone().detach().requires_grad_(True), rather than torch.tensor(sourceTensor).
  X = torch.tensor(X, dtype=torch.float32).to(self.device)
[I 2025-05-04 20:13:28,719] Trial 4 finished with value: 0.9739614 and parameters: {'n_blocks': 3, 'd_block': 256, 'd_hidden': 2, 'd_hidden_multiplier': 1.2307444024598382, 'dropout1': 0.00701824404227612, 'dropout2': 0.26234317752024533}. Best is trial 1 with value: 0.8940156666666667.
/home/mburu/Master_Thesis/master-thesis-da/DNN_Trial/models/rtdl_models.py:157: UserWarning: To copy construct from a tensor, it is recommended to use sourceTensor.clone().detach() or sourceTensor.clone().detach().requires_grad_(True), rather than torch.tensor(sourceTensor).
  X = torch.tensor(X, dtype=torch.float32).to(self.device)
/home/mburu/Master_Thesis/master-thesis-da/DNN_Trial/models/rtdl_models.py:147: UserWarning: To copy construct from a tensor, it is recommended to use sourceTensor.clone().detach() or sourceTensor.clone().detach().requires_grad_(True), rather than torch.tensor(sourceTensor).
  X = torch.tensor(X, dtype=torch.float32).to(self.device)
[I 2025-05-04 20:13:30,409] A new study created in memory with name: ResMLP_Diamonds_outer4
/home/mburu/Master_Thesis/master-thesis-da/DNN_Trial/models/rtdl_models.py:157: UserWarning: To copy construct from a tensor, it is recommended to use sourceTensor.clone().detach() or sourceTensor.clone().detach().requires_grad_(True), rather than torch.tensor(sourceTensor).
  X = torch.tensor(X, dtype=torch.float32).to(self.device)
/home/mburu/Master_Thesis/master-thesis-da/DNN_Trial/models/rtdl_models.py:147: UserWarning: To copy construct from a tensor, it is recommended to use sourceTensor.clone().detach() or sourceTensor.clone().detach().requires_grad_(True), rather than torch.tensor(sourceTensor).
  X = torch.tensor(X, dtype=torch.float32).to(self.device)
/home/mburu/Master_Thesis/master-thesis-da/DNN_Trial/models/rtdl_models.py:157: UserWarning: To copy construct from a tensor, it is recommended to use sourceTensor.clone().detach() or sourceTensor.clone().detach().requires_grad_(True), rather than torch.tensor(sourceTensor).
  X = torch.tensor(X, dtype=torch.float32).to(self.device)
/home/mburu/Master_Thesis/master-thesis-da/DNN_Trial/models/rtdl_models.py:147: UserWarning: To copy construct from a tensor, it is recommended to use sourceTensor.clone().detach() or sourceTensor.clone().detach().requires_grad_(True), rather than torch.tensor(sourceTensor).
  X = torch.tensor(X, dtype=torch.float32).to(self.device)
/home/mburu/Master_Thesis/master-thesis-da/DNN_Trial/models/rtdl_models.py:157: UserWarning: To copy construct from a tensor, it is recommended to use sourceTensor.clone().detach() or sourceTensor.clone().detach().requires_grad_(True), rather than torch.tensor(sourceTensor).
  X = torch.tensor(X, dtype=torch.float32).to(self.device)
/home/mburu/Master_Thesis/master-thesis-da/DNN_Trial/models/rtdl_models.py:147: UserWarning: To copy construct from a tensor, it is recommended to use sourceTensor.clone().detach() or sourceTensor.clone().detach().requires_grad_(True), rather than torch.tensor(sourceTensor).
  X = torch.tensor(X, dtype=torch.float32).to(self.device)
/home/mburu/Master_Thesis/master-thesis-da/DNN_Trial/models/rtdl_models.py:157: UserWarning: To copy construct from a tensor, it is recommended to use sourceTensor.clone().detach() or sourceTensor.clone().detach().requires_grad_(True), rather than torch.tensor(sourceTensor).
  X = torch.tensor(X, dtype=torch.float32).to(self.device)
/home/mburu/Master_Thesis/master-thesis-da/DNN_Trial/models/rtdl_models.py:147: UserWarning: To copy construct from a tensor, it is recommended to use sourceTensor.clone().detach() or sourceTensor.clone().detach().requires_grad_(True), rather than torch.tensor(sourceTensor).
  X = torch.tensor(X, dtype=torch.float32).to(self.device)
/home/mburu/Master_Thesis/master-thesis-da/DNN_Trial/models/rtdl_models.py:157: UserWarning: To copy construct from a tensor, it is recommended to use sourceTensor.clone().detach() or sourceTensor.clone().detach().requires_grad_(True), rather than torch.tensor(sourceTensor).
  X = torch.tensor(X, dtype=torch.float32).to(self.device)
/home/mburu/Master_Thesis/master-thesis-da/DNN_Trial/models/rtdl_models.py:147: UserWarning: To copy construct from a tensor, it is recommended to use sourceTensor.clone().detach() or sourceTensor.clone().detach().requires_grad_(True), rather than torch.tensor(sourceTensor).
  X = torch.tensor(X, dtype=torch.float32).to(self.device)
[I 2025-05-04 20:13:38,341] Trial 0 finished with value: 0.8989307666666665 and parameters: {'n_blocks': 3, 'd_block': 256, 'd_hidden': 4, 'd_hidden_multiplier': 1.0623674354635597, 'dropout1': 0.4063318683985512, 'dropout2': 0.052821385575882375}. Best is trial 0 with value: 0.8989307666666665.
/home/mburu/Master_Thesis/master-thesis-da/DNN_Trial/models/rtdl_models.py:157: UserWarning: To copy construct from a tensor, it is recommended to use sourceTensor.clone().detach() or sourceTensor.clone().detach().requires_grad_(True), rather than torch.tensor(sourceTensor).
  X = torch.tensor(X, dtype=torch.float32).to(self.device)
/home/mburu/Master_Thesis/master-thesis-da/DNN_Trial/models/rtdl_models.py:147: UserWarning: To copy construct from a tensor, it is recommended to use sourceTensor.clone().detach() or sourceTensor.clone().detach().requires_grad_(True), rather than torch.tensor(sourceTensor).
  X = torch.tensor(X, dtype=torch.float32).to(self.device)
/home/mburu/Master_Thesis/master-thesis-da/DNN_Trial/models/rtdl_models.py:157: UserWarning: To copy construct from a tensor, it is recommended to use sourceTensor.clone().detach() or sourceTensor.clone().detach().requires_grad_(True), rather than torch.tensor(sourceTensor).
  X = torch.tensor(X, dtype=torch.float32).to(self.device)
/home/mburu/Master_Thesis/master-thesis-da/DNN_Trial/models/rtdl_models.py:147: UserWarning: To copy construct from a tensor, it is recommended to use sourceTensor.clone().detach() or sourceTensor.clone().detach().requires_grad_(True), rather than torch.tensor(sourceTensor).
  X = torch.tensor(X, dtype=torch.float32).to(self.device)
/home/mburu/Master_Thesis/master-thesis-da/DNN_Trial/models/rtdl_models.py:157: UserWarning: To copy construct from a tensor, it is recommended to use sourceTensor.clone().detach() or sourceTensor.clone().detach().requires_grad_(True), rather than torch.tensor(sourceTensor).
  X = torch.tensor(X, dtype=torch.float32).to(self.device)
/home/mburu/Master_Thesis/master-thesis-da/DNN_Trial/models/rtdl_models.py:147: UserWarning: To copy construct from a tensor, it is recommended to use sourceTensor.clone().detach() or sourceTensor.clone().detach().requires_grad_(True), rather than torch.tensor(sourceTensor).
  X = torch.tensor(X, dtype=torch.float32).to(self.device)
/home/mburu/Master_Thesis/master-thesis-da/DNN_Trial/models/rtdl_models.py:157: UserWarning: To copy construct from a tensor, it is recommended to use sourceTensor.clone().detach() or sourceTensor.clone().detach().requires_grad_(True), rather than torch.tensor(sourceTensor).
  X = torch.tensor(X, dtype=torch.float32).to(self.device)
/home/mburu/Master_Thesis/master-thesis-da/DNN_Trial/models/rtdl_models.py:147: UserWarning: To copy construct from a tensor, it is recommended to use sourceTensor.clone().detach() or sourceTensor.clone().detach().requires_grad_(True), rather than torch.tensor(sourceTensor).
  X = torch.tensor(X, dtype=torch.float32).to(self.device)
/home/mburu/Master_Thesis/master-thesis-da/DNN_Trial/models/rtdl_models.py:157: UserWarning: To copy construct from a tensor, it is recommended to use sourceTensor.clone().detach() or sourceTensor.clone().detach().requires_grad_(True), rather than torch.tensor(sourceTensor).
  X = torch.tensor(X, dtype=torch.float32).to(self.device)
/home/mburu/Master_Thesis/master-thesis-da/DNN_Trial/models/rtdl_models.py:147: UserWarning: To copy construct from a tensor, it is recommended to use sourceTensor.clone().detach() or sourceTensor.clone().detach().requires_grad_(True), rather than torch.tensor(sourceTensor).
  X = torch.tensor(X, dtype=torch.float32).to(self.device)
[I 2025-05-04 20:13:45,377] Trial 1 finished with value: 1.0660783666666667 and parameters: {'n_blocks': 2, 'd_block': 64, 'd_hidden': 9, 'd_hidden_multiplier': 2.0323663503362464, 'dropout1': 0.18072413673459659, 'dropout2': 0.13270076208262685}. Best is trial 0 with value: 0.8989307666666665.
/home/mburu/Master_Thesis/master-thesis-da/DNN_Trial/models/rtdl_models.py:157: UserWarning: To copy construct from a tensor, it is recommended to use sourceTensor.clone().detach() or sourceTensor.clone().detach().requires_grad_(True), rather than torch.tensor(sourceTensor).
  X = torch.tensor(X, dtype=torch.float32).to(self.device)
/home/mburu/Master_Thesis/master-thesis-da/DNN_Trial/models/rtdl_models.py:147: UserWarning: To copy construct from a tensor, it is recommended to use sourceTensor.clone().detach() or sourceTensor.clone().detach().requires_grad_(True), rather than torch.tensor(sourceTensor).
  X = torch.tensor(X, dtype=torch.float32).to(self.device)
/home/mburu/Master_Thesis/master-thesis-da/DNN_Trial/models/rtdl_models.py:157: UserWarning: To copy construct from a tensor, it is recommended to use sourceTensor.clone().detach() or sourceTensor.clone().detach().requires_grad_(True), rather than torch.tensor(sourceTensor).
  X = torch.tensor(X, dtype=torch.float32).to(self.device)
/home/mburu/Master_Thesis/master-thesis-da/DNN_Trial/models/rtdl_models.py:147: UserWarning: To copy construct from a tensor, it is recommended to use sourceTensor.clone().detach() or sourceTensor.clone().detach().requires_grad_(True), rather than torch.tensor(sourceTensor).
  X = torch.tensor(X, dtype=torch.float32).to(self.device)
/home/mburu/Master_Thesis/master-thesis-da/DNN_Trial/models/rtdl_models.py:157: UserWarning: To copy construct from a tensor, it is recommended to use sourceTensor.clone().detach() or sourceTensor.clone().detach().requires_grad_(True), rather than torch.tensor(sourceTensor).
  X = torch.tensor(X, dtype=torch.float32).to(self.device)
/home/mburu/Master_Thesis/master-thesis-da/DNN_Trial/models/rtdl_models.py:147: UserWarning: To copy construct from a tensor, it is recommended to use sourceTensor.clone().detach() or sourceTensor.clone().detach().requires_grad_(True), rather than torch.tensor(sourceTensor).
  X = torch.tensor(X, dtype=torch.float32).to(self.device)
/home/mburu/Master_Thesis/master-thesis-da/DNN_Trial/models/rtdl_models.py:157: UserWarning: To copy construct from a tensor, it is recommended to use sourceTensor.clone().detach() or sourceTensor.clone().detach().requires_grad_(True), rather than torch.tensor(sourceTensor).
  X = torch.tensor(X, dtype=torch.float32).to(self.device)
/home/mburu/Master_Thesis/master-thesis-da/DNN_Trial/models/rtdl_models.py:147: UserWarning: To copy construct from a tensor, it is recommended to use sourceTensor.clone().detach() or sourceTensor.clone().detach().requires_grad_(True), rather than torch.tensor(sourceTensor).
  X = torch.tensor(X, dtype=torch.float32).to(self.device)
/home/mburu/Master_Thesis/master-thesis-da/DNN_Trial/models/rtdl_models.py:157: UserWarning: To copy construct from a tensor, it is recommended to use sourceTensor.clone().detach() or sourceTensor.clone().detach().requires_grad_(True), rather than torch.tensor(sourceTensor).
  X = torch.tensor(X, dtype=torch.float32).to(self.device)
/home/mburu/Master_Thesis/master-thesis-da/DNN_Trial/models/rtdl_models.py:147: UserWarning: To copy construct from a tensor, it is recommended to use sourceTensor.clone().detach() or sourceTensor.clone().detach().requires_grad_(True), rather than torch.tensor(sourceTensor).
  X = torch.tensor(X, dtype=torch.float32).to(self.device)
[I 2025-05-04 20:13:53,010] Trial 2 finished with value: 0.9342829 and parameters: {'n_blocks': 4, 'd_block': 128, 'd_hidden': 2, 'd_hidden_multiplier': 4.25031632361588, 'dropout1': 0.425185790520343, 'dropout2': 0.2691023394816664}. Best is trial 0 with value: 0.8989307666666665.
/home/mburu/Master_Thesis/master-thesis-da/DNN_Trial/models/rtdl_models.py:157: UserWarning: To copy construct from a tensor, it is recommended to use sourceTensor.clone().detach() or sourceTensor.clone().detach().requires_grad_(True), rather than torch.tensor(sourceTensor).
  X = torch.tensor(X, dtype=torch.float32).to(self.device)
/home/mburu/Master_Thesis/master-thesis-da/DNN_Trial/models/rtdl_models.py:147: UserWarning: To copy construct from a tensor, it is recommended to use sourceTensor.clone().detach() or sourceTensor.clone().detach().requires_grad_(True), rather than torch.tensor(sourceTensor).
  X = torch.tensor(X, dtype=torch.float32).to(self.device)
/home/mburu/Master_Thesis/master-thesis-da/DNN_Trial/models/rtdl_models.py:157: UserWarning: To copy construct from a tensor, it is recommended to use sourceTensor.clone().detach() or sourceTensor.clone().detach().requires_grad_(True), rather than torch.tensor(sourceTensor).
  X = torch.tensor(X, dtype=torch.float32).to(self.device)
/home/mburu/Master_Thesis/master-thesis-da/DNN_Trial/models/rtdl_models.py:147: UserWarning: To copy construct from a tensor, it is recommended to use sourceTensor.clone().detach() or sourceTensor.clone().detach().requires_grad_(True), rather than torch.tensor(sourceTensor).
  X = torch.tensor(X, dtype=torch.float32).to(self.device)
/home/mburu/Master_Thesis/master-thesis-da/DNN_Trial/models/rtdl_models.py:157: UserWarning: To copy construct from a tensor, it is recommended to use sourceTensor.clone().detach() or sourceTensor.clone().detach().requires_grad_(True), rather than torch.tensor(sourceTensor).
  X = torch.tensor(X, dtype=torch.float32).to(self.device)
/home/mburu/Master_Thesis/master-thesis-da/DNN_Trial/models/rtdl_models.py:147: UserWarning: To copy construct from a tensor, it is recommended to use sourceTensor.clone().detach() or sourceTensor.clone().detach().requires_grad_(True), rather than torch.tensor(sourceTensor).
  X = torch.tensor(X, dtype=torch.float32).to(self.device)
/home/mburu/Master_Thesis/master-thesis-da/DNN_Trial/models/rtdl_models.py:157: UserWarning: To copy construct from a tensor, it is recommended to use sourceTensor.clone().detach() or sourceTensor.clone().detach().requires_grad_(True), rather than torch.tensor(sourceTensor).
  X = torch.tensor(X, dtype=torch.float32).to(self.device)
/home/mburu/Master_Thesis/master-thesis-da/DNN_Trial/models/rtdl_models.py:147: UserWarning: To copy construct from a tensor, it is recommended to use sourceTensor.clone().detach() or sourceTensor.clone().detach().requires_grad_(True), rather than torch.tensor(sourceTensor).
  X = torch.tensor(X, dtype=torch.float32).to(self.device)
/home/mburu/Master_Thesis/master-thesis-da/DNN_Trial/models/rtdl_models.py:157: UserWarning: To copy construct from a tensor, it is recommended to use sourceTensor.clone().detach() or sourceTensor.clone().detach().requires_grad_(True), rather than torch.tensor(sourceTensor).
  X = torch.tensor(X, dtype=torch.float32).to(self.device)
/home/mburu/Master_Thesis/master-thesis-da/DNN_Trial/models/rtdl_models.py:147: UserWarning: To copy construct from a tensor, it is recommended to use sourceTensor.clone().detach() or sourceTensor.clone().detach().requires_grad_(True), rather than torch.tensor(sourceTensor).
  X = torch.tensor(X, dtype=torch.float32).to(self.device)
[I 2025-05-04 20:13:59,590] Trial 3 finished with value: 0.9685716333333334 and parameters: {'n_blocks': 2, 'd_block': 128, 'd_hidden': 3, 'd_hidden_multiplier': 4.148479574751726, 'dropout1': 0.37543934111486965, 'dropout2': 0.16665511415328066}. Best is trial 0 with value: 0.8989307666666665.
/home/mburu/Master_Thesis/master-thesis-da/DNN_Trial/models/rtdl_models.py:157: UserWarning: To copy construct from a tensor, it is recommended to use sourceTensor.clone().detach() or sourceTensor.clone().detach().requires_grad_(True), rather than torch.tensor(sourceTensor).
  X = torch.tensor(X, dtype=torch.float32).to(self.device)
/home/mburu/Master_Thesis/master-thesis-da/DNN_Trial/models/rtdl_models.py:147: UserWarning: To copy construct from a tensor, it is recommended to use sourceTensor.clone().detach() or sourceTensor.clone().detach().requires_grad_(True), rather than torch.tensor(sourceTensor).
  X = torch.tensor(X, dtype=torch.float32).to(self.device)
/home/mburu/Master_Thesis/master-thesis-da/DNN_Trial/models/rtdl_models.py:157: UserWarning: To copy construct from a tensor, it is recommended to use sourceTensor.clone().detach() or sourceTensor.clone().detach().requires_grad_(True), rather than torch.tensor(sourceTensor).
  X = torch.tensor(X, dtype=torch.float32).to(self.device)
/home/mburu/Master_Thesis/master-thesis-da/DNN_Trial/models/rtdl_models.py:147: UserWarning: To copy construct from a tensor, it is recommended to use sourceTensor.clone().detach() or sourceTensor.clone().detach().requires_grad_(True), rather than torch.tensor(sourceTensor).
  X = torch.tensor(X, dtype=torch.float32).to(self.device)
/home/mburu/Master_Thesis/master-thesis-da/DNN_Trial/models/rtdl_models.py:157: UserWarning: To copy construct from a tensor, it is recommended to use sourceTensor.clone().detach() or sourceTensor.clone().detach().requires_grad_(True), rather than torch.tensor(sourceTensor).
  X = torch.tensor(X, dtype=torch.float32).to(self.device)
/home/mburu/Master_Thesis/master-thesis-da/DNN_Trial/models/rtdl_models.py:147: UserWarning: To copy construct from a tensor, it is recommended to use sourceTensor.clone().detach() or sourceTensor.clone().detach().requires_grad_(True), rather than torch.tensor(sourceTensor).
  X = torch.tensor(X, dtype=torch.float32).to(self.device)
/home/mburu/Master_Thesis/master-thesis-da/DNN_Trial/models/rtdl_models.py:157: UserWarning: To copy construct from a tensor, it is recommended to use sourceTensor.clone().detach() or sourceTensor.clone().detach().requires_grad_(True), rather than torch.tensor(sourceTensor).
  X = torch.tensor(X, dtype=torch.float32).to(self.device)
/home/mburu/Master_Thesis/master-thesis-da/DNN_Trial/models/rtdl_models.py:147: UserWarning: To copy construct from a tensor, it is recommended to use sourceTensor.clone().detach() or sourceTensor.clone().detach().requires_grad_(True), rather than torch.tensor(sourceTensor).
  X = torch.tensor(X, dtype=torch.float32).to(self.device)
/home/mburu/Master_Thesis/master-thesis-da/DNN_Trial/models/rtdl_models.py:157: UserWarning: To copy construct from a tensor, it is recommended to use sourceTensor.clone().detach() or sourceTensor.clone().detach().requires_grad_(True), rather than torch.tensor(sourceTensor).
  X = torch.tensor(X, dtype=torch.float32).to(self.device)
/home/mburu/Master_Thesis/master-thesis-da/DNN_Trial/models/rtdl_models.py:147: UserWarning: To copy construct from a tensor, it is recommended to use sourceTensor.clone().detach() or sourceTensor.clone().detach().requires_grad_(True), rather than torch.tensor(sourceTensor).
  X = torch.tensor(X, dtype=torch.float32).to(self.device)
[I 2025-05-04 20:14:07,706] Trial 4 finished with value: 1.0438582666666667 and parameters: {'n_blocks': 3, 'd_block': 64, 'd_hidden': 5, 'd_hidden_multiplier': 1.3917949240414358, 'dropout1': 0.3635523807010553, 'dropout2': 0.0015041136940226658}. Best is trial 0 with value: 0.8989307666666665.
/home/mburu/Master_Thesis/master-thesis-da/DNN_Trial/models/rtdl_models.py:157: UserWarning: To copy construct from a tensor, it is recommended to use sourceTensor.clone().detach() or sourceTensor.clone().detach().requires_grad_(True), rather than torch.tensor(sourceTensor).
  X = torch.tensor(X, dtype=torch.float32).to(self.device)
/home/mburu/Master_Thesis/master-thesis-da/DNN_Trial/models/rtdl_models.py:147: UserWarning: To copy construct from a tensor, it is recommended to use sourceTensor.clone().detach() or sourceTensor.clone().detach().requires_grad_(True), rather than torch.tensor(sourceTensor).
  X = torch.tensor(X, dtype=torch.float32).to(self.device)
[I 2025-05-04 20:14:08,765] A new study created in memory with name: ResMLP_Diamonds_outer5
/home/mburu/Master_Thesis/master-thesis-da/DNN_Trial/models/rtdl_models.py:157: UserWarning: To copy construct from a tensor, it is recommended to use sourceTensor.clone().detach() or sourceTensor.clone().detach().requires_grad_(True), rather than torch.tensor(sourceTensor).
  X = torch.tensor(X, dtype=torch.float32).to(self.device)
/home/mburu/Master_Thesis/master-thesis-da/DNN_Trial/models/rtdl_models.py:147: UserWarning: To copy construct from a tensor, it is recommended to use sourceTensor.clone().detach() or sourceTensor.clone().detach().requires_grad_(True), rather than torch.tensor(sourceTensor).
  X = torch.tensor(X, dtype=torch.float32).to(self.device)
/home/mburu/Master_Thesis/master-thesis-da/DNN_Trial/models/rtdl_models.py:157: UserWarning: To copy construct from a tensor, it is recommended to use sourceTensor.clone().detach() or sourceTensor.clone().detach().requires_grad_(True), rather than torch.tensor(sourceTensor).
  X = torch.tensor(X, dtype=torch.float32).to(self.device)
/home/mburu/Master_Thesis/master-thesis-da/DNN_Trial/models/rtdl_models.py:147: UserWarning: To copy construct from a tensor, it is recommended to use sourceTensor.clone().detach() or sourceTensor.clone().detach().requires_grad_(True), rather than torch.tensor(sourceTensor).
  X = torch.tensor(X, dtype=torch.float32).to(self.device)
/home/mburu/Master_Thesis/master-thesis-da/DNN_Trial/models/rtdl_models.py:157: UserWarning: To copy construct from a tensor, it is recommended to use sourceTensor.clone().detach() or sourceTensor.clone().detach().requires_grad_(True), rather than torch.tensor(sourceTensor).
  X = torch.tensor(X, dtype=torch.float32).to(self.device)
/home/mburu/Master_Thesis/master-thesis-da/DNN_Trial/models/rtdl_models.py:147: UserWarning: To copy construct from a tensor, it is recommended to use sourceTensor.clone().detach() or sourceTensor.clone().detach().requires_grad_(True), rather than torch.tensor(sourceTensor).
  X = torch.tensor(X, dtype=torch.float32).to(self.device)
/home/mburu/Master_Thesis/master-thesis-da/DNN_Trial/models/rtdl_models.py:157: UserWarning: To copy construct from a tensor, it is recommended to use sourceTensor.clone().detach() or sourceTensor.clone().detach().requires_grad_(True), rather than torch.tensor(sourceTensor).
  X = torch.tensor(X, dtype=torch.float32).to(self.device)
/home/mburu/Master_Thesis/master-thesis-da/DNN_Trial/models/rtdl_models.py:147: UserWarning: To copy construct from a tensor, it is recommended to use sourceTensor.clone().detach() or sourceTensor.clone().detach().requires_grad_(True), rather than torch.tensor(sourceTensor).
  X = torch.tensor(X, dtype=torch.float32).to(self.device)
/home/mburu/Master_Thesis/master-thesis-da/DNN_Trial/models/rtdl_models.py:157: UserWarning: To copy construct from a tensor, it is recommended to use sourceTensor.clone().detach() or sourceTensor.clone().detach().requires_grad_(True), rather than torch.tensor(sourceTensor).
  X = torch.tensor(X, dtype=torch.float32).to(self.device)
/home/mburu/Master_Thesis/master-thesis-da/DNN_Trial/models/rtdl_models.py:147: UserWarning: To copy construct from a tensor, it is recommended to use sourceTensor.clone().detach() or sourceTensor.clone().detach().requires_grad_(True), rather than torch.tensor(sourceTensor).
  X = torch.tensor(X, dtype=torch.float32).to(self.device)
[I 2025-05-04 20:14:15,132] Trial 0 finished with value: 0.9841165000000001 and parameters: {'n_blocks': 4, 'd_block': 128, 'd_hidden': 2, 'd_hidden_multiplier': 3.5874603109088206, 'dropout1': 0.03686009618912252, 'dropout2': 0.12725191830136473}. Best is trial 0 with value: 0.9841165000000001.
/home/mburu/Master_Thesis/master-thesis-da/DNN_Trial/models/rtdl_models.py:157: UserWarning: To copy construct from a tensor, it is recommended to use sourceTensor.clone().detach() or sourceTensor.clone().detach().requires_grad_(True), rather than torch.tensor(sourceTensor).
  X = torch.tensor(X, dtype=torch.float32).to(self.device)
/home/mburu/Master_Thesis/master-thesis-da/DNN_Trial/models/rtdl_models.py:147: UserWarning: To copy construct from a tensor, it is recommended to use sourceTensor.clone().detach() or sourceTensor.clone().detach().requires_grad_(True), rather than torch.tensor(sourceTensor).
  X = torch.tensor(X, dtype=torch.float32).to(self.device)
/home/mburu/Master_Thesis/master-thesis-da/DNN_Trial/models/rtdl_models.py:157: UserWarning: To copy construct from a tensor, it is recommended to use sourceTensor.clone().detach() or sourceTensor.clone().detach().requires_grad_(True), rather than torch.tensor(sourceTensor).
  X = torch.tensor(X, dtype=torch.float32).to(self.device)
/home/mburu/Master_Thesis/master-thesis-da/DNN_Trial/models/rtdl_models.py:147: UserWarning: To copy construct from a tensor, it is recommended to use sourceTensor.clone().detach() or sourceTensor.clone().detach().requires_grad_(True), rather than torch.tensor(sourceTensor).
  X = torch.tensor(X, dtype=torch.float32).to(self.device)
/home/mburu/Master_Thesis/master-thesis-da/DNN_Trial/models/rtdl_models.py:157: UserWarning: To copy construct from a tensor, it is recommended to use sourceTensor.clone().detach() or sourceTensor.clone().detach().requires_grad_(True), rather than torch.tensor(sourceTensor).
  X = torch.tensor(X, dtype=torch.float32).to(self.device)
/home/mburu/Master_Thesis/master-thesis-da/DNN_Trial/models/rtdl_models.py:147: UserWarning: To copy construct from a tensor, it is recommended to use sourceTensor.clone().detach() or sourceTensor.clone().detach().requires_grad_(True), rather than torch.tensor(sourceTensor).
  X = torch.tensor(X, dtype=torch.float32).to(self.device)
/home/mburu/Master_Thesis/master-thesis-da/DNN_Trial/models/rtdl_models.py:157: UserWarning: To copy construct from a tensor, it is recommended to use sourceTensor.clone().detach() or sourceTensor.clone().detach().requires_grad_(True), rather than torch.tensor(sourceTensor).
  X = torch.tensor(X, dtype=torch.float32).to(self.device)
/home/mburu/Master_Thesis/master-thesis-da/DNN_Trial/models/rtdl_models.py:147: UserWarning: To copy construct from a tensor, it is recommended to use sourceTensor.clone().detach() or sourceTensor.clone().detach().requires_grad_(True), rather than torch.tensor(sourceTensor).
  X = torch.tensor(X, dtype=torch.float32).to(self.device)
/home/mburu/Master_Thesis/master-thesis-da/DNN_Trial/models/rtdl_models.py:157: UserWarning: To copy construct from a tensor, it is recommended to use sourceTensor.clone().detach() or sourceTensor.clone().detach().requires_grad_(True), rather than torch.tensor(sourceTensor).
  X = torch.tensor(X, dtype=torch.float32).to(self.device)
/home/mburu/Master_Thesis/master-thesis-da/DNN_Trial/models/rtdl_models.py:147: UserWarning: To copy construct from a tensor, it is recommended to use sourceTensor.clone().detach() or sourceTensor.clone().detach().requires_grad_(True), rather than torch.tensor(sourceTensor).
  X = torch.tensor(X, dtype=torch.float32).to(self.device)
[I 2025-05-04 20:14:21,531] Trial 1 finished with value: 0.9689274000000001 and parameters: {'n_blocks': 2, 'd_block': 256, 'd_hidden': 2, 'd_hidden_multiplier': 1.0992897916408049, 'dropout1': 0.18407557498399313, 'dropout2': 0.17088893991778134}. Best is trial 1 with value: 0.9689274000000001.
/home/mburu/Master_Thesis/master-thesis-da/DNN_Trial/models/rtdl_models.py:157: UserWarning: To copy construct from a tensor, it is recommended to use sourceTensor.clone().detach() or sourceTensor.clone().detach().requires_grad_(True), rather than torch.tensor(sourceTensor).
  X = torch.tensor(X, dtype=torch.float32).to(self.device)
/home/mburu/Master_Thesis/master-thesis-da/DNN_Trial/models/rtdl_models.py:147: UserWarning: To copy construct from a tensor, it is recommended to use sourceTensor.clone().detach() or sourceTensor.clone().detach().requires_grad_(True), rather than torch.tensor(sourceTensor).
  X = torch.tensor(X, dtype=torch.float32).to(self.device)
/home/mburu/Master_Thesis/master-thesis-da/DNN_Trial/models/rtdl_models.py:157: UserWarning: To copy construct from a tensor, it is recommended to use sourceTensor.clone().detach() or sourceTensor.clone().detach().requires_grad_(True), rather than torch.tensor(sourceTensor).
  X = torch.tensor(X, dtype=torch.float32).to(self.device)
/home/mburu/Master_Thesis/master-thesis-da/DNN_Trial/models/rtdl_models.py:147: UserWarning: To copy construct from a tensor, it is recommended to use sourceTensor.clone().detach() or sourceTensor.clone().detach().requires_grad_(True), rather than torch.tensor(sourceTensor).
  X = torch.tensor(X, dtype=torch.float32).to(self.device)
/home/mburu/Master_Thesis/master-thesis-da/DNN_Trial/models/rtdl_models.py:157: UserWarning: To copy construct from a tensor, it is recommended to use sourceTensor.clone().detach() or sourceTensor.clone().detach().requires_grad_(True), rather than torch.tensor(sourceTensor).
  X = torch.tensor(X, dtype=torch.float32).to(self.device)
/home/mburu/Master_Thesis/master-thesis-da/DNN_Trial/models/rtdl_models.py:147: UserWarning: To copy construct from a tensor, it is recommended to use sourceTensor.clone().detach() or sourceTensor.clone().detach().requires_grad_(True), rather than torch.tensor(sourceTensor).
  X = torch.tensor(X, dtype=torch.float32).to(self.device)
/home/mburu/Master_Thesis/master-thesis-da/DNN_Trial/models/rtdl_models.py:157: UserWarning: To copy construct from a tensor, it is recommended to use sourceTensor.clone().detach() or sourceTensor.clone().detach().requires_grad_(True), rather than torch.tensor(sourceTensor).
  X = torch.tensor(X, dtype=torch.float32).to(self.device)
/home/mburu/Master_Thesis/master-thesis-da/DNN_Trial/models/rtdl_models.py:147: UserWarning: To copy construct from a tensor, it is recommended to use sourceTensor.clone().detach() or sourceTensor.clone().detach().requires_grad_(True), rather than torch.tensor(sourceTensor).
  X = torch.tensor(X, dtype=torch.float32).to(self.device)
/home/mburu/Master_Thesis/master-thesis-da/DNN_Trial/models/rtdl_models.py:157: UserWarning: To copy construct from a tensor, it is recommended to use sourceTensor.clone().detach() or sourceTensor.clone().detach().requires_grad_(True), rather than torch.tensor(sourceTensor).
  X = torch.tensor(X, dtype=torch.float32).to(self.device)
/home/mburu/Master_Thesis/master-thesis-da/DNN_Trial/models/rtdl_models.py:147: UserWarning: To copy construct from a tensor, it is recommended to use sourceTensor.clone().detach() or sourceTensor.clone().detach().requires_grad_(True), rather than torch.tensor(sourceTensor).
  X = torch.tensor(X, dtype=torch.float32).to(self.device)
[I 2025-05-04 20:14:31,128] Trial 2 finished with value: 0.9728671666666667 and parameters: {'n_blocks': 6, 'd_block': 64, 'd_hidden': 3, 'd_hidden_multiplier': 1.938879122360083, 'dropout1': 0.051960289537325906, 'dropout2': 0.06496504219694212}. Best is trial 1 with value: 0.9689274000000001.
/home/mburu/Master_Thesis/master-thesis-da/DNN_Trial/models/rtdl_models.py:157: UserWarning: To copy construct from a tensor, it is recommended to use sourceTensor.clone().detach() or sourceTensor.clone().detach().requires_grad_(True), rather than torch.tensor(sourceTensor).
  X = torch.tensor(X, dtype=torch.float32).to(self.device)
/home/mburu/Master_Thesis/master-thesis-da/DNN_Trial/models/rtdl_models.py:147: UserWarning: To copy construct from a tensor, it is recommended to use sourceTensor.clone().detach() or sourceTensor.clone().detach().requires_grad_(True), rather than torch.tensor(sourceTensor).
  X = torch.tensor(X, dtype=torch.float32).to(self.device)
/home/mburu/Master_Thesis/master-thesis-da/DNN_Trial/models/rtdl_models.py:157: UserWarning: To copy construct from a tensor, it is recommended to use sourceTensor.clone().detach() or sourceTensor.clone().detach().requires_grad_(True), rather than torch.tensor(sourceTensor).
  X = torch.tensor(X, dtype=torch.float32).to(self.device)
/home/mburu/Master_Thesis/master-thesis-da/DNN_Trial/models/rtdl_models.py:147: UserWarning: To copy construct from a tensor, it is recommended to use sourceTensor.clone().detach() or sourceTensor.clone().detach().requires_grad_(True), rather than torch.tensor(sourceTensor).
  X = torch.tensor(X, dtype=torch.float32).to(self.device)
/home/mburu/Master_Thesis/master-thesis-da/DNN_Trial/models/rtdl_models.py:157: UserWarning: To copy construct from a tensor, it is recommended to use sourceTensor.clone().detach() or sourceTensor.clone().detach().requires_grad_(True), rather than torch.tensor(sourceTensor).
  X = torch.tensor(X, dtype=torch.float32).to(self.device)
/home/mburu/Master_Thesis/master-thesis-da/DNN_Trial/models/rtdl_models.py:147: UserWarning: To copy construct from a tensor, it is recommended to use sourceTensor.clone().detach() or sourceTensor.clone().detach().requires_grad_(True), rather than torch.tensor(sourceTensor).
  X = torch.tensor(X, dtype=torch.float32).to(self.device)
/home/mburu/Master_Thesis/master-thesis-da/DNN_Trial/models/rtdl_models.py:157: UserWarning: To copy construct from a tensor, it is recommended to use sourceTensor.clone().detach() or sourceTensor.clone().detach().requires_grad_(True), rather than torch.tensor(sourceTensor).
  X = torch.tensor(X, dtype=torch.float32).to(self.device)
/home/mburu/Master_Thesis/master-thesis-da/DNN_Trial/models/rtdl_models.py:147: UserWarning: To copy construct from a tensor, it is recommended to use sourceTensor.clone().detach() or sourceTensor.clone().detach().requires_grad_(True), rather than torch.tensor(sourceTensor).
  X = torch.tensor(X, dtype=torch.float32).to(self.device)
/home/mburu/Master_Thesis/master-thesis-da/DNN_Trial/models/rtdl_models.py:157: UserWarning: To copy construct from a tensor, it is recommended to use sourceTensor.clone().detach() or sourceTensor.clone().detach().requires_grad_(True), rather than torch.tensor(sourceTensor).
  X = torch.tensor(X, dtype=torch.float32).to(self.device)
/home/mburu/Master_Thesis/master-thesis-da/DNN_Trial/models/rtdl_models.py:147: UserWarning: To copy construct from a tensor, it is recommended to use sourceTensor.clone().detach() or sourceTensor.clone().detach().requires_grad_(True), rather than torch.tensor(sourceTensor).
  X = torch.tensor(X, dtype=torch.float32).to(self.device)
[I 2025-05-04 20:14:39,611] Trial 3 finished with value: 0.9335661999999999 and parameters: {'n_blocks': 6, 'd_block': 256, 'd_hidden': 10, 'd_hidden_multiplier': 1.7189303814408374, 'dropout1': 0.011095856139642708, 'dropout2': 0.012608607273849024}. Best is trial 3 with value: 0.9335661999999999.
/home/mburu/Master_Thesis/master-thesis-da/DNN_Trial/models/rtdl_models.py:157: UserWarning: To copy construct from a tensor, it is recommended to use sourceTensor.clone().detach() or sourceTensor.clone().detach().requires_grad_(True), rather than torch.tensor(sourceTensor).
  X = torch.tensor(X, dtype=torch.float32).to(self.device)
/home/mburu/Master_Thesis/master-thesis-da/DNN_Trial/models/rtdl_models.py:147: UserWarning: To copy construct from a tensor, it is recommended to use sourceTensor.clone().detach() or sourceTensor.clone().detach().requires_grad_(True), rather than torch.tensor(sourceTensor).
  X = torch.tensor(X, dtype=torch.float32).to(self.device)
/home/mburu/Master_Thesis/master-thesis-da/DNN_Trial/models/rtdl_models.py:157: UserWarning: To copy construct from a tensor, it is recommended to use sourceTensor.clone().detach() or sourceTensor.clone().detach().requires_grad_(True), rather than torch.tensor(sourceTensor).
  X = torch.tensor(X, dtype=torch.float32).to(self.device)
/home/mburu/Master_Thesis/master-thesis-da/DNN_Trial/models/rtdl_models.py:147: UserWarning: To copy construct from a tensor, it is recommended to use sourceTensor.clone().detach() or sourceTensor.clone().detach().requires_grad_(True), rather than torch.tensor(sourceTensor).
  X = torch.tensor(X, dtype=torch.float32).to(self.device)
/home/mburu/Master_Thesis/master-thesis-da/DNN_Trial/models/rtdl_models.py:157: UserWarning: To copy construct from a tensor, it is recommended to use sourceTensor.clone().detach() or sourceTensor.clone().detach().requires_grad_(True), rather than torch.tensor(sourceTensor).
  X = torch.tensor(X, dtype=torch.float32).to(self.device)
/home/mburu/Master_Thesis/master-thesis-da/DNN_Trial/models/rtdl_models.py:147: UserWarning: To copy construct from a tensor, it is recommended to use sourceTensor.clone().detach() or sourceTensor.clone().detach().requires_grad_(True), rather than torch.tensor(sourceTensor).
  X = torch.tensor(X, dtype=torch.float32).to(self.device)
/home/mburu/Master_Thesis/master-thesis-da/DNN_Trial/models/rtdl_models.py:157: UserWarning: To copy construct from a tensor, it is recommended to use sourceTensor.clone().detach() or sourceTensor.clone().detach().requires_grad_(True), rather than torch.tensor(sourceTensor).
  X = torch.tensor(X, dtype=torch.float32).to(self.device)
/home/mburu/Master_Thesis/master-thesis-da/DNN_Trial/models/rtdl_models.py:147: UserWarning: To copy construct from a tensor, it is recommended to use sourceTensor.clone().detach() or sourceTensor.clone().detach().requires_grad_(True), rather than torch.tensor(sourceTensor).
  X = torch.tensor(X, dtype=torch.float32).to(self.device)
/home/mburu/Master_Thesis/master-thesis-da/DNN_Trial/models/rtdl_models.py:157: UserWarning: To copy construct from a tensor, it is recommended to use sourceTensor.clone().detach() or sourceTensor.clone().detach().requires_grad_(True), rather than torch.tensor(sourceTensor).
  X = torch.tensor(X, dtype=torch.float32).to(self.device)
/home/mburu/Master_Thesis/master-thesis-da/DNN_Trial/models/rtdl_models.py:147: UserWarning: To copy construct from a tensor, it is recommended to use sourceTensor.clone().detach() or sourceTensor.clone().detach().requires_grad_(True), rather than torch.tensor(sourceTensor).
  X = torch.tensor(X, dtype=torch.float32).to(self.device)
[I 2025-05-04 20:14:46,661] Trial 4 finished with value: 1.0994239000000001 and parameters: {'n_blocks': 5, 'd_block': 256, 'd_hidden': 2, 'd_hidden_multiplier': 2.892171310833465, 'dropout1': 0.32635668718551375, 'dropout2': 0.051565481873266455}. Best is trial 3 with value: 0.9335661999999999.
/home/mburu/Master_Thesis/master-thesis-da/DNN_Trial/models/rtdl_models.py:157: UserWarning: To copy construct from a tensor, it is recommended to use sourceTensor.clone().detach() or sourceTensor.clone().detach().requires_grad_(True), rather than torch.tensor(sourceTensor).
  X = torch.tensor(X, dtype=torch.float32).to(self.device)
/home/mburu/Master_Thesis/master-thesis-da/DNN_Trial/models/rtdl_models.py:147: UserWarning: To copy construct from a tensor, it is recommended to use sourceTensor.clone().detach() or sourceTensor.clone().detach().requires_grad_(True), rather than torch.tensor(sourceTensor).
  X = torch.tensor(X, dtype=torch.float32).to(self.device)
