[I 2025-04-11 20:39:07,137] A new study created in RDB with name: TabNet_Black_Friday
[I 2025-04-12 09:49:24,837] Trial 0 finished with value: 2.199402 and parameters: {'n_d': 22, 'n_steps': 6, 'gamma': 1.3014175378687765, 'cat_emb_dim': 3, 'n_independent': 3, 'n_shared': 2, 'momentum': 0.003871341633448045, 'mask_type': 'entmax'}. Best is trial 0 with value: 2.199402.
[I 2025-04-12 17:02:48,669] Trial 1 finished with value: 2.246804 and parameters: {'n_d': 8, 'n_steps': 3, 'gamma': 1.7250148367822538, 'cat_emb_dim': 1, 'n_independent': 3, 'n_shared': 4, 'momentum': 0.001799502249815161, 'mask_type': 'sparsemax'}. Best is trial 1 with value: 2.246804.
[I 2025-04-13 06:45:29,653] Trial 2 finished with value: 2.1775480000000003 and parameters: {'n_d': 64, 'n_steps': 7, 'gamma': 1.904221610402977, 'cat_emb_dim': 2, 'n_independent': 1, 'n_shared': 2, 'momentum': 0.08966039586952135, 'mask_type': 'entmax'}. Best is trial 1 with value: 2.246804.
[I 2025-04-13 13:53:26,028] Trial 3 finished with value: 2.188312 and parameters: {'n_d': 35, 'n_steps': 3, 'gamma': 1.192220958666519, 'cat_emb_dim': 3, 'n_independent': 1, 'n_shared': 2, 'momentum': 0.03555191481826748, 'mask_type': 'sparsemax'}. Best is trial 1 with value: 2.246804.
../aten/src/ATen/native/cuda/ScatterGatherKernel.cu:144: operator(): block: [0,0,0], thread: [0,0,0] Assertion `idx_dim >= 0 && idx_dim < index_size && "index out of bounds"` failed.
../aten/src/ATen/native/cuda/ScatterGatherKernel.cu:144: operator(): block: [0,0,0], thread: [1,0,0] Assertion `idx_dim >= 0 && idx_dim < index_size && "index out of bounds"` failed.
../aten/src/ATen/native/cuda/ScatterGatherKernel.cu:144: operator(): block: [0,0,0], thread: [2,0,0] Assertion `idx_dim >= 0 && idx_dim < index_size && "index out of bounds"` failed.
../aten/src/ATen/native/cuda/ScatterGatherKernel.cu:144: operator(): block: [0,0,0], thread: [3,0,0] Assertion `idx_dim >= 0 && idx_dim < index_size && "index out of bounds"` failed.
../aten/src/ATen/native/cuda/ScatterGatherKernel.cu:144: operator(): block: [0,0,0], thread: [4,0,0] Assertion `idx_dim >= 0 && idx_dim < index_size && "index out of bounds"` failed.
../aten/src/ATen/native/cuda/ScatterGatherKernel.cu:144: operator(): block: [0,0,0], thread: [5,0,0] Assertion `idx_dim >= 0 && idx_dim < index_size && "index out of bounds"` failed.
../aten/src/ATen/native/cuda/ScatterGatherKernel.cu:144: operator(): block: [0,0,0], thread: [6,0,0] Assertion `idx_dim >= 0 && idx_dim < index_size && "index out of bounds"` failed.
../aten/src/ATen/native/cuda/ScatterGatherKernel.cu:144: operator(): block: [0,0,0], thread: [7,0,0] Assertion `idx_dim >= 0 && idx_dim < index_size && "index out of bounds"` failed.
../aten/src/ATen/native/cuda/ScatterGatherKernel.cu:144: operator(): block: [0,0,0], thread: [8,0,0] Assertion `idx_dim >= 0 && idx_dim < index_size && "index out of bounds"` failed.
../aten/src/ATen/native/cuda/ScatterGatherKernel.cu:144: operator(): block: [0,0,0], thread: [9,0,0] Assertion `idx_dim >= 0 && idx_dim < index_size && "index out of bounds"` failed.
../aten/src/ATen/native/cuda/ScatterGatherKernel.cu:144: operator(): block: [0,0,0], thread: [10,0,0] Assertion `idx_dim >= 0 && idx_dim < index_size && "index out of bounds"` failed.
../aten/src/ATen/native/cuda/ScatterGatherKernel.cu:144: operator(): block: [0,0,0], thread: [11,0,0] Assertion `idx_dim >= 0 && idx_dim < index_size && "index out of bounds"` failed.
../aten/src/ATen/native/cuda/ScatterGatherKernel.cu:144: operator(): block: [0,0,0], thread: [12,0,0] Assertion `idx_dim >= 0 && idx_dim < index_size && "index out of bounds"` failed.
../aten/src/ATen/native/cuda/ScatterGatherKernel.cu:144: operator(): block: [0,0,0], thread: [13,0,0] Assertion `idx_dim >= 0 && idx_dim < index_size && "index out of bounds"` failed.
../aten/src/ATen/native/cuda/ScatterGatherKernel.cu:144: operator(): block: [0,0,0], thread: [14,0,0] Assertion `idx_dim >= 0 && idx_dim < index_size && "index out of bounds"` failed.
../aten/src/ATen/native/cuda/ScatterGatherKernel.cu:144: operator(): block: [0,0,0], thread: [15,0,0] Assertion `idx_dim >= 0 && idx_dim < index_size && "index out of bounds"` failed.
../aten/src/ATen/native/cuda/ScatterGatherKernel.cu:144: operator(): block: [0,0,0], thread: [16,0,0] Assertion `idx_dim >= 0 && idx_dim < index_size && "index out of bounds"` failed.
../aten/src/ATen/native/cuda/ScatterGatherKernel.cu:144: operator(): block: [0,0,0], thread: [17,0,0] Assertion `idx_dim >= 0 && idx_dim < index_size && "index out of bounds"` failed.
../aten/src/ATen/native/cuda/ScatterGatherKernel.cu:144: operator(): block: [0,0,0], thread: [18,0,0] Assertion `idx_dim >= 0 && idx_dim < index_size && "index out of bounds"` failed.
../aten/src/ATen/native/cuda/ScatterGatherKernel.cu:144: operator(): block: [0,0,0], thread: [19,0,0] Assertion `idx_dim >= 0 && idx_dim < index_size && "index out of bounds"` failed.
../aten/src/ATen/native/cuda/ScatterGatherKernel.cu:144: operator(): block: [0,0,0], thread: [20,0,0] Assertion `idx_dim >= 0 && idx_dim < index_size && "index out of bounds"` failed.
../aten/src/ATen/native/cuda/ScatterGatherKernel.cu:144: operator(): block: [0,0,0], thread: [21,0,0] Assertion `idx_dim >= 0 && idx_dim < index_size && "index out of bounds"` failed.
../aten/src/ATen/native/cuda/ScatterGatherKernel.cu:144: operator(): block: [0,0,0], thread: [22,0,0] Assertion `idx_dim >= 0 && idx_dim < index_size && "index out of bounds"` failed.
../aten/src/ATen/native/cuda/ScatterGatherKernel.cu:144: operator(): block: [0,0,0], thread: [23,0,0] Assertion `idx_dim >= 0 && idx_dim < index_size && "index out of bounds"` failed.
../aten/src/ATen/native/cuda/ScatterGatherKernel.cu:144: operator(): block: [0,0,0], thread: [24,0,0] Assertion `idx_dim >= 0 && idx_dim < index_size && "index out of bounds"` failed.
../aten/src/ATen/native/cuda/ScatterGatherKernel.cu:144: operator(): block: [0,0,0], thread: [25,0,0] Assertion `idx_dim >= 0 && idx_dim < index_size && "index out of bounds"` failed.
../aten/src/ATen/native/cuda/ScatterGatherKernel.cu:144: operator(): block: [0,0,0], thread: [26,0,0] Assertion `idx_dim >= 0 && idx_dim < index_size && "index out of bounds"` failed.
../aten/src/ATen/native/cuda/ScatterGatherKernel.cu:144: operator(): block: [0,0,0], thread: [27,0,0] Assertion `idx_dim >= 0 && idx_dim < index_size && "index out of bounds"` failed.
../aten/src/ATen/native/cuda/ScatterGatherKernel.cu:144: operator(): block: [0,0,0], thread: [28,0,0] Assertion `idx_dim >= 0 && idx_dim < index_size && "index out of bounds"` failed.
../aten/src/ATen/native/cuda/ScatterGatherKernel.cu:144: operator(): block: [0,0,0], thread: [29,0,0] Assertion `idx_dim >= 0 && idx_dim < index_size && "index out of bounds"` failed.
../aten/src/ATen/native/cuda/ScatterGatherKernel.cu:144: operator(): block: [0,0,0], thread: [30,0,0] Assertion `idx_dim >= 0 && idx_dim < index_size && "index out of bounds"` failed.
../aten/src/ATen/native/cuda/ScatterGatherKernel.cu:144: operator(): block: [0,0,0], thread: [31,0,0] Assertion `idx_dim >= 0 && idx_dim < index_size && "index out of bounds"` failed.
[W 2025-04-13 19:00:12,197] Trial 4 failed with parameters: {'n_d': 13, 'n_steps': 6, 'gamma': 1.215355081877914, 'cat_emb_dim': 3, 'n_independent': 2, 'n_shared': 2, 'momentum': 0.2567186067734584, 'mask_type': 'entmax'} because of the following error: RuntimeError('CUDA error: device-side assert triggered\nCUDA kernel errors might be asynchronously reported at some other API call, so the stacktrace below might be incorrect.\nFor debugging consider passing CUDA_LAUNCH_BLOCKING=1.\nCompile with `TORCH_USE_CUDA_DSA` to enable device-side assertions.\n').
Traceback (most recent call last):
  File "/home/mburu/.local/lib/python3.8/site-packages/optuna/study/_optimize.py", line 197, in _run_trial
    value_or_values = func(trial)
  File "train.py", line 338, in __call__
    sc, time = cross_validation(model, self.X, self.y, args_cp, visual=False, save_model=False)#Dont save model during HPT
  File "train.py", line 228, in cross_validation
    loss_history, val_loss_history = curr_model.fit(X_train, y_train, X_test, y_test)  # X_val, y_val)
  File "/home/mburu/Master_Thesis/master-thesis-da/DNN_Trial/models/tabnet.py", line 84, in fit
    self.model.fit(X, y, eval_set=[(X_val, y_val)], eval_name=["eval"], eval_metric=self.metric,
  File "/home/mburu/.local/lib/python3.8/site-packages/pytorch_tabnet/abstract_model.py", line 258, in fit
    self._train_epoch(train_dataloader)
  File "/home/mburu/.local/lib/python3.8/site-packages/pytorch_tabnet/abstract_model.py", line 489, in _train_epoch
    batch_logs = self._train_batch(X, y)
  File "/home/mburu/.local/lib/python3.8/site-packages/pytorch_tabnet/abstract_model.py", line 527, in _train_batch
    output, M_loss = self.network(X)
  File "/home/mburu/anaconda3/envs/TabSurvey/lib/python3.8/site-packages/torch/nn/modules/module.py", line 1518, in _wrapped_call_impl
    return self._call_impl(*args, **kwargs)
  File "/home/mburu/anaconda3/envs/TabSurvey/lib/python3.8/site-packages/torch/nn/modules/module.py", line 1527, in _call_impl
    return forward_call(*args, **kwargs)
  File "/home/mburu/.local/lib/python3.8/site-packages/pytorch_tabnet/tab_network.py", line 616, in forward
    return self.tabnet(x)
  File "/home/mburu/anaconda3/envs/TabSurvey/lib/python3.8/site-packages/torch/nn/modules/module.py", line 1518, in _wrapped_call_impl
    return self._call_impl(*args, **kwargs)
  File "/home/mburu/anaconda3/envs/TabSurvey/lib/python3.8/site-packages/torch/nn/modules/module.py", line 1527, in _call_impl
    return forward_call(*args, **kwargs)
  File "/home/mburu/.local/lib/python3.8/site-packages/pytorch_tabnet/tab_network.py", line 492, in forward
    steps_output, M_loss = self.encoder(x)
  File "/home/mburu/anaconda3/envs/TabSurvey/lib/python3.8/site-packages/torch/nn/modules/module.py", line 1518, in _wrapped_call_impl
    return self._call_impl(*args, **kwargs)
  File "/home/mburu/anaconda3/envs/TabSurvey/lib/python3.8/site-packages/torch/nn/modules/module.py", line 1527, in _call_impl
    return forward_call(*args, **kwargs)
  File "/home/mburu/.local/lib/python3.8/site-packages/pytorch_tabnet/tab_network.py", line 181, in forward
    out = self.feat_transformers[step](masked_x)
  File "/home/mburu/anaconda3/envs/TabSurvey/lib/python3.8/site-packages/torch/nn/modules/module.py", line 1518, in _wrapped_call_impl
    return self._call_impl(*args, **kwargs)
  File "/home/mburu/anaconda3/envs/TabSurvey/lib/python3.8/site-packages/torch/nn/modules/module.py", line 1527, in _call_impl
    return forward_call(*args, **kwargs)
  File "/home/mburu/.local/lib/python3.8/site-packages/pytorch_tabnet/tab_network.py", line 737, in forward
    x = self.shared(x)
  File "/home/mburu/anaconda3/envs/TabSurvey/lib/python3.8/site-packages/torch/nn/modules/module.py", line 1518, in _wrapped_call_impl
    return self._call_impl(*args, **kwargs)
  File "/home/mburu/anaconda3/envs/TabSurvey/lib/python3.8/site-packages/torch/nn/modules/module.py", line 1527, in _call_impl
    return forward_call(*args, **kwargs)
  File "/home/mburu/.local/lib/python3.8/site-packages/pytorch_tabnet/tab_network.py", line 772, in forward
    scale = torch.sqrt(torch.FloatTensor([0.5]).to(x.device))
RuntimeError: CUDA error: device-side assert triggered
CUDA kernel errors might be asynchronously reported at some other API call, so the stacktrace below might be incorrect.
For debugging consider passing CUDA_LAUNCH_BLOCKING=1.
Compile with `TORCH_USE_CUDA_DSA` to enable device-side assertions.

[W 2025-04-13 19:00:12,226] Trial 4 failed with value None.
Traceback (most recent call last):
  File "train.py", line 397, in <module>
    main(arguments)
  File "train.py", line 360, in main
    study.optimize(Objective(args, model_name, X, y), n_trials=args.n_trials)
  File "/home/mburu/.local/lib/python3.8/site-packages/optuna/study/study.py", line 475, in optimize
    _optimize(
  File "/home/mburu/.local/lib/python3.8/site-packages/optuna/study/_optimize.py", line 63, in _optimize
    _optimize_sequential(
  File "/home/mburu/.local/lib/python3.8/site-packages/optuna/study/_optimize.py", line 160, in _optimize_sequential
    frozen_trial = _run_trial(study, func, catch)
  File "/home/mburu/.local/lib/python3.8/site-packages/optuna/study/_optimize.py", line 248, in _run_trial
    raise func_err
  File "/home/mburu/.local/lib/python3.8/site-packages/optuna/study/_optimize.py", line 197, in _run_trial
    value_or_values = func(trial)
  File "train.py", line 338, in __call__
    sc, time = cross_validation(model, self.X, self.y, args_cp, visual=False, save_model=False)#Dont save model during HPT
  File "train.py", line 228, in cross_validation
    loss_history, val_loss_history = curr_model.fit(X_train, y_train, X_test, y_test)  # X_val, y_val)
  File "/home/mburu/Master_Thesis/master-thesis-da/DNN_Trial/models/tabnet.py", line 84, in fit
    self.model.fit(X, y, eval_set=[(X_val, y_val)], eval_name=["eval"], eval_metric=self.metric,
  File "/home/mburu/.local/lib/python3.8/site-packages/pytorch_tabnet/abstract_model.py", line 258, in fit
    self._train_epoch(train_dataloader)
  File "/home/mburu/.local/lib/python3.8/site-packages/pytorch_tabnet/abstract_model.py", line 489, in _train_epoch
    batch_logs = self._train_batch(X, y)
  File "/home/mburu/.local/lib/python3.8/site-packages/pytorch_tabnet/abstract_model.py", line 527, in _train_batch
    output, M_loss = self.network(X)
  File "/home/mburu/anaconda3/envs/TabSurvey/lib/python3.8/site-packages/torch/nn/modules/module.py", line 1518, in _wrapped_call_impl
    return self._call_impl(*args, **kwargs)
  File "/home/mburu/anaconda3/envs/TabSurvey/lib/python3.8/site-packages/torch/nn/modules/module.py", line 1527, in _call_impl
    return forward_call(*args, **kwargs)
  File "/home/mburu/.local/lib/python3.8/site-packages/pytorch_tabnet/tab_network.py", line 616, in forward
    return self.tabnet(x)
  File "/home/mburu/anaconda3/envs/TabSurvey/lib/python3.8/site-packages/torch/nn/modules/module.py", line 1518, in _wrapped_call_impl
    return self._call_impl(*args, **kwargs)
  File "/home/mburu/anaconda3/envs/TabSurvey/lib/python3.8/site-packages/torch/nn/modules/module.py", line 1527, in _call_impl
    return forward_call(*args, **kwargs)
  File "/home/mburu/.local/lib/python3.8/site-packages/pytorch_tabnet/tab_network.py", line 492, in forward
    steps_output, M_loss = self.encoder(x)
  File "/home/mburu/anaconda3/envs/TabSurvey/lib/python3.8/site-packages/torch/nn/modules/module.py", line 1518, in _wrapped_call_impl
    return self._call_impl(*args, **kwargs)
  File "/home/mburu/anaconda3/envs/TabSurvey/lib/python3.8/site-packages/torch/nn/modules/module.py", line 1527, in _call_impl
    return forward_call(*args, **kwargs)
  File "/home/mburu/.local/lib/python3.8/site-packages/pytorch_tabnet/tab_network.py", line 181, in forward
    out = self.feat_transformers[step](masked_x)
  File "/home/mburu/anaconda3/envs/TabSurvey/lib/python3.8/site-packages/torch/nn/modules/module.py", line 1518, in _wrapped_call_impl
    return self._call_impl(*args, **kwargs)
  File "/home/mburu/anaconda3/envs/TabSurvey/lib/python3.8/site-packages/torch/nn/modules/module.py", line 1527, in _call_impl
    return forward_call(*args, **kwargs)
  File "/home/mburu/.local/lib/python3.8/site-packages/pytorch_tabnet/tab_network.py", line 737, in forward
    x = self.shared(x)
  File "/home/mburu/anaconda3/envs/TabSurvey/lib/python3.8/site-packages/torch/nn/modules/module.py", line 1518, in _wrapped_call_impl
    return self._call_impl(*args, **kwargs)
  File "/home/mburu/anaconda3/envs/TabSurvey/lib/python3.8/site-packages/torch/nn/modules/module.py", line 1527, in _call_impl
    return forward_call(*args, **kwargs)
  File "/home/mburu/.local/lib/python3.8/site-packages/pytorch_tabnet/tab_network.py", line 772, in forward
    scale = torch.sqrt(torch.FloatTensor([0.5]).to(x.device))
RuntimeError: CUDA error: device-side assert triggered
CUDA kernel errors might be asynchronously reported at some other API call, so the stacktrace below might be incorrect.
For debugging consider passing CUDA_LAUNCH_BLOCKING=1.
Compile with `TORCH_USE_CUDA_DSA` to enable device-side assertions.

srun: error: stud-000: task 0: Exited with exit code 1
