[I 2025-04-03 21:24:24,348] A new study created in RDB with name: TabTransformer_SAT11
[I 2025-04-03 21:25:58,142] Trial 0 finished with value: 1.3818 and parameters: {'dim': 64, 'depth': 2, 'heads': 8, 'weight_decay': -4, 'learning_rate': -3, 'dropout': 0.3}. Best is trial 0 with value: 1.3818.
[I 2025-04-03 21:28:35,599] Trial 1 finished with value: 0.69708 and parameters: {'dim': 256, 'depth': 2, 'heads': 4, 'weight_decay': -5, 'learning_rate': -5, 'dropout': 0.2}. Best is trial 0 with value: 1.3818.
[I 2025-04-03 21:31:11,445] Trial 2 finished with value: 1.0495 and parameters: {'dim': 32, 'depth': 1, 'heads': 2, 'weight_decay': -1, 'learning_rate': -6, 'dropout': 0.5}. Best is trial 0 with value: 1.3818.
[I 2025-04-03 21:33:11,120] Trial 3 finished with value: 1.3562400000000001 and parameters: {'dim': 32, 'depth': 2, 'heads': 8, 'weight_decay': -6, 'learning_rate': -3, 'dropout': 0.2}. Best is trial 0 with value: 1.3818.
[I 2025-04-03 21:35:45,891] Trial 4 finished with value: 1.0362 and parameters: {'dim': 64, 'depth': 12, 'heads': 8, 'weight_decay': -2, 'learning_rate': -6, 'dropout': 0.1}. Best is trial 0 with value: 1.3818.
[I 2025-04-03 21:37:48,203] Trial 5 finished with value: 0.8123999999999999 and parameters: {'dim': 128, 'depth': 6, 'heads': 4, 'weight_decay': -5, 'learning_rate': -4, 'dropout': 0.4}. Best is trial 0 with value: 1.3818.
[I 2025-04-03 21:40:25,888] Trial 6 finished with value: 0.69126 and parameters: {'dim': 128, 'depth': 2, 'heads': 4, 'weight_decay': -5, 'learning_rate': -5, 'dropout': 0.2}. Best is trial 0 with value: 1.3818.
[I 2025-04-03 21:43:02,448] Trial 7 finished with value: 1.0627199999999999 and parameters: {'dim': 256, 'depth': 6, 'heads': 8, 'weight_decay': -4, 'learning_rate': -6, 'dropout': 0.5}. Best is trial 0 with value: 1.3818.
[I 2025-04-03 21:45:39,521] Trial 8 finished with value: 1.0877599999999998 and parameters: {'dim': 32, 'depth': 3, 'heads': 8, 'weight_decay': -1, 'learning_rate': -6, 'dropout': 0.3}. Best is trial 0 with value: 1.3818.
[I 2025-04-03 21:47:36,080] Trial 9 finished with value: 1.3788399999999998 and parameters: {'dim': 32, 'depth': 3, 'heads': 4, 'weight_decay': -5, 'learning_rate': -3, 'dropout': 0.3}. Best is trial 0 with value: 1.3818.
[I 2025-04-03 21:49:56,927] Trial 10 finished with value: 0.87698 and parameters: {'dim': 64, 'depth': 1, 'heads': 2, 'weight_decay': -3, 'learning_rate': -4, 'dropout': 0}. Best is trial 0 with value: 1.3818.
[I 2025-04-03 21:51:30,007] Trial 11 finished with value: 1.32328 and parameters: {'dim': 64, 'depth': 3, 'heads': 4, 'weight_decay': -4, 'learning_rate': -3, 'dropout': 0.3}. Best is trial 0 with value: 1.3818.
[I 2025-04-03 21:53:18,588] Trial 12 finished with value: 1.38036 and parameters: {'dim': 64, 'depth': 3, 'heads': 8, 'weight_decay': -3, 'learning_rate': -3, 'dropout': 0.3}. Best is trial 0 with value: 1.3818.
[I 2025-04-03 21:55:34,236] Trial 13 finished with value: 0.9024999999999999 and parameters: {'dim': 64, 'depth': 12, 'heads': 8, 'weight_decay': -3, 'learning_rate': -4, 'dropout': 0.3}. Best is trial 0 with value: 1.3818.
[I 2025-04-03 21:56:52,424] Trial 14 finished with value: 1.28924 and parameters: {'dim': 64, 'depth': 2, 'heads': 8, 'weight_decay': -2, 'learning_rate': -3, 'dropout': 0.3}. Best is trial 0 with value: 1.3818.
[I 2025-04-03 21:59:13,143] Trial 15 finished with value: 0.87928 and parameters: {'dim': 64, 'depth': 3, 'heads': 8, 'weight_decay': -3, 'learning_rate': -4, 'dropout': 0}. Best is trial 0 with value: 1.3818.
[I 2025-04-03 22:00:57,962] Trial 16 finished with value: 1.36722 and parameters: {'dim': 64, 'depth': 2, 'heads': 2, 'weight_decay': -2, 'learning_rate': -3, 'dropout': 0.4}. Best is trial 0 with value: 1.3818.
[I 2025-04-03 22:02:58,572] Trial 17 finished with value: 1.32924 and parameters: {'dim': 64, 'depth': 3, 'heads': 8, 'weight_decay': -4, 'learning_rate': -3, 'dropout': 0.1}. Best is trial 0 with value: 1.3818.
[I 2025-04-03 22:05:44,027] Trial 18 finished with value: 0.69238 and parameters: {'dim': 256, 'depth': 6, 'heads': 8, 'weight_decay': -6, 'learning_rate': -5, 'dropout': 0.3}. Best is trial 0 with value: 1.3818.
[I 2025-04-03 22:07:47,860] Trial 19 finished with value: 0.8337 and parameters: {'dim': 128, 'depth': 1, 'heads': 8, 'weight_decay': -3, 'learning_rate': -4, 'dropout': 0.3}. Best is trial 0 with value: 1.3818.
[I 2025-04-03 22:09:37,297] Trial 20 finished with value: 1.39844 and parameters: {'dim': 64, 'depth': 12, 'heads': 2, 'weight_decay': -4, 'learning_rate': -3, 'dropout': 0.3}. Best is trial 20 with value: 1.39844.
[I 2025-04-03 22:11:22,543] Trial 21 finished with value: 1.3733400000000002 and parameters: {'dim': 64, 'depth': 12, 'heads': 2, 'weight_decay': -4, 'learning_rate': -3, 'dropout': 0.3}. Best is trial 20 with value: 1.39844.
[I 2025-04-03 22:13:30,018] Trial 22 finished with value: 1.3174 and parameters: {'dim': 64, 'depth': 12, 'heads': 2, 'weight_decay': -4, 'learning_rate': -3, 'dropout': 0.3}. Best is trial 20 with value: 1.39844.
[I 2025-04-03 22:15:55,862] Trial 23 finished with value: 0.8956 and parameters: {'dim': 64, 'depth': 12, 'heads': 2, 'weight_decay': -3, 'learning_rate': -4, 'dropout': 0.3}. Best is trial 20 with value: 1.39844.
[I 2025-04-03 22:17:37,228] Trial 24 finished with value: 1.30118 and parameters: {'dim': 64, 'depth': 12, 'heads': 2, 'weight_decay': -2, 'learning_rate': -3, 'dropout': 0.3}. Best is trial 20 with value: 1.39844.
[I 2025-04-03 22:18:55,687] Trial 25 finished with value: 1.2676399999999999 and parameters: {'dim': 64, 'depth': 3, 'heads': 8, 'weight_decay': -4, 'learning_rate': -3, 'dropout': 0.1}. Best is trial 20 with value: 1.39844.
[I 2025-04-03 22:21:15,401] Trial 26 finished with value: 0.94224 and parameters: {'dim': 64, 'depth': 2, 'heads': 2, 'weight_decay': -5, 'learning_rate': -4, 'dropout': 0.4}. Best is trial 20 with value: 1.39844.
[I 2025-04-03 22:23:13,971] Trial 27 finished with value: 1.36022 and parameters: {'dim': 256, 'depth': 12, 'heads': 8, 'weight_decay': -3, 'learning_rate': -3, 'dropout': 0.5}. Best is trial 20 with value: 1.39844.
[I 2025-04-03 22:25:21,215] Trial 28 finished with value: 0.8539200000000001 and parameters: {'dim': 128, 'depth': 2, 'heads': 8, 'weight_decay': -4, 'learning_rate': -4, 'dropout': 0}. Best is trial 20 with value: 1.39844.
[I 2025-04-03 22:27:55,749] Trial 29 finished with value: 0.6906399999999999 and parameters: {'dim': 256, 'depth': 3, 'heads': 2, 'weight_decay': -6, 'learning_rate': -5, 'dropout': 0.3}. Best is trial 20 with value: 1.39844.
[I 2025-04-03 22:29:48,693] Trial 30 finished with value: 1.3806 and parameters: {'dim': 64, 'depth': 2, 'heads': 4, 'weight_decay': -5, 'learning_rate': -3, 'dropout': 0.2}. Best is trial 20 with value: 1.39844.
[I 2025-04-03 22:31:34,774] Trial 31 finished with value: 1.3807800000000001 and parameters: {'dim': 64, 'depth': 2, 'heads': 4, 'weight_decay': -5, 'learning_rate': -3, 'dropout': 0.2}. Best is trial 20 with value: 1.39844.
[I 2025-04-03 22:33:24,495] Trial 32 finished with value: 1.30494 and parameters: {'dim': 64, 'depth': 2, 'heads': 4, 'weight_decay': -5, 'learning_rate': -3, 'dropout': 0.2}. Best is trial 20 with value: 1.39844.
[I 2025-04-03 22:35:24,113] Trial 33 finished with value: 1.35638 and parameters: {'dim': 64, 'depth': 2, 'heads': 4, 'weight_decay': -6, 'learning_rate': -3, 'dropout': 0.2}. Best is trial 20 with value: 1.39844.
[I 2025-04-03 22:37:12,320] Trial 34 finished with value: 1.43662 and parameters: {'dim': 32, 'depth': 2, 'heads': 4, 'weight_decay': -5, 'learning_rate': -3, 'dropout': 0.2}. Best is trial 34 with value: 1.43662.
[I 2025-04-03 22:38:54,857] Trial 35 finished with value: 1.2903600000000002 and parameters: {'dim': 32, 'depth': 2, 'heads': 4, 'weight_decay': -5, 'learning_rate': -3, 'dropout': 0.2}. Best is trial 34 with value: 1.43662.
[I 2025-04-03 22:41:12,193] Trial 36 finished with value: 0.91914 and parameters: {'dim': 32, 'depth': 2, 'heads': 4, 'weight_decay': -6, 'learning_rate': -4, 'dropout': 0.2}. Best is trial 34 with value: 1.43662.
[I 2025-04-03 22:42:33,500] Trial 37 finished with value: 1.28904 and parameters: {'dim': 32, 'depth': 2, 'heads': 4, 'weight_decay': -5, 'learning_rate': -3, 'dropout': 0.2}. Best is trial 34 with value: 1.43662.
[I 2025-04-03 22:45:04,785] Trial 38 finished with value: 0.9444800000000001 and parameters: {'dim': 32, 'depth': 1, 'heads': 4, 'weight_decay': -5, 'learning_rate': -4, 'dropout': 0.2}. Best is trial 34 with value: 1.43662.
[I 2025-04-03 22:46:55,254] Trial 39 finished with value: 1.3446200000000001 and parameters: {'dim': 32, 'depth': 6, 'heads': 4, 'weight_decay': -4, 'learning_rate': -3, 'dropout': 0.5}. Best is trial 34 with value: 1.43662.
[I 2025-04-03 22:49:25,364] Trial 40 finished with value: 1.05228 and parameters: {'dim': 128, 'depth': 2, 'heads': 4, 'weight_decay': -5, 'learning_rate': -6, 'dropout': 0.2}. Best is trial 34 with value: 1.43662.
[I 2025-04-03 22:50:50,916] Trial 41 finished with value: 1.41022 and parameters: {'dim': 64, 'depth': 2, 'heads': 4, 'weight_decay': -6, 'learning_rate': -3, 'dropout': 0.2}. Best is trial 34 with value: 1.43662.
[I 2025-04-03 22:52:43,768] Trial 42 finished with value: 1.32898 and parameters: {'dim': 64, 'depth': 2, 'heads': 4, 'weight_decay': -6, 'learning_rate': -3, 'dropout': 0.2}. Best is trial 34 with value: 1.43662.
[I 2025-04-03 22:54:39,675] Trial 43 finished with value: 1.48896 and parameters: {'dim': 32, 'depth': 2, 'heads': 4, 'weight_decay': -6, 'learning_rate': -3, 'dropout': 0.2}. Best is trial 43 with value: 1.48896.
[I 2025-04-03 22:56:13,820] Trial 44 finished with value: 1.35586 and parameters: {'dim': 32, 'depth': 2, 'heads': 4, 'weight_decay': -6, 'learning_rate': -3, 'dropout': 0.1}. Best is trial 43 with value: 1.48896.
[I 2025-04-03 22:58:25,720] Trial 45 finished with value: 1.39302 and parameters: {'dim': 32, 'depth': 2, 'heads': 4, 'weight_decay': -6, 'learning_rate': -3, 'dropout': 0.2}. Best is trial 43 with value: 1.48896.
[I 2025-04-03 22:59:44,124] Trial 46 finished with value: 1.2869799999999998 and parameters: {'dim': 32, 'depth': 2, 'heads': 4, 'weight_decay': -6, 'learning_rate': -3, 'dropout': 0.2}. Best is trial 43 with value: 1.48896.
[I 2025-04-03 23:01:02,711] Trial 47 finished with value: 1.2311 and parameters: {'dim': 32, 'depth': 1, 'heads': 4, 'weight_decay': -6, 'learning_rate': -3, 'dropout': 0.2}. Best is trial 43 with value: 1.48896.
[I 2025-04-03 23:03:43,128] Trial 48 finished with value: 0.7016600000000001 and parameters: {'dim': 32, 'depth': 6, 'heads': 4, 'weight_decay': -6, 'learning_rate': -5, 'dropout': 0.2}. Best is trial 43 with value: 1.48896.
[I 2025-04-03 23:04:56,889] Trial 49 finished with value: 1.23422 and parameters: {'dim': 32, 'depth': 2, 'heads': 4, 'weight_decay': -6, 'learning_rate': -3, 'dropout': 0.2}. Best is trial 43 with value: 1.48896.
[I 2025-04-03 23:07:20,402] Trial 50 finished with value: 0.9046800000000002 and parameters: {'dim': 32, 'depth': 12, 'heads': 4, 'weight_decay': -6, 'learning_rate': -4, 'dropout': 0.4}. Best is trial 43 with value: 1.48896.
[I 2025-04-03 23:08:53,874] Trial 51 finished with value: 1.32626 and parameters: {'dim': 32, 'depth': 2, 'heads': 2, 'weight_decay': -5, 'learning_rate': -3, 'dropout': 0}. Best is trial 43 with value: 1.48896.
[I 2025-04-03 23:10:27,884] Trial 52 finished with value: 1.3353799999999998 and parameters: {'dim': 32, 'depth': 2, 'heads': 4, 'weight_decay': -4, 'learning_rate': -3, 'dropout': 0.2}. Best is trial 43 with value: 1.48896.
[I 2025-04-03 23:12:09,977] Trial 53 finished with value: 1.38864 and parameters: {'dim': 256, 'depth': 2, 'heads': 4, 'weight_decay': -6, 'learning_rate': -3, 'dropout': 0.5}. Best is trial 43 with value: 1.48896.
[I 2025-04-03 23:14:20,285] Trial 54 finished with value: 1.38792 and parameters: {'dim': 256, 'depth': 2, 'heads': 4, 'weight_decay': -6, 'learning_rate': -3, 'dropout': 0.5}. Best is trial 43 with value: 1.48896.
[I 2025-04-03 23:16:18,577] Trial 55 finished with value: 1.31946 and parameters: {'dim': 256, 'depth': 2, 'heads': 4, 'weight_decay': -6, 'learning_rate': -3, 'dropout': 0.5}. Best is trial 43 with value: 1.48896.
[I 2025-04-03 23:17:46,966] Trial 56 finished with value: 1.3172599999999999 and parameters: {'dim': 256, 'depth': 12, 'heads': 4, 'weight_decay': -6, 'learning_rate': -3, 'dropout': 0.5}. Best is trial 43 with value: 1.48896.
[I 2025-04-03 23:19:30,447] Trial 57 finished with value: 1.40388 and parameters: {'dim': 256, 'depth': 2, 'heads': 4, 'weight_decay': -5, 'learning_rate': -3, 'dropout': 0.5}. Best is trial 43 with value: 1.48896.
[I 2025-04-03 23:21:24,719] Trial 58 finished with value: 1.3410600000000001 and parameters: {'dim': 128, 'depth': 6, 'heads': 2, 'weight_decay': -5, 'learning_rate': -3, 'dropout': 0.1}. Best is trial 43 with value: 1.48896.
[I 2025-04-03 23:23:32,228] Trial 59 finished with value: 0.90646 and parameters: {'dim': 32, 'depth': 1, 'heads': 4, 'weight_decay': -5, 'learning_rate': -4, 'dropout': 0.4}. Best is trial 43 with value: 1.48896.
[I 2025-04-03 23:25:07,681] Trial 60 finished with value: 1.26802 and parameters: {'dim': 256, 'depth': 2, 'heads': 2, 'weight_decay': -5, 'learning_rate': -3, 'dropout': 0.2}. Best is trial 43 with value: 1.48896.
[I 2025-04-03 23:26:25,809] Trial 61 finished with value: 1.2507400000000002 and parameters: {'dim': 256, 'depth': 2, 'heads': 4, 'weight_decay': -6, 'learning_rate': -3, 'dropout': 0.5}. Best is trial 43 with value: 1.48896.
[I 2025-04-03 23:27:52,099] Trial 62 finished with value: 1.2891400000000002 and parameters: {'dim': 256, 'depth': 2, 'heads': 4, 'weight_decay': -1, 'learning_rate': -3, 'dropout': 0.5}. Best is trial 43 with value: 1.48896.
[I 2025-04-03 23:29:40,176] Trial 63 finished with value: 1.41552 and parameters: {'dim': 256, 'depth': 2, 'heads': 4, 'weight_decay': -6, 'learning_rate': -3, 'dropout': 0.5}. Best is trial 43 with value: 1.48896.
[I 2025-04-03 23:31:23,910] Trial 64 finished with value: 1.38088 and parameters: {'dim': 256, 'depth': 12, 'heads': 4, 'weight_decay': -6, 'learning_rate': -3, 'dropout': 0.5}. Best is trial 43 with value: 1.48896.
[I 2025-04-03 23:32:41,913] Trial 65 finished with value: 1.3851600000000002 and parameters: {'dim': 256, 'depth': 2, 'heads': 4, 'weight_decay': -6, 'learning_rate': -3, 'dropout': 0}. Best is trial 43 with value: 1.48896.
[I 2025-04-03 23:34:25,392] Trial 66 finished with value: 1.34738 and parameters: {'dim': 32, 'depth': 2, 'heads': 4, 'weight_decay': -5, 'learning_rate': -3, 'dropout': 0.5}. Best is trial 43 with value: 1.48896.
[I 2025-04-03 23:35:53,853] Trial 67 finished with value: 1.33918 and parameters: {'dim': 128, 'depth': 2, 'heads': 2, 'weight_decay': -4, 'learning_rate': -3, 'dropout': 0.2}. Best is trial 43 with value: 1.48896.
[I 2025-04-03 23:38:07,635] Trial 68 finished with value: 0.8666600000000001 and parameters: {'dim': 256, 'depth': 12, 'heads': 4, 'weight_decay': -6, 'learning_rate': -4, 'dropout': 0.3}. Best is trial 43 with value: 1.48896.
[I 2025-04-03 23:39:38,918] Trial 69 finished with value: 1.3056599999999998 and parameters: {'dim': 64, 'depth': 2, 'heads': 4, 'weight_decay': -5, 'learning_rate': -3, 'dropout': 0.2}. Best is trial 43 with value: 1.48896.
[I 2025-04-03 23:41:22,900] Trial 70 finished with value: 1.3634799999999998 and parameters: {'dim': 32, 'depth': 2, 'heads': 2, 'weight_decay': -5, 'learning_rate': -3, 'dropout': 0.5}. Best is trial 43 with value: 1.48896.
[I 2025-04-03 23:42:59,006] Trial 71 finished with value: 1.4065800000000004 and parameters: {'dim': 256, 'depth': 2, 'heads': 4, 'weight_decay': -6, 'learning_rate': -3, 'dropout': 0.5}. Best is trial 43 with value: 1.48896.
[I 2025-04-03 23:44:33,592] Trial 72 finished with value: 1.35392 and parameters: {'dim': 256, 'depth': 2, 'heads': 4, 'weight_decay': -6, 'learning_rate': -3, 'dropout': 0.5}. Best is trial 43 with value: 1.48896.
[I 2025-04-03 23:46:31,241] Trial 73 finished with value: 1.3874600000000001 and parameters: {'dim': 256, 'depth': 2, 'heads': 4, 'weight_decay': -6, 'learning_rate': -3, 'dropout': 0.5}. Best is trial 43 with value: 1.48896.
[I 2025-04-03 23:48:24,743] Trial 74 finished with value: 1.37426 and parameters: {'dim': 256, 'depth': 3, 'heads': 4, 'weight_decay': -6, 'learning_rate': -3, 'dropout': 0.5}. Best is trial 43 with value: 1.48896.
[I 2025-04-03 23:50:05,626] Trial 75 finished with value: 1.31386 and parameters: {'dim': 64, 'depth': 2, 'heads': 4, 'weight_decay': -6, 'learning_rate': -3, 'dropout': 0.2}. Best is trial 43 with value: 1.48896.
[I 2025-04-03 23:51:42,845] Trial 76 finished with value: 1.38612 and parameters: {'dim': 256, 'depth': 2, 'heads': 4, 'weight_decay': -6, 'learning_rate': -3, 'dropout': 0.3}. Best is trial 43 with value: 1.48896.
[I 2025-04-03 23:53:19,472] Trial 77 finished with value: 1.42162 and parameters: {'dim': 32, 'depth': 12, 'heads': 4, 'weight_decay': -4, 'learning_rate': -3, 'dropout': 0.1}. Best is trial 43 with value: 1.48896.
[I 2025-04-03 23:55:57,033] Trial 78 finished with value: 0.7108800000000001 and parameters: {'dim': 64, 'depth': 12, 'heads': 4, 'weight_decay': -4, 'learning_rate': -5, 'dropout': 0.1}. Best is trial 43 with value: 1.48896.
[I 2025-04-03 23:57:15,118] Trial 79 finished with value: 1.26028 and parameters: {'dim': 256, 'depth': 12, 'heads': 2, 'weight_decay': -4, 'learning_rate': -3, 'dropout': 0.1}. Best is trial 43 with value: 1.48896.
[I 2025-04-03 23:58:43,387] Trial 80 finished with value: 1.41004 and parameters: {'dim': 32, 'depth': 12, 'heads': 8, 'weight_decay': -3, 'learning_rate': -3, 'dropout': 0.1}. Best is trial 43 with value: 1.48896.
[I 2025-04-04 00:00:12,490] Trial 81 finished with value: 1.3435599999999999 and parameters: {'dim': 32, 'depth': 12, 'heads': 8, 'weight_decay': -3, 'learning_rate': -3, 'dropout': 0.1}. Best is trial 43 with value: 1.48896.
[I 2025-04-04 00:01:40,876] Trial 82 finished with value: 1.3573 and parameters: {'dim': 32, 'depth': 12, 'heads': 8, 'weight_decay': -3, 'learning_rate': -3, 'dropout': 0.1}. Best is trial 43 with value: 1.48896.
[I 2025-04-04 00:03:27,535] Trial 83 finished with value: 1.3410600000000001 and parameters: {'dim': 32, 'depth': 12, 'heads': 8, 'weight_decay': -3, 'learning_rate': -3, 'dropout': 0.1}. Best is trial 43 with value: 1.48896.
[I 2025-04-04 00:05:00,282] Trial 84 finished with value: 1.2851 and parameters: {'dim': 32, 'depth': 12, 'heads': 8, 'weight_decay': -4, 'learning_rate': -3, 'dropout': 0.1}. Best is trial 43 with value: 1.48896.
[I 2025-04-04 00:06:28,354] Trial 85 finished with value: 1.28006 and parameters: {'dim': 64, 'depth': 12, 'heads': 8, 'weight_decay': -3, 'learning_rate': -3, 'dropout': 0.1}. Best is trial 43 with value: 1.48896.
[I 2025-04-04 00:07:59,499] Trial 86 finished with value: 1.312 and parameters: {'dim': 32, 'depth': 1, 'heads': 4, 'weight_decay': -2, 'learning_rate': -3, 'dropout': 0.4}. Best is trial 43 with value: 1.48896.
[I 2025-04-04 00:09:53,221] Trial 87 finished with value: 1.31414 and parameters: {'dim': 128, 'depth': 6, 'heads': 4, 'weight_decay': -4, 'learning_rate': -3, 'dropout': 0}. Best is trial 43 with value: 1.48896.
[I 2025-04-04 00:11:28,967] Trial 88 finished with value: 1.3658599999999999 and parameters: {'dim': 32, 'depth': 12, 'heads': 4, 'weight_decay': -3, 'learning_rate': -3, 'dropout': 0.3}. Best is trial 43 with value: 1.48896.
[I 2025-04-04 00:12:59,468] Trial 89 finished with value: 1.41214 and parameters: {'dim': 64, 'depth': 3, 'heads': 8, 'weight_decay': -4, 'learning_rate': -3, 'dropout': 0.1}. Best is trial 43 with value: 1.48896.
[I 2025-04-04 00:14:39,510] Trial 90 finished with value: 1.38304 and parameters: {'dim': 32, 'depth': 3, 'heads': 8, 'weight_decay': -4, 'learning_rate': -3, 'dropout': 0.1}. Best is trial 43 with value: 1.48896.
[I 2025-04-04 00:16:17,069] Trial 91 finished with value: 1.3768 and parameters: {'dim': 64, 'depth': 3, 'heads': 8, 'weight_decay': -4, 'learning_rate': -3, 'dropout': 0.1}. Best is trial 43 with value: 1.48896.
[I 2025-04-04 00:18:13,862] Trial 92 finished with value: 1.4893 and parameters: {'dim': 64, 'depth': 3, 'heads': 8, 'weight_decay': -4, 'learning_rate': -3, 'dropout': 0.1}. Best is trial 92 with value: 1.4893.
[I 2025-04-04 00:19:49,786] Trial 93 finished with value: 1.3728 and parameters: {'dim': 64, 'depth': 3, 'heads': 8, 'weight_decay': -4, 'learning_rate': -3, 'dropout': 0.1}. Best is trial 92 with value: 1.4893.
[I 2025-04-04 00:21:34,514] Trial 94 finished with value: 1.42554 and parameters: {'dim': 64, 'depth': 3, 'heads': 8, 'weight_decay': -4, 'learning_rate': -3, 'dropout': 0.1}. Best is trial 92 with value: 1.4893.
[I 2025-04-04 00:24:09,084] Trial 95 finished with value: 1.08734 and parameters: {'dim': 64, 'depth': 3, 'heads': 8, 'weight_decay': -4, 'learning_rate': -6, 'dropout': 0.1}. Best is trial 92 with value: 1.4893.
[I 2025-04-04 00:25:45,905] Trial 96 finished with value: 1.37272 and parameters: {'dim': 64, 'depth': 3, 'heads': 8, 'weight_decay': -4, 'learning_rate': -3, 'dropout': 0.1}. Best is trial 92 with value: 1.4893.
[I 2025-04-04 00:27:25,066] Trial 97 finished with value: 1.3162 and parameters: {'dim': 64, 'depth': 3, 'heads': 8, 'weight_decay': -3, 'learning_rate': -3, 'dropout': 0.1}. Best is trial 92 with value: 1.4893.
[I 2025-04-04 00:28:59,241] Trial 98 finished with value: 1.38992 and parameters: {'dim': 64, 'depth': 3, 'heads': 8, 'weight_decay': -4, 'learning_rate': -3, 'dropout': 0.1}. Best is trial 92 with value: 1.4893.
[I 2025-04-04 00:30:34,828] Trial 99 finished with value: 1.38386 and parameters: {'dim': 64, 'depth': 3, 'heads': 8, 'weight_decay': -2, 'learning_rate': -3, 'dropout': 0.1}. Best is trial 92 with value: 1.4893.
[I 2025-04-04 00:32:07,771] A new study created in RDB with name: TabTransformer_House_Prices_Nominal
[I 2025-04-04 00:39:13,472] Trial 0 finished with value: 1.85562 and parameters: {'dim': 256, 'depth': 12, 'heads': 8, 'weight_decay': -5, 'learning_rate': -4, 'dropout': 0.1}. Best is trial 0 with value: 1.85562.
[I 2025-04-04 00:42:56,284] Trial 1 finished with value: 1.55512 and parameters: {'dim': 32, 'depth': 3, 'heads': 8, 'weight_decay': -3, 'learning_rate': -5, 'dropout': 0.2}. Best is trial 0 with value: 1.85562.
[I 2025-04-04 00:51:14,599] Trial 2 finished with value: 1.8988600000000002 and parameters: {'dim': 128, 'depth': 12, 'heads': 4, 'weight_decay': -2, 'learning_rate': -4, 'dropout': 0.1}. Best is trial 2 with value: 1.8988600000000002.
[I 2025-04-04 00:53:51,621] Trial 3 finished with value: 2.04632 and parameters: {'dim': 128, 'depth': 1, 'heads': 2, 'weight_decay': -3, 'learning_rate': -6, 'dropout': 0.5}. Best is trial 3 with value: 2.04632.
[I 2025-04-04 00:59:22,205] Trial 4 finished with value: 1.4900600000000002 and parameters: {'dim': 128, 'depth': 6, 'heads': 4, 'weight_decay': -3, 'learning_rate': -5, 'dropout': 0.1}. Best is trial 3 with value: 2.04632.
[I 2025-04-04 01:02:18,967] Trial 5 finished with value: 2.04796 and parameters: {'dim': 128, 'depth': 6, 'heads': 4, 'weight_decay': -1, 'learning_rate': -3, 'dropout': 0.3}. Best is trial 5 with value: 2.04796.
[I 2025-04-04 01:05:20,932] Trial 6 finished with value: 1.43086 and parameters: {'dim': 64, 'depth': 1, 'heads': 4, 'weight_decay': -4, 'learning_rate': -5, 'dropout': 0}. Best is trial 5 with value: 2.04796.
[I 2025-04-04 01:08:15,354] Trial 7 finished with value: 2.58722 and parameters: {'dim': 256, 'depth': 6, 'heads': 4, 'weight_decay': -4, 'learning_rate': -3, 'dropout': 0.2}. Best is trial 7 with value: 2.58722.
[I 2025-04-04 01:15:14,691] Trial 8 finished with value: 2.0532 and parameters: {'dim': 128, 'depth': 12, 'heads': 4, 'weight_decay': -3, 'learning_rate': -6, 'dropout': 0.2}. Best is trial 7 with value: 2.58722.
[I 2025-04-04 01:19:50,988] Trial 9 finished with value: 1.5954799999999998 and parameters: {'dim': 32, 'depth': 6, 'heads': 8, 'weight_decay': -6, 'learning_rate': -4, 'dropout': 0.2}. Best is trial 7 with value: 2.58722.
[I 2025-04-04 01:21:14,884] Trial 10 finished with value: 1.9328400000000001 and parameters: {'dim': 256, 'depth': 2, 'heads': 2, 'weight_decay': -5, 'learning_rate': -3, 'dropout': 0.4}. Best is trial 7 with value: 2.58722.
[I 2025-04-04 01:30:22,417] Trial 11 finished with value: 1.99778 and parameters: {'dim': 256, 'depth': 12, 'heads': 4, 'weight_decay': -4, 'learning_rate': -6, 'dropout': 0.2}. Best is trial 7 with value: 2.58722.
[I 2025-04-04 01:32:03,185] Trial 12 finished with value: 2.24534 and parameters: {'dim': 64, 'depth': 3, 'heads': 4, 'weight_decay': -2, 'learning_rate': -3, 'dropout': 0.2}. Best is trial 7 with value: 2.58722.
[I 2025-04-04 01:34:13,136] Trial 13 finished with value: 2.26988 and parameters: {'dim': 64, 'depth': 3, 'heads': 4, 'weight_decay': -1, 'learning_rate': -3, 'dropout': 0.2}. Best is trial 7 with value: 2.58722.
[I 2025-04-04 01:36:08,854] Trial 14 finished with value: 2.3056400000000004 and parameters: {'dim': 64, 'depth': 3, 'heads': 4, 'weight_decay': -1, 'learning_rate': -3, 'dropout': 0.3}. Best is trial 7 with value: 2.58722.
[I 2025-04-04 01:38:56,066] Trial 15 finished with value: 1.63972 and parameters: {'dim': 256, 'depth': 2, 'heads': 2, 'weight_decay': -5, 'learning_rate': -4, 'dropout': 0.3}. Best is trial 7 with value: 2.58722.
[I 2025-04-04 01:41:50,981] Trial 16 finished with value: 2.52532 and parameters: {'dim': 64, 'depth': 6, 'heads': 4, 'weight_decay': -2, 'learning_rate': -3, 'dropout': 0.3}. Best is trial 7 with value: 2.58722.
[I 2025-04-04 01:44:33,131] Trial 17 finished with value: 2.2443600000000004 and parameters: {'dim': 64, 'depth': 6, 'heads': 4, 'weight_decay': -2, 'learning_rate': -3, 'dropout': 0}. Best is trial 7 with value: 2.58722.
[I 2025-04-04 01:48:59,516] Trial 18 finished with value: 1.4128399999999997 and parameters: {'dim': 256, 'depth': 6, 'heads': 2, 'weight_decay': -4, 'learning_rate': -4, 'dropout': 0.5}. Best is trial 7 with value: 2.58722.
[I 2025-04-04 01:52:51,632] Trial 19 finished with value: 2.8440800000000004 and parameters: {'dim': 32, 'depth': 6, 'heads': 8, 'weight_decay': -6, 'learning_rate': -3, 'dropout': 0.4}. Best is trial 19 with value: 2.8440800000000004.
[I 2025-04-04 01:56:49,260] Trial 20 finished with value: 1.8662800000000002 and parameters: {'dim': 32, 'depth': 6, 'heads': 8, 'weight_decay': -6, 'learning_rate': -4, 'dropout': 0.4}. Best is trial 19 with value: 2.8440800000000004.
[I 2025-04-04 01:59:23,619] Trial 21 finished with value: 2.0553999999999997 and parameters: {'dim': 32, 'depth': 6, 'heads': 8, 'weight_decay': -6, 'learning_rate': -3, 'dropout': 0.4}. Best is trial 19 with value: 2.8440800000000004.
[I 2025-04-04 02:02:26,927] Trial 22 finished with value: 2.2116 and parameters: {'dim': 32, 'depth': 6, 'heads': 8, 'weight_decay': -5, 'learning_rate': -3, 'dropout': 0.3}. Best is trial 19 with value: 2.8440800000000004.
[I 2025-04-04 02:06:08,284] Trial 23 finished with value: 2.49264 and parameters: {'dim': 32, 'depth': 6, 'heads': 8, 'weight_decay': -2, 'learning_rate': -3, 'dropout': 0.4}. Best is trial 19 with value: 2.8440800000000004.
[I 2025-04-04 02:09:27,308] Trial 24 finished with value: 2.4947600000000003 and parameters: {'dim': 64, 'depth': 6, 'heads': 4, 'weight_decay': -4, 'learning_rate': -3, 'dropout': 0.3}. Best is trial 19 with value: 2.8440800000000004.
[I 2025-04-04 02:12:26,523] Trial 25 finished with value: 1.9739799999999998 and parameters: {'dim': 256, 'depth': 2, 'heads': 8, 'weight_decay': -6, 'learning_rate': -4, 'dropout': 0.4}. Best is trial 19 with value: 2.8440800000000004.
[I 2025-04-04 02:14:02,884] Trial 26 finished with value: 2.07622 and parameters: {'dim': 256, 'depth': 1, 'heads': 4, 'weight_decay': -5, 'learning_rate': -3, 'dropout': 0.5}. Best is trial 19 with value: 2.8440800000000004.
[I 2025-04-04 02:18:38,987] Trial 27 finished with value: 2.25016 and parameters: {'dim': 64, 'depth': 6, 'heads': 4, 'weight_decay': -2, 'learning_rate': -4, 'dropout': 0}. Best is trial 19 with value: 2.8440800000000004.
[I 2025-04-04 02:21:25,235] Trial 28 finished with value: 2.46432 and parameters: {'dim': 32, 'depth': 6, 'heads': 8, 'weight_decay': -4, 'learning_rate': -3, 'dropout': 0.3}. Best is trial 19 with value: 2.8440800000000004.
[I 2025-04-04 02:26:25,473] Trial 29 finished with value: 1.6044999999999998 and parameters: {'dim': 256, 'depth': 6, 'heads': 2, 'weight_decay': -3, 'learning_rate': -4, 'dropout': 0.1}. Best is trial 19 with value: 2.8440800000000004.
[I 2025-04-04 02:32:03,140] Trial 30 finished with value: 1.4922999999999997 and parameters: {'dim': 64, 'depth': 6, 'heads': 8, 'weight_decay': -5, 'learning_rate': -5, 'dropout': 0.4}. Best is trial 19 with value: 2.8440800000000004.
[I 2025-04-04 02:35:15,762] Trial 31 finished with value: 2.17374 and parameters: {'dim': 64, 'depth': 6, 'heads': 4, 'weight_decay': -4, 'learning_rate': -3, 'dropout': 0.3}. Best is trial 19 with value: 2.8440800000000004.
[I 2025-04-04 02:38:34,547] Trial 32 finished with value: 2.47038 and parameters: {'dim': 64, 'depth': 6, 'heads': 4, 'weight_decay': -4, 'learning_rate': -3, 'dropout': 0.3}. Best is trial 19 with value: 2.8440800000000004.
[I 2025-04-04 02:42:00,471] Trial 33 finished with value: 2.3522399999999997 and parameters: {'dim': 64, 'depth': 6, 'heads': 4, 'weight_decay': -3, 'learning_rate': -3, 'dropout': 0.3}. Best is trial 19 with value: 2.8440800000000004.
[I 2025-04-04 02:47:03,529] Trial 34 finished with value: 2.29178 and parameters: {'dim': 32, 'depth': 12, 'heads': 4, 'weight_decay': -4, 'learning_rate': -3, 'dropout': 0.3}. Best is trial 19 with value: 2.8440800000000004.
[I 2025-04-04 02:48:42,535] Trial 35 finished with value: 2.3249199999999997 and parameters: {'dim': 64, 'depth': 1, 'heads': 4, 'weight_decay': -5, 'learning_rate': -3, 'dropout': 0.1}. Best is trial 19 with value: 2.8440800000000004.
[I 2025-04-04 02:53:02,068] Trial 36 finished with value: 1.78066 and parameters: {'dim': 128, 'depth': 6, 'heads': 4, 'weight_decay': -3, 'learning_rate': -4, 'dropout': 0.2}. Best is trial 19 with value: 2.8440800000000004.
[I 2025-04-04 02:56:25,728] Trial 37 finished with value: 2.2452599999999996 and parameters: {'dim': 256, 'depth': 6, 'heads': 8, 'weight_decay': -3, 'learning_rate': -3, 'dropout': 0.5}. Best is trial 19 with value: 2.8440800000000004.
[I 2025-04-04 02:59:15,896] Trial 38 finished with value: 1.49254 and parameters: {'dim': 64, 'depth': 2, 'heads': 4, 'weight_decay': -2, 'learning_rate': -4, 'dropout': 0.3}. Best is trial 19 with value: 2.8440800000000004.
[I 2025-04-04 03:00:41,169] Trial 39 finished with value: 2.0146 and parameters: {'dim': 32, 'depth': 1, 'heads': 4, 'weight_decay': -1, 'learning_rate': -3, 'dropout': 0.2}. Best is trial 19 with value: 2.8440800000000004.
[I 2025-04-04 03:09:15,712] Trial 40 finished with value: 1.5452400000000002 and parameters: {'dim': 128, 'depth': 12, 'heads': 2, 'weight_decay': -6, 'learning_rate': -5, 'dropout': 0}. Best is trial 19 with value: 2.8440800000000004.
[I 2025-04-04 03:12:17,738] Trial 41 finished with value: 2.18096 and parameters: {'dim': 32, 'depth': 6, 'heads': 8, 'weight_decay': -2, 'learning_rate': -3, 'dropout': 0.4}. Best is trial 19 with value: 2.8440800000000004.
[I 2025-04-04 03:14:56,517] Trial 42 finished with value: 2.10496 and parameters: {'dim': 32, 'depth': 6, 'heads': 8, 'weight_decay': -2, 'learning_rate': -3, 'dropout': 0.4}. Best is trial 19 with value: 2.8440800000000004.
[I 2025-04-04 03:18:07,849] Trial 43 finished with value: 2.4674400000000003 and parameters: {'dim': 32, 'depth': 6, 'heads': 8, 'weight_decay': -2, 'learning_rate': -3, 'dropout': 0.4}. Best is trial 19 with value: 2.8440800000000004.
[I 2025-04-04 03:21:11,920] Trial 44 finished with value: 2.3631599999999997 and parameters: {'dim': 32, 'depth': 6, 'heads': 8, 'weight_decay': -3, 'learning_rate': -3, 'dropout': 0.4}. Best is trial 19 with value: 2.8440800000000004.
[I 2025-04-04 03:22:52,447] Trial 45 finished with value: 2.3535399999999997 and parameters: {'dim': 32, 'depth': 3, 'heads': 8, 'weight_decay': -4, 'learning_rate': -3, 'dropout': 0.1}. Best is trial 19 with value: 2.8440800000000004.
[I 2025-04-04 03:28:18,986] Trial 46 finished with value: 2.0156799999999997 and parameters: {'dim': 128, 'depth': 6, 'heads': 4, 'weight_decay': -1, 'learning_rate': -6, 'dropout': 0.2}. Best is trial 19 with value: 2.8440800000000004.
[I 2025-04-04 03:31:19,080] Trial 47 finished with value: 2.7286 and parameters: {'dim': 64, 'depth': 6, 'heads': 4, 'weight_decay': -3, 'learning_rate': -3, 'dropout': 0.4}. Best is trial 19 with value: 2.8440800000000004.
[I 2025-04-04 03:37:51,045] Trial 48 finished with value: 1.8092599999999996 and parameters: {'dim': 64, 'depth': 12, 'heads': 4, 'weight_decay': -3, 'learning_rate': -4, 'dropout': 0.3}. Best is trial 19 with value: 2.8440800000000004.
[I 2025-04-04 03:39:27,770] Trial 49 finished with value: 1.9484400000000002 and parameters: {'dim': 64, 'depth': 3, 'heads': 4, 'weight_decay': -4, 'learning_rate': -3, 'dropout': 0.2}. Best is trial 19 with value: 2.8440800000000004.
[I 2025-04-04 03:41:55,315] Trial 50 finished with value: 2.1574799999999996 and parameters: {'dim': 64, 'depth': 6, 'heads': 4, 'weight_decay': -4, 'learning_rate': -3, 'dropout': 0.4}. Best is trial 19 with value: 2.8440800000000004.
[I 2025-04-04 03:44:48,758] Trial 51 finished with value: 2.1376599999999994 and parameters: {'dim': 64, 'depth': 6, 'heads': 4, 'weight_decay': -2, 'learning_rate': -3, 'dropout': 0.4}. Best is trial 19 with value: 2.8440800000000004.
[I 2025-04-04 03:47:54,233] Trial 52 finished with value: 2.6322 and parameters: {'dim': 256, 'depth': 6, 'heads': 4, 'weight_decay': -3, 'learning_rate': -3, 'dropout': 0.4}. Best is trial 19 with value: 2.8440800000000004.
[I 2025-04-04 03:50:52,979] Trial 53 finished with value: 2.28888 and parameters: {'dim': 256, 'depth': 6, 'heads': 4, 'weight_decay': -3, 'learning_rate': -3, 'dropout': 0.4}. Best is trial 19 with value: 2.8440800000000004.
[I 2025-04-04 03:54:13,868] Trial 54 finished with value: 2.4575 and parameters: {'dim': 256, 'depth': 6, 'heads': 4, 'weight_decay': -3, 'learning_rate': -3, 'dropout': 0.4}. Best is trial 19 with value: 2.8440800000000004.
[I 2025-04-04 03:55:51,080] Trial 55 finished with value: 2.03462 and parameters: {'dim': 256, 'depth': 2, 'heads': 4, 'weight_decay': -3, 'learning_rate': -3, 'dropout': 0.5}. Best is trial 19 with value: 2.8440800000000004.
[I 2025-04-04 03:58:35,226] Trial 56 finished with value: 2.1486 and parameters: {'dim': 256, 'depth': 6, 'heads': 4, 'weight_decay': -5, 'learning_rate': -3, 'dropout': 0.3}. Best is trial 19 with value: 2.8440800000000004.
[I 2025-04-04 04:02:36,045] Trial 57 finished with value: 1.6702 and parameters: {'dim': 256, 'depth': 6, 'heads': 2, 'weight_decay': -4, 'learning_rate': -4, 'dropout': 0}. Best is trial 19 with value: 2.8440800000000004.
[I 2025-04-04 04:04:02,924] Trial 58 finished with value: 2.01072 and parameters: {'dim': 64, 'depth': 1, 'heads': 4, 'weight_decay': -6, 'learning_rate': -3, 'dropout': 0.4}. Best is trial 19 with value: 2.8440800000000004.
[I 2025-04-04 04:09:27,277] Trial 59 finished with value: 1.52294 and parameters: {'dim': 256, 'depth': 6, 'heads': 4, 'weight_decay': -4, 'learning_rate': -5, 'dropout': 0.2}. Best is trial 19 with value: 2.8440800000000004.
[I 2025-04-04 04:12:32,185] Trial 60 finished with value: 2.6596400000000004 and parameters: {'dim': 64, 'depth': 6, 'heads': 4, 'weight_decay': -5, 'learning_rate': -3, 'dropout': 0.4}. Best is trial 19 with value: 2.8440800000000004.
[I 2025-04-04 04:15:01,381] Trial 61 finished with value: 2.10222 and parameters: {'dim': 64, 'depth': 6, 'heads': 4, 'weight_decay': -5, 'learning_rate': -3, 'dropout': 0.4}. Best is trial 19 with value: 2.8440800000000004.
[I 2025-04-04 04:18:00,783] Trial 62 finished with value: 2.2988 and parameters: {'dim': 64, 'depth': 6, 'heads': 4, 'weight_decay': -6, 'learning_rate': -3, 'dropout': 0.4}. Best is trial 19 with value: 2.8440800000000004.
[I 2025-04-04 04:20:38,370] Trial 63 finished with value: 2.23598 and parameters: {'dim': 64, 'depth': 6, 'heads': 4, 'weight_decay': -5, 'learning_rate': -3, 'dropout': 0.4}. Best is trial 19 with value: 2.8440800000000004.
[I 2025-04-04 04:23:06,880] Trial 64 finished with value: 2.4785199999999996 and parameters: {'dim': 64, 'depth': 6, 'heads': 4, 'weight_decay': -4, 'learning_rate': -3, 'dropout': 0.3}. Best is trial 19 with value: 2.8440800000000004.
[I 2025-04-04 04:24:58,732] Trial 65 finished with value: 2.3611 and parameters: {'dim': 64, 'depth': 3, 'heads': 4, 'weight_decay': -5, 'learning_rate': -3, 'dropout': 0.4}. Best is trial 19 with value: 2.8440800000000004.
[I 2025-04-04 04:27:02,490] Trial 66 finished with value: 2.258 and parameters: {'dim': 256, 'depth': 6, 'heads': 2, 'weight_decay': -3, 'learning_rate': -3, 'dropout': 0.1}. Best is trial 19 with value: 2.8440800000000004.
[I 2025-04-04 04:30:01,424] Trial 67 finished with value: 2.34052 and parameters: {'dim': 64, 'depth': 6, 'heads': 4, 'weight_decay': -6, 'learning_rate': -3, 'dropout': 0.3}. Best is trial 19 with value: 2.8440800000000004.
[I 2025-04-04 04:32:48,691] Trial 68 finished with value: 1.58288 and parameters: {'dim': 128, 'depth': 2, 'heads': 4, 'weight_decay': -4, 'learning_rate': -4, 'dropout': 0.4}. Best is trial 19 with value: 2.8440800000000004.
[I 2025-04-04 04:35:17,917] Trial 69 finished with value: 2.12364 and parameters: {'dim': 64, 'depth': 6, 'heads': 4, 'weight_decay': -3, 'learning_rate': -3, 'dropout': 0.2}. Best is trial 19 with value: 2.8440800000000004.
[I 2025-04-04 04:39:30,122] Trial 70 finished with value: 2.3143 and parameters: {'dim': 256, 'depth': 12, 'heads': 4, 'weight_decay': -4, 'learning_rate': -3, 'dropout': 0.5}. Best is trial 19 with value: 2.8440800000000004.
[I 2025-04-04 04:42:26,760] Trial 71 finished with value: 2.1695599999999997 and parameters: {'dim': 32, 'depth': 6, 'heads': 8, 'weight_decay': -2, 'learning_rate': -3, 'dropout': 0.4}. Best is trial 19 with value: 2.8440800000000004.
[I 2025-04-04 04:45:23,138] Trial 72 finished with value: 2.33898 and parameters: {'dim': 32, 'depth': 6, 'heads': 8, 'weight_decay': -2, 'learning_rate': -3, 'dropout': 0.4}. Best is trial 19 with value: 2.8440800000000004.
[I 2025-04-04 04:48:56,370] Trial 73 finished with value: 2.3122 and parameters: {'dim': 32, 'depth': 6, 'heads': 8, 'weight_decay': -1, 'learning_rate': -3, 'dropout': 0.4}. Best is trial 19 with value: 2.8440800000000004.
[I 2025-04-04 04:51:28,314] Trial 74 finished with value: 1.952 and parameters: {'dim': 64, 'depth': 6, 'heads': 8, 'weight_decay': -5, 'learning_rate': -3, 'dropout': 0.4}. Best is trial 19 with value: 2.8440800000000004.
[I 2025-04-04 04:54:44,620] Trial 75 finished with value: 2.0610399999999998 and parameters: {'dim': 32, 'depth': 6, 'heads': 4, 'weight_decay': -2, 'learning_rate': -6, 'dropout': 0.3}. Best is trial 19 with value: 2.8440800000000004.
[I 2025-04-04 04:55:58,584] Trial 76 finished with value: 2.04528 and parameters: {'dim': 64, 'depth': 1, 'heads': 8, 'weight_decay': -3, 'learning_rate': -3, 'dropout': 0}. Best is trial 19 with value: 2.8440800000000004.
[I 2025-04-04 04:58:45,702] Trial 77 finished with value: 2.16042 and parameters: {'dim': 256, 'depth': 6, 'heads': 2, 'weight_decay': -2, 'learning_rate': -3, 'dropout': 0.4}. Best is trial 19 with value: 2.8440800000000004.
[I 2025-04-04 05:01:51,345] Trial 78 finished with value: 2.34746 and parameters: {'dim': 32, 'depth': 6, 'heads': 4, 'weight_decay': -2, 'learning_rate': -3, 'dropout': 0.3}. Best is trial 19 with value: 2.8440800000000004.
[I 2025-04-04 05:04:34,738] Trial 79 finished with value: 2.1397800000000005 and parameters: {'dim': 128, 'depth': 6, 'heads': 8, 'weight_decay': -5, 'learning_rate': -3, 'dropout': 0.2}. Best is trial 19 with value: 2.8440800000000004.
[I 2025-04-04 05:09:21,319] Trial 80 finished with value: 1.91002 and parameters: {'dim': 64, 'depth': 6, 'heads': 4, 'weight_decay': -6, 'learning_rate': -4, 'dropout': 0.4}. Best is trial 19 with value: 2.8440800000000004.
[I 2025-04-04 05:12:26,642] Trial 81 finished with value: 2.3611999999999997 and parameters: {'dim': 64, 'depth': 6, 'heads': 4, 'weight_decay': -4, 'learning_rate': -3, 'dropout': 0.3}. Best is trial 19 with value: 2.8440800000000004.
[I 2025-04-04 05:14:52,735] Trial 82 finished with value: 2.1513400000000003 and parameters: {'dim': 64, 'depth': 6, 'heads': 4, 'weight_decay': -4, 'learning_rate': -3, 'dropout': 0.3}. Best is trial 19 with value: 2.8440800000000004.
[I 2025-04-04 05:18:35,964] Trial 83 finished with value: 3.0568400000000002 and parameters: {'dim': 64, 'depth': 6, 'heads': 4, 'weight_decay': -4, 'learning_rate': -3, 'dropout': 0.3}. Best is trial 83 with value: 3.0568400000000002.
[I 2025-04-04 05:21:53,721] Trial 84 finished with value: 2.5478999999999994 and parameters: {'dim': 64, 'depth': 6, 'heads': 4, 'weight_decay': -4, 'learning_rate': -3, 'dropout': 0.3}. Best is trial 83 with value: 3.0568400000000002.
[I 2025-04-04 05:24:45,232] Trial 85 finished with value: 2.56692 and parameters: {'dim': 64, 'depth': 6, 'heads': 4, 'weight_decay': -4, 'learning_rate': -3, 'dropout': 0.3}. Best is trial 83 with value: 3.0568400000000002.
[I 2025-04-04 05:26:17,051] Trial 86 finished with value: 2.1260000000000003 and parameters: {'dim': 64, 'depth': 3, 'heads': 4, 'weight_decay': -4, 'learning_rate': -3, 'dropout': 0.3}. Best is trial 83 with value: 3.0568400000000002.
[I 2025-04-04 05:28:59,319] Trial 87 finished with value: 2.2669 and parameters: {'dim': 64, 'depth': 6, 'heads': 4, 'weight_decay': -4, 'learning_rate': -3, 'dropout': 0.3}. Best is trial 83 with value: 3.0568400000000002.
[I 2025-04-04 05:33:32,548] Trial 88 finished with value: 2.31774 and parameters: {'dim': 64, 'depth': 12, 'heads': 4, 'weight_decay': -4, 'learning_rate': -3, 'dropout': 0.3}. Best is trial 83 with value: 3.0568400000000002.
[I 2025-04-04 05:35:06,449] Trial 89 finished with value: 2.29842 and parameters: {'dim': 64, 'depth': 2, 'heads': 4, 'weight_decay': -3, 'learning_rate': -3, 'dropout': 0.3}. Best is trial 83 with value: 3.0568400000000002.
[I 2025-04-04 05:37:27,778] Trial 90 finished with value: 2.2095000000000002 and parameters: {'dim': 64, 'depth': 6, 'heads': 4, 'weight_decay': -5, 'learning_rate': -3, 'dropout': 0.3}. Best is trial 83 with value: 3.0568400000000002.
[I 2025-04-04 05:40:32,005] Trial 91 finished with value: 2.4776800000000003 and parameters: {'dim': 64, 'depth': 6, 'heads': 4, 'weight_decay': -4, 'learning_rate': -3, 'dropout': 0.3}. Best is trial 83 with value: 3.0568400000000002.
[I 2025-04-04 05:43:20,196] Trial 92 finished with value: 2.48286 and parameters: {'dim': 64, 'depth': 6, 'heads': 4, 'weight_decay': -4, 'learning_rate': -3, 'dropout': 0.3}. Best is trial 83 with value: 3.0568400000000002.
[I 2025-04-04 05:46:23,721] Trial 93 finished with value: 2.78898 and parameters: {'dim': 64, 'depth': 6, 'heads': 4, 'weight_decay': -4, 'learning_rate': -3, 'dropout': 0.3}. Best is trial 83 with value: 3.0568400000000002.
[I 2025-04-04 05:49:34,717] Trial 94 finished with value: 2.6829199999999997 and parameters: {'dim': 64, 'depth': 6, 'heads': 4, 'weight_decay': -4, 'learning_rate': -3, 'dropout': 0.1}. Best is trial 83 with value: 3.0568400000000002.
[I 2025-04-04 05:52:18,065] Trial 95 finished with value: 2.36924 and parameters: {'dim': 64, 'depth': 6, 'heads': 4, 'weight_decay': -4, 'learning_rate': -3, 'dropout': 0.1}. Best is trial 83 with value: 3.0568400000000002.
[I 2025-04-04 05:55:11,792] Trial 96 finished with value: 2.2861200000000004 and parameters: {'dim': 256, 'depth': 6, 'heads': 4, 'weight_decay': -4, 'learning_rate': -3, 'dropout': 0.1}. Best is trial 83 with value: 3.0568400000000002.
[I 2025-04-04 05:57:38,069] Trial 97 finished with value: 2.6765 and parameters: {'dim': 64, 'depth': 6, 'heads': 4, 'weight_decay': -3, 'learning_rate': -3, 'dropout': 0.1}. Best is trial 83 with value: 3.0568400000000002.
[I 2025-04-04 05:59:08,391] Trial 98 finished with value: 2.53858 and parameters: {'dim': 64, 'depth': 1, 'heads': 4, 'weight_decay': -3, 'learning_rate': -3, 'dropout': 0.1}. Best is trial 83 with value: 3.0568400000000002.
[I 2025-04-04 06:01:35,752] Trial 99 finished with value: 2.44958 and parameters: {'dim': 64, 'depth': 6, 'heads': 4, 'weight_decay': -3, 'learning_rate': -3, 'dropout': 0.1}. Best is trial 83 with value: 3.0568400000000002.
[I 2025-04-04 06:04:32,981] A new study created in RDB with name: TabTransformer_Mercedes_Benz
[I 2025-04-04 06:08:03,499] Trial 0 finished with value: 3.46174 and parameters: {'dim': 64, 'depth': 1, 'heads': 4, 'weight_decay': -1, 'learning_rate': -6, 'dropout': 0}. Best is trial 0 with value: 3.46174.
[I 2025-04-04 06:09:43,208] Trial 1 finished with value: 6.6279200000000005 and parameters: {'dim': 256, 'depth': 1, 'heads': 2, 'weight_decay': -2, 'learning_rate': -4, 'dropout': 0.5}. Best is trial 1 with value: 6.6279200000000005.
[I 2025-04-04 06:11:37,760] Trial 2 finished with value: 6.933800000000001 and parameters: {'dim': 256, 'depth': 3, 'heads': 4, 'weight_decay': -6, 'learning_rate': -4, 'dropout': 0.2}. Best is trial 2 with value: 6.933800000000001.
[I 2025-04-04 06:15:07,699] Trial 3 finished with value: 5.9515 and parameters: {'dim': 256, 'depth': 6, 'heads': 2, 'weight_decay': -5, 'learning_rate': -5, 'dropout': 0.3}. Best is trial 2 with value: 6.933800000000001.
[I 2025-04-04 06:17:05,116] Trial 4 finished with value: 6.96044 and parameters: {'dim': 32, 'depth': 2, 'heads': 2, 'weight_decay': -4, 'learning_rate': -4, 'dropout': 0.3}. Best is trial 4 with value: 6.96044.
[I 2025-04-04 06:18:23,620] Trial 5 finished with value: 7.7821 and parameters: {'dim': 256, 'depth': 1, 'heads': 4, 'weight_decay': -3, 'learning_rate': -3, 'dropout': 0}. Best is trial 5 with value: 7.7821.
[I 2025-04-04 06:20:00,592] Trial 6 finished with value: 6.4684 and parameters: {'dim': 128, 'depth': 6, 'heads': 8, 'weight_decay': -2, 'learning_rate': -4, 'dropout': 0.2}. Best is trial 5 with value: 7.7821.
[I 2025-04-04 06:22:02,150] Trial 7 finished with value: 6.64444 and parameters: {'dim': 128, 'depth': 2, 'heads': 8, 'weight_decay': -1, 'learning_rate': -4, 'dropout': 0.1}. Best is trial 5 with value: 7.7821.
[I 2025-04-04 06:25:34,691] Trial 8 finished with value: 3.4623 and parameters: {'dim': 256, 'depth': 3, 'heads': 4, 'weight_decay': -3, 'learning_rate': -6, 'dropout': 0.4}. Best is trial 5 with value: 7.7821.
[I 2025-04-04 06:29:07,325] Trial 9 finished with value: 3.4431599999999998 and parameters: {'dim': 64, 'depth': 1, 'heads': 2, 'weight_decay': -1, 'learning_rate': -6, 'dropout': 0.4}. Best is trial 5 with value: 7.7821.
[I 2025-04-04 06:30:21,115] Trial 10 finished with value: 7.83288 and parameters: {'dim': 32, 'depth': 12, 'heads': 4, 'weight_decay': -4, 'learning_rate': -3, 'dropout': 0}. Best is trial 10 with value: 7.83288.
[I 2025-04-04 06:31:44,384] Trial 11 finished with value: 7.7132000000000005 and parameters: {'dim': 32, 'depth': 12, 'heads': 4, 'weight_decay': -4, 'learning_rate': -3, 'dropout': 0}. Best is trial 10 with value: 7.83288.
[I 2025-04-04 06:32:54,016] Trial 12 finished with value: 7.809740000000001 and parameters: {'dim': 32, 'depth': 12, 'heads': 4, 'weight_decay': -3, 'learning_rate': -3, 'dropout': 0}. Best is trial 10 with value: 7.83288.
[I 2025-04-04 06:33:58,728] Trial 13 finished with value: 7.76058 and parameters: {'dim': 32, 'depth': 12, 'heads': 4, 'weight_decay': -5, 'learning_rate': -3, 'dropout': 0}. Best is trial 10 with value: 7.83288.
[I 2025-04-04 06:35:12,753] Trial 14 finished with value: 8.00604 and parameters: {'dim': 32, 'depth': 12, 'heads': 4, 'weight_decay': -4, 'learning_rate': -3, 'dropout': 0}. Best is trial 14 with value: 8.00604.
[I 2025-04-04 06:38:33,054] Trial 15 finished with value: 5.7954 and parameters: {'dim': 32, 'depth': 12, 'heads': 4, 'weight_decay': -5, 'learning_rate': -5, 'dropout': 0.5}. Best is trial 14 with value: 8.00604.
[I 2025-04-04 06:39:36,371] Trial 16 finished with value: 7.6733400000000005 and parameters: {'dim': 32, 'depth': 12, 'heads': 8, 'weight_decay': -6, 'learning_rate': -3, 'dropout': 0.1}. Best is trial 14 with value: 8.00604.
[I 2025-04-04 06:40:47,941] Trial 17 finished with value: 7.9615800000000005 and parameters: {'dim': 32, 'depth': 12, 'heads': 4, 'weight_decay': -4, 'learning_rate': -3, 'dropout': 0}. Best is trial 14 with value: 8.00604.
[I 2025-04-04 06:44:18,195] Trial 18 finished with value: 5.83924 and parameters: {'dim': 32, 'depth': 12, 'heads': 4, 'weight_decay': -5, 'learning_rate': -5, 'dropout': 0}. Best is trial 14 with value: 8.00604.
[I 2025-04-04 06:45:27,979] Trial 19 finished with value: 7.70288 and parameters: {'dim': 64, 'depth': 12, 'heads': 8, 'weight_decay': -4, 'learning_rate': -3, 'dropout': 0}. Best is trial 14 with value: 8.00604.
[I 2025-04-04 06:46:43,999] Trial 20 finished with value: 6.1518999999999995 and parameters: {'dim': 128, 'depth': 2, 'heads': 4, 'weight_decay': -2, 'learning_rate': -4, 'dropout': 0.4}. Best is trial 14 with value: 8.00604.
[I 2025-04-04 06:47:49,629] Trial 21 finished with value: 7.7676 and parameters: {'dim': 32, 'depth': 12, 'heads': 4, 'weight_decay': -4, 'learning_rate': -3, 'dropout': 0}. Best is trial 14 with value: 8.00604.
[I 2025-04-04 06:49:05,397] Trial 22 finished with value: 7.862960000000001 and parameters: {'dim': 32, 'depth': 12, 'heads': 4, 'weight_decay': -4, 'learning_rate': -3, 'dropout': 0}. Best is trial 14 with value: 8.00604.
[I 2025-04-04 06:50:10,465] Trial 23 finished with value: 7.52234 and parameters: {'dim': 32, 'depth': 12, 'heads': 4, 'weight_decay': -3, 'learning_rate': -3, 'dropout': 0}. Best is trial 14 with value: 8.00604.
[I 2025-04-04 06:51:09,605] Trial 24 finished with value: 7.76676 and parameters: {'dim': 32, 'depth': 3, 'heads': 4, 'weight_decay': -5, 'learning_rate': -3, 'dropout': 0}. Best is trial 14 with value: 8.00604.
[I 2025-04-04 06:52:56,585] Trial 25 finished with value: 6.740640000000001 and parameters: {'dim': 32, 'depth': 12, 'heads': 4, 'weight_decay': -4, 'learning_rate': -4, 'dropout': 0.2}. Best is trial 14 with value: 8.00604.
[I 2025-04-04 06:54:11,539] Trial 26 finished with value: 7.866899999999999 and parameters: {'dim': 32, 'depth': 6, 'heads': 4, 'weight_decay': -3, 'learning_rate': -3, 'dropout': 0.1}. Best is trial 14 with value: 8.00604.
[I 2025-04-04 06:55:40,622] Trial 27 finished with value: 6.38076 and parameters: {'dim': 32, 'depth': 6, 'heads': 4, 'weight_decay': -3, 'learning_rate': -4, 'dropout': 0.1}. Best is trial 14 with value: 8.00604.
[I 2025-04-04 06:56:53,778] Trial 28 finished with value: 7.9557400000000005 and parameters: {'dim': 64, 'depth': 6, 'heads': 2, 'weight_decay': -2, 'learning_rate': -3, 'dropout': 0.1}. Best is trial 14 with value: 8.00604.
[I 2025-04-04 07:00:22,413] Trial 29 finished with value: 5.669100000000001 and parameters: {'dim': 64, 'depth': 6, 'heads': 2, 'weight_decay': -2, 'learning_rate': -5, 'dropout': 0.1}. Best is trial 14 with value: 8.00604.
[I 2025-04-04 07:01:43,013] Trial 30 finished with value: 7.8997399999999995 and parameters: {'dim': 64, 'depth': 6, 'heads': 2, 'weight_decay': -1, 'learning_rate': -3, 'dropout': 0.3}. Best is trial 14 with value: 8.00604.
[I 2025-04-04 07:03:02,029] Trial 31 finished with value: 7.81108 and parameters: {'dim': 64, 'depth': 6, 'heads': 2, 'weight_decay': -1, 'learning_rate': -3, 'dropout': 0.3}. Best is trial 14 with value: 8.00604.
[I 2025-04-04 07:04:09,119] Trial 32 finished with value: 7.513679999999999 and parameters: {'dim': 64, 'depth': 6, 'heads': 2, 'weight_decay': -1, 'learning_rate': -3, 'dropout': 0.3}. Best is trial 14 with value: 8.00604.
[I 2025-04-04 07:05:24,508] Trial 33 finished with value: 8.010499999999999 and parameters: {'dim': 64, 'depth': 6, 'heads': 2, 'weight_decay': -2, 'learning_rate': -3, 'dropout': 0.5}. Best is trial 33 with value: 8.010499999999999.
[I 2025-04-04 07:07:16,708] Trial 34 finished with value: 6.77332 and parameters: {'dim': 64, 'depth': 6, 'heads': 2, 'weight_decay': -2, 'learning_rate': -4, 'dropout': 0.5}. Best is trial 33 with value: 8.010499999999999.
[I 2025-04-04 07:09:15,524] Trial 35 finished with value: 6.531139999999999 and parameters: {'dim': 64, 'depth': 1, 'heads': 2, 'weight_decay': -2, 'learning_rate': -4, 'dropout': 0.5}. Best is trial 33 with value: 8.010499999999999.
[I 2025-04-04 07:10:35,854] Trial 36 finished with value: 8.12422 and parameters: {'dim': 64, 'depth': 6, 'heads': 2, 'weight_decay': -3, 'learning_rate': -3, 'dropout': 0.5}. Best is trial 36 with value: 8.12422.
[I 2025-04-04 07:11:49,205] Trial 37 finished with value: 7.96442 and parameters: {'dim': 256, 'depth': 3, 'heads': 2, 'weight_decay': -3, 'learning_rate': -3, 'dropout': 0.5}. Best is trial 36 with value: 8.12422.
[I 2025-04-04 07:13:37,025] Trial 38 finished with value: 6.774159999999999 and parameters: {'dim': 256, 'depth': 3, 'heads': 2, 'weight_decay': -3, 'learning_rate': -4, 'dropout': 0.5}. Best is trial 36 with value: 8.12422.
[I 2025-04-04 07:14:52,909] Trial 39 finished with value: 7.94674 and parameters: {'dim': 256, 'depth': 3, 'heads': 2, 'weight_decay': -3, 'learning_rate': -3, 'dropout': 0.5}. Best is trial 36 with value: 8.12422.
[I 2025-04-04 07:16:41,136] Trial 40 finished with value: 6.70128 and parameters: {'dim': 256, 'depth': 3, 'heads': 2, 'weight_decay': -2, 'learning_rate': -4, 'dropout': 0.5}. Best is trial 36 with value: 8.12422.
[I 2025-04-04 07:18:24,286] Trial 41 finished with value: 8.36946 and parameters: {'dim': 256, 'depth': 2, 'heads': 2, 'weight_decay': -4, 'learning_rate': -3, 'dropout': 0.5}. Best is trial 41 with value: 8.36946.
[I 2025-04-04 07:19:31,439] Trial 42 finished with value: 7.94744 and parameters: {'dim': 256, 'depth': 2, 'heads': 2, 'weight_decay': -3, 'learning_rate': -3, 'dropout': 0.5}. Best is trial 41 with value: 8.36946.
[I 2025-04-04 07:20:34,268] Trial 43 finished with value: 7.714240000000001 and parameters: {'dim': 256, 'depth': 2, 'heads': 2, 'weight_decay': -4, 'learning_rate': -3, 'dropout': 0.5}. Best is trial 41 with value: 8.36946.
[I 2025-04-04 07:21:43,824] Trial 44 finished with value: 7.96704 and parameters: {'dim': 256, 'depth': 2, 'heads': 2, 'weight_decay': -3, 'learning_rate': -3, 'dropout': 0.5}. Best is trial 41 with value: 8.36946.
[I 2025-04-04 07:22:55,215] Trial 45 finished with value: 7.6455 and parameters: {'dim': 128, 'depth': 2, 'heads': 2, 'weight_decay': -4, 'learning_rate': -3, 'dropout': 0.5}. Best is trial 41 with value: 8.36946.
[I 2025-04-04 07:26:26,937] Trial 46 finished with value: 3.4443399999999995 and parameters: {'dim': 256, 'depth': 2, 'heads': 8, 'weight_decay': -5, 'learning_rate': -6, 'dropout': 0.5}. Best is trial 41 with value: 8.36946.
[I 2025-04-04 07:27:32,015] Trial 47 finished with value: 7.7037 and parameters: {'dim': 256, 'depth': 2, 'heads': 2, 'weight_decay': -3, 'learning_rate': -3, 'dropout': 0.2}. Best is trial 41 with value: 8.36946.
[I 2025-04-04 07:28:48,966] Trial 48 finished with value: 7.80886 and parameters: {'dim': 64, 'depth': 2, 'heads': 2, 'weight_decay': -4, 'learning_rate': -3, 'dropout': 0.5}. Best is trial 41 with value: 8.36946.
[I 2025-04-04 07:30:13,104] Trial 49 finished with value: 8.051120000000001 and parameters: {'dim': 128, 'depth': 1, 'heads': 2, 'weight_decay': -6, 'learning_rate': -3, 'dropout': 0.5}. Best is trial 41 with value: 8.36946.
[I 2025-04-04 07:33:34,477] Trial 50 finished with value: 5.56046 and parameters: {'dim': 128, 'depth': 1, 'heads': 8, 'weight_decay': -6, 'learning_rate': -5, 'dropout': 0.4}. Best is trial 41 with value: 8.36946.
[I 2025-04-04 07:34:49,487] Trial 51 finished with value: 7.72252 and parameters: {'dim': 128, 'depth': 1, 'heads': 2, 'weight_decay': -6, 'learning_rate': -3, 'dropout': 0.5}. Best is trial 41 with value: 8.36946.
[I 2025-04-04 07:36:00,789] Trial 52 finished with value: 7.688899999999999 and parameters: {'dim': 128, 'depth': 1, 'heads': 2, 'weight_decay': -5, 'learning_rate': -3, 'dropout': 0.5}. Best is trial 41 with value: 8.36946.
[I 2025-04-04 07:37:12,100] Trial 53 finished with value: 7.70548 and parameters: {'dim': 128, 'depth': 1, 'heads': 2, 'weight_decay': -3, 'learning_rate': -3, 'dropout': 0.5}. Best is trial 41 with value: 8.36946.
[I 2025-04-04 07:38:19,759] Trial 54 finished with value: 7.4625200000000005 and parameters: {'dim': 256, 'depth': 2, 'heads': 2, 'weight_decay': -6, 'learning_rate': -3, 'dropout': 0.5}. Best is trial 41 with value: 8.36946.
[I 2025-04-04 07:40:01,129] Trial 55 finished with value: 8.22996 and parameters: {'dim': 64, 'depth': 2, 'heads': 2, 'weight_decay': -5, 'learning_rate': -3, 'dropout': 0.5}. Best is trial 41 with value: 8.36946.
[I 2025-04-04 07:41:40,348] Trial 56 finished with value: 6.70188 and parameters: {'dim': 64, 'depth': 6, 'heads': 2, 'weight_decay': -6, 'learning_rate': -4, 'dropout': 0.2}. Best is trial 41 with value: 8.36946.
[I 2025-04-04 07:42:52,529] Trial 57 finished with value: 7.7375 and parameters: {'dim': 64, 'depth': 1, 'heads': 8, 'weight_decay': -5, 'learning_rate': -3, 'dropout': 0.5}. Best is trial 41 with value: 8.36946.
[I 2025-04-04 07:44:06,678] Trial 58 finished with value: 8.11392 and parameters: {'dim': 64, 'depth': 2, 'heads': 2, 'weight_decay': -5, 'learning_rate': -3, 'dropout': 0.4}. Best is trial 41 with value: 8.36946.
[I 2025-04-04 07:45:36,745] Trial 59 finished with value: 8.265820000000001 and parameters: {'dim': 64, 'depth': 2, 'heads': 2, 'weight_decay': -5, 'learning_rate': -3, 'dropout': 0.4}. Best is trial 41 with value: 8.36946.
[I 2025-04-04 07:47:17,469] Trial 60 finished with value: 6.57898 and parameters: {'dim': 64, 'depth': 2, 'heads': 2, 'weight_decay': -5, 'learning_rate': -4, 'dropout': 0.4}. Best is trial 41 with value: 8.36946.
[I 2025-04-04 07:48:39,860] Trial 61 finished with value: 7.87744 and parameters: {'dim': 64, 'depth': 2, 'heads': 2, 'weight_decay': -5, 'learning_rate': -3, 'dropout': 0.4}. Best is trial 41 with value: 8.36946.
[I 2025-04-04 07:49:39,353] Trial 62 finished with value: 7.77144 and parameters: {'dim': 64, 'depth': 2, 'heads': 2, 'weight_decay': -6, 'learning_rate': -3, 'dropout': 0.4}. Best is trial 41 with value: 8.36946.
[I 2025-04-04 07:50:48,187] Trial 63 finished with value: 7.9063 and parameters: {'dim': 64, 'depth': 2, 'heads': 2, 'weight_decay': -5, 'learning_rate': -3, 'dropout': 0.4}. Best is trial 41 with value: 8.36946.
[I 2025-04-04 07:51:53,371] Trial 64 finished with value: 7.76102 and parameters: {'dim': 64, 'depth': 2, 'heads': 2, 'weight_decay': -5, 'learning_rate': -3, 'dropout': 0.4}. Best is trial 41 with value: 8.36946.
[I 2025-04-04 07:53:11,515] Trial 65 finished with value: 7.991940000000001 and parameters: {'dim': 64, 'depth': 2, 'heads': 2, 'weight_decay': -6, 'learning_rate': -3, 'dropout': 0.4}. Best is trial 41 with value: 8.36946.
[I 2025-04-04 07:54:30,776] Trial 66 finished with value: 8.09694 and parameters: {'dim': 64, 'depth': 6, 'heads': 2, 'weight_decay': -5, 'learning_rate': -3, 'dropout': 0.4}. Best is trial 41 with value: 8.36946.
[I 2025-04-04 07:55:37,427] Trial 67 finished with value: 7.61306 and parameters: {'dim': 64, 'depth': 2, 'heads': 2, 'weight_decay': -5, 'learning_rate': -3, 'dropout': 0.4}. Best is trial 41 with value: 8.36946.
[I 2025-04-04 07:56:49,613] Trial 68 finished with value: 7.832420000000001 and parameters: {'dim': 64, 'depth': 6, 'heads': 2, 'weight_decay': -5, 'learning_rate': -3, 'dropout': 0.4}. Best is trial 41 with value: 8.36946.
[I 2025-04-04 07:58:06,461] Trial 69 finished with value: 7.95678 and parameters: {'dim': 128, 'depth': 2, 'heads': 2, 'weight_decay': -5, 'learning_rate': -3, 'dropout': 0.4}. Best is trial 41 with value: 8.36946.
[I 2025-04-04 07:59:42,678] Trial 70 finished with value: 8.302760000000001 and parameters: {'dim': 64, 'depth': 6, 'heads': 2, 'weight_decay': -6, 'learning_rate': -3, 'dropout': 0.4}. Best is trial 41 with value: 8.36946.
[I 2025-04-04 08:00:55,718] Trial 71 finished with value: 7.83808 and parameters: {'dim': 64, 'depth': 6, 'heads': 2, 'weight_decay': -6, 'learning_rate': -3, 'dropout': 0.4}. Best is trial 41 with value: 8.36946.
[I 2025-04-04 08:02:11,782] Trial 72 finished with value: 7.9524799999999995 and parameters: {'dim': 64, 'depth': 6, 'heads': 2, 'weight_decay': -6, 'learning_rate': -3, 'dropout': 0.4}. Best is trial 41 with value: 8.36946.
[I 2025-04-04 08:03:26,023] Trial 73 finished with value: 7.85718 and parameters: {'dim': 64, 'depth': 6, 'heads': 2, 'weight_decay': -6, 'learning_rate': -3, 'dropout': 0.4}. Best is trial 41 with value: 8.36946.
[I 2025-04-04 08:04:39,209] Trial 74 finished with value: 7.963299999999999 and parameters: {'dim': 64, 'depth': 6, 'heads': 2, 'weight_decay': -5, 'learning_rate': -3, 'dropout': 0.4}. Best is trial 41 with value: 8.36946.
[I 2025-04-04 08:05:51,798] Trial 75 finished with value: 7.9739 and parameters: {'dim': 64, 'depth': 1, 'heads': 2, 'weight_decay': -4, 'learning_rate': -3, 'dropout': 0.3}. Best is trial 41 with value: 8.36946.
[I 2025-04-04 08:07:04,463] Trial 76 finished with value: 7.8717 and parameters: {'dim': 64, 'depth': 6, 'heads': 2, 'weight_decay': -6, 'learning_rate': -3, 'dropout': 0.4}. Best is trial 41 with value: 8.36946.
[I 2025-04-04 08:08:14,227] Trial 77 finished with value: 7.8458 and parameters: {'dim': 64, 'depth': 2, 'heads': 8, 'weight_decay': -5, 'learning_rate': -3, 'dropout': 0.2}. Best is trial 41 with value: 8.36946.
[I 2025-04-04 08:09:22,588] Trial 78 finished with value: 7.81374 and parameters: {'dim': 128, 'depth': 6, 'heads': 2, 'weight_decay': -6, 'learning_rate': -3, 'dropout': 0.4}. Best is trial 41 with value: 8.36946.
[I 2025-04-04 08:10:32,918] Trial 79 finished with value: 7.93136 and parameters: {'dim': 64, 'depth': 2, 'heads': 2, 'weight_decay': -4, 'learning_rate': -3, 'dropout': 0.1}. Best is trial 41 with value: 8.36946.
[I 2025-04-04 08:13:59,490] Trial 80 finished with value: 5.75916 and parameters: {'dim': 64, 'depth': 6, 'heads': 2, 'weight_decay': -5, 'learning_rate': -5, 'dropout': 0.5}. Best is trial 41 with value: 8.36946.
[I 2025-04-04 08:15:23,313] Trial 81 finished with value: 8.2476 and parameters: {'dim': 64, 'depth': 6, 'heads': 2, 'weight_decay': -5, 'learning_rate': -3, 'dropout': 0.5}. Best is trial 41 with value: 8.36946.
[I 2025-04-04 08:16:37,677] Trial 82 finished with value: 7.988339999999999 and parameters: {'dim': 64, 'depth': 6, 'heads': 2, 'weight_decay': -5, 'learning_rate': -3, 'dropout': 0.5}. Best is trial 41 with value: 8.36946.
[I 2025-04-04 08:17:50,039] Trial 83 finished with value: 8.04334 and parameters: {'dim': 64, 'depth': 6, 'heads': 2, 'weight_decay': -5, 'learning_rate': -3, 'dropout': 0.5}. Best is trial 41 with value: 8.36946.
[I 2025-04-04 08:19:02,859] Trial 84 finished with value: 7.917859999999999 and parameters: {'dim': 64, 'depth': 6, 'heads': 2, 'weight_decay': -5, 'learning_rate': -3, 'dropout': 0.5}. Best is trial 41 with value: 8.36946.
[I 2025-04-04 08:20:05,407] Trial 85 finished with value: 7.43018 and parameters: {'dim': 64, 'depth': 1, 'heads': 2, 'weight_decay': -4, 'learning_rate': -3, 'dropout': 0.5}. Best is trial 41 with value: 8.36946.
[I 2025-04-04 08:21:10,894] Trial 86 finished with value: 8.03274 and parameters: {'dim': 128, 'depth': 6, 'heads': 2, 'weight_decay': -6, 'learning_rate': -3, 'dropout': 0.3}. Best is trial 41 with value: 8.36946.
[I 2025-04-04 08:22:16,645] Trial 87 finished with value: 7.64794 and parameters: {'dim': 64, 'depth': 2, 'heads': 2, 'weight_decay': -4, 'learning_rate': -3, 'dropout': 0.5}. Best is trial 41 with value: 8.36946.
[I 2025-04-04 08:24:09,337] Trial 88 finished with value: 6.82144 and parameters: {'dim': 64, 'depth': 3, 'heads': 2, 'weight_decay': -5, 'learning_rate': -4, 'dropout': 0.4}. Best is trial 41 with value: 8.36946.
[I 2025-04-04 08:25:11,187] Trial 89 finished with value: 7.37928 and parameters: {'dim': 64, 'depth': 2, 'heads': 2, 'weight_decay': -5, 'learning_rate': -3, 'dropout': 0.5}. Best is trial 41 with value: 8.36946.
[I 2025-04-04 08:26:23,352] Trial 90 finished with value: 7.96114 and parameters: {'dim': 256, 'depth': 6, 'heads': 8, 'weight_decay': -6, 'learning_rate': -3, 'dropout': 0.4}. Best is trial 41 with value: 8.36946.
[I 2025-04-04 08:27:31,132] Trial 91 finished with value: 7.843640000000001 and parameters: {'dim': 64, 'depth': 6, 'heads': 2, 'weight_decay': -5, 'learning_rate': -3, 'dropout': 0.5}. Best is trial 41 with value: 8.36946.
[I 2025-04-04 08:28:47,288] Trial 92 finished with value: 8.04338 and parameters: {'dim': 64, 'depth': 6, 'heads': 2, 'weight_decay': -5, 'learning_rate': -3, 'dropout': 0.5}. Best is trial 41 with value: 8.36946.
[I 2025-04-04 08:29:54,872] Trial 93 finished with value: 7.8634200000000005 and parameters: {'dim': 64, 'depth': 6, 'heads': 2, 'weight_decay': -5, 'learning_rate': -3, 'dropout': 0.5}. Best is trial 41 with value: 8.36946.
[I 2025-04-04 08:31:03,660] Trial 94 finished with value: 7.843179999999999 and parameters: {'dim': 64, 'depth': 6, 'heads': 2, 'weight_decay': -5, 'learning_rate': -3, 'dropout': 0.5}. Best is trial 41 with value: 8.36946.
[I 2025-04-04 08:32:43,218] Trial 95 finished with value: 8.266900000000001 and parameters: {'dim': 128, 'depth': 1, 'heads': 2, 'weight_decay': -5, 'learning_rate': -3, 'dropout': 0.5}. Best is trial 41 with value: 8.36946.
[I 2025-04-04 08:33:55,594] Trial 96 finished with value: 8.00638 and parameters: {'dim': 128, 'depth': 1, 'heads': 2, 'weight_decay': -4, 'learning_rate': -3, 'dropout': 0.2}. Best is trial 41 with value: 8.36946.
[I 2025-04-04 08:37:31,596] Trial 97 finished with value: 3.42492 and parameters: {'dim': 128, 'depth': 1, 'heads': 2, 'weight_decay': -6, 'learning_rate': -6, 'dropout': 0.5}. Best is trial 41 with value: 8.36946.
[I 2025-04-04 08:38:53,396] Trial 98 finished with value: 8.06874 and parameters: {'dim': 128, 'depth': 1, 'heads': 2, 'weight_decay': -5, 'learning_rate': -3, 'dropout': 0.5}. Best is trial 41 with value: 8.36946.
[I 2025-04-04 08:40:08,204] Trial 99 finished with value: 7.977480000000002 and parameters: {'dim': 128, 'depth': 1, 'heads': 2, 'weight_decay': -5, 'learning_rate': -3, 'dropout': 0.1}. Best is trial 41 with value: 8.36946.
