[I 2025-04-03 17:38:45,425] A new study created in RDB with name: TabTransformer_Boston
[I 2025-04-03 17:42:26,676] Trial 0 finished with value: 2.03744 and parameters: {'dim': 256, 'depth': 6, 'heads': 8, 'weight_decay': -5, 'learning_rate': -5, 'dropout': 0.5}. Best is trial 0 with value: 2.03744.
[I 2025-04-03 17:45:53,118] Trial 1 finished with value: 2.0153 and parameters: {'dim': 256, 'depth': 6, 'heads': 2, 'weight_decay': -4, 'learning_rate': -5, 'dropout': 0.2}. Best is trial 0 with value: 2.03744.
[I 2025-04-03 17:47:20,609] Trial 2 finished with value: 2.00322 and parameters: {'dim': 64, 'depth': 3, 'heads': 2, 'weight_decay': -3, 'learning_rate': -6, 'dropout': 0.4}. Best is trial 0 with value: 2.03744.
[I 2025-04-03 17:49:11,540] Trial 3 finished with value: 2.10118 and parameters: {'dim': 64, 'depth': 12, 'heads': 2, 'weight_decay': -6, 'learning_rate': -6, 'dropout': 0.1}. Best is trial 3 with value: 2.10118.
[I 2025-04-03 17:51:36,996] Trial 4 finished with value: 1.9814 and parameters: {'dim': 256, 'depth': 1, 'heads': 8, 'weight_decay': -5, 'learning_rate': -5, 'dropout': 0.2}. Best is trial 3 with value: 2.10118.
[I 2025-04-03 17:53:35,073] Trial 5 finished with value: 2.0188800000000002 and parameters: {'dim': 64, 'depth': 1, 'heads': 8, 'weight_decay': -6, 'learning_rate': -4, 'dropout': 0.5}. Best is trial 3 with value: 2.10118.
[I 2025-04-03 17:55:33,074] Trial 6 finished with value: 2.0235999999999996 and parameters: {'dim': 32, 'depth': 6, 'heads': 2, 'weight_decay': -1, 'learning_rate': -6, 'dropout': 0.4}. Best is trial 3 with value: 2.10118.
[I 2025-04-03 17:57:37,361] Trial 7 finished with value: 1.8150799999999996 and parameters: {'dim': 32, 'depth': 6, 'heads': 8, 'weight_decay': -5, 'learning_rate': -3, 'dropout': 0.4}. Best is trial 3 with value: 2.10118.
[I 2025-04-03 17:59:52,791] Trial 8 finished with value: 2.0403599999999997 and parameters: {'dim': 128, 'depth': 3, 'heads': 4, 'weight_decay': -3, 'learning_rate': -5, 'dropout': 0.1}. Best is trial 3 with value: 2.10118.
[I 2025-04-03 18:02:37,898] Trial 9 finished with value: 2.01072 and parameters: {'dim': 128, 'depth': 6, 'heads': 4, 'weight_decay': -6, 'learning_rate': -5, 'dropout': 0}. Best is trial 3 with value: 2.10118.
[I 2025-04-03 18:04:49,673] Trial 10 finished with value: 2.0077 and parameters: {'dim': 64, 'depth': 12, 'heads': 2, 'weight_decay': -1, 'learning_rate': -6, 'dropout': 0.1}. Best is trial 3 with value: 2.10118.
[I 2025-04-03 18:06:57,324] Trial 11 finished with value: 2.05974 and parameters: {'dim': 128, 'depth': 2, 'heads': 4, 'weight_decay': -3, 'learning_rate': -4, 'dropout': 0.1}. Best is trial 3 with value: 2.10118.
[I 2025-04-03 18:09:06,251] Trial 12 finished with value: 1.9250999999999998 and parameters: {'dim': 128, 'depth': 2, 'heads': 4, 'weight_decay': -2, 'learning_rate': -3, 'dropout': 0.1}. Best is trial 3 with value: 2.10118.
[I 2025-04-03 18:11:53,322] Trial 13 finished with value: 1.98416 and parameters: {'dim': 128, 'depth': 12, 'heads': 4, 'weight_decay': -4, 'learning_rate': -4, 'dropout': 0.3}. Best is trial 3 with value: 2.10118.
[I 2025-04-03 18:13:22,011] Trial 14 finished with value: 2.0355999999999996 and parameters: {'dim': 64, 'depth': 2, 'heads': 4, 'weight_decay': -2, 'learning_rate': -4, 'dropout': 0.1}. Best is trial 3 with value: 2.10118.
[I 2025-04-03 18:15:44,088] Trial 15 finished with value: 1.97016 and parameters: {'dim': 128, 'depth': 12, 'heads': 2, 'weight_decay': -3, 'learning_rate': -4, 'dropout': 0.1}. Best is trial 3 with value: 2.10118.
[I 2025-04-03 18:17:45,844] Trial 16 finished with value: 1.86098 and parameters: {'dim': 64, 'depth': 2, 'heads': 4, 'weight_decay': -2, 'learning_rate': -3, 'dropout': 0.3}. Best is trial 3 with value: 2.10118.
[I 2025-04-03 18:19:52,153] Trial 17 finished with value: 2.0657 and parameters: {'dim': 32, 'depth': 12, 'heads': 2, 'weight_decay': -4, 'learning_rate': -6, 'dropout': 0}. Best is trial 3 with value: 2.10118.
[I 2025-04-03 18:21:51,181] Trial 18 finished with value: 2.06196 and parameters: {'dim': 32, 'depth': 12, 'heads': 2, 'weight_decay': -6, 'learning_rate': -6, 'dropout': 0}. Best is trial 3 with value: 2.10118.
[I 2025-04-03 18:23:19,395] Trial 19 finished with value: 2.0400400000000003 and parameters: {'dim': 32, 'depth': 12, 'heads': 2, 'weight_decay': -4, 'learning_rate': -6, 'dropout': 0}. Best is trial 3 with value: 2.10118.
[I 2025-04-03 18:25:23,359] Trial 20 finished with value: 2.0276400000000003 and parameters: {'dim': 32, 'depth': 12, 'heads': 2, 'weight_decay': -5, 'learning_rate': -6, 'dropout': 0}. Best is trial 3 with value: 2.10118.
[I 2025-04-03 18:27:12,008] Trial 21 finished with value: 2.0478 and parameters: {'dim': 32, 'depth': 12, 'heads': 2, 'weight_decay': -6, 'learning_rate': -6, 'dropout': 0}. Best is trial 3 with value: 2.10118.
[I 2025-04-03 18:28:57,773] Trial 22 finished with value: 2.02058 and parameters: {'dim': 32, 'depth': 12, 'heads': 2, 'weight_decay': -6, 'learning_rate': -6, 'dropout': 0}. Best is trial 3 with value: 2.10118.
[I 2025-04-03 18:30:45,124] Trial 23 finished with value: 2.01092 and parameters: {'dim': 32, 'depth': 12, 'heads': 2, 'weight_decay': -5, 'learning_rate': -6, 'dropout': 0}. Best is trial 3 with value: 2.10118.
[I 2025-04-03 18:32:44,037] Trial 24 finished with value: 2.0218 and parameters: {'dim': 32, 'depth': 12, 'heads': 2, 'weight_decay': -6, 'learning_rate': -5, 'dropout': 0}. Best is trial 3 with value: 2.10118.
[I 2025-04-03 18:34:50,291] Trial 25 finished with value: 2.03018 and parameters: {'dim': 64, 'depth': 12, 'heads': 2, 'weight_decay': -4, 'learning_rate': -6, 'dropout': 0}. Best is trial 3 with value: 2.10118.
[I 2025-04-03 18:36:32,703] Trial 26 finished with value: 2.03176 and parameters: {'dim': 32, 'depth': 12, 'heads': 2, 'weight_decay': -6, 'learning_rate': -6, 'dropout': 0.3}. Best is trial 3 with value: 2.10118.
[I 2025-04-03 18:38:12,044] Trial 27 finished with value: 2.0090999999999997 and parameters: {'dim': 32, 'depth': 1, 'heads': 2, 'weight_decay': -5, 'learning_rate': -5, 'dropout': 0.2}. Best is trial 3 with value: 2.10118.
[I 2025-04-03 18:40:08,702] Trial 28 finished with value: 2.0101799999999996 and parameters: {'dim': 64, 'depth': 3, 'heads': 2, 'weight_decay': -6, 'learning_rate': -6, 'dropout': 0.5}. Best is trial 3 with value: 2.10118.
[I 2025-04-03 18:47:07,490] Trial 29 finished with value: 2.02574 and parameters: {'dim': 256, 'depth': 12, 'heads': 8, 'weight_decay': -5, 'learning_rate': -5, 'dropout': 0.5}. Best is trial 3 with value: 2.10118.
[I 2025-04-03 18:51:06,996] Trial 30 finished with value: 2.0328799999999996 and parameters: {'dim': 256, 'depth': 12, 'heads': 2, 'weight_decay': -5, 'learning_rate': -6, 'dropout': 0}. Best is trial 3 with value: 2.10118.
[I 2025-04-03 18:53:21,332] Trial 31 finished with value: 1.98616 and parameters: {'dim': 128, 'depth': 2, 'heads': 4, 'weight_decay': -3, 'learning_rate': -4, 'dropout': 0.1}. Best is trial 3 with value: 2.10118.
[I 2025-04-03 18:55:11,738] Trial 32 finished with value: 1.9987800000000004 and parameters: {'dim': 128, 'depth': 2, 'heads': 4, 'weight_decay': -4, 'learning_rate': -4, 'dropout': 0.1}. Best is trial 3 with value: 2.10118.
[I 2025-04-03 18:57:09,238] Trial 33 finished with value: 2.023 and parameters: {'dim': 32, 'depth': 2, 'heads': 2, 'weight_decay': -3, 'learning_rate': -5, 'dropout': 0.1}. Best is trial 3 with value: 2.10118.
[I 2025-04-03 19:00:31,160] Trial 34 finished with value: 2.06738 and parameters: {'dim': 256, 'depth': 3, 'heads': 8, 'weight_decay': -2, 'learning_rate': -5, 'dropout': 0.2}. Best is trial 3 with value: 2.10118.
[I 2025-04-03 19:03:39,467] Trial 35 finished with value: 2.03458 and parameters: {'dim': 256, 'depth': 3, 'heads': 8, 'weight_decay': -2, 'learning_rate': -5, 'dropout': 0.2}. Best is trial 3 with value: 2.10118.
[I 2025-04-03 19:06:33,562] Trial 36 finished with value: 2.02668 and parameters: {'dim': 256, 'depth': 3, 'heads': 8, 'weight_decay': -1, 'learning_rate': -6, 'dropout': 0.2}. Best is trial 3 with value: 2.10118.
[I 2025-04-03 19:08:58,725] Trial 37 finished with value: 2.04056 and parameters: {'dim': 256, 'depth': 3, 'heads': 8, 'weight_decay': -5, 'learning_rate': -6, 'dropout': 0.2}. Best is trial 3 with value: 2.10118.
[I 2025-04-03 19:11:23,314] Trial 38 finished with value: 2.07006 and parameters: {'dim': 256, 'depth': 1, 'heads': 8, 'weight_decay': -4, 'learning_rate': -5, 'dropout': 0.4}. Best is trial 3 with value: 2.10118.
[I 2025-04-03 19:13:26,983] Trial 39 finished with value: 2.04732 and parameters: {'dim': 256, 'depth': 1, 'heads': 8, 'weight_decay': -4, 'learning_rate': -5, 'dropout': 0.4}. Best is trial 3 with value: 2.10118.
[I 2025-04-03 19:15:27,761] Trial 40 finished with value: 2.04474 and parameters: {'dim': 256, 'depth': 1, 'heads': 8, 'weight_decay': -2, 'learning_rate': -5, 'dropout': 0.4}. Best is trial 3 with value: 2.10118.
[I 2025-04-03 19:17:26,850] Trial 41 finished with value: 1.9945800000000002 and parameters: {'dim': 256, 'depth': 1, 'heads': 8, 'weight_decay': -4, 'learning_rate': -5, 'dropout': 0.4}. Best is trial 3 with value: 2.10118.
[I 2025-04-03 19:19:35,587] Trial 42 finished with value: 2.0386 and parameters: {'dim': 64, 'depth': 6, 'heads': 8, 'weight_decay': -6, 'learning_rate': -6, 'dropout': 0.4}. Best is trial 3 with value: 2.10118.
[I 2025-04-03 19:21:44,654] Trial 43 finished with value: 2.03436 and parameters: {'dim': 256, 'depth': 1, 'heads': 8, 'weight_decay': -4, 'learning_rate': -5, 'dropout': 0.2}. Best is trial 3 with value: 2.10118.
[I 2025-04-03 19:24:45,614] Trial 44 finished with value: 2.0354799999999997 and parameters: {'dim': 256, 'depth': 3, 'heads': 8, 'weight_decay': -3, 'learning_rate': -6, 'dropout': 0.4}. Best is trial 3 with value: 2.10118.
[I 2025-04-03 19:26:35,113] Trial 45 finished with value: 2.0077 and parameters: {'dim': 64, 'depth': 6, 'heads': 2, 'weight_decay': -1, 'learning_rate': -5, 'dropout': 0.5}. Best is trial 3 with value: 2.10118.
[I 2025-04-03 19:28:29,677] Trial 46 finished with value: 2.0304 and parameters: {'dim': 32, 'depth': 1, 'heads': 8, 'weight_decay': -6, 'learning_rate': -6, 'dropout': 0.2}. Best is trial 3 with value: 2.10118.
[I 2025-04-03 19:30:30,390] Trial 47 finished with value: 2.0144999999999995 and parameters: {'dim': 64, 'depth': 3, 'heads': 2, 'weight_decay': -5, 'learning_rate': -5, 'dropout': 0}. Best is trial 3 with value: 2.10118.
[I 2025-04-03 19:34:58,244] Trial 48 finished with value: 1.9995999999999998 and parameters: {'dim': 256, 'depth': 12, 'heads': 8, 'weight_decay': -3, 'learning_rate': -6, 'dropout': 0.3}. Best is trial 3 with value: 2.10118.
[I 2025-04-03 19:37:04,169] Trial 49 finished with value: 2.0415200000000002 and parameters: {'dim': 32, 'depth': 12, 'heads': 2, 'weight_decay': -5, 'learning_rate': -5, 'dropout': 0.4}. Best is trial 3 with value: 2.10118.
[I 2025-04-03 19:39:07,242] A new study created in RDB with name: TabTransformer_Socmob
[I 2025-04-03 19:41:49,363] Trial 0 finished with value: 4.19074 and parameters: {'dim': 256, 'depth': 6, 'heads': 2, 'weight_decay': -5, 'learning_rate': -6, 'dropout': 0.2}. Best is trial 0 with value: 4.19074.
[I 2025-04-03 19:43:59,827] Trial 1 finished with value: 4.11392 and parameters: {'dim': 64, 'depth': 3, 'heads': 4, 'weight_decay': -4, 'learning_rate': -5, 'dropout': 0}. Best is trial 0 with value: 4.19074.
[I 2025-04-03 19:47:02,535] Trial 2 finished with value: 4.1338 and parameters: {'dim': 256, 'depth': 6, 'heads': 2, 'weight_decay': -5, 'learning_rate': -6, 'dropout': 0.5}. Best is trial 0 with value: 4.19074.
[I 2025-04-03 19:49:12,928] Trial 3 finished with value: 4.11366 and parameters: {'dim': 64, 'depth': 2, 'heads': 8, 'weight_decay': -3, 'learning_rate': -4, 'dropout': 0}. Best is trial 0 with value: 4.19074.
[I 2025-04-03 19:51:03,041] Trial 4 finished with value: 7.434220000000001 and parameters: {'dim': 32, 'depth': 2, 'heads': 8, 'weight_decay': -6, 'learning_rate': -3, 'dropout': 0.3}. Best is trial 4 with value: 7.434220000000001.
[I 2025-04-03 19:53:11,284] Trial 5 finished with value: 4.13904 and parameters: {'dim': 32, 'depth': 2, 'heads': 2, 'weight_decay': -6, 'learning_rate': -5, 'dropout': 0.1}. Best is trial 4 with value: 7.434220000000001.
[I 2025-04-03 19:55:34,048] Trial 6 finished with value: 4.1411 and parameters: {'dim': 128, 'depth': 2, 'heads': 8, 'weight_decay': -5, 'learning_rate': -5, 'dropout': 0.4}. Best is trial 4 with value: 7.434220000000001.
[I 2025-04-03 19:57:49,003] Trial 7 finished with value: 4.14878 and parameters: {'dim': 32, 'depth': 12, 'heads': 2, 'weight_decay': -4, 'learning_rate': -5, 'dropout': 0}. Best is trial 4 with value: 7.434220000000001.
[I 2025-04-03 20:00:09,877] Trial 8 finished with value: 4.16408 and parameters: {'dim': 128, 'depth': 6, 'heads': 2, 'weight_decay': -3, 'learning_rate': -6, 'dropout': 0.3}. Best is trial 4 with value: 7.434220000000001.
[I 2025-04-03 20:02:32,099] Trial 9 finished with value: 4.17574 and parameters: {'dim': 64, 'depth': 6, 'heads': 4, 'weight_decay': -2, 'learning_rate': -5, 'dropout': 0.2}. Best is trial 4 with value: 7.434220000000001.
[I 2025-04-03 20:04:32,407] Trial 10 finished with value: 6.99054 and parameters: {'dim': 32, 'depth': 1, 'heads': 8, 'weight_decay': -1, 'learning_rate': -3, 'dropout': 0.3}. Best is trial 4 with value: 7.434220000000001.
[I 2025-04-03 20:06:34,821] Trial 11 finished with value: 6.825460000000001 and parameters: {'dim': 32, 'depth': 1, 'heads': 8, 'weight_decay': -1, 'learning_rate': -3, 'dropout': 0.3}. Best is trial 4 with value: 7.434220000000001.
[I 2025-04-03 20:08:34,595] Trial 12 finished with value: 7.24016 and parameters: {'dim': 32, 'depth': 1, 'heads': 8, 'weight_decay': -1, 'learning_rate': -3, 'dropout': 0.3}. Best is trial 4 with value: 7.434220000000001.
[I 2025-04-03 20:10:25,675] Trial 13 finished with value: 6.88168 and parameters: {'dim': 32, 'depth': 1, 'heads': 8, 'weight_decay': -6, 'learning_rate': -3, 'dropout': 0.3}. Best is trial 4 with value: 7.434220000000001.
[I 2025-04-03 20:12:47,628] Trial 14 finished with value: 4.25228 and parameters: {'dim': 32, 'depth': 12, 'heads': 8, 'weight_decay': -2, 'learning_rate': -4, 'dropout': 0.3}. Best is trial 4 with value: 7.434220000000001.
[I 2025-04-03 20:14:58,074] Trial 15 finished with value: 4.3181400000000005 and parameters: {'dim': 32, 'depth': 3, 'heads': 8, 'weight_decay': -2, 'learning_rate': -4, 'dropout': 0.1}. Best is trial 4 with value: 7.434220000000001.
[I 2025-04-03 20:17:00,596] Trial 16 finished with value: 7.2432 and parameters: {'dim': 32, 'depth': 1, 'heads': 4, 'weight_decay': -1, 'learning_rate': -3, 'dropout': 0.5}. Best is trial 4 with value: 7.434220000000001.
[I 2025-04-03 20:19:55,716] Trial 17 finished with value: 4.27288 and parameters: {'dim': 256, 'depth': 2, 'heads': 4, 'weight_decay': -4, 'learning_rate': -4, 'dropout': 0.5}. Best is trial 4 with value: 7.434220000000001.
[I 2025-04-03 20:21:48,071] Trial 18 finished with value: 7.224579999999999 and parameters: {'dim': 128, 'depth': 1, 'heads': 4, 'weight_decay': -6, 'learning_rate': -3, 'dropout': 0.5}. Best is trial 4 with value: 7.434220000000001.
[I 2025-04-03 20:23:43,626] Trial 19 finished with value: 7.00972 and parameters: {'dim': 32, 'depth': 2, 'heads': 4, 'weight_decay': -3, 'learning_rate': -3, 'dropout': 0.4}. Best is trial 4 with value: 7.434220000000001.
[I 2025-04-03 20:26:02,645] Trial 20 finished with value: 4.4069 and parameters: {'dim': 32, 'depth': 12, 'heads': 4, 'weight_decay': -5, 'learning_rate': -4, 'dropout': 0.5}. Best is trial 4 with value: 7.434220000000001.
[I 2025-04-03 20:28:02,204] Trial 21 finished with value: 7.06772 and parameters: {'dim': 32, 'depth': 1, 'heads': 8, 'weight_decay': -1, 'learning_rate': -3, 'dropout': 0.3}. Best is trial 4 with value: 7.434220000000001.
[I 2025-04-03 20:30:12,305] Trial 22 finished with value: 7.0789 and parameters: {'dim': 32, 'depth': 1, 'heads': 8, 'weight_decay': -2, 'learning_rate': -3, 'dropout': 0.3}. Best is trial 4 with value: 7.434220000000001.
[I 2025-04-03 20:32:03,575] Trial 23 finished with value: 6.59822 and parameters: {'dim': 32, 'depth': 1, 'heads': 8, 'weight_decay': -1, 'learning_rate': -3, 'dropout': 0.5}. Best is trial 4 with value: 7.434220000000001.
[I 2025-04-03 20:34:11,902] Trial 24 finished with value: 4.099120000000001 and parameters: {'dim': 32, 'depth': 1, 'heads': 4, 'weight_decay': -1, 'learning_rate': -4, 'dropout': 0.3}. Best is trial 4 with value: 7.434220000000001.
[I 2025-04-03 20:36:13,355] Trial 25 finished with value: 7.22834 and parameters: {'dim': 32, 'depth': 3, 'heads': 8, 'weight_decay': -2, 'learning_rate': -3, 'dropout': 0.1}. Best is trial 4 with value: 7.434220000000001.
[I 2025-04-03 20:38:35,958] Trial 26 finished with value: 7.07034 and parameters: {'dim': 256, 'depth': 2, 'heads': 4, 'weight_decay': -3, 'learning_rate': -3, 'dropout': 0.2}. Best is trial 4 with value: 7.434220000000001.
[I 2025-04-03 20:40:49,383] Trial 27 finished with value: 4.0573 and parameters: {'dim': 128, 'depth': 1, 'heads': 8, 'weight_decay': -1, 'learning_rate': -4, 'dropout': 0.4}. Best is trial 4 with value: 7.434220000000001.
[I 2025-04-03 20:42:43,409] Trial 28 finished with value: 7.22028 and parameters: {'dim': 64, 'depth': 1, 'heads': 8, 'weight_decay': -2, 'learning_rate': -3, 'dropout': 0.5}. Best is trial 4 with value: 7.434220000000001.
[I 2025-04-03 20:45:33,908] Trial 29 finished with value: 4.32418 and parameters: {'dim': 256, 'depth': 2, 'heads': 4, 'weight_decay': -4, 'learning_rate': -4, 'dropout': 0.2}. Best is trial 4 with value: 7.434220000000001.
[I 2025-04-03 20:47:30,637] Trial 30 finished with value: 6.856520000000001 and parameters: {'dim': 32, 'depth': 3, 'heads': 2, 'weight_decay': -6, 'learning_rate': -3, 'dropout': 0.3}. Best is trial 4 with value: 7.434220000000001.
[I 2025-04-03 20:49:23,682] Trial 31 finished with value: 7.11698 and parameters: {'dim': 32, 'depth': 3, 'heads': 8, 'weight_decay': -2, 'learning_rate': -3, 'dropout': 0.1}. Best is trial 4 with value: 7.434220000000001.
[I 2025-04-03 20:51:22,236] Trial 32 finished with value: 7.12196 and parameters: {'dim': 32, 'depth': 3, 'heads': 8, 'weight_decay': -1, 'learning_rate': -3, 'dropout': 0.1}. Best is trial 4 with value: 7.434220000000001.
[I 2025-04-03 20:53:20,459] Trial 33 finished with value: 7.33578 and parameters: {'dim': 32, 'depth': 3, 'heads': 8, 'weight_decay': -2, 'learning_rate': -3, 'dropout': 0.1}. Best is trial 4 with value: 7.434220000000001.
[I 2025-04-03 20:55:28,601] Trial 34 finished with value: 6.85162 and parameters: {'dim': 64, 'depth': 3, 'heads': 8, 'weight_decay': -1, 'learning_rate': -3, 'dropout': 0}. Best is trial 4 with value: 7.434220000000001.
[I 2025-04-03 20:57:35,889] Trial 35 finished with value: 4.1796 and parameters: {'dim': 32, 'depth': 6, 'heads': 8, 'weight_decay': -1, 'learning_rate': -6, 'dropout': 0.1}. Best is trial 4 with value: 7.434220000000001.
[I 2025-04-03 20:59:43,432] Trial 36 finished with value: 4.820539999999999 and parameters: {'dim': 32, 'depth': 2, 'heads': 2, 'weight_decay': -3, 'learning_rate': -4, 'dropout': 0.5}. Best is trial 4 with value: 7.434220000000001.
[I 2025-04-03 21:04:34,167] Trial 37 finished with value: 6.827039999999999 and parameters: {'dim': 256, 'depth': 12, 'heads': 8, 'weight_decay': -5, 'learning_rate': -3, 'dropout': 0}. Best is trial 4 with value: 7.434220000000001.
[I 2025-04-03 21:06:30,442] Trial 38 finished with value: 6.78734 and parameters: {'dim': 32, 'depth': 3, 'heads': 4, 'weight_decay': -2, 'learning_rate': -3, 'dropout': 0.1}. Best is trial 4 with value: 7.434220000000001.
[I 2025-04-03 21:09:11,658] Trial 39 finished with value: 4.24946 and parameters: {'dim': 128, 'depth': 6, 'heads': 2, 'weight_decay': -1, 'learning_rate': -4, 'dropout': 0.4}. Best is trial 4 with value: 7.434220000000001.
[I 2025-04-03 21:11:01,990] Trial 40 finished with value: 6.77744 and parameters: {'dim': 64, 'depth': 2, 'heads': 8, 'weight_decay': -3, 'learning_rate': -3, 'dropout': 0.3}. Best is trial 4 with value: 7.434220000000001.
[I 2025-04-03 21:12:58,343] Trial 41 finished with value: 6.9381200000000005 and parameters: {'dim': 32, 'depth': 3, 'heads': 8, 'weight_decay': -2, 'learning_rate': -3, 'dropout': 0.1}. Best is trial 4 with value: 7.434220000000001.
[I 2025-04-03 21:14:43,232] Trial 42 finished with value: 6.852259999999999 and parameters: {'dim': 32, 'depth': 3, 'heads': 8, 'weight_decay': -2, 'learning_rate': -3, 'dropout': 0.1}. Best is trial 4 with value: 7.434220000000001.
[I 2025-04-03 21:16:48,555] Trial 43 finished with value: 6.86636 and parameters: {'dim': 32, 'depth': 3, 'heads': 8, 'weight_decay': -2, 'learning_rate': -3, 'dropout': 0.2}. Best is trial 4 with value: 7.434220000000001.
[I 2025-04-03 21:18:28,132] Trial 44 finished with value: 6.41606 and parameters: {'dim': 32, 'depth': 3, 'heads': 8, 'weight_decay': -1, 'learning_rate': -3, 'dropout': 0.1}. Best is trial 4 with value: 7.434220000000001.
[I 2025-04-03 21:20:11,975] Trial 45 finished with value: 6.931839999999999 and parameters: {'dim': 32, 'depth': 1, 'heads': 8, 'weight_decay': -3, 'learning_rate': -3, 'dropout': 0.1}. Best is trial 4 with value: 7.434220000000001.
[I 2025-04-03 21:22:22,257] Trial 46 finished with value: 4.151999999999999 and parameters: {'dim': 32, 'depth': 3, 'heads': 8, 'weight_decay': -4, 'learning_rate': -5, 'dropout': 0.3}. Best is trial 4 with value: 7.434220000000001.
[I 2025-04-03 21:24:11,566] Trial 47 finished with value: 6.58102 and parameters: {'dim': 32, 'depth': 1, 'heads': 2, 'weight_decay': -2, 'learning_rate': -3, 'dropout': 0}. Best is trial 4 with value: 7.434220000000001.
[I 2025-04-03 21:26:55,809] Trial 48 finished with value: 4.07554 and parameters: {'dim': 128, 'depth': 6, 'heads': 4, 'weight_decay': -5, 'learning_rate': -4, 'dropout': 0.3}. Best is trial 4 with value: 7.434220000000001.
[I 2025-04-03 21:29:13,047] Trial 49 finished with value: 6.9736199999999995 and parameters: {'dim': 32, 'depth': 12, 'heads': 8, 'weight_decay': -1, 'learning_rate': -3, 'dropout': 0.5}. Best is trial 4 with value: 7.434220000000001.
[I 2025-04-03 21:31:24,090] A new study created in RDB with name: TabTransformer_Sensory
[I 2025-04-03 21:33:16,313] Trial 0 finished with value: 1.79408 and parameters: {'dim': 64, 'depth': 1, 'heads': 2, 'weight_decay': -2, 'learning_rate': -5, 'dropout': 0}. Best is trial 0 with value: 1.79408.
[I 2025-04-03 21:35:26,605] Trial 1 finished with value: 1.7849 and parameters: {'dim': 256, 'depth': 1, 'heads': 4, 'weight_decay': -1, 'learning_rate': -5, 'dropout': 0.5}. Best is trial 0 with value: 1.79408.
[I 2025-04-03 21:37:37,600] Trial 2 finished with value: 1.7890599999999999 and parameters: {'dim': 128, 'depth': 3, 'heads': 8, 'weight_decay': -5, 'learning_rate': -4, 'dropout': 0.1}. Best is trial 0 with value: 1.79408.
[I 2025-04-03 21:39:30,075] Trial 3 finished with value: 1.7803999999999998 and parameters: {'dim': 32, 'depth': 3, 'heads': 4, 'weight_decay': -5, 'learning_rate': -4, 'dropout': 0.5}. Best is trial 0 with value: 1.79408.
[I 2025-04-03 21:41:42,831] Trial 4 finished with value: 1.7712600000000003 and parameters: {'dim': 256, 'depth': 1, 'heads': 4, 'weight_decay': -2, 'learning_rate': -4, 'dropout': 0.3}. Best is trial 0 with value: 1.79408.
[I 2025-04-03 21:43:39,137] Trial 5 finished with value: 1.82212 and parameters: {'dim': 32, 'depth': 6, 'heads': 8, 'weight_decay': -6, 'learning_rate': -5, 'dropout': 0.1}. Best is trial 5 with value: 1.82212.
[I 2025-04-03 21:45:24,664] Trial 6 finished with value: 2.5591800000000005 and parameters: {'dim': 128, 'depth': 2, 'heads': 8, 'weight_decay': -4, 'learning_rate': -3, 'dropout': 0.4}. Best is trial 6 with value: 2.5591800000000005.
[I 2025-04-03 21:47:22,856] Trial 7 finished with value: 1.79894 and parameters: {'dim': 64, 'depth': 2, 'heads': 8, 'weight_decay': -1, 'learning_rate': -6, 'dropout': 0.2}. Best is trial 6 with value: 2.5591800000000005.
[I 2025-04-03 21:49:27,050] Trial 8 finished with value: 1.8053599999999999 and parameters: {'dim': 64, 'depth': 6, 'heads': 4, 'weight_decay': -4, 'learning_rate': -5, 'dropout': 0.1}. Best is trial 6 with value: 2.5591800000000005.
[I 2025-04-03 21:51:36,480] Trial 9 finished with value: 1.8044999999999998 and parameters: {'dim': 128, 'depth': 3, 'heads': 4, 'weight_decay': -6, 'learning_rate': -5, 'dropout': 0.5}. Best is trial 6 with value: 2.5591800000000005.
[I 2025-04-03 21:53:07,991] Trial 10 finished with value: 2.3143599999999998 and parameters: {'dim': 128, 'depth': 2, 'heads': 2, 'weight_decay': -3, 'learning_rate': -3, 'dropout': 0.4}. Best is trial 6 with value: 2.5591800000000005.
[I 2025-04-03 21:54:47,000] Trial 11 finished with value: 2.5543199999999997 and parameters: {'dim': 128, 'depth': 2, 'heads': 2, 'weight_decay': -3, 'learning_rate': -3, 'dropout': 0.4}. Best is trial 6 with value: 2.5591800000000005.
[I 2025-04-03 21:57:09,461] Trial 12 finished with value: 2.6368799999999997 and parameters: {'dim': 128, 'depth': 12, 'heads': 2, 'weight_decay': -3, 'learning_rate': -3, 'dropout': 0.4}. Best is trial 12 with value: 2.6368799999999997.
[I 2025-04-03 21:59:20,036] Trial 13 finished with value: 2.36894 and parameters: {'dim': 128, 'depth': 12, 'heads': 2, 'weight_decay': -4, 'learning_rate': -3, 'dropout': 0.4}. Best is trial 12 with value: 2.6368799999999997.
[I 2025-04-03 22:01:35,362] Trial 14 finished with value: 2.4317800000000003 and parameters: {'dim': 128, 'depth': 12, 'heads': 8, 'weight_decay': -4, 'learning_rate': -3, 'dropout': 0.4}. Best is trial 12 with value: 2.6368799999999997.
[I 2025-04-03 22:03:31,523] Trial 15 finished with value: 2.0800199999999998 and parameters: {'dim': 128, 'depth': 12, 'heads': 2, 'weight_decay': -3, 'learning_rate': -3, 'dropout': 0.4}. Best is trial 12 with value: 2.6368799999999997.
[I 2025-04-03 22:06:44,716] Trial 16 finished with value: 1.7564 and parameters: {'dim': 128, 'depth': 12, 'heads': 8, 'weight_decay': -5, 'learning_rate': -4, 'dropout': 0.3}. Best is trial 12 with value: 2.6368799999999997.
[I 2025-04-03 22:08:37,786] Trial 17 finished with value: 1.77164 and parameters: {'dim': 32, 'depth': 2, 'heads': 2, 'weight_decay': -2, 'learning_rate': -6, 'dropout': 0.2}. Best is trial 12 with value: 2.6368799999999997.
[I 2025-04-03 22:12:26,269] Trial 18 finished with value: 2.3047 and parameters: {'dim': 256, 'depth': 12, 'heads': 8, 'weight_decay': -3, 'learning_rate': -3, 'dropout': 0}. Best is trial 12 with value: 2.6368799999999997.
[I 2025-04-03 22:14:33,146] Trial 19 finished with value: 1.78524 and parameters: {'dim': 128, 'depth': 2, 'heads': 2, 'weight_decay': -4, 'learning_rate': -4, 'dropout': 0.4}. Best is trial 12 with value: 2.6368799999999997.
[I 2025-04-03 22:16:42,654] Trial 20 finished with value: 2.36422 and parameters: {'dim': 128, 'depth': 6, 'heads': 8, 'weight_decay': -5, 'learning_rate': -3, 'dropout': 0.4}. Best is trial 12 with value: 2.6368799999999997.
[I 2025-04-03 22:18:06,430] Trial 21 finished with value: 2.16796 and parameters: {'dim': 128, 'depth': 2, 'heads': 2, 'weight_decay': -3, 'learning_rate': -3, 'dropout': 0.4}. Best is trial 12 with value: 2.6368799999999997.
[I 2025-04-03 22:19:36,273] Trial 22 finished with value: 2.10102 and parameters: {'dim': 128, 'depth': 2, 'heads': 2, 'weight_decay': -2, 'learning_rate': -3, 'dropout': 0.4}. Best is trial 12 with value: 2.6368799999999997.
[I 2025-04-03 22:21:42,776] Trial 23 finished with value: 1.784 and parameters: {'dim': 128, 'depth': 2, 'heads': 2, 'weight_decay': -3, 'learning_rate': -4, 'dropout': 0.4}. Best is trial 12 with value: 2.6368799999999997.
[I 2025-04-03 22:23:36,898] Trial 24 finished with value: 2.7593199999999998 and parameters: {'dim': 128, 'depth': 2, 'heads': 2, 'weight_decay': -4, 'learning_rate': -3, 'dropout': 0.4}. Best is trial 24 with value: 2.7593199999999998.
[I 2025-04-03 22:25:36,434] Trial 25 finished with value: 2.1447200000000004 and parameters: {'dim': 128, 'depth': 12, 'heads': 2, 'weight_decay': -4, 'learning_rate': -3, 'dropout': 0.4}. Best is trial 24 with value: 2.7593199999999998.
[I 2025-04-03 22:28:15,949] Trial 26 finished with value: 1.7538799999999999 and parameters: {'dim': 256, 'depth': 2, 'heads': 8, 'weight_decay': -4, 'learning_rate': -4, 'dropout': 0.2}. Best is trial 24 with value: 2.7593199999999998.
[I 2025-04-03 22:29:43,655] Trial 27 finished with value: 2.24946 and parameters: {'dim': 32, 'depth': 2, 'heads': 2, 'weight_decay': -5, 'learning_rate': -3, 'dropout': 0.3}. Best is trial 24 with value: 2.7593199999999998.
[I 2025-04-03 22:32:00,765] Trial 28 finished with value: 1.74274 and parameters: {'dim': 64, 'depth': 12, 'heads': 2, 'weight_decay': -4, 'learning_rate': -4, 'dropout': 0}. Best is trial 24 with value: 2.7593199999999998.
[I 2025-04-03 22:33:37,010] Trial 29 finished with value: 2.3155200000000002 and parameters: {'dim': 64, 'depth': 1, 'heads': 8, 'weight_decay': -2, 'learning_rate': -3, 'dropout': 0}. Best is trial 24 with value: 2.7593199999999998.
[I 2025-04-03 22:35:10,456] Trial 30 finished with value: 2.1578 and parameters: {'dim': 128, 'depth': 3, 'heads': 2, 'weight_decay': -3, 'learning_rate': -3, 'dropout': 0.4}. Best is trial 24 with value: 2.7593199999999998.
[I 2025-04-03 22:36:55,971] Trial 31 finished with value: 2.39522 and parameters: {'dim': 128, 'depth': 2, 'heads': 2, 'weight_decay': -3, 'learning_rate': -3, 'dropout': 0.4}. Best is trial 24 with value: 2.7593199999999998.
[I 2025-04-03 22:38:32,061] Trial 32 finished with value: 2.17898 and parameters: {'dim': 128, 'depth': 2, 'heads': 2, 'weight_decay': -2, 'learning_rate': -3, 'dropout': 0.4}. Best is trial 24 with value: 2.7593199999999998.
[I 2025-04-03 22:40:24,999] Trial 33 finished with value: 2.57932 and parameters: {'dim': 128, 'depth': 2, 'heads': 2, 'weight_decay': -4, 'learning_rate': -3, 'dropout': 0.4}. Best is trial 24 with value: 2.7593199999999998.
[I 2025-04-03 22:42:24,144] Trial 34 finished with value: 1.74238 and parameters: {'dim': 128, 'depth': 1, 'heads': 2, 'weight_decay': -5, 'learning_rate': -4, 'dropout': 0.5}. Best is trial 24 with value: 2.7593199999999998.
[I 2025-04-03 22:44:06,482] Trial 35 finished with value: 2.1031199999999997 and parameters: {'dim': 256, 'depth': 2, 'heads': 4, 'weight_decay': -4, 'learning_rate': -3, 'dropout': 0.4}. Best is trial 24 with value: 2.7593199999999998.
[I 2025-04-03 22:46:34,937] Trial 36 finished with value: 1.7687000000000002 and parameters: {'dim': 128, 'depth': 6, 'heads': 2, 'weight_decay': -5, 'learning_rate': -4, 'dropout': 0.1}. Best is trial 24 with value: 2.7593199999999998.
[I 2025-04-03 22:48:07,059] Trial 37 finished with value: 2.34382 and parameters: {'dim': 32, 'depth': 3, 'heads': 8, 'weight_decay': -1, 'learning_rate': -3, 'dropout': 0.4}. Best is trial 24 with value: 2.7593199999999998.
[I 2025-04-03 22:50:06,693] Trial 38 finished with value: 1.7819399999999999 and parameters: {'dim': 128, 'depth': 1, 'heads': 4, 'weight_decay': -4, 'learning_rate': -4, 'dropout': 0.3}. Best is trial 24 with value: 2.7593199999999998.
[I 2025-04-03 22:52:05,498] Trial 39 finished with value: 1.8308399999999998 and parameters: {'dim': 64, 'depth': 2, 'heads': 8, 'weight_decay': -5, 'learning_rate': -6, 'dropout': 0.5}. Best is trial 24 with value: 2.7593199999999998.
[I 2025-04-03 22:54:41,732] Trial 40 finished with value: 1.8154200000000003 and parameters: {'dim': 256, 'depth': 2, 'heads': 4, 'weight_decay': -4, 'learning_rate': -5, 'dropout': 0.1}. Best is trial 24 with value: 2.7593199999999998.
[I 2025-04-03 22:56:26,207] Trial 41 finished with value: 2.47966 and parameters: {'dim': 128, 'depth': 2, 'heads': 2, 'weight_decay': -3, 'learning_rate': -3, 'dropout': 0.4}. Best is trial 24 with value: 2.7593199999999998.
[I 2025-04-03 22:57:47,479] Trial 42 finished with value: 2.0701600000000004 and parameters: {'dim': 128, 'depth': 2, 'heads': 2, 'weight_decay': -3, 'learning_rate': -3, 'dropout': 0.4}. Best is trial 24 with value: 2.7593199999999998.
[I 2025-04-03 22:59:32,703] Trial 43 finished with value: 2.54434 and parameters: {'dim': 128, 'depth': 2, 'heads': 2, 'weight_decay': -4, 'learning_rate': -3, 'dropout': 0.4}. Best is trial 24 with value: 2.7593199999999998.
[I 2025-04-03 23:01:02,798] Trial 44 finished with value: 2.17028 and parameters: {'dim': 128, 'depth': 2, 'heads': 2, 'weight_decay': -3, 'learning_rate': -3, 'dropout': 0.4}. Best is trial 24 with value: 2.7593199999999998.
[I 2025-04-03 23:03:35,241] Trial 45 finished with value: 2.4882999999999997 and parameters: {'dim': 128, 'depth': 12, 'heads': 2, 'weight_decay': -6, 'learning_rate': -3, 'dropout': 0.2}. Best is trial 24 with value: 2.7593199999999998.
[I 2025-04-03 23:05:15,541] Trial 46 finished with value: 2.1649000000000003 and parameters: {'dim': 128, 'depth': 6, 'heads': 2, 'weight_decay': -4, 'learning_rate': -3, 'dropout': 0.4}. Best is trial 24 with value: 2.7593199999999998.
[I 2025-04-03 23:06:53,590] Trial 47 finished with value: 2.38302 and parameters: {'dim': 32, 'depth': 3, 'heads': 8, 'weight_decay': -3, 'learning_rate': -3, 'dropout': 0.4}. Best is trial 24 with value: 2.7593199999999998.
[I 2025-04-03 23:09:00,812] Trial 48 finished with value: 1.78602 and parameters: {'dim': 128, 'depth': 2, 'heads': 2, 'weight_decay': -4, 'learning_rate': -4, 'dropout': 0.5}. Best is trial 24 with value: 2.7593199999999998.
[I 2025-04-03 23:11:26,003] Trial 49 finished with value: 2.4474600000000004 and parameters: {'dim': 128, 'depth': 12, 'heads': 4, 'weight_decay': -3, 'learning_rate': -3, 'dropout': 0.1}. Best is trial 24 with value: 2.7593199999999998.
[I 2025-04-03 23:13:14,974] A new study created in RDB with name: TabTransformer_Moneyball
[I 2025-04-03 23:17:04,822] Trial 0 finished with value: 1.5256 and parameters: {'dim': 256, 'depth': 12, 'heads': 4, 'weight_decay': -2, 'learning_rate': -4, 'dropout': 0.4}. Best is trial 0 with value: 1.5256.
[I 2025-04-03 23:19:34,340] Trial 1 finished with value: 2.0735 and parameters: {'dim': 128, 'depth': 6, 'heads': 2, 'weight_decay': -2, 'learning_rate': -5, 'dropout': 0.1}. Best is trial 1 with value: 2.0735.
[I 2025-04-03 23:21:58,683] Trial 2 finished with value: 2.09114 and parameters: {'dim': 256, 'depth': 1, 'heads': 2, 'weight_decay': -3, 'learning_rate': -6, 'dropout': 0.1}. Best is trial 2 with value: 2.09114.
[I 2025-04-03 23:24:15,399] Trial 3 finished with value: 1.45102 and parameters: {'dim': 32, 'depth': 3, 'heads': 2, 'weight_decay': -6, 'learning_rate': -4, 'dropout': 0}. Best is trial 2 with value: 2.09114.
[I 2025-04-03 23:26:32,370] Trial 4 finished with value: 1.55554 and parameters: {'dim': 32, 'depth': 2, 'heads': 4, 'weight_decay': -6, 'learning_rate': -4, 'dropout': 0}. Best is trial 2 with value: 2.09114.
[I 2025-04-03 23:28:48,223] Trial 5 finished with value: 1.49448 and parameters: {'dim': 32, 'depth': 1, 'heads': 2, 'weight_decay': -2, 'learning_rate': -4, 'dropout': 0}. Best is trial 2 with value: 2.09114.
[I 2025-04-03 23:31:04,731] Trial 6 finished with value: 2.0875 and parameters: {'dim': 32, 'depth': 1, 'heads': 8, 'weight_decay': -4, 'learning_rate': -6, 'dropout': 0.4}. Best is trial 2 with value: 2.09114.
[I 2025-04-03 23:33:54,800] Trial 7 finished with value: 1.5750800000000003 and parameters: {'dim': 128, 'depth': 12, 'heads': 8, 'weight_decay': -5, 'learning_rate': -4, 'dropout': 0.3}. Best is trial 2 with value: 2.09114.
[I 2025-04-03 23:36:12,767] Trial 8 finished with value: 2.09636 and parameters: {'dim': 32, 'depth': 6, 'heads': 2, 'weight_decay': -6, 'learning_rate': -6, 'dropout': 0.2}. Best is trial 8 with value: 2.09636.
[I 2025-04-03 23:38:34,262] Trial 9 finished with value: 2.12678 and parameters: {'dim': 128, 'depth': 12, 'heads': 8, 'weight_decay': -4, 'learning_rate': -3, 'dropout': 0.1}. Best is trial 9 with value: 2.12678.
[I 2025-04-03 23:40:47,948] Trial 10 finished with value: 1.5467 and parameters: {'dim': 64, 'depth': 12, 'heads': 8, 'weight_decay': -4, 'learning_rate': -3, 'dropout': 0.5}. Best is trial 9 with value: 2.12678.
[I 2025-04-03 23:42:57,436] Trial 11 finished with value: 1.85994 and parameters: {'dim': 128, 'depth': 6, 'heads': 8, 'weight_decay': -5, 'learning_rate': -3, 'dropout': 0.2}. Best is trial 9 with value: 2.12678.
[I 2025-04-03 23:45:20,672] Trial 12 finished with value: 2.0603799999999994 and parameters: {'dim': 64, 'depth': 6, 'heads': 8, 'weight_decay': -5, 'learning_rate': -5, 'dropout': 0.2}. Best is trial 9 with value: 2.12678.
[I 2025-04-03 23:47:43,580] Trial 13 finished with value: 2.09482 and parameters: {'dim': 128, 'depth': 3, 'heads': 2, 'weight_decay': -1, 'learning_rate': -6, 'dropout': 0.2}. Best is trial 9 with value: 2.12678.
[I 2025-04-03 23:49:59,443] Trial 14 finished with value: 2.06886 and parameters: {'dim': 32, 'depth': 2, 'heads': 4, 'weight_decay': -6, 'learning_rate': -5, 'dropout': 0.1}. Best is trial 9 with value: 2.12678.
[I 2025-04-03 23:52:15,051] Trial 15 finished with value: 2.14562 and parameters: {'dim': 128, 'depth': 12, 'heads': 2, 'weight_decay': -3, 'learning_rate': -3, 'dropout': 0.5}. Best is trial 15 with value: 2.14562.
[I 2025-04-03 23:54:46,613] Trial 16 finished with value: 1.9485400000000002 and parameters: {'dim': 128, 'depth': 12, 'heads': 8, 'weight_decay': -3, 'learning_rate': -3, 'dropout': 0.5}. Best is trial 15 with value: 2.14562.
[I 2025-04-03 23:57:09,555] Trial 17 finished with value: 1.4975600000000002 and parameters: {'dim': 128, 'depth': 12, 'heads': 8, 'weight_decay': -3, 'learning_rate': -3, 'dropout': 0.5}. Best is trial 15 with value: 2.14562.
[I 2025-04-03 23:59:15,877] Trial 18 finished with value: 1.88154 and parameters: {'dim': 128, 'depth': 12, 'heads': 2, 'weight_decay': -4, 'learning_rate': -3, 'dropout': 0.3}. Best is trial 15 with value: 2.14562.
[I 2025-04-04 00:01:40,413] Trial 19 finished with value: 2.2431 and parameters: {'dim': 128, 'depth': 12, 'heads': 4, 'weight_decay': -3, 'learning_rate': -3, 'dropout': 0.5}. Best is trial 19 with value: 2.2431.
[I 2025-04-04 00:04:51,062] Trial 20 finished with value: 1.42972 and parameters: {'dim': 256, 'depth': 12, 'heads': 4, 'weight_decay': -1, 'learning_rate': -3, 'dropout': 0.5}. Best is trial 19 with value: 2.2431.
[I 2025-04-04 00:07:16,678] Trial 21 finished with value: 1.97588 and parameters: {'dim': 128, 'depth': 12, 'heads': 4, 'weight_decay': -3, 'learning_rate': -3, 'dropout': 0.5}. Best is trial 19 with value: 2.2431.
[I 2025-04-04 00:09:39,315] Trial 22 finished with value: 1.82926 and parameters: {'dim': 128, 'depth': 12, 'heads': 4, 'weight_decay': -4, 'learning_rate': -3, 'dropout': 0.1}. Best is trial 19 with value: 2.2431.
[I 2025-04-04 00:12:27,084] Trial 23 finished with value: 1.4306999999999999 and parameters: {'dim': 128, 'depth': 12, 'heads': 4, 'weight_decay': -2, 'learning_rate': -4, 'dropout': 0.5}. Best is trial 19 with value: 2.2431.
[I 2025-04-04 00:14:41,915] Trial 24 finished with value: 1.7105599999999999 and parameters: {'dim': 64, 'depth': 12, 'heads': 4, 'weight_decay': -3, 'learning_rate': -3, 'dropout': 0.5}. Best is trial 19 with value: 2.2431.
[I 2025-04-04 00:16:50,714] Trial 25 finished with value: 1.89892 and parameters: {'dim': 128, 'depth': 2, 'heads': 2, 'weight_decay': -4, 'learning_rate': -3, 'dropout': 0.1}. Best is trial 19 with value: 2.2431.
[I 2025-04-04 00:19:16,723] Trial 26 finished with value: 1.49226 and parameters: {'dim': 128, 'depth': 3, 'heads': 8, 'weight_decay': -5, 'learning_rate': -4, 'dropout': 0.5}. Best is trial 19 with value: 2.2431.
[I 2025-04-04 00:21:44,438] Trial 27 finished with value: 1.60732 and parameters: {'dim': 128, 'depth': 12, 'heads': 4, 'weight_decay': -3, 'learning_rate': -3, 'dropout': 0.3}. Best is trial 19 with value: 2.2431.
[I 2025-04-04 00:24:29,685] Trial 28 finished with value: 1.5299 and parameters: {'dim': 128, 'depth': 12, 'heads': 2, 'weight_decay': -2, 'learning_rate': -4, 'dropout': 0.4}. Best is trial 19 with value: 2.2431.
[I 2025-04-04 00:26:51,398] Trial 29 finished with value: 1.6598199999999999 and parameters: {'dim': 64, 'depth': 12, 'heads': 8, 'weight_decay': -4, 'learning_rate': -3, 'dropout': 0.4}. Best is trial 19 with value: 2.2431.
[I 2025-04-04 00:30:42,625] Trial 30 finished with value: 1.58156 and parameters: {'dim': 256, 'depth': 12, 'heads': 4, 'weight_decay': -3, 'learning_rate': -4, 'dropout': 0.1}. Best is trial 19 with value: 2.2431.
[I 2025-04-04 00:33:05,233] Trial 31 finished with value: 2.0862399999999997 and parameters: {'dim': 32, 'depth': 6, 'heads': 2, 'weight_decay': -5, 'learning_rate': -5, 'dropout': 0.2}. Best is trial 19 with value: 2.2431.
[I 2025-04-04 00:35:27,749] Trial 32 finished with value: 2.0942999999999996 and parameters: {'dim': 32, 'depth': 6, 'heads': 2, 'weight_decay': -2, 'learning_rate': -6, 'dropout': 0.2}. Best is trial 19 with value: 2.2431.
[I 2025-04-04 00:38:33,097] Trial 33 finished with value: 2.0680400000000003 and parameters: {'dim': 256, 'depth': 6, 'heads': 2, 'weight_decay': -6, 'learning_rate': -5, 'dropout': 0.2}. Best is trial 19 with value: 2.2431.
[I 2025-04-04 00:41:06,244] Trial 34 finished with value: 2.08204 and parameters: {'dim': 128, 'depth': 6, 'heads': 2, 'weight_decay': -3, 'learning_rate': -6, 'dropout': 0.1}. Best is trial 19 with value: 2.2431.
[I 2025-04-04 00:43:25,750] Trial 35 finished with value: 1.6122600000000002 and parameters: {'dim': 32, 'depth': 1, 'heads': 2, 'weight_decay': -1, 'learning_rate': -3, 'dropout': 0.5}. Best is trial 19 with value: 2.2431.
[I 2025-04-04 00:45:51,309] Trial 36 finished with value: 1.7647 and parameters: {'dim': 128, 'depth': 3, 'heads': 2, 'weight_decay': -2, 'learning_rate': -4, 'dropout': 0}. Best is trial 19 with value: 2.2431.
[I 2025-04-04 00:48:10,985] Trial 37 finished with value: 1.5057200000000002 and parameters: {'dim': 32, 'depth': 2, 'heads': 2, 'weight_decay': -6, 'learning_rate': -4, 'dropout': 0.1}. Best is trial 19 with value: 2.2431.
[I 2025-04-04 00:50:39,412] Trial 38 finished with value: 2.0652 and parameters: {'dim': 256, 'depth': 1, 'heads': 2, 'weight_decay': -4, 'learning_rate': -5, 'dropout': 0}. Best is trial 19 with value: 2.2431.
[I 2025-04-04 00:53:01,843] Trial 39 finished with value: 2.10342 and parameters: {'dim': 32, 'depth': 6, 'heads': 8, 'weight_decay': -5, 'learning_rate': -6, 'dropout': 0.5}. Best is trial 19 with value: 2.2431.
[I 2025-04-04 00:55:22,527] Trial 40 finished with value: 1.50056 and parameters: {'dim': 128, 'depth': 12, 'heads': 8, 'weight_decay': -5, 'learning_rate': -3, 'dropout': 0.5}. Best is trial 19 with value: 2.2431.
[I 2025-04-04 00:57:45,399] Trial 41 finished with value: 2.0987599999999995 and parameters: {'dim': 32, 'depth': 6, 'heads': 8, 'weight_decay': -6, 'learning_rate': -6, 'dropout': 0.5}. Best is trial 19 with value: 2.2431.
[I 2025-04-04 01:00:07,823] Trial 42 finished with value: 2.08874 and parameters: {'dim': 32, 'depth': 6, 'heads': 8, 'weight_decay': -5, 'learning_rate': -6, 'dropout': 0.5}. Best is trial 19 with value: 2.2431.
[I 2025-04-04 01:02:31,141] Trial 43 finished with value: 2.1028200000000004 and parameters: {'dim': 32, 'depth': 6, 'heads': 8, 'weight_decay': -6, 'learning_rate': -6, 'dropout': 0.5}. Best is trial 19 with value: 2.2431.
[I 2025-04-04 01:04:54,061] Trial 44 finished with value: 2.1048 and parameters: {'dim': 32, 'depth': 6, 'heads': 8, 'weight_decay': -4, 'learning_rate': -6, 'dropout': 0.5}. Best is trial 19 with value: 2.2431.
[I 2025-04-04 01:07:16,737] Trial 45 finished with value: 2.0547 and parameters: {'dim': 32, 'depth': 6, 'heads': 8, 'weight_decay': -4, 'learning_rate': -5, 'dropout': 0.5}. Best is trial 19 with value: 2.2431.
[I 2025-04-04 01:09:39,103] Trial 46 finished with value: 2.0952399999999995 and parameters: {'dim': 64, 'depth': 3, 'heads': 8, 'weight_decay': -4, 'learning_rate': -6, 'dropout': 0.5}. Best is trial 19 with value: 2.2431.
[I 2025-04-04 01:11:59,567] Trial 47 finished with value: 2.08476 and parameters: {'dim': 32, 'depth': 1, 'heads': 8, 'weight_decay': -4, 'learning_rate': -6, 'dropout': 0.4}. Best is trial 19 with value: 2.2431.
[I 2025-04-04 01:14:34,659] Trial 48 finished with value: 2.0725000000000002 and parameters: {'dim': 128, 'depth': 6, 'heads': 8, 'weight_decay': -3, 'learning_rate': -5, 'dropout': 0.3}. Best is trial 19 with value: 2.2431.
[I 2025-04-04 01:16:40,562] Trial 49 finished with value: 1.49196 and parameters: {'dim': 32, 'depth': 2, 'heads': 8, 'weight_decay': -5, 'learning_rate': -3, 'dropout': 0.5}. Best is trial 19 with value: 2.2431.
