Traceback (most recent call last):
  File "train.py", line 402, in <module>
    main_once(arguments)
  File "train.py", line 382, in main_once
    model = model_name(parameters, args)
  File "/home/mburu/Master_Thesis/master-thesis-da/DNN_Trial/models/tabnet.py", line 53, in __init__
    self.params["n_a"] = self.params["n_d"]
TypeError: string indices must be integers
srun: error: stud-000: task 0: Exited with exit code 1
../aten/src/ATen/native/cuda/Indexing.cu:1292: indexSelectLargeIndex: block: [0,0,0], thread: [5,0,0] Assertion `srcIndex < srcSelectDimSize` failed.
../aten/src/ATen/native/cuda/Indexing.cu:1292: indexSelectLargeIndex: block: [0,0,0], thread: [105,0,0] Assertion `srcIndex < srcSelectDimSize` failed.
Traceback (most recent call last):
  File "train.py", line 402, in <module>
    main_once(arguments)
  File "train.py", line 386, in main_once
    sc, time = cross_validation(model, X, y, args, visual=True, save_model=True)
  File "train.py", line 228, in cross_validation
    loss_history, val_loss_history = curr_model.fit(X_train, y_train, X_test, y_test)  # X_val, y_val)
  File "/home/mburu/Master_Thesis/master-thesis-da/DNN_Trial/models/tabnet.py", line 84, in fit
    self.model.fit(X, y, eval_set=[(X_val, y_val)], eval_name=["eval"], eval_metric=self.metric,
  File "/home/mburu/.local/lib/python3.8/site-packages/pytorch_tabnet/abstract_model.py", line 258, in fit
    self._train_epoch(train_dataloader)
  File "/home/mburu/.local/lib/python3.8/site-packages/pytorch_tabnet/abstract_model.py", line 489, in _train_epoch
    batch_logs = self._train_batch(X, y)
  File "/home/mburu/.local/lib/python3.8/site-packages/pytorch_tabnet/abstract_model.py", line 527, in _train_batch
    output, M_loss = self.network(X)
  File "/home/mburu/anaconda3/envs/TabSurvey/lib/python3.8/site-packages/torch/nn/modules/module.py", line 1518, in _wrapped_call_impl
    return self._call_impl(*args, **kwargs)
  File "/home/mburu/anaconda3/envs/TabSurvey/lib/python3.8/site-packages/torch/nn/modules/module.py", line 1527, in _call_impl
    return forward_call(*args, **kwargs)
  File "/home/mburu/.local/lib/python3.8/site-packages/pytorch_tabnet/tab_network.py", line 615, in forward
    x = self.embedder(x)
  File "/home/mburu/anaconda3/envs/TabSurvey/lib/python3.8/site-packages/torch/nn/modules/module.py", line 1518, in _wrapped_call_impl
    return self._call_impl(*args, **kwargs)
  File "/home/mburu/anaconda3/envs/TabSurvey/lib/python3.8/site-packages/torch/nn/modules/module.py", line 1527, in _call_impl
    return forward_call(*args, **kwargs)
  File "/home/mburu/.local/lib/python3.8/site-packages/pytorch_tabnet/tab_network.py", line 894, in forward
    post_embeddings = torch.cat(cols, dim=1)
RuntimeError: CUDA error: device-side assert triggered
CUDA kernel errors might be asynchronously reported at some other API call, so the stacktrace below might be incorrect.
For debugging consider passing CUDA_LAUNCH_BLOCKING=1.
Compile with `TORCH_USE_CUDA_DSA` to enable device-side assertions.

srun: error: stud-000: task 0: Exited with exit code 1
Traceback (most recent call last):
  File "train.py", line 402, in <module>
    main_once(arguments)
  File "train.py", line 386, in main_once
    sc, time = cross_validation(model, X, y, args, visual=True, save_model=True)
  File "train.py", line 228, in cross_validation
    loss_history, val_loss_history = curr_model.fit(X_train, y_train, X_test, y_test)  # X_val, y_val)
  File "/home/mburu/Master_Thesis/master-thesis-da/DNN_Trial/models/tabnet.py", line 84, in fit
    self.model.fit(X, y, eval_set=[(X_val, y_val)], eval_name=["eval"], eval_metric=self.metric,
  File "/home/mburu/.local/lib/python3.8/site-packages/pytorch_tabnet/abstract_model.py", line 240, in fit
    self._set_network()
  File "/home/mburu/.local/lib/python3.8/site-packages/pytorch_tabnet/abstract_model.py", line 605, in _set_network
    self.network = tab_network.TabNet(
  File "/home/mburu/.local/lib/python3.8/site-packages/pytorch_tabnet/tab_network.py", line 598, in __init__
    self.tabnet = TabNetNoEmbeddings(
  File "/home/mburu/.local/lib/python3.8/site-packages/pytorch_tabnet/tab_network.py", line 464, in __init__
    self.encoder = TabNetEncoder(
  File "/home/mburu/.local/lib/python3.8/site-packages/pytorch_tabnet/tab_network.py", line 119, in __init__
    Linear(self.input_dim, 2 * (n_d + n_a), bias=False)
  File "/home/mburu/anaconda3/envs/TabSurvey/lib/python3.8/site-packages/torch/nn/modules/linear.py", line 96, in __init__
    self.weight = Parameter(torch.empty((out_features, in_features), **factory_kwargs))
TypeError: empty() received an invalid combination of arguments - got (tuple, dtype=NoneType, device=NoneType), but expected one of:
 * (tuple of ints size, *, tuple of names names, torch.memory_format memory_format, torch.dtype dtype, torch.layout layout, torch.device device, bool pin_memory, bool requires_grad)
 * (tuple of ints size, *, torch.memory_format memory_format, Tensor out, torch.dtype dtype, torch.layout layout, torch.device device, bool pin_memory, bool requires_grad)

srun: error: stud-000: task 0: Exited with exit code 1
