

----------------------------------------------------------------------------
Training VIME Vesion 1 with Dataset: config/black_friday.yml 



----------------------------------------------------------------------------
Namespace(batch_size=32, bin_alt=None, cat_dims=[2], cat_idx=[0], config='config/black_friday.yml', data_parallel=False, dataset='Black_Friday', direction='minimize', dropna_idx=None, early_stopping_rounds=20, epochs=100, frequency_reg=False, gpu_ids=[0, 1], logging_period=100, miss_cat_idx=None, miss_num_idx=None, model_name='NODE', n_trials=100, nominal_idx=[0, 2, 3, 4, 5, 6, 7, 8], num_bins=10, num_classes=1, num_features=9, num_idx=None, num_splits=5, objective='probabilistic_regression', one_hot_encode=True, optimize_hyperparameters=False, ordinal_encode=True, ordinal_idx=[1], scale=False, seed=221, shuffle=True, target_encode=False, use_gpu=True, val_batch_size=64, y_distribution='bimodial')
Train model with given hyperparameters
Loading dataset Black_Friday...
Dataset loaded! 

(166821, 9)
I am in Main Once
In get_device
On: cuda
On Device: cuda
Almost Cross Validating
Model Name: NODE
Fold 1
num_features : 9
num_classes : 1
cat_idx : [0]
nominal_idx : [0, 2, 3, 4, 5, 6, 7, 8]
ordinal_idx : [1]
num_idx : None
cat_dims : [2]
bin_alt : None
~~~~~~~~~~~~~~~~~~~~~~~~~~~~~~~~~~~~~~~~~~~~~~~~~~~~~~~~~~~~~~~~~~~~~~~~~~~~~~~
BEFORE ANY ENCODING
num_features :9
num_classes : 1
cat_idx : [0]
nominal_idx : [0, 2, 3, 4, 5, 6, 7, 8]
ordinal_idx : [1]
num_idx : None
cat_dims : [2]
bin_alt : None 


X shape : (133456, 9)
~~~~~~~~~~~~~~~~~~~~~~~~~~~~~~~~~~~~~~~~~~~~~~~~~~~~~~~~~~~~~~~~~~~~~~~~~~~~~~~
~~~~~~~~~~~~~~~~~~~~~~~~~~~~~~~~~~~~~~~~~~~~~~~~~~~~~~~~~~~~~~~~~~~~~~~~~~~~~~~ 


AFTER SEPARATING CATEGORICALS AND NUMERICALS
Numerical Index V1 : []
Cat Dims V1 : [8]
Cat Idx V1 : [0, 1, 2, 3, 4, 5, 6, 7, 8] 
 

~~~~~~~~~~~~~~~~~~~~~~~~~~~~~~~~~~~~~~~~~~~~~~~~~~~~~~~~~~~~~~~~~~~~~~~~~~~~~~~ 


One Hot Encoding...
~~~~~~~~~~~~~~~~~~~~~~~~~~~~~~~~~~~~~~~~~~~~~~~~~~~~~~~~~~~~~~~~~~~~~~~~~~~~~~~
After OHE
Numerical Index V2 : [] 


OHE Idx : [1, 2, 3, 4, 5, 6, 7, 8, 9, 10, 11, 12, 13, 14, 15, 16, 17, 18, 19, 20, 21, 22, 23, 24, 25, 26, 27, 28, 29, 30, 31, 32, 33, 34, 35, 36, 37, 38, 39, 40, 41, 42, 43, 44, 45, 46, 47, 48, 49, 50, 51, 52, 53, 54, 55, 56, 57, 58, 59, 60, 61, 62, 63, 64, 65, 66, 67, 68, 69, 70, 71, 72, 73, 74]


Ordinal Idx V2: [0]


Cat Dims V2 : [8]
Cat Idx V2 : [0] 
 

Train: [['0-17' 1.0 0.0 0.0 0.0]
 ['26-35' 0.0 1.0 0.0 0.0]
 ['51-55' 1.0 0.0 0.0 0.0]
 ['36-45' 0.0 1.0 0.0 1.0]
 ['26-35' 0.0 1.0 0.0 0.0]
 ['26-35' 0.0 1.0 0.0 0.0]
 ['36-45' 1.0 0.0 0.0 1.0]
 ['36-45' 1.0 0.0 0.0 1.0]
 ['36-45' 1.0 0.0 0.0 1.0]
 ['36-45' 1.0 0.0 0.0 1.0]] 
 
 
Val : (133456, 75) 
 

~~~~~~~~~~~~~~~~~~~~~~~~~~~~~~~~~~~~~~~~~~~~~~~~~~~~~~~~~~~~~~~~~~~~~~~~~~~~~~~
~~~~~~~~~~~~~~~~~~~~~~~~~~~~~~~~~~~~~~~~~~~~~~~~~~~~~~~~~~~~~~~~~~~~~~~~~~~~~~~
After ORDINAL
Numerical Index V2 : [] 


OHE Idx : [1, 2, 3, 4, 5, 6, 7, 8, 9, 10, 11, 12, 13, 14, 15, 16, 17, 18, 19, 20, 21, 22, 23, 24, 25, 26, 27, 28, 29, 30, 31, 32, 33, 34, 35, 36, 37, 38, 39, 40, 41, 42, 43, 44, 45, 46, 47, 48, 49, 50, 51, 52, 53, 54, 55, 56, 57, 58, 59, 60, 61, 62, 63, 64, 65, 66, 67, 68, 69, 70, 71, 72, 73, 74]


Ordinal Idx V2: [0]


Cat Dims V2 : [8]
Cat Idx V2 : [0] 
 

Train: [[1.0 1.0 0.0 0.0 0.0 1.0 0.0 0.0 0.0 0.0 0.0 0.0 0.0 0.0 0.0 0.0 0.0 0.0
  0.0 0.0 0.0 0.0 0.0 0.0 1.0 0.0 0.0 0.0 0.0 1.0 0.0 0.0 1.0 0.0 1.0 0.0
  0.0 0.0 0.0 0.0 0.0 0.0 0.0 0.0 0.0 0.0 0.0 0.0 0.0 0.0 1.0 0.0 0.0 0.0
  0.0 0.0 0.0 0.0 0.0 0.0 0.0 0.0 0.0 0.0 0.0 0.0 0.0 0.0 0.0 0.0 1.0 0.0
  0.0 0.0 0.0]
 [3.0 0.0 1.0 0.0 0.0 0.0 0.0 0.0 0.0 0.0 0.0 0.0 0.0 0.0 0.0 0.0 1.0 0.0
  0.0 0.0 0.0 0.0 0.0 0.0 1.0 0.0 0.0 0.0 1.0 0.0 0.0 0.0 0.0 1.0 1.0 0.0
  0.0 0.0 0.0 0.0 0.0 0.0 0.0 0.0 0.0 0.0 1.0 0.0 0.0 0.0 0.0 0.0 0.0 0.0
  0.0 0.0 0.0 0.0 0.0 0.0 0.0 0.0 1.0 0.0 0.0 0.0 0.0 0.0 0.0 0.0 0.0 0.0
  0.0 0.0 0.0]
 [6.0 1.0 0.0 0.0 0.0 0.0 0.0 0.0 0.0 0.0 0.0 0.0 0.0 0.0 0.0 0.0 0.0 0.0
  0.0 0.0 0.0 0.0 0.0 1.0 1.0 0.0 0.0 0.0 1.0 0.0 0.0 0.0 1.0 0.0 0.0 0.0
  0.0 0.0 1.0 0.0 0.0 0.0 0.0 0.0 0.0 0.0 0.0 0.0 0.0 0.0 0.0 1.0 0.0 0.0
  0.0 0.0 0.0 0.0 0.0 0.0 0.0 0.0 0.0 0.0 0.0 0.0 0.0 0.0 0.0 0.0 1.0 0.0
  0.0 0.0 0.0]
 [4.0 0.0 1.0 0.0 1.0 0.0 0.0 0.0 0.0 0.0 0.0 0.0 0.0 0.0 0.0 0.0 0.0 0.0
  0.0 0.0 0.0 0.0 0.0 0.0 0.0 1.0 0.0 0.0 1.0 0.0 0.0 0.0 0.0 1.0 1.0 0.0
  0.0 0.0 0.0 0.0 0.0 0.0 0.0 0.0 0.0 0.0 0.0 0.0 0.0 0.0 0.0 0.0 0.0 0.0
  0.0 0.0 0.0 1.0 0.0 0.0 0.0 0.0 0.0 0.0 0.0 0.0 0.0 0.0 0.0 0.0 0.0 0.0
  1.0 0.0 0.0]
 [3.0 0.0 1.0 0.0 0.0 0.0 0.0 1.0 0.0 0.0 0.0 0.0 0.0 0.0 0.0 0.0 0.0 0.0
  0.0 0.0 0.0 0.0 0.0 0.0 0.0 0.0 1.0 0.0 0.0 0.0 0.0 1.0 0.0 1.0 1.0 0.0
  0.0 0.0 0.0 0.0 0.0 0.0 0.0 0.0 0.0 0.0 0.0 0.0 0.0 0.0 0.0 1.0 0.0 0.0
  0.0 0.0 0.0 0.0 0.0 0.0 0.0 0.0 0.0 0.0 0.0 0.0 0.0 0.0 0.0 0.0 1.0 0.0
  0.0 0.0 0.0]
 [3.0 0.0 1.0 0.0 0.0 0.0 0.0 0.0 0.0 0.0 0.0 0.0 1.0 0.0 0.0 0.0 0.0 0.0
  0.0 0.0 0.0 0.0 0.0 0.0 0.0 0.0 1.0 1.0 0.0 0.0 0.0 0.0 1.0 0.0 0.0 0.0
  0.0 0.0 1.0 0.0 0.0 0.0 0.0 0.0 0.0 0.0 0.0 0.0 0.0 0.0 0.0 1.0 0.0 0.0
  0.0 0.0 0.0 0.0 0.0 0.0 0.0 0.0 0.0 0.0 0.0 0.0 0.0 0.0 0.0 0.0 1.0 0.0
  0.0 0.0 0.0]
 [4.0 1.0 0.0 0.0 1.0 0.0 0.0 0.0 0.0 0.0 0.0 0.0 0.0 0.0 0.0 0.0 0.0 0.0
  0.0 0.0 0.0 0.0 0.0 0.0 0.0 1.0 0.0 0.0 0.0 0.0 0.0 1.0 0.0 1.0 0.0 1.0
  0.0 0.0 0.0 0.0 0.0 0.0 0.0 0.0 0.0 0.0 0.0 0.0 1.0 0.0 0.0 0.0 0.0 0.0
  0.0 0.0 0.0 0.0 0.0 0.0 0.0 0.0 0.0 0.0 1.0 0.0 0.0 0.0 0.0 0.0 0.0 0.0
  0.0 0.0 0.0]
 [4.0 1.0 0.0 0.0 1.0 0.0 0.0 0.0 0.0 0.0 0.0 0.0 0.0 0.0 0.0 0.0 0.0 0.0
  0.0 0.0 0.0 0.0 0.0 0.0 0.0 1.0 0.0 0.0 0.0 0.0 0.0 1.0 0.0 1.0 1.0 0.0
  0.0 0.0 0.0 0.0 0.0 0.0 0.0 0.0 0.0 0.0 0.0 0.0 0.0 0.0 0.0 0.0 0.0 0.0
  1.0 0.0 0.0 0.0 0.0 0.0 0.0 0.0 0.0 0.0 0.0 0.0 0.0 0.0 0.0 0.0 0.0 1.0
  0.0 0.0 0.0]
 [4.0 1.0 0.0 0.0 1.0 0.0 0.0 0.0 0.0 0.0 0.0 0.0 0.0 0.0 0.0 0.0 0.0 0.0
  0.0 0.0 0.0 0.0 0.0 0.0 0.0 1.0 0.0 0.0 0.0 0.0 0.0 1.0 0.0 1.0 1.0 0.0
  0.0 0.0 0.0 0.0 0.0 0.0 0.0 0.0 0.0 0.0 1.0 0.0 0.0 0.0 0.0 0.0 0.0 0.0
  0.0 0.0 0.0 0.0 0.0 0.0 0.0 0.0 1.0 0.0 0.0 0.0 0.0 0.0 0.0 0.0 0.0 0.0
  0.0 0.0 0.0]
 [4.0 1.0 0.0 0.0 1.0 0.0 0.0 0.0 0.0 0.0 0.0 0.0 0.0 0.0 0.0 0.0 0.0 0.0
  0.0 0.0 0.0 0.0 0.0 0.0 0.0 1.0 0.0 0.0 0.0 0.0 0.0 1.0 0.0 1.0 1.0 0.0
  0.0 0.0 0.0 0.0 0.0 0.0 0.0 0.0 0.0 0.0 0.0 0.0 0.0 0.0 0.0 0.0 0.0 0.0
  0.0 0.0 0.0 0.0 1.0 0.0 0.0 0.0 0.0 0.0 0.0 0.0 0.0 0.0 0.0 0.0 0.0 0.0
  1.0 0.0 0.0]] 
 
 
Val : (133456, 75) 
 

FINISHED ENCODING
~~~~~~~~~~~~~~~~~~~~~~~~~~~~~~~~~~~~~~~~~~~~~~~~~~~~~~~~~~~~~~~~~~~~~~~~~~~~~~~
Number of Classes B4 Bin Verifier: 46
Unique values in y_train: (array([ 0.,  1.,  2.,  3.,  4.,  5.,  6.,  7.,  8.,  9., 10., 11., 12.,
       13., 14., 15., 16., 17., 18., 19., 20., 21., 22., 23., 24., 25.,
       26., 27., 28., 29., 30., 31., 32., 33., 34., 35., 36., 37., 38.,
       39., 40., 41., 42., 43., 44., 45.]), 46)
Unique values in y_test: (array([ 0.,  1.,  2.,  3.,  4.,  5.,  6.,  7.,  8.,  9., 10., 11., 12.,
       13., 14., 15., 16., 17., 18., 19., 20., 21., 22., 23., 24., 25.,
       26., 27., 28., 29., 30., 31., 32., 33., 34., 35., 36., 37., 38.,
       39., 40., 41., 42., 43., 44., 45.]), 46)
No need to shift labels.
VERIFY SHIFT
Train after shift : [ 0  1  2  3  4  5  6  7  8  9 10 11 12 13 14 15 16 17 18 19 20 21 22 23
 24 25 26 27 28 29 30 31 32 33 34 35 36 37 38 39 40 41 42 43 44 45], Length : 46
Test after shift : [ 0  1  2  3  4  5  6  7  8  9 10 11 12 13 14 15 16 17 18 19 20 21 22 23
 24 25 26 27 28 29 30 31 32 33 34 35 36 37 38 39 40 41 42 43 44 45], Length : 46
Number of Classes After Bin Verifier: 46
In get_device
On: cuda
On Device: cuda
{'num_layers': 4, 'total_tree_count': 1024, 'tree_depth': 8, 'tree_output_dim': 2}
Saved logs/Black_Friday_2025.04.17_07:48:00/checkpoint_temp_100.pth
Loaded logs/Black_Friday_2025.04.17_07:48:00/checkpoint_avg.pth
Val LogLoss: 3.63825
Val Loss: 3.63825
Saved logs/Black_Friday_2025.04.17_07:48:00/checkpoint_best.pth
Loaded logs/Black_Friday_2025.04.17_07:48:00/checkpoint_temp_100.pth
Saved logs/Black_Friday_2025.04.17_07:48:00/checkpoint_temp_200.pth


----------------------------------------------------------------------------
Training VIME Vesion 1 with Dataset: config/brazillian_houses.yml 



----------------------------------------------------------------------------
Namespace(batch_size=32, bin_alt=None, cat_dims=[2], cat_idx=[0], config='config/brazillian_houses.yml', data_parallel=False, dataset='Brazillian_Houses', direction='minimize', dropna_idx=None, early_stopping_rounds=20, epochs=100, frequency_reg=False, gpu_ids=[0, 1], logging_period=100, miss_cat_idx=None, miss_num_idx=None, model_name='NODE', n_trials=100, nominal_idx=[0, 6], num_bins=10, num_classes=1, num_features=12, num_idx=None, num_splits=5, objective='probabilistic_regression', one_hot_encode=True, optimize_hyperparameters=False, ordinal_encode=True, ordinal_idx=[7], scale=True, seed=221, shuffle=True, target_encode=False, use_gpu=True, val_batch_size=64, y_distribution='skewed')
Train model with given hyperparameters
Loading dataset Brazillian_Houses...
Dataset loaded! 

(10692, 12)
I am in Main Once
In get_device
On: cuda
On Device: cuda
Almost Cross Validating
Model Name: NODE
Fold 1
num_features : 12
num_classes : 1
cat_idx : [0]
nominal_idx : [0, 6]
ordinal_idx : [7]
num_idx : None
cat_dims : [2]
bin_alt : None
~~~~~~~~~~~~~~~~~~~~~~~~~~~~~~~~~~~~~~~~~~~~~~~~~~~~~~~~~~~~~~~~~~~~~~~~~~~~~~~
BEFORE ANY ENCODING
num_features :12
num_classes : 1
cat_idx : [0]
nominal_idx : [0, 6]
ordinal_idx : [7]
num_idx : None
cat_dims : [2]
bin_alt : None 


X shape : (8553, 12)
~~~~~~~~~~~~~~~~~~~~~~~~~~~~~~~~~~~~~~~~~~~~~~~~~~~~~~~~~~~~~~~~~~~~~~~~~~~~~~~
~~~~~~~~~~~~~~~~~~~~~~~~~~~~~~~~~~~~~~~~~~~~~~~~~~~~~~~~~~~~~~~~~~~~~~~~~~~~~~~ 


AFTER SEPARATING CATEGORICALS AND NUMERICALS
Numerical Index V1 : [1, 2, 3, 4, 5, 8, 9, 10, 11]
Cat Dims V1 : [3]
Cat Idx V1 : [0, 6, 7] 
 

~~~~~~~~~~~~~~~~~~~~~~~~~~~~~~~~~~~~~~~~~~~~~~~~~~~~~~~~~~~~~~~~~~~~~~~~~~~~~~~ 


Scaling the data...
One Hot Encoding...
~~~~~~~~~~~~~~~~~~~~~~~~~~~~~~~~~~~~~~~~~~~~~~~~~~~~~~~~~~~~~~~~~~~~~~~~~~~~~~~
After OHE
Numerical Index V2 : [1, 2, 3, 4, 5, 8, 9, 10, 11] 


OHE Idx : [1, 2, 3, 4, 5, 6, 7]


Ordinal Idx V2: [0]


Cat Dims V2 : [3]
Cat Idx V2 : [0] 
 

Train: [['furnished' 0.0 0.0 0.0 0.0]
 ['not furnished' 0.0 0.0 0.0 0.0]
 ['not furnished' 0.0 0.0 1.0 0.0]
 ['not furnished' 0.0 0.0 1.0 0.0]
 ['not furnished' 0.0 0.0 0.0 0.0]
 ['not furnished' 0.0 0.0 0.0 0.0]
 ['not furnished' 0.0 0.0 0.0 1.0]
 ['furnished' 0.0 0.0 0.0 1.0]
 ['furnished' 0.0 0.0 0.0 0.0]
 ['not furnished' 0.0 1.0 0.0 0.0]] 
 
 
Val : (8553, 17) 
 

~~~~~~~~~~~~~~~~~~~~~~~~~~~~~~~~~~~~~~~~~~~~~~~~~~~~~~~~~~~~~~~~~~~~~~~~~~~~~~~
~~~~~~~~~~~~~~~~~~~~~~~~~~~~~~~~~~~~~~~~~~~~~~~~~~~~~~~~~~~~~~~~~~~~~~~~~~~~~~~
After ORDINAL
Numerical Index V2 : [1, 2, 3, 4, 5, 8, 9, 10, 11] 


OHE Idx : [1, 2, 3, 4, 5, 6, 7]


Ordinal Idx V2: [0]


Cat Dims V2 : [3]
Cat Idx V2 : [0] 
 

Train: [[2.0 0.0 0.0 0.0 0.0 1.0 1.0 0.0 -0.1364589317102596 -0.4290206216694779
  -0.8773235341642969 -0.38210703008482383 0.3143900838473033
  0.0476157378803886 -0.17368651042805008 -0.046656181656635924
  -0.2352115095409037]
 [1.0 0.0 0.0 0.0 0.0 1.0 1.0 0.0 0.2822814325909617 1.2768898279535086
  1.2505944697228086 -1.009393292717357 2.412884442887873
  -0.0020341198085244675 0.3121416365292454 0.39819148158011797
  0.20226436146634846]
 [1.0 0.0 0.0 1.0 0.0 0.0 1.0 0.0 -0.11970931713821076
  -1.2819758464809712 -0.8773235341642969 -0.38210703008482383
  0.15296744084418257 -0.013513855690354078 -0.32002028963205476
  -0.10764569234081725 -0.25604369387458237]
 [1.0 0.0 0.0 1.0 0.0 0.0 1.0 0.0 -0.16828319939715244
  -0.4290206216694779 -0.8773235341642969 -1.009393292717357
  -0.49272313116830035 -0.055414891659032156 -0.8140431282247745
  -0.10128659644009692 -0.7560161178828705]
 [1.0 0.0 0.0 0.0 0.0 1.0 0.0 1.0 -0.21183219728447947
  -1.2819758464809712 -0.8773235341642969 -1.009393292717357
  -0.6541457741714212 -0.07091253509950213 -0.9053554064480734
  -0.10041944699908961 -0.8810092238849426]
 [1.0 0.0 0.0 0.0 0.0 1.0 1.0 0.0 0.3760792741944353 0.42393460314201536
  0.5412884684271068 3.3816105457103753 -0.8155684171745419
  -0.07091253509950213 1.201851014089594 0.13342185225921702
  1.4105310528197117]
 [1.0 0.0 0.0 0.0 1.0 0.0 1.0 0.0 -0.13310900879584986
  -0.4290206216694779 -0.8773235341642969 -1.009393292717357
  0.3143900838473033 -0.02843751233673257 -0.5834210921992632
  -0.08307645817894325 -0.5893586432134411]
 [2.0 0.0 0.0 0.0 1.0 0.0 1.0 0.0 -0.19508258271243062
  -1.2819758464809712 -0.8773235341642969 -1.009393292717357
  -0.49272313116830035 -0.03704731424810478 -0.46635406883605945
  -0.09752894886239855 -0.48519772154504776]
 [2.0 0.0 0.0 0.0 0.0 1.0 1.0 0.0 -0.21015723582727458
  -1.2819758464809712 -0.8773235341642969 -1.009393292717357
  -0.49272313116830035 -0.04393515577720254 -0.5248875805176613
  -0.06428822029045138 -0.5476942745460838]
 [1.0 0.0 1.0 0.0 0.0 0.0 1.0 0.0 -0.17665800668317688
  -1.2819758464809712 -0.8773235341642969 -0.38210703008482383
  0.7986580128566655 -0.0393432614244707 -0.9697422692978356
  -0.0952165503530457 -0.9435057768859786]] 
 
 
Val : (8553, 17) 
 

FINISHED ENCODING
~~~~~~~~~~~~~~~~~~~~~~~~~~~~~~~~~~~~~~~~~~~~~~~~~~~~~~~~~~~~~~~~~~~~~~~~~~~~~~~
Number of Classes B4 Bin Verifier: 1416
Unique values in y_train: (array([0.000e+00, 1.000e+00, 2.000e+00, ..., 1.401e+03, 1.402e+03,
       1.403e+03]), 1400)
Unique values in y_test: (array([0.000e+00, 1.000e+00, 2.000e+00, ..., 1.400e+03, 1.401e+03,
       1.402e+03]), 1026)
WE ARE IN THE GUTTERS!!!!!
Final Train Labels Length: 1400
Final Test Labels Length: 1026
Final Num Classes: 1400
Final Bin Labels: [0, 1, 2, 3, 4, 5, 6, 7, 8, 9, 10, 11, 12, 13, 14, 15, 16, 17, 18, 19, 20, 21, 22, 23, 24, 25, 26, 27, 28, 29, 30, 31, 32, 33, 34, 35, 36, 37, 38, 39, 40, 41, 42, 43, 44, 45, 46, 47, 48, 49, 50, 51, 52, 53, 54, 55, 56, 57, 58, 59, 60, 61, 62, 63, 64, 65, 66, 67, 68, 69, 70, 71, 72, 73, 74, 75, 76, 77, 78, 79, 80, 81, 82, 83, 84, 85, 86, 87, 88, 89, 90, 91, 92, 93, 94, 95, 96, 97, 98, 99, 100, 101, 102, 103, 104, 105, 106, 107, 108, 109, 110, 111, 112, 113, 114, 115, 116, 117, 118, 119, 120, 121, 122, 123, 124, 125, 126, 127, 128, 129, 130, 131, 132, 133, 134, 135, 136, 137, 138, 139, 140, 141, 142, 143, 144, 145, 146, 147, 148, 149, 150, 151, 152, 153, 154, 155, 156, 157, 158, 159, 160, 161, 162, 163, 164, 165, 166, 167, 168, 169, 170, 171, 172, 173, 174, 175, 176, 177, 178, 179, 180, 181, 182, 183, 184, 185, 186, 187, 188, 189, 190, 191, 192, 193, 194, 195, 196, 197, 198, 199, 200, 201, 202, 203, 204, 205, 206, 207, 208, 209, 210, 211, 212, 213, 214, 215, 216, 217, 218, 219, 220, 221, 222, 223, 224, 225, 226, 227, 228, 229, 230, 231, 232, 233, 234, 235, 236, 237, 238, 239, 240, 241, 242, 243, 244, 245, 246, 247, 248, 249, 250, 251, 252, 253, 254, 255, 256, 257, 258, 259, 260, 261, 262, 263, 264, 265, 266, 267, 268, 269, 270, 271, 272, 273, 274, 275, 276, 277, 278, 279, 280, 281, 282, 283, 284, 285, 286, 287, 288, 289, 290, 291, 292, 293, 294, 295, 296, 297, 298, 299, 300, 301, 302, 303, 304, 305, 306, 307, 308, 309, 310, 311, 312, 313, 314, 315, 316, 317, 318, 319, 320, 321, 322, 323, 324, 325, 326, 327, 328, 329, 330, 331, 332, 333, 334, 335, 336, 337, 338, 339, 340, 341, 342, 343, 344, 345, 346, 347, 348, 349, 350, 351, 352, 353, 354, 355, 356, 357, 358, 359, 360, 361, 362, 363, 364, 365, 366, 367, 368, 369, 370, 371, 372, 373, 374, 375, 376, 377, 378, 379, 380, 381, 382, 383, 384, 385, 386, 387, 388, 389, 390, 391, 392, 393, 394, 395, 396, 397, 398, 399, 400, 401, 402, 403, 404, 405, 406, 407, 408, 409, 410, 411, 412, 413, 414, 415, 416, 417, 418, 419, 420, 421, 422, 423, 424, 425, 426, 427, 428, 429, 430, 431, 432, 433, 434, 435, 436, 437, 438, 439, 440, 441, 442, 443, 444, 445, 446, 447, 448, 449, 450, 451, 452, 453, 454, 455, 456, 457, 458, 459, 460, 461, 462, 463, 464, 465, 466, 467, 468, 469, 470, 471, 472, 473, 474, 475, 476, 477, 478, 479, 480, 481, 482, 483, 484, 485, 486, 487, 488, 489, 490, 491, 492, 493, 494, 495, 496, 497, 498, 499, 500, 501, 502, 503, 504, 505, 506, 507, 508, 509, 510, 511, 512, 513, 514, 515, 516, 517, 518, 519, 520, 521, 522, 523, 524, 525, 526, 527, 528, 529, 530, 531, 532, 533, 534, 535, 536, 537, 538, 539, 540, 541, 542, 543, 544, 545, 546, 547, 548, 549, 550, 551, 552, 553, 554, 555, 556, 557, 558, 559, 560, 561, 562, 563, 564, 565, 566, 567, 568, 569, 570, 571, 572, 573, 574, 575, 576, 577, 578, 579, 580, 581, 582, 583, 584, 585, 586, 587, 588, 589, 590, 591, 592, 593, 594, 595, 596, 597, 598, 599, 600, 601, 602, 603, 604, 605, 606, 607, 608, 609, 610, 611, 612, 613, 614, 615, 616, 617, 618, 619, 620, 621, 622, 623, 624, 625, 626, 627, 628, 629, 630, 631, 632, 633, 634, 635, 636, 637, 638, 639, 640, 641, 642, 643, 644, 645, 646, 647, 648, 649, 650, 651, 652, 653, 654, 655, 656, 657, 658, 659, 660, 661, 662, 663, 664, 665, 666, 667, 668, 669, 670, 671, 672, 673, 674, 675, 676, 677, 678, 679, 680, 681, 682, 683, 684, 685, 686, 687, 688, 689, 690, 691, 692, 693, 694, 695, 696, 697, 698, 699, 700, 701, 702, 703, 704, 705, 706, 707, 708, 709, 710, 711, 712, 713, 714, 715, 716, 717, 718, 719, 720, 721, 722, 723, 724, 725, 726, 727, 728, 729, 730, 731, 732, 733, 734, 735, 736, 737, 738, 739, 740, 741, 742, 743, 744, 745, 746, 747, 748, 749, 750, 751, 752, 753, 754, 755, 756, 757, 758, 759, 760, 761, 762, 763, 764, 765, 766, 767, 768, 769, 770, 771, 772, 773, 774, 775, 776, 777, 778, 779, 780, 781, 782, 783, 784, 785, 786, 787, 788, 789, 790, 791, 792, 793, 794, 795, 796, 797, 798, 799, 800, 801, 802, 803, 804, 805, 806, 807, 808, 809, 810, 811, 812, 813, 814, 815, 816, 817, 818, 819, 820, 821, 822, 823, 824, 825, 826, 827, 828, 829, 830, 831, 832, 833, 834, 835, 836, 837, 838, 839, 840, 841, 842, 843, 844, 845, 846, 847, 848, 849, 850, 851, 852, 853, 854, 855, 856, 857, 858, 859, 860, 861, 862, 863, 864, 865, 866, 867, 868, 869, 870, 871, 872, 873, 874, 875, 876, 877, 878, 879, 880, 881, 882, 883, 884, 885, 886, 887, 888, 889, 890, 891, 892, 893, 894, 895, 896, 897, 898, 899, 900, 901, 902, 903, 904, 905, 906, 907, 908, 909, 910, 911, 912, 913, 914, 915, 916, 917, 918, 919, 920, 921, 922, 923, 924, 925, 926, 927, 928, 929, 930, 931, 932, 933, 934, 935, 936, 937, 938, 939, 940, 941, 942, 943, 944, 945, 946, 947, 948, 949, 950, 951, 952, 953, 954, 955, 956, 957, 958, 959, 960, 961, 962, 963, 964, 965, 966, 967, 968, 969, 970, 971, 972, 973, 974, 975, 976, 977, 978, 979, 980, 981, 982, 983, 984, 985, 986, 987, 988, 989, 990, 991, 992, 993, 994, 995, 996, 997, 998, 999, 1000, 1001, 1002, 1003, 1004, 1005, 1006, 1007, 1008, 1009, 1010, 1011, 1012, 1013, 1014, 1015, 1016, 1017, 1018, 1019, 1020, 1021, 1022, 1023, 1024, 1025, 1026, 1027, 1028, 1029, 1030, 1031, 1032, 1033, 1034, 1035, 1036, 1037, 1038, 1039, 1040, 1041, 1042, 1043, 1044, 1045, 1046, 1047, 1048, 1049, 1050, 1051, 1052, 1053, 1054, 1055, 1056, 1057, 1058, 1059, 1060, 1061, 1062, 1063, 1064, 1065, 1066, 1067, 1068, 1069, 1070, 1071, 1072, 1073, 1074, 1075, 1076, 1077, 1078, 1079, 1080, 1081, 1082, 1083, 1084, 1085, 1086, 1087, 1088, 1089, 1090, 1091, 1092, 1093, 1094, 1095, 1096, 1097, 1098, 1099, 1100, 1101, 1102, 1103, 1104, 1105, 1106, 1107, 1108, 1109, 1110, 1111, 1112, 1113, 1114, 1115, 1116, 1117, 1118, 1119, 1120, 1121, 1122, 1123, 1124, 1125, 1126, 1127, 1128, 1129, 1130, 1131, 1132, 1133, 1134, 1135, 1136, 1137, 1138, 1139, 1140, 1141, 1142, 1143, 1144, 1145, 1146, 1147, 1148, 1149, 1150, 1151, 1152, 1153, 1154, 1155, 1156, 1157, 1158, 1159, 1160, 1161, 1162, 1163, 1164, 1165, 1166, 1167, 1168, 1169, 1170, 1171, 1172, 1173, 1174, 1175, 1176, 1177, 1178, 1179, 1180, 1181, 1182, 1183, 1184, 1185, 1186, 1187, 1188, 1189, 1190, 1191, 1192, 1193, 1194, 1195, 1196, 1197, 1198, 1199, 1200, 1201, 1202, 1203, 1204, 1205, 1206, 1207, 1208, 1209, 1210, 1211, 1212, 1213, 1214, 1215, 1216, 1217, 1218, 1219, 1220, 1221, 1222, 1223, 1224, 1225, 1226, 1227, 1228, 1229, 1230, 1231, 1232, 1233, 1234, 1235, 1236, 1237, 1238, 1239, 1240, 1241, 1242, 1243, 1244, 1245, 1246, 1247, 1248, 1249, 1250, 1251, 1252, 1253, 1254, 1255, 1256, 1257, 1258, 1259, 1260, 1261, 1262, 1263, 1264, 1265, 1266, 1267, 1268, 1269, 1270, 1271, 1272, 1273, 1274, 1275, 1276, 1277, 1278, 1279, 1280, 1281, 1282, 1283, 1284, 1285, 1286, 1287, 1288, 1289, 1290, 1291, 1292, 1293, 1294, 1295, 1296, 1297, 1298, 1299, 1300, 1301, 1302, 1303, 1304, 1305, 1306, 1307, 1308, 1309, 1310, 1311, 1312, 1313, 1314, 1315, 1316, 1317, 1318, 1319, 1320, 1321, 1322, 1323, 1324, 1325, 1326, 1327, 1328, 1329, 1330, 1331, 1332, 1333, 1334, 1335, 1336, 1337, 1338, 1339, 1340, 1341, 1342, 1343, 1344, 1345, 1346, 1347, 1348, 1349, 1350, 1351, 1352, 1353, 1354, 1355, 1356, 1357, 1358, 1359, 1360, 1361, 1362, 1363, 1364, 1365, 1366, 1367, 1368, 1369, 1370, 1371, 1372, 1373, 1374, 1375, 1376, 1377, 1378, 1379, 1380, 1381, 1382, 1383, 1384, 1385, 1386, 1387, 1388, 1389, 1390, 1391, 1392, 1393, 1394, 1395, 1396, 1397, 1398, 1399]
VERIFY SHIFT
Train after shift : [   0    1    2 ... 1397 1398 1399], Length : 1400
Test after shift : [   0    1    2 ... 1396 1397 1398], Length : 1026
Number of Classes After Bin Verifier: 1400
In get_device


----------------------------------------------------------------------------
Training VIME Vesion 1 with Dataset: config/diamonds.yml 



----------------------------------------------------------------------------
Namespace(batch_size=32, bin_alt=None, cat_dims=[2], cat_idx=[0], config='config/diamonds.yml', data_parallel=False, dataset='Diamonds', direction='minimize', dropna_idx=None, early_stopping_rounds=20, epochs=100, frequency_reg=False, gpu_ids=[0, 1], logging_period=100, miss_cat_idx=None, miss_num_idx=None, model_name='NODE', n_trials=100, nominal_idx=None, num_bins=10, num_classes=1, num_features=9, num_idx=None, num_splits=5, objective='probabilistic_regression', one_hot_encode=False, optimize_hyperparameters=False, ordinal_encode=True, ordinal_idx=[1, 2, 3], scale=True, seed=221, shuffle=True, target_encode=False, use_gpu=True, val_batch_size=64, y_distribution='normal')
Train model with given hyperparameters
Loading dataset Diamonds...
Dataset loaded! 

(53940, 9)
I am in Main Once
In get_device
On: cuda
On Device: cuda
Almost Cross Validating
Model Name: NODE
Fold 1
num_features : 9
num_classes : 1
cat_idx : [0]
nominal_idx : None
ordinal_idx : [1, 2, 3]
num_idx : None
cat_dims : [2]
bin_alt : None
~~~~~~~~~~~~~~~~~~~~~~~~~~~~~~~~~~~~~~~~~~~~~~~~~~~~~~~~~~~~~~~~~~~~~~~~~~~~~~~
BEFORE ANY ENCODING
num_features :9
num_classes : 1
cat_idx : [0]
nominal_idx : None
ordinal_idx : [1, 2, 3]
num_idx : None
cat_dims : [2]
bin_alt : None 


X shape : (43152, 9)
~~~~~~~~~~~~~~~~~~~~~~~~~~~~~~~~~~~~~~~~~~~~~~~~~~~~~~~~~~~~~~~~~~~~~~~~~~~~~~~
~~~~~~~~~~~~~~~~~~~~~~~~~~~~~~~~~~~~~~~~~~~~~~~~~~~~~~~~~~~~~~~~~~~~~~~~~~~~~~~ 


AFTER SEPARATING CATEGORICALS AND NUMERICALS
Numerical Index V1 : [0, 4, 5, 6, 7, 8]
Cat Dims V1 : [6, 8, 9]
Cat Idx V1 : [1, 2, 3] 
 

~~~~~~~~~~~~~~~~~~~~~~~~~~~~~~~~~~~~~~~~~~~~~~~~~~~~~~~~~~~~~~~~~~~~~~~~~~~~~~~ 


Scaling the data...
~~~~~~~~~~~~~~~~~~~~~~~~~~~~~~~~~~~~~~~~~~~~~~~~~~~~~~~~~~~~~~~~~~~~~~~~~~~~~~~
After OHE
Numerical Index V2 : [0, 4, 5, 6, 7, 8] 


OHE Idx : None


Ordinal Idx V2: [1, 2, 3]


Cat Dims V2 : [6, 8, 9]
Cat Idx V2 : [1, 2, 3] 
 

Train: [[-1.1950384527976465 'Ideal' 'E' 'SI2' -0.17767576091934348]
 [-1.236976378485391 'Premium' 'E' 'SI1' -1.3637394355688461]
 [-1.069224675734413 'Premium' 'I' 'VS2' 0.45024030213039123]
 [-1.1740694899537742 'Very Good' 'J' 'VVS2' 0.7293141079302727]
 [-1.1740694899537742 'Very Good' 'I' 'VVS1' 0.3804718506804196]
 [-1.1321315642660297 'Very Good' 'H' 'SI1' 0.10139804488053805]
 [-1.2160074156415188 'Fair' 'E' 'VS2' 2.3339884912795954]
 [-1.1950384527976465 'Very Good' 'H' 'VS1' -1.6428132413687278]
 [-1.0482557128905408 'Good' 'J' 'SI1' 1.5665355253299222]
 [-1.1950384527976465 'Ideal' 'J' 'VS1' 0.7293141079302727]] 
 
 
Val : (43152, 9) 
 

~~~~~~~~~~~~~~~~~~~~~~~~~~~~~~~~~~~~~~~~~~~~~~~~~~~~~~~~~~~~~~~~~~~~~~~~~~~~~~~
~~~~~~~~~~~~~~~~~~~~~~~~~~~~~~~~~~~~~~~~~~~~~~~~~~~~~~~~~~~~~~~~~~~~~~~~~~~~~~~
After ORDINAL
Numerical Index V2 : [0, 4, 5, 6, 7, 8] 


OHE Idx : None


Ordinal Idx V2: [1, 2, 3]


Cat Dims V2 : [6, 8, 9]
Cat Idx V2 : [1, 2, 3] 
 

Train: [[-1.1950384527976465 5 6 2 -0.17767576091934348 -1.0997679290240274
  -1.5847483029459433 -1.5624470539339794 -1.5635817068251905]
 [-1.236976378485391 4 6 3 -1.3637394355688461 1.5843835902987453
  -1.6380368496537203 -1.6869504169773575 -1.7324417222907198]
 [-1.069224675734413 4 2 4 0.45024030213039123 0.24230783063735892
  -1.3627126916635395 -1.3401196199279468 -1.2821483477159754]
 [-1.1740694899537742 3 1 6 0.7293141079302727 -0.20505075591643654
  -1.5936297273972397 -1.580233248654462 -1.493223367047887]
 [-1.1740694899537742 3 2 7 0.3804718506804196 -0.20505075591643654
  -1.5847483029459433 -1.5624470539339794 -1.5072950350033474]
 [-1.1321315642660297 3 3 3 0.10139804488053805 -1.0997679290240274
  -1.4781712095303894 -1.4468367882508424 -1.4228650272705832]
 [-1.2160074156415188 1 6 4 2.3339884912795954 1.5843835902987453
  -1.6557996985563126 -1.7403090011388052 -1.4791516990924258]
 [-1.1950384527976465 3 3 5 -1.6428132413687278 1.5843835902987453
  -1.5403411806894627 -1.5001953724122905 -1.6198683786470336]
 [-1.0482557128905408 2 1 3 1.5665355253299222 -1.0997679290240274
  -1.318305569407059 -1.2956541331267404 -1.1414316681613677]
 [-1.1950384527976465 5 1 5 0.7293141079302727 -0.652409342470232
  -1.6025111518485355 -1.6335918328159098 -1.5213667029588085]] 
 
 
Val : (43152, 9) 
 

FINISHED ENCODING
~~~~~~~~~~~~~~~~~~~~~~~~~~~~~~~~~~~~~~~~~~~~~~~~~~~~~~~~~~~~~~~~~~~~~~~~~~~~~~~
Number of Classes B4 Bin Verifier: 14
Unique values in y_train: (array([ 0.,  1.,  2.,  3.,  4.,  5.,  6.,  7.,  8.,  9., 10., 11., 12.,
       13.]), 14)
Unique values in y_test: (array([ 0.,  1.,  2.,  3.,  4.,  5.,  6.,  7.,  8.,  9., 10., 11., 12.,
       13.]), 14)
No need to shift labels.
VERIFY SHIFT
Train after shift : [ 0  1  2  3  4  5  6  7  8  9 10 11 12 13], Length : 14
Test after shift : [ 0  1  2  3  4  5  6  7  8  9 10 11 12 13], Length : 14
Number of Classes After Bin Verifier: 14
In get_device
On: cuda
On Device: cuda
{'num_layers': 4, 'total_tree_count': 2048, 'tree_depth': 6, 'tree_output_dim': 2}
Saved logs/Diamonds_2025.04.17_07:55:26/checkpoint_temp_100.pth
Loaded logs/Diamonds_2025.04.17_07:55:26/checkpoint_avg.pth
Val LogLoss: 2.19944
Val Loss: 2.19944
Saved logs/Diamonds_2025.04.17_07:55:26/checkpoint_best.pth
Loaded logs/Diamonds_2025.04.17_07:55:26/checkpoint_temp_100.pth
Saved logs/Diamonds_2025.04.17_07:55:26/checkpoint_temp_200.pth


----------------------------------------------------------------------------
Training VIME Vesion 1 with Dataset: config/house_prices_nominal.yml 



----------------------------------------------------------------------------
Namespace(batch_size=32, bin_alt=None, cat_dims=[2], cat_idx=[0], config='config/house_prices_nominal.yml', data_parallel=False, dataset='House_Prices_Nominal', direction='minimize', dropna_idx=[0], early_stopping_rounds=20, epochs=100, frequency_reg=False, gpu_ids=[0, 1], logging_period=100, miss_cat_idx=[6, 25, 30, 31, 32, 33, 35, 42, 57, 58, 60, 63, 64, 72, 73, 74], miss_num_idx=[3, 26, 59], model_name='NODE', n_trials=100, nominal_idx=[2, 7, 12], num_bins=10, num_classes=1, num_features=80, num_idx=None, num_splits=5, objective='probabilistic_regression', one_hot_encode=True, optimize_hyperparameters=False, ordinal_encode=True, ordinal_idx=[5, 6, 8, 9, 10, 11, 13, 14, 15, 16, 21, 22, 23, 24, 25, 27, 28, 29, 30, 31, 32, 33, 35, 39, 40, 41, 42, 53, 55, 57, 58, 60, 63, 64, 65, 72, 73, 74, 78, 79], scale=True, seed=221, shuffle=True, target_encode=False, use_gpu=True, val_batch_size=64, y_distribution='normal')
Train model with given hyperparameters
Loading dataset House_Prices_Nominal...
Dataset loaded! 

(1460, 79)
I am in Main Once
In get_device
On: cuda
On Device: cuda
Almost Cross Validating
Model Name: NODE
Fold 1
num_features : 79
num_classes : 1
cat_idx : [0]
nominal_idx : [1, 6, 11]
ordinal_idx : [4, 5, 7, 8, 9, 10, 12, 13, 14, 15, 20, 21, 22, 23, 24, 26, 27, 28, 29, 30, 31, 32, 34, 38, 39, 40, 41, 52, 54, 56, 57, 59, 62, 63, 64, 71, 72, 73, 77, 78]
num_idx : None
cat_dims : [2]
bin_alt : None
~~~~~~~~~~~~~~~~~~~~~~~~~~~~~~~~~~~~~~~~~~~~~~~~~~~~~~~~~~~~~~~~~~~~~~~~~~~~~~~
BEFORE ANY ENCODING
num_features :79
num_classes : 1
cat_idx : [0]
nominal_idx : [1, 6, 11]
ordinal_idx : [4, 5, 7, 8, 9, 10, 12, 13, 14, 15, 20, 21, 22, 23, 24, 26, 27, 28, 29, 30, 31, 32, 34, 38, 39, 40, 41, 52, 54, 56, 57, 59, 62, 63, 64, 71, 72, 73, 77, 78]
num_idx : None
cat_dims : [2]
bin_alt : None 


X shape : (1168, 79)
~~~~~~~~~~~~~~~~~~~~~~~~~~~~~~~~~~~~~~~~~~~~~~~~~~~~~~~~~~~~~~~~~~~~~~~~~~~~~~~
~~~~~~~~~~~~~~~~~~~~~~~~~~~~~~~~~~~~~~~~~~~~~~~~~~~~~~~~~~~~~~~~~~~~~~~~~~~~~~~ 


AFTER SEPARATING CATEGORICALS AND NUMERICALS
Numerical Index V1 : [0, 2, 3, 16, 17, 18, 19, 25, 33, 35, 36, 37, 42, 43, 44, 45, 46, 47, 48, 49, 50, 51, 53, 55, 58, 60, 61, 65, 66, 67, 68, 69, 70, 74, 75, 76]
Cat Dims V1 : [3, 3, 5, 3, 6, 4, 10, 9, 6, 9, 7, 8, 15, 17, 4, 5, 6, 7, 5, 5, 5, 7, 7, 7, 6, 3, 6, 5, 8, 6, 7, 4, 6, 6, 4, 4, 5, 4, 10, 7]
Cat Idx V1 : [1, 4, 5, 6, 7, 8, 9, 10, 11, 12, 13, 14, 15, 20, 21, 22, 23, 24, 26, 27, 28, 29, 30, 31, 32, 34, 38, 39, 40, 41, 52, 54, 56, 57, 59, 62, 63, 64, 71, 72, 73, 77, 78] 
 

~~~~~~~~~~~~~~~~~~~~~~~~~~~~~~~~~~~~~~~~~~~~~~~~~~~~~~~~~~~~~~~~~~~~~~~~~~~~~~~ 


Scaling the data...
One Hot Encoding...
~~~~~~~~~~~~~~~~~~~~~~~~~~~~~~~~~~~~~~~~~~~~~~~~~~~~~~~~~~~~~~~~~~~~~~~~~~~~~~~
After OHE
Numerical Index V2 : [0, 2, 3, 16, 17, 18, 19, 25, 33, 35, 36, 37, 42, 43, 44, 45, 46, 47, 48, 49, 50, 51, 53, 55, 58, 60, 61, 65, 66, 67, 68, 69, 70, 74, 75, 76] 


OHE Idx : [40, 41, 42, 43, 44, 45, 46, 47, 48, 49, 50, 51, 52, 53, 54, 55, 56, 57, 58, 59, 60, 61, 62, 63, 64, 65, 66, 67, 68, 69, 70, 71, 72, 73]


Ordinal Idx V2: [0, 1, 2, 3, 4, 5, 6, 7, 8, 9, 10, 11, 12, 13, 14, 15, 16, 17, 18, 19, 20, 21, 22, 23, 24, 25, 26, 27, 28, 29, 30, 31, 32, 33, 34, 35, 36, 37, 38, 39]


Cat Dims V2 : [3, 3, 5, 3, 6, 4, 10, 9, 6, 9, 7, 8, 15, 17, 4, 5, 6, 7, 5, 5, 5, 7, 7, 7, 6, 3, 6, 5, 8, 6, 7, 4, 6, 6, 4, 4, 5, 4, 10, 7]
Cat Idx V2 : [0, 1, 2, 3, 4, 5, 6, 7, 8, 9, 10, 11, 12, 13, 14, 15, 16, 17, 18, 19, 20, 21, 22, 23, 24, 25, 26, 27, 28, 29, 30, 31, 32, 33, 34, 35, 36, 37, 38, 39] 
 

Train: [['Pave' 'None' 'Lvl' 'AllPub' 'Inside']
 ['Pave' 'None' 'Lvl' 'AllPub' 'FR2']
 ['Pave' 'None' 'Lvl' 'AllPub' 'Corner']
 ['Pave' 'None' 'Lvl' 'AllPub' 'FR2']
 ['Pave' 'None' 'Lvl' 'AllPub' 'Inside']
 ['Pave' 'None' 'Lvl' 'AllPub' 'Inside']
 ['Pave' 'None' 'Lvl' 'AllPub' 'Corner']
 ['Pave' 'None' 'Lvl' 'AllPub' 'Inside']
 ['Pave' 'None' 'Lvl' 'AllPub' 'Corner']
 ['Pave' 'None' 'Lvl' 'AllPub' 'Inside']] 
 
 
Val : (1168, 110) 
 

~~~~~~~~~~~~~~~~~~~~~~~~~~~~~~~~~~~~~~~~~~~~~~~~~~~~~~~~~~~~~~~~~~~~~~~~~~~~~~~
~~~~~~~~~~~~~~~~~~~~~~~~~~~~~~~~~~~~~~~~~~~~~~~~~~~~~~~~~~~~~~~~~~~~~~~~~~~~~~~
After ORDINAL
Numerical Index V2 : [0, 2, 3, 16, 17, 18, 19, 25, 33, 35, 36, 37, 42, 43, 44, 45, 46, 47, 48, 49, 50, 51, 53, 55, 58, 60, 61, 65, 66, 67, 68, 69, 70, 74, 75, 76] 


OHE Idx : [40, 41, 42, 43, 44, 45, 46, 47, 48, 49, 50, 51, 52, 53, 54, 55, 56, 57, 58, 59, 60, 61, 62, 63, 64, 65, 66, 67, 68, 69, 70, 71, 72, 73]


Ordinal Idx V2: [0, 1, 2, 3, 4, 5, 6, 7, 8, 9, 10, 11, 12, 13, 14, 15, 16, 17, 18, 19, 20, 21, 22, 23, 24, 25, 26, 27, 28, 29, 30, 31, 32, 33, 34, 35, 36, 37, 38, 39]


Cat Dims V2 : [3, 3, 5, 3, 6, 4, 10, 9, 6, 9, 7, 8, 15, 17, 4, 5, 6, 7, 5, 5, 5, 7, 7, 7, 6, 3, 6, 5, 8, 6, 7, 4, 6, 6, 4, 4, 5, 4, 10, 7]
Cat Idx V2 : [0, 1, 2, 3, 4, 5, 6, 7, 8, 9, 10, 11, 12, 13, 14, 15, 16, 17, 18, 19, 20, 21, 22, 23, 24, 25, 26, 27, 28, 29, 30, 31, 32, 33, 34, 35, 36, 37, 38, 39] 
 

Train: [[2 0 4 ... -0.08549072883692027 -1.6038865594520038 0.11325845825763112]
 [2 0 4 ... -0.08549072883692027 -0.4812300464036975 -0.6383658556335169]
 [2 0 4 ... -0.08549072883692027 -1.6038865594520038 -1.389990169524665]
 ...
 [2 0 4 ... -0.08549072883692027 -0.8554488840864662 0.11325845825763112]
 [2 0 4 ... -0.08549072883692027 -1.9781053971347726 0.11325845825763112]
 [2 0 4 ... -0.08549072883692027 0.2672076289618401 -1.389990169524665]] 
 
 
Val : (1168, 110) 
 

FINISHED ENCODING
~~~~~~~~~~~~~~~~~~~~~~~~~~~~~~~~~~~~~~~~~~~~~~~~~~~~~~~~~~~~~~~~~~~~~~~~~~~~~~~
Number of Classes B4 Bin Verifier: 8
Unique values in y_train: (array([0., 1., 2., 3., 4., 5., 6., 7.]), 8)
Unique values in y_test: (array([0., 1., 2., 3., 4., 5., 6., 7.]), 8)
No need to shift labels.
VERIFY SHIFT
Train after shift : [0 1 2 3 4 5 6 7], Length : 8
Test after shift : [0 1 2 3 4 5 6 7], Length : 8
Number of Classes After Bin Verifier: 8
In get_device
On: cuda
On Device: cuda
{'num_layers': 4, 'total_tree_count': 2048, 'tree_depth': 6, 'tree_output_dim': 3}
Saved logs/House_Prices_Nominal_2025.04.17_07:59:06/checkpoint_temp_100.pth
Loaded logs/House_Prices_Nominal_2025.04.17_07:59:06/checkpoint_avg.pth
Val LogLoss: 1.66813
Val Loss: 1.66813
Saved logs/House_Prices_Nominal_2025.04.17_07:59:06/checkpoint_best.pth
Loaded logs/House_Prices_Nominal_2025.04.17_07:59:06/checkpoint_temp_100.pth
Saved logs/House_Prices_Nominal_2025.04.17_07:59:06/checkpoint_temp_200.pth
Loaded logs/House_Prices_Nominal_2025.04.17_07:59:06/checkpoint_avg.pth
Val LogLoss: 1.61803
Val Loss: 1.61803
Saved logs/House_Prices_Nominal_2025.04.17_07:59:06/checkpoint_best.pth
Loaded logs/House_Prices_Nominal_2025.04.17_07:59:06/checkpoint_temp_200.pth
Saved logs/House_Prices_Nominal_2025.04.17_07:59:06/checkpoint_temp_300.pth
Loaded logs/House_Prices_Nominal_2025.04.17_07:59:06/checkpoint_avg.pth
Val LogLoss: 1.58331
Val Loss: 1.58331
Saved logs/House_Prices_Nominal_2025.04.17_07:59:06/checkpoint_best.pth
Loaded logs/House_Prices_Nominal_2025.04.17_07:59:06/checkpoint_temp_300.pth
Saved logs/House_Prices_Nominal_2025.04.17_07:59:06/checkpoint_temp_400.pth
Loaded logs/House_Prices_Nominal_2025.04.17_07:59:06/checkpoint_avg.pth
Val LogLoss: 1.55421
Val Loss: 1.55421
Saved logs/House_Prices_Nominal_2025.04.17_07:59:06/checkpoint_best.pth
Loaded logs/House_Prices_Nominal_2025.04.17_07:59:06/checkpoint_temp_400.pth
Saved logs/House_Prices_Nominal_2025.04.17_07:59:06/checkpoint_temp_500.pth


----------------------------------------------------------------------------
Training VIME Vesion 1 with Dataset: config/house_sales.yml 



----------------------------------------------------------------------------
Namespace(batch_size=32, bin_alt=None, cat_dims=[2], cat_idx=[0], config='config/house_sales.yml', data_parallel=False, dataset='House_Sales', direction='minimize', dropna_idx=[0], early_stopping_rounds=20, epochs=100, frequency_reg=False, gpu_ids=[0, 1], logging_period=100, miss_cat_idx=None, miss_num_idx=None, model_name='NODE', n_trials=100, nominal_idx=[14], num_bins=10, num_classes=1, num_features=21, num_idx=None, num_splits=5, objective='probabilistic_regression', one_hot_encode=True, optimize_hyperparameters=False, ordinal_encode=False, ordinal_idx=None, scale=True, seed=221, shuffle=True, target_encode=False, use_gpu=True, val_batch_size=64, y_distribution='skewed')
Train model with given hyperparameters
Loading dataset House_Sales...
Dataset loaded! 

(21613, 21)
I am in Main Once
In get_device
On: cuda
On Device: cuda
Almost Cross Validating
Model Name: NODE
Fold 1
num_features : 21
num_classes : 1
cat_idx : [0]
nominal_idx : [13]
ordinal_idx : None
num_idx : None
cat_dims : [2]
bin_alt : None
~~~~~~~~~~~~~~~~~~~~~~~~~~~~~~~~~~~~~~~~~~~~~~~~~~~~~~~~~~~~~~~~~~~~~~~~~~~~~~~
BEFORE ANY ENCODING
num_features :21
num_classes : 1
cat_idx : [0]
nominal_idx : [13]
ordinal_idx : None
num_idx : None
cat_dims : [2]
bin_alt : None 


X shape : (17290, 21)
~~~~~~~~~~~~~~~~~~~~~~~~~~~~~~~~~~~~~~~~~~~~~~~~~~~~~~~~~~~~~~~~~~~~~~~~~~~~~~~
~~~~~~~~~~~~~~~~~~~~~~~~~~~~~~~~~~~~~~~~~~~~~~~~~~~~~~~~~~~~~~~~~~~~~~~~~~~~~~~ 


AFTER SEPARATING CATEGORICALS AND NUMERICALS
Numerical Index V1 : [0, 1, 2, 3, 4, 5, 6, 7, 8, 9, 10, 11, 12, 14, 15, 16, 17, 18, 19, 20]
Cat Dims V1 : []
Cat Idx V1 : [13] 
 

~~~~~~~~~~~~~~~~~~~~~~~~~~~~~~~~~~~~~~~~~~~~~~~~~~~~~~~~~~~~~~~~~~~~~~~~~~~~~~~ 


Scaling the data...
One Hot Encoding...
~~~~~~~~~~~~~~~~~~~~~~~~~~~~~~~~~~~~~~~~~~~~~~~~~~~~~~~~~~~~~~~~~~~~~~~~~~~~~~~
After OHE
Numerical Index V2 : [0, 1, 2, 3, 4, 5, 6, 7, 8, 9, 10, 11, 12, 14, 15, 16, 17, 18, 19, 20] 


OHE Idx : [0, 1, 2, 3, 4, 5, 6, 7, 8, 9, 10, 11, 12, 13, 14, 15, 16, 17, 18, 19, 20, 21, 22, 23, 24, 25, 26, 27, 28, 29, 30, 31, 32, 33, 34, 35, 36, 37, 38, 39, 40, 41, 42, 43, 44, 45, 46, 47, 48, 49, 50, 51, 52, 53, 54, 55, 56, 57, 58, 59, 60, 61, 62, 63, 64, 65, 66, 67, 68, 69]


Ordinal Idx V2: None


Cat Dims V2 : []
Cat Idx V2 : None 
 

Train: [[0. 0. 0. 0. 0.]
 [0. 0. 0. 0. 0.]
 [0. 0. 0. 0. 0.]
 [0. 0. 0. 0. 0.]
 [0. 0. 0. 0. 0.]
 [0. 0. 1. 0. 0.]
 [0. 0. 0. 0. 0.]
 [0. 0. 0. 0. 0.]
 [0. 0. 0. 0. 0.]
 [0. 0. 0. 0. 0.]] 
 
 
Val : (17290, 90) 
 

~~~~~~~~~~~~~~~~~~~~~~~~~~~~~~~~~~~~~~~~~~~~~~~~~~~~~~~~~~~~~~~~~~~~~~~~~~~~~~~
~~~~~~~~~~~~~~~~~~~~~~~~~~~~~~~~~~~~~~~~~~~~~~~~~~~~~~~~~~~~~~~~~~~~~~~~~~~~~~~
After ORDINAL
Numerical Index V2 : [0, 1, 2, 3, 4, 5, 6, 7, 8, 9, 10, 11, 12, 14, 15, 16, 17, 18, 19, 20] 


OHE Idx : [0, 1, 2, 3, 4, 5, 6, 7, 8, 9, 10, 11, 12, 13, 14, 15, 16, 17, 18, 19, 20, 21, 22, 23, 24, 25, 26, 27, 28, 29, 30, 31, 32, 33, 34, 35, 36, 37, 38, 39, 40, 41, 42, 43, 44, 45, 46, 47, 48, 49, 50, 51, 52, 53, 54, 55, 56, 57, 58, 59, 60, 61, 62, 63, 64, 65, 66, 67, 68, 69]


Ordinal Idx V2: None


Cat Dims V2 : []
Cat Idx V2 : None 
 

Train: [[ 0.          0.          0.          0.          0.          0.
   0.          0.          0.          0.          0.          0.
   0.          0.          0.          0.          0.          0.
   0.          0.          0.          0.          0.          0.
   0.          0.          0.          0.          0.          0.
   0.          0.          0.          0.          0.          0.
   0.          0.          0.          0.          0.          0.
   0.          0.          0.          0.          0.          0.
   0.          0.          0.          0.          0.          0.
   0.          0.          0.          0.          0.          0.
   0.          0.          0.          0.          0.          0.
   1.          0.          0.          0.         -0.3947275  -1.43868499
  -0.97562257 -0.22635649 -0.91101164 -0.08969788 -0.30794673 -0.63260734
  -0.55213581 -0.73157015 -0.65849042 -0.53844893 -0.2111493  -0.35633908
  -0.30229791 -0.94097085 -0.26202697 -0.69194575  1.10260759 -0.31933766]
 [ 0.          0.          0.          0.          0.          0.
   0.          0.          0.          0.          0.          0.
   0.          0.          0.          0.          0.          0.
   0.          0.          0.          0.          0.          0.
   0.          0.          0.          0.          0.          0.
   0.          0.          0.          0.          0.          0.
   0.          0.          0.          0.          0.          0.
   0.          0.          0.          0.          0.          0.
   0.          0.          0.          0.          0.          0.
   0.          1.          0.          0.          0.          0.
   0.          0.          0.          0.          0.          0.
   0.          0.          0.          0.         -0.3947275   0.18260889
   0.53685987 -0.18786591  0.94460375 -0.08969788 -0.30794673 -0.63260734
  -0.55213581  0.46756773  0.24158981 -0.67496901  4.7231026   1.15996359
  -0.74230143 -0.43016988 -0.18783684 -0.69194575  1.7441072  -0.78340423]
 [ 0.          0.          0.          0.          0.          0.
   0.          0.          0.          0.          0.          0.
   0.          0.          0.          0.          0.          0.
   0.          0.          0.          0.          0.          0.
   0.          0.          0.          0.          0.          0.
   0.          0.          0.          0.          0.          0.
   0.          0.          0.          0.          0.          0.
   0.          0.          0.          0.          0.          0.
   0.          0.          0.          0.          0.          0.
   0.          0.          0.          0.          1.          0.
   0.          0.          0.          0.          0.          0.
   0.          0.          0.          0.          0.67633942  1.15538522
  -0.12689142 -0.24207186 -0.91101164 -0.08969788 -0.30794673  2.43033886
  -0.55213581 -0.8890327   1.38919211 -0.19714873 -0.2111493  -0.28695631
  -1.26746693 -0.91178223 -0.2862721  -0.69194575  1.7441072  -0.78340423]
 [ 0.          0.          0.          0.          0.          0.
   0.          0.          0.          0.          0.          0.
   0.          0.          0.          0.          0.          0.
   0.          0.          0.          0.          0.          0.
   0.          0.          0.          0.          0.          0.
   0.          0.          0.          0.          0.          0.
   0.          1.          0.          0.          0.          0.
   0.          0.          0.          0.          0.          0.
   0.          0.          0.          0.          0.          0.
   0.          0.          0.          0.          0.          0.
   0.          0.          0.          0.          0.          0.
   0.          0.          0.          0.         -0.3947275  -0.14164989
  -0.43156414 -0.16760517 -0.91101164 -0.08969788 -0.30794673 -0.63260734
   0.29583258 -0.12594496 -0.65849042  0.5537117  -0.2111493   0.40687141
   1.20223026 -0.26963243 -0.19290967  1.44520001 -1.46339083  0.26074556]
 [ 0.          0.          0.          0.          0.          0.
   0.          0.          0.          0.          0.          0.
   0.          0.          0.          0.          0.          0.
   0.          0.          0.          0.          0.          0.
   0.          0.          0.          0.          0.          1.
   0.          0.          0.          0.          0.          0.
   0.          0.          0.          0.          0.          0.
   0.          0.          0.          0.          0.          0.
   0.          0.          0.          0.          0.          0.
   0.          0.          0.          0.          0.          0.
   0.          0.          0.          0.          0.          0.
   0.          0.          0.          0.          0.67633942  3.10093788
   3.63799292  2.10145304 -0.91101164 -0.08969788 -0.30794673 -0.63260734
   2.83973773  2.55091839  2.78431647  1.03153198 -0.2111493   0.69090714
   1.4861035   4.05028437  3.32923754 -0.69194575 -0.50114142 -0.4353543 ]
 [ 0.          0.          1.          0.          0.          0.
   0.          0.          0.          0.          0.          0.
   0.          0.          0.          0.          0.          0.
   0.          0.          0.          0.          0.          0.
   0.          0.          0.          0.          0.          0.
   0.          0.          0.          0.          0.          0.
   0.          0.          0.          0.          0.          0.
   0.          0.          0.          0.          0.          0.
   0.          0.          0.          0.          0.          0.
   0.          0.          0.          0.          0.          0.
   0.          0.          0.          0.          0.          0.
   0.          0.          0.          0.         -0.3947275   0.18260889
  -0.39348005 -0.19809299  0.94460375 -0.08969788 -0.30794673 -0.63260734
  -0.55213581 -0.0835512  -0.65849042  0.82675186 -0.2111493  -1.81265457
  -0.79907608  0.3695985  -0.21842302 -0.69194575 -0.18039162  1.30489535]
 [ 0.          0.          0.          0.          0.          0.
   0.          0.          0.          0.          0.          0.
   0.          0.          0.          0.          0.          0.
   0.          0.          0.          0.          0.          0.
   0.          0.          0.          0.          0.          0.
   0.          0.          0.          0.          0.          0.
   0.          0.          0.          0.          0.          0.
   0.          0.          0.          0.          0.          0.
   0.          0.          0.          0.          0.          0.
   0.          0.          0.          0.          0.          0.
   1.          0.          0.          0.          0.          0.
   0.          0.          0.          0.         -0.3947275  -1.43868499
  -0.32275245 -0.18235344 -0.91101164 -0.08969788 -0.30794673 -0.63260734
  -0.55213581 -0.8890327   0.98415601 -0.36779883 -0.2111493  -0.34838897
  -0.87004439 -0.29882106 -0.17015654  1.44520001 -0.82189122 -0.08730437]
 [ 0.          0.          0.          0.          0.          0.
   0.          0.          0.          0.          0.          0.
   0.          0.          0.          0.          0.          0.
   0.          0.          0.          0.          0.          1.
   0.          0.          0.          0.          0.          0.
   0.          0.          0.          0.          0.          0.
   0.          0.          0.          0.          0.          0.
   0.          0.          0.          0.          0.          0.
   0.          0.          0.          0.          0.          0.
   0.          0.          0.          0.          0.          0.
   0.          0.          0.          0.          0.          0.
   0.          0.          0.          0.         -0.3947275   0.50686767
  -0.2030596  -0.20435496  0.94460375 -0.08969788 -0.30794673 -0.63260734
  -0.55213581  0.12841762 -0.65849042  1.09979202 -0.2111493  -1.38840783
   1.3015859   0.59143207 -0.19041056  1.44520001 -1.14264102 -0.4353543 ]
 [ 0.          0.          0.          0.          0.          0.
   1.          0.          0.          0.          0.          0.
   0.          0.          0.          0.          0.          0.
   0.          0.          0.          0.          0.          0.
   0.          0.          0.          0.          0.          0.
   0.          0.          0.          0.          0.          0.
   0.          0.          0.          0.          0.          0.
   0.          0.          0.          0.          0.          0.
   0.          0.          0.          0.          0.          0.
   0.          0.          0.          0.          0.          0.
   0.          0.          0.          0.          0.          0.
   0.          0.          0.          0.         -0.3947275   0.50686767
   1.61409556 -0.12611658 -0.91101164 -0.08969788 -0.30794673 -0.63260734
   0.29583258  0.09208011  3.16685057 -0.19714873 -0.2111493   0.29051072
   0.49254716  0.32873442 -0.13986877  1.44520001 -0.82189122 -1.47950409]
 [ 0.          0.          0.          0.          0.          0.
   0.          0.          0.          0.          0.          0.
   0.          0.          0.          0.          0.          0.
   0.          0.          0.          0.          0.          0.
   0.          0.          0.          0.          0.          0.
   0.          0.          0.          0.          0.          0.
   0.          0.          0.          0.          0.          0.
   0.          0.          0.          0.          0.          0.
   0.          1.          0.          0.          0.          0.
   0.          0.          0.          0.          0.          0.
   0.          0.          0.          0.          0.          0.
   0.          0.          0.          0.         -1.46579442 -1.43868499
  -0.99738491 -0.21789436 -0.91101164 -0.08969788 -0.30794673  0.89886576
  -0.55213581 -1.11917028  0.01656975 -0.98213919 -0.2111493   0.93591506
  -0.550687   -0.95556517 -0.24897189 -0.69194575 -0.50114142  1.30489535]] 
 
 
Val : (17290, 90) 
 

FINISHED ENCODING
~~~~~~~~~~~~~~~~~~~~~~~~~~~~~~~~~~~~~~~~~~~~~~~~~~~~~~~~~~~~~~~~~~~~~~~~~~~~~~~
Number of Classes B4 Bin Verifier: 178
Unique values in y_train: (array([  0.,   1.,   2.,   3.,   4.,   5.,   6.,   7.,   8.,   9.,  10.,
        11.,  12.,  13.,  14.,  15.,  16.,  17.,  18.,  19.,  20.,  21.,
        22.,  23.,  24.,  25.,  26.,  27.,  28.,  29.,  30.,  31.,  32.,
        33.,  34.,  35.,  36.,  37.,  38.,  39.,  40.,  41.,  42.,  43.,
        44.,  45.,  46.,  47.,  48.,  49.,  50.,  51.,  52.,  53.,  54.,
        55.,  56.,  57.,  58.,  59.,  60.,  61.,  62.,  63.,  64.,  65.,
        66.,  67.,  68.,  69.,  70.,  71.,  72.,  73.,  74.,  75.,  76.,
        77.,  78.,  79.,  80.,  81.,  82.,  83.,  84.,  85.,  86.,  87.,
        88.,  89.,  90.,  91.,  92.,  93.,  94.,  95.,  96.,  97.,  98.,
        99., 100., 101., 102., 103., 104., 105., 106., 107., 108., 109.,
       110., 111., 112., 113., 114., 115., 116., 117., 118., 119., 120.,
       121., 122., 123., 124., 125., 126., 127., 128., 129., 130., 131.,
       132., 133., 134., 135., 136., 137., 138., 139., 140., 141., 142.,
       143., 144., 145., 146., 147., 148., 149., 150., 151., 152., 153.,
       154., 155., 156., 157., 158., 159., 160., 161., 162., 163., 164.,
       165., 166., 167., 168., 169., 170., 171., 172., 173., 174., 175.]), 176)
Unique values in y_test: (array([  0.,   1.,   2.,   3.,   4.,   5.,   6.,   7.,   8.,   9.,  10.,
        11.,  12.,  13.,  14.,  15.,  16.,  17.,  18.,  19.,  20.,  21.,
        22.,  23.,  24.,  25.,  26.,  27.,  28.,  29.,  30.,  31.,  32.,
        33.,  34.,  35.,  36.,  37.,  38.,  39.,  40.,  41.,  42.,  43.,
        44.,  45.,  46.,  47.,  48.,  49.,  50.,  51.,  52.,  53.,  54.,
        55.,  56.,  57.,  58.,  59.,  60.,  61.,  62.,  63.,  64.,  65.,
        66.,  67.,  68.,  69.,  70.,  71.,  72.,  73.,  74.,  75.,  76.,
        77.,  78.,  79.,  80.,  81.,  82.,  83.,  84.,  85.,  86.,  87.,
        88.,  89.,  90.,  91.,  92.,  93.,  94.,  95.,  96.,  97.,  98.,
        99., 100., 101., 102., 103., 104., 105., 106., 107., 108., 109.,
       110., 111., 112., 113., 114., 115., 116., 117., 118., 119., 120.,
       121., 122., 123., 124., 125., 126., 127., 128., 129., 130., 131.,
       132., 133., 134., 135., 136., 137., 138., 139., 140., 141., 142.,
       143., 144., 145., 146., 147., 148., 149., 150., 151., 152., 153.,
       154., 155., 156., 157., 158., 159., 160., 161., 162., 163., 164.,
       165., 166., 167., 168., 169., 170., 171., 172., 173., 174., 175.]), 176)
WE ARE IN THE GUTTERS!!!!!
Final Train Labels Length: 176
Final Test Labels Length: 176
Final Num Classes: 176
Final Bin Labels: [0, 1, 2, 3, 4, 5, 6, 7, 8, 9, 10, 11, 12, 13, 14, 15, 16, 17, 18, 19, 20, 21, 22, 23, 24, 25, 26, 27, 28, 29, 30, 31, 32, 33, 34, 35, 36, 37, 38, 39, 40, 41, 42, 43, 44, 45, 46, 47, 48, 49, 50, 51, 52, 53, 54, 55, 56, 57, 58, 59, 60, 61, 62, 63, 64, 65, 66, 67, 68, 69, 70, 71, 72, 73, 74, 75, 76, 77, 78, 79, 80, 81, 82, 83, 84, 85, 86, 87, 88, 89, 90, 91, 92, 93, 94, 95, 96, 97, 98, 99, 100, 101, 102, 103, 104, 105, 106, 107, 108, 109, 110, 111, 112, 113, 114, 115, 116, 117, 118, 119, 120, 121, 122, 123, 124, 125, 126, 127, 128, 129, 130, 131, 132, 133, 134, 135, 136, 137, 138, 139, 140, 141, 142, 143, 144, 145, 146, 147, 148, 149, 150, 151, 152, 153, 154, 155, 156, 157, 158, 159, 160, 161, 162, 163, 164, 165, 166, 167, 168, 169, 170, 171, 172, 173, 174, 175]
VERIFY SHIFT
Train after shift : [  0   1   2   3   4   5   6   7   8   9  10  11  12  13  14  15  16  17
  18  19  20  21  22  23  24  25  26  27  28  29  30  31  32  33  34  35
  36  37  38  39  40  41  42  43  44  45  46  47  48  49  50  51  52  53
  54  55  56  57  58  59  60  61  62  63  64  65  66  67  68  69  70  71
  72  73  74  75  76  77  78  79  80  81  82  83  84  85  86  87  88  89
  90  91  92  93  94  95  96  97  98  99 100 101 102 103 104 105 106 107
 108 109 110 111 112 113 114 115 116 117 118 119 120 121 122 123 124 125
 126 127 128 129 130 131 132 133 134 135 136 137 138 139 140 141 142 143
 144 145 146 147 148 149 150 151 152 153 154 155 156 157 158 159 160 161
 162 163 164 165 166 167 168 169 170 171 172 173 174 175], Length : 176
Test after shift : [  0   1   2   3   4   5   6   7   8   9  10  11  12  13  14  15  16  17
  18  19  20  21  22  23  24  25  26  27  28  29  30  31  32  33  34  35
  36  37  38  39  40  41  42  43  44  45  46  47  48  49  50  51  52  53
  54  55  56  57  58  59  60  61  62  63  64  65  66  67  68  69  70  71
  72  73  74  75  76  77  78  79  80  81  82  83  84  85  86  87  88  89
  90  91  92  93  94  95  96  97  98  99 100 101 102 103 104 105 106 107
 108 109 110 111 112 113 114 115 116 117 118 119 120 121 122 123 124 125
 126 127 128 129 130 131 132 133 134 135 136 137 138 139 140 141 142 143
 144 145 146 147 148 149 150 151 152 153 154 155 156 157 158 159 160 161
 162 163 164 165 166 167 168 169 170 171 172 173 174 175], Length : 176
Number of Classes After Bin Verifier: 176
In get_device


----------------------------------------------------------------------------
Training VIME Vesion 1 with Dataset: config/mercedes_benz.yml 



----------------------------------------------------------------------------
Namespace(batch_size=32, bin_alt=None, cat_dims=[2], cat_idx=[0], config='config/mercedes_benz.yml', data_parallel=False, dataset='Mercedes_Benz', direction='minimize', dropna_idx=[0], early_stopping_rounds=20, epochs=100, frequency_reg=False, gpu_ids=[0, 1], logging_period=100, miss_cat_idx=None, miss_num_idx=None, model_name='NODE', n_trials=100, nominal_idx=[1, 2, 3, 4, 5, 6, 7, 8], num_bins=10, num_classes=1, num_features=377, num_idx=None, num_splits=5, objective='probabilistic_regression', one_hot_encode=True, optimize_hyperparameters=False, ordinal_encode=False, ordinal_idx=None, scale=True, seed=221, shuffle=True, target_encode=False, use_gpu=True, val_batch_size=64, y_distribution='bimodial')
Train model with given hyperparameters
Loading dataset Mercedes_Benz...
Dataset loaded! 

(4209, 376)
I am in Main Once
In get_device
On: cuda
On Device: cuda
Almost Cross Validating
Model Name: NODE
Fold 1
num_features : 376
num_classes : 1
cat_idx : [0]
nominal_idx : [0, 1, 2, 3, 4, 5, 6, 7]
ordinal_idx : None
num_idx : None
cat_dims : [2]
bin_alt : None
~~~~~~~~~~~~~~~~~~~~~~~~~~~~~~~~~~~~~~~~~~~~~~~~~~~~~~~~~~~~~~~~~~~~~~~~~~~~~~~
BEFORE ANY ENCODING
num_features :376
num_classes : 1
cat_idx : [0]
nominal_idx : [0, 1, 2, 3, 4, 5, 6, 7]
ordinal_idx : None
num_idx : None
cat_dims : [2]
bin_alt : None 


X shape : (3367, 376)
~~~~~~~~~~~~~~~~~~~~~~~~~~~~~~~~~~~~~~~~~~~~~~~~~~~~~~~~~~~~~~~~~~~~~~~~~~~~~~~
~~~~~~~~~~~~~~~~~~~~~~~~~~~~~~~~~~~~~~~~~~~~~~~~~~~~~~~~~~~~~~~~~~~~~~~~~~~~~~~ 


AFTER SEPARATING CATEGORICALS AND NUMERICALS
Numerical Index V1 : [8, 9, 10, 11, 12, 13, 14, 15, 16, 17, 18, 19, 20, 21, 22, 23, 24, 25, 26, 27, 28, 29, 30, 31, 32, 33, 34, 35, 36, 37, 38, 39, 40, 41, 42, 43, 44, 45, 46, 47, 48, 49, 50, 51, 52, 53, 54, 55, 56, 57, 58, 59, 60, 61, 62, 63, 64, 65, 66, 67, 68, 69, 70, 71, 72, 73, 74, 75, 76, 77, 78, 79, 80, 81, 82, 83, 84, 85, 86, 87, 88, 89, 90, 91, 92, 93, 94, 95, 96, 97, 98, 99, 100, 101, 102, 103, 104, 105, 106, 107, 108, 109, 110, 111, 112, 113, 114, 115, 116, 117, 118, 119, 120, 121, 122, 123, 124, 125, 126, 127, 128, 129, 130, 131, 132, 133, 134, 135, 136, 137, 138, 139, 140, 141, 142, 143, 144, 145, 146, 147, 148, 149, 150, 151, 152, 153, 154, 155, 156, 157, 158, 159, 160, 161, 162, 163, 164, 165, 166, 167, 168, 169, 170, 171, 172, 173, 174, 175, 176, 177, 178, 179, 180, 181, 182, 183, 184, 185, 186, 187, 188, 189, 190, 191, 192, 193, 194, 195, 196, 197, 198, 199, 200, 201, 202, 203, 204, 205, 206, 207, 208, 209, 210, 211, 212, 213, 214, 215, 216, 217, 218, 219, 220, 221, 222, 223, 224, 225, 226, 227, 228, 229, 230, 231, 232, 233, 234, 235, 236, 237, 238, 239, 240, 241, 242, 243, 244, 245, 246, 247, 248, 249, 250, 251, 252, 253, 254, 255, 256, 257, 258, 259, 260, 261, 262, 263, 264, 265, 266, 267, 268, 269, 270, 271, 272, 273, 274, 275, 276, 277, 278, 279, 280, 281, 282, 283, 284, 285, 286, 287, 288, 289, 290, 291, 292, 293, 294, 295, 296, 297, 298, 299, 300, 301, 302, 303, 304, 305, 306, 307, 308, 309, 310, 311, 312, 313, 314, 315, 316, 317, 318, 319, 320, 321, 322, 323, 324, 325, 326, 327, 328, 329, 330, 331, 332, 333, 334, 335, 336, 337, 338, 339, 340, 341, 342, 343, 344, 345, 346, 347, 348, 349, 350, 351, 352, 353, 354, 355, 356, 357, 358, 359, 360, 361, 362, 363, 364, 365, 366, 367, 368, 369, 370, 371, 372, 373, 374, 375]
Cat Dims V1 : []
Cat Idx V1 : [0, 1, 2, 3, 4, 5, 6, 7] 
 

~~~~~~~~~~~~~~~~~~~~~~~~~~~~~~~~~~~~~~~~~~~~~~~~~~~~~~~~~~~~~~~~~~~~~~~~~~~~~~~ 


Scaling the data...
One Hot Encoding...
~~~~~~~~~~~~~~~~~~~~~~~~~~~~~~~~~~~~~~~~~~~~~~~~~~~~~~~~~~~~~~~~~~~~~~~~~~~~~~~
After OHE
Numerical Index V2 : [8, 9, 10, 11, 12, 13, 14, 15, 16, 17, 18, 19, 20, 21, 22, 23, 24, 25, 26, 27, 28, 29, 30, 31, 32, 33, 34, 35, 36, 37, 38, 39, 40, 41, 42, 43, 44, 45, 46, 47, 48, 49, 50, 51, 52, 53, 54, 55, 56, 57, 58, 59, 60, 61, 62, 63, 64, 65, 66, 67, 68, 69, 70, 71, 72, 73, 74, 75, 76, 77, 78, 79, 80, 81, 82, 83, 84, 85, 86, 87, 88, 89, 90, 91, 92, 93, 94, 95, 96, 97, 98, 99, 100, 101, 102, 103, 104, 105, 106, 107, 108, 109, 110, 111, 112, 113, 114, 115, 116, 117, 118, 119, 120, 121, 122, 123, 124, 125, 126, 127, 128, 129, 130, 131, 132, 133, 134, 135, 136, 137, 138, 139, 140, 141, 142, 143, 144, 145, 146, 147, 148, 149, 150, 151, 152, 153, 154, 155, 156, 157, 158, 159, 160, 161, 162, 163, 164, 165, 166, 167, 168, 169, 170, 171, 172, 173, 174, 175, 176, 177, 178, 179, 180, 181, 182, 183, 184, 185, 186, 187, 188, 189, 190, 191, 192, 193, 194, 195, 196, 197, 198, 199, 200, 201, 202, 203, 204, 205, 206, 207, 208, 209, 210, 211, 212, 213, 214, 215, 216, 217, 218, 219, 220, 221, 222, 223, 224, 225, 226, 227, 228, 229, 230, 231, 232, 233, 234, 235, 236, 237, 238, 239, 240, 241, 242, 243, 244, 245, 246, 247, 248, 249, 250, 251, 252, 253, 254, 255, 256, 257, 258, 259, 260, 261, 262, 263, 264, 265, 266, 267, 268, 269, 270, 271, 272, 273, 274, 275, 276, 277, 278, 279, 280, 281, 282, 283, 284, 285, 286, 287, 288, 289, 290, 291, 292, 293, 294, 295, 296, 297, 298, 299, 300, 301, 302, 303, 304, 305, 306, 307, 308, 309, 310, 311, 312, 313, 314, 315, 316, 317, 318, 319, 320, 321, 322, 323, 324, 325, 326, 327, 328, 329, 330, 331, 332, 333, 334, 335, 336, 337, 338, 339, 340, 341, 342, 343, 344, 345, 346, 347, 348, 349, 350, 351, 352, 353, 354, 355, 356, 357, 358, 359, 360, 361, 362, 363, 364, 365, 366, 367, 368, 369, 370, 371, 372, 373, 374, 375] 


OHE Idx : [0, 1, 2, 3, 4, 5, 6, 7, 8, 9, 10, 11, 12, 13, 14, 15, 16, 17, 18, 19, 20, 21, 22, 23, 24, 25, 26, 27, 28, 29, 30, 31, 32, 33, 34, 35, 36, 37, 38, 39, 40, 41, 42, 43, 44, 45, 46, 47, 48, 49, 50, 51, 52, 53, 54, 55, 56, 57, 58, 59, 60, 61, 62, 63, 64, 65, 66, 67, 68, 69, 70, 71, 72, 73, 74, 75, 76, 77, 78, 79, 80, 81, 82, 83, 84, 85, 86, 87, 88, 89, 90, 91, 92, 93, 94, 95, 96, 97, 98, 99, 100, 101, 102, 103, 104, 105, 106, 107, 108, 109, 110, 111, 112, 113, 114, 115, 116, 117, 118, 119, 120, 121, 122, 123, 124, 125, 126, 127, 128, 129, 130, 131, 132, 133, 134, 135, 136, 137, 138, 139, 140, 141, 142, 143, 144, 145, 146, 147, 148, 149, 150, 151, 152, 153, 154, 155, 156, 157, 158, 159, 160, 161, 162, 163, 164, 165, 166, 167, 168, 169, 170, 171, 172, 173, 174, 175, 176, 177, 178, 179, 180, 181, 182, 183, 184, 185, 186, 187, 188, 189, 190, 191, 192]


Ordinal Idx V2: None


Cat Dims V2 : []
Cat Idx V2 : None 
 

Train: [[0.0 0.0 0.0 0.0 0.0]
 [0.0 0.0 0.0 0.0 0.0]
 [0.0 0.0 0.0 0.0 0.0]
 [0.0 0.0 0.0 0.0 0.0]
 [0.0 0.0 0.0 0.0 0.0]
 [0.0 0.0 0.0 0.0 0.0]
 [0.0 0.0 0.0 0.0 0.0]
 [0.0 0.0 0.0 0.0 0.0]
 [0.0 0.0 0.0 0.0 0.0]
 [0.0 0.0 0.0 0.0 0.0]] 
 
 
Val : (3367, 561) 
 

~~~~~~~~~~~~~~~~~~~~~~~~~~~~~~~~~~~~~~~~~~~~~~~~~~~~~~~~~~~~~~~~~~~~~~~~~~~~~~~
~~~~~~~~~~~~~~~~~~~~~~~~~~~~~~~~~~~~~~~~~~~~~~~~~~~~~~~~~~~~~~~~~~~~~~~~~~~~~~~
After ORDINAL
Numerical Index V2 : [8, 9, 10, 11, 12, 13, 14, 15, 16, 17, 18, 19, 20, 21, 22, 23, 24, 25, 26, 27, 28, 29, 30, 31, 32, 33, 34, 35, 36, 37, 38, 39, 40, 41, 42, 43, 44, 45, 46, 47, 48, 49, 50, 51, 52, 53, 54, 55, 56, 57, 58, 59, 60, 61, 62, 63, 64, 65, 66, 67, 68, 69, 70, 71, 72, 73, 74, 75, 76, 77, 78, 79, 80, 81, 82, 83, 84, 85, 86, 87, 88, 89, 90, 91, 92, 93, 94, 95, 96, 97, 98, 99, 100, 101, 102, 103, 104, 105, 106, 107, 108, 109, 110, 111, 112, 113, 114, 115, 116, 117, 118, 119, 120, 121, 122, 123, 124, 125, 126, 127, 128, 129, 130, 131, 132, 133, 134, 135, 136, 137, 138, 139, 140, 141, 142, 143, 144, 145, 146, 147, 148, 149, 150, 151, 152, 153, 154, 155, 156, 157, 158, 159, 160, 161, 162, 163, 164, 165, 166, 167, 168, 169, 170, 171, 172, 173, 174, 175, 176, 177, 178, 179, 180, 181, 182, 183, 184, 185, 186, 187, 188, 189, 190, 191, 192, 193, 194, 195, 196, 197, 198, 199, 200, 201, 202, 203, 204, 205, 206, 207, 208, 209, 210, 211, 212, 213, 214, 215, 216, 217, 218, 219, 220, 221, 222, 223, 224, 225, 226, 227, 228, 229, 230, 231, 232, 233, 234, 235, 236, 237, 238, 239, 240, 241, 242, 243, 244, 245, 246, 247, 248, 249, 250, 251, 252, 253, 254, 255, 256, 257, 258, 259, 260, 261, 262, 263, 264, 265, 266, 267, 268, 269, 270, 271, 272, 273, 274, 275, 276, 277, 278, 279, 280, 281, 282, 283, 284, 285, 286, 287, 288, 289, 290, 291, 292, 293, 294, 295, 296, 297, 298, 299, 300, 301, 302, 303, 304, 305, 306, 307, 308, 309, 310, 311, 312, 313, 314, 315, 316, 317, 318, 319, 320, 321, 322, 323, 324, 325, 326, 327, 328, 329, 330, 331, 332, 333, 334, 335, 336, 337, 338, 339, 340, 341, 342, 343, 344, 345, 346, 347, 348, 349, 350, 351, 352, 353, 354, 355, 356, 357, 358, 359, 360, 361, 362, 363, 364, 365, 366, 367, 368, 369, 370, 371, 372, 373, 374, 375] 


OHE Idx : [0, 1, 2, 3, 4, 5, 6, 7, 8, 9, 10, 11, 12, 13, 14, 15, 16, 17, 18, 19, 20, 21, 22, 23, 24, 25, 26, 27, 28, 29, 30, 31, 32, 33, 34, 35, 36, 37, 38, 39, 40, 41, 42, 43, 44, 45, 46, 47, 48, 49, 50, 51, 52, 53, 54, 55, 56, 57, 58, 59, 60, 61, 62, 63, 64, 65, 66, 67, 68, 69, 70, 71, 72, 73, 74, 75, 76, 77, 78, 79, 80, 81, 82, 83, 84, 85, 86, 87, 88, 89, 90, 91, 92, 93, 94, 95, 96, 97, 98, 99, 100, 101, 102, 103, 104, 105, 106, 107, 108, 109, 110, 111, 112, 113, 114, 115, 116, 117, 118, 119, 120, 121, 122, 123, 124, 125, 126, 127, 128, 129, 130, 131, 132, 133, 134, 135, 136, 137, 138, 139, 140, 141, 142, 143, 144, 145, 146, 147, 148, 149, 150, 151, 152, 153, 154, 155, 156, 157, 158, 159, 160, 161, 162, 163, 164, 165, 166, 167, 168, 169, 170, 171, 172, 173, 174, 175, 176, 177, 178, 179, 180, 181, 182, 183, 184, 185, 186, 187, 188, 189, 190, 191, 192]


Ordinal Idx V2: None


Cat Dims V2 : []
Cat Idx V2 : None 
 

Train: [[0.0 0.0 0.0 ... -0.03448788502503235 -0.02437936915541597
  -0.03856436170937049]
 [0.0 0.0 0.0 ... -0.03448788502503235 -0.02437936915541597
  -0.03856436170937049]
 [0.0 0.0 0.0 ... -0.03448788502503235 -0.02437936915541597
  -0.03856436170937049]
 ...
 [0.0 0.0 0.0 ... -0.03448788502503235 -0.02437936915541597
  -0.03856436170937049]
 [0.0 0.0 0.0 ... -0.03448788502503235 -0.02437936915541597
  -0.03856436170937049]
 [0.0 0.0 0.0 ... -0.03448788502503235 -0.02437936915541597
  -0.03856436170937049]] 
 
 
Val : (3367, 561) 
 

FINISHED ENCODING
~~~~~~~~~~~~~~~~~~~~~~~~~~~~~~~~~~~~~~~~~~~~~~~~~~~~~~~~~~~~~~~~~~~~~~~~~~~~~~~
Number of Classes B4 Bin Verifier: 47
Unique values in y_train: (array([ 0.,  1.,  2.,  3.,  4.,  5.,  6.,  7.,  8.,  9., 10., 11., 12.,
       13., 14., 15., 16., 17., 18., 19., 20., 21., 22., 23., 24., 25.,
       26., 27., 28., 29., 30., 31., 32., 33., 34., 35., 36., 37., 38.,
       39., 40., 41., 42., 43., 44., 45., 46.]), 47)
Unique values in y_test: (array([ 0.,  1.,  2.,  3.,  4.,  5.,  6.,  7.,  8.,  9., 10., 11., 12.,
       13., 14., 15., 16., 17., 18., 19., 20., 21., 22., 23., 24., 25.,
       26., 27., 28., 29., 30., 31., 32., 33., 34., 35., 36., 37., 38.,
       39., 41., 42., 43.]), 43)
No need to shift labels.
VERIFY SHIFT
Train after shift : [ 0  1  2  3  4  5  6  7  8  9 10 11 12 13 14 15 16 17 18 19 20 21 22 23
 24 25 26 27 28 29 30 31 32 33 34 35 36 37 38 39 40 41 42 43 44 45 46], Length : 47
Test after shift : [ 0  1  2  3  4  5  6  7  8  9 10 11 12 13 14 15 16 17 18 19 20 21 22 23
 24 25 26 27 28 29 30 31 32 33 34 35 36 37 38 39 41 42 43], Length : 43
Number of Classes After Bin Verifier: 47
In get_device
On: cuda
On Device: cuda
{'num_layers': 8, 'total_tree_count': 1024, 'tree_depth': 8, 'tree_output_dim': 2}
Saved logs/Mercedes_Benz_2025.04.17_08:04:13/checkpoint_temp_100.pth


----------------------------------------------------------------------------
Training VIME Vesion 1 with Dataset: config/mip_2016.yml 



----------------------------------------------------------------------------
Namespace(batch_size=32, bin_alt=None, cat_dims=[2], cat_idx=[0], config='config/mip_2016.yml', data_parallel=False, dataset='MIP', direction='minimize', dropna_idx=[0], early_stopping_rounds=20, epochs=100, frequency_reg=False, gpu_ids=[0, 1], logging_period=100, miss_cat_idx=None, miss_num_idx=None, model_name='NODE', n_trials=100, nominal_idx=[145, 146], num_bins=10, num_classes=1, num_features=147, num_idx=None, num_splits=5, objective='probabilistic_regression', one_hot_encode=True, optimize_hyperparameters=False, ordinal_encode=False, ordinal_idx=None, scale=True, seed=221, shuffle=True, target_encode=False, use_gpu=True, val_batch_size=64, y_distribution='bimodial')
Train model with given hyperparameters
Loading dataset MIP...
Dataset loaded! 

(1090, 146)
I am in Main Once
In get_device
On: cuda
On Device: cuda
Almost Cross Validating
Model Name: NODE
Fold 1
num_features : 146
num_classes : 1
cat_idx : [0]
nominal_idx : [144, 145]
ordinal_idx : None
num_idx : None
cat_dims : [2]
bin_alt : None
~~~~~~~~~~~~~~~~~~~~~~~~~~~~~~~~~~~~~~~~~~~~~~~~~~~~~~~~~~~~~~~~~~~~~~~~~~~~~~~
BEFORE ANY ENCODING
num_features :146
num_classes : 1
cat_idx : [0]
nominal_idx : [144, 145]
ordinal_idx : None
num_idx : None
cat_dims : [2]
bin_alt : None 


X shape : (872, 146)
~~~~~~~~~~~~~~~~~~~~~~~~~~~~~~~~~~~~~~~~~~~~~~~~~~~~~~~~~~~~~~~~~~~~~~~~~~~~~~~
~~~~~~~~~~~~~~~~~~~~~~~~~~~~~~~~~~~~~~~~~~~~~~~~~~~~~~~~~~~~~~~~~~~~~~~~~~~~~~~ 


AFTER SEPARATING CATEGORICALS AND NUMERICALS
Numerical Index V1 : [0, 1, 2, 3, 4, 5, 6, 7, 8, 9, 10, 11, 12, 13, 14, 15, 16, 17, 18, 19, 20, 21, 22, 23, 24, 25, 26, 27, 28, 29, 30, 31, 32, 33, 34, 35, 36, 37, 38, 39, 40, 41, 42, 43, 44, 45, 46, 47, 48, 49, 50, 51, 52, 53, 54, 55, 56, 57, 58, 59, 60, 61, 62, 63, 64, 65, 66, 67, 68, 69, 70, 71, 72, 73, 74, 75, 76, 77, 78, 79, 80, 81, 82, 83, 84, 85, 86, 87, 88, 89, 90, 91, 92, 93, 94, 95, 96, 97, 98, 99, 100, 101, 102, 103, 104, 105, 106, 107, 108, 109, 110, 111, 112, 113, 114, 115, 116, 117, 118, 119, 120, 121, 122, 123, 124, 125, 126, 127, 128, 129, 130, 131, 132, 133, 134, 135, 136, 137, 138, 139, 140, 141, 142, 143]
Cat Dims V1 : []
Cat Idx V1 : [144, 145] 
 

~~~~~~~~~~~~~~~~~~~~~~~~~~~~~~~~~~~~~~~~~~~~~~~~~~~~~~~~~~~~~~~~~~~~~~~~~~~~~~~ 


Scaling the data...
One Hot Encoding...
~~~~~~~~~~~~~~~~~~~~~~~~~~~~~~~~~~~~~~~~~~~~~~~~~~~~~~~~~~~~~~~~~~~~~~~~~~~~~~~
After OHE
Numerical Index V2 : [0, 1, 2, 3, 4, 5, 6, 7, 8, 9, 10, 11, 12, 13, 14, 15, 16, 17, 18, 19, 20, 21, 22, 23, 24, 25, 26, 27, 28, 29, 30, 31, 32, 33, 34, 35, 36, 37, 38, 39, 40, 41, 42, 43, 44, 45, 46, 47, 48, 49, 50, 51, 52, 53, 54, 55, 56, 57, 58, 59, 60, 61, 62, 63, 64, 65, 66, 67, 68, 69, 70, 71, 72, 73, 74, 75, 76, 77, 78, 79, 80, 81, 82, 83, 84, 85, 86, 87, 88, 89, 90, 91, 92, 93, 94, 95, 96, 97, 98, 99, 100, 101, 102, 103, 104, 105, 106, 107, 108, 109, 110, 111, 112, 113, 114, 115, 116, 117, 118, 119, 120, 121, 122, 123, 124, 125, 126, 127, 128, 129, 130, 131, 132, 133, 134, 135, 136, 137, 138, 139, 140, 141, 142, 143] 


OHE Idx : [0, 1, 2, 3, 4, 5, 6]


Ordinal Idx V2: None


Cat Dims V2 : []
Cat Idx V2 : None 
 

Train: [[0.0 0.0 0.0 1.0 0.0]
 [0.0 0.0 1.0 0.0 0.0]
 [0.0 0.0 0.0 0.0 1.0]
 [0.0 1.0 0.0 0.0 0.0]
 [0.0 0.0 0.0 1.0 0.0]
 [0.0 0.0 1.0 0.0 0.0]
 [0.0 1.0 0.0 0.0 0.0]
 [0.0 0.0 0.0 1.0 0.0]
 [0.0 0.0 1.0 0.0 0.0]
 [0.0 0.0 0.0 0.0 1.0]] 
 
 
Val : (872, 151) 
 

~~~~~~~~~~~~~~~~~~~~~~~~~~~~~~~~~~~~~~~~~~~~~~~~~~~~~~~~~~~~~~~~~~~~~~~~~~~~~~~
~~~~~~~~~~~~~~~~~~~~~~~~~~~~~~~~~~~~~~~~~~~~~~~~~~~~~~~~~~~~~~~~~~~~~~~~~~~~~~~
After ORDINAL
Numerical Index V2 : [0, 1, 2, 3, 4, 5, 6, 7, 8, 9, 10, 11, 12, 13, 14, 15, 16, 17, 18, 19, 20, 21, 22, 23, 24, 25, 26, 27, 28, 29, 30, 31, 32, 33, 34, 35, 36, 37, 38, 39, 40, 41, 42, 43, 44, 45, 46, 47, 48, 49, 50, 51, 52, 53, 54, 55, 56, 57, 58, 59, 60, 61, 62, 63, 64, 65, 66, 67, 68, 69, 70, 71, 72, 73, 74, 75, 76, 77, 78, 79, 80, 81, 82, 83, 84, 85, 86, 87, 88, 89, 90, 91, 92, 93, 94, 95, 96, 97, 98, 99, 100, 101, 102, 103, 104, 105, 106, 107, 108, 109, 110, 111, 112, 113, 114, 115, 116, 117, 118, 119, 120, 121, 122, 123, 124, 125, 126, 127, 128, 129, 130, 131, 132, 133, 134, 135, 136, 137, 138, 139, 140, 141, 142, 143] 


OHE Idx : [0, 1, 2, 3, 4, 5, 6]


Ordinal Idx V2: None


Cat Dims V2 : []
Cat Idx V2 : None 
 

Train: [[0.0 0.0 0.0 ... -0.19374589191821132 -0.3222709797011101
  -0.1425475732690336]
 [0.0 0.0 1.0 ... -0.19374589191821132 -0.3222709797011101
  -0.1425475732690336]
 [0.0 0.0 0.0 ... -0.19374589191821132 -0.3222709797011101
  -0.1425475732690336]
 ...
 [0.0 0.0 0.0 ... -0.17479792177884007 0.9407415789477349
  0.026954450218144525]
 [0.0 0.0 1.0 ... -0.17479792177884007 0.9407415789477349
  0.026954450218144525]
 [0.0 0.0 0.0 ... -0.17479792177884007 0.9407415789477349
  0.026954450218144525]] 
 
 
Val : (872, 151) 
 

FINISHED ENCODING
~~~~~~~~~~~~~~~~~~~~~~~~~~~~~~~~~~~~~~~~~~~~~~~~~~~~~~~~~~~~~~~~~~~~~~~~~~~~~~~
Number of Classes B4 Bin Verifier: 91
Unique values in y_train: (array([ 0.,  1.,  2.,  3.,  4.,  5.,  6.,  7.,  8.,  9., 10., 11., 12.,
       13., 14., 15., 16., 17., 18., 19., 20., 21., 22., 23., 24., 25.,
       26., 27., 28., 29., 30., 31., 32., 33., 34., 35., 36., 37., 38.,
       39., 40., 41., 42., 43., 44., 45., 46., 47., 48., 49., 50., 51.,
       52., 53., 54., 55., 56., 57., 58., 59., 60., 61., 62., 63., 64.,
       65., 66., 67., 68., 69., 70., 71., 72., 73., 74., 75., 76., 77.,
       78., 79., 80., 81., 82., 83., 84., 85., 86., 87., 88., 89., 90.]), 91)
Unique values in y_test: (array([ 0.,  1.,  3.,  6., 17., 20., 21., 22., 24., 27., 31., 38., 41.,
       42., 43., 44., 45., 46., 47., 50., 52., 54., 55., 58., 59., 60.,
       61., 62., 64., 65., 66., 67., 69., 70., 71., 72., 73., 75., 77.,
       78., 80., 84., 85., 86.]), 44)
No need to shift labels.
VERIFY SHIFT
Train after shift : [ 0  1  2  3  4  5  6  7  8  9 10 11 12 13 14 15 16 17 18 19 20 21 22 23
 24 25 26 27 28 29 30 31 32 33 34 35 36 37 38 39 40 41 42 43 44 45 46 47
 48 49 50 51 52 53 54 55 56 57 58 59 60 61 62 63 64 65 66 67 68 69 70 71
 72 73 74 75 76 77 78 79 80 81 82 83 84 85 86 87 88 89 90], Length : 91
Test after shift : [ 0  1  3  6 17 20 21 22 24 27 31 38 41 42 43 44 45 46 47 50 52 54 55 58
 59 60 61 62 64 65 66 67 69 70 71 72 73 75 77 78 80 84 85 86], Length : 44
Number of Classes After Bin Verifier: 91
In get_device
On: cuda
On Device: cuda
{'num_layers': 8, 'total_tree_count': 1024, 'tree_depth': 8, 'tree_output_dim': 3}


----------------------------------------------------------------------------
Training VIME Vesion 1 with Dataset: config/moneyball.yml 



----------------------------------------------------------------------------
