Traceback (most recent call last):
  File "train.py", line 1211, in <module>
    main_once(arguments)
  File "train.py", line 1171, in main_once
    sc, timer, results = test_model(model_name, parameters, X, y, X_test, y_test, args, visual=True, save_model=True)
  File "train.py", line 912, in test_model
    loss_history, test_loss_history = curr_model.fit(X_train, y_train_class, X_test, y_test_class)  # X_test, y_test_class)
  File "/home/mburu/Master_Thesis/master-thesis-da/DNN_Trial/models/node.py", line 155, in fit
    self.trainer.average_checkpoints(out_tag='avg')
  File "/home/mburu/Master_Thesis/master-thesis-da/DNN_Trial/models/node_lib/trainer.py", line 96, in average_checkpoints
    averaged_ckpt['model'][key] = sum(values) / len(values)
torch.cuda.OutOfMemoryError: CUDA out of memory. Tried to allocate 98.00 MiB. GPU 0 has a total capacty of 7.79 GiB of which 98.44 MiB is free. Including non-PyTorch memory, this process has 7.69 GiB memory in use. Of the allocated memory 7.28 GiB is allocated by PyTorch, and 284.44 MiB is reserved by PyTorch but unallocated. If reserved but unallocated memory is large try setting max_split_size_mb to avoid fragmentation.  See documentation for Memory Management and PYTORCH_CUDA_ALLOC_CONF
srun: error: stud-000: task 0: Exited with exit code 1
Traceback (most recent call last):
  File "train.py", line 1211, in <module>
    main_once(arguments)
  File "train.py", line 1171, in main_once
    sc, timer, results = test_model(model_name, parameters, X, y, X_test, y_test, args, visual=True, save_model=True)
  File "train.py", line 912, in test_model
    loss_history, test_loss_history = curr_model.fit(X_train, y_train_class, X_test, y_test_class)  # X_test, y_test_class)
  File "/home/mburu/Master_Thesis/master-thesis-da/DNN_Trial/models/node.py", line 150, in fit
    metrics = self.trainer.train_on_batch(*batch, device=self.device)
  File "/home/mburu/Master_Thesis/master-thesis-da/DNN_Trial/models/node_lib/trainer.py", line 123, in train_on_batch
    loss = self.loss_function(self.model(x_batch), y_batch).mean()
  File "/home/mburu/anaconda3/envs/TabSurvey/lib/python3.8/site-packages/torch/nn/modules/module.py", line 1518, in _wrapped_call_impl
    return self._call_impl(*args, **kwargs)
  File "/home/mburu/anaconda3/envs/TabSurvey/lib/python3.8/site-packages/torch/nn/modules/module.py", line 1527, in _call_impl
    return forward_call(*args, **kwargs)
  File "/home/mburu/anaconda3/envs/TabSurvey/lib/python3.8/site-packages/torch/nn/modules/container.py", line 215, in forward
    input = module(input)
  File "/home/mburu/anaconda3/envs/TabSurvey/lib/python3.8/site-packages/torch/nn/modules/module.py", line 1518, in _wrapped_call_impl
    return self._call_impl(*args, **kwargs)
  File "/home/mburu/anaconda3/envs/TabSurvey/lib/python3.8/site-packages/torch/nn/modules/module.py", line 1527, in _call_impl
    return forward_call(*args, **kwargs)
  File "/home/mburu/Master_Thesis/master-thesis-da/DNN_Trial/models/node_lib/arch.py", line 31, in forward
    h = layer(layer_inp)
  File "/home/mburu/Master_Thesis/master-thesis-da/DNN_Trial/models/node_lib/nn_utils.py", line 221, in __call__
    return super().__call__(*args, **kwargs)
  File "/home/mburu/anaconda3/envs/TabSurvey/lib/python3.8/site-packages/torch/nn/modules/module.py", line 1518, in _wrapped_call_impl
    return self._call_impl(*args, **kwargs)
  File "/home/mburu/anaconda3/envs/TabSurvey/lib/python3.8/site-packages/torch/nn/modules/module.py", line 1527, in _call_impl
    return forward_call(*args, **kwargs)
  File "/home/mburu/Master_Thesis/master-thesis-da/DNN_Trial/models/node_lib/odst.py", line 84, in forward
    feature_selectors = self.choice_function(feature_logits, dim=0)
  File "/home/mburu/Master_Thesis/master-thesis-da/DNN_Trial/models/node_lib/nn_utils.py", line 186, in <lambda>
    entmax15 = lambda input, dim=-1: Entmax15Function.apply(input, dim)
  File "/home/mburu/anaconda3/envs/TabSurvey/lib/python3.8/site-packages/torch/autograd/function.py", line 539, in apply
    return super().apply(*args, **kwargs)  # type: ignore[misc]
  File "/home/mburu/Master_Thesis/master-thesis-da/DNN_Trial/models/node_lib/nn_utils.py", line 118, in forward
    tau_star, _ = Entmax15Function._threshold_and_support(input, dim)
  File "/home/mburu/Master_Thesis/master-thesis-da/DNN_Trial/models/node_lib/nn_utils.py", line 135, in _threshold_and_support
    Xsrt, _ = torch.sort(input, descending=True, dim=dim)
torch.cuda.OutOfMemoryError: CUDA out of memory. Tried to allocate 466.00 MiB. GPU 0 has a total capacty of 7.79 GiB of which 162.44 MiB is free. Including non-PyTorch memory, this process has 7.62 GiB memory in use. Of the allocated memory 6.48 GiB is allocated by PyTorch, and 1.01 GiB is reserved by PyTorch but unallocated. If reserved but unallocated memory is large try setting max_split_size_mb to avoid fragmentation.  See documentation for Memory Management and PYTORCH_CUDA_ALLOC_CONF
srun: error: stud-000: task 0: Exited with exit code 1
