/home/mburu/.local/lib/python3.8/site-packages/sklearn/preprocessing/_discretization.py:322: UserWarning: Bins whose width are too small (i.e., <= 1e-8) in feature 0 are removed. Consider decreasing the number of bins.
  warnings.warn(
/home/mburu/Master_Thesis/master-thesis-da/DNN_Trial/models/rtdl_models.py:479: UserWarning: To copy construct from a tensor, it is recommended to use sourceTensor.clone().detach() or sourceTensor.clone().detach().requires_grad_(True), rather than torch.tensor(sourceTensor).
  X = torch.tensor(X, dtype=torch.float32).to(self.device)
/home/mburu/.local/lib/python3.8/site-packages/sklearn/preprocessing/_discretization.py:322: UserWarning: Bins whose width are too small (i.e., <= 1e-8) in feature 0 are removed. Consider decreasing the number of bins.
  warnings.warn(
/home/mburu/Master_Thesis/master-thesis-da/DNN_Trial/models/rtdl_models.py:479: UserWarning: To copy construct from a tensor, it is recommended to use sourceTensor.clone().detach() or sourceTensor.clone().detach().requires_grad_(True), rather than torch.tensor(sourceTensor).
  X = torch.tensor(X, dtype=torch.float32).to(self.device)
/home/mburu/.local/lib/python3.8/site-packages/sklearn/preprocessing/_discretization.py:322: UserWarning: Bins whose width are too small (i.e., <= 1e-8) in feature 0 are removed. Consider decreasing the number of bins.
  warnings.warn(
/home/mburu/Master_Thesis/master-thesis-da/DNN_Trial/models/rtdl_models.py:479: UserWarning: To copy construct from a tensor, it is recommended to use sourceTensor.clone().detach() or sourceTensor.clone().detach().requires_grad_(True), rather than torch.tensor(sourceTensor).
  X = torch.tensor(X, dtype=torch.float32).to(self.device)
Traceback (most recent call last):
  File "train.py", line 1223, in <module>
    main_once(arguments)
  File "train.py", line 1148, in main_once
    sc, timer = test_model(model_name, parameters, X, y, X_test, y_test, args, visual=True, save_model=True)
  File "train.py", line 882, in test_model
    loss_history, test_loss_history = curr_model.fit(X_train, y_train_class, X_test, y_test_class)  # X_test, y_test_class)
  File "/home/mburu/Master_Thesis/master-thesis-da/DNN_Trial/models/rtdl_models.py", line 409, in fit
    outputs = self.model(x_cont, x_cat)
  File "/home/mburu/anaconda3/envs/TabSurvey/lib/python3.8/site-packages/torch/nn/modules/module.py", line 1518, in _wrapped_call_impl
    return self._call_impl(*args, **kwargs)
  File "/home/mburu/anaconda3/envs/TabSurvey/lib/python3.8/site-packages/torch/nn/modules/module.py", line 1527, in _call_impl
    return forward_call(*args, **kwargs)
  File "/home/mburu/anaconda3/envs/TabSurvey/lib/python3.8/site-packages/rtdl_revisiting_models.py", line 871, in forward
    x = self.backbone(x)
  File "/home/mburu/anaconda3/envs/TabSurvey/lib/python3.8/site-packages/torch/nn/modules/module.py", line 1518, in _wrapped_call_impl
    return self._call_impl(*args, **kwargs)
  File "/home/mburu/anaconda3/envs/TabSurvey/lib/python3.8/site-packages/torch/nn/modules/module.py", line 1527, in _call_impl
    return forward_call(*args, **kwargs)
  File "/home/mburu/anaconda3/envs/TabSurvey/lib/python3.8/site-packages/rtdl_revisiting_models.py", line 656, in forward
    x = block['attention'](x[:, :1] if i_block + 1 == n_blocks else x, x)
  File "/home/mburu/anaconda3/envs/TabSurvey/lib/python3.8/site-packages/torch/nn/modules/module.py", line 1518, in _wrapped_call_impl
    return self._call_impl(*args, **kwargs)
  File "/home/mburu/anaconda3/envs/TabSurvey/lib/python3.8/site-packages/torch/nn/modules/module.py", line 1527, in _call_impl
    return forward_call(*args, **kwargs)
  File "/home/mburu/anaconda3/envs/TabSurvey/lib/python3.8/site-packages/rtdl_revisiting_models.py", line 456, in forward
    attention_probs = self.dropout(attention_probs)
  File "/home/mburu/anaconda3/envs/TabSurvey/lib/python3.8/site-packages/torch/nn/modules/module.py", line 1518, in _wrapped_call_impl
    return self._call_impl(*args, **kwargs)
  File "/home/mburu/anaconda3/envs/TabSurvey/lib/python3.8/site-packages/torch/nn/modules/module.py", line 1527, in _call_impl
    return forward_call(*args, **kwargs)
  File "/home/mburu/anaconda3/envs/TabSurvey/lib/python3.8/site-packages/torch/nn/modules/dropout.py", line 58, in forward
    return F.dropout(input, self.p, self.training, self.inplace)
  File "/home/mburu/anaconda3/envs/TabSurvey/lib/python3.8/site-packages/torch/nn/functional.py", line 1266, in dropout
    return _VF.dropout_(input, p, training) if inplace else _VF.dropout(input, p, training)
torch.cuda.OutOfMemoryError: CUDA out of memory. Tried to allocate 2.31 GiB. GPU 0 has a total capacty of 7.79 GiB of which 1.79 GiB is free. Including non-PyTorch memory, this process has 6.00 GiB memory in use. Of the allocated memory 5.86 GiB is allocated by PyTorch, and 15.90 MiB is reserved by PyTorch but unallocated. If reserved but unallocated memory is large try setting max_split_size_mb to avoid fragmentation.  See documentation for Memory Management and PYTORCH_CUDA_ALLOC_CONF
srun: error: stud-000: task 0: Exited with exit code 1
Traceback (most recent call last):
  File "train.py", line 1223, in <module>
    main_once(arguments)
  File "train.py", line 1129, in main_once
    parameters = args.parameters[args.dataset][args.model_name]
KeyError: 'FTTransformer'
srun: error: stud-000: task 0: Exited with exit code 1
/home/mburu/Master_Thesis/master-thesis-da/DNN_Trial/models/rtdl_models.py:479: UserWarning: To copy construct from a tensor, it is recommended to use sourceTensor.clone().detach() or sourceTensor.clone().detach().requires_grad_(True), rather than torch.tensor(sourceTensor).
  X = torch.tensor(X, dtype=torch.float32).to(self.device)
/home/mburu/Master_Thesis/master-thesis-da/DNN_Trial/models/rtdl_models.py:479: UserWarning: To copy construct from a tensor, it is recommended to use sourceTensor.clone().detach() or sourceTensor.clone().detach().requires_grad_(True), rather than torch.tensor(sourceTensor).
  X = torch.tensor(X, dtype=torch.float32).to(self.device)
/home/mburu/Master_Thesis/master-thesis-da/DNN_Trial/models/rtdl_models.py:479: UserWarning: To copy construct from a tensor, it is recommended to use sourceTensor.clone().detach() or sourceTensor.clone().detach().requires_grad_(True), rather than torch.tensor(sourceTensor).
  X = torch.tensor(X, dtype=torch.float32).to(self.device)
/home/mburu/Master_Thesis/master-thesis-da/DNN_Trial/models/rtdl_models.py:479: UserWarning: To copy construct from a tensor, it is recommended to use sourceTensor.clone().detach() or sourceTensor.clone().detach().requires_grad_(True), rather than torch.tensor(sourceTensor).
  X = torch.tensor(X, dtype=torch.float32).to(self.device)
Traceback (most recent call last):
  File "train.py", line 1223, in <module>
    main_once(arguments)
  File "train.py", line 1148, in main_once
    sc, timer = test_model(model_name, parameters, X, y, X_test, y_test, args, visual=True, save_model=True)
  File "train.py", line 842, in test_model
    X_train, y_train, X_test, y_test = encoding(args, X_train, y_train, X_test, y_test)
  File "/home/mburu/Master_Thesis/master-thesis-da/DNN_Trial/utils/data_encoding.py", line 332, in encoding
    X_train[:, args.ordinal_idx] = encoder.fit_transform(X_train[:, args.ordinal_idx])
  File "/home/mburu/.local/lib/python3.8/site-packages/sklearn/utils/_set_output.py", line 157, in wrapped
    data_to_wrap = f(self, X, *args, **kwargs)
  File "/home/mburu/.local/lib/python3.8/site-packages/sklearn/base.py", line 916, in fit_transform
    return self.fit(X, **fit_params).transform(X)
  File "/home/mburu/.local/lib/python3.8/site-packages/sklearn/base.py", line 1152, in wrapper
    return fit_method(estimator, *args, **kwargs)
  File "/home/mburu/.local/lib/python3.8/site-packages/sklearn/preprocessing/_encoders.py", line 1499, in fit
    fit_results = self._fit(
  File "/home/mburu/.local/lib/python3.8/site-packages/sklearn/preprocessing/_encoders.py", line 113, in _fit
    cats = np.array(self.categories[i], dtype=Xi_dtype)
ValueError: could not convert string to float: 'not furnished'
srun: error: stud-000: task 0: Exited with exit code 1
/home/mburu/Master_Thesis/master-thesis-da/DNN_Trial/models/rtdl_models.py:479: UserWarning: To copy construct from a tensor, it is recommended to use sourceTensor.clone().detach() or sourceTensor.clone().detach().requires_grad_(True), rather than torch.tensor(sourceTensor).
  X = torch.tensor(X, dtype=torch.float32).to(self.device)
Traceback (most recent call last):
  File "train.py", line 1223, in <module>
    main_once(arguments)
  File "train.py", line 1148, in main_once
    sc, timer = test_model(model_name, parameters, X, y, X_test, y_test, args, visual=True, save_model=True)
  File "train.py", line 842, in test_model
    X_train, y_train, X_test, y_test = encoding(args, X_train, y_train, X_test, y_test)
  File "/home/mburu/Master_Thesis/master-thesis-da/DNN_Trial/utils/data_encoding.py", line 274, in encoding
    X_train[:, args.ordinal_idx] = encoder.fit_transform(X_train[:, args.ordinal_idx])
  File "/home/mburu/.local/lib/python3.8/site-packages/sklearn/utils/_set_output.py", line 157, in wrapped
    data_to_wrap = f(self, X, *args, **kwargs)
  File "/home/mburu/.local/lib/python3.8/site-packages/sklearn/base.py", line 916, in fit_transform
    return self.fit(X, **fit_params).transform(X)
  File "/home/mburu/.local/lib/python3.8/site-packages/sklearn/base.py", line 1152, in wrapper
    return fit_method(estimator, *args, **kwargs)
  File "/home/mburu/.local/lib/python3.8/site-packages/sklearn/preprocessing/_encoders.py", line 1499, in fit
    fit_results = self._fit(
  File "/home/mburu/.local/lib/python3.8/site-packages/sklearn/preprocessing/_encoders.py", line 113, in _fit
    cats = np.array(self.categories[i], dtype=Xi_dtype)
ValueError: could not convert string to float: 'Fair'
srun: error: stud-000: task 0: Exited with exit code 1
../aten/src/ATen/native/cuda/Indexing.cu:1292: indexSelectLargeIndex: block: [41,0,0], thread: [96,0,0] Assertion `srcIndex < srcSelectDimSize` failed.
../aten/src/ATen/native/cuda/Indexing.cu:1292: indexSelectLargeIndex: block: [41,0,0], thread: [97,0,0] Assertion `srcIndex < srcSelectDimSize` failed.
../aten/src/ATen/native/cuda/Indexing.cu:1292: indexSelectLargeIndex: block: [41,0,0], thread: [98,0,0] Assertion `srcIndex < srcSelectDimSize` failed.
../aten/src/ATen/native/cuda/Indexing.cu:1292: indexSelectLargeIndex: block: [41,0,0], thread: [99,0,0] Assertion `srcIndex < srcSelectDimSize` failed.
../aten/src/ATen/native/cuda/Indexing.cu:1292: indexSelectLargeIndex: block: [41,0,0], thread: [100,0,0] Assertion `srcIndex < srcSelectDimSize` failed.
../aten/src/ATen/native/cuda/Indexing.cu:1292: indexSelectLargeIndex: block: [41,0,0], thread: [101,0,0] Assertion `srcIndex < srcSelectDimSize` failed.
../aten/src/ATen/native/cuda/Indexing.cu:1292: indexSelectLargeIndex: block: [41,0,0], thread: [102,0,0] Assertion `srcIndex < srcSelectDimSize` failed.
../aten/src/ATen/native/cuda/Indexing.cu:1292: indexSelectLargeIndex: block: [41,0,0], thread: [103,0,0] Assertion `srcIndex < srcSelectDimSize` failed.
../aten/src/ATen/native/cuda/Indexing.cu:1292: indexSelectLargeIndex: block: [41,0,0], thread: [104,0,0] Assertion `srcIndex < srcSelectDimSize` failed.
../aten/src/ATen/native/cuda/Indexing.cu:1292: indexSelectLargeIndex: block: [41,0,0], thread: [105,0,0] Assertion `srcIndex < srcSelectDimSize` failed.
../aten/src/ATen/native/cuda/Indexing.cu:1292: indexSelectLargeIndex: block: [41,0,0], thread: [106,0,0] Assertion `srcIndex < srcSelectDimSize` failed.
../aten/src/ATen/native/cuda/Indexing.cu:1292: indexSelectLargeIndex: block: [41,0,0], thread: [107,0,0] Assertion `srcIndex < srcSelectDimSize` failed.
../aten/src/ATen/native/cuda/Indexing.cu:1292: indexSelectLargeIndex: block: [41,0,0], thread: [108,0,0] Assertion `srcIndex < srcSelectDimSize` failed.
../aten/src/ATen/native/cuda/Indexing.cu:1292: indexSelectLargeIndex: block: [41,0,0], thread: [109,0,0] Assertion `srcIndex < srcSelectDimSize` failed.
../aten/src/ATen/native/cuda/Indexing.cu:1292: indexSelectLargeIndex: block: [41,0,0], thread: [110,0,0] Assertion `srcIndex < srcSelectDimSize` failed.
../aten/src/ATen/native/cuda/Indexing.cu:1292: indexSelectLargeIndex: block: [41,0,0], thread: [111,0,0] Assertion `srcIndex < srcSelectDimSize` failed.
../aten/src/ATen/native/cuda/Indexing.cu:1292: indexSelectLargeIndex: block: [41,0,0], thread: [112,0,0] Assertion `srcIndex < srcSelectDimSize` failed.
../aten/src/ATen/native/cuda/Indexing.cu:1292: indexSelectLargeIndex: block: [41,0,0], thread: [113,0,0] Assertion `srcIndex < srcSelectDimSize` failed.
../aten/src/ATen/native/cuda/Indexing.cu:1292: indexSelectLargeIndex: block: [41,0,0], thread: [114,0,0] Assertion `srcIndex < srcSelectDimSize` failed.
../aten/src/ATen/native/cuda/Indexing.cu:1292: indexSelectLargeIndex: block: [41,0,0], thread: [115,0,0] Assertion `srcIndex < srcSelectDimSize` failed.
../aten/src/ATen/native/cuda/Indexing.cu:1292: indexSelectLargeIndex: block: [41,0,0], thread: [116,0,0] Assertion `srcIndex < srcSelectDimSize` failed.
../aten/src/ATen/native/cuda/Indexing.cu:1292: indexSelectLargeIndex: block: [41,0,0], thread: [117,0,0] Assertion `srcIndex < srcSelectDimSize` failed.
../aten/src/ATen/native/cuda/Indexing.cu:1292: indexSelectLargeIndex: block: [41,0,0], thread: [118,0,0] Assertion `srcIndex < srcSelectDimSize` failed.
../aten/src/ATen/native/cuda/Indexing.cu:1292: indexSelectLargeIndex: block: [41,0,0], thread: [119,0,0] Assertion `srcIndex < srcSelectDimSize` failed.
../aten/src/ATen/native/cuda/Indexing.cu:1292: indexSelectLargeIndex: block: [41,0,0], thread: [120,0,0] Assertion `srcIndex < srcSelectDimSize` failed.
../aten/src/ATen/native/cuda/Indexing.cu:1292: indexSelectLargeIndex: block: [41,0,0], thread: [121,0,0] Assertion `srcIndex < srcSelectDimSize` failed.
../aten/src/ATen/native/cuda/Indexing.cu:1292: indexSelectLargeIndex: block: [41,0,0], thread: [122,0,0] Assertion `srcIndex < srcSelectDimSize` failed.
../aten/src/ATen/native/cuda/Indexing.cu:1292: indexSelectLargeIndex: block: [41,0,0], thread: [123,0,0] Assertion `srcIndex < srcSelectDimSize` failed.
../aten/src/ATen/native/cuda/Indexing.cu:1292: indexSelectLargeIndex: block: [41,0,0], thread: [124,0,0] Assertion `srcIndex < srcSelectDimSize` failed.
../aten/src/ATen/native/cuda/Indexing.cu:1292: indexSelectLargeIndex: block: [41,0,0], thread: [125,0,0] Assertion `srcIndex < srcSelectDimSize` failed.
../aten/src/ATen/native/cuda/Indexing.cu:1292: indexSelectLargeIndex: block: [41,0,0], thread: [126,0,0] Assertion `srcIndex < srcSelectDimSize` failed.
../aten/src/ATen/native/cuda/Indexing.cu:1292: indexSelectLargeIndex: block: [41,0,0], thread: [127,0,0] Assertion `srcIndex < srcSelectDimSize` failed.
../aten/src/ATen/native/cuda/Indexing.cu:1292: indexSelectLargeIndex: block: [41,0,0], thread: [64,0,0] Assertion `srcIndex < srcSelectDimSize` failed.
../aten/src/ATen/native/cuda/Indexing.cu:1292: indexSelectLargeIndex: block: [41,0,0], thread: [65,0,0] Assertion `srcIndex < srcSelectDimSize` failed.
../aten/src/ATen/native/cuda/Indexing.cu:1292: indexSelectLargeIndex: block: [41,0,0], thread: [66,0,0] Assertion `srcIndex < srcSelectDimSize` failed.
../aten/src/ATen/native/cuda/Indexing.cu:1292: indexSelectLargeIndex: block: [41,0,0], thread: [67,0,0] Assertion `srcIndex < srcSelectDimSize` failed.
../aten/src/ATen/native/cuda/Indexing.cu:1292: indexSelectLargeIndex: block: [41,0,0], thread: [68,0,0] Assertion `srcIndex < srcSelectDimSize` failed.
../aten/src/ATen/native/cuda/Indexing.cu:1292: indexSelectLargeIndex: block: [41,0,0], thread: [69,0,0] Assertion `srcIndex < srcSelectDimSize` failed.
../aten/src/ATen/native/cuda/Indexing.cu:1292: indexSelectLargeIndex: block: [41,0,0], thread: [70,0,0] Assertion `srcIndex < srcSelectDimSize` failed.
../aten/src/ATen/native/cuda/Indexing.cu:1292: indexSelectLargeIndex: block: [41,0,0], thread: [71,0,0] Assertion `srcIndex < srcSelectDimSize` failed.
../aten/src/ATen/native/cuda/Indexing.cu:1292: indexSelectLargeIndex: block: [41,0,0], thread: [72,0,0] Assertion `srcIndex < srcSelectDimSize` failed.
../aten/src/ATen/native/cuda/Indexing.cu:1292: indexSelectLargeIndex: block: [41,0,0], thread: [73,0,0] Assertion `srcIndex < srcSelectDimSize` failed.
../aten/src/ATen/native/cuda/Indexing.cu:1292: indexSelectLargeIndex: block: [41,0,0], thread: [74,0,0] Assertion `srcIndex < srcSelectDimSize` failed.
../aten/src/ATen/native/cuda/Indexing.cu:1292: indexSelectLargeIndex: block: [41,0,0], thread: [75,0,0] Assertion `srcIndex < srcSelectDimSize` failed.
../aten/src/ATen/native/cuda/Indexing.cu:1292: indexSelectLargeIndex: block: [41,0,0], thread: [76,0,0] Assertion `srcIndex < srcSelectDimSize` failed.
../aten/src/ATen/native/cuda/Indexing.cu:1292: indexSelectLargeIndex: block: [41,0,0], thread: [77,0,0] Assertion `srcIndex < srcSelectDimSize` failed.
../aten/src/ATen/native/cuda/Indexing.cu:1292: indexSelectLargeIndex: block: [41,0,0], thread: [78,0,0] Assertion `srcIndex < srcSelectDimSize` failed.
../aten/src/ATen/native/cuda/Indexing.cu:1292: indexSelectLargeIndex: block: [41,0,0], thread: [79,0,0] Assertion `srcIndex < srcSelectDimSize` failed.
../aten/src/ATen/native/cuda/Indexing.cu:1292: indexSelectLargeIndex: block: [41,0,0], thread: [80,0,0] Assertion `srcIndex < srcSelectDimSize` failed.
../aten/src/ATen/native/cuda/Indexing.cu:1292: indexSelectLargeIndex: block: [41,0,0], thread: [81,0,0] Assertion `srcIndex < srcSelectDimSize` failed.
../aten/src/ATen/native/cuda/Indexing.cu:1292: indexSelectLargeIndex: block: [41,0,0], thread: [82,0,0] Assertion `srcIndex < srcSelectDimSize` failed.
../aten/src/ATen/native/cuda/Indexing.cu:1292: indexSelectLargeIndex: block: [41,0,0], thread: [83,0,0] Assertion `srcIndex < srcSelectDimSize` failed.
../aten/src/ATen/native/cuda/Indexing.cu:1292: indexSelectLargeIndex: block: [41,0,0], thread: [84,0,0] Assertion `srcIndex < srcSelectDimSize` failed.
../aten/src/ATen/native/cuda/Indexing.cu:1292: indexSelectLargeIndex: block: [41,0,0], thread: [85,0,0] Assertion `srcIndex < srcSelectDimSize` failed.
../aten/src/ATen/native/cuda/Indexing.cu:1292: indexSelectLargeIndex: block: [41,0,0], thread: [86,0,0] Assertion `srcIndex < srcSelectDimSize` failed.
../aten/src/ATen/native/cuda/Indexing.cu:1292: indexSelectLargeIndex: block: [41,0,0], thread: [87,0,0] Assertion `srcIndex < srcSelectDimSize` failed.
../aten/src/ATen/native/cuda/Indexing.cu:1292: indexSelectLargeIndex: block: [41,0,0], thread: [88,0,0] Assertion `srcIndex < srcSelectDimSize` failed.
../aten/src/ATen/native/cuda/Indexing.cu:1292: indexSelectLargeIndex: block: [41,0,0], thread: [89,0,0] Assertion `srcIndex < srcSelectDimSize` failed.
../aten/src/ATen/native/cuda/Indexing.cu:1292: indexSelectLargeIndex: block: [41,0,0], thread: [90,0,0] Assertion `srcIndex < srcSelectDimSize` failed.
../aten/src/ATen/native/cuda/Indexing.cu:1292: indexSelectLargeIndex: block: [41,0,0], thread: [91,0,0] Assertion `srcIndex < srcSelectDimSize` failed.
../aten/src/ATen/native/cuda/Indexing.cu:1292: indexSelectLargeIndex: block: [41,0,0], thread: [92,0,0] Assertion `srcIndex < srcSelectDimSize` failed.
../aten/src/ATen/native/cuda/Indexing.cu:1292: indexSelectLargeIndex: block: [41,0,0], thread: [93,0,0] Assertion `srcIndex < srcSelectDimSize` failed.
../aten/src/ATen/native/cuda/Indexing.cu:1292: indexSelectLargeIndex: block: [41,0,0], thread: [94,0,0] Assertion `srcIndex < srcSelectDimSize` failed.
../aten/src/ATen/native/cuda/Indexing.cu:1292: indexSelectLargeIndex: block: [41,0,0], thread: [95,0,0] Assertion `srcIndex < srcSelectDimSize` failed.
../aten/src/ATen/native/cuda/Indexing.cu:1292: indexSelectLargeIndex: block: [74,0,0], thread: [64,0,0] Assertion `srcIndex < srcSelectDimSize` failed.
../aten/src/ATen/native/cuda/Indexing.cu:1292: indexSelectLargeIndex: block: [74,0,0], thread: [65,0,0] Assertion `srcIndex < srcSelectDimSize` failed.
../aten/src/ATen/native/cuda/Indexing.cu:1292: indexSelectLargeIndex: block: [74,0,0], thread: [66,0,0] Assertion `srcIndex < srcSelectDimSize` failed.
../aten/src/ATen/native/cuda/Indexing.cu:1292: indexSelectLargeIndex: block: [74,0,0], thread: [67,0,0] Assertion `srcIndex < srcSelectDimSize` failed.
../aten/src/ATen/native/cuda/Indexing.cu:1292: indexSelectLargeIndex: block: [74,0,0], thread: [68,0,0] Assertion `srcIndex < srcSelectDimSize` failed.
../aten/src/ATen/native/cuda/Indexing.cu:1292: indexSelectLargeIndex: block: [74,0,0], thread: [69,0,0] Assertion `srcIndex < srcSelectDimSize` failed.
../aten/src/ATen/native/cuda/Indexing.cu:1292: indexSelectLargeIndex: block: [74,0,0], thread: [70,0,0] Assertion `srcIndex < srcSelectDimSize` failed.
../aten/src/ATen/native/cuda/Indexing.cu:1292: indexSelectLargeIndex: block: [74,0,0], thread: [71,0,0] Assertion `srcIndex < srcSelectDimSize` failed.
../aten/src/ATen/native/cuda/Indexing.cu:1292: indexSelectLargeIndex: block: [74,0,0], thread: [72,0,0] Assertion `srcIndex < srcSelectDimSize` failed.
../aten/src/ATen/native/cuda/Indexing.cu:1292: indexSelectLargeIndex: block: [74,0,0], thread: [73,0,0] Assertion `srcIndex < srcSelectDimSize` failed.
../aten/src/ATen/native/cuda/Indexing.cu:1292: indexSelectLargeIndex: block: [74,0,0], thread: [74,0,0] Assertion `srcIndex < srcSelectDimSize` failed.
../aten/src/ATen/native/cuda/Indexing.cu:1292: indexSelectLargeIndex: block: [74,0,0], thread: [75,0,0] Assertion `srcIndex < srcSelectDimSize` failed.
../aten/src/ATen/native/cuda/Indexing.cu:1292: indexSelectLargeIndex: block: [74,0,0], thread: [76,0,0] Assertion `srcIndex < srcSelectDimSize` failed.
../aten/src/ATen/native/cuda/Indexing.cu:1292: indexSelectLargeIndex: block: [74,0,0], thread: [77,0,0] Assertion `srcIndex < srcSelectDimSize` failed.
../aten/src/ATen/native/cuda/Indexing.cu:1292: indexSelectLargeIndex: block: [74,0,0], thread: [78,0,0] Assertion `srcIndex < srcSelectDimSize` failed.
../aten/src/ATen/native/cuda/Indexing.cu:1292: indexSelectLargeIndex: block: [74,0,0], thread: [79,0,0] Assertion `srcIndex < srcSelectDimSize` failed.
../aten/src/ATen/native/cuda/Indexing.cu:1292: indexSelectLargeIndex: block: [74,0,0], thread: [80,0,0] Assertion `srcIndex < srcSelectDimSize` failed.
../aten/src/ATen/native/cuda/Indexing.cu:1292: indexSelectLargeIndex: block: [74,0,0], thread: [81,0,0] Assertion `srcIndex < srcSelectDimSize` failed.
../aten/src/ATen/native/cuda/Indexing.cu:1292: indexSelectLargeIndex: block: [74,0,0], thread: [82,0,0] Assertion `srcIndex < srcSelectDimSize` failed.
../aten/src/ATen/native/cuda/Indexing.cu:1292: indexSelectLargeIndex: block: [74,0,0], thread: [83,0,0] Assertion `srcIndex < srcSelectDimSize` failed.
../aten/src/ATen/native/cuda/Indexing.cu:1292: indexSelectLargeIndex: block: [74,0,0], thread: [84,0,0] Assertion `srcIndex < srcSelectDimSize` failed.
../aten/src/ATen/native/cuda/Indexing.cu:1292: indexSelectLargeIndex: block: [74,0,0], thread: [85,0,0] Assertion `srcIndex < srcSelectDimSize` failed.
../aten/src/ATen/native/cuda/Indexing.cu:1292: indexSelectLargeIndex: block: [74,0,0], thread: [86,0,0] Assertion `srcIndex < srcSelectDimSize` failed.
../aten/src/ATen/native/cuda/Indexing.cu:1292: indexSelectLargeIndex: block: [74,0,0], thread: [87,0,0] Assertion `srcIndex < srcSelectDimSize` failed.
../aten/src/ATen/native/cuda/Indexing.cu:1292: indexSelectLargeIndex: block: [74,0,0], thread: [88,0,0] Assertion `srcIndex < srcSelectDimSize` failed.
../aten/src/ATen/native/cuda/Indexing.cu:1292: indexSelectLargeIndex: block: [74,0,0], thread: [89,0,0] Assertion `srcIndex < srcSelectDimSize` failed.
../aten/src/ATen/native/cuda/Indexing.cu:1292: indexSelectLargeIndex: block: [74,0,0], thread: [90,0,0] Assertion `srcIndex < srcSelectDimSize` failed.
../aten/src/ATen/native/cuda/Indexing.cu:1292: indexSelectLargeIndex: block: [74,0,0], thread: [91,0,0] Assertion `srcIndex < srcSelectDimSize` failed.
../aten/src/ATen/native/cuda/Indexing.cu:1292: indexSelectLargeIndex: block: [74,0,0], thread: [92,0,0] Assertion `srcIndex < srcSelectDimSize` failed.
../aten/src/ATen/native/cuda/Indexing.cu:1292: indexSelectLargeIndex: block: [74,0,0], thread: [93,0,0] Assertion `srcIndex < srcSelectDimSize` failed.
../aten/src/ATen/native/cuda/Indexing.cu:1292: indexSelectLargeIndex: block: [74,0,0], thread: [94,0,0] Assertion `srcIndex < srcSelectDimSize` failed.
../aten/src/ATen/native/cuda/Indexing.cu:1292: indexSelectLargeIndex: block: [74,0,0], thread: [95,0,0] Assertion `srcIndex < srcSelectDimSize` failed.
../aten/src/ATen/native/cuda/Indexing.cu:1292: indexSelectLargeIndex: block: [41,0,0], thread: [0,0,0] Assertion `srcIndex < srcSelectDimSize` failed.
../aten/src/ATen/native/cuda/Indexing.cu:1292: indexSelectLargeIndex: block: [41,0,0], thread: [1,0,0] Assertion `srcIndex < srcSelectDimSize` failed.
../aten/src/ATen/native/cuda/Indexing.cu:1292: indexSelectLargeIndex: block: [41,0,0], thread: [2,0,0] Assertion `srcIndex < srcSelectDimSize` failed.
../aten/src/ATen/native/cuda/Indexing.cu:1292: indexSelectLargeIndex: block: [41,0,0], thread: [3,0,0] Assertion `srcIndex < srcSelectDimSize` failed.
../aten/src/ATen/native/cuda/Indexing.cu:1292: indexSelectLargeIndex: block: [41,0,0], thread: [4,0,0] Assertion `srcIndex < srcSelectDimSize` failed.
../aten/src/ATen/native/cuda/Indexing.cu:1292: indexSelectLargeIndex: block: [41,0,0], thread: [5,0,0] Assertion `srcIndex < srcSelectDimSize` failed.
../aten/src/ATen/native/cuda/Indexing.cu:1292: indexSelectLargeIndex: block: [41,0,0], thread: [6,0,0] Assertion `srcIndex < srcSelectDimSize` failed.
../aten/src/ATen/native/cuda/Indexing.cu:1292: indexSelectLargeIndex: block: [41,0,0], thread: [7,0,0] Assertion `srcIndex < srcSelectDimSize` failed.
../aten/src/ATen/native/cuda/Indexing.cu:1292: indexSelectLargeIndex: block: [41,0,0], thread: [8,0,0] Assertion `srcIndex < srcSelectDimSize` failed.
../aten/src/ATen/native/cuda/Indexing.cu:1292: indexSelectLargeIndex: block: [41,0,0], thread: [9,0,0] Assertion `srcIndex < srcSelectDimSize` failed.
../aten/src/ATen/native/cuda/Indexing.cu:1292: indexSelectLargeIndex: block: [41,0,0], thread: [10,0,0] Assertion `srcIndex < srcSelectDimSize` failed.
../aten/src/ATen/native/cuda/Indexing.cu:1292: indexSelectLargeIndex: block: [41,0,0], thread: [11,0,0] Assertion `srcIndex < srcSelectDimSize` failed.
../aten/src/ATen/native/cuda/Indexing.cu:1292: indexSelectLargeIndex: block: [41,0,0], thread: [12,0,0] Assertion `srcIndex < srcSelectDimSize` failed.
../aten/src/ATen/native/cuda/Indexing.cu:1292: indexSelectLargeIndex: block: [41,0,0], thread: [13,0,0] Assertion `srcIndex < srcSelectDimSize` failed.
../aten/src/ATen/native/cuda/Indexing.cu:1292: indexSelectLargeIndex: block: [41,0,0], thread: [14,0,0] Assertion `srcIndex < srcSelectDimSize` failed.
../aten/src/ATen/native/cuda/Indexing.cu:1292: indexSelectLargeIndex: block: [41,0,0], thread: [15,0,0] Assertion `srcIndex < srcSelectDimSize` failed.
../aten/src/ATen/native/cuda/Indexing.cu:1292: indexSelectLargeIndex: block: [41,0,0], thread: [16,0,0] Assertion `srcIndex < srcSelectDimSize` failed.
../aten/src/ATen/native/cuda/Indexing.cu:1292: indexSelectLargeIndex: block: [41,0,0], thread: [17,0,0] Assertion `srcIndex < srcSelectDimSize` failed.
../aten/src/ATen/native/cuda/Indexing.cu:1292: indexSelectLargeIndex: block: [41,0,0], thread: [18,0,0] Assertion `srcIndex < srcSelectDimSize` failed.
../aten/src/ATen/native/cuda/Indexing.cu:1292: indexSelectLargeIndex: block: [41,0,0], thread: [19,0,0] Assertion `srcIndex < srcSelectDimSize` failed.
../aten/src/ATen/native/cuda/Indexing.cu:1292: indexSelectLargeIndex: block: [41,0,0], thread: [20,0,0] Assertion `srcIndex < srcSelectDimSize` failed.
../aten/src/ATen/native/cuda/Indexing.cu:1292: indexSelectLargeIndex: block: [41,0,0], thread: [21,0,0] Assertion `srcIndex < srcSelectDimSize` failed.
../aten/src/ATen/native/cuda/Indexing.cu:1292: indexSelectLargeIndex: block: [41,0,0], thread: [22,0,0] Assertion `srcIndex < srcSelectDimSize` failed.
../aten/src/ATen/native/cuda/Indexing.cu:1292: indexSelectLargeIndex: block: [41,0,0], thread: [23,0,0] Assertion `srcIndex < srcSelectDimSize` failed.
../aten/src/ATen/native/cuda/Indexing.cu:1292: indexSelectLargeIndex: block: [41,0,0], thread: [24,0,0] Assertion `srcIndex < srcSelectDimSize` failed.
../aten/src/ATen/native/cuda/Indexing.cu:1292: indexSelectLargeIndex: block: [41,0,0], thread: [25,0,0] Assertion `srcIndex < srcSelectDimSize` failed.
../aten/src/ATen/native/cuda/Indexing.cu:1292: indexSelectLargeIndex: block: [41,0,0], thread: [26,0,0] Assertion `srcIndex < srcSelectDimSize` failed.
../aten/src/ATen/native/cuda/Indexing.cu:1292: indexSelectLargeIndex: block: [41,0,0], thread: [27,0,0] Assertion `srcIndex < srcSelectDimSize` failed.
../aten/src/ATen/native/cuda/Indexing.cu:1292: indexSelectLargeIndex: block: [41,0,0], thread: [28,0,0] Assertion `srcIndex < srcSelectDimSize` failed.
../aten/src/ATen/native/cuda/Indexing.cu:1292: indexSelectLargeIndex: block: [41,0,0], thread: [29,0,0] Assertion `srcIndex < srcSelectDimSize` failed.
../aten/src/ATen/native/cuda/Indexing.cu:1292: indexSelectLargeIndex: block: [41,0,0], thread: [30,0,0] Assertion `srcIndex < srcSelectDimSize` failed.
../aten/src/ATen/native/cuda/Indexing.cu:1292: indexSelectLargeIndex: block: [41,0,0], thread: [31,0,0] Assertion `srcIndex < srcSelectDimSize` failed.
../aten/src/ATen/native/cuda/Indexing.cu:1292: indexSelectLargeIndex: block: [41,0,0], thread: [32,0,0] Assertion `srcIndex < srcSelectDimSize` failed.
../aten/src/ATen/native/cuda/Indexing.cu:1292: indexSelectLargeIndex: block: [41,0,0], thread: [33,0,0] Assertion `srcIndex < srcSelectDimSize` failed.
../aten/src/ATen/native/cuda/Indexing.cu:1292: indexSelectLargeIndex: block: [41,0,0], thread: [34,0,0] Assertion `srcIndex < srcSelectDimSize` failed.
../aten/src/ATen/native/cuda/Indexing.cu:1292: indexSelectLargeIndex: block: [41,0,0], thread: [35,0,0] Assertion `srcIndex < srcSelectDimSize` failed.
../aten/src/ATen/native/cuda/Indexing.cu:1292: indexSelectLargeIndex: block: [41,0,0], thread: [36,0,0] Assertion `srcIndex < srcSelectDimSize` failed.
../aten/src/ATen/native/cuda/Indexing.cu:1292: indexSelectLargeIndex: block: [41,0,0], thread: [37,0,0] Assertion `srcIndex < srcSelectDimSize` failed.
../aten/src/ATen/native/cuda/Indexing.cu:1292: indexSelectLargeIndex: block: [41,0,0], thread: [38,0,0] Assertion `srcIndex < srcSelectDimSize` failed.
../aten/src/ATen/native/cuda/Indexing.cu:1292: indexSelectLargeIndex: block: [41,0,0], thread: [39,0,0] Assertion `srcIndex < srcSelectDimSize` failed.
../aten/src/ATen/native/cuda/Indexing.cu:1292: indexSelectLargeIndex: block: [41,0,0], thread: [40,0,0] Assertion `srcIndex < srcSelectDimSize` failed.
../aten/src/ATen/native/cuda/Indexing.cu:1292: indexSelectLargeIndex: block: [41,0,0], thread: [41,0,0] Assertion `srcIndex < srcSelectDimSize` failed.
../aten/src/ATen/native/cuda/Indexing.cu:1292: indexSelectLargeIndex: block: [41,0,0], thread: [42,0,0] Assertion `srcIndex < srcSelectDimSize` failed.
../aten/src/ATen/native/cuda/Indexing.cu:1292: indexSelectLargeIndex: block: [41,0,0], thread: [43,0,0] Assertion `srcIndex < srcSelectDimSize` failed.
../aten/src/ATen/native/cuda/Indexing.cu:1292: indexSelectLargeIndex: block: [41,0,0], thread: [44,0,0] Assertion `srcIndex < srcSelectDimSize` failed.
../aten/src/ATen/native/cuda/Indexing.cu:1292: indexSelectLargeIndex: block: [41,0,0], thread: [45,0,0] Assertion `srcIndex < srcSelectDimSize` failed.
../aten/src/ATen/native/cuda/Indexing.cu:1292: indexSelectLargeIndex: block: [41,0,0], thread: [46,0,0] Assertion `srcIndex < srcSelectDimSize` failed.
../aten/src/ATen/native/cuda/Indexing.cu:1292: indexSelectLargeIndex: block: [41,0,0], thread: [47,0,0] Assertion `srcIndex < srcSelectDimSize` failed.
../aten/src/ATen/native/cuda/Indexing.cu:1292: indexSelectLargeIndex: block: [41,0,0], thread: [48,0,0] Assertion `srcIndex < srcSelectDimSize` failed.
../aten/src/ATen/native/cuda/Indexing.cu:1292: indexSelectLargeIndex: block: [41,0,0], thread: [49,0,0] Assertion `srcIndex < srcSelectDimSize` failed.
../aten/src/ATen/native/cuda/Indexing.cu:1292: indexSelectLargeIndex: block: [41,0,0], thread: [50,0,0] Assertion `srcIndex < srcSelectDimSize` failed.
../aten/src/ATen/native/cuda/Indexing.cu:1292: indexSelectLargeIndex: block: [41,0,0], thread: [51,0,0] Assertion `srcIndex < srcSelectDimSize` failed.
../aten/src/ATen/native/cuda/Indexing.cu:1292: indexSelectLargeIndex: block: [41,0,0], thread: [52,0,0] Assertion `srcIndex < srcSelectDimSize` failed.
../aten/src/ATen/native/cuda/Indexing.cu:1292: indexSelectLargeIndex: block: [41,0,0], thread: [53,0,0] Assertion `srcIndex < srcSelectDimSize` failed.
../aten/src/ATen/native/cuda/Indexing.cu:1292: indexSelectLargeIndex: block: [41,0,0], thread: [54,0,0] Assertion `srcIndex < srcSelectDimSize` failed.
../aten/src/ATen/native/cuda/Indexing.cu:1292: indexSelectLargeIndex: block: [41,0,0], thread: [55,0,0] Assertion `srcIndex < srcSelectDimSize` failed.
../aten/src/ATen/native/cuda/Indexing.cu:1292: indexSelectLargeIndex: block: [41,0,0], thread: [56,0,0] Assertion `srcIndex < srcSelectDimSize` failed.
../aten/src/ATen/native/cuda/Indexing.cu:1292: indexSelectLargeIndex: block: [41,0,0], thread: [57,0,0] Assertion `srcIndex < srcSelectDimSize` failed.
../aten/src/ATen/native/cuda/Indexing.cu:1292: indexSelectLargeIndex: block: [41,0,0], thread: [58,0,0] Assertion `srcIndex < srcSelectDimSize` failed.
../aten/src/ATen/native/cuda/Indexing.cu:1292: indexSelectLargeIndex: block: [41,0,0], thread: [59,0,0] Assertion `srcIndex < srcSelectDimSize` failed.
../aten/src/ATen/native/cuda/Indexing.cu:1292: indexSelectLargeIndex: block: [41,0,0], thread: [60,0,0] Assertion `srcIndex < srcSelectDimSize` failed.
../aten/src/ATen/native/cuda/Indexing.cu:1292: indexSelectLargeIndex: block: [41,0,0], thread: [61,0,0] Assertion `srcIndex < srcSelectDimSize` failed.
../aten/src/ATen/native/cuda/Indexing.cu:1292: indexSelectLargeIndex: block: [41,0,0], thread: [62,0,0] Assertion `srcIndex < srcSelectDimSize` failed.
../aten/src/ATen/native/cuda/Indexing.cu:1292: indexSelectLargeIndex: block: [41,0,0], thread: [63,0,0] Assertion `srcIndex < srcSelectDimSize` failed.
../aten/src/ATen/native/cuda/Indexing.cu:1292: indexSelectLargeIndex: block: [74,0,0], thread: [96,0,0] Assertion `srcIndex < srcSelectDimSize` failed.
../aten/src/ATen/native/cuda/Indexing.cu:1292: indexSelectLargeIndex: block: [74,0,0], thread: [97,0,0] Assertion `srcIndex < srcSelectDimSize` failed.
../aten/src/ATen/native/cuda/Indexing.cu:1292: indexSelectLargeIndex: block: [74,0,0], thread: [98,0,0] Assertion `srcIndex < srcSelectDimSize` failed.
../aten/src/ATen/native/cuda/Indexing.cu:1292: indexSelectLargeIndex: block: [74,0,0], thread: [99,0,0] Assertion `srcIndex < srcSelectDimSize` failed.
../aten/src/ATen/native/cuda/Indexing.cu:1292: indexSelectLargeIndex: block: [74,0,0], thread: [100,0,0] Assertion `srcIndex < srcSelectDimSize` failed.
../aten/src/ATen/native/cuda/Indexing.cu:1292: indexSelectLargeIndex: block: [74,0,0], thread: [101,0,0] Assertion `srcIndex < srcSelectDimSize` failed.
../aten/src/ATen/native/cuda/Indexing.cu:1292: indexSelectLargeIndex: block: [74,0,0], thread: [102,0,0] Assertion `srcIndex < srcSelectDimSize` failed.
../aten/src/ATen/native/cuda/Indexing.cu:1292: indexSelectLargeIndex: block: [74,0,0], thread: [103,0,0] Assertion `srcIndex < srcSelectDimSize` failed.
../aten/src/ATen/native/cuda/Indexing.cu:1292: indexSelectLargeIndex: block: [74,0,0], thread: [104,0,0] Assertion `srcIndex < srcSelectDimSize` failed.
../aten/src/ATen/native/cuda/Indexing.cu:1292: indexSelectLargeIndex: block: [74,0,0], thread: [105,0,0] Assertion `srcIndex < srcSelectDimSize` failed.
../aten/src/ATen/native/cuda/Indexing.cu:1292: indexSelectLargeIndex: block: [74,0,0], thread: [106,0,0] Assertion `srcIndex < srcSelectDimSize` failed.
../aten/src/ATen/native/cuda/Indexing.cu:1292: indexSelectLargeIndex: block: [74,0,0], thread: [107,0,0] Assertion `srcIndex < srcSelectDimSize` failed.
../aten/src/ATen/native/cuda/Indexing.cu:1292: indexSelectLargeIndex: block: [74,0,0], thread: [108,0,0] Assertion `srcIndex < srcSelectDimSize` failed.
../aten/src/ATen/native/cuda/Indexing.cu:1292: indexSelectLargeIndex: block: [74,0,0], thread: [109,0,0] Assertion `srcIndex < srcSelectDimSize` failed.
../aten/src/ATen/native/cuda/Indexing.cu:1292: indexSelectLargeIndex: block: [74,0,0], thread: [110,0,0] Assertion `srcIndex < srcSelectDimSize` failed.
../aten/src/ATen/native/cuda/Indexing.cu:1292: indexSelectLargeIndex: block: [74,0,0], thread: [111,0,0] Assertion `srcIndex < srcSelectDimSize` failed.
../aten/src/ATen/native/cuda/Indexing.cu:1292: indexSelectLargeIndex: block: [74,0,0], thread: [112,0,0] Assertion `srcIndex < srcSelectDimSize` failed.
../aten/src/ATen/native/cuda/Indexing.cu:1292: indexSelectLargeIndex: block: [74,0,0], thread: [113,0,0] Assertion `srcIndex < srcSelectDimSize` failed.
../aten/src/ATen/native/cuda/Indexing.cu:1292: indexSelectLargeIndex: block: [74,0,0], thread: [114,0,0] Assertion `srcIndex < srcSelectDimSize` failed.
../aten/src/ATen/native/cuda/Indexing.cu:1292: indexSelectLargeIndex: block: [74,0,0], thread: [115,0,0] Assertion `srcIndex < srcSelectDimSize` failed.
../aten/src/ATen/native/cuda/Indexing.cu:1292: indexSelectLargeIndex: block: [74,0,0], thread: [116,0,0] Assertion `srcIndex < srcSelectDimSize` failed.
../aten/src/ATen/native/cuda/Indexing.cu:1292: indexSelectLargeIndex: block: [74,0,0], thread: [117,0,0] Assertion `srcIndex < srcSelectDimSize` failed.
../aten/src/ATen/native/cuda/Indexing.cu:1292: indexSelectLargeIndex: block: [74,0,0], thread: [118,0,0] Assertion `srcIndex < srcSelectDimSize` failed.
../aten/src/ATen/native/cuda/Indexing.cu:1292: indexSelectLargeIndex: block: [74,0,0], thread: [119,0,0] Assertion `srcIndex < srcSelectDimSize` failed.
../aten/src/ATen/native/cuda/Indexing.cu:1292: indexSelectLargeIndex: block: [74,0,0], thread: [120,0,0] Assertion `srcIndex < srcSelectDimSize` failed.
../aten/src/ATen/native/cuda/Indexing.cu:1292: indexSelectLargeIndex: block: [74,0,0], thread: [121,0,0] Assertion `srcIndex < srcSelectDimSize` failed.
../aten/src/ATen/native/cuda/Indexing.cu:1292: indexSelectLargeIndex: block: [74,0,0], thread: [122,0,0] Assertion `srcIndex < srcSelectDimSize` failed.
../aten/src/ATen/native/cuda/Indexing.cu:1292: indexSelectLargeIndex: block: [74,0,0], thread: [123,0,0] Assertion `srcIndex < srcSelectDimSize` failed.
../aten/src/ATen/native/cuda/Indexing.cu:1292: indexSelectLargeIndex: block: [74,0,0], thread: [124,0,0] Assertion `srcIndex < srcSelectDimSize` failed.
../aten/src/ATen/native/cuda/Indexing.cu:1292: indexSelectLargeIndex: block: [74,0,0], thread: [125,0,0] Assertion `srcIndex < srcSelectDimSize` failed.
../aten/src/ATen/native/cuda/Indexing.cu:1292: indexSelectLargeIndex: block: [74,0,0], thread: [126,0,0] Assertion `srcIndex < srcSelectDimSize` failed.
../aten/src/ATen/native/cuda/Indexing.cu:1292: indexSelectLargeIndex: block: [74,0,0], thread: [127,0,0] Assertion `srcIndex < srcSelectDimSize` failed.
../aten/src/ATen/native/cuda/Indexing.cu:1292: indexSelectLargeIndex: block: [74,0,0], thread: [32,0,0] Assertion `srcIndex < srcSelectDimSize` failed.
../aten/src/ATen/native/cuda/Indexing.cu:1292: indexSelectLargeIndex: block: [74,0,0], thread: [33,0,0] Assertion `srcIndex < srcSelectDimSize` failed.
../aten/src/ATen/native/cuda/Indexing.cu:1292: indexSelectLargeIndex: block: [74,0,0], thread: [34,0,0] Assertion `srcIndex < srcSelectDimSize` failed.
../aten/src/ATen/native/cuda/Indexing.cu:1292: indexSelectLargeIndex: block: [74,0,0], thread: [35,0,0] Assertion `srcIndex < srcSelectDimSize` failed.
../aten/src/ATen/native/cuda/Indexing.cu:1292: indexSelectLargeIndex: block: [74,0,0], thread: [36,0,0] Assertion `srcIndex < srcSelectDimSize` failed.
../aten/src/ATen/native/cuda/Indexing.cu:1292: indexSelectLargeIndex: block: [74,0,0], thread: [37,0,0] Assertion `srcIndex < srcSelectDimSize` failed.
../aten/src/ATen/native/cuda/Indexing.cu:1292: indexSelectLargeIndex: block: [74,0,0], thread: [38,0,0] Assertion `srcIndex < srcSelectDimSize` failed.
../aten/src/ATen/native/cuda/Indexing.cu:1292: indexSelectLargeIndex: block: [74,0,0], thread: [39,0,0] Assertion `srcIndex < srcSelectDimSize` failed.
../aten/src/ATen/native/cuda/Indexing.cu:1292: indexSelectLargeIndex: block: [74,0,0], thread: [40,0,0] Assertion `srcIndex < srcSelectDimSize` failed.
../aten/src/ATen/native/cuda/Indexing.cu:1292: indexSelectLargeIndex: block: [74,0,0], thread: [41,0,0] Assertion `srcIndex < srcSelectDimSize` failed.
../aten/src/ATen/native/cuda/Indexing.cu:1292: indexSelectLargeIndex: block: [74,0,0], thread: [42,0,0] Assertion `srcIndex < srcSelectDimSize` failed.
../aten/src/ATen/native/cuda/Indexing.cu:1292: indexSelectLargeIndex: block: [74,0,0], thread: [43,0,0] Assertion `srcIndex < srcSelectDimSize` failed.
../aten/src/ATen/native/cuda/Indexing.cu:1292: indexSelectLargeIndex: block: [74,0,0], thread: [44,0,0] Assertion `srcIndex < srcSelectDimSize` failed.
../aten/src/ATen/native/cuda/Indexing.cu:1292: indexSelectLargeIndex: block: [74,0,0], thread: [45,0,0] Assertion `srcIndex < srcSelectDimSize` failed.
../aten/src/ATen/native/cuda/Indexing.cu:1292: indexSelectLargeIndex: block: [74,0,0], thread: [46,0,0] Assertion `srcIndex < srcSelectDimSize` failed.
../aten/src/ATen/native/cuda/Indexing.cu:1292: indexSelectLargeIndex: block: [74,0,0], thread: [47,0,0] Assertion `srcIndex < srcSelectDimSize` failed.
../aten/src/ATen/native/cuda/Indexing.cu:1292: indexSelectLargeIndex: block: [74,0,0], thread: [48,0,0] Assertion `srcIndex < srcSelectDimSize` failed.
../aten/src/ATen/native/cuda/Indexing.cu:1292: indexSelectLargeIndex: block: [74,0,0], thread: [49,0,0] Assertion `srcIndex < srcSelectDimSize` failed.
../aten/src/ATen/native/cuda/Indexing.cu:1292: indexSelectLargeIndex: block: [74,0,0], thread: [50,0,0] Assertion `srcIndex < srcSelectDimSize` failed.
../aten/src/ATen/native/cuda/Indexing.cu:1292: indexSelectLargeIndex: block: [74,0,0], thread: [51,0,0] Assertion `srcIndex < srcSelectDimSize` failed.
../aten/src/ATen/native/cuda/Indexing.cu:1292: indexSelectLargeIndex: block: [74,0,0], thread: [52,0,0] Assertion `srcIndex < srcSelectDimSize` failed.
../aten/src/ATen/native/cuda/Indexing.cu:1292: indexSelectLargeIndex: block: [74,0,0], thread: [53,0,0] Assertion `srcIndex < srcSelectDimSize` failed.
../aten/src/ATen/native/cuda/Indexing.cu:1292: indexSelectLargeIndex: block: [74,0,0], thread: [54,0,0] Assertion `srcIndex < srcSelectDimSize` failed.
../aten/src/ATen/native/cuda/Indexing.cu:1292: indexSelectLargeIndex: block: [74,0,0], thread: [55,0,0] Assertion `srcIndex < srcSelectDimSize` failed.
../aten/src/ATen/native/cuda/Indexing.cu:1292: indexSelectLargeIndex: block: [74,0,0], thread: [56,0,0] Assertion `srcIndex < srcSelectDimSize` failed.
../aten/src/ATen/native/cuda/Indexing.cu:1292: indexSelectLargeIndex: block: [74,0,0], thread: [57,0,0] Assertion `srcIndex < srcSelectDimSize` failed.
../aten/src/ATen/native/cuda/Indexing.cu:1292: indexSelectLargeIndex: block: [74,0,0], thread: [58,0,0] Assertion `srcIndex < srcSelectDimSize` failed.
../aten/src/ATen/native/cuda/Indexing.cu:1292: indexSelectLargeIndex: block: [74,0,0], thread: [59,0,0] Assertion `srcIndex < srcSelectDimSize` failed.
../aten/src/ATen/native/cuda/Indexing.cu:1292: indexSelectLargeIndex: block: [74,0,0], thread: [60,0,0] Assertion `srcIndex < srcSelectDimSize` failed.
../aten/src/ATen/native/cuda/Indexing.cu:1292: indexSelectLargeIndex: block: [74,0,0], thread: [61,0,0] Assertion `srcIndex < srcSelectDimSize` failed.
../aten/src/ATen/native/cuda/Indexing.cu:1292: indexSelectLargeIndex: block: [74,0,0], thread: [62,0,0] Assertion `srcIndex < srcSelectDimSize` failed.
../aten/src/ATen/native/cuda/Indexing.cu:1292: indexSelectLargeIndex: block: [74,0,0], thread: [63,0,0] Assertion `srcIndex < srcSelectDimSize` failed.
../aten/src/ATen/native/cuda/Indexing.cu:1292: indexSelectLargeIndex: block: [74,0,0], thread: [0,0,0] Assertion `srcIndex < srcSelectDimSize` failed.
../aten/src/ATen/native/cuda/Indexing.cu:1292: indexSelectLargeIndex: block: [74,0,0], thread: [1,0,0] Assertion `srcIndex < srcSelectDimSize` failed.
../aten/src/ATen/native/cuda/Indexing.cu:1292: indexSelectLargeIndex: block: [74,0,0], thread: [2,0,0] Assertion `srcIndex < srcSelectDimSize` failed.
../aten/src/ATen/native/cuda/Indexing.cu:1292: indexSelectLargeIndex: block: [74,0,0], thread: [3,0,0] Assertion `srcIndex < srcSelectDimSize` failed.
../aten/src/ATen/native/cuda/Indexing.cu:1292: indexSelectLargeIndex: block: [74,0,0], thread: [4,0,0] Assertion `srcIndex < srcSelectDimSize` failed.
../aten/src/ATen/native/cuda/Indexing.cu:1292: indexSelectLargeIndex: block: [74,0,0], thread: [5,0,0] Assertion `srcIndex < srcSelectDimSize` failed.
../aten/src/ATen/native/cuda/Indexing.cu:1292: indexSelectLargeIndex: block: [74,0,0], thread: [6,0,0] Assertion `srcIndex < srcSelectDimSize` failed.
../aten/src/ATen/native/cuda/Indexing.cu:1292: indexSelectLargeIndex: block: [74,0,0], thread: [7,0,0] Assertion `srcIndex < srcSelectDimSize` failed.
../aten/src/ATen/native/cuda/Indexing.cu:1292: indexSelectLargeIndex: block: [74,0,0], thread: [8,0,0] Assertion `srcIndex < srcSelectDimSize` failed.
../aten/src/ATen/native/cuda/Indexing.cu:1292: indexSelectLargeIndex: block: [74,0,0], thread: [9,0,0] Assertion `srcIndex < srcSelectDimSize` failed.
../aten/src/ATen/native/cuda/Indexing.cu:1292: indexSelectLargeIndex: block: [74,0,0], thread: [10,0,0] Assertion `srcIndex < srcSelectDimSize` failed.
../aten/src/ATen/native/cuda/Indexing.cu:1292: indexSelectLargeIndex: block: [74,0,0], thread: [11,0,0] Assertion `srcIndex < srcSelectDimSize` failed.
../aten/src/ATen/native/cuda/Indexing.cu:1292: indexSelectLargeIndex: block: [74,0,0], thread: [12,0,0] Assertion `srcIndex < srcSelectDimSize` failed.
../aten/src/ATen/native/cuda/Indexing.cu:1292: indexSelectLargeIndex: block: [74,0,0], thread: [13,0,0] Assertion `srcIndex < srcSelectDimSize` failed.
../aten/src/ATen/native/cuda/Indexing.cu:1292: indexSelectLargeIndex: block: [74,0,0], thread: [14,0,0] Assertion `srcIndex < srcSelectDimSize` failed.
../aten/src/ATen/native/cuda/Indexing.cu:1292: indexSelectLargeIndex: block: [74,0,0], thread: [15,0,0] Assertion `srcIndex < srcSelectDimSize` failed.
../aten/src/ATen/native/cuda/Indexing.cu:1292: indexSelectLargeIndex: block: [74,0,0], thread: [16,0,0] Assertion `srcIndex < srcSelectDimSize` failed.
../aten/src/ATen/native/cuda/Indexing.cu:1292: indexSelectLargeIndex: block: [74,0,0], thread: [17,0,0] Assertion `srcIndex < srcSelectDimSize` failed.
../aten/src/ATen/native/cuda/Indexing.cu:1292: indexSelectLargeIndex: block: [74,0,0], thread: [18,0,0] Assertion `srcIndex < srcSelectDimSize` failed.
../aten/src/ATen/native/cuda/Indexing.cu:1292: indexSelectLargeIndex: block: [74,0,0], thread: [19,0,0] Assertion `srcIndex < srcSelectDimSize` failed.
../aten/src/ATen/native/cuda/Indexing.cu:1292: indexSelectLargeIndex: block: [74,0,0], thread: [20,0,0] Assertion `srcIndex < srcSelectDimSize` failed.
../aten/src/ATen/native/cuda/Indexing.cu:1292: indexSelectLargeIndex: block: [74,0,0], thread: [21,0,0] Assertion `srcIndex < srcSelectDimSize` failed.
../aten/src/ATen/native/cuda/Indexing.cu:1292: indexSelectLargeIndex: block: [74,0,0], thread: [22,0,0] Assertion `srcIndex < srcSelectDimSize` failed.
../aten/src/ATen/native/cuda/Indexing.cu:1292: indexSelectLargeIndex: block: [74,0,0], thread: [23,0,0] Assertion `srcIndex < srcSelectDimSize` failed.
../aten/src/ATen/native/cuda/Indexing.cu:1292: indexSelectLargeIndex: block: [74,0,0], thread: [24,0,0] Assertion `srcIndex < srcSelectDimSize` failed.
../aten/src/ATen/native/cuda/Indexing.cu:1292: indexSelectLargeIndex: block: [74,0,0], thread: [25,0,0] Assertion `srcIndex < srcSelectDimSize` failed.
../aten/src/ATen/native/cuda/Indexing.cu:1292: indexSelectLargeIndex: block: [74,0,0], thread: [26,0,0] Assertion `srcIndex < srcSelectDimSize` failed.
../aten/src/ATen/native/cuda/Indexing.cu:1292: indexSelectLargeIndex: block: [74,0,0], thread: [27,0,0] Assertion `srcIndex < srcSelectDimSize` failed.
../aten/src/ATen/native/cuda/Indexing.cu:1292: indexSelectLargeIndex: block: [74,0,0], thread: [28,0,0] Assertion `srcIndex < srcSelectDimSize` failed.
../aten/src/ATen/native/cuda/Indexing.cu:1292: indexSelectLargeIndex: block: [74,0,0], thread: [29,0,0] Assertion `srcIndex < srcSelectDimSize` failed.
../aten/src/ATen/native/cuda/Indexing.cu:1292: indexSelectLargeIndex: block: [74,0,0], thread: [30,0,0] Assertion `srcIndex < srcSelectDimSize` failed.
../aten/src/ATen/native/cuda/Indexing.cu:1292: indexSelectLargeIndex: block: [74,0,0], thread: [31,0,0] Assertion `srcIndex < srcSelectDimSize` failed.
Traceback (most recent call last):
  File "train.py", line 1223, in <module>
    main_once(arguments)
  File "train.py", line 1148, in main_once
    sc, timer = test_model(model_name, parameters, X, y, X_test, y_test, args, visual=True, save_model=True)
  File "train.py", line 882, in test_model
    loss_history, test_loss_history = curr_model.fit(X_train, y_train_class, X_test, y_test_class)  # X_test, y_test_class)
  File "/home/mburu/Master_Thesis/master-thesis-da/DNN_Trial/models/rtdl_models.py", line 409, in fit
    outputs = self.model(x_cont, x_cat)
  File "/home/mburu/anaconda3/envs/TabSurvey/lib/python3.8/site-packages/torch/nn/modules/module.py", line 1518, in _wrapped_call_impl
    return self._call_impl(*args, **kwargs)
  File "/home/mburu/anaconda3/envs/TabSurvey/lib/python3.8/site-packages/torch/nn/modules/module.py", line 1527, in _call_impl
    return forward_call(*args, **kwargs)
  File "/home/mburu/anaconda3/envs/TabSurvey/lib/python3.8/site-packages/rtdl_revisiting_models.py", line 868, in forward
    x_embeddings.append(module(argvalue))
  File "/home/mburu/anaconda3/envs/TabSurvey/lib/python3.8/site-packages/torch/nn/modules/module.py", line 1518, in _wrapped_call_impl
    return self._call_impl(*args, **kwargs)
  File "/home/mburu/anaconda3/envs/TabSurvey/lib/python3.8/site-packages/torch/nn/modules/module.py", line 1527, in _call_impl
    return forward_call(*args, **kwargs)
  File "/home/mburu/anaconda3/envs/TabSurvey/lib/python3.8/site-packages/rtdl_revisiting_models.py", line 284, in forward
    x = torch.stack(
RuntimeError: CUDA error: device-side assert triggered
CUDA kernel errors might be asynchronously reported at some other API call, so the stacktrace below might be incorrect.
For debugging consider passing CUDA_LAUNCH_BLOCKING=1.
Compile with `TORCH_USE_CUDA_DSA` to enable device-side assertions.

srun: error: stud-000: task 0: Exited with exit code 1
/home/mburu/Master_Thesis/master-thesis-da/DNN_Trial/models/rtdl_models.py:479: UserWarning: To copy construct from a tensor, it is recommended to use sourceTensor.clone().detach() or sourceTensor.clone().detach().requires_grad_(True), rather than torch.tensor(sourceTensor).
  X = torch.tensor(X, dtype=torch.float32).to(self.device)
Traceback (most recent call last):
  File "train.py", line 1223, in <module>
    main_once(arguments)
  File "train.py", line 1148, in main_once
    sc, timer = test_model(model_name, parameters, X, y, X_test, y_test, args, visual=True, save_model=True)
  File "train.py", line 882, in test_model
    loss_history, test_loss_history = curr_model.fit(X_train, y_train_class, X_test, y_test_class)  # X_test, y_test_class)
  File "/home/mburu/Master_Thesis/master-thesis-da/DNN_Trial/models/rtdl_models.py", line 421, in fit
    val_loss = self._evaluate(X_val, y_val, class_weights)
  File "/home/mburu/Master_Thesis/master-thesis-da/DNN_Trial/models/rtdl_models.py", line 484, in _evaluate
    outputs = self.model(x_cont, x_cat)
  File "/home/mburu/anaconda3/envs/TabSurvey/lib/python3.8/site-packages/torch/nn/modules/module.py", line 1518, in _wrapped_call_impl
    return self._call_impl(*args, **kwargs)
  File "/home/mburu/anaconda3/envs/TabSurvey/lib/python3.8/site-packages/torch/nn/modules/module.py", line 1527, in _call_impl
    return forward_call(*args, **kwargs)
  File "/home/mburu/anaconda3/envs/TabSurvey/lib/python3.8/site-packages/rtdl_revisiting_models.py", line 871, in forward
    x = self.backbone(x)
  File "/home/mburu/anaconda3/envs/TabSurvey/lib/python3.8/site-packages/torch/nn/modules/module.py", line 1518, in _wrapped_call_impl
    return self._call_impl(*args, **kwargs)
  File "/home/mburu/anaconda3/envs/TabSurvey/lib/python3.8/site-packages/torch/nn/modules/module.py", line 1527, in _call_impl
    return forward_call(*args, **kwargs)
  File "/home/mburu/anaconda3/envs/TabSurvey/lib/python3.8/site-packages/rtdl_revisiting_models.py", line 656, in forward
    x = block['attention'](x[:, :1] if i_block + 1 == n_blocks else x, x)
  File "/home/mburu/anaconda3/envs/TabSurvey/lib/python3.8/site-packages/torch/nn/modules/module.py", line 1518, in _wrapped_call_impl
    return self._call_impl(*args, **kwargs)
  File "/home/mburu/anaconda3/envs/TabSurvey/lib/python3.8/site-packages/torch/nn/modules/module.py", line 1527, in _call_impl
    return forward_call(*args, **kwargs)
  File "/home/mburu/anaconda3/envs/TabSurvey/lib/python3.8/site-packages/rtdl_revisiting_models.py", line 453, in forward
    attention_logits = q @ k.transpose(1, 2) / math.sqrt(d_head_key)
torch.cuda.OutOfMemoryError: CUDA out of memory. Tried to allocate 2.67 GiB. GPU 0 has a total capacty of 7.79 GiB of which 1.39 GiB is free. Including non-PyTorch memory, this process has 6.39 GiB memory in use. Of the allocated memory 6.22 GiB is allocated by PyTorch, and 41.37 MiB is reserved by PyTorch but unallocated. If reserved but unallocated memory is large try setting max_split_size_mb to avoid fragmentation.  See documentation for Memory Management and PYTORCH_CUDA_ALLOC_CONF
srun: error: stud-000: task 0: Exited with exit code 1
/home/mburu/Master_Thesis/master-thesis-da/DNN_Trial/models/rtdl_models.py:479: UserWarning: To copy construct from a tensor, it is recommended to use sourceTensor.clone().detach() or sourceTensor.clone().detach().requires_grad_(True), rather than torch.tensor(sourceTensor).
  X = torch.tensor(X, dtype=torch.float32).to(self.device)
Traceback (most recent call last):
  File "train.py", line 1223, in <module>
    main_once(arguments)
  File "train.py", line 1148, in main_once
    sc, timer = test_model(model_name, parameters, X, y, X_test, y_test, args, visual=True, save_model=True)
  File "train.py", line 882, in test_model
    loss_history, test_loss_history = curr_model.fit(X_train, y_train_class, X_test, y_test_class)  # X_test, y_test_class)
  File "/home/mburu/Master_Thesis/master-thesis-da/DNN_Trial/models/rtdl_models.py", line 421, in fit
    val_loss = self._evaluate(X_val, y_val, class_weights)
  File "/home/mburu/Master_Thesis/master-thesis-da/DNN_Trial/models/rtdl_models.py", line 484, in _evaluate
    outputs = self.model(x_cont, x_cat)
  File "/home/mburu/anaconda3/envs/TabSurvey/lib/python3.8/site-packages/torch/nn/modules/module.py", line 1518, in _wrapped_call_impl
    return self._call_impl(*args, **kwargs)
  File "/home/mburu/anaconda3/envs/TabSurvey/lib/python3.8/site-packages/torch/nn/modules/module.py", line 1527, in _call_impl
    return forward_call(*args, **kwargs)
  File "/home/mburu/anaconda3/envs/TabSurvey/lib/python3.8/site-packages/rtdl_revisiting_models.py", line 871, in forward
    x = self.backbone(x)
  File "/home/mburu/anaconda3/envs/TabSurvey/lib/python3.8/site-packages/torch/nn/modules/module.py", line 1518, in _wrapped_call_impl
    return self._call_impl(*args, **kwargs)
  File "/home/mburu/anaconda3/envs/TabSurvey/lib/python3.8/site-packages/torch/nn/modules/module.py", line 1527, in _call_impl
    return forward_call(*args, **kwargs)
  File "/home/mburu/anaconda3/envs/TabSurvey/lib/python3.8/site-packages/rtdl_revisiting_models.py", line 656, in forward
    x = block['attention'](x[:, :1] if i_block + 1 == n_blocks else x, x)
  File "/home/mburu/anaconda3/envs/TabSurvey/lib/python3.8/site-packages/torch/nn/modules/module.py", line 1518, in _wrapped_call_impl
    return self._call_impl(*args, **kwargs)
  File "/home/mburu/anaconda3/envs/TabSurvey/lib/python3.8/site-packages/torch/nn/modules/module.py", line 1527, in _call_impl
    return forward_call(*args, **kwargs)
  File "/home/mburu/anaconda3/envs/TabSurvey/lib/python3.8/site-packages/rtdl_revisiting_models.py", line 453, in forward
    attention_logits = q @ k.transpose(1, 2) / math.sqrt(d_head_key)
torch.cuda.OutOfMemoryError: CUDA out of memory. Tried to allocate 18.98 GiB. GPU 0 has a total capacty of 7.79 GiB of which 3.13 GiB is free. Including non-PyTorch memory, this process has 4.66 GiB memory in use. Of the allocated memory 4.19 GiB is allocated by PyTorch, and 345.84 MiB is reserved by PyTorch but unallocated. If reserved but unallocated memory is large try setting max_split_size_mb to avoid fragmentation.  See documentation for Memory Management and PYTORCH_CUDA_ALLOC_CONF
srun: error: stud-000: task 0: Exited with exit code 1
/home/mburu/Master_Thesis/master-thesis-da/DNN_Trial/models/rtdl_models.py:479: UserWarning: To copy construct from a tensor, it is recommended to use sourceTensor.clone().detach() or sourceTensor.clone().detach().requires_grad_(True), rather than torch.tensor(sourceTensor).
  X = torch.tensor(X, dtype=torch.float32).to(self.device)
/home/mburu/Master_Thesis/master-thesis-da/DNN_Trial/models/rtdl_models.py:479: UserWarning: To copy construct from a tensor, it is recommended to use sourceTensor.clone().detach() or sourceTensor.clone().detach().requires_grad_(True), rather than torch.tensor(sourceTensor).
  X = torch.tensor(X, dtype=torch.float32).to(self.device)
Traceback (most recent call last):
  File "train.py", line 1223, in <module>
    main_once(arguments)
  File "train.py", line 1148, in main_once
    sc, timer = test_model(model_name, parameters, X, y, X_test, y_test, args, visual=True, save_model=True)
  File "train.py", line 882, in test_model
    loss_history, test_loss_history = curr_model.fit(X_train, y_train_class, X_test, y_test_class)  # X_test, y_test_class)
  File "/home/mburu/Master_Thesis/master-thesis-da/DNN_Trial/models/rtdl_models.py", line 421, in fit
    val_loss = self._evaluate(X_val, y_val, class_weights)
  File "/home/mburu/Master_Thesis/master-thesis-da/DNN_Trial/models/rtdl_models.py", line 484, in _evaluate
    outputs = self.model(x_cont, x_cat)
  File "/home/mburu/anaconda3/envs/TabSurvey/lib/python3.8/site-packages/torch/nn/modules/module.py", line 1518, in _wrapped_call_impl
    return self._call_impl(*args, **kwargs)
  File "/home/mburu/anaconda3/envs/TabSurvey/lib/python3.8/site-packages/torch/nn/modules/module.py", line 1527, in _call_impl
    return forward_call(*args, **kwargs)
  File "/home/mburu/anaconda3/envs/TabSurvey/lib/python3.8/site-packages/rtdl_revisiting_models.py", line 871, in forward
    x = self.backbone(x)
  File "/home/mburu/anaconda3/envs/TabSurvey/lib/python3.8/site-packages/torch/nn/modules/module.py", line 1518, in _wrapped_call_impl
    return self._call_impl(*args, **kwargs)
  File "/home/mburu/anaconda3/envs/TabSurvey/lib/python3.8/site-packages/torch/nn/modules/module.py", line 1527, in _call_impl
    return forward_call(*args, **kwargs)
  File "/home/mburu/anaconda3/envs/TabSurvey/lib/python3.8/site-packages/rtdl_revisiting_models.py", line 656, in forward
    x = block['attention'](x[:, :1] if i_block + 1 == n_blocks else x, x)
  File "/home/mburu/anaconda3/envs/TabSurvey/lib/python3.8/site-packages/torch/nn/modules/module.py", line 1518, in _wrapped_call_impl
    return self._call_impl(*args, **kwargs)
  File "/home/mburu/anaconda3/envs/TabSurvey/lib/python3.8/site-packages/torch/nn/modules/module.py", line 1527, in _call_impl
    return forward_call(*args, **kwargs)
  File "/home/mburu/anaconda3/envs/TabSurvey/lib/python3.8/site-packages/rtdl_revisiting_models.py", line 453, in forward
    attention_logits = q @ k.transpose(1, 2) / math.sqrt(d_head_key)
torch.cuda.OutOfMemoryError: CUDA out of memory. Tried to allocate 3.95 GiB. GPU 0 has a total capacty of 7.79 GiB of which 1.90 GiB is free. Including non-PyTorch memory, this process has 5.88 GiB memory in use. Of the allocated memory 4.95 GiB is allocated by PyTorch, and 819.89 MiB is reserved by PyTorch but unallocated. If reserved but unallocated memory is large try setting max_split_size_mb to avoid fragmentation.  See documentation for Memory Management and PYTORCH_CUDA_ALLOC_CONF
srun: error: stud-000: task 0: Exited with exit code 1
/home/mburu/Master_Thesis/master-thesis-da/DNN_Trial/models/rtdl_models.py:479: UserWarning: To copy construct from a tensor, it is recommended to use sourceTensor.clone().detach() or sourceTensor.clone().detach().requires_grad_(True), rather than torch.tensor(sourceTensor).
  X = torch.tensor(X, dtype=torch.float32).to(self.device)
/home/mburu/Master_Thesis/master-thesis-da/DNN_Trial/models/rtdl_models.py:479: UserWarning: To copy construct from a tensor, it is recommended to use sourceTensor.clone().detach() or sourceTensor.clone().detach().requires_grad_(True), rather than torch.tensor(sourceTensor).
  X = torch.tensor(X, dtype=torch.float32).to(self.device)
/home/mburu/Master_Thesis/master-thesis-da/DNN_Trial/models/rtdl_models.py:479: UserWarning: To copy construct from a tensor, it is recommended to use sourceTensor.clone().detach() or sourceTensor.clone().detach().requires_grad_(True), rather than torch.tensor(sourceTensor).
  X = torch.tensor(X, dtype=torch.float32).to(self.device)
/home/mburu/Master_Thesis/master-thesis-da/DNN_Trial/models/rtdl_models.py:479: UserWarning: To copy construct from a tensor, it is recommended to use sourceTensor.clone().detach() or sourceTensor.clone().detach().requires_grad_(True), rather than torch.tensor(sourceTensor).
  X = torch.tensor(X, dtype=torch.float32).to(self.device)
/home/mburu/Master_Thesis/master-thesis-da/DNN_Trial/models/rtdl_models.py:479: UserWarning: To copy construct from a tensor, it is recommended to use sourceTensor.clone().detach() or sourceTensor.clone().detach().requires_grad_(True), rather than torch.tensor(sourceTensor).
  X = torch.tensor(X, dtype=torch.float32).to(self.device)
/home/mburu/Master_Thesis/master-thesis-da/DNN_Trial/models/rtdl_models.py:479: UserWarning: To copy construct from a tensor, it is recommended to use sourceTensor.clone().detach() or sourceTensor.clone().detach().requires_grad_(True), rather than torch.tensor(sourceTensor).
  X = torch.tensor(X, dtype=torch.float32).to(self.device)
/home/mburu/Master_Thesis/master-thesis-da/DNN_Trial/models/rtdl_models.py:479: UserWarning: To copy construct from a tensor, it is recommended to use sourceTensor.clone().detach() or sourceTensor.clone().detach().requires_grad_(True), rather than torch.tensor(sourceTensor).
  X = torch.tensor(X, dtype=torch.float32).to(self.device)
/home/mburu/Master_Thesis/master-thesis-da/DNN_Trial/models/rtdl_models.py:479: UserWarning: To copy construct from a tensor, it is recommended to use sourceTensor.clone().detach() or sourceTensor.clone().detach().requires_grad_(True), rather than torch.tensor(sourceTensor).
  X = torch.tensor(X, dtype=torch.float32).to(self.device)
/home/mburu/Master_Thesis/master-thesis-da/DNN_Trial/models/rtdl_models.py:479: UserWarning: To copy construct from a tensor, it is recommended to use sourceTensor.clone().detach() or sourceTensor.clone().detach().requires_grad_(True), rather than torch.tensor(sourceTensor).
  X = torch.tensor(X, dtype=torch.float32).to(self.device)
/home/mburu/.local/lib/python3.8/site-packages/sklearn/preprocessing/_discretization.py:322: UserWarning: Bins whose width are too small (i.e., <= 1e-8) in feature 0 are removed. Consider decreasing the number of bins.
  warnings.warn(
/home/mburu/Master_Thesis/master-thesis-da/DNN_Trial/models/rtdl_models.py:479: UserWarning: To copy construct from a tensor, it is recommended to use sourceTensor.clone().detach() or sourceTensor.clone().detach().requires_grad_(True), rather than torch.tensor(sourceTensor).
  X = torch.tensor(X, dtype=torch.float32).to(self.device)
/home/mburu/.local/lib/python3.8/site-packages/sklearn/preprocessing/_discretization.py:322: UserWarning: Bins whose width are too small (i.e., <= 1e-8) in feature 0 are removed. Consider decreasing the number of bins.
  warnings.warn(
/home/mburu/Master_Thesis/master-thesis-da/DNN_Trial/models/rtdl_models.py:479: UserWarning: To copy construct from a tensor, it is recommended to use sourceTensor.clone().detach() or sourceTensor.clone().detach().requires_grad_(True), rather than torch.tensor(sourceTensor).
  X = torch.tensor(X, dtype=torch.float32).to(self.device)
/home/mburu/.local/lib/python3.8/site-packages/sklearn/preprocessing/_discretization.py:322: UserWarning: Bins whose width are too small (i.e., <= 1e-8) in feature 0 are removed. Consider decreasing the number of bins.
  warnings.warn(
/home/mburu/Master_Thesis/master-thesis-da/DNN_Trial/models/rtdl_models.py:479: UserWarning: To copy construct from a tensor, it is recommended to use sourceTensor.clone().detach() or sourceTensor.clone().detach().requires_grad_(True), rather than torch.tensor(sourceTensor).
  X = torch.tensor(X, dtype=torch.float32).to(self.device)
